Java HotSpot(TM) 64-Bit Server VM (25.40-b25) for bsd-amd64 JRE (1.8.0_40-ea-b23), built on Jan 27 2015 19:34:52 by "java_re" with gcc 4.2.1 (Based on Apple Inc. build 5658) (LLVM build 2336.11.00)
Memory: 4k page, physical 16777216k(527644k free)

/proc/meminfo:

CommandLine flags: -XX:InitialHeapSize=15728640 -XX:MaxHeapSize=15728640 -XX:+PrintGC -XX:+PrintGCApplicationStoppedTime -XX:+PrintGCCause -XX:+PrintGCDateStamps -XX:+PrintGCDetails -XX:+PrintGCTimeStamps -XX:+PrintTenuringDistribution -XX:+UseCompressedClassPointers -XX:+UseCompressedOops -XX:+UseParallelGC 
2015-04-14T20:01:49.432-0100: 0.217: [GC (Allocation Failure) 
Desired survivor size 524288 bytes, new threshold 7 (max 15)
[PSYoungGen: 4096K->496K(4608K)] 4096K->1126K(15872K), 0.0036154 secs] [Times: user=0.01 sys=0.00, real=0.00 secs] 
2015-04-14T20:01:49.436-0100: 0.221: Total time for which application threads were stopped: 0.0038578 seconds, Stopping threads took: 0.0000151 seconds
2015-04-14T20:01:49.750-0100: 0.535: [GC (Allocation Failure) 
Desired survivor size 524288 bytes, new threshold 7 (max 15)
[PSYoungGen: 4592K->512K(4608K)] 5222K->1446K(15872K), 0.0014913 secs] [Times: user=0.00 sys=0.00, real=0.00 secs] 
2015-04-14T20:01:49.752-0100: 0.536: Total time for which application threads were stopped: 0.0016726 seconds, Stopping threads took: 0.0000147 seconds
2015-04-14T20:01:49.897-0100: 0.682: [GC (Allocation Failure) 
Desired survivor size 524288 bytes, new threshold 7 (max 15)
[PSYoungGen: 4608K->496K(4608K)] 5542K->2199K(15872K), 0.0011534 secs] [Times: user=0.00 sys=0.00, real=0.00 secs] 
2015-04-14T20:01:49.898-0100: 0.683: Total time for which application threads were stopped: 0.0013109 seconds, Stopping threads took: 0.0000123 seconds
2015-04-14T20:01:49.902-0100: 0.687: Total time for which application threads were stopped: 0.0001116 seconds, Stopping threads took: 0.0000126 seconds
2015-04-14T20:01:49.906-0100: 0.691: Total time for which application threads were stopped: 0.0001030 seconds, Stopping threads took: 0.0000110 seconds
2015-04-14T20:01:50.016-0100: 0.801: [GC (Allocation Failure) 
Desired survivor size 524288 bytes, new threshold 7 (max 15)
[PSYoungGen: 4592K->496K(4608K)] 6295K->3389K(15872K), 0.0020244 secs] [Times: user=0.01 sys=0.01, real=0.00 secs] 
2015-04-14T20:01:50.018-0100: 0.803: Total time for which application threads were stopped: 0.0022362 seconds, Stopping threads took: 0.0000147 seconds
2015-04-14T20:01:50.026-0100: 0.811: Total time for which application threads were stopped: 0.0001375 seconds, Stopping threads took: 0.0000127 seconds
2015-04-14T20:01:50.043-0100: 0.828: Total time for which application threads were stopped: 0.0001459 seconds, Stopping threads took: 0.0000119 seconds
2015-04-14T20:01:50.239-0100: 1.023: Total time for which application threads were stopped: 0.0003431 seconds, Stopping threads took: 0.0001050 seconds
2015-04-14T20:01:50.271-0100: 1.055: [GC (Allocation Failure) 
Desired survivor size 1572864 bytes, new threshold 6 (max 15)
[PSYoungGen: 4585K->512K(4608K)] 7478K->4333K(15872K), 0.0023057 secs] [Times: user=0.01 sys=0.00, real=0.00 secs] 
2015-04-14T20:01:50.273-0100: 1.058: Total time for which application threads were stopped: 0.0025100 seconds, Stopping threads took: 0.0000185 seconds
2015-04-14T20:01:50.404-0100: 1.189: Total time for which application threads were stopped: 0.0002697 seconds, Stopping threads took: 0.0000203 seconds
2015-04-14T20:01:50.427-0100: 1.212: [GC (Allocation Failure) 
Desired survivor size 1572864 bytes, new threshold 5 (max 15)
[PSYoungGen: 4608K->512K(2560K)] 8429K->4612K(13824K), 0.0114718 secs] [Times: user=0.01 sys=0.00, real=0.01 secs] 
2015-04-14T20:01:50.439-0100: 1.224: Total time for which application threads were stopped: 0.0116766 seconds, Stopping threads took: 0.0000188 seconds
2015-04-14T20:01:50.502-0100: 1.287: [GC (Allocation Failure) 
Desired survivor size 1572864 bytes, new threshold 4 (max 15)
[PSYoungGen: 2560K->596K(3584K)] 6660K->5001K(14848K), 0.0117615 secs] [Times: user=0.02 sys=0.00, real=0.01 secs] 
2015-04-14T20:01:50.514-0100: 1.299: Total time for which application threads were stopped: 0.0119842 seconds, Stopping threads took: 0.0000180 seconds
2015-04-14T20:01:50.656-0100: 1.441: [GC (Allocation Failure) 
Desired survivor size 1572864 bytes, new threshold 3 (max 15)
[PSYoungGen: 2644K->628K(3584K)] 7049K->5137K(14848K), 0.0013800 secs] [Times: user=0.01 sys=0.00, real=0.00 secs] 
2015-04-14T20:01:50.657-0100: 1.442: Total time for which application threads were stopped: 0.0015686 seconds, Stopping threads took: 0.0000162 seconds
2015-04-14T20:01:50.903-0100: 1.688: Total time for which application threads were stopped: 0.0001938 seconds, Stopping threads took: 0.0000135 seconds
2015-04-14T20:01:50.915-0100: 1.700: [GC (Allocation Failure) 
Desired survivor size 1572864 bytes, new threshold 2 (max 15)
[PSYoungGen: 2676K->1140K(3584K)] 7185K->5817K(14848K), 0.0015053 secs] [Times: user=0.01 sys=0.00, real=0.00 secs] 
2015-04-14T20:01:50.916-0100: 1.701: Total time for which application threads were stopped: 0.0016561 seconds, Stopping threads took: 0.0000146 seconds
2015-04-14T20:01:50.932-0100: 1.716: Total time for which application threads were stopped: 0.0001820 seconds, Stopping threads took: 0.0000126 seconds
2015-04-14T20:01:50.963-0100: 1.748: [GC (Allocation Failure) 
Desired survivor size 1572864 bytes, new threshold 1 (max 15)
[PSYoungGen: 3188K->928K(3584K)] 7865K->5921K(14848K), 0.0014722 secs] [Times: user=0.00 sys=0.00, real=0.00 secs] 
2015-04-14T20:01:50.965-0100: 1.750: Total time for which application threads were stopped: 0.0016648 seconds, Stopping threads took: 0.0000412 seconds
2015-04-14T20:01:50.985-0100: 1.770: [GC (Allocation Failure) 
Desired survivor size 1572864 bytes, new threshold 1 (max 15)
[PSYoungGen: 2976K->256K(3584K)] 7969K->6075K(14848K), 0.0010059 secs] [Times: user=0.01 sys=0.00, real=0.00 secs] 
2015-04-14T20:01:50.986-0100: 1.771: Total time for which application threads were stopped: 0.0011494 seconds, Stopping threads took: 0.0000132 seconds
2015-04-14T20:01:51.001-0100: 1.786: [GC (Allocation Failure) 
Desired survivor size 1572864 bytes, new threshold 1 (max 15)
[PSYoungGen: 2304K->320K(3584K)] 8123K->6323K(14848K), 0.0008337 secs] [Times: user=0.00 sys=0.00, real=0.00 secs] 
2015-04-14T20:01:51.002-0100: 1.787: Total time for which application threads were stopped: 0.0009945 seconds, Stopping threads took: 0.0000144 seconds
2015-04-14T20:01:51.018-0100: 1.803: [GC (Allocation Failure) 
Desired survivor size 1572864 bytes, new threshold 1 (max 15)
[PSYoungGen: 2368K->256K(3584K)] 8371K->6411K(14848K), 0.0007268 secs] [Times: user=0.01 sys=0.00, real=0.00 secs] 
2015-04-14T20:01:51.019-0100: 1.804: Total time for which application threads were stopped: 0.0009121 seconds, Stopping threads took: 0.0000178 seconds
2015-04-14T20:01:51.036-0100: 1.821: [GC (Allocation Failure) 
Desired survivor size 1572864 bytes, new threshold 1 (max 15)
[PSYoungGen: 2304K->288K(3584K)] 8459K->6595K(14848K), 0.0007029 secs] [Times: user=0.00 sys=0.00, real=0.00 secs] 
2015-04-14T20:01:51.037-0100: 1.822: Total time for which application threads were stopped: 0.0008827 seconds, Stopping threads took: 0.0000165 seconds
2015-04-14T20:01:51.057-0100: 1.842: [GC (Allocation Failure) 
Desired survivor size 1572864 bytes, new threshold 1 (max 15)
[PSYoungGen: 2336K->288K(3584K)] 8643K->6747K(14848K), 0.0007144 secs] [Times: user=0.01 sys=0.00, real=0.00 secs] 
2015-04-14T20:01:51.057-0100: 1.842: Total time for which application threads were stopped: 0.0008626 seconds, Stopping threads took: 0.0000145 seconds
2015-04-14T20:01:51.085-0100: 1.870: [GC (Allocation Failure) 
Desired survivor size 1572864 bytes, new threshold 1 (max 15)
[PSYoungGen: 2336K->288K(3584K)] 8795K->6867K(14848K), 0.0013106 secs] [Times: user=0.00 sys=0.00, real=0.00 secs] 
2015-04-14T20:01:51.087-0100: 1.872: Total time for which application threads were stopped: 0.0014764 seconds, Stopping threads took: 0.0000165 seconds
2015-04-14T20:01:51.096-0100: 1.881: [GC (Allocation Failure) 
Desired survivor size 1572864 bytes, new threshold 1 (max 15)
[PSYoungGen: 2336K->224K(3584K)] 8915K->7075K(14848K), 0.0007977 secs] [Times: user=0.00 sys=0.00, real=0.00 secs] 
2015-04-14T20:01:51.097-0100: 1.882: Total time for which application threads were stopped: 0.0009761 seconds, Stopping threads took: 0.0000235 seconds
2015-04-14T20:01:51.124-0100: 1.909: [GC (Allocation Failure) 
Desired survivor size 1572864 bytes, new threshold 1 (max 15)
[PSYoungGen: 2272K->288K(3584K)] 9123K->7187K(14848K), 0.0009138 secs] [Times: user=0.00 sys=0.00, real=0.00 secs] 
2015-04-14T20:01:51.125-0100: 1.910: Total time for which application threads were stopped: 0.0010630 seconds, Stopping threads took: 0.0000139 seconds
2015-04-14T20:01:51.127-0100: 1.912: Total time for which application threads were stopped: 0.0002121 seconds, Stopping threads took: 0.0000118 seconds
2015-04-14T20:01:51.177-0100: 1.962: [GC (Allocation Failure) 
Desired survivor size 1572864 bytes, new threshold 1 (max 15)
[PSYoungGen: 2336K->370K(3584K)] 9235K->7438K(14848K), 0.0009181 secs] [Times: user=0.00 sys=0.00, real=0.00 secs] 
2015-04-14T20:01:51.178-0100: 1.963: Total time for which application threads were stopped: 0.0010848 seconds, Stopping threads took: 0.0000146 seconds
2015-04-14T20:01:51.188-0100: 1.973: [GC (Allocation Failure) 
Desired survivor size 1572864 bytes, new threshold 1 (max 15)
[PSYoungGen: 2418K->192K(3584K)] 9486K->7493K(14848K), 0.0008527 secs] [Times: user=0.00 sys=0.00, real=0.00 secs] 
2015-04-14T20:01:51.189-0100: 1.974: Total time for which application threads were stopped: 0.0009999 seconds, Stopping threads took: 0.0000153 seconds
2015-04-14T20:01:51.260-0100: 2.045: [GC (Allocation Failure) 
Desired survivor size 1572864 bytes, new threshold 1 (max 15)
[PSYoungGen: 2240K->320K(3584K)] 9541K->7669K(14848K), 0.0009304 secs] [Times: user=0.00 sys=0.00, real=0.00 secs] 
2015-04-14T20:01:51.261-0100: 2.046: Total time for which application threads were stopped: 0.0011022 seconds, Stopping threads took: 0.0000359 seconds
2015-04-14T20:01:51.527-0100: 2.312: [GC (Allocation Failure) 
Desired survivor size 1572864 bytes, new threshold 1 (max 15)
[PSYoungGen: 2368K->224K(3584K)] 9717K->7701K(14848K), 0.0008934 secs] [Times: user=0.00 sys=0.00, real=0.00 secs] 
2015-04-14T20:01:51.528-0100: 2.313: Total time for which application threads were stopped: 0.0011172 seconds, Stopping threads took: 0.0000536 seconds
2015-04-14T20:01:51.580-0100: 2.365: [GC (Allocation Failure) 
Desired survivor size 1572864 bytes, new threshold 1 (max 15)
[PSYoungGen: 2269K->288K(3584K)] 9746K->7901K(14848K), 0.0012100 secs] [Times: user=0.00 sys=0.00, real=0.00 secs] 
2015-04-14T20:01:51.581-0100: 2.366: Total time for which application threads were stopped: 0.0014292 seconds, Stopping threads took: 0.0000197 seconds
2015-04-14T20:01:51.696-0100: 2.481: [GC (Allocation Failure) 
Desired survivor size 1572864 bytes, new threshold 1 (max 15)
[PSYoungGen: 2336K->416K(3584K)] 9949K->8205K(14848K), 0.0019915 secs] [Times: user=0.01 sys=0.00, real=0.00 secs] 
2015-04-14T20:01:51.698-0100: 2.483: Total time for which application threads were stopped: 0.0021648 seconds, Stopping threads took: 0.0000147 seconds
2015-04-14T20:01:51.968-0100: 2.753: [GC (Allocation Failure) 
Desired survivor size 1572864 bytes, new threshold 1 (max 15)
[PSYoungGen: 2464K->320K(3584K)] 12301K->10455K(14848K), 0.0017865 secs] [Times: user=0.01 sys=0.00, real=0.01 secs] 
2015-04-14T20:01:51.970-0100: 2.755: Total time for which application threads were stopped: 0.0019550 seconds, Stopping threads took: 0.0000136 seconds
2015-04-14T20:01:52.075-0100: 2.860: Total time for which application threads were stopped: 0.0005075 seconds, Stopping threads took: 0.0000191 seconds
2015-04-14T20:01:52.473-0100: 3.258: Total time for which application threads were stopped: 0.0002066 seconds, Stopping threads took: 0.0000189 seconds
2015-04-14T20:01:52.481-0100: 3.266: [GC (Allocation Failure) 
Desired survivor size 1572864 bytes, new threshold 1 (max 15)
[PSYoungGen: 2368K->256K(3584K)] 12503K->10487K(14848K), 0.0016862 secs] [Times: user=0.00 sys=0.00, real=0.00 secs] 
2015-04-14T20:01:52.483-0100: 3.268: Total time for which application threads were stopped: 0.0019412 seconds, Stopping threads took: 0.0000191 seconds
2015-04-14T20:01:53.215-0100: 4.000: [GC (Allocation Failure) 
Desired survivor size 1572864 bytes, new threshold 1 (max 15)
[PSYoungGen: 2304K->224K(3584K)] 12535K->10527K(14848K), 0.0012166 secs] [Times: user=0.01 sys=0.00, real=0.00 secs] 
2015-04-14T20:01:53.216-0100: 4.001: Total time for which application threads were stopped: 0.0014572 seconds, Stopping threads took: 0.0000155 seconds
2015-04-14T20:01:53.342-0100: 4.127: Total time for which application threads were stopped: 0.0002086 seconds, Stopping threads took: 0.0000273 seconds
2015-04-14T20:01:53.880-0100: 4.665: [GC (Allocation Failure) 
Desired survivor size 1572864 bytes, new threshold 1 (max 15)
[PSYoungGen: 2272K->160K(3584K)] 12575K->10495K(14848K), 0.0009935 secs] [Times: user=0.00 sys=0.00, real=0.00 secs] 
2015-04-14T20:01:53.881-0100: 4.666: Total time for which application threads were stopped: 0.0012189 seconds, Stopping threads took: 0.0000185 seconds
2015-04-14T20:01:54.365-0100: 5.150: [GC (Allocation Failure) 
Desired survivor size 1572864 bytes, new threshold 1 (max 15)
[PSYoungGen: 2208K->288K(3584K)] 12543K->10663K(14848K), 0.0008000 secs] [Times: user=0.00 sys=0.00, real=0.00 secs] 
2015-04-14T20:01:54.366-0100: 5.151: Total time for which application threads were stopped: 0.0009785 seconds, Stopping threads took: 0.0000163 seconds
2015-04-14T20:01:54.987-0100: 5.772: [GC (Allocation Failure) 
Desired survivor size 1572864 bytes, new threshold 1 (max 15)
[PSYoungGen: 2336K->288K(3584K)] 12711K->10719K(14848K), 0.0008258 secs] [Times: user=0.00 sys=0.00, real=0.00 secs] 
2015-04-14T20:01:54.987-0100: 5.772: Total time for which application threads were stopped: 0.0009808 seconds, Stopping threads took: 0.0000140 seconds
2015-04-14T20:01:55.433-0100: 6.218: [GC (Allocation Failure) 
Desired survivor size 1048576 bytes, new threshold 1 (max 15)
[PSYoungGen: 2336K->224K(2560K)] 12767K->10743K(13824K), 0.0008865 secs] [Times: user=0.00 sys=0.00, real=0.00 secs] 
2015-04-14T20:01:55.434-0100: 6.218: Total time for which application threads were stopped: 0.0010395 seconds, Stopping threads took: 0.0000179 seconds
2015-04-14T20:01:56.259-0100: 7.044: [GC (Allocation Failure) 
Desired survivor size 1048576 bytes, new threshold 1 (max 15)
[PSYoungGen: 2272K->288K(3072K)] 12791K->10863K(14336K), 0.0007764 secs] [Times: user=0.00 sys=0.00, real=0.00 secs] 
2015-04-14T20:01:56.259-0100: 7.044: Total time for which application threads were stopped: 0.0009262 seconds, Stopping threads took: 0.0000160 seconds
2015-04-14T20:01:56.972-0100: 7.757: [GC (Allocation Failure) 
Desired survivor size 1048576 bytes, new threshold 1 (max 15)
[PSYoungGen: 2336K->288K(3072K)] 12911K->10895K(14336K), 0.0010026 secs] [Times: user=0.00 sys=0.00, real=0.00 secs] 
2015-04-14T20:01:56.973-0100: 7.758: Total time for which application threads were stopped: 0.0012504 seconds, Stopping threads took: 0.0000202 seconds
2015-04-14T20:01:57.276-0100: 8.061: [GC (Allocation Failure) 
Desired survivor size 1048576 bytes, new threshold 1 (max 15)
[PSYoungGen: 2336K->288K(3072K)] 12943K->10959K(14336K), 0.0008318 secs] [Times: user=0.01 sys=0.00, real=0.00 secs] 
2015-04-14T20:01:57.276-0100: 8.061: Total time for which application threads were stopped: 0.0009811 seconds, Stopping threads took: 0.0000135 seconds
2015-04-14T20:01:57.958-0100: 8.744: [GC (Allocation Failure) 
Desired survivor size 1048576 bytes, new threshold 1 (max 15)
[PSYoungGen: 2336K->256K(3072K)] 13007K->10967K(14336K), 0.0008395 secs] [Times: user=0.00 sys=0.00, real=0.00 secs] 
2015-04-14T20:01:57.959-0100: 8.744: [Full GC (Ergonomics) [PSYoungGen: 256K->0K(3072K)] [ParOldGen: 10711K->8689K(11264K)] 10967K->8689K(14336K), [Metaspace: 17177K->17177K(1064960K)], 0.0520861 secs] [Times: user=0.28 sys=0.00, real=0.06 secs] 
2015-04-14T20:01:58.012-0100: 8.797: Total time for which application threads were stopped: 0.0532086 seconds, Stopping threads took: 0.0000173 seconds
2015-04-14T20:01:58.459-0100: 9.244: [GC (Allocation Failure) 
Desired survivor size 1048576 bytes, new threshold 2 (max 15)
[PSYoungGen: 2048K->256K(3072K)] 10737K->8945K(14336K), 0.0010140 secs] [Times: user=0.00 sys=0.00, real=0.01 secs] 
2015-04-14T20:01:58.460-0100: 9.245: Total time for which application threads were stopped: 0.0012484 seconds, Stopping threads took: 0.0000173 seconds
2015-04-14T20:01:59.259-0100: 10.044: [GC (Allocation Failure) 
Desired survivor size 1048576 bytes, new threshold 3 (max 15)
[PSYoungGen: 2303K->288K(3072K)] 10993K->8985K(14336K), 0.0008105 secs] [Times: user=0.00 sys=0.00, real=0.01 secs] 
2015-04-14T20:01:59.260-0100: 10.045: Total time for which application threads were stopped: 0.0009654 seconds, Stopping threads took: 0.0000160 seconds
2015-04-14T20:01:59.883-0100: 10.668: [GC (Allocation Failure) 
Desired survivor size 1048576 bytes, new threshold 4 (max 15)
[PSYoungGen: 2336K->288K(3072K)] 11033K->8985K(14336K), 0.0011360 secs] [Times: user=0.00 sys=0.01, real=0.00 secs] 
2015-04-14T20:01:59.884-0100: 10.670: Total time for which application threads were stopped: 0.0013364 seconds, Stopping threads took: 0.0000218 seconds
2015-04-14T20:02:00.016-0100: 10.801: Total time for which application threads were stopped: 0.0000998 seconds, Stopping threads took: 0.0000158 seconds
2015-04-14T20:02:00.459-0100: 11.244: [GC (Allocation Failure) 
Desired survivor size 1048576 bytes, new threshold 5 (max 15)
[PSYoungGen: 2336K->256K(3072K)] 11033K->8961K(14336K), 0.0010399 secs] [Times: user=0.00 sys=0.00, real=0.01 secs] 
2015-04-14T20:02:00.460-0100: 11.245: Total time for which application threads were stopped: 0.0013805 seconds, Stopping threads took: 0.0001004 seconds
2015-04-14T20:02:01.203-0100: 11.988: [GC (Allocation Failure) 
Desired survivor size 1048576 bytes, new threshold 6 (max 15)
[PSYoungGen: 2304K->288K(3072K)] 11009K->8993K(14336K), 0.0007940 secs] [Times: user=0.00 sys=0.00, real=0.00 secs] 
2015-04-14T20:02:01.204-0100: 11.989: Total time for which application threads were stopped: 0.0009436 seconds, Stopping threads took: 0.0000174 seconds
2015-04-14T20:02:01.839-0100: 12.624: [GC (Allocation Failure) 
Desired survivor size 1048576 bytes, new threshold 7 (max 15)
[PSYoungGen: 2336K->288K(3072K)] 11041K->8993K(14336K), 0.0011138 secs] [Times: user=0.01 sys=0.00, real=0.01 secs] 
2015-04-14T20:02:01.840-0100: 12.625: Total time for which application threads were stopped: 0.0013291 seconds, Stopping threads took: 0.0000217 seconds
2015-04-14T20:02:02.473-0100: 13.258: [GC (Allocation Failure) 
Desired survivor size 1048576 bytes, new threshold 8 (max 15)
[PSYoungGen: 2336K->288K(3072K)] 11041K->9001K(14336K), 0.0008207 secs] [Times: user=0.01 sys=0.00, real=0.00 secs] 
2015-04-14T20:02:02.474-0100: 13.259: Total time for which application threads were stopped: 0.0009739 seconds, Stopping threads took: 0.0000145 seconds
2015-04-14T20:02:03.226-0100: 14.011: [GC (Allocation Failure) 
Desired survivor size 1048576 bytes, new threshold 9 (max 15)
[PSYoungGen: 2336K->288K(3072K)] 11049K->9009K(14336K), 0.0010664 secs] [Times: user=0.00 sys=0.00, real=0.00 secs] 
2015-04-14T20:02:03.227-0100: 14.012: Total time for which application threads were stopped: 0.0012928 seconds, Stopping threads took: 0.0000209 seconds
2015-04-14T20:02:03.945-0100: 14.730: [GC (Allocation Failure) 
Desired survivor size 1048576 bytes, new threshold 10 (max 15)
[PSYoungGen: 2336K->224K(3072K)] 11057K->8953K(14336K), 0.0009111 secs] [Times: user=0.00 sys=0.00, real=0.00 secs] 
2015-04-14T20:02:03.946-0100: 14.731: Total time for which application threads were stopped: 0.0011563 seconds, Stopping threads took: 0.0000168 seconds
2015-04-14T20:02:04.559-0100: 15.344: [GC (Allocation Failure) 
Desired survivor size 1048576 bytes, new threshold 11 (max 15)
[PSYoungGen: 2272K->288K(3072K)] 11001K->9017K(14336K), 0.0007743 secs] [Times: user=0.00 sys=0.00, real=0.00 secs] 
2015-04-14T20:02:04.559-0100: 15.345: Total time for which application threads were stopped: 0.0009267 seconds, Stopping threads took: 0.0000173 seconds
2015-04-14T20:02:05.270-0100: 16.055: [GC (Allocation Failure) 
Desired survivor size 524288 bytes, new threshold 12 (max 15)
[PSYoungGen: 2336K->288K(2560K)] 11065K->9017K(13824K), 0.0009948 secs] [Times: user=0.00 sys=0.00, real=0.00 secs] 
2015-04-14T20:02:05.271-0100: 16.056: Total time for which application threads were stopped: 0.0012123 seconds, Stopping threads took: 0.0000154 seconds
2015-04-14T20:02:06.260-0100: 17.046: [GC (Allocation Failure) 
Desired survivor size 524288 bytes, new threshold 13 (max 15)
[PSYoungGen: 2336K->288K(2560K)] 11065K->9025K(13824K), 0.0008061 secs] [Times: user=0.00 sys=0.00, real=0.00 secs] 
2015-04-14T20:02:06.261-0100: 17.046: Total time for which application threads were stopped: 0.0010045 seconds, Stopping threads took: 0.0000326 seconds
2015-04-14T20:02:06.904-0100: 17.689: [GC (Allocation Failure) 
Desired survivor size 524288 bytes, new threshold 14 (max 15)
[PSYoungGen: 2336K->288K(2560K)] 11073K->9025K(13824K), 0.0008027 secs] [Times: user=0.00 sys=0.00, real=0.00 secs] 
2015-04-14T20:02:06.905-0100: 17.690: Total time for which application threads were stopped: 0.0009543 seconds, Stopping threads took: 0.0000162 seconds
2015-04-14T20:02:07.141-0100: 17.926: [GC (Allocation Failure) 
Desired survivor size 524288 bytes, new threshold 15 (max 15)
[PSYoungGen: 2336K->256K(2560K)] 11073K->8993K(13824K), 0.0008189 secs] [Times: user=0.00 sys=0.00, real=0.00 secs] 
2015-04-14T20:02:07.142-0100: 17.927: Total time for which application threads were stopped: 0.0009804 seconds, Stopping threads took: 0.0000144 seconds
2015-04-14T20:02:07.639-0100: 18.425: [GC (Allocation Failure) 
Desired survivor size 524288 bytes, new threshold 15 (max 15)
[PSYoungGen: 2304K->256K(2560K)] 11041K->8993K(13824K), 0.0008614 secs] [Times: user=0.00 sys=0.00, real=0.01 secs] 
2015-04-14T20:02:07.640-0100: 18.425: Total time for which application threads were stopped: 0.0010364 seconds, Stopping threads took: 0.0000173 seconds
2015-04-14T20:02:08.282-0100: 19.067: [GC (Allocation Failure) 
Desired survivor size 524288 bytes, new threshold 15 (max 15)
[PSYoungGen: 2304K->288K(2560K)] 11041K->9089K(13824K), 0.0008578 secs] [Times: user=0.00 sys=0.00, real=0.00 secs] 
2015-04-14T20:02:08.283-0100: 19.068: Total time for which application threads were stopped: 0.0010075 seconds, Stopping threads took: 0.0000162 seconds
2015-04-14T20:02:09.160-0100: 19.945: [GC (Allocation Failure) 
Desired survivor size 524288 bytes, new threshold 15 (max 15)
[PSYoungGen: 2336K->288K(2560K)] 11137K->9105K(13824K), 0.0008519 secs] [Times: user=0.00 sys=0.00, real=0.00 secs] 
2015-04-14T20:02:09.161-0100: 19.946: Total time for which application threads were stopped: 0.0011055 seconds, Stopping threads took: 0.0000154 seconds
2015-04-14T20:02:09.759-0100: 20.545: [GC (Allocation Failure) 
Desired survivor size 524288 bytes, new threshold 15 (max 15)
[PSYoungGen: 2336K->288K(2560K)] 11153K->9137K(13824K), 0.0010303 secs] [Times: user=0.01 sys=0.00, real=0.01 secs] 
2015-04-14T20:02:09.761-0100: 20.546: Total time for which application threads were stopped: 0.0012343 seconds, Stopping threads took: 0.0000194 seconds
2015-04-14T20:02:10.362-0100: 21.147: [GC (Allocation Failure) 
Desired survivor size 524288 bytes, new threshold 15 (max 15)
[PSYoungGen: 2336K->256K(2560K)] 11185K->9153K(13824K), 0.0011176 secs] [Times: user=0.01 sys=0.01, real=0.00 secs] 
2015-04-14T20:02:10.363-0100: 21.148: Total time for which application threads were stopped: 0.0013491 seconds, Stopping threads took: 0.0000253 seconds
2015-04-14T20:02:11.201-0100: 21.987: [GC (Allocation Failure) 
Desired survivor size 524288 bytes, new threshold 15 (max 15)
[PSYoungGen: 2304K->288K(2560K)] 11201K->9193K(13824K), 0.0010715 secs] [Times: user=0.00 sys=0.00, real=0.00 secs] 
2015-04-14T20:02:11.202-0100: 21.988: Total time for which application threads were stopped: 0.0012665 seconds, Stopping threads took: 0.0000217 seconds
2015-04-14T20:02:11.767-0100: 22.552: [GC (Allocation Failure) 
Desired survivor size 524288 bytes, new threshold 15 (max 15)
[PSYoungGen: 2336K->288K(2560K)] 11241K->9249K(13824K), 0.0008869 secs] [Times: user=0.01 sys=0.00, real=0.00 secs] 
2015-04-14T20:02:11.768-0100: 22.553: Total time for which application threads were stopped: 0.0010686 seconds, Stopping threads took: 0.0000161 seconds
2015-04-14T20:02:12.503-0100: 23.288: [GC (Allocation Failure) 
Desired survivor size 524288 bytes, new threshold 15 (max 15)
[PSYoungGen: 2336K->288K(2560K)] 11297K->9257K(13824K), 0.0010389 secs] [Times: user=0.00 sys=0.00, real=0.00 secs] 
2015-04-14T20:02:12.504-0100: 23.290: Total time for which application threads were stopped: 0.0012152 seconds, Stopping threads took: 0.0000192 seconds
2015-04-14T20:02:13.266-0100: 24.051: [GC (Allocation Failure) 
Desired survivor size 524288 bytes, new threshold 15 (max 15)
[PSYoungGen: 2336K->288K(2560K)] 11305K->9281K(13824K), 0.0010285 secs] [Times: user=0.00 sys=0.00, real=0.00 secs] 
2015-04-14T20:02:13.267-0100: 24.052: Total time for which application threads were stopped: 0.0011947 seconds, Stopping threads took: 0.0000174 seconds
2015-04-14T20:02:13.976-0100: 24.761: [GC (Allocation Failure) 
Desired survivor size 524288 bytes, new threshold 15 (max 15)
[PSYoungGen: 2336K->256K(2560K)] 11329K->9273K(13824K), 0.0008398 secs] [Times: user=0.00 sys=0.00, real=0.00 secs] 
2015-04-14T20:02:13.977-0100: 24.762: Total time for which application threads were stopped: 0.0009874 seconds, Stopping threads took: 0.0000170 seconds
2015-04-14T20:02:14.645-0100: 25.430: [GC (Allocation Failure) 
Desired survivor size 524288 bytes, new threshold 15 (max 15)
[PSYoungGen: 2304K->288K(2560K)] 11321K->9353K(13824K), 0.0011471 secs] [Times: user=0.01 sys=0.00, real=0.00 secs] 
2015-04-14T20:02:14.646-0100: 25.432: Total time for which application threads were stopped: 0.0013465 seconds, Stopping threads took: 0.0000217 seconds
2015-04-14T20:02:15.294-0100: 26.079: [GC (Allocation Failure) 
Desired survivor size 524288 bytes, new threshold 15 (max 15)
[PSYoungGen: 2336K->288K(2560K)] 11401K->9369K(13824K), 0.0008481 secs] [Times: user=0.01 sys=0.00, real=0.00 secs] 
2015-04-14T20:02:15.295-0100: 26.080: Total time for which application threads were stopped: 0.0010098 seconds, Stopping threads took: 0.0000202 seconds
2015-04-14T20:02:16.067-0100: 26.852: [GC (Allocation Failure) 
Desired survivor size 524288 bytes, new threshold 15 (max 15)
[PSYoungGen: 2336K->288K(2560K)] 11417K->9401K(13824K), 0.0010006 secs] [Times: user=0.01 sys=0.00, real=0.00 secs] 
2015-04-14T20:02:16.068-0100: 26.853: Total time for which application threads were stopped: 0.0011944 seconds, Stopping threads took: 0.0000189 seconds
2015-04-14T20:02:16.785-0100: 27.570: [GC (Allocation Failure) 
Desired survivor size 524288 bytes, new threshold 15 (max 15)
[PSYoungGen: 2336K->288K(2560K)] 11449K->9433K(13824K), 0.0009501 secs] [Times: user=0.01 sys=0.00, real=0.00 secs] 
2015-04-14T20:02:16.786-0100: 27.571: Total time for which application threads were stopped: 0.0011422 seconds, Stopping threads took: 0.0000196 seconds
2015-04-14T20:02:17.323-0100: 28.109: [GC (Allocation Failure) 
Desired survivor size 524288 bytes, new threshold 15 (max 15)
[PSYoungGen: 2336K->256K(2560K)] 11481K->9465K(13824K), 0.0008531 secs] [Times: user=0.00 sys=0.00, real=0.00 secs] 
2015-04-14T20:02:17.324-0100: 28.109: Total time for which application threads were stopped: 0.0010235 seconds, Stopping threads took: 0.0000156 seconds
2015-04-14T20:02:18.171-0100: 28.956: [GC (Allocation Failure) 
Desired survivor size 524288 bytes, new threshold 15 (max 15)
[PSYoungGen: 2304K->192K(2560K)] 11513K->9425K(13824K), 0.0010418 secs] [Times: user=0.01 sys=0.00, real=0.00 secs] 
2015-04-14T20:02:18.172-0100: 28.958: Total time for which application threads were stopped: 0.0012099 seconds, Stopping threads took: 0.0000175 seconds
2015-04-14T20:02:18.823-0100: 29.609: [GC (Allocation Failure) 
Desired survivor size 524288 bytes, new threshold 15 (max 15)
[PSYoungGen: 2240K->288K(2560K)] 11473K->9545K(13824K), 0.0008088 secs] [Times: user=0.01 sys=0.00, real=0.00 secs] 
2015-04-14T20:02:18.824-0100: 29.609: Total time for which application threads were stopped: 0.0009811 seconds, Stopping threads took: 0.0000166 seconds
2015-04-14T20:02:19.576-0100: 30.362: [GC (Allocation Failure) 
Desired survivor size 524288 bytes, new threshold 15 (max 15)
[PSYoungGen: 2336K->288K(2560K)] 11593K->9553K(13824K), 0.0010615 secs] [Times: user=0.00 sys=0.00, real=0.00 secs] 
2015-04-14T20:02:19.577-0100: 30.363: Total time for which application threads were stopped: 0.0012636 seconds, Stopping threads took: 0.0000203 seconds
2015-04-14T20:02:20.310-0100: 31.095: [GC (Allocation Failure) 
Desired survivor size 524288 bytes, new threshold 15 (max 15)
[PSYoungGen: 2336K->288K(2560K)] 11601K->9569K(13824K), 0.0011270 secs] [Times: user=0.01 sys=0.00, real=0.00 secs] 
2015-04-14T20:02:20.311-0100: 31.096: Total time for which application threads were stopped: 0.0013450 seconds, Stopping threads took: 0.0000207 seconds
2015-04-14T20:02:21.059-0100: 31.844: [GC (Allocation Failure) 
Desired survivor size 524288 bytes, new threshold 15 (max 15)
[PSYoungGen: 2336K->288K(2560K)] 11617K->9593K(13824K), 0.0007791 secs] [Times: user=0.00 sys=0.00, real=0.01 secs] 
2015-04-14T20:02:21.060-0100: 31.845: Total time for which application threads were stopped: 0.0009358 seconds, Stopping threads took: 0.0000305 seconds
2015-04-14T20:02:21.786-0100: 32.572: [GC (Allocation Failure) 
Desired survivor size 524288 bytes, new threshold 15 (max 15)
[PSYoungGen: 2336K->288K(2560K)] 11641K->9625K(13824K), 0.0008047 secs] [Times: user=0.00 sys=0.00, real=0.00 secs] 
2015-04-14T20:02:21.787-0100: 32.572: Total time for which application threads were stopped: 0.0009495 seconds, Stopping threads took: 0.0000149 seconds
2015-04-14T20:02:22.435-0100: 33.221: [GC (Allocation Failure) 
Desired survivor size 524288 bytes, new threshold 15 (max 15)
[PSYoungGen: 2336K->288K(2560K)] 11673K->9641K(13824K), 0.0010631 secs] [Times: user=0.00 sys=0.00, real=0.00 secs] 
2015-04-14T20:02:22.437-0100: 33.222: Total time for which application threads were stopped: 0.0012540 seconds, Stopping threads took: 0.0000206 seconds
2015-04-14T20:02:23.220-0100: 34.006: [GC (Allocation Failure) 
Desired survivor size 524288 bytes, new threshold 15 (max 15)
[PSYoungGen: 2336K->256K(2560K)] 11689K->9617K(13824K), 0.0009197 secs] [Times: user=0.00 sys=0.00, real=0.00 secs] 
2015-04-14T20:02:23.221-0100: 34.007: Total time for which application threads were stopped: 0.0010828 seconds, Stopping threads took: 0.0000259 seconds
2015-04-14T20:02:23.840-0100: 34.625: [GC (Allocation Failure) 
Desired survivor size 524288 bytes, new threshold 15 (max 15)
[PSYoungGen: 2304K->288K(2560K)] 11665K->9673K(13824K), 0.0009928 secs] [Times: user=0.01 sys=0.00, real=0.00 secs] 
2015-04-14T20:02:23.841-0100: 34.626: Total time for which application threads were stopped: 0.0011642 seconds, Stopping threads took: 0.0000178 seconds
2015-04-14T20:02:24.575-0100: 35.361: [GC (Allocation Failure) 
Desired survivor size 524288 bytes, new threshold 15 (max 15)
[PSYoungGen: 2336K->288K(2560K)] 11721K->9681K(13824K), 0.0008354 secs] [Times: user=0.00 sys=0.00, real=0.00 secs] 
2015-04-14T20:02:24.576-0100: 35.362: Total time for which application threads were stopped: 0.0009812 seconds, Stopping threads took: 0.0000170 seconds
2015-04-14T20:02:25.276-0100: 36.061: [GC (Allocation Failure) 
Desired survivor size 524288 bytes, new threshold 15 (max 15)
[PSYoungGen: 2336K->288K(2560K)] 11729K->9705K(13824K), 0.0011302 secs] [Times: user=0.01 sys=0.00, real=0.00 secs] 
2015-04-14T20:02:25.277-0100: 36.062: Total time for which application threads were stopped: 0.0013388 seconds, Stopping threads took: 0.0000217 seconds
2015-04-14T20:02:25.981-0100: 36.766: [GC (Allocation Failure) 
Desired survivor size 524288 bytes, new threshold 15 (max 15)
[PSYoungGen: 2336K->288K(2560K)] 11753K->9729K(13824K), 0.0009194 secs] [Times: user=0.00 sys=0.00, real=0.00 secs] 
2015-04-14T20:02:25.982-0100: 36.767: Total time for which application threads were stopped: 0.0011001 seconds, Stopping threads took: 0.0000195 seconds
2015-04-14T20:02:26.733-0100: 37.518: [GC (Allocation Failure) 
Desired survivor size 524288 bytes, new threshold 15 (max 15)
[PSYoungGen: 2336K->288K(2560K)] 11777K->9729K(13824K), 0.0009176 secs] [Times: user=0.00 sys=0.00, real=0.00 secs] 
2015-04-14T20:02:26.734-0100: 37.519: Total time for which application threads were stopped: 0.0010820 seconds, Stopping threads took: 0.0000181 seconds
2015-04-14T20:02:27.501-0100: 38.286: [GC (Allocation Failure) 
Desired survivor size 524288 bytes, new threshold 15 (max 15)
[PSYoungGen: 2336K->288K(2560K)] 11777K->9737K(13824K), 0.0009657 secs] [Times: user=0.00 sys=0.00, real=0.00 secs] 
2015-04-14T20:02:27.502-0100: 38.287: Total time for which application threads were stopped: 0.0011366 seconds, Stopping threads took: 0.0000183 seconds
2015-04-14T20:02:28.252-0100: 39.037: [GC (Allocation Failure) 
Desired survivor size 524288 bytes, new threshold 15 (max 15)
[PSYoungGen: 2336K->288K(2560K)] 11785K->9761K(13824K), 0.0008530 secs] [Times: user=0.00 sys=0.00, real=0.00 secs] 
2015-04-14T20:02:28.253-0100: 39.038: Total time for which application threads were stopped: 0.0010718 seconds, Stopping threads took: 0.0000737 seconds
2015-04-14T20:02:28.873-0100: 39.659: [GC (Allocation Failure) 
Desired survivor size 524288 bytes, new threshold 15 (max 15)
[PSYoungGen: 2336K->288K(2560K)] 11809K->9777K(13824K), 0.0009535 secs] [Times: user=0.00 sys=0.00, real=0.00 secs] 
2015-04-14T20:02:28.874-0100: 39.660: Total time for which application threads were stopped: 0.0011285 seconds, Stopping threads took: 0.0000185 seconds
2015-04-14T20:02:29.742-0100: 40.527: [GC (Allocation Failure) 
Desired survivor size 524288 bytes, new threshold 15 (max 15)
[PSYoungGen: 2336K->288K(2560K)] 11825K->9825K(13824K), 0.0009864 secs] [Times: user=0.00 sys=0.00, real=0.00 secs] 
2015-04-14T20:02:29.743-0100: 40.528: Total time for which application threads were stopped: 0.0011602 seconds, Stopping threads took: 0.0000183 seconds
2015-04-14T20:02:30.393-0100: 41.179: [GC (Allocation Failure) 
Desired survivor size 524288 bytes, new threshold 15 (max 15)
[PSYoungGen: 2336K->288K(2560K)] 11873K->9849K(13824K), 0.0007850 secs] [Times: user=0.01 sys=0.00, real=0.00 secs] 
2015-04-14T20:02:30.394-0100: 41.180: Total time for which application threads were stopped: 0.0009384 seconds, Stopping threads took: 0.0000164 seconds
2015-04-14T20:02:31.046-0100: 41.832: [GC (Allocation Failure) 
Desired survivor size 524288 bytes, new threshold 15 (max 15)
[PSYoungGen: 2336K->288K(2560K)] 11897K->9873K(13824K), 0.0008610 secs] [Times: user=0.00 sys=0.00, real=0.00 secs] 
2015-04-14T20:02:31.047-0100: 41.833: Total time for which application threads were stopped: 0.0010302 seconds, Stopping threads took: 0.0000249 seconds
2015-04-14T20:02:31.814-0100: 42.599: [GC (Allocation Failure) 
Desired survivor size 524288 bytes, new threshold 15 (max 15)
[PSYoungGen: 2336K->288K(2560K)] 11921K->9905K(13824K), 0.0009295 secs] [Times: user=0.01 sys=0.00, real=0.00 secs] 
2015-04-14T20:02:31.815-0100: 42.600: Total time for which application threads were stopped: 0.0011122 seconds, Stopping threads took: 0.0000181 seconds
2015-04-14T20:02:32.550-0100: 43.335: [GC (Allocation Failure) 
Desired survivor size 524288 bytes, new threshold 15 (max 15)
[PSYoungGen: 2336K->288K(2560K)] 11953K->9929K(13824K), 0.0008009 secs] [Times: user=0.00 sys=0.00, real=0.00 secs] 
2015-04-14T20:02:32.551-0100: 43.336: Total time for which application threads were stopped: 0.0009370 seconds, Stopping threads took: 0.0000155 seconds
2015-04-14T20:02:33.202-0100: 43.987: [GC (Allocation Failure) 
Desired survivor size 524288 bytes, new threshold 15 (max 15)
[PSYoungGen: 2336K->288K(2560K)] 11977K->9929K(13824K), 0.0010951 secs] [Times: user=0.01 sys=0.00, real=0.00 secs] 
2015-04-14T20:02:33.203-0100: 43.989: Total time for which application threads were stopped: 0.0012796 seconds, Stopping threads took: 0.0000213 seconds
2015-04-14T20:02:33.972-0100: 44.758: [GC (Allocation Failure) 
Desired survivor size 524288 bytes, new threshold 15 (max 15)
[PSYoungGen: 2336K->288K(2560K)] 11977K->9929K(13824K), 0.0009767 secs] [Times: user=0.01 sys=0.00, real=0.00 secs] 
2015-04-14T20:02:33.973-0100: 44.759: Total time for which application threads were stopped: 0.0011765 seconds, Stopping threads took: 0.0000197 seconds
2015-04-14T20:02:34.787-0100: 45.572: [GC (Allocation Failure) 
Desired survivor size 524288 bytes, new threshold 15 (max 15)
[PSYoungGen: 2336K->288K(2560K)] 11977K->9929K(13824K), 0.0009406 secs] [Times: user=0.00 sys=0.00, real=0.00 secs] 
2015-04-14T20:02:34.788-0100: 45.573: Total time for which application threads were stopped: 0.0011128 seconds, Stopping threads took: 0.0000187 seconds
2015-04-14T20:02:35.461-0100: 46.247: [GC (Allocation Failure) 
Desired survivor size 524288 bytes, new threshold 15 (max 15)
[PSYoungGen: 2336K->288K(2560K)] 11977K->9937K(13824K), 0.0009231 secs] [Times: user=0.00 sys=0.00, real=0.00 secs] 
2015-04-14T20:02:35.462-0100: 46.248: Total time for which application threads were stopped: 0.0010894 seconds, Stopping threads took: 0.0000175 seconds
2015-04-14T20:02:36.160-0100: 46.946: Total time for which application threads were stopped: 0.0000836 seconds, Stopping threads took: 0.0000167 seconds
2015-04-14T20:02:36.161-0100: 46.946: [GC (GCLocker Initiated GC) 
Desired survivor size 524288 bytes, new threshold 15 (max 15)
[PSYoungGen: 2336K->288K(2560K)] 11986K->9938K(13824K), 0.0007633 secs] [Times: user=0.00 sys=0.00, real=0.00 secs] 
2015-04-14T20:02:36.161-0100: 46.947: Total time for which application threads were stopped: 0.0008937 seconds, Stopping threads took: 0.0000257 seconds
2015-04-14T20:02:36.881-0100: 47.666: [GC (Allocation Failure) 
Desired survivor size 524288 bytes, new threshold 15 (max 15)
[PSYoungGen: 2336K->288K(2560K)] 11989K->9957K(13824K), 0.0008316 secs] [Times: user=0.00 sys=0.00, real=0.00 secs] 
2015-04-14T20:02:36.881-0100: 47.667: Total time for which application threads were stopped: 0.0009716 seconds, Stopping threads took: 0.0000176 seconds
2015-04-14T20:02:37.632-0100: 48.418: [GC (Allocation Failure) 
Desired survivor size 524288 bytes, new threshold 15 (max 15)
[PSYoungGen: 2336K->288K(2560K)] 12005K->9957K(13824K), 0.0009251 secs] [Times: user=0.00 sys=0.00, real=0.00 secs] 
2015-04-14T20:02:37.633-0100: 48.419: Total time for which application threads were stopped: 0.0010964 seconds, Stopping threads took: 0.0000201 seconds
2015-04-14T20:02:38.360-0100: 49.146: [GC (Allocation Failure) 
Desired survivor size 524288 bytes, new threshold 15 (max 15)
[PSYoungGen: 2336K->288K(2560K)] 12005K->9957K(13824K), 0.0009314 secs] [Times: user=0.00 sys=0.00, real=0.00 secs] 
2015-04-14T20:02:38.361-0100: 49.146: Total time for which application threads were stopped: 0.0011114 seconds, Stopping threads took: 0.0000187 seconds
2015-04-14T20:02:39.122-0100: 49.907: [GC (Allocation Failure) 
Desired survivor size 524288 bytes, new threshold 15 (max 15)
[PSYoungGen: 2336K->256K(2560K)] 12005K->9941K(13824K), 0.0009870 secs] [Times: user=0.01 sys=0.00, real=0.00 secs] 
2015-04-14T20:02:39.123-0100: 49.909: Total time for which application threads were stopped: 0.0011772 seconds, Stopping threads took: 0.0000199 seconds
2015-04-14T20:02:39.772-0100: 50.558: [GC (Allocation Failure) 
Desired survivor size 524288 bytes, new threshold 15 (max 15)
[PSYoungGen: 2304K->288K(2560K)] 11989K->9989K(13824K), 0.0009620 secs] [Times: user=0.00 sys=0.00, real=0.00 secs] 
2015-04-14T20:02:39.773-0100: 50.559: Total time for which application threads were stopped: 0.0011457 seconds, Stopping threads took: 0.0000180 seconds
2015-04-14T20:02:40.360-0100: 51.146: Total time for which application threads were stopped: 0.0000991 seconds, Stopping threads took: 0.0000178 seconds
2015-04-14T20:02:40.360-0100: 51.146: [GC (GCLocker Initiated GC) 
Desired survivor size 524288 bytes, new threshold 15 (max 15)
[PSYoungGen: 2336K->288K(2560K)] 12040K->9992K(13824K), 0.0009102 secs] [Times: user=0.00 sys=0.00, real=0.00 secs] 
2015-04-14T20:02:40.361-0100: 51.147: Total time for which application threads were stopped: 0.0010173 seconds, Stopping threads took: 0.0000066 seconds
2015-04-14T20:02:40.995-0100: 51.780: [GC (Allocation Failure) 
Desired survivor size 524288 bytes, new threshold 15 (max 15)
[PSYoungGen: 2336K->288K(2560K)] 12043K->10003K(13824K), 0.0011319 secs] [Times: user=0.00 sys=0.00, real=0.00 secs] 
2015-04-14T20:02:40.996-0100: 51.782: Total time for which application threads were stopped: 0.0013506 seconds, Stopping threads took: 0.0000200 seconds
2015-04-14T20:02:41.786-0100: 52.572: [GC (Allocation Failure) 
Desired survivor size 524288 bytes, new threshold 15 (max 15)
[PSYoungGen: 2336K->288K(2560K)] 12051K->10035K(13824K), 0.0009162 secs] [Times: user=0.01 sys=0.00, real=0.00 secs] 
2015-04-14T20:02:41.787-0100: 52.573: Total time for which application threads were stopped: 0.0010974 seconds, Stopping threads took: 0.0000233 seconds
2015-04-14T20:02:42.411-0100: 53.196: [GC (Allocation Failure) 
Desired survivor size 524288 bytes, new threshold 15 (max 15)
[PSYoungGen: 2336K->288K(2560K)] 12083K->10051K(13824K), 0.0010174 secs] [Times: user=0.00 sys=0.00, real=0.00 secs] 
2015-04-14T20:02:42.412-0100: 53.198: Total time for which application threads were stopped: 0.0011978 seconds, Stopping threads took: 0.0000194 seconds
2015-04-14T20:02:43.060-0100: 53.846: [GC (Allocation Failure) 
Desired survivor size 524288 bytes, new threshold 15 (max 15)
[PSYoungGen: 2336K->288K(2560K)] 12099K->10059K(13824K), 0.0009660 secs] [Times: user=0.00 sys=0.00, real=0.00 secs] 
2015-04-14T20:02:43.061-0100: 53.847: Total time for which application threads were stopped: 0.0011590 seconds, Stopping threads took: 0.0000162 seconds
2015-04-14T20:02:43.735-0100: 54.520: [GC (Allocation Failure) 
Desired survivor size 524288 bytes, new threshold 15 (max 15)
[PSYoungGen: 2336K->224K(2560K)] 12107K->10003K(13824K), 0.0008832 secs] [Times: user=0.00 sys=0.00, real=0.00 secs] 
2015-04-14T20:02:43.736-0100: 54.521: Total time for which application threads were stopped: 0.0011571 seconds, Stopping threads took: 0.0000669 seconds
2015-04-14T20:02:44.370-0100: 55.155: [GC (Allocation Failure) 
Desired survivor size 524288 bytes, new threshold 15 (max 15)
[PSYoungGen: 2272K->256K(2560K)] 12051K->10051K(13824K), 0.0008448 secs] [Times: user=0.01 sys=0.00, real=0.00 secs] 
2015-04-14T20:02:44.371-0100: 55.156: Total time for which application threads were stopped: 0.0010145 seconds, Stopping threads took: 0.0000169 seconds
2015-04-14T20:02:45.088-0100: 55.874: [GC (Allocation Failure) 
Desired survivor size 524288 bytes, new threshold 15 (max 15)
[PSYoungGen: 2304K->288K(2560K)] 12099K->10091K(13824K), 0.0011245 secs] [Times: user=0.01 sys=0.00, real=0.00 secs] 
2015-04-14T20:02:45.090-0100: 55.875: Total time for which application threads were stopped: 0.0013136 seconds, Stopping threads took: 0.0000207 seconds
2015-04-14T20:02:45.611-0100: 56.396: [GC (Allocation Failure) 
Desired survivor size 524288 bytes, new threshold 15 (max 15)
[PSYoungGen: 2336K->256K(2560K)] 12139K->10091K(13824K), 0.0010674 secs] [Times: user=0.00 sys=0.00, real=0.00 secs] 
2015-04-14T20:02:45.612-0100: 56.398: Total time for which application threads were stopped: 0.0012673 seconds, Stopping threads took: 0.0000195 seconds
2015-04-14T20:02:46.347-0100: 57.133: [GC (Allocation Failure) 
Desired survivor size 524288 bytes, new threshold 15 (max 15)
[PSYoungGen: 2304K->288K(2560K)] 12139K->10163K(13824K), 0.0009943 secs] [Times: user=0.00 sys=0.00, real=0.00 secs] 
2015-04-14T20:02:46.348-0100: 57.134: Total time for which application threads were stopped: 0.0011860 seconds, Stopping threads took: 0.0000177 seconds
2015-04-14T20:02:46.828-0100: 57.614: [GC (Allocation Failure) 
Desired survivor size 524288 bytes, new threshold 15 (max 15)
[PSYoungGen: 2336K->288K(2560K)] 12211K->10203K(13824K), 0.0008542 secs] [Times: user=0.00 sys=0.00, real=0.00 secs] 
2015-04-14T20:02:46.829-0100: 57.615: Total time for which application threads were stopped: 0.0010029 seconds, Stopping threads took: 0.0000145 seconds
2015-04-14T20:02:47.480-0100: 58.266: [GC (Allocation Failure) 
Desired survivor size 524288 bytes, new threshold 15 (max 15)
[PSYoungGen: 2336K->256K(2560K)] 12251K->10171K(13824K), 0.0008692 secs] [Times: user=0.01 sys=0.00, real=0.00 secs] 
2015-04-14T20:02:47.481-0100: 58.267: Total time for which application threads were stopped: 0.0010136 seconds, Stopping threads took: 0.0000172 seconds
2015-04-14T20:02:48.183-0100: 58.968: [GC (Allocation Failure) 
Desired survivor size 524288 bytes, new threshold 15 (max 15)
[PSYoungGen: 2304K->288K(2560K)] 12219K->10227K(13824K), 0.0008111 secs] [Times: user=0.00 sys=0.00, real=0.00 secs] 
2015-04-14T20:02:48.183-0100: 58.969: Total time for which application threads were stopped: 0.0009556 seconds, Stopping threads took: 0.0000160 seconds
2015-04-14T20:02:48.801-0100: 59.587: [GC (Allocation Failure) 
Desired survivor size 524288 bytes, new threshold 15 (max 15)
[PSYoungGen: 2336K->288K(2560K)] 12275K->10243K(13824K), 0.0011270 secs] [Times: user=0.01 sys=0.00, real=0.00 secs] 
2015-04-14T20:02:48.803-0100: 59.588: Total time for which application threads were stopped: 0.0013458 seconds, Stopping threads took: 0.0000211 seconds
2015-04-14T20:02:49.438-0100: 60.224: [GC (Allocation Failure) 
Desired survivor size 524288 bytes, new threshold 15 (max 15)
[PSYoungGen: 2336K->256K(2560K)] 12291K->10251K(13824K), 0.0008001 secs] [Times: user=0.00 sys=0.00, real=0.00 secs] 
2015-04-14T20:02:49.439-0100: 60.225: Total time for which application threads were stopped: 0.0009606 seconds, Stopping threads took: 0.0000255 seconds
2015-04-14T20:02:50.090-0100: 60.876: [GC (Allocation Failure) 
Desired survivor size 524288 bytes, new threshold 15 (max 15)
[PSYoungGen: 2304K->256K(2560K)] 12299K->10275K(13824K), 0.0007771 secs] [Times: user=0.00 sys=0.00, real=0.00 secs] 
2015-04-14T20:02:50.090-0100: 60.876: Total time for which application threads were stopped: 0.0009162 seconds, Stopping threads took: 0.0000156 seconds
2015-04-14T20:02:50.775-0100: 61.561: [GC (Allocation Failure) 
Desired survivor size 524288 bytes, new threshold 15 (max 15)
[PSYoungGen: 2304K->224K(2560K)] 12323K->10251K(13824K), 0.0008232 secs] [Times: user=0.00 sys=0.00, real=0.00 secs] 
2015-04-14T20:02:50.776-0100: 61.561: Total time for which application threads were stopped: 0.0009650 seconds, Stopping threads took: 0.0000209 seconds
2015-04-14T20:02:51.448-0100: 62.234: [GC (Allocation Failure) 
Desired survivor size 524288 bytes, new threshold 15 (max 15)
[PSYoungGen: 2272K->288K(2560K)] 12299K->10347K(13824K), 0.0009122 secs] [Times: user=0.00 sys=0.00, real=0.00 secs] 
2015-04-14T20:02:51.449-0100: 62.235: Total time for which application threads were stopped: 0.0010834 seconds, Stopping threads took: 0.0000187 seconds
2015-04-14T20:02:52.094-0100: 62.880: [GC (Allocation Failure) 
Desired survivor size 524288 bytes, new threshold 15 (max 15)
[PSYoungGen: 2336K->256K(2560K)] 12395K->10347K(13824K), 0.0008134 secs] [Times: user=0.00 sys=0.00, real=0.00 secs] 
2015-04-14T20:02:52.095-0100: 62.881: Total time for which application threads were stopped: 0.0009686 seconds, Stopping threads took: 0.0000258 seconds
2015-04-14T20:02:52.769-0100: 63.555: [GC (Allocation Failure) 
Desired survivor size 524288 bytes, new threshold 15 (max 15)
[PSYoungGen: 2304K->288K(2560K)] 12395K->10395K(13824K), 0.0009282 secs] [Times: user=0.01 sys=0.00, real=0.01 secs] 
2015-04-14T20:02:52.770-0100: 63.556: Total time for which application threads were stopped: 0.0010923 seconds, Stopping threads took: 0.0000152 seconds
2015-04-14T20:02:53.518-0100: 64.304: [GC (Allocation Failure) 
Desired survivor size 524288 bytes, new threshold 15 (max 15)
[PSYoungGen: 2336K->256K(2560K)] 12443K->10371K(13824K), 0.0010335 secs] [Times: user=0.01 sys=0.00, real=0.00 secs] 
2015-04-14T20:02:53.519-0100: 64.305: Total time for which application threads were stopped: 0.0012055 seconds, Stopping threads took: 0.0000190 seconds
2015-04-14T20:02:54.269-0100: 65.055: [GC (Allocation Failure) 
Desired survivor size 524288 bytes, new threshold 15 (max 15)
[PSYoungGen: 2304K->256K(2560K)] 12419K->10395K(13824K), 0.0010107 secs] [Times: user=0.01 sys=0.00, real=0.01 secs] 
2015-04-14T20:02:54.270-0100: 65.056: Total time for which application threads were stopped: 0.0012165 seconds, Stopping threads took: 0.0000193 seconds
2015-04-14T20:02:54.937-0100: 65.723: [GC (Allocation Failure) 
Desired survivor size 524288 bytes, new threshold 15 (max 15)
[PSYoungGen: 2304K->256K(2560K)] 12443K->10411K(13824K), 0.0010273 secs] [Times: user=0.01 sys=0.01, real=0.00 secs] 
2015-04-14T20:02:54.938-0100: 65.724: Total time for which application threads were stopped: 0.0012538 seconds, Stopping threads took: 0.0000277 seconds
2015-04-14T20:02:55.792-0100: 66.578: [GC (Allocation Failure) 
Desired survivor size 524288 bytes, new threshold 15 (max 15)
[PSYoungGen: 2304K->256K(2560K)] 12459K->10435K(13824K), 0.0009367 secs] [Times: user=0.00 sys=0.00, real=0.00 secs] 
2015-04-14T20:02:55.793-0100: 66.579: Total time for which application threads were stopped: 0.0011043 seconds, Stopping threads took: 0.0000180 seconds
2015-04-14T20:02:56.560-0100: 67.346: [GC (Allocation Failure) 
Desired survivor size 524288 bytes, new threshold 15 (max 15)
[PSYoungGen: 2304K->256K(2560K)] 12483K->10467K(13824K), 0.0008785 secs] [Times: user=0.00 sys=0.00, real=0.00 secs] 
2015-04-14T20:02:56.561-0100: 67.347: Total time for which application threads were stopped: 0.0010706 seconds, Stopping threads took: 0.0000188 seconds
2015-04-14T20:02:57.095-0100: 67.882: [GC (Allocation Failure) 
Desired survivor size 524288 bytes, new threshold 15 (max 15)
[PSYoungGen: 2304K->288K(2560K)] 12515K->10499K(13824K), 0.0011266 secs] [Times: user=0.01 sys=0.00, real=0.00 secs] 
2015-04-14T20:02:57.097-0100: 67.883: Total time for which application threads were stopped: 0.0013216 seconds, Stopping threads took: 0.0000207 seconds
2015-04-14T20:02:57.861-0100: 68.647: [GC (Allocation Failure) 
Desired survivor size 524288 bytes, new threshold 15 (max 15)
[PSYoungGen: 2336K->256K(2560K)] 12547K->10483K(13824K), 0.0009595 secs] [Times: user=0.00 sys=0.00, real=0.00 secs] 
2015-04-14T20:02:57.862-0100: 68.648: Total time for which application threads were stopped: 0.0011452 seconds, Stopping threads took: 0.0000190 seconds
2015-04-14T20:02:58.615-0100: 69.401: [GC (Allocation Failure) 
Desired survivor size 524288 bytes, new threshold 15 (max 15)
[PSYoungGen: 2304K->288K(2560K)] 12531K->10547K(13824K), 0.0008413 secs] [Times: user=0.00 sys=0.00, real=0.00 secs] 
2015-04-14T20:02:58.616-0100: 69.402: Total time for which application threads were stopped: 0.0009847 seconds, Stopping threads took: 0.0000172 seconds
2015-04-14T20:02:59.268-0100: 70.054: [GC (Allocation Failure) 
Desired survivor size 524288 bytes, new threshold 15 (max 15)
[PSYoungGen: 2336K->288K(2560K)] 12595K->10547K(13824K), 0.0010194 secs] [Times: user=0.00 sys=0.00, real=0.00 secs] 
2015-04-14T20:02:59.269-0100: 70.055: Total time for which application threads were stopped: 0.0012010 seconds, Stopping threads took: 0.0000217 seconds
2015-04-14T20:02:59.970-0100: 70.756: [GC (Allocation Failure) 
Desired survivor size 524288 bytes, new threshold 15 (max 15)
[PSYoungGen: 2336K->256K(2560K)] 12595K->10523K(13824K), 0.0007683 secs] [Times: user=0.00 sys=0.00, real=0.00 secs] 
2015-04-14T20:02:59.971-0100: 70.757: Total time for which application threads were stopped: 0.0009141 seconds, Stopping threads took: 0.0000163 seconds
2015-04-14T20:03:00.772-0100: 71.558: [GC (Allocation Failure) 
Desired survivor size 524288 bytes, new threshold 15 (max 15)
[PSYoungGen: 2304K->256K(2560K)] 12571K->10523K(13824K), 0.0010000 secs] [Times: user=0.00 sys=0.00, real=0.00 secs] 
2015-04-14T20:03:00.773-0100: 71.559: Total time for which application threads were stopped: 0.0011768 seconds, Stopping threads took: 0.0000177 seconds
2015-04-14T20:03:01.424-0100: 72.210: [GC (Allocation Failure) 
Desired survivor size 524288 bytes, new threshold 15 (max 15)
[PSYoungGen: 2304K->288K(2560K)] 12571K->10555K(13824K), 0.0010298 secs] [Times: user=0.00 sys=0.00, real=0.00 secs] 
2015-04-14T20:03:01.425-0100: 72.212: Total time for which application threads were stopped: 0.0012244 seconds, Stopping threads took: 0.0000210 seconds
2015-04-14T20:03:02.161-0100: 72.947: Total time for which application threads were stopped: 0.0001059 seconds, Stopping threads took: 0.0000212 seconds
2015-04-14T20:03:02.161-0100: 72.947: [GC (GCLocker Initiated GC) 
Desired survivor size 524288 bytes, new threshold 15 (max 15)
[PSYoungGen: 2336K->192K(2560K)] 12603K->10459K(13824K), 0.0012242 secs] [Times: user=0.00 sys=0.01, real=0.00 secs] 
2015-04-14T20:03:02.162-0100: 72.948: Total time for which application threads were stopped: 0.0014011 seconds, Stopping threads took: 0.0000111 seconds
2015-04-14T20:03:02.930-0100: 73.716: [GC (Allocation Failure) 
Desired survivor size 524288 bytes, new threshold 15 (max 15)
[PSYoungGen: 2240K->256K(2560K)] 12511K->10543K(13824K), 0.0008151 secs] [Times: user=0.00 sys=0.00, real=0.00 secs] 
2015-04-14T20:03:02.931-0100: 73.717: Total time for which application threads were stopped: 0.0009545 seconds, Stopping threads took: 0.0000175 seconds
2015-04-14T20:03:03.698-0100: 74.484: [GC (Allocation Failure) 
Desired survivor size 524288 bytes, new threshold 15 (max 15)
[PSYoungGen: 2304K->256K(2560K)] 12591K->10575K(13824K), 0.0008050 secs] [Times: user=0.01 sys=0.00, real=0.00 secs] 
2015-04-14T20:03:03.698-0100: 74.485: Total time for which application threads were stopped: 0.0009553 seconds, Stopping threads took: 0.0000176 seconds
2015-04-14T20:03:04.335-0100: 75.122: [GC (Allocation Failure) 
Desired survivor size 524288 bytes, new threshold 15 (max 15)
[PSYoungGen: 2304K->224K(2560K)] 12623K->10559K(13824K), 0.0010253 secs] [Times: user=0.00 sys=0.00, real=0.00 secs] 
2015-04-14T20:03:04.336-0100: 75.123: Total time for which application threads were stopped: 0.0011976 seconds, Stopping threads took: 0.0000190 seconds
2015-04-14T20:03:05.103-0100: 75.889: [GC (Allocation Failure) 
Desired survivor size 524288 bytes, new threshold 15 (max 15)
[PSYoungGen: 2272K->224K(2560K)] 12607K->10567K(13824K), 0.0010615 secs] [Times: user=0.00 sys=0.00, real=0.00 secs] 
2015-04-14T20:03:05.104-0100: 75.890: Total time for which application threads were stopped: 0.0012353 seconds, Stopping threads took: 0.0000197 seconds
2015-04-14T20:03:05.755-0100: 76.541: [GC (Allocation Failure) 
Desired survivor size 524288 bytes, new threshold 15 (max 15)
[PSYoungGen: 2272K->256K(2560K)] 12615K->10599K(13824K), 0.0008453 secs] [Times: user=0.00 sys=0.00, real=0.00 secs] 
2015-04-14T20:03:05.756-0100: 76.542: Total time for which application threads were stopped: 0.0009953 seconds, Stopping threads took: 0.0000245 seconds
2015-04-14T20:03:06.524-0100: 77.311: [GC (Allocation Failure) 
Desired survivor size 524288 bytes, new threshold 15 (max 15)
[PSYoungGen: 2304K->288K(2560K)] 12647K->10639K(13824K), 0.0010530 secs] [Times: user=0.00 sys=0.00, real=0.00 secs] 
2015-04-14T20:03:06.525-0100: 77.312: Total time for which application threads were stopped: 0.0012416 seconds, Stopping threads took: 0.0000211 seconds
2015-04-14T20:03:07.211-0100: 77.997: Total time for which application threads were stopped: 0.0001049 seconds, Stopping threads took: 0.0000182 seconds
2015-04-14T20:03:07.211-0100: 77.997: [GC (GCLocker Initiated GC) 
Desired survivor size 524288 bytes, new threshold 15 (max 15)
[PSYoungGen: 2336K->288K(2560K)] 12687K->10639K(13824K), 0.0009836 secs] [Times: user=0.00 sys=0.00, real=0.00 secs] 
2015-04-14T20:03:07.212-0100: 77.998: Total time for which application threads were stopped: 0.0011425 seconds, Stopping threads took: 0.0000171 seconds
2015-04-14T20:03:08.061-0100: 78.847: [GC (Allocation Failure) 
Desired survivor size 524288 bytes, new threshold 15 (max 15)
[PSYoungGen: 2336K->288K(2560K)] 12690K->10666K(13824K), 0.0010540 secs] [Times: user=0.00 sys=0.00, real=0.00 secs] 
2015-04-14T20:03:08.062-0100: 78.849: Total time for which application threads were stopped: 0.0012457 seconds, Stopping threads took: 0.0000212 seconds
2015-04-14T20:03:08.697-0100: 79.483: [GC (Allocation Failure) 
Desired survivor size 524288 bytes, new threshold 15 (max 15)
[PSYoungGen: 2336K->288K(2560K)] 12714K->10682K(13824K), 0.0007792 secs] [Times: user=0.01 sys=0.00, real=0.00 secs] 
2015-04-14T20:03:08.698-0100: 79.484: Total time for which application threads were stopped: 0.0009527 seconds, Stopping threads took: 0.0000162 seconds
2015-04-14T20:03:09.350-0100: 80.136: [GC (Allocation Failure) 
Desired survivor size 524288 bytes, new threshold 15 (max 15)
[PSYoungGen: 2336K->288K(2560K)] 12730K->10682K(13824K), 0.0009187 secs] [Times: user=0.00 sys=0.00, real=0.00 secs] 
2015-04-14T20:03:09.351-0100: 80.137: Total time for which application threads were stopped: 0.0011014 seconds, Stopping threads took: 0.0000200 seconds
2015-04-14T20:03:10.119-0100: 80.905: [GC (Allocation Failure) 
Desired survivor size 524288 bytes, new threshold 15 (max 15)
[PSYoungGen: 2336K->224K(2560K)] 12730K->10618K(13824K), 0.0010162 secs] [Times: user=0.01 sys=0.00, real=0.01 secs] 
2015-04-14T20:03:10.120-0100: 80.907: Total time for which application threads were stopped: 0.0012048 seconds, Stopping threads took: 0.0000214 seconds
2015-04-14T20:03:10.972-0100: 81.758: [GC (Allocation Failure) 
Desired survivor size 524288 bytes, new threshold 15 (max 15)
[PSYoungGen: 2272K->256K(2560K)] 12666K->10666K(13824K), 0.0007898 secs] [Times: user=0.00 sys=0.00, real=0.00 secs] 
2015-04-14T20:03:10.972-0100: 81.759: Total time for which application threads were stopped: 0.0009369 seconds, Stopping threads took: 0.0000167 seconds
2015-04-14T20:03:11.639-0100: 82.425: [GC (Allocation Failure) 
Desired survivor size 524288 bytes, new threshold 15 (max 15)
[PSYoungGen: 2304K->288K(2560K)] 12714K->10722K(13824K), 0.0009824 secs] [Times: user=0.01 sys=0.00, real=0.01 secs] 
2015-04-14T20:03:11.640-0100: 82.426: Total time for which application threads were stopped: 0.0011956 seconds, Stopping threads took: 0.0000628 seconds
2015-04-14T20:03:12.261-0100: 83.047: [GC (Allocation Failure) 
Desired survivor size 524288 bytes, new threshold 15 (max 15)
[PSYoungGen: 2336K->224K(2560K)] 12770K->10666K(13824K), 0.0007983 secs] [Times: user=0.00 sys=0.00, real=0.00 secs] 
2015-04-14T20:03:12.261-0100: 83.048: Total time for which application threads were stopped: 0.0009568 seconds, Stopping threads took: 0.0000145 seconds
2015-04-14T20:03:13.059-0100: 83.845: [GC (Allocation Failure) 
Desired survivor size 524288 bytes, new threshold 15 (max 15)
[PSYoungGen: 2272K->288K(2560K)] 12714K->10730K(13824K), 0.0010103 secs] [Times: user=0.00 sys=0.00, real=0.01 secs] 
2015-04-14T20:03:13.060-0100: 83.847: Total time for which application threads were stopped: 0.0012096 seconds, Stopping threads took: 0.0000218 seconds
2015-04-14T20:03:13.812-0100: 84.598: [GC (Allocation Failure) 
Desired survivor size 524288 bytes, new threshold 15 (max 15)
[PSYoungGen: 2336K->288K(2560K)] 12778K->10746K(13824K), 0.0007873 secs] [Times: user=0.00 sys=0.00, real=0.00 secs] 
2015-04-14T20:03:13.812-0100: 84.599: Total time for which application threads were stopped: 0.0009241 seconds, Stopping threads took: 0.0000169 seconds
2015-04-14T20:03:14.581-0100: 85.367: [GC (Allocation Failure) 
Desired survivor size 524288 bytes, new threshold 15 (max 15)
[PSYoungGen: 2336K->288K(2560K)] 12794K->10754K(13824K), 0.0010537 secs] [Times: user=0.00 sys=0.00, real=0.00 secs] 
2015-04-14T20:03:14.582-0100: 85.368: Total time for which application threads were stopped: 0.0012399 seconds, Stopping threads took: 0.0000193 seconds
2015-04-14T20:03:15.334-0100: 86.120: [GC (Allocation Failure) 
Desired survivor size 524288 bytes, new threshold 15 (max 15)
[PSYoungGen: 2336K->256K(2560K)] 12802K->10746K(13824K), 0.0010732 secs] [Times: user=0.01 sys=0.00, real=0.00 secs] 
2015-04-14T20:03:15.335-0100: 86.121: Total time for which application threads were stopped: 0.0012654 seconds, Stopping threads took: 0.0000207 seconds
2015-04-14T20:03:15.971-0100: 86.757: [GC (Allocation Failure) 
Desired survivor size 524288 bytes, new threshold 15 (max 15)
[PSYoungGen: 2304K->256K(2560K)] 12794K->10746K(13824K), 0.0011435 secs] [Times: user=0.00 sys=0.00, real=0.00 secs] 
2015-04-14T20:03:15.972-0100: 86.758: Total time for which application threads were stopped: 0.0013936 seconds, Stopping threads took: 0.0000209 seconds
2015-04-14T20:03:16.739-0100: 87.526: [GC (Allocation Failure) 
Desired survivor size 524288 bytes, new threshold 15 (max 15)
[PSYoungGen: 2304K->224K(2560K)] 12794K->10714K(13824K), 0.0010291 secs] [Times: user=0.00 sys=0.00, real=0.01 secs] 
2015-04-14T20:03:16.741-0100: 87.527: Total time for which application threads were stopped: 0.0012259 seconds, Stopping threads took: 0.0000208 seconds
2015-04-14T20:03:17.492-0100: 88.278: [GC (Allocation Failure) 
Desired survivor size 524288 bytes, new threshold 15 (max 15)
[PSYoungGen: 2272K->288K(2560K)] 12762K->10786K(13824K), 0.0009436 secs] [Times: user=0.01 sys=0.00, real=0.00 secs] 
2015-04-14T20:03:17.493-0100: 88.279: Total time for which application threads were stopped: 0.0011156 seconds, Stopping threads took: 0.0000195 seconds
2015-04-14T20:03:18.262-0100: 89.048: [GC (Allocation Failure) 
Desired survivor size 524288 bytes, new threshold 15 (max 15)
[PSYoungGen: 2336K->288K(2560K)] 12834K->10786K(13824K), 0.0009582 secs] [Times: user=0.01 sys=0.00, real=0.00 secs] 
2015-04-14T20:03:18.263-0100: 89.049: Total time for which application threads were stopped: 0.0011303 seconds, Stopping threads took: 0.0000189 seconds
2015-04-14T20:03:19.012-0100: 89.799: [GC (Allocation Failure) 
Desired survivor size 524288 bytes, new threshold 15 (max 15)
[PSYoungGen: 2336K->288K(2560K)] 12834K->10810K(13824K), 0.0008358 secs] [Times: user=0.00 sys=0.00, real=0.00 secs] 
2015-04-14T20:03:19.013-0100: 89.800: Total time for which application threads were stopped: 0.0009805 seconds, Stopping threads took: 0.0000161 seconds
2015-04-14T20:03:19.749-0100: 90.535: [GC (Allocation Failure) 
Desired survivor size 524288 bytes, new threshold 15 (max 15)
[PSYoungGen: 2336K->256K(2560K)] 12858K->10810K(13824K), 0.0008229 secs] [Times: user=0.00 sys=0.01, real=0.01 secs] 
2015-04-14T20:03:19.750-0100: 90.536: Total time for which application threads were stopped: 0.0009905 seconds, Stopping threads took: 0.0000223 seconds
2015-04-14T20:03:20.511-0100: 91.297: [GC (Allocation Failure) 
Desired survivor size 524288 bytes, new threshold 15 (max 15)
[PSYoungGen: 2304K->288K(2560K)] 12858K->10882K(13824K), 0.0009740 secs] [Times: user=0.00 sys=0.00, real=0.00 secs] 
2015-04-14T20:03:20.512-0100: 91.298: Total time for which application threads were stopped: 0.0011461 seconds, Stopping threads took: 0.0000203 seconds
2015-04-14T20:03:21.270-0100: 92.056: [GC (Allocation Failure) 
Desired survivor size 524288 bytes, new threshold 15 (max 15)
[PSYoungGen: 2336K->256K(2560K)] 12930K->10850K(13824K), 0.0009237 secs] [Times: user=0.00 sys=0.00, real=0.00 secs] 
2015-04-14T20:03:21.271-0100: 92.057: Total time for which application threads were stopped: 0.0010948 seconds, Stopping threads took: 0.0000183 seconds
2015-04-14T20:03:22.140-0100: 92.927: [GC (Allocation Failure) 
Desired survivor size 524288 bytes, new threshold 15 (max 15)
[PSYoungGen: 2304K->256K(2560K)] 12898K->10850K(13824K), 0.0009686 secs] [Times: user=0.00 sys=0.00, real=0.00 secs] 
2015-04-14T20:03:22.141-0100: 92.928: Total time for which application threads were stopped: 0.0011324 seconds, Stopping threads took: 0.0000187 seconds
2015-04-14T20:03:22.523-0100: 93.309: [GC (Allocation Failure) 
Desired survivor size 524288 bytes, new threshold 15 (max 15)
[PSYoungGen: 2304K->256K(2560K)] 12898K->10858K(13824K), 0.0007991 secs] [Times: user=0.00 sys=0.00, real=0.00 secs] 
2015-04-14T20:03:22.524-0100: 93.310: Total time for which application threads were stopped: 0.0009864 seconds, Stopping threads took: 0.0000401 seconds
2015-04-14T20:03:23.309-0100: 94.096: [GC (Allocation Failure) 
Desired survivor size 524288 bytes, new threshold 15 (max 15)
[PSYoungGen: 2304K->288K(2560K)] 12906K->10906K(13824K), 0.0011027 secs] [Times: user=0.01 sys=0.00, real=0.01 secs] 
2015-04-14T20:03:23.310-0100: 94.097: Total time for which application threads were stopped: 0.0012916 seconds, Stopping threads took: 0.0000203 seconds
2015-04-14T20:03:23.789-0100: 94.575: [GC (Allocation Failure) 
Desired survivor size 524288 bytes, new threshold 15 (max 15)
[PSYoungGen: 2336K->256K(2560K)] 12954K->10874K(13824K), 0.0009355 secs] [Times: user=0.01 sys=0.00, real=0.01 secs] 
2015-04-14T20:03:23.790-0100: 94.576: Total time for which application threads were stopped: 0.0010989 seconds, Stopping threads took: 0.0000173 seconds
2015-04-14T20:03:24.512-0100: 95.298: [GC (Allocation Failure) 
Desired survivor size 524288 bytes, new threshold 15 (max 15)
[PSYoungGen: 2304K->288K(2560K)] 12922K->10906K(13824K), 0.0007270 secs] [Times: user=0.00 sys=0.00, real=0.00 secs] 
2015-04-14T20:03:24.512-0100: 95.299: Total time for which application threads were stopped: 0.0008551 seconds, Stopping threads took: 0.0000157 seconds
2015-04-14T20:03:25.333-0100: 96.119: [GC (Allocation Failure) 
Desired survivor size 524288 bytes, new threshold 15 (max 15)
[PSYoungGen: 2336K->288K(2560K)] 12954K->10922K(13824K), 0.0008777 secs] [Times: user=0.00 sys=0.01, real=0.00 secs] 
2015-04-14T20:03:25.334-0100: 96.120: Total time for which application threads were stopped: 0.0010321 seconds, Stopping threads took: 0.0000169 seconds
2015-04-14T20:03:25.967-0100: 96.754: [GC (Allocation Failure) 
Desired survivor size 524288 bytes, new threshold 15 (max 15)
[PSYoungGen: 2336K->256K(2560K)] 12970K->10890K(13824K), 0.0009495 secs] [Times: user=0.00 sys=0.00, real=0.00 secs] 
2015-04-14T20:03:25.968-0100: 96.755: Total time for which application threads were stopped: 0.0011113 seconds, Stopping threads took: 0.0000183 seconds
2015-04-14T20:03:26.722-0100: 97.508: [GC (Allocation Failure) 
Desired survivor size 524288 bytes, new threshold 15 (max 15)
[PSYoungGen: 2304K->256K(2560K)] 12938K->10914K(13824K), 0.0008495 secs] [Times: user=0.01 sys=0.00, real=0.00 secs] 
2015-04-14T20:03:26.723-0100: 97.509: Total time for which application threads were stopped: 0.0010028 seconds, Stopping threads took: 0.0000160 seconds
2015-04-14T20:03:27.490-0100: 98.277: [GC (Allocation Failure) 
Desired survivor size 524288 bytes, new threshold 15 (max 15)
[PSYoungGen: 2304K->288K(2560K)] 12962K->10946K(13824K), 0.0010441 secs] [Times: user=0.00 sys=0.00, real=0.00 secs] 
2015-04-14T20:03:27.491-0100: 98.278: Total time for which application threads were stopped: 0.0012403 seconds, Stopping threads took: 0.0000215 seconds
2015-04-14T20:03:27.789-0100: 98.576: [GC (Allocation Failure) 
Desired survivor size 524288 bytes, new threshold 15 (max 15)
[PSYoungGen: 2336K->288K(2560K)] 12994K->10962K(13824K), 0.0010490 secs] [Times: user=0.00 sys=0.00, real=0.01 secs] 
2015-04-14T20:03:27.791-0100: 98.577: Total time for which application threads were stopped: 0.0012310 seconds, Stopping threads took: 0.0000194 seconds
2015-04-14T20:03:28.580-0100: 99.367: [GC (Allocation Failure) 
Desired survivor size 524288 bytes, new threshold 15 (max 15)
[PSYoungGen: 2336K->288K(2560K)] 13010K->10962K(13824K), 0.0009920 secs] [Times: user=0.00 sys=0.00, real=0.00 secs] 
2015-04-14T20:03:28.581-0100: 99.368: Total time for which application threads were stopped: 0.0011603 seconds, Stopping threads took: 0.0000188 seconds
2015-04-14T20:03:29.230-0100: 100.017: [GC (Allocation Failure) 
Desired survivor size 524288 bytes, new threshold 15 (max 15)
[PSYoungGen: 2336K->256K(2560K)] 13010K->10930K(13824K), 0.0010525 secs] [Times: user=0.00 sys=0.00, real=0.00 secs] 
2015-04-14T20:03:29.231-0100: 100.018: Total time for which application threads were stopped: 0.0012554 seconds, Stopping threads took: 0.0000212 seconds
2015-04-14T20:03:29.898-0100: 100.685: [GC (Allocation Failure) 
Desired survivor size 524288 bytes, new threshold 15 (max 15)
[PSYoungGen: 2304K->288K(2560K)] 12978K->10962K(13824K), 0.0009417 secs] [Times: user=0.00 sys=0.00, real=0.00 secs] 
2015-04-14T20:03:29.899-0100: 100.686: Total time for which application threads were stopped: 0.0011317 seconds, Stopping threads took: 0.0000192 seconds
2015-04-14T20:03:30.683-0100: 101.469: [GC (Allocation Failure) 
Desired survivor size 524288 bytes, new threshold 15 (max 15)
[PSYoungGen: 2336K->256K(2560K)] 13010K->10930K(13824K), 0.0010917 secs] [Times: user=0.00 sys=0.00, real=0.00 secs] 
2015-04-14T20:03:30.684-0100: 101.471: Total time for which application threads were stopped: 0.0013270 seconds, Stopping threads took: 0.0000210 seconds
2015-04-14T20:03:31.436-0100: 102.223: [GC (Allocation Failure) 
Desired survivor size 524288 bytes, new threshold 15 (max 15)
[PSYoungGen: 2304K->256K(2560K)] 12978K->10946K(13824K), 0.0009575 secs] [Times: user=0.00 sys=0.00, real=0.00 secs] 
2015-04-14T20:03:31.437-0100: 102.224: Total time for which application threads were stopped: 0.0011365 seconds, Stopping threads took: 0.0000153 seconds
2015-04-14T20:03:31.803-0100: 102.590: [GC (Allocation Failure) 
Desired survivor size 524288 bytes, new threshold 15 (max 15)
[PSYoungGen: 2304K->256K(2560K)] 12994K->10946K(13824K), 0.0007538 secs] [Times: user=0.00 sys=0.00, real=0.00 secs] 
2015-04-14T20:03:31.804-0100: 102.591: Total time for which application threads were stopped: 0.0008928 seconds, Stopping threads took: 0.0000173 seconds
2015-04-14T20:03:32.611-0100: 103.398: [GC (Allocation Failure) 
Desired survivor size 524288 bytes, new threshold 15 (max 15)
[PSYoungGen: 2304K->256K(2560K)] 12994K->10986K(13824K), 0.0007818 secs] [Times: user=0.01 sys=0.00, real=0.00 secs] 
2015-04-14T20:03:32.612-0100: 103.399: Total time for which application threads were stopped: 0.0009387 seconds, Stopping threads took: 0.0000153 seconds
2015-04-14T20:03:33.292-0100: 104.078: [GC (Allocation Failure) 
Desired survivor size 524288 bytes, new threshold 15 (max 15)
[PSYoungGen: 2304K->256K(2560K)] 13034K->10994K(13824K), 0.0010352 secs] [Times: user=0.00 sys=0.00, real=0.00 secs] 
2015-04-14T20:03:33.293-0100: 104.080: Total time for which application threads were stopped: 0.0012226 seconds, Stopping threads took: 0.0000219 seconds
2015-04-14T20:03:33.877-0100: 104.664: [GC (Allocation Failure) 
Desired survivor size 524288 bytes, new threshold 15 (max 15)
[PSYoungGen: 2304K->288K(2560K)] 13042K->11034K(13824K), 0.0011544 secs] [Times: user=0.00 sys=0.00, real=0.00 secs] 
2015-04-14T20:03:33.878-0100: 104.665: Total time for which application threads were stopped: 0.0013557 seconds, Stopping threads took: 0.0000217 seconds
2015-04-14T20:03:34.789-0100: 105.575: [GC (Allocation Failure) 
Desired survivor size 524288 bytes, new threshold 15 (max 15)
[PSYoungGen: 2336K->288K(2560K)] 13082K->11042K(13824K), 0.0010240 secs] [Times: user=0.00 sys=0.00, real=0.01 secs] 
2015-04-14T20:03:34.790-0100: 105.577: Total time for which application threads were stopped: 0.0012054 seconds, Stopping threads took: 0.0000191 seconds
2015-04-14T20:03:35.482-0100: 106.268: [GC (Allocation Failure) 
Desired survivor size 524288 bytes, new threshold 15 (max 15)
[PSYoungGen: 2336K->224K(2560K)] 13090K->10994K(13824K), 0.0008429 secs] [Times: user=0.01 sys=0.00, real=0.00 secs] 
2015-04-14T20:03:35.483-0100: 106.269: Total time for which application threads were stopped: 0.0009870 seconds, Stopping threads took: 0.0000158 seconds
2015-04-14T20:03:36.218-0100: 107.005: [GC (Allocation Failure) 
Desired survivor size 524288 bytes, new threshold 15 (max 15)
[PSYoungGen: 2272K->288K(2560K)] 13042K->11058K(13824K), 0.0010103 secs] [Times: user=0.00 sys=0.00, real=0.00 secs] 
2015-04-14T20:03:36.219-0100: 107.006: Total time for which application threads were stopped: 0.0011870 seconds, Stopping threads took: 0.0000186 seconds
2015-04-14T20:03:37.002-0100: 107.789: [GC (Allocation Failure) 
Desired survivor size 524288 bytes, new threshold 15 (max 15)
[PSYoungGen: 2336K->256K(2560K)] 13106K->11026K(13824K), 0.0009009 secs] [Times: user=0.00 sys=0.00, real=0.00 secs] 
2015-04-14T20:03:37.003-0100: 107.790: Total time for which application threads were stopped: 0.0010528 seconds, Stopping threads took: 0.0000157 seconds
2015-04-14T20:03:37.756-0100: 108.542: [GC (Allocation Failure) 
Desired survivor size 524288 bytes, new threshold 15 (max 15)
[PSYoungGen: 2304K->256K(2560K)] 13074K->11042K(13824K), 0.0009219 secs] [Times: user=0.01 sys=0.00, real=0.00 secs] 
2015-04-14T20:03:37.757-0100: 108.543: Total time for which application threads were stopped: 0.0011161 seconds, Stopping threads took: 0.0000196 seconds
2015-04-14T20:03:38.162-0100: 108.948: [GC (Allocation Failure) 
Desired survivor size 524288 bytes, new threshold 15 (max 15)
[PSYoungGen: 2304K->256K(2560K)] 13090K->11042K(13824K), 0.0009623 secs] [Times: user=0.01 sys=0.00, real=0.00 secs] 
2015-04-14T20:03:38.163-0100: 108.949: Total time for which application threads were stopped: 0.0011402 seconds, Stopping threads took: 0.0000211 seconds
2015-04-14T20:03:38.942-0100: 109.729: [GC (Allocation Failure) 
Desired survivor size 524288 bytes, new threshold 15 (max 15)
[PSYoungGen: 2304K->224K(2560K)] 13090K->11010K(13824K), 0.0010043 secs] [Times: user=0.00 sys=0.00, real=0.00 secs] 
2015-04-14T20:03:38.943-0100: 109.730: Total time for which application threads were stopped: 0.0012009 seconds, Stopping threads took: 0.0000204 seconds
2015-04-14T20:03:39.695-0100: 110.482: [GC (Allocation Failure) 
Desired survivor size 524288 bytes, new threshold 15 (max 15)
[PSYoungGen: 2272K->224K(2560K)] 13058K->11010K(13824K), 0.0008353 secs] [Times: user=0.00 sys=0.00, real=0.00 secs] 
2015-04-14T20:03:39.696-0100: 110.482: Total time for which application threads were stopped: 0.0009912 seconds, Stopping threads took: 0.0000176 seconds
2015-04-14T20:03:40.094-0100: 110.881: [GC (Allocation Failure) 
Desired survivor size 524288 bytes, new threshold 15 (max 15)
[PSYoungGen: 2272K->256K(2560K)] 13058K->11042K(13824K), 0.0008716 secs] [Times: user=0.00 sys=0.00, real=0.00 secs] 
2015-04-14T20:03:40.095-0100: 110.882: Total time for which application threads were stopped: 0.0010543 seconds, Stopping threads took: 0.0000193 seconds
2015-04-14T20:03:40.862-0100: 111.649: [GC (Allocation Failure) 
Desired survivor size 524288 bytes, new threshold 15 (max 15)
[PSYoungGen: 2304K->224K(2560K)] 13090K->11010K(13824K), 0.0011486 secs] [Times: user=0.00 sys=0.00, real=0.00 secs] 
2015-04-14T20:03:40.863-0100: 111.650: Total time for which application threads were stopped: 0.0013662 seconds, Stopping threads took: 0.0000191 seconds
2015-04-14T20:03:41.567-0100: 112.354: [GC (Allocation Failure) 
Desired survivor size 524288 bytes, new threshold 15 (max 15)
[PSYoungGen: 2272K->256K(2560K)] 13058K->11082K(13824K), 0.0010690 secs] [Times: user=0.00 sys=0.00, real=0.00 secs] 
2015-04-14T20:03:41.569-0100: 112.355: Total time for which application threads were stopped: 0.0012630 seconds, Stopping threads took: 0.0000207 seconds
2015-04-14T20:03:42.154-0100: 112.941: [GC (Allocation Failure) 
Desired survivor size 524288 bytes, new threshold 15 (max 15)
[PSYoungGen: 2304K->256K(2560K)] 13130K->11082K(13824K), 0.0011037 secs] [Times: user=0.00 sys=0.00, real=0.00 secs] 
2015-04-14T20:03:42.155-0100: 112.942: Total time for which application threads were stopped: 0.0012951 seconds, Stopping threads took: 0.0000208 seconds
2015-04-14T20:03:42.862-0100: 113.649: [GC (Allocation Failure) 
Desired survivor size 524288 bytes, new threshold 15 (max 15)
[PSYoungGen: 2304K->256K(2560K)] 13130K->11082K(13824K), 0.0008611 secs] [Times: user=0.00 sys=0.00, real=0.00 secs] 
2015-04-14T20:03:42.863-0100: 113.650: Total time for which application threads were stopped: 0.0010211 seconds, Stopping threads took: 0.0000285 seconds
2015-04-14T20:03:43.557-0100: 114.344: [GC (Allocation Failure) 
Desired survivor size 524288 bytes, new threshold 15 (max 15)
[PSYoungGen: 2304K->256K(2560K)] 13130K->11098K(13824K), 0.0008811 secs] [Times: user=0.00 sys=0.00, real=0.00 secs] 
2015-04-14T20:03:43.558-0100: 114.345: Total time for which application threads were stopped: 0.0010298 seconds, Stopping threads took: 0.0000179 seconds
2015-04-14T20:03:44.093-0100: 114.880: [GC (Allocation Failure) 
Desired survivor size 524288 bytes, new threshold 15 (max 15)
[PSYoungGen: 2304K->224K(2560K)] 13146K->11090K(13824K), 0.0008915 secs] [Times: user=0.00 sys=0.00, real=0.00 secs] 
2015-04-14T20:03:44.094-0100: 114.881: Total time for which application threads were stopped: 0.0010876 seconds, Stopping threads took: 0.0000217 seconds
2015-04-14T20:03:44.861-0100: 115.648: [GC (Allocation Failure) 
Desired survivor size 524288 bytes, new threshold 15 (max 15)
[PSYoungGen: 2272K->288K(2560K)] 13138K->11154K(13824K), 0.0008051 secs] [Times: user=0.00 sys=0.00, real=0.00 secs] 
2015-04-14T20:03:44.862-0100: 115.649: Total time for which application threads were stopped: 0.0009419 seconds, Stopping threads took: 0.0000164 seconds
2015-04-14T20:03:45.480-0100: 116.267: [GC (Allocation Failure) 
Desired survivor size 524288 bytes, new threshold 15 (max 15)
[PSYoungGen: 2336K->256K(2560K)] 13202K->11130K(13824K), 0.0008249 secs] [Times: user=0.01 sys=0.00, real=0.00 secs] 
2015-04-14T20:03:45.481-0100: 116.268: Total time for which application threads were stopped: 0.0009759 seconds, Stopping threads took: 0.0000145 seconds
2015-04-14T20:03:46.032-0100: 116.818: [GC (Allocation Failure) 
Desired survivor size 524288 bytes, new threshold 15 (max 15)
[PSYoungGen: 2304K->256K(2560K)] 13178K->11138K(13824K), 0.0009287 secs] [Times: user=0.00 sys=0.00, real=0.00 secs] 
2015-04-14T20:03:46.033-0100: 116.819: Total time for which application threads were stopped: 0.0010958 seconds, Stopping threads took: 0.0000197 seconds
2015-04-14T20:03:46.766-0100: 117.553: [GC (Allocation Failure) 
Desired survivor size 524288 bytes, new threshold 15 (max 15)
[PSYoungGen: 2304K->288K(2560K)] 13186K->11194K(13824K), 0.0008047 secs] [Times: user=0.00 sys=0.00, real=0.00 secs] 
2015-04-14T20:03:46.767-0100: 117.554: Total time for which application threads were stopped: 0.0009453 seconds, Stopping threads took: 0.0000174 seconds
2015-04-14T20:03:47.252-0100: 118.039: [GC (Allocation Failure) 
Desired survivor size 524288 bytes, new threshold 15 (max 15)
[PSYoungGen: 2336K->288K(2560K)] 13242K->11226K(13824K), 0.0009286 secs] [Times: user=0.01 sys=0.00, real=0.00 secs] 
2015-04-14T20:03:47.253-0100: 118.040: Total time for which application threads were stopped: 0.0010866 seconds, Stopping threads took: 0.0000199 seconds
2015-04-14T20:03:47.937-0100: 118.724: [GC (Allocation Failure) 
Desired survivor size 524288 bytes, new threshold 15 (max 15)
[PSYoungGen: 2336K->288K(2560K)] 13274K->11226K(13824K), 0.0008419 secs] [Times: user=0.01 sys=0.00, real=0.00 secs] 
2015-04-14T20:03:47.938-0100: 118.725: Total time for which application threads were stopped: 0.0009831 seconds, Stopping threads took: 0.0000173 seconds
2015-04-14T20:03:48.641-0100: 119.428: [GC (Allocation Failure) 
Desired survivor size 524288 bytes, new threshold 15 (max 15)
[PSYoungGen: 2336K->288K(2560K)] 13274K->11234K(13824K), 0.0010956 secs] [Times: user=0.01 sys=0.00, real=0.00 secs] 
2015-04-14T20:03:48.642-0100: 119.429: Total time for which application threads were stopped: 0.0013427 seconds, Stopping threads took: 0.0000251 seconds
2015-04-14T20:03:49.342-0100: 120.129: [GC (Allocation Failure) 
Desired survivor size 524288 bytes, new threshold 15 (max 15)
[PSYoungGen: 2336K->288K(2560K)] 13282K->11266K(13824K), 0.0011167 secs] [Times: user=0.01 sys=0.00, real=0.00 secs] 
2015-04-14T20:03:49.343-0100: 120.130: Total time for which application threads were stopped: 0.0013132 seconds, Stopping threads took: 0.0000224 seconds
2015-04-14T20:03:50.127-0100: 120.914: [GC (Allocation Failure) 
Desired survivor size 524288 bytes, new threshold 15 (max 15)
[PSYoungGen: 2336K->288K(2560K)] 13314K->11298K(13824K), 0.0007848 secs] [Times: user=0.00 sys=0.00, real=0.00 secs] 
2015-04-14T20:03:50.128-0100: 120.915: Total time for which application threads were stopped: 0.0009317 seconds, Stopping threads took: 0.0000261 seconds
2015-04-14T20:03:50.779-0100: 121.566: [GC (Allocation Failure) 
Desired survivor size 524288 bytes, new threshold 15 (max 15)
[PSYoungGen: 2336K->288K(2560K)] 13346K->11322K(13824K), 0.0009373 secs] [Times: user=0.00 sys=0.00, real=0.01 secs] 
2015-04-14T20:03:50.780-0100: 121.567: Total time for which application threads were stopped: 0.0011101 seconds, Stopping threads took: 0.0000199 seconds
2015-04-14T20:03:51.612-0100: 122.399: [GC (Allocation Failure) 
Desired survivor size 524288 bytes, new threshold 15 (max 15)
[PSYoungGen: 2336K->256K(2560K)] 13370K->11298K(13824K), 0.0010915 secs] [Times: user=0.00 sys=0.00, real=0.00 secs] 
2015-04-14T20:03:51.613-0100: 122.400: Total time for which application threads were stopped: 0.0012654 seconds, Stopping threads took: 0.0000158 seconds
2015-04-14T20:03:52.300-0100: 123.087: [GC (Allocation Failure) 
Desired survivor size 524288 bytes, new threshold 15 (max 15)
[PSYoungGen: 2304K->256K(2560K)] 13346K->11298K(13824K), 0.0008943 secs] [Times: user=0.00 sys=0.00, real=0.00 secs] 
2015-04-14T20:03:52.301-0100: 123.088: Total time for which application threads were stopped: 0.0010948 seconds, Stopping threads took: 0.0000438 seconds
2015-04-14T20:03:53.052-0100: 123.839: [GC (Allocation Failure) 
Desired survivor size 524288 bytes, new threshold 15 (max 15)
[PSYoungGen: 2304K->224K(2560K)] 13346K->11290K(13824K), 0.0007851 secs] [Times: user=0.00 sys=0.00, real=0.00 secs] 
2015-04-14T20:03:53.053-0100: 123.840: Total time for which application threads were stopped: 0.0009213 seconds, Stopping threads took: 0.0000132 seconds
2015-04-14T20:03:53.738-0100: 124.525: [GC (Allocation Failure) 
Desired survivor size 524288 bytes, new threshold 15 (max 15)
[PSYoungGen: 2272K->288K(2560K)] 13338K->11362K(13824K), 0.0010550 secs] [Times: user=0.00 sys=0.00, real=0.00 secs] 
2015-04-14T20:03:53.739-0100: 124.526: Total time for which application threads were stopped: 0.0012389 seconds, Stopping threads took: 0.0000193 seconds
2015-04-14T20:03:54.593-0100: 125.380: [GC (Allocation Failure) 
Desired survivor size 524288 bytes, new threshold 15 (max 15)
[PSYoungGen: 2336K->288K(2560K)] 13410K->11362K(13824K), 0.0010086 secs] [Times: user=0.01 sys=0.00, real=0.00 secs] 
2015-04-14T20:03:54.594-0100: 125.381: Total time for which application threads were stopped: 0.0011973 seconds, Stopping threads took: 0.0000209 seconds
2015-04-14T20:03:55.375-0100: 126.162: [GC (Allocation Failure) 
Desired survivor size 524288 bytes, new threshold 15 (max 15)
[PSYoungGen: 2336K->288K(2560K)] 13410K->11362K(13824K), 0.0008414 secs] [Times: user=0.00 sys=0.00, real=0.00 secs] 
2015-04-14T20:03:55.376-0100: 126.163: Total time for which application threads were stopped: 0.0009836 seconds, Stopping threads took: 0.0000208 seconds
2015-04-14T20:03:56.013-0100: 126.801: [GC (Allocation Failure) 
Desired survivor size 524288 bytes, new threshold 15 (max 15)
[PSYoungGen: 2336K->288K(2560K)] 13410K->11402K(13824K), 0.0008642 secs] [Times: user=0.00 sys=0.00, real=0.00 secs] 
2015-04-14T20:03:56.014-0100: 126.801: Total time for which application threads were stopped: 0.0010361 seconds, Stopping threads took: 0.0000194 seconds
2015-04-14T20:03:56.697-0100: 127.484: [GC (Allocation Failure) 
Desired survivor size 524288 bytes, new threshold 15 (max 15)
[PSYoungGen: 2336K->192K(2560K)] 13450K->11322K(13824K), 0.0008061 secs] [Times: user=0.00 sys=0.00, real=0.00 secs] 
2015-04-14T20:03:56.697-0100: 127.485: Total time for which application threads were stopped: 0.0009505 seconds, Stopping threads took: 0.0000144 seconds
2015-04-14T20:03:57.551-0100: 128.338: [GC (Allocation Failure) 
Desired survivor size 524288 bytes, new threshold 15 (max 15)
[PSYoungGen: 2240K->288K(2560K)] 13370K->11418K(13824K), 0.0007947 secs] [Times: user=0.00 sys=0.00, real=0.00 secs] 
2015-04-14T20:03:57.551-0100: 128.339: Total time for which application threads were stopped: 0.0009516 seconds, Stopping threads took: 0.0000162 seconds
2015-04-14T20:03:58.336-0100: 129.123: [GC (Allocation Failure) 
Desired survivor size 524288 bytes, new threshold 15 (max 15)
[PSYoungGen: 2336K->256K(2560K)] 13466K->11386K(13824K), 0.0008986 secs] [Times: user=0.00 sys=0.00, real=0.00 secs] 
2015-04-14T20:03:58.337-0100: 129.124: Total time for which application threads were stopped: 0.0010562 seconds, Stopping threads took: 0.0000184 seconds
2015-04-14T20:03:58.972-0100: 129.759: [GC (Allocation Failure) 
Desired survivor size 524288 bytes, new threshold 15 (max 15)
[PSYoungGen: 2304K->256K(2560K)] 13434K->11418K(13824K), 0.0009391 secs] [Times: user=0.01 sys=0.00, real=0.00 secs] 
2015-04-14T20:03:58.973-0100: 129.760: Total time for which application threads were stopped: 0.0011435 seconds, Stopping threads took: 0.0000175 seconds
2015-04-14T20:03:59.741-0100: 130.528: [GC (Allocation Failure) 
Desired survivor size 524288 bytes, new threshold 15 (max 15)
[PSYoungGen: 2304K->224K(2560K)] 13466K->11386K(13824K), 0.0008014 secs] [Times: user=0.00 sys=0.01, real=0.00 secs] 
2015-04-14T20:03:59.742-0100: 130.529: Total time for which application threads were stopped: 0.0009622 seconds, Stopping threads took: 0.0000165 seconds
2015-04-14T20:04:00.493-0100: 131.280: [GC (Allocation Failure) 
Desired survivor size 524288 bytes, new threshold 15 (max 15)
[PSYoungGen: 2272K->288K(2560K)] 13434K->11450K(13824K), 0.0011151 secs] [Times: user=0.01 sys=0.00, real=0.00 secs] 
2015-04-14T20:04:00.494-0100: 131.282: Total time for which application threads were stopped: 0.0013274 seconds, Stopping threads took: 0.0000197 seconds
2015-04-14T20:04:00.912-0100: 131.699: [GC (Allocation Failure) 
Desired survivor size 524288 bytes, new threshold 15 (max 15)
[PSYoungGen: 2336K->288K(2560K)] 13498K->11450K(13824K), 0.0010434 secs] [Times: user=0.00 sys=0.00, real=0.00 secs] 
2015-04-14T20:04:00.913-0100: 131.700: Total time for which application threads were stopped: 0.0012216 seconds, Stopping threads took: 0.0000210 seconds
2015-04-14T20:04:01.697-0100: 132.484: [GC (Allocation Failure) 
Desired survivor size 524288 bytes, new threshold 15 (max 15)
[PSYoungGen: 2336K->224K(2560K)] 13498K->11418K(13824K), 0.0011072 secs] [Times: user=0.00 sys=0.00, real=0.00 secs] 
2015-04-14T20:04:01.698-0100: 132.485: Total time for which application threads were stopped: 0.0013087 seconds, Stopping threads took: 0.0000220 seconds
2015-04-14T20:04:02.483-0100: 133.271: [GC (Allocation Failure) 
Desired survivor size 524288 bytes, new threshold 15 (max 15)
[PSYoungGen: 2272K->288K(2560K)] 13466K->11490K(13824K), 0.0010556 secs] [Times: user=0.01 sys=0.00, real=0.00 secs] 
2015-04-14T20:04:02.484-0100: 133.272: Total time for which application threads were stopped: 0.0012236 seconds, Stopping threads took: 0.0000186 seconds
2015-04-14T20:04:03.151-0100: 133.938: [GC (Allocation Failure) 
Desired survivor size 524288 bytes, new threshold 15 (max 15)
[PSYoungGen: 2336K->256K(2560K)] 13538K->11458K(13824K), 0.0008104 secs] [Times: user=0.00 sys=0.00, real=0.00 secs] 
2015-04-14T20:04:03.152-0100: 133.939: Total time for which application threads were stopped: 0.0009477 seconds, Stopping threads took: 0.0000154 seconds
2015-04-14T20:04:03.726-0100: 134.513: [GC (Allocation Failure) 
Desired survivor size 524288 bytes, new threshold 15 (max 15)
[PSYoungGen: 2304K->288K(2560K)] 13506K->11490K(13824K), 0.0008122 secs] [Times: user=0.01 sys=0.00, real=0.00 secs] 
2015-04-14T20:04:03.727-0100: 134.514: Total time for which application threads were stopped: 0.0009661 seconds, Stopping threads took: 0.0000165 seconds
2015-04-14T20:04:04.474-0100: 135.261: [GC (Allocation Failure) 
Desired survivor size 524288 bytes, new threshold 15 (max 15)
[PSYoungGen: 2336K->256K(2560K)] 13538K->11466K(13824K), 0.0010870 secs] [Times: user=0.00 sys=0.00, real=0.00 secs] 
2015-04-14T20:04:04.475-0100: 135.262: Total time for which application threads were stopped: 0.0012888 seconds, Stopping threads took: 0.0000228 seconds
2015-04-14T20:04:05.258-0100: 136.045: [GC (Allocation Failure) 
Desired survivor size 524288 bytes, new threshold 15 (max 15)
[PSYoungGen: 2304K->256K(2560K)] 13514K->11474K(13824K), 0.0009432 secs] [Times: user=0.00 sys=0.00, real=0.00 secs] 
2015-04-14T20:04:05.259-0100: 136.046: Total time for which application threads were stopped: 0.0011091 seconds, Stopping threads took: 0.0000173 seconds
2015-04-14T20:04:05.911-0100: 136.698: [GC (Allocation Failure) 
Desired survivor size 524288 bytes, new threshold 15 (max 15)
[PSYoungGen: 2304K->288K(2560K)] 13522K->11506K(13824K), 0.0008045 secs] [Times: user=0.00 sys=0.00, real=0.00 secs] 
2015-04-14T20:04:05.912-0100: 136.699: Total time for which application threads were stopped: 0.0009847 seconds, Stopping threads took: 0.0000178 seconds
2015-04-14T20:04:06.789-0100: 137.577: [GC (Allocation Failure) 
Desired survivor size 524288 bytes, new threshold 15 (max 15)
[PSYoungGen: 2336K->288K(2560K)] 13554K->11506K(13824K), 0.0009410 secs] [Times: user=0.00 sys=0.00, real=0.01 secs] 
2015-04-14T20:04:06.790-0100: 137.578: Total time for which application threads were stopped: 0.0011136 seconds, Stopping threads took: 0.0000173 seconds
2015-04-14T20:04:07.382-0100: 138.169: [GC (Allocation Failure) 
Desired survivor size 524288 bytes, new threshold 15 (max 15)
[PSYoungGen: 2336K->288K(2560K)] 13554K->11506K(13824K), 0.0010828 secs] [Times: user=0.00 sys=0.00, real=0.00 secs] 
2015-04-14T20:04:07.383-0100: 138.170: Total time for which application threads were stopped: 0.0012746 seconds, Stopping threads took: 0.0000205 seconds
2015-04-14T20:04:08.135-0100: 138.922: [GC (Allocation Failure) 
Desired survivor size 524288 bytes, new threshold 15 (max 15)
[PSYoungGen: 2336K->288K(2560K)] 13554K->11506K(13824K), 0.0008419 secs] [Times: user=0.01 sys=0.00, real=0.00 secs] 
2015-04-14T20:04:08.136-0100: 138.923: Total time for which application threads were stopped: 0.0010036 seconds, Stopping threads took: 0.0000171 seconds
2015-04-14T20:04:08.920-0100: 139.707: [GC (Allocation Failure) 
Desired survivor size 524288 bytes, new threshold 15 (max 15)
[PSYoungGen: 2336K->288K(2560K)] 13554K->11506K(13824K), 0.0007868 secs] [Times: user=0.00 sys=0.00, real=0.00 secs] 
2015-04-14T20:04:08.921-0100: 139.708: Total time for which application threads were stopped: 0.0009264 seconds, Stopping threads took: 0.0000165 seconds
2015-04-14T20:04:09.788-0100: 140.575: [GC (Allocation Failure) 
Desired survivor size 524288 bytes, new threshold 15 (max 15)
[PSYoungGen: 2336K->288K(2560K)] 13554K->11506K(13824K), 0.0007552 secs] [Times: user=0.00 sys=0.01, real=0.00 secs] 
2015-04-14T20:04:09.789-0100: 140.576: Total time for which application threads were stopped: 0.0008973 seconds, Stopping threads took: 0.0000144 seconds
2015-04-14T20:04:10.457-0100: 141.245: [GC (Allocation Failure) 
Desired survivor size 524288 bytes, new threshold 15 (max 15)
[PSYoungGen: 2336K->288K(2560K)] 13554K->11506K(13824K), 0.0007959 secs] [Times: user=0.00 sys=0.00, real=0.00 secs] 
2015-04-14T20:04:10.458-0100: 141.246: Total time for which application threads were stopped: 0.0009389 seconds, Stopping threads took: 0.0000157 seconds
2015-04-14T20:04:11.227-0100: 142.014: [GC (Allocation Failure) 
Desired survivor size 524288 bytes, new threshold 15 (max 15)
[PSYoungGen: 2336K->256K(2560K)] 13554K->11514K(13824K), 0.0008705 secs] [Times: user=0.00 sys=0.00, real=0.00 secs] 
2015-04-14T20:04:11.228-0100: 142.015: [Full GC (Ergonomics) [PSYoungGen: 256K->0K(2560K)] [ParOldGen: 11258K->8745K(11264K)] 11514K->8745K(13824K), [Metaspace: 17504K->17488K(1064960K)], 0.0213260 secs] [Times: user=0.07 sys=0.00, real=0.02 secs] 
2015-04-14T20:04:11.249-0100: 142.036: Total time for which application threads were stopped: 0.0224468 seconds, Stopping threads took: 0.0000170 seconds
2015-04-14T20:04:12.045-0100: 142.833: [GC (Allocation Failure) 
Desired survivor size 524288 bytes, new threshold 15 (max 15)
[PSYoungGen: 2048K->288K(2560K)] 10793K->9033K(13824K), 0.0009627 secs] [Times: user=0.00 sys=0.00, real=0.00 secs] 
2015-04-14T20:04:12.046-0100: 142.834: Total time for which application threads were stopped: 0.0012377 seconds, Stopping threads took: 0.0000224 seconds
2015-04-14T20:04:12.782-0100: 143.570: [GC (Allocation Failure) 
Desired survivor size 524288 bytes, new threshold 15 (max 15)
[PSYoungGen: 2336K->256K(2560K)] 11081K->9001K(13824K), 0.0010360 secs] [Times: user=0.00 sys=0.00, real=0.00 secs] 
2015-04-14T20:04:12.784-0100: 143.571: Total time for which application threads were stopped: 0.0012301 seconds, Stopping threads took: 0.0000206 seconds
2015-04-14T20:04:13.434-0100: 144.221: [GC (Allocation Failure) 
Desired survivor size 524288 bytes, new threshold 15 (max 15)
[PSYoungGen: 2304K->256K(2560K)] 11049K->9001K(13824K), 0.0009706 secs] [Times: user=0.00 sys=0.00, real=0.00 secs] 
2015-04-14T20:04:13.435-0100: 144.222: Total time for which application threads were stopped: 0.0011481 seconds, Stopping threads took: 0.0000169 seconds
2015-04-14T20:04:14.122-0100: 144.910: [GC (Allocation Failure) 
Desired survivor size 524288 bytes, new threshold 15 (max 15)
[PSYoungGen: 2304K->288K(2560K)] 11049K->9033K(13824K), 0.0009196 secs] [Times: user=0.00 sys=0.00, real=0.00 secs] 
2015-04-14T20:04:14.123-0100: 144.911: Total time for which application threads were stopped: 0.0010896 seconds, Stopping threads took: 0.0000212 seconds
2015-04-14T20:04:14.973-0100: 145.761: [GC (Allocation Failure) 
Desired survivor size 524288 bytes, new threshold 15 (max 15)
[PSYoungGen: 2336K->256K(2560K)] 11081K->9001K(13824K), 0.0007771 secs] [Times: user=0.00 sys=0.00, real=0.00 secs] 
2015-04-14T20:04:14.974-0100: 145.761: Total time for which application threads were stopped: 0.0009240 seconds, Stopping threads took: 0.0000162 seconds
2015-04-14T20:04:15.558-0100: 146.345: [GC (Allocation Failure) 
Desired survivor size 524288 bytes, new threshold 15 (max 15)
[PSYoungGen: 2304K->256K(2560K)] 11049K->9001K(13824K), 0.0010432 secs] [Times: user=0.00 sys=0.00, real=0.00 secs] 
2015-04-14T20:04:15.559-0100: 146.346: Total time for which application threads were stopped: 0.0012352 seconds, Stopping threads took: 0.0000186 seconds
2015-04-14T20:04:16.311-0100: 147.098: [GC (Allocation Failure) 
Desired survivor size 524288 bytes, new threshold 15 (max 15)
[PSYoungGen: 2304K->288K(2560K)] 11049K->9033K(13824K), 0.0009158 secs] [Times: user=0.00 sys=0.00, real=0.00 secs] 
2015-04-14T20:04:16.312-0100: 147.099: Total time for which application threads were stopped: 0.0010813 seconds, Stopping threads took: 0.0000180 seconds
2015-04-14T20:04:17.044-0100: 147.832: [GC (Allocation Failure) 
Desired survivor size 524288 bytes, new threshold 15 (max 15)
[PSYoungGen: 2336K->224K(2560K)] 11081K->8969K(13824K), 0.0009590 secs] [Times: user=0.01 sys=0.00, real=0.00 secs] 
2015-04-14T20:04:17.045-0100: 147.833: Total time for which application threads were stopped: 0.0011265 seconds, Stopping threads took: 0.0000194 seconds
2015-04-14T20:04:17.781-0100: 148.569: [GC (Allocation Failure) 
Desired survivor size 524288 bytes, new threshold 15 (max 15)
[PSYoungGen: 2272K->256K(2560K)] 11017K->9001K(13824K), 0.0009210 secs] [Times: user=0.00 sys=0.00, real=0.00 secs] 
2015-04-14T20:04:17.782-0100: 148.570: Total time for which application threads were stopped: 0.0010835 seconds, Stopping threads took: 0.0000183 seconds
2015-04-14T20:04:18.534-0100: 149.321: [GC (Allocation Failure) 
Desired survivor size 524288 bytes, new threshold 15 (max 15)
[PSYoungGen: 2304K->288K(2560K)] 11049K->9033K(13824K), 0.0011999 secs] [Times: user=0.00 sys=0.00, real=0.00 secs] 
2015-04-14T20:04:18.535-0100: 149.322: Total time for which application threads were stopped: 0.0013929 seconds, Stopping threads took: 0.0000215 seconds
2015-04-14T20:04:19.263-0100: 150.051: [GC (Allocation Failure) 
Desired survivor size 524288 bytes, new threshold 15 (max 15)
[PSYoungGen: 2335K->288K(2560K)] 11081K->9033K(13824K), 0.0011266 secs] [Times: user=0.01 sys=0.00, real=0.00 secs] 
2015-04-14T20:04:19.265-0100: 150.052: Total time for which application threads were stopped: 0.0013445 seconds, Stopping threads took: 0.0000413 seconds
2015-04-14T20:04:20.071-0100: 150.859: [GC (Allocation Failure) 
Desired survivor size 524288 bytes, new threshold 15 (max 15)
[PSYoungGen: 2336K->256K(2560K)] 11081K->9001K(13824K), 0.0007718 secs] [Times: user=0.00 sys=0.01, real=0.00 secs] 
2015-04-14T20:04:20.072-0100: 150.860: Total time for which application threads were stopped: 0.0009204 seconds, Stopping threads took: 0.0000182 seconds
2015-04-14T20:04:20.863-0100: 151.650: [GC (Allocation Failure) 
Desired survivor size 524288 bytes, new threshold 15 (max 15)
[PSYoungGen: 2304K->288K(2560K)] 11049K->9033K(13824K), 0.0008756 secs] [Times: user=0.00 sys=0.00, real=0.00 secs] 
2015-04-14T20:04:20.864-0100: 151.651: Total time for which application threads were stopped: 0.0011080 seconds, Stopping threads took: 0.0000186 seconds
2015-04-14T20:04:21.543-0100: 152.330: [GC (Allocation Failure) 
Desired survivor size 524288 bytes, new threshold 15 (max 15)
[PSYoungGen: 2336K->256K(2560K)] 11081K->9001K(13824K), 0.0008863 secs] [Times: user=0.00 sys=0.00, real=0.00 secs] 
2015-04-14T20:04:21.544-0100: 152.331: Total time for which application threads were stopped: 0.0010522 seconds, Stopping threads took: 0.0000191 seconds
2015-04-14T20:04:22.295-0100: 153.083: [GC (Allocation Failure) 
Desired survivor size 524288 bytes, new threshold 15 (max 15)
[PSYoungGen: 2304K->256K(2560K)] 11049K->9001K(13824K), 0.0010116 secs] [Times: user=0.00 sys=0.00, real=0.00 secs] 
2015-04-14T20:04:22.296-0100: 153.084: Total time for which application threads were stopped: 0.0011969 seconds, Stopping threads took: 0.0000181 seconds
2015-04-14T20:04:23.081-0100: 153.868: [GC (Allocation Failure) 
Desired survivor size 524288 bytes, new threshold 15 (max 15)
[PSYoungGen: 2304K->256K(2560K)] 11049K->9041K(13824K), 0.0009631 secs] [Times: user=0.01 sys=0.00, real=0.00 secs] 
2015-04-14T20:04:23.082-0100: 153.869: Total time for which application threads were stopped: 0.0011357 seconds, Stopping threads took: 0.0000204 seconds
2015-04-14T20:04:23.833-0100: 154.621: [GC (Allocation Failure) 
Desired survivor size 524288 bytes, new threshold 15 (max 15)
[PSYoungGen: 2304K->192K(2560K)] 11089K->8993K(13824K), 0.0008199 secs] [Times: user=0.01 sys=0.00, real=0.00 secs] 
2015-04-14T20:04:23.834-0100: 154.621: Total time for which application threads were stopped: 0.0009757 seconds, Stopping threads took: 0.0000179 seconds
2015-04-14T20:04:24.602-0100: 155.390: [GC (Allocation Failure) 
Desired survivor size 524288 bytes, new threshold 15 (max 15)
[PSYoungGen: 2240K->256K(2560K)] 11041K->9065K(13824K), 0.0008648 secs] [Times: user=0.00 sys=0.00, real=0.00 secs] 
2015-04-14T20:04:24.603-0100: 155.391: Total time for which application threads were stopped: 0.0010046 seconds, Stopping threads took: 0.0000163 seconds
2015-04-14T20:04:25.371-0100: 156.159: [GC (Allocation Failure) 
Desired survivor size 524288 bytes, new threshold 15 (max 15)
[PSYoungGen: 2304K->288K(2560K)] 11113K->9113K(13824K), 0.0010257 secs] [Times: user=0.00 sys=0.00, real=0.00 secs] 
2015-04-14T20:04:25.372-0100: 156.160: Total time for which application threads were stopped: 0.0012388 seconds, Stopping threads took: 0.0000191 seconds
2015-04-14T20:04:26.157-0100: 156.945: [GC (Allocation Failure) 
Desired survivor size 524288 bytes, new threshold 15 (max 15)
[PSYoungGen: 2336K->288K(2560K)] 11161K->9121K(13824K), 0.0010852 secs] [Times: user=0.00 sys=0.00, real=0.00 secs] 
2015-04-14T20:04:26.158-0100: 156.946: Total time for which application threads were stopped: 0.0012657 seconds, Stopping threads took: 0.0000195 seconds
2015-04-14T20:04:26.929-0100: 157.717: [GC (Allocation Failure) 
Desired survivor size 524288 bytes, new threshold 15 (max 15)
[PSYoungGen: 2336K->288K(2560K)] 11169K->9145K(13824K), 0.0009053 secs] [Times: user=0.00 sys=0.00, real=0.01 secs] 
2015-04-14T20:04:26.930-0100: 157.718: Total time for which application threads were stopped: 0.0010792 seconds, Stopping threads took: 0.0000193 seconds
2015-04-14T20:04:27.728-0100: 158.516: [GC (Allocation Failure) 
Desired survivor size 524288 bytes, new threshold 15 (max 15)
[PSYoungGen: 2336K->256K(2560K)] 11193K->9153K(13824K), 0.0008859 secs] [Times: user=0.00 sys=0.00, real=0.00 secs] 
2015-04-14T20:04:27.729-0100: 158.517: Total time for which application threads were stopped: 0.0010508 seconds, Stopping threads took: 0.0000191 seconds
2015-04-14T20:04:28.296-0100: 159.084: [GC (Allocation Failure) 
Desired survivor size 524288 bytes, new threshold 15 (max 15)
[PSYoungGen: 2304K->288K(2560K)] 11201K->9185K(13824K), 0.0008433 secs] [Times: user=0.00 sys=0.00, real=0.00 secs] 
2015-04-14T20:04:28.297-0100: 159.085: Total time for which application threads were stopped: 0.0009939 seconds, Stopping threads took: 0.0000155 seconds
2015-04-14T20:04:29.263-0100: 160.051: [GC (Allocation Failure) 
Desired survivor size 524288 bytes, new threshold 15 (max 15)
[PSYoungGen: 2336K->288K(2560K)] 11233K->9185K(13824K), 0.0007938 secs] [Times: user=0.00 sys=0.00, real=0.00 secs] 
2015-04-14T20:04:29.264-0100: 160.052: Total time for which application threads were stopped: 0.0009374 seconds, Stopping threads took: 0.0000178 seconds
2015-04-14T20:04:29.935-0100: 160.723: [GC (Allocation Failure) 
Desired survivor size 524288 bytes, new threshold 15 (max 15)
[PSYoungGen: 2336K->288K(2560K)] 11233K->9185K(13824K), 0.0010522 secs] [Times: user=0.01 sys=0.00, real=0.00 secs] 
2015-04-14T20:04:29.936-0100: 160.724: Total time for which application threads were stopped: 0.0012427 seconds, Stopping threads took: 0.0000214 seconds
2015-04-14T20:04:30.664-0100: 161.451: [GC (Allocation Failure) 
Desired survivor size 524288 bytes, new threshold 15 (max 15)
[PSYoungGen: 2336K->288K(2560K)] 11233K->9185K(13824K), 0.0009499 secs] [Times: user=0.00 sys=0.00, real=0.00 secs] 
2015-04-14T20:04:30.665-0100: 161.452: Total time for which application threads were stopped: 0.0011186 seconds, Stopping threads took: 0.0000190 seconds
2015-04-14T20:04:31.474-0100: 162.262: [GC (Allocation Failure) 
Desired survivor size 524288 bytes, new threshold 15 (max 15)
[PSYoungGen: 2336K->256K(2560K)] 11233K->9153K(13824K), 0.0008372 secs] [Times: user=0.00 sys=0.00, real=0.00 secs] 
2015-04-14T20:04:31.475-0100: 162.263: Total time for which application threads were stopped: 0.0009821 seconds, Stopping threads took: 0.0000169 seconds
2015-04-14T20:04:32.259-0100: 163.047: [GC (Allocation Failure) 
Desired survivor size 524288 bytes, new threshold 15 (max 15)
[PSYoungGen: 2304K->256K(2560K)] 11201K->9161K(13824K), 0.0009053 secs] [Times: user=0.00 sys=0.00, real=0.01 secs] 
2015-04-14T20:04:32.260-0100: 163.048: Total time for which application threads were stopped: 0.0010718 seconds, Stopping threads took: 0.0000196 seconds
2015-04-14T20:04:32.964-0100: 163.751: Total time for which application threads were stopped: 0.0000864 seconds, Stopping threads took: 0.0000183 seconds
2015-04-14T20:04:32.964-0100: 163.751: [GC (GCLocker Initiated GC) 
Desired survivor size 524288 bytes, new threshold 15 (max 15)
[PSYoungGen: 2304K->288K(2560K)] 11209K->9193K(13824K), 0.0009441 secs] [Times: user=0.00 sys=0.00, real=0.00 secs] 
2015-04-14T20:04:32.965-0100: 163.752: Total time for which application threads were stopped: 0.0010760 seconds, Stopping threads took: 0.0000114 seconds
2015-04-14T20:04:33.698-0100: 164.486: [GC (Allocation Failure) 
Desired survivor size 524288 bytes, new threshold 15 (max 15)
[PSYoungGen: 2336K->288K(2560K)] 11245K->9197K(13824K), 0.0009178 secs] [Times: user=0.00 sys=0.00, real=0.00 secs] 
2015-04-14T20:04:33.699-0100: 164.487: Total time for which application threads were stopped: 0.0010917 seconds, Stopping threads took: 0.0000196 seconds
2015-04-14T20:04:34.485-0100: 165.273: [GC (Allocation Failure) 
Desired survivor size 524288 bytes, new threshold 15 (max 15)
[PSYoungGen: 2336K->256K(2560K)] 11245K->9165K(13824K), 0.0009885 secs] [Times: user=0.00 sys=0.00, real=0.00 secs] 
2015-04-14T20:04:34.486-0100: 165.274: Total time for which application threads were stopped: 0.0011814 seconds, Stopping threads took: 0.0000212 seconds
2015-04-14T20:04:35.353-0100: 166.141: [GC (Allocation Failure) 
Desired survivor size 524288 bytes, new threshold 15 (max 15)
[PSYoungGen: 2304K->288K(2560K)] 11213K->9197K(13824K), 0.0007616 secs] [Times: user=0.00 sys=0.00, real=0.00 secs] 
2015-04-14T20:04:35.354-0100: 166.141: Total time for which application threads were stopped: 0.0009036 seconds, Stopping threads took: 0.0000176 seconds
2015-04-14T20:04:35.923-0100: 166.710: [GC (Allocation Failure) 
Desired survivor size 524288 bytes, new threshold 15 (max 15)
[PSYoungGen: 2336K->288K(2560K)] 11245K->9197K(13824K), 0.0010291 secs] [Times: user=0.00 sys=0.00, real=0.00 secs] 
2015-04-14T20:04:35.924-0100: 166.712: Total time for which application threads were stopped: 0.0012227 seconds, Stopping threads took: 0.0000234 seconds
2015-04-14T20:04:36.676-0100: 167.463: [GC (Allocation Failure) 
Desired survivor size 524288 bytes, new threshold 15 (max 15)
[PSYoungGen: 2336K->288K(2560K)] 11245K->9237K(13824K), 0.0010994 secs] [Times: user=0.01 sys=0.00, real=0.00 secs] 
2015-04-14T20:04:36.677-0100: 167.464: Total time for which application threads were stopped: 0.0012923 seconds, Stopping threads took: 0.0000222 seconds
2015-04-14T20:04:37.571-0100: 168.358: [GC (Allocation Failure) 
Desired survivor size 524288 bytes, new threshold 15 (max 15)
[PSYoungGen: 2336K->288K(2560K)] 11285K->9237K(13824K), 0.0008662 secs] [Times: user=0.00 sys=0.00, real=0.00 secs] 
2015-04-14T20:04:37.571-0100: 168.359: Total time for which application threads were stopped: 0.0010385 seconds, Stopping threads took: 0.0000188 seconds
2015-04-14T20:04:38.264-0100: 169.051: [GC (Allocation Failure) 
Desired survivor size 524288 bytes, new threshold 15 (max 15)
[PSYoungGen: 2336K->288K(2560K)] 11285K->9237K(13824K), 0.0010751 secs] [Times: user=0.00 sys=0.00, real=0.00 secs] 
2015-04-14T20:04:38.265-0100: 169.053: Total time for which application threads were stopped: 0.0012661 seconds, Stopping threads took: 0.0000199 seconds
2015-04-14T20:04:38.880-0100: 169.668: [GC (Allocation Failure) 
Desired survivor size 524288 bytes, new threshold 15 (max 15)
[PSYoungGen: 2336K->256K(2560K)] 11285K->9205K(13824K), 0.0010023 secs] [Times: user=0.00 sys=0.00, real=0.00 secs] 
2015-04-14T20:04:38.881-0100: 169.669: Total time for which application threads were stopped: 0.0011783 seconds, Stopping threads took: 0.0000204 seconds
2015-04-14T20:04:39.814-0100: 170.602: [GC (Allocation Failure) 
Desired survivor size 524288 bytes, new threshold 15 (max 15)
[PSYoungGen: 2304K->256K(2560K)] 11253K->9213K(13824K), 0.0010153 secs] [Times: user=0.00 sys=0.00, real=0.00 secs] 
2015-04-14T20:04:39.815-0100: 170.603: Total time for which application threads were stopped: 0.0012162 seconds, Stopping threads took: 0.0000190 seconds
2015-04-14T20:04:40.435-0100: 171.223: [GC (Allocation Failure) 
Desired survivor size 524288 bytes, new threshold 15 (max 15)
[PSYoungGen: 2304K->288K(2560K)] 11261K->9245K(13824K), 0.0009673 secs] [Times: user=0.00 sys=0.00, real=0.00 secs] 
2015-04-14T20:04:40.436-0100: 171.224: Total time for which application threads were stopped: 0.0011375 seconds, Stopping threads took: 0.0000196 seconds
2015-04-14T20:04:41.138-0100: 171.926: [GC (Allocation Failure) 
Desired survivor size 524288 bytes, new threshold 15 (max 15)
[PSYoungGen: 2336K->288K(2560K)] 11293K->9253K(13824K), 0.0009452 secs] [Times: user=0.00 sys=0.00, real=0.00 secs] 
2015-04-14T20:04:41.139-0100: 171.927: Total time for which application threads were stopped: 0.0011125 seconds, Stopping threads took: 0.0000198 seconds
2015-04-14T20:04:41.855-0100: 172.643: [GC (Allocation Failure) 
Desired survivor size 524288 bytes, new threshold 15 (max 15)
[PSYoungGen: 2336K->288K(2560K)] 11301K->9253K(13824K), 0.0009318 secs] [Times: user=0.00 sys=0.00, real=0.00 secs] 
2015-04-14T20:04:41.856-0100: 172.644: Total time for which application threads were stopped: 0.0010830 seconds, Stopping threads took: 0.0000183 seconds
2015-04-14T20:04:42.559-0100: 173.346: [GC (Allocation Failure) 
Desired survivor size 524288 bytes, new threshold 15 (max 15)
[PSYoungGen: 2336K->288K(2560K)] 11301K->9253K(13824K), 0.0009252 secs] [Times: user=0.00 sys=0.00, real=0.01 secs] 
2015-04-14T20:04:42.560-0100: 173.347: Total time for which application threads were stopped: 0.0010845 seconds, Stopping threads took: 0.0000182 seconds
2015-04-14T20:04:43.164-0100: 173.951: [GC (Allocation Failure) 
Desired survivor size 524288 bytes, new threshold 15 (max 15)
[PSYoungGen: 2336K->288K(2560K)] 11301K->9253K(13824K), 0.0007848 secs] [Times: user=0.00 sys=0.00, real=0.00 secs] 
2015-04-14T20:04:43.164-0100: 173.952: Total time for which application threads were stopped: 0.0009272 seconds, Stopping threads took: 0.0000158 seconds
2015-04-14T20:04:43.830-0100: 174.617: [GC (Allocation Failure) 
Desired survivor size 524288 bytes, new threshold 15 (max 15)
[PSYoungGen: 2336K->128K(2560K)] 11301K->9101K(13824K), 0.0011924 secs] [Times: user=0.01 sys=0.00, real=0.00 secs] 
2015-04-14T20:04:43.831-0100: 174.619: Total time for which application threads were stopped: 0.0014034 seconds, Stopping threads took: 0.0000206 seconds
2015-04-14T20:04:44.564-0100: 175.352: [GC (Allocation Failure) 
Desired survivor size 524288 bytes, new threshold 15 (max 15)
[PSYoungGen: 2176K->288K(2560K)] 11149K->9301K(13824K), 0.0009550 secs] [Times: user=0.00 sys=0.00, real=0.00 secs] 
2015-04-14T20:04:44.565-0100: 175.353: Total time for which application threads were stopped: 0.0011261 seconds, Stopping threads took: 0.0000175 seconds
2015-04-14T20:04:45.134-0100: 175.922: [GC (Allocation Failure) 
Desired survivor size 524288 bytes, new threshold 15 (max 15)
[PSYoungGen: 2336K->288K(2560K)] 11349K->9309K(13824K), 0.0008447 secs] [Times: user=0.01 sys=0.00, real=0.00 secs] 
2015-04-14T20:04:45.135-0100: 175.923: Total time for which application threads were stopped: 0.0010240 seconds, Stopping threads took: 0.0000184 seconds
2015-04-14T20:04:45.774-0100: 176.562: [GC (Allocation Failure) 
Desired survivor size 524288 bytes, new threshold 15 (max 15)
[PSYoungGen: 2336K->288K(2560K)] 11357K->9309K(13824K), 0.0009205 secs] [Times: user=0.00 sys=0.00, real=0.00 secs] 
2015-04-14T20:04:45.775-0100: 176.563: Total time for which application threads were stopped: 0.0010882 seconds, Stopping threads took: 0.0000189 seconds
2015-04-14T20:04:46.536-0100: 177.324: [GC (Allocation Failure) 
Desired survivor size 524288 bytes, new threshold 15 (max 15)
[PSYoungGen: 2336K->224K(2560K)] 11357K->9285K(13824K), 0.0009303 secs] [Times: user=0.00 sys=0.00, real=0.00 secs] 
2015-04-14T20:04:46.537-0100: 177.325: Total time for which application threads were stopped: 0.0010903 seconds, Stopping threads took: 0.0000197 seconds
2015-04-14T20:04:47.114-0100: 177.902: [GC (Allocation Failure) 
Desired survivor size 524288 bytes, new threshold 15 (max 15)
[PSYoungGen: 2272K->256K(2560K)] 11333K->9317K(13824K), 0.0009924 secs] [Times: user=0.00 sys=0.00, real=0.00 secs] 
2015-04-14T20:04:47.115-0100: 177.903: Total time for which application threads were stopped: 0.0012361 seconds, Stopping threads took: 0.0000160 seconds
2015-04-14T20:04:47.775-0100: 178.563: [GC (Allocation Failure) 
Desired survivor size 524288 bytes, new threshold 15 (max 15)
[PSYoungGen: 2304K->288K(2560K)] 11365K->9349K(13824K), 0.0009611 secs] [Times: user=0.01 sys=0.00, real=0.00 secs] 
2015-04-14T20:04:47.776-0100: 178.564: Total time for which application threads were stopped: 0.0011404 seconds, Stopping threads took: 0.0000195 seconds
2015-04-14T20:04:48.227-0100: 179.015: [GC (Allocation Failure) 
Desired survivor size 524288 bytes, new threshold 15 (max 15)
[PSYoungGen: 2336K->256K(2560K)] 11397K->9317K(13824K), 0.0009104 secs] [Times: user=0.00 sys=0.00, real=0.00 secs] 
2015-04-14T20:04:48.228-0100: 179.016: Total time for which application threads were stopped: 0.0010763 seconds, Stopping threads took: 0.0000207 seconds
2015-04-14T20:04:48.929-0100: 179.717: [GC (Allocation Failure) 
Desired survivor size 524288 bytes, new threshold 15 (max 15)
[PSYoungGen: 2304K->256K(2560K)] 11365K->9325K(13824K), 0.0008548 secs] [Times: user=0.00 sys=0.00, real=0.01 secs] 
2015-04-14T20:04:48.930-0100: 179.718: Total time for which application threads were stopped: 0.0010081 seconds, Stopping threads took: 0.0000166 seconds
2015-04-14T20:04:49.416-0100: 180.203: [GC (Allocation Failure) 
Desired survivor size 524288 bytes, new threshold 15 (max 15)
[PSYoungGen: 2304K->256K(2560K)] 11373K->9333K(13824K), 0.0010006 secs] [Times: user=0.01 sys=0.00, real=0.00 secs] 
2015-04-14T20:04:49.417-0100: 180.205: Total time for which application threads were stopped: 0.0011733 seconds, Stopping threads took: 0.0000190 seconds
2015-04-14T20:04:50.114-0100: 180.902: [GC (Allocation Failure) 
Desired survivor size 524288 bytes, new threshold 15 (max 15)
[PSYoungGen: 2304K->288K(2560K)] 11381K->9365K(13824K), 0.0007553 secs] [Times: user=0.00 sys=0.00, real=0.00 secs] 
2015-04-14T20:04:50.115-0100: 180.903: Total time for which application threads were stopped: 0.0009220 seconds, Stopping threads took: 0.0000176 seconds
2015-04-14T20:04:50.612-0100: 181.400: [GC (Allocation Failure) 
Desired survivor size 524288 bytes, new threshold 15 (max 15)
[PSYoungGen: 2336K->288K(2560K)] 11413K->9365K(13824K), 0.0010323 secs] [Times: user=0.01 sys=0.01, real=0.00 secs] 
2015-04-14T20:04:50.613-0100: 181.401: Total time for which application threads were stopped: 0.0012281 seconds, Stopping threads took: 0.0000196 seconds
2015-04-14T20:04:51.119-0100: 181.906: [GC (Allocation Failure) 
Desired survivor size 524288 bytes, new threshold 15 (max 15)
[PSYoungGen: 2336K->256K(2560K)] 11413K->9349K(13824K), 0.0009274 secs] [Times: user=0.01 sys=0.00, real=0.00 secs] 
2015-04-14T20:04:51.120-0100: 181.907: Total time for which application threads were stopped: 0.0010949 seconds, Stopping threads took: 0.0000198 seconds
2015-04-14T20:04:51.855-0100: 182.643: [GC (Allocation Failure) 
Desired survivor size 524288 bytes, new threshold 15 (max 15)
[PSYoungGen: 2304K->288K(2560K)] 11397K->9381K(13824K), 0.0008275 secs] [Times: user=0.00 sys=0.00, real=0.00 secs] 
2015-04-14T20:04:51.856-0100: 182.644: Total time for which application threads were stopped: 0.0009754 seconds, Stopping threads took: 0.0000176 seconds
2015-04-14T20:04:52.657-0100: 183.445: [GC (Allocation Failure) 
Desired survivor size 524288 bytes, new threshold 15 (max 15)
[PSYoungGen: 2336K->256K(2560K)] 11429K->9357K(13824K), 0.0010259 secs] [Times: user=0.01 sys=0.00, real=0.00 secs] 
2015-04-14T20:04:52.658-0100: 183.446: Total time for which application threads were stopped: 0.0012117 seconds, Stopping threads took: 0.0000208 seconds
2015-04-14T20:04:53.308-0100: 184.096: [GC (Allocation Failure) 
Desired survivor size 524288 bytes, new threshold 15 (max 15)
[PSYoungGen: 2304K->256K(2560K)] 11405K->9357K(13824K), 0.0008280 secs] [Times: user=0.01 sys=0.00, real=0.00 secs] 
2015-04-14T20:04:53.309-0100: 184.097: Total time for which application threads were stopped: 0.0009911 seconds, Stopping threads took: 0.0000218 seconds
2015-04-14T20:04:54.079-0100: 184.867: [GC (Allocation Failure) 
Desired survivor size 524288 bytes, new threshold 15 (max 15)
[PSYoungGen: 2304K->256K(2560K)] 11405K->9365K(13824K), 0.0008654 secs] [Times: user=0.00 sys=0.00, real=0.01 secs] 
2015-04-14T20:04:54.080-0100: 184.868: Total time for which application threads were stopped: 0.0010175 seconds, Stopping threads took: 0.0000174 seconds
2015-04-14T20:04:54.882-0100: 185.670: [GC (Allocation Failure) 
Desired survivor size 524288 bytes, new threshold 15 (max 15)
[PSYoungGen: 2304K->256K(2560K)] 11413K->9381K(13824K), 0.0010112 secs] [Times: user=0.01 sys=0.00, real=0.00 secs] 
2015-04-14T20:04:54.883-0100: 185.671: Total time for which application threads were stopped: 0.0011938 seconds, Stopping threads took: 0.0000209 seconds
2015-04-14T20:04:55.316-0100: 186.104: [GC (Allocation Failure) 
Desired survivor size 524288 bytes, new threshold 15 (max 15)
[PSYoungGen: 2304K->224K(2560K)] 11429K->9357K(13824K), 0.0008454 secs] [Times: user=0.01 sys=0.00, real=0.00 secs] 
2015-04-14T20:04:55.317-0100: 186.105: Total time for which application threads were stopped: 0.0010169 seconds, Stopping threads took: 0.0000211 seconds
2015-04-14T20:04:56.152-0100: 186.940: [GC (Allocation Failure) 
Desired survivor size 524288 bytes, new threshold 15 (max 15)
[PSYoungGen: 2272K->256K(2560K)] 11405K->9421K(13824K), 0.0008242 secs] [Times: user=0.00 sys=0.00, real=0.00 secs] 
2015-04-14T20:04:56.153-0100: 186.941: Total time for which application threads were stopped: 0.0009637 seconds, Stopping threads took: 0.0000175 seconds
2015-04-14T20:04:56.587-0100: 187.375: [GC (Allocation Failure) 
Desired survivor size 524288 bytes, new threshold 15 (max 15)
[PSYoungGen: 2304K->288K(2560K)] 11469K->9461K(13824K), 0.0009236 secs] [Times: user=0.01 sys=0.00, real=0.00 secs] 
2015-04-14T20:04:56.588-0100: 187.376: Total time for which application threads were stopped: 0.0011166 seconds, Stopping threads took: 0.0000196 seconds
2015-04-14T20:04:57.315-0100: 188.103: [GC (Allocation Failure) 
Desired survivor size 524288 bytes, new threshold 15 (max 15)
[PSYoungGen: 2336K->256K(2560K)] 11509K->9437K(13824K), 0.0010716 secs] [Times: user=0.00 sys=0.00, real=0.00 secs] 
2015-04-14T20:04:57.316-0100: 188.104: Total time for which application threads were stopped: 0.0012685 seconds, Stopping threads took: 0.0000212 seconds
2015-04-14T20:04:57.906-0100: 188.695: [GC (Allocation Failure) 
Desired survivor size 524288 bytes, new threshold 15 (max 15)
[PSYoungGen: 2304K->224K(2560K)] 11485K->9429K(13824K), 0.0010162 secs] [Times: user=0.00 sys=0.00, real=0.00 secs] 
2015-04-14T20:04:57.908-0100: 188.696: Total time for which application threads were stopped: 0.0011880 seconds, Stopping threads took: 0.0000188 seconds
2015-04-14T20:04:58.576-0100: 189.364: [GC (Allocation Failure) 
Desired survivor size 524288 bytes, new threshold 15 (max 15)
[PSYoungGen: 2272K->288K(2560K)] 11477K->9493K(13824K), 0.0010792 secs] [Times: user=0.01 sys=0.00, real=0.00 secs] 
2015-04-14T20:04:58.577-0100: 189.366: Total time for which application threads were stopped: 0.0012664 seconds, Stopping threads took: 0.0000216 seconds
2015-04-14T20:04:59.471-0100: 190.259: [GC (Allocation Failure) 
Desired survivor size 524288 bytes, new threshold 15 (max 15)
[PSYoungGen: 2336K->288K(2560K)] 11541K->9493K(13824K), 0.0009223 secs] [Times: user=0.01 sys=0.00, real=0.00 secs] 
2015-04-14T20:04:59.472-0100: 190.260: Total time for which application threads were stopped: 0.0010804 seconds, Stopping threads took: 0.0000185 seconds
2015-04-14T20:05:00.084-0100: 190.872: Total time for which application threads were stopped: 0.0000823 seconds, Stopping threads took: 0.0000145 seconds
2015-04-14T20:05:00.084-0100: 190.872: [GC (GCLocker Initiated GC) 
Desired survivor size 524288 bytes, new threshold 15 (max 15)
[PSYoungGen: 2336K->256K(2560K)] 11541K->9461K(13824K), 0.0008361 secs] [Times: user=0.00 sys=0.00, real=0.00 secs] 
2015-04-14T20:05:00.085-0100: 190.873: Total time for which application threads were stopped: 0.0009411 seconds, Stopping threads took: 0.0000061 seconds
2015-04-14T20:05:00.864-0100: 191.653: [GC (Allocation Failure) 
Desired survivor size 524288 bytes, new threshold 15 (max 15)
[PSYoungGen: 2304K->288K(2560K)] 11516K->9516K(13824K), 0.0010146 secs] [Times: user=0.00 sys=0.00, real=0.00 secs] 
2015-04-14T20:05:00.866-0100: 191.654: Total time for which application threads were stopped: 0.0011942 seconds, Stopping threads took: 0.0000193 seconds
2015-04-14T20:05:01.653-0100: 192.441: [GC (Allocation Failure) 
Desired survivor size 524288 bytes, new threshold 15 (max 15)
[PSYoungGen: 2336K->256K(2560K)] 11564K->9508K(13824K), 0.0010742 secs] [Times: user=0.00 sys=0.00, real=0.00 secs] 
2015-04-14T20:05:01.654-0100: 192.442: Total time for which application threads were stopped: 0.0012992 seconds, Stopping threads took: 0.0000222 seconds
2015-04-14T20:05:02.336-0100: 193.125: [GC (Allocation Failure) 
Desired survivor size 524288 bytes, new threshold 15 (max 15)
[PSYoungGen: 2304K->256K(2560K)] 11556K->9508K(13824K), 0.0010493 secs] [Times: user=0.00 sys=0.00, real=0.00 secs] 
2015-04-14T20:05:02.338-0100: 193.126: Total time for which application threads were stopped: 0.0012559 seconds, Stopping threads took: 0.0000227 seconds
2015-04-14T20:05:03.106-0100: 193.894: [GC (Allocation Failure) 
Desired survivor size 524288 bytes, new threshold 15 (max 15)
[PSYoungGen: 2304K->256K(2560K)] 11556K->9508K(13824K), 0.0007751 secs] [Times: user=0.00 sys=0.00, real=0.00 secs] 
2015-04-14T20:05:03.107-0100: 193.895: Total time for which application threads were stopped: 0.0009374 seconds, Stopping threads took: 0.0000199 seconds
2015-04-14T20:05:03.992-0100: 194.780: [GC (Allocation Failure) 
Desired survivor size 524288 bytes, new threshold 15 (max 15)
[PSYoungGen: 2304K->288K(2560K)] 11556K->9548K(13824K), 0.0009321 secs] [Times: user=0.01 sys=0.00, real=0.00 secs] 
2015-04-14T20:05:03.993-0100: 194.781: Total time for which application threads were stopped: 0.0011278 seconds, Stopping threads took: 0.0000231 seconds
2015-04-14T20:05:04.629-0100: 195.418: [GC (Allocation Failure) 
Desired survivor size 524288 bytes, new threshold 15 (max 15)
[PSYoungGen: 2336K->256K(2560K)] 11596K->9516K(13824K), 0.0010538 secs] [Times: user=0.00 sys=0.00, real=0.00 secs] 
2015-04-14T20:05:04.631-0100: 195.419: Total time for which application threads were stopped: 0.0012373 seconds, Stopping threads took: 0.0000206 seconds
2015-04-14T20:05:05.365-0100: 196.153: [GC (Allocation Failure) 
Desired survivor size 524288 bytes, new threshold 15 (max 15)
[PSYoungGen: 2304K->288K(2560K)] 11564K->9548K(13824K), 0.0008804 secs] [Times: user=0.00 sys=0.00, real=0.00 secs] 
2015-04-14T20:05:05.366-0100: 196.154: Total time for which application threads were stopped: 0.0010477 seconds, Stopping threads took: 0.0000182 seconds
2015-04-14T20:05:06.191-0100: 196.980: [GC (Allocation Failure) 
Desired survivor size 524288 bytes, new threshold 15 (max 15)
[PSYoungGen: 2336K->288K(2560K)] 11596K->9548K(13824K), 0.0009372 secs] [Times: user=0.00 sys=0.00, real=0.00 secs] 
2015-04-14T20:05:06.192-0100: 196.981: Total time for which application threads were stopped: 0.0011046 seconds, Stopping threads took: 0.0000193 seconds
2015-04-14T20:05:06.954-0100: 197.742: [GC (Allocation Failure) 
Desired survivor size 524288 bytes, new threshold 15 (max 15)
[PSYoungGen: 2336K->256K(2560K)] 11596K->9516K(13824K), 0.0010253 secs] [Times: user=0.01 sys=0.00, real=0.00 secs] 
2015-04-14T20:05:06.955-0100: 197.743: Total time for which application threads were stopped: 0.0012128 seconds, Stopping threads took: 0.0000202 seconds
2015-04-14T20:05:07.388-0100: 198.177: [GC (Allocation Failure) 
Desired survivor size 524288 bytes, new threshold 15 (max 15)
[PSYoungGen: 2304K->224K(2560K)] 11564K->9484K(13824K), 0.0009858 secs] [Times: user=0.00 sys=0.00, real=0.01 secs] 
2015-04-14T20:05:07.390-0100: 198.178: Total time for which application threads were stopped: 0.0011980 seconds, Stopping threads took: 0.0000219 seconds
2015-04-14T20:05:08.188-0100: 198.977: [GC (Allocation Failure) 
Desired survivor size 524288 bytes, new threshold 15 (max 15)
[PSYoungGen: 2272K->256K(2560K)] 11532K->9516K(13824K), 0.0008049 secs] [Times: user=0.00 sys=0.00, real=0.00 secs] 
2015-04-14T20:05:08.189-0100: 198.977: Total time for which application threads were stopped: 0.0009380 seconds, Stopping threads took: 0.0000163 seconds
2015-04-14T20:05:08.959-0100: 199.747: [GC (Allocation Failure) 
Desired survivor size 524288 bytes, new threshold 15 (max 15)
[PSYoungGen: 2304K->256K(2560K)] 11564K->9516K(13824K), 0.0010326 secs] [Times: user=0.01 sys=0.00, real=0.01 secs] 
2015-04-14T20:05:08.960-0100: 199.748: Total time for which application threads were stopped: 0.0012199 seconds, Stopping threads took: 0.0000206 seconds
2015-04-14T20:05:09.611-0100: 200.399: [GC (Allocation Failure) 
Desired survivor size 524288 bytes, new threshold 15 (max 15)
[PSYoungGen: 2304K->160K(2560K)] 11564K->9420K(13824K), 0.0008331 secs] [Times: user=0.00 sys=0.00, real=0.00 secs] 
2015-04-14T20:05:09.612-0100: 200.400: Total time for which application threads were stopped: 0.0009691 seconds, Stopping threads took: 0.0000168 seconds
2015-04-14T20:05:10.397-0100: 201.185: [GC (Allocation Failure) 
Desired survivor size 524288 bytes, new threshold 15 (max 15)
[PSYoungGen: 2208K->256K(2560K)] 11468K->9516K(13824K), 0.0008787 secs] [Times: user=0.01 sys=0.00, real=0.00 secs] 
2015-04-14T20:05:10.398-0100: 201.186: Total time for which application threads were stopped: 0.0010396 seconds, Stopping threads took: 0.0000204 seconds
2015-04-14T20:05:11.150-0100: 201.938: [GC (Allocation Failure) 
Desired survivor size 524288 bytes, new threshold 15 (max 15)
[PSYoungGen: 2304K->288K(2560K)] 11564K->9564K(13824K), 0.0009302 secs] [Times: user=0.00 sys=0.00, real=0.00 secs] 
2015-04-14T20:05:11.151-0100: 201.939: Total time for which application threads were stopped: 0.0011084 seconds, Stopping threads took: 0.0000191 seconds
2015-04-14T20:05:12.035-0100: 202.824: [GC (Allocation Failure) 
Desired survivor size 524288 bytes, new threshold 15 (max 15)
[PSYoungGen: 2336K->256K(2560K)] 11612K->9540K(13824K), 0.0008026 secs] [Times: user=0.00 sys=0.00, real=0.00 secs] 
2015-04-14T20:05:12.036-0100: 202.824: Total time for which application threads were stopped: 0.0009721 seconds, Stopping threads took: 0.0000159 seconds
2015-04-14T20:05:12.837-0100: 203.625: [GC (Allocation Failure) 
Desired survivor size 524288 bytes, new threshold 15 (max 15)
[PSYoungGen: 2304K->256K(2560K)] 11588K->9548K(13824K), 0.0008242 secs] [Times: user=0.00 sys=0.00, real=0.00 secs] 
2015-04-14T20:05:12.838-0100: 203.626: Total time for which application threads were stopped: 0.0009656 seconds, Stopping threads took: 0.0000171 seconds
2015-04-14T20:05:13.254-0100: 204.042: [GC (Allocation Failure) 
Desired survivor size 524288 bytes, new threshold 15 (max 15)
[PSYoungGen: 2304K->288K(2560K)] 11596K->9588K(13824K), 0.0007837 secs] [Times: user=0.01 sys=0.00, real=0.00 secs] 
2015-04-14T20:05:13.254-0100: 204.043: Total time for which application threads were stopped: 0.0009394 seconds, Stopping threads took: 0.0000172 seconds
2015-04-14T20:05:13.958-0100: 204.746: [GC (Allocation Failure) 
Desired survivor size 524288 bytes, new threshold 15 (max 15)
[PSYoungGen: 2336K->288K(2560K)] 11636K->9588K(13824K), 0.0010730 secs] [Times: user=0.01 sys=0.00, real=0.00 secs] 
2015-04-14T20:05:13.959-0100: 204.748: Total time for which application threads were stopped: 0.0013158 seconds, Stopping threads took: 0.0000214 seconds
2015-04-14T20:05:14.764-0100: 205.553: [GC (Allocation Failure) 
Desired survivor size 524288 bytes, new threshold 15 (max 15)
[PSYoungGen: 2336K->256K(2560K)] 11636K->9564K(13824K), 0.0007715 secs] [Times: user=0.01 sys=0.00, real=0.00 secs] 
2015-04-14T20:05:14.765-0100: 205.554: Total time for which application threads were stopped: 0.0009143 seconds, Stopping threads took: 0.0000129 seconds
2015-04-14T20:05:15.463-0100: 206.251: [GC (Allocation Failure) 
Desired survivor size 524288 bytes, new threshold 15 (max 15)
[PSYoungGen: 2304K->256K(2560K)] 11612K->9564K(13824K), 0.0010212 secs] [Times: user=0.01 sys=0.00, real=0.00 secs] 
2015-04-14T20:05:15.464-0100: 206.252: Total time for which application threads were stopped: 0.0012181 seconds, Stopping threads took: 0.0000215 seconds
2015-04-14T20:05:16.132-0100: 206.920: [GC (Allocation Failure) 
Desired survivor size 524288 bytes, new threshold 15 (max 15)
[PSYoungGen: 2304K->288K(2560K)] 11612K->9596K(13824K), 0.0007882 secs] [Times: user=0.01 sys=0.00, real=0.00 secs] 
2015-04-14T20:05:16.132-0100: 206.921: Total time for which application threads were stopped: 0.0009580 seconds, Stopping threads took: 0.0000260 seconds
2015-04-14T20:05:17.018-0100: 207.806: [GC (Allocation Failure) 
Desired survivor size 524288 bytes, new threshold 15 (max 15)
[PSYoungGen: 2336K->224K(2560K)] 11644K->9532K(13824K), 0.0010632 secs] [Times: user=0.01 sys=0.00, real=0.00 secs] 
2015-04-14T20:05:17.019-0100: 207.807: Total time for which application threads were stopped: 0.0012616 seconds, Stopping threads took: 0.0000217 seconds
2015-04-14T20:05:17.765-0100: 208.554: [GC (Allocation Failure) 
Desired survivor size 524288 bytes, new threshold 15 (max 15)
[PSYoungGen: 2272K->256K(2560K)] 11580K->9564K(13824K), 0.0010708 secs] [Times: user=0.00 sys=0.00, real=0.00 secs] 
2015-04-14T20:05:17.766-0100: 208.555: Total time for which application threads were stopped: 0.0012581 seconds, Stopping threads took: 0.0000215 seconds
2015-04-14T20:05:18.465-0100: 209.254: [GC (Allocation Failure) 
Desired survivor size 524288 bytes, new threshold 15 (max 15)
[PSYoungGen: 2304K->256K(2560K)] 11612K->9564K(13824K), 0.0009544 secs] [Times: user=0.01 sys=0.00, real=0.00 secs] 
2015-04-14T20:05:18.466-0100: 209.255: Total time for which application threads were stopped: 0.0011440 seconds, Stopping threads took: 0.0000202 seconds
2015-04-14T20:05:18.990-0100: 209.779: [GC (Allocation Failure) 
Desired survivor size 524288 bytes, new threshold 15 (max 15)
[PSYoungGen: 2304K->288K(2560K)] 11612K->9596K(13824K), 0.0008493 secs] [Times: user=0.00 sys=0.00, real=0.00 secs] 
2015-04-14T20:05:18.991-0100: 209.779: Total time for which application threads were stopped: 0.0010166 seconds, Stopping threads took: 0.0000193 seconds
2015-04-14T20:05:19.478-0100: 210.267: [GC (Allocation Failure) 
Desired survivor size 524288 bytes, new threshold 15 (max 15)
[PSYoungGen: 2336K->256K(2560K)] 11644K->9572K(13824K), 0.0007807 secs] [Times: user=0.00 sys=0.00, real=0.00 secs] 
2015-04-14T20:05:19.479-0100: 210.267: Total time for which application threads were stopped: 0.0009477 seconds, Stopping threads took: 0.0000166 seconds
2015-04-14T20:05:20.327-0100: 211.115: [GC (Allocation Failure) 
Desired survivor size 524288 bytes, new threshold 15 (max 15)
[PSYoungGen: 2304K->288K(2560K)] 11620K->9604K(13824K), 0.0010016 secs] [Times: user=0.00 sys=0.00, real=0.00 secs] 
2015-04-14T20:05:20.328-0100: 211.116: Total time for which application threads were stopped: 0.0011718 seconds, Stopping threads took: 0.0000214 seconds
2015-04-14T20:05:21.114-0100: 211.902: [GC (Allocation Failure) 
Desired survivor size 524288 bytes, new threshold 15 (max 15)
[PSYoungGen: 2336K->288K(2560K)] 11652K->9604K(13824K), 0.0009421 secs] [Times: user=0.00 sys=0.00, real=0.00 secs] 
2015-04-14T20:05:21.115-0100: 211.903: Total time for which application threads were stopped: 0.0011109 seconds, Stopping threads took: 0.0000181 seconds
2015-04-14T20:05:21.783-0100: 212.572: [GC (Allocation Failure) 
Desired survivor size 524288 bytes, new threshold 15 (max 15)
[PSYoungGen: 2336K->256K(2560K)] 11652K->9588K(13824K), 0.0010450 secs] [Times: user=0.00 sys=0.00, real=0.00 secs] 
2015-04-14T20:05:21.785-0100: 212.573: Total time for which application threads were stopped: 0.0012592 seconds, Stopping threads took: 0.0000212 seconds
2015-04-14T20:05:22.566-0100: 213.355: [GC (Allocation Failure) 
Desired survivor size 524288 bytes, new threshold 15 (max 15)
[PSYoungGen: 2304K->288K(2560K)] 11636K->9628K(13824K), 0.0007783 secs] [Times: user=0.01 sys=0.00, real=0.00 secs] 
2015-04-14T20:05:22.567-0100: 213.356: Total time for which application threads were stopped: 0.0009319 seconds, Stopping threads took: 0.0000158 seconds
2015-04-14T20:05:23.271-0100: 214.059: [GC (Allocation Failure) 
Desired survivor size 524288 bytes, new threshold 15 (max 15)
[PSYoungGen: 2336K->288K(2560K)] 11676K->9644K(13824K), 0.0008623 secs] [Times: user=0.00 sys=0.00, real=0.00 secs] 
2015-04-14T20:05:23.272-0100: 214.060: Total time for which application threads were stopped: 0.0010165 seconds, Stopping threads took: 0.0000171 seconds
2015-04-14T20:05:23.857-0100: 214.645: [GC (Allocation Failure) 
Desired survivor size 524288 bytes, new threshold 15 (max 15)
[PSYoungGen: 2336K->288K(2560K)] 11692K->9676K(13824K), 0.0010885 secs] [Times: user=0.01 sys=0.00, real=0.00 secs] 
2015-04-14T20:05:23.858-0100: 214.646: Total time for which application threads were stopped: 0.0012768 seconds, Stopping threads took: 0.0000222 seconds
2015-04-14T20:05:24.642-0100: 215.430: [GC (Allocation Failure) 
Desired survivor size 524288 bytes, new threshold 15 (max 15)
[PSYoungGen: 2336K->256K(2560K)] 11724K->9668K(13824K), 0.0008691 secs] [Times: user=0.00 sys=0.00, real=0.00 secs] 
2015-04-14T20:05:24.643-0100: 215.431: Total time for which application threads were stopped: 0.0010153 seconds, Stopping threads took: 0.0000174 seconds
2015-04-14T20:05:25.361-0100: 216.150: [GC (Allocation Failure) 
Desired survivor size 524288 bytes, new threshold 15 (max 15)
[PSYoungGen: 2304K->256K(2560K)] 11716K->9668K(13824K), 0.0010638 secs] [Times: user=0.00 sys=0.00, real=0.00 secs] 
2015-04-14T20:05:25.362-0100: 216.151: Total time for which application threads were stopped: 0.0012503 seconds, Stopping threads took: 0.0000222 seconds
2015-04-14T20:05:26.094-0100: 216.883: [GC (Allocation Failure) 
Desired survivor size 524288 bytes, new threshold 15 (max 15)
[PSYoungGen: 2304K->256K(2560K)] 11716K->9668K(13824K), 0.0009366 secs] [Times: user=0.01 sys=0.00, real=0.00 secs] 
2015-04-14T20:05:26.095-0100: 216.884: Total time for which application threads were stopped: 0.0011332 seconds, Stopping threads took: 0.0000185 seconds
2015-04-14T20:05:26.749-0100: 217.538: [GC (Allocation Failure) 
Desired survivor size 524288 bytes, new threshold 15 (max 15)
[PSYoungGen: 2304K->288K(2560K)] 11716K->9700K(13824K), 0.0009505 secs] [Times: user=0.01 sys=0.00, real=0.01 secs] 
2015-04-14T20:05:26.750-0100: 217.539: Total time for which application threads were stopped: 0.0011255 seconds, Stopping threads took: 0.0000209 seconds
2015-04-14T20:05:27.535-0100: 218.323: [GC (Allocation Failure) 
Desired survivor size 524288 bytes, new threshold 15 (max 15)
[PSYoungGen: 2336K->256K(2560K)] 11748K->9668K(13824K), 0.0008954 secs] [Times: user=0.00 sys=0.00, real=0.00 secs] 
2015-04-14T20:05:27.536-0100: 218.324: Total time for which application threads were stopped: 0.0010656 seconds, Stopping threads took: 0.0000183 seconds
2015-04-14T20:05:28.321-0100: 219.110: [GC (Allocation Failure) 
Desired survivor size 524288 bytes, new threshold 15 (max 15)
[PSYoungGen: 2304K->288K(2560K)] 11716K->9700K(13824K), 0.0010621 secs] [Times: user=0.00 sys=0.00, real=0.00 secs] 
2015-04-14T20:05:28.322-0100: 219.111: Total time for which application threads were stopped: 0.0012507 seconds, Stopping threads took: 0.0000208 seconds
2015-04-14T20:05:28.872-0100: 219.661: [GC (Allocation Failure) 
Desired survivor size 524288 bytes, new threshold 15 (max 15)
[PSYoungGen: 2336K->288K(2560K)] 11748K->9700K(13824K), 0.0009591 secs] [Times: user=0.01 sys=0.00, real=0.00 secs] 
2015-04-14T20:05:28.873-0100: 219.662: Total time for which application threads were stopped: 0.0011420 seconds, Stopping threads took: 0.0000202 seconds
2015-04-14T20:05:29.642-0100: 220.430: [GC (Allocation Failure) 
Desired survivor size 524288 bytes, new threshold 15 (max 15)
[PSYoungGen: 2336K->288K(2560K)] 11748K->9700K(13824K), 0.0010815 secs] [Times: user=0.01 sys=0.00, real=0.00 secs] 
2015-04-14T20:05:29.643-0100: 220.432: Total time for which application threads were stopped: 0.0012797 seconds, Stopping threads took: 0.0000228 seconds
2015-04-14T20:05:30.510-0100: 221.299: [GC (Allocation Failure) 
Desired survivor size 524288 bytes, new threshold 15 (max 15)
[PSYoungGen: 2336K->256K(2560K)] 11748K->9716K(13824K), 0.0008020 secs] [Times: user=0.00 sys=0.00, real=0.00 secs] 
2015-04-14T20:05:30.511-0100: 221.299: Total time for which application threads were stopped: 0.0009489 seconds, Stopping threads took: 0.0000173 seconds
2015-04-14T20:05:31.180-0100: 221.968: [GC (Allocation Failure) 
Desired survivor size 524288 bytes, new threshold 15 (max 15)
[PSYoungGen: 2304K->288K(2560K)] 11764K->9756K(13824K), 0.0009977 secs] [Times: user=0.01 sys=0.00, real=0.00 secs] 
2015-04-14T20:05:31.181-0100: 221.969: Total time for which application threads were stopped: 0.0011948 seconds, Stopping threads took: 0.0000255 seconds
2015-04-14T20:05:31.830-0100: 222.619: [GC (Allocation Failure) 
Desired survivor size 524288 bytes, new threshold 15 (max 15)
[PSYoungGen: 2336K->256K(2560K)] 11804K->9724K(13824K), 0.0007940 secs] [Times: user=0.00 sys=0.00, real=0.00 secs] 
2015-04-14T20:05:31.831-0100: 222.620: Total time for which application threads were stopped: 0.0009379 seconds, Stopping threads took: 0.0000169 seconds
2015-04-14T20:05:32.666-0100: 223.454: [GC (Allocation Failure) 
Desired survivor size 524288 bytes, new threshold 15 (max 15)
[PSYoungGen: 2304K->288K(2560K)] 11772K->9756K(13824K), 0.0008939 secs] [Times: user=0.00 sys=0.00, real=0.00 secs] 
2015-04-14T20:05:32.667-0100: 223.455: Total time for which application threads were stopped: 0.0010559 seconds, Stopping threads took: 0.0000167 seconds
2015-04-14T20:05:33.152-0100: 223.940: [GC (Allocation Failure) 
Desired survivor size 524288 bytes, new threshold 15 (max 15)
[PSYoungGen: 2336K->288K(2560K)] 11804K->9756K(13824K), 0.0009392 secs] [Times: user=0.01 sys=0.00, real=0.00 secs] 
2015-04-14T20:05:33.153-0100: 223.941: Total time for which application threads were stopped: 0.0011413 seconds, Stopping threads took: 0.0000190 seconds
2015-04-14T20:05:33.668-0100: 224.457: [GC (Allocation Failure) 
Desired survivor size 524288 bytes, new threshold 15 (max 15)
[PSYoungGen: 2336K->288K(2560K)] 11804K->9764K(13824K), 0.0007966 secs] [Times: user=0.01 sys=0.00, real=0.00 secs] 
2015-04-14T20:05:33.669-0100: 224.458: Total time for which application threads were stopped: 0.0009616 seconds, Stopping threads took: 0.0000174 seconds
2015-04-14T20:05:34.255-0100: 225.043: [GC (Allocation Failure) 
Desired survivor size 524288 bytes, new threshold 15 (max 15)
[PSYoungGen: 2336K->256K(2560K)] 11812K->9740K(13824K), 0.0008340 secs] [Times: user=0.00 sys=0.00, real=0.00 secs] 
2015-04-14T20:05:34.255-0100: 225.044: Total time for which application threads were stopped: 0.0009871 seconds, Stopping threads took: 0.0000168 seconds
2015-04-14T20:05:34.891-0100: 225.679: [GC (Allocation Failure) 
Desired survivor size 524288 bytes, new threshold 15 (max 15)
[PSYoungGen: 2304K->288K(2560K)] 11788K->9780K(13824K), 0.0010015 secs] [Times: user=0.00 sys=0.00, real=0.00 secs] 
2015-04-14T20:05:34.892-0100: 225.680: Total time for which application threads were stopped: 0.0011833 seconds, Stopping threads took: 0.0000197 seconds
2015-04-14T20:05:35.760-0100: 226.548: [GC (Allocation Failure) 
Desired survivor size 524288 bytes, new threshold 15 (max 15)
[PSYoungGen: 2336K->288K(2560K)] 11828K->9804K(13824K), 0.0011026 secs] [Times: user=0.01 sys=0.00, real=0.00 secs] 
2015-04-14T20:05:35.761-0100: 226.549: Total time for which application threads were stopped: 0.0013004 seconds, Stopping threads took: 0.0000229 seconds
2015-04-14T20:05:36.528-0100: 227.317: [GC (Allocation Failure) 
Desired survivor size 524288 bytes, new threshold 15 (max 15)
[PSYoungGen: 2336K->256K(2560K)] 11852K->9780K(13824K), 0.0008078 secs] [Times: user=0.00 sys=0.00, real=0.00 secs] 
2015-04-14T20:05:36.529-0100: 227.318: Total time for which application threads were stopped: 0.0009544 seconds, Stopping threads took: 0.0000182 seconds
2015-04-14T20:05:37.130-0100: 227.919: [GC (Allocation Failure) 
Desired survivor size 524288 bytes, new threshold 15 (max 15)
[PSYoungGen: 2304K->256K(2560K)] 11828K->9780K(13824K), 0.0009117 secs] [Times: user=0.00 sys=0.01, real=0.00 secs] 
2015-04-14T20:05:37.131-0100: 227.920: Total time for which application threads were stopped: 0.0010984 seconds, Stopping threads took: 0.0000205 seconds
2015-04-14T20:05:37.766-0100: 228.554: Total time for which application threads were stopped: 0.0000961 seconds, Stopping threads took: 0.0000238 seconds
2015-04-14T20:05:37.766-0100: 228.555: [GC (GCLocker Initiated GC) 
Desired survivor size 524288 bytes, new threshold 15 (max 15)
[PSYoungGen: 2304K->288K(2560K)] 11830K->9838K(13824K), 0.0008504 secs] [Times: user=0.01 sys=0.00, real=0.00 secs] 
2015-04-14T20:05:37.767-0100: 228.555: Total time for which application threads were stopped: 0.0009660 seconds, Stopping threads took: 0.0000086 seconds
2015-04-14T20:05:38.334-0100: 229.123: [GC (Allocation Failure) 
Desired survivor size 524288 bytes, new threshold 15 (max 15)
[PSYoungGen: 2336K->256K(2560K)] 11887K->9807K(13824K), 0.0009971 secs] [Times: user=0.00 sys=0.00, real=0.00 secs] 
2015-04-14T20:05:38.335-0100: 229.124: Total time for which application threads were stopped: 0.0011689 seconds, Stopping threads took: 0.0000201 seconds
2015-04-14T20:05:39.019-0100: 229.808: [GC (Allocation Failure) 
Desired survivor size 524288 bytes, new threshold 15 (max 15)
[PSYoungGen: 2304K->256K(2560K)] 11855K->9839K(13824K), 0.0010187 secs] [Times: user=0.01 sys=0.00, real=0.01 secs] 
2015-04-14T20:05:39.020-0100: 229.809: Total time for which application threads were stopped: 0.0012004 seconds, Stopping threads took: 0.0000198 seconds
2015-04-14T20:05:39.866-0100: 230.654: [GC (Allocation Failure) 
Desired survivor size 524288 bytes, new threshold 15 (max 15)
[PSYoungGen: 2304K->288K(2560K)] 11887K->9871K(13824K), 0.0009997 secs] [Times: user=0.01 sys=0.00, real=0.00 secs] 
2015-04-14T20:05:39.867-0100: 230.655: Total time for which application threads were stopped: 0.0012212 seconds, Stopping threads took: 0.0000156 seconds
2015-04-14T20:05:40.576-0100: 231.364: [GC (Allocation Failure) 
Desired survivor size 524288 bytes, new threshold 15 (max 15)
[PSYoungGen: 2336K->256K(2560K)] 11919K->9839K(13824K), 0.0009248 secs] [Times: user=0.01 sys=0.00, real=0.00 secs] 
2015-04-14T20:05:40.577-0100: 231.365: Total time for which application threads were stopped: 0.0010973 seconds, Stopping threads took: 0.0000194 seconds
2015-04-14T20:05:41.193-0100: 231.982: [GC (Allocation Failure) 
Desired survivor size 524288 bytes, new threshold 15 (max 15)
[PSYoungGen: 2304K->256K(2560K)] 11887K->9863K(13824K), 0.0010412 secs] [Times: user=0.01 sys=0.00, real=0.00 secs] 
2015-04-14T20:05:41.195-0100: 231.983: Total time for which application threads were stopped: 0.0012446 seconds, Stopping threads took: 0.0000217 seconds
2015-04-14T20:05:41.866-0100: 232.655: [GC (Allocation Failure) 
Desired survivor size 524288 bytes, new threshold 15 (max 15)
[PSYoungGen: 2304K->256K(2560K)] 11911K->9887K(13824K), 0.0007955 secs] [Times: user=0.00 sys=0.00, real=0.00 secs] 
2015-04-14T20:05:41.867-0100: 232.656: Total time for which application threads were stopped: 0.0009442 seconds, Stopping threads took: 0.0000199 seconds
2015-04-14T20:05:42.396-0100: 233.185: [GC (Allocation Failure) 
Desired survivor size 524288 bytes, new threshold 15 (max 15)
[PSYoungGen: 2304K->288K(2560K)] 11935K->9927K(13824K), 0.0009668 secs] [Times: user=0.01 sys=0.01, real=0.00 secs] 
2015-04-14T20:05:42.397-0100: 233.186: Total time for which application threads were stopped: 0.0011373 seconds, Stopping threads took: 0.0000206 seconds
2015-04-14T20:05:43.049-0100: 233.838: [GC (Allocation Failure) 
Desired survivor size 524288 bytes, new threshold 15 (max 15)
[PSYoungGen: 2336K->288K(2560K)] 11975K->9959K(13824K), 0.0009458 secs] [Times: user=0.00 sys=0.00, real=0.01 secs] 
2015-04-14T20:05:43.050-0100: 233.839: Total time for which application threads were stopped: 0.0011069 seconds, Stopping threads took: 0.0000183 seconds
2015-04-14T20:05:43.769-0100: 234.558: [GC (Allocation Failure) 
Desired survivor size 524288 bytes, new threshold 15 (max 15)
[PSYoungGen: 2336K->192K(2560K)] 12007K->9887K(13824K), 0.0008115 secs] [Times: user=0.01 sys=0.00, real=0.01 secs] 
2015-04-14T20:05:43.770-0100: 234.558: Total time for which application threads were stopped: 0.0009674 seconds, Stopping threads took: 0.0000190 seconds
2015-04-14T20:05:44.321-0100: 235.109: [GC (Allocation Failure) 
Desired survivor size 524288 bytes, new threshold 15 (max 15)
[PSYoungGen: 2240K->224K(2560K)] 11935K->9927K(13824K), 0.0008357 secs] [Times: user=0.00 sys=0.00, real=0.00 secs] 
2015-04-14T20:05:44.321-0100: 235.110: Total time for which application threads were stopped: 0.0009755 seconds, Stopping threads took: 0.0000164 seconds
2015-04-14T20:05:44.974-0100: 235.763: [GC (Allocation Failure) 
Desired survivor size 524288 bytes, new threshold 15 (max 15)
[PSYoungGen: 2272K->288K(2560K)] 11975K->9991K(13824K), 0.0008413 secs] [Times: user=0.00 sys=0.00, real=0.00 secs] 
2015-04-14T20:05:44.975-0100: 235.764: Total time for which application threads were stopped: 0.0009883 seconds, Stopping threads took: 0.0000165 seconds
2015-04-14T20:05:45.708-0100: 236.496: [GC (Allocation Failure) 
Desired survivor size 524288 bytes, new threshold 15 (max 15)
[PSYoungGen: 2336K->288K(2560K)] 12039K->9999K(13824K), 0.0008128 secs] [Times: user=0.01 sys=0.00, real=0.00 secs] 
2015-04-14T20:05:45.708-0100: 236.497: Total time for which application threads were stopped: 0.0009961 seconds, Stopping threads took: 0.0000213 seconds
2015-04-14T20:05:46.279-0100: 237.068: [GC (Allocation Failure) 
Desired survivor size 524288 bytes, new threshold 15 (max 15)
[PSYoungGen: 2336K->256K(2560K)] 12047K->9967K(13824K), 0.0009920 secs] [Times: user=0.00 sys=0.00, real=0.01 secs] 
2015-04-14T20:05:46.280-0100: 237.069: Total time for which application threads were stopped: 0.0011593 seconds, Stopping threads took: 0.0000189 seconds
2015-04-14T20:05:46.996-0100: 237.785: [GC (Allocation Failure) 
Desired survivor size 524288 bytes, new threshold 15 (max 15)
[PSYoungGen: 2304K->288K(2560K)] 12015K->10007K(13824K), 0.0009939 secs] [Times: user=0.00 sys=0.00, real=0.00 secs] 
2015-04-14T20:05:46.997-0100: 237.786: Total time for which application threads were stopped: 0.0011572 seconds, Stopping threads took: 0.0000167 seconds
2015-04-14T20:05:47.681-0100: 238.470: [GC (Allocation Failure) 
Desired survivor size 524288 bytes, new threshold 15 (max 15)
[PSYoungGen: 2336K->256K(2560K)] 12055K->9999K(13824K), 0.0011320 secs] [Times: user=0.01 sys=0.00, real=0.00 secs] 
2015-04-14T20:05:47.682-0100: 238.471: Total time for which application threads were stopped: 0.0013349 seconds, Stopping threads took: 0.0000227 seconds
2015-04-14T20:05:48.366-0100: 239.155: Total time for which application threads were stopped: 0.0000991 seconds, Stopping threads took: 0.0000182 seconds
2015-04-14T20:05:48.366-0100: 239.155: [GC (GCLocker Initiated GC) 
Desired survivor size 524288 bytes, new threshold 15 (max 15)
[PSYoungGen: 2304K->288K(2560K)] 12047K->10055K(13824K), 0.0008994 secs] [Times: user=0.01 sys=0.00, real=0.00 secs] 
2015-04-14T20:05:48.367-0100: 239.156: Total time for which application threads were stopped: 0.0010426 seconds, Stopping threads took: 0.0000115 seconds
2015-04-14T20:05:49.118-0100: 239.907: [GC (Allocation Failure) 
Desired survivor size 524288 bytes, new threshold 15 (max 15)
[PSYoungGen: 2336K->256K(2560K)] 12107K->10051K(13824K), 0.0008990 secs] [Times: user=0.00 sys=0.00, real=0.00 secs] 
2015-04-14T20:05:49.119-0100: 239.908: Total time for which application threads were stopped: 0.0010605 seconds, Stopping threads took: 0.0000166 seconds
2015-04-14T20:05:49.788-0100: 240.577: [GC (Allocation Failure) 
Desired survivor size 524288 bytes, new threshold 15 (max 15)
[PSYoungGen: 2304K->288K(2560K)] 12099K->10083K(13824K), 0.0008972 secs] [Times: user=0.01 sys=0.00, real=0.00 secs] 
2015-04-14T20:05:49.789-0100: 240.578: Total time for which application threads were stopped: 0.0010764 seconds, Stopping threads took: 0.0000200 seconds
2015-04-14T20:05:50.466-0100: 241.255: [GC (Allocation Failure) 
Desired survivor size 524288 bytes, new threshold 15 (max 15)
[PSYoungGen: 2335K->256K(2560K)] 12131K->10083K(13824K), 0.0008541 secs] [Times: user=0.01 sys=0.00, real=0.00 secs] 
2015-04-14T20:05:50.467-0100: 241.256: Total time for which application threads were stopped: 0.0010007 seconds, Stopping threads took: 0.0000166 seconds
2015-04-14T20:05:51.310-0100: 242.099: [GC (Allocation Failure) 
Desired survivor size 524288 bytes, new threshold 15 (max 15)
[PSYoungGen: 2304K->256K(2560K)] 12131K->10099K(13824K), 0.0009401 secs] [Times: user=0.00 sys=0.00, real=0.00 secs] 
2015-04-14T20:05:51.311-0100: 242.100: Total time for which application threads were stopped: 0.0011176 seconds, Stopping threads took: 0.0000198 seconds
2015-04-14T20:05:52.094-0100: 242.883: [GC (Allocation Failure) 
Desired survivor size 524288 bytes, new threshold 15 (max 15)
[PSYoungGen: 2304K->256K(2560K)] 12147K->10131K(13824K), 0.0008175 secs] [Times: user=0.01 sys=0.00, real=0.00 secs] 
2015-04-14T20:05:52.095-0100: 242.884: Total time for which application threads were stopped: 0.0009596 seconds, Stopping threads took: 0.0000162 seconds
2015-04-14T20:05:52.780-0100: 243.569: [GC (Allocation Failure) 
Desired survivor size 524288 bytes, new threshold 15 (max 15)
[PSYoungGen: 2304K->256K(2560K)] 12179K->10163K(13824K), 0.0010924 secs] [Times: user=0.00 sys=0.00, real=0.00 secs] 
2015-04-14T20:05:52.781-0100: 243.570: Total time for which application threads were stopped: 0.0012884 seconds, Stopping threads took: 0.0000213 seconds
2015-04-14T20:05:53.483-0100: 244.272: [GC (Allocation Failure) 
Desired survivor size 524288 bytes, new threshold 15 (max 15)
[PSYoungGen: 2304K->288K(2560K)] 12211K->10195K(13824K), 0.0009360 secs] [Times: user=0.00 sys=0.00, real=0.00 secs] 
2015-04-14T20:05:53.484-0100: 244.273: Total time for which application threads were stopped: 0.0011079 seconds, Stopping threads took: 0.0000206 seconds
2015-04-14T20:05:54.350-0100: 245.139: [GC (Allocation Failure) 
Desired survivor size 524288 bytes, new threshold 15 (max 15)
[PSYoungGen: 2336K->256K(2560K)] 12243K->10163K(13824K), 0.0007781 secs] [Times: user=0.01 sys=0.00, real=0.00 secs] 
2015-04-14T20:05:54.350-0100: 245.139: Total time for which application threads were stopped: 0.0009100 seconds, Stopping threads took: 0.0000175 seconds
2015-04-14T20:05:55.019-0100: 245.808: [GC (Allocation Failure) 
Desired survivor size 524288 bytes, new threshold 15 (max 15)
[PSYoungGen: 2304K->288K(2560K)] 12211K->10195K(13824K), 0.0009889 secs] [Times: user=0.00 sys=0.00, real=0.01 secs] 
2015-04-14T20:05:55.020-0100: 245.809: Total time for which application threads were stopped: 0.0011874 seconds, Stopping threads took: 0.0000215 seconds
2015-04-14T20:05:55.766-0100: 246.555: [GC (Allocation Failure) 
Desired survivor size 524288 bytes, new threshold 15 (max 15)
[PSYoungGen: 2336K->256K(2560K)] 12243K->10163K(13824K), 0.0009505 secs] [Times: user=0.01 sys=0.00, real=0.00 secs] 
2015-04-14T20:05:55.767-0100: 246.556: Total time for which application threads were stopped: 0.0011251 seconds, Stopping threads took: 0.0000195 seconds
2015-04-14T20:05:56.516-0100: 247.305: [GC (Allocation Failure) 
Desired survivor size 524288 bytes, new threshold 15 (max 15)
[PSYoungGen: 2304K->256K(2560K)] 12211K->10163K(13824K), 0.0009231 secs] [Times: user=0.01 sys=0.00, real=0.00 secs] 
2015-04-14T20:05:56.517-0100: 247.306: Total time for which application threads were stopped: 0.0010950 seconds, Stopping threads took: 0.0000200 seconds
2015-04-14T20:05:57.309-0100: 248.098: [GC (Allocation Failure) 
Desired survivor size 524288 bytes, new threshold 15 (max 15)
[PSYoungGen: 2304K->256K(2560K)] 12211K->10163K(13824K), 0.0010603 secs] [Times: user=0.00 sys=0.00, real=0.01 secs] 
2015-04-14T20:05:57.310-0100: 248.099: Total time for which application threads were stopped: 0.0013449 seconds, Stopping threads took: 0.0000357 seconds
2015-04-14T20:05:57.995-0100: 248.784: [GC (Allocation Failure) 
Desired survivor size 524288 bytes, new threshold 15 (max 15)
[PSYoungGen: 2304K->256K(2560K)] 12211K->10163K(13824K), 0.0010030 secs] [Times: user=0.00 sys=0.00, real=0.00 secs] 
2015-04-14T20:05:57.996-0100: 248.785: Total time for which application threads were stopped: 0.0011887 seconds, Stopping threads took: 0.0000222 seconds
2015-04-14T20:05:58.650-0100: 249.439: [GC (Allocation Failure) 
Desired survivor size 524288 bytes, new threshold 15 (max 15)
[PSYoungGen: 2304K->256K(2560K)] 12211K->10163K(13824K), 0.0010206 secs] [Times: user=0.01 sys=0.00, real=0.00 secs] 
2015-04-14T20:05:58.651-0100: 249.440: Total time for which application threads were stopped: 0.0012116 seconds, Stopping threads took: 0.0000222 seconds
2015-04-14T20:05:59.453-0100: 250.243: [GC (Allocation Failure) 
Desired survivor size 524288 bytes, new threshold 15 (max 15)
[PSYoungGen: 2304K->256K(2560K)] 12211K->10171K(13824K), 0.0009290 secs] [Times: user=0.01 sys=0.00, real=0.00 secs] 
2015-04-14T20:05:59.454-0100: 250.244: Total time for which application threads were stopped: 0.0010945 seconds, Stopping threads took: 0.0000173 seconds
2015-04-14T20:06:00.136-0100: 250.925: [GC (Allocation Failure) 
Desired survivor size 524288 bytes, new threshold 15 (max 15)
[PSYoungGen: 2304K->288K(2560K)] 12219K->10219K(13824K), 0.0008068 secs] [Times: user=0.00 sys=0.00, real=0.00 secs] 
2015-04-14T20:06:00.137-0100: 250.926: Total time for which application threads were stopped: 0.0009470 seconds, Stopping threads took: 0.0000162 seconds
2015-04-14T20:06:00.739-0100: 251.528: [GC (Allocation Failure) 
Desired survivor size 524288 bytes, new threshold 15 (max 15)
[PSYoungGen: 2336K->288K(2560K)] 12267K->10235K(13824K), 0.0008695 secs] [Times: user=0.00 sys=0.00, real=0.01 secs] 
2015-04-14T20:06:00.740-0100: 251.529: Total time for which application threads were stopped: 0.0010390 seconds, Stopping threads took: 0.0000182 seconds
2015-04-14T20:06:01.566-0100: 252.355: [GC (Allocation Failure) 
Desired survivor size 524288 bytes, new threshold 15 (max 15)
[PSYoungGen: 2336K->256K(2560K)] 12283K->10203K(13824K), 0.0008155 secs] [Times: user=0.00 sys=0.00, real=0.00 secs] 
2015-04-14T20:06:01.567-0100: 252.356: Total time for which application threads were stopped: 0.0009730 seconds, Stopping threads took: 0.0000267 seconds
2015-04-14T20:06:02.277-0100: 253.066: [GC (Allocation Failure) 
Desired survivor size 524288 bytes, new threshold 15 (max 15)
[PSYoungGen: 2304K->288K(2560K)] 12251K->10235K(13824K), 0.0009534 secs] [Times: user=0.00 sys=0.00, real=0.00 secs] 
2015-04-14T20:06:02.278-0100: 253.067: Total time for which application threads were stopped: 0.0011202 seconds, Stopping threads took: 0.0000211 seconds
2015-04-14T20:06:03.145-0100: 253.934: [GC (Allocation Failure) 
Desired survivor size 524288 bytes, new threshold 15 (max 15)
[PSYoungGen: 2336K->288K(2560K)] 12283K->10235K(13824K), 0.0011712 secs] [Times: user=0.00 sys=0.00, real=0.00 secs] 
2015-04-14T20:06:03.146-0100: 253.935: Total time for which application threads were stopped: 0.0014183 seconds, Stopping threads took: 0.0000709 seconds
2015-04-14T20:06:03.799-0100: 254.588: [GC (Allocation Failure) 
Desired survivor size 524288 bytes, new threshold 15 (max 15)
[PSYoungGen: 2336K->288K(2560K)] 12283K->10251K(13824K), 0.0010745 secs] [Times: user=0.00 sys=0.00, real=0.01 secs] 
2015-04-14T20:06:03.800-0100: 254.590: Total time for which application threads were stopped: 0.0012675 seconds, Stopping threads took: 0.0000203 seconds
2015-04-14T20:06:04.549-0100: 255.338: [GC (Allocation Failure) 
Desired survivor size 524288 bytes, new threshold 15 (max 15)
[PSYoungGen: 2336K->256K(2560K)] 12299K->10227K(13824K), 0.0010353 secs] [Times: user=0.01 sys=0.00, real=0.01 secs] 
2015-04-14T20:06:04.550-0100: 255.339: Total time for which application threads were stopped: 0.0012162 seconds, Stopping threads took: 0.0000229 seconds
2015-04-14T20:06:05.267-0100: 256.056: [GC (Allocation Failure) 
Desired survivor size 524288 bytes, new threshold 15 (max 15)
[PSYoungGen: 2304K->288K(2560K)] 12275K->10259K(13824K), 0.0007731 secs] [Times: user=0.00 sys=0.00, real=0.00 secs] 
2015-04-14T20:06:05.268-0100: 256.057: Total time for which application threads were stopped: 0.0009774 seconds, Stopping threads took: 0.0000288 seconds
2015-04-14T20:06:06.089-0100: 256.879: [GC (Allocation Failure) 
Desired survivor size 524288 bytes, new threshold 15 (max 15)
[PSYoungGen: 2336K->224K(2560K)] 12307K->10195K(13824K), 0.0010490 secs] [Times: user=0.01 sys=0.00, real=0.01 secs] 
2015-04-14T20:06:06.091-0100: 256.880: Total time for which application threads were stopped: 0.0012436 seconds, Stopping threads took: 0.0000215 seconds
2015-04-14T20:06:06.817-0100: 257.606: [GC (Allocation Failure) 
Desired survivor size 524288 bytes, new threshold 15 (max 15)
[PSYoungGen: 2272K->256K(2560K)] 12243K->10227K(13824K), 0.0009445 secs] [Times: user=0.00 sys=0.00, real=0.00 secs] 
2015-04-14T20:06:06.818-0100: 257.607: Total time for which application threads were stopped: 0.0011105 seconds, Stopping threads took: 0.0000186 seconds
2015-04-14T20:06:07.510-0100: 258.299: [GC (Allocation Failure) 
Desired survivor size 524288 bytes, new threshold 15 (max 15)
[PSYoungGen: 2304K->256K(2560K)] 12275K->10227K(13824K), 0.0010775 secs] [Times: user=0.00 sys=0.00, real=0.00 secs] 
2015-04-14T20:06:07.511-0100: 258.300: Total time for which application threads were stopped: 0.0012786 seconds, Stopping threads took: 0.0000212 seconds
2015-04-14T20:06:08.267-0100: 259.056: [GC (Allocation Failure) 
Desired survivor size 524288 bytes, new threshold 15 (max 15)
[PSYoungGen: 2304K->288K(2560K)] 12275K->10267K(13824K), 0.0010172 secs] [Times: user=0.01 sys=0.00, real=0.00 secs] 
2015-04-14T20:06:08.268-0100: 259.057: Total time for which application threads were stopped: 0.0012070 seconds, Stopping threads took: 0.0000202 seconds
2015-04-14T20:06:09.081-0100: 259.870: [GC (Allocation Failure) 
Desired survivor size 524288 bytes, new threshold 15 (max 15)
[PSYoungGen: 2336K->224K(2560K)] 12315K->10203K(13824K), 0.0010154 secs] [Times: user=0.01 sys=0.00, real=0.00 secs] 
2015-04-14T20:06:09.082-0100: 259.871: Total time for which application threads were stopped: 0.0012400 seconds, Stopping threads took: 0.0000211 seconds
2015-04-14T20:06:09.749-0100: 260.538: [GC (Allocation Failure) 
Desired survivor size 524288 bytes, new threshold 15 (max 15)
[PSYoungGen: 2272K->288K(2560K)] 12251K->10267K(13824K), 0.0009634 secs] [Times: user=0.01 sys=0.00, real=0.01 secs] 
2015-04-14T20:06:09.750-0100: 260.539: Total time for which application threads were stopped: 0.0011437 seconds, Stopping threads took: 0.0000184 seconds
2015-04-14T20:06:10.454-0100: 261.243: [GC (Allocation Failure) 
Desired survivor size 524288 bytes, new threshold 15 (max 15)
[PSYoungGen: 2336K->224K(2560K)] 12315K->10203K(13824K), 0.0012254 secs] [Times: user=0.01 sys=0.00, real=0.00 secs] 
2015-04-14T20:06:10.455-0100: 261.245: Total time for which application threads were stopped: 0.0014837 seconds, Stopping threads took: 0.0000367 seconds
2015-04-14T20:06:11.280-0100: 262.069: [GC (Allocation Failure) 
Desired survivor size 524288 bytes, new threshold 15 (max 15)
[PSYoungGen: 2272K->288K(2560K)] 12251K->10291K(13824K), 0.0011126 secs] [Times: user=0.00 sys=0.00, real=0.00 secs] 
2015-04-14T20:06:11.281-0100: 262.070: Total time for which application threads were stopped: 0.0013249 seconds, Stopping threads took: 0.0000314 seconds
2015-04-14T20:06:11.958-0100: 262.747: [GC (Allocation Failure) 
Desired survivor size 524288 bytes, new threshold 15 (max 15)
[PSYoungGen: 2336K->256K(2560K)] 12339K->10267K(13824K), 0.0010734 secs] [Times: user=0.01 sys=0.00, real=0.00 secs] 
2015-04-14T20:06:11.959-0100: 262.748: Total time for which application threads were stopped: 0.0012680 seconds, Stopping threads took: 0.0000211 seconds
2015-04-14T20:06:12.759-0100: 263.548: [GC (Allocation Failure) 
Desired survivor size 524288 bytes, new threshold 15 (max 15)
[PSYoungGen: 2304K->256K(2560K)] 12315K->10283K(13824K), 0.0009896 secs] [Times: user=0.01 sys=0.00, real=0.01 secs] 
2015-04-14T20:06:12.760-0100: 263.549: Total time for which application threads were stopped: 0.0011856 seconds, Stopping threads took: 0.0000215 seconds
2015-04-14T20:06:13.493-0100: 264.283: [GC (Allocation Failure) 
Desired survivor size 524288 bytes, new threshold 15 (max 15)
[PSYoungGen: 2304K->256K(2560K)] 12331K->10283K(13824K), 0.0008385 secs] [Times: user=0.00 sys=0.00, real=0.00 secs] 
2015-04-14T20:06:13.494-0100: 264.284: Total time for which application threads were stopped: 0.0009787 seconds, Stopping threads took: 0.0000150 seconds
2015-04-14T20:06:14.296-0100: 265.086: [GC (Allocation Failure) 
Desired survivor size 524288 bytes, new threshold 15 (max 15)
[PSYoungGen: 2304K->288K(2560K)] 12331K->10315K(13824K), 0.0010760 secs] [Times: user=0.00 sys=0.01, real=0.00 secs] 
2015-04-14T20:06:14.297-0100: 265.087: Total time for which application threads were stopped: 0.0012681 seconds, Stopping threads took: 0.0000220 seconds
2015-04-14T20:06:14.917-0100: 265.706: [GC (Allocation Failure) 
Desired survivor size 524288 bytes, new threshold 15 (max 15)
[PSYoungGen: 2336K->192K(2560K)] 12363K->10219K(13824K), 0.0011399 secs] [Times: user=0.00 sys=0.00, real=0.00 secs] 
2015-04-14T20:06:14.918-0100: 265.708: Total time for which application threads were stopped: 0.0013386 seconds, Stopping threads took: 0.0000201 seconds
2015-04-14T20:06:15.618-0100: 266.407: [GC (Allocation Failure) 
Desired survivor size 524288 bytes, new threshold 15 (max 15)
[PSYoungGen: 2240K->288K(2560K)] 12267K->10323K(13824K), 0.0008222 secs] [Times: user=0.00 sys=0.00, real=0.00 secs] 
2015-04-14T20:06:15.618-0100: 266.408: Total time for which application threads were stopped: 0.0009672 seconds, Stopping threads took: 0.0000143 seconds
2015-04-14T20:06:16.467-0100: 267.256: [GC (Allocation Failure) 
Desired survivor size 524288 bytes, new threshold 15 (max 15)
[PSYoungGen: 2336K->256K(2560K)] 12371K->10291K(13824K), 0.0008450 secs] [Times: user=0.00 sys=0.00, real=0.00 secs] 
2015-04-14T20:06:16.468-0100: 267.257: Total time for which application threads were stopped: 0.0010212 seconds, Stopping threads took: 0.0000168 seconds
2015-04-14T20:06:17.158-0100: 267.947: [GC (Allocation Failure) 
Desired survivor size 524288 bytes, new threshold 15 (max 15)
[PSYoungGen: 2304K->288K(2560K)] 12339K->10323K(13824K), 0.0009949 secs] [Times: user=0.00 sys=0.00, real=0.00 secs] 
2015-04-14T20:06:17.159-0100: 267.948: Total time for which application threads were stopped: 0.0011824 seconds, Stopping threads took: 0.0000211 seconds
2015-04-14T20:06:17.917-0100: 268.707: [GC (Allocation Failure) 
Desired survivor size 524288 bytes, new threshold 15 (max 15)
[PSYoungGen: 2336K->288K(2560K)] 12371K->10323K(13824K), 0.0009102 secs] [Times: user=0.01 sys=0.00, real=0.00 secs] 
2015-04-14T20:06:17.918-0100: 268.708: Total time for which application threads were stopped: 0.0010818 seconds, Stopping threads took: 0.0000191 seconds
2015-04-14T20:06:18.667-0100: 269.456: [GC (Allocation Failure) 
Desired survivor size 524288 bytes, new threshold 15 (max 15)
[PSYoungGen: 2336K->256K(2560K)] 12371K->10299K(13824K), 0.0009389 secs] [Times: user=0.00 sys=0.00, real=0.00 secs] 
2015-04-14T20:06:18.668-0100: 269.457: Total time for which application threads were stopped: 0.0011039 seconds, Stopping threads took: 0.0000178 seconds
2015-04-14T20:06:19.480-0100: 270.269: [GC (Allocation Failure) 
Desired survivor size 524288 bytes, new threshold 15 (max 15)
[PSYoungGen: 2304K->288K(2560K)] 12347K->10331K(13824K), 0.0010463 secs] [Times: user=0.00 sys=0.00, real=0.00 secs] 
2015-04-14T20:06:19.481-0100: 270.270: Total time for which application threads were stopped: 0.0012290 seconds, Stopping threads took: 0.0000228 seconds
2015-04-14T20:06:20.133-0100: 270.922: [GC (Allocation Failure) 
Desired survivor size 524288 bytes, new threshold 15 (max 15)
[PSYoungGen: 2336K->288K(2560K)] 12379K->10331K(13824K), 0.0010034 secs] [Times: user=0.00 sys=0.00, real=0.00 secs] 
2015-04-14T20:06:20.134-0100: 270.923: Total time for which application threads were stopped: 0.0011966 seconds, Stopping threads took: 0.0000197 seconds
2015-04-14T20:06:20.917-0100: 271.707: [GC (Allocation Failure) 
Desired survivor size 524288 bytes, new threshold 15 (max 15)
[PSYoungGen: 2336K->288K(2560K)] 12379K->10339K(13824K), 0.0009711 secs] [Times: user=0.01 sys=0.00, real=0.00 secs] 
2015-04-14T20:06:20.918-0100: 271.708: Total time for which application threads were stopped: 0.0011722 seconds, Stopping threads took: 0.0000219 seconds
2015-04-14T20:06:21.588-0100: 272.377: [GC (Allocation Failure) 
Desired survivor size 524288 bytes, new threshold 15 (max 15)
[PSYoungGen: 2336K->288K(2560K)] 12387K->10339K(13824K), 0.0008636 secs] [Times: user=0.00 sys=0.00, real=0.00 secs] 
2015-04-14T20:06:21.589-0100: 272.378: Total time for which application threads were stopped: 0.0010400 seconds, Stopping threads took: 0.0000206 seconds
2015-04-14T20:06:22.373-0100: 273.163: [GC (Allocation Failure) 
Desired survivor size 524288 bytes, new threshold 15 (max 15)
[PSYoungGen: 2336K->288K(2560K)] 12387K->10339K(13824K), 0.0010900 secs] [Times: user=0.00 sys=0.00, real=0.00 secs] 
2015-04-14T20:06:22.374-0100: 273.164: Total time for which application threads were stopped: 0.0012872 seconds, Stopping threads took: 0.0000238 seconds
2015-04-14T20:06:22.975-0100: 273.764: [GC (Allocation Failure) 
Desired survivor size 524288 bytes, new threshold 15 (max 15)
[PSYoungGen: 2336K->256K(2560K)] 12387K->10307K(13824K), 0.0013965 secs] [Times: user=0.01 sys=0.00, real=0.00 secs] 
2015-04-14T20:06:22.976-0100: 273.766: Total time for which application threads were stopped: 0.0015962 seconds, Stopping threads took: 0.0000157 seconds
2015-04-14T20:06:23.812-0100: 274.601: [GC (Allocation Failure) 
Desired survivor size 524288 bytes, new threshold 15 (max 15)
[PSYoungGen: 2304K->288K(2560K)] 12355K->10339K(13824K), 0.0011444 secs] [Times: user=0.00 sys=0.00, real=0.00 secs] 
2015-04-14T20:06:23.813-0100: 274.603: Total time for which application threads were stopped: 0.0013445 seconds, Stopping threads took: 0.0000210 seconds
2015-04-14T20:06:24.598-0100: 275.388: [GC (Allocation Failure) 
Desired survivor size 524288 bytes, new threshold 15 (max 15)
[PSYoungGen: 2336K->256K(2560K)] 12387K->10315K(13824K), 0.0012238 secs] [Times: user=0.00 sys=0.00, real=0.00 secs] 
2015-04-14T20:06:24.599-0100: 275.389: Total time for which application threads were stopped: 0.0014172 seconds, Stopping threads took: 0.0000215 seconds
2015-04-14T20:06:25.249-0100: 276.039: [GC (Allocation Failure) 
Desired survivor size 524288 bytes, new threshold 15 (max 15)
[PSYoungGen: 2304K->288K(2560K)] 12363K->10347K(13824K), 0.0009974 secs] [Times: user=0.00 sys=0.01, real=0.01 secs] 
2015-04-14T20:06:25.250-0100: 276.040: Total time for which application threads were stopped: 0.0011843 seconds, Stopping threads took: 0.0000198 seconds
2015-04-14T20:06:26.017-0100: 276.806: [GC (Allocation Failure) 
Desired survivor size 524288 bytes, new threshold 15 (max 15)
[PSYoungGen: 2336K->288K(2560K)] 12395K->10347K(13824K), 0.0007869 secs] [Times: user=0.00 sys=0.00, real=0.00 secs] 
2015-04-14T20:06:26.017-0100: 276.807: Total time for which application threads were stopped: 0.0009462 seconds, Stopping threads took: 0.0000148 seconds
2015-04-14T20:06:26.786-0100: 277.575: [GC (Allocation Failure) 
Desired survivor size 524288 bytes, new threshold 15 (max 15)
[PSYoungGen: 2336K->288K(2560K)] 12395K->10347K(13824K), 0.0009624 secs] [Times: user=0.00 sys=0.01, real=0.00 secs] 
2015-04-14T20:06:26.787-0100: 277.576: Total time for which application threads were stopped: 0.0011310 seconds, Stopping threads took: 0.0000191 seconds
2015-04-14T20:06:27.455-0100: 278.244: [GC (Allocation Failure) 
Desired survivor size 524288 bytes, new threshold 15 (max 15)
[PSYoungGen: 2336K->288K(2560K)] 12395K->10347K(13824K), 0.0009877 secs] [Times: user=0.01 sys=0.00, real=0.00 secs] 
2015-04-14T20:06:27.456-0100: 278.245: Total time for which application threads were stopped: 0.0011730 seconds, Stopping threads took: 0.0000215 seconds
2015-04-14T20:06:28.209-0100: 278.999: [GC (Allocation Failure) 
Desired survivor size 524288 bytes, new threshold 15 (max 15)
[PSYoungGen: 2336K->256K(2560K)] 12395K->10315K(13824K), 0.0010445 secs] [Times: user=0.00 sys=0.00, real=0.01 secs] 
2015-04-14T20:06:28.210-0100: 279.000: Total time for which application threads were stopped: 0.0012285 seconds, Stopping threads took: 0.0000205 seconds
2015-04-14T20:06:28.977-0100: 279.767: [GC (Allocation Failure) 
Desired survivor size 524288 bytes, new threshold 15 (max 15)
[PSYoungGen: 2304K->224K(2560K)] 12363K->10291K(13824K), 0.0008808 secs] [Times: user=0.01 sys=0.00, real=0.00 secs] 
2015-04-14T20:06:28.978-0100: 279.768: Total time for which application threads were stopped: 0.0010404 seconds, Stopping threads took: 0.0000175 seconds
2015-04-14T20:06:29.529-0100: 280.319: [GC (Allocation Failure) 
Desired survivor size 524288 bytes, new threshold 15 (max 15)
[PSYoungGen: 2272K->288K(2560K)] 12339K->10371K(13824K), 0.0011056 secs] [Times: user=0.00 sys=0.01, real=0.01 secs] 
2015-04-14T20:06:29.530-0100: 280.320: Total time for which application threads were stopped: 0.0013286 seconds, Stopping threads took: 0.0000196 seconds
2015-04-14T20:06:30.215-0100: 281.004: [GC (Allocation Failure) 
Desired survivor size 524288 bytes, new threshold 15 (max 15)
[PSYoungGen: 2336K->288K(2560K)] 12419K->10371K(13824K), 0.0011149 secs] [Times: user=0.01 sys=0.00, real=0.00 secs] 
2015-04-14T20:06:30.216-0100: 281.005: Total time for which application threads were stopped: 0.0013034 seconds, Stopping threads took: 0.0000223 seconds
2015-04-14T20:06:31.000-0100: 281.789: [GC (Allocation Failure) 
Desired survivor size 524288 bytes, new threshold 15 (max 15)
[PSYoungGen: 2336K->288K(2560K)] 12419K->10403K(13824K), 0.0010864 secs] [Times: user=0.01 sys=0.00, real=0.00 secs] 
2015-04-14T20:06:31.001-0100: 281.790: Total time for which application threads were stopped: 0.0012701 seconds, Stopping threads took: 0.0000221 seconds
2015-04-14T20:06:31.653-0100: 282.443: [GC (Allocation Failure) 
Desired survivor size 524288 bytes, new threshold 15 (max 15)
[PSYoungGen: 2336K->256K(2560K)] 12451K->10379K(13824K), 0.0011139 secs] [Times: user=0.01 sys=0.00, real=0.00 secs] 
2015-04-14T20:06:31.654-0100: 282.444: Total time for which application threads were stopped: 0.0013035 seconds, Stopping threads took: 0.0000209 seconds
2015-04-14T20:06:32.439-0100: 283.229: [GC (Allocation Failure) 
Desired survivor size 524288 bytes, new threshold 15 (max 15)
[PSYoungGen: 2304K->224K(2560K)] 12427K->10379K(13824K), 0.0010053 secs] [Times: user=0.00 sys=0.00, real=0.01 secs] 
2015-04-14T20:06:32.440-0100: 283.230: Total time for which application threads were stopped: 0.0011789 seconds, Stopping threads took: 0.0000193 seconds
2015-04-14T20:06:33.207-0100: 283.997: [GC (Allocation Failure) 
Desired survivor size 524288 bytes, new threshold 15 (max 15)
[PSYoungGen: 2272K->256K(2560K)] 12427K->10411K(13824K), 0.0011554 secs] [Times: user=0.00 sys=0.00, real=0.00 secs] 
2015-04-14T20:06:33.208-0100: 283.998: Total time for which application threads were stopped: 0.0013517 seconds, Stopping threads took: 0.0000227 seconds
2015-04-14T20:06:33.860-0100: 284.650: [GC (Allocation Failure) 
Desired survivor size 524288 bytes, new threshold 15 (max 15)
[PSYoungGen: 2304K->288K(2560K)] 12459K->10443K(13824K), 0.0010516 secs] [Times: user=0.01 sys=0.00, real=0.00 secs] 
2015-04-14T20:06:33.861-0100: 284.651: Total time for which application threads were stopped: 0.0012575 seconds, Stopping threads took: 0.0000241 seconds
2015-04-14T20:06:34.567-0100: 285.357: [GC (Allocation Failure) 
Desired survivor size 524288 bytes, new threshold 15 (max 15)
[PSYoungGen: 2336K->256K(2560K)] 12491K->10419K(13824K), 0.0009523 secs] [Times: user=0.00 sys=0.00, real=0.00 secs] 
2015-04-14T20:06:34.568-0100: 285.358: Total time for which application threads were stopped: 0.0011297 seconds, Stopping threads took: 0.0000194 seconds
2015-04-14T20:06:35.402-0100: 286.192: [GC (Allocation Failure) 
Desired survivor size 524288 bytes, new threshold 15 (max 15)
[PSYoungGen: 2304K->288K(2560K)] 12467K->10451K(13824K), 0.0011188 secs] [Times: user=0.01 sys=0.00, real=0.00 secs] 
2015-04-14T20:06:35.404-0100: 286.193: Total time for which application threads were stopped: 0.0013412 seconds, Stopping threads took: 0.0000248 seconds
2015-04-14T20:06:36.198-0100: 286.987: [GC (Allocation Failure) 
Desired survivor size 524288 bytes, new threshold 15 (max 15)
[PSYoungGen: 2336K->256K(2560K)] 12499K->10419K(13824K), 0.0010146 secs] [Times: user=0.01 sys=0.00, real=0.00 secs] 
2015-04-14T20:06:36.199-0100: 286.988: Total time for which application threads were stopped: 0.0012178 seconds, Stopping threads took: 0.0000216 seconds
2015-04-14T20:06:36.835-0100: 287.624: [GC (Allocation Failure) 
Desired survivor size 524288 bytes, new threshold 15 (max 15)
[PSYoungGen: 2304K->288K(2560K)] 12467K->10451K(13824K), 0.0011104 secs] [Times: user=0.01 sys=0.00, real=0.00 secs] 
2015-04-14T20:06:36.836-0100: 287.626: Total time for which application threads were stopped: 0.0012999 seconds, Stopping threads took: 0.0000213 seconds
2015-04-14T20:06:37.620-0100: 288.410: [GC (Allocation Failure) 
Desired survivor size 524288 bytes, new threshold 15 (max 15)
[PSYoungGen: 2336K->256K(2560K)] 12499K->10419K(13824K), 0.0010929 secs] [Times: user=0.01 sys=0.00, real=0.00 secs] 
2015-04-14T20:06:37.622-0100: 288.411: Total time for which application threads were stopped: 0.0013060 seconds, Stopping threads took: 0.0000214 seconds
2015-04-14T20:06:38.355-0100: 289.145: [GC (Allocation Failure) 
Desired survivor size 524288 bytes, new threshold 15 (max 15)
[PSYoungGen: 2304K->288K(2560K)] 12467K->10451K(13824K), 0.0011652 secs] [Times: user=0.01 sys=0.00, real=0.00 secs] 
2015-04-14T20:06:38.357-0100: 289.146: Total time for which application threads were stopped: 0.0013605 seconds, Stopping threads took: 0.0000209 seconds
2015-04-14T20:06:39.074-0100: 289.864: [GC (Allocation Failure) 
Desired survivor size 524288 bytes, new threshold 15 (max 15)
[PSYoungGen: 2336K->288K(2560K)] 12499K->10459K(13824K), 0.0012900 secs] [Times: user=0.00 sys=0.00, real=0.00 secs] 
2015-04-14T20:06:39.076-0100: 289.865: Total time for which application threads were stopped: 0.0015424 seconds, Stopping threads took: 0.0000243 seconds
2015-04-14T20:06:39.827-0100: 290.617: [GC (Allocation Failure) 
Desired survivor size 524288 bytes, new threshold 15 (max 15)
[PSYoungGen: 2336K->288K(2560K)] 12507K->10483K(13824K), 0.0009967 secs] [Times: user=0.00 sys=0.01, real=0.00 secs] 
2015-04-14T20:06:39.828-0100: 290.618: Total time for which application threads were stopped: 0.0011795 seconds, Stopping threads took: 0.0000204 seconds
2015-04-14T20:06:40.419-0100: 291.209: [GC (Allocation Failure) 
Desired survivor size 524288 bytes, new threshold 15 (max 15)
[PSYoungGen: 2336K->224K(2560K)] 12531K->10451K(13824K), 0.0010996 secs] [Times: user=0.00 sys=0.00, real=0.00 secs] 
2015-04-14T20:06:40.421-0100: 291.210: Total time for which application threads were stopped: 0.0013930 seconds, Stopping threads took: 0.0000351 seconds
2015-04-14T20:06:41.268-0100: 292.058: [GC (Allocation Failure) 
Desired survivor size 524288 bytes, new threshold 15 (max 15)
[PSYoungGen: 2272K->288K(2560K)] 12499K->10539K(13824K), 0.0010591 secs] [Times: user=0.00 sys=0.01, real=0.00 secs] 
2015-04-14T20:06:41.269-0100: 292.059: Total time for which application threads were stopped: 0.0012525 seconds, Stopping threads took: 0.0000214 seconds
2015-04-14T20:06:41.919-0100: 292.709: [GC (Allocation Failure) 
Desired survivor size 524288 bytes, new threshold 15 (max 15)
[PSYoungGen: 2336K->256K(2560K)] 12587K->10507K(13824K), 0.0010640 secs] [Times: user=0.01 sys=0.00, real=0.01 secs] 
2015-04-14T20:06:41.920-0100: 292.710: Total time for which application threads were stopped: 0.0012457 seconds, Stopping threads took: 0.0000211 seconds
2015-04-14T20:06:42.470-0100: 293.260: [GC (Allocation Failure) 
Desired survivor size 524288 bytes, new threshold 15 (max 15)
[PSYoungGen: 2304K->288K(2560K)] 12555K->10571K(13824K), 0.0010004 secs] [Times: user=0.00 sys=0.00, real=0.00 secs] 
2015-04-14T20:06:42.471-0100: 293.261: Total time for which application threads were stopped: 0.0011897 seconds, Stopping threads took: 0.0000215 seconds
2015-04-14T20:06:43.205-0100: 293.994: [GC (Allocation Failure) 
Desired survivor size 524288 bytes, new threshold 15 (max 15)
[PSYoungGen: 2336K->256K(2560K)] 12619K->10539K(13824K), 0.0009195 secs] [Times: user=0.00 sys=0.00, real=0.00 secs] 
2015-04-14T20:06:43.206-0100: 293.995: Total time for which application threads were stopped: 0.0010981 seconds, Stopping threads took: 0.0000229 seconds
2015-04-14T20:06:43.858-0100: 294.648: [GC (Allocation Failure) 
Desired survivor size 524288 bytes, new threshold 15 (max 15)
[PSYoungGen: 2304K->256K(2560K)] 12587K->10539K(13824K), 0.0011638 secs] [Times: user=0.01 sys=0.00, real=0.00 secs] 
2015-04-14T20:06:43.859-0100: 294.649: Total time for which application threads were stopped: 0.0013568 seconds, Stopping threads took: 0.0000216 seconds
2015-04-14T20:06:44.495-0100: 295.285: [GC (Allocation Failure) 
Desired survivor size 524288 bytes, new threshold 15 (max 15)
[PSYoungGen: 2304K->256K(2560K)] 12587K->10579K(13824K), 0.0010131 secs] [Times: user=0.00 sys=0.00, real=0.00 secs] 
2015-04-14T20:06:44.496-0100: 295.286: Total time for which application threads were stopped: 0.0012522 seconds, Stopping threads took: 0.0000245 seconds
2015-04-14T20:06:45.178-0100: 295.968: [GC (Allocation Failure) 
Desired survivor size 524288 bytes, new threshold 15 (max 15)
[PSYoungGen: 2304K->288K(2560K)] 12627K->10619K(13824K), 0.0010715 secs] [Times: user=0.00 sys=0.00, real=0.00 secs] 
2015-04-14T20:06:45.179-0100: 295.969: Total time for which application threads were stopped: 0.0012992 seconds, Stopping threads took: 0.0000249 seconds
2015-04-14T20:06:45.632-0100: 296.422: [GC (Allocation Failure) 
Desired survivor size 524288 bytes, new threshold 15 (max 15)
[PSYoungGen: 2336K->256K(2560K)] 12667K->10619K(13824K), 0.0010583 secs] [Times: user=0.00 sys=0.00, real=0.00 secs] 
2015-04-14T20:06:45.634-0100: 296.423: Total time for which application threads were stopped: 0.0012757 seconds, Stopping threads took: 0.0000222 seconds
2015-04-14T20:06:46.315-0100: 297.105: [GC (Allocation Failure) 
Desired survivor size 524288 bytes, new threshold 15 (max 15)
[PSYoungGen: 2304K->256K(2560K)] 12667K->10619K(13824K), 0.0010617 secs] [Times: user=0.01 sys=0.00, real=0.00 secs] 
2015-04-14T20:06:46.317-0100: 297.107: Total time for which application threads were stopped: 0.0012522 seconds, Stopping threads took: 0.0000226 seconds
2015-04-14T20:06:46.884-0100: 297.674: [GC (Allocation Failure) 
Desired survivor size 524288 bytes, new threshold 15 (max 15)
[PSYoungGen: 2304K->256K(2560K)] 12667K->10619K(13824K), 0.0009932 secs] [Times: user=0.00 sys=0.00, real=0.00 secs] 
2015-04-14T20:06:46.885-0100: 297.675: Total time for which application threads were stopped: 0.0011827 seconds, Stopping threads took: 0.0000219 seconds
2015-04-14T20:06:47.518-0100: 298.308: [GC (Allocation Failure) 
Desired survivor size 524288 bytes, new threshold 15 (max 15)
[PSYoungGen: 2304K->256K(2560K)] 12667K->10619K(13824K), 0.0010875 secs] [Times: user=0.00 sys=0.01, real=0.00 secs] 
2015-04-14T20:06:47.519-0100: 298.309: Total time for which application threads were stopped: 0.0012844 seconds, Stopping threads took: 0.0000214 seconds
2015-04-14T20:06:48.340-0100: 299.130: [GC (Allocation Failure) 
Desired survivor size 524288 bytes, new threshold 15 (max 15)
[PSYoungGen: 2304K->288K(2560K)] 12667K->10651K(13824K), 0.0009952 secs] [Times: user=0.00 sys=0.00, real=0.00 secs] 
2015-04-14T20:06:48.341-0100: 299.131: Total time for which application threads were stopped: 0.0011880 seconds, Stopping threads took: 0.0000214 seconds
2015-04-14T20:06:48.873-0100: 299.663: [GC (Allocation Failure) 
Desired survivor size 524288 bytes, new threshold 15 (max 15)
[PSYoungGen: 2336K->256K(2560K)] 12699K->10651K(13824K), 0.0010717 secs] [Times: user=0.00 sys=0.00, real=0.00 secs] 
2015-04-14T20:06:48.874-0100: 299.664: Total time for which application threads were stopped: 0.0012481 seconds, Stopping threads took: 0.0000218 seconds
2015-04-14T20:06:49.593-0100: 300.383: [GC (Allocation Failure) 
Desired survivor size 524288 bytes, new threshold 15 (max 15)
[PSYoungGen: 2304K->288K(2560K)] 12699K->10699K(13824K), 0.0010481 secs] [Times: user=0.00 sys=0.00, real=0.00 secs] 
2015-04-14T20:06:49.594-0100: 300.384: Total time for which application threads were stopped: 0.0012279 seconds, Stopping threads took: 0.0000194 seconds
2015-04-14T20:06:50.418-0100: 301.208: [GC (Allocation Failure) 
Desired survivor size 524288 bytes, new threshold 15 (max 15)
[PSYoungGen: 2336K->288K(2560K)] 12747K->10699K(13824K), 0.0016664 secs] [Times: user=0.01 sys=0.00, real=0.01 secs] 
2015-04-14T20:06:50.420-0100: 301.210: Total time for which application threads were stopped: 0.0019457 seconds, Stopping threads took: 0.0000356 seconds
2015-04-14T20:06:51.082-0100: 301.872: [GC (Allocation Failure) 
Desired survivor size 524288 bytes, new threshold 15 (max 15)
[PSYoungGen: 2336K->288K(2560K)] 12747K->10699K(13824K), 0.0010014 secs] [Times: user=0.01 sys=0.00, real=0.00 secs] 
2015-04-14T20:06:51.083-0100: 301.873: Total time for which application threads were stopped: 0.0011851 seconds, Stopping threads took: 0.0000199 seconds
2015-04-14T20:06:51.799-0100: 302.589: [GC (Allocation Failure) 
Desired survivor size 524288 bytes, new threshold 15 (max 15)
[PSYoungGen: 2336K->256K(2560K)] 12747K->10675K(13824K), 0.0011020 secs] [Times: user=0.00 sys=0.00, real=0.01 secs] 
2015-04-14T20:06:51.800-0100: 302.590: Total time for which application threads were stopped: 0.0012938 seconds, Stopping threads took: 0.0000177 seconds
2015-04-14T20:06:52.553-0100: 303.343: [GC (Allocation Failure) 
Desired survivor size 524288 bytes, new threshold 15 (max 15)
[PSYoungGen: 2304K->288K(2560K)] 12723K->10739K(13824K), 0.0011087 secs] [Times: user=0.01 sys=0.01, real=0.00 secs] 
2015-04-14T20:06:52.554-0100: 303.344: Total time for which application threads were stopped: 0.0013046 seconds, Stopping threads took: 0.0000213 seconds
2015-04-14T20:06:53.371-0100: 304.161: [GC (Allocation Failure) 
Desired survivor size 524288 bytes, new threshold 15 (max 15)
[PSYoungGen: 2336K->288K(2560K)] 12787K->10739K(13824K), 0.0010797 secs] [Times: user=0.00 sys=0.00, real=0.00 secs] 
2015-04-14T20:06:53.372-0100: 304.162: Total time for which application threads were stopped: 0.0012708 seconds, Stopping threads took: 0.0000214 seconds
2015-04-14T20:06:54.077-0100: 304.867: [GC (Allocation Failure) 
Desired survivor size 524288 bytes, new threshold 15 (max 15)
[PSYoungGen: 2336K->288K(2560K)] 12787K->10739K(13824K), 0.0009471 secs] [Times: user=0.00 sys=0.00, real=0.00 secs] 
2015-04-14T20:06:54.078-0100: 304.868: Total time for which application threads were stopped: 0.0011220 seconds, Stopping threads took: 0.0000190 seconds
2015-04-14T20:06:54.919-0100: 305.709: [GC (Allocation Failure) 
Desired survivor size 524288 bytes, new threshold 15 (max 15)
[PSYoungGen: 2336K->256K(2560K)] 12787K->10707K(13824K), 0.0010393 secs] [Times: user=0.01 sys=0.00, real=0.01 secs] 
2015-04-14T20:06:54.920-0100: 305.710: Total time for which application threads were stopped: 0.0012327 seconds, Stopping threads took: 0.0000214 seconds
2015-04-14T20:06:55.628-0100: 306.418: [GC (Allocation Failure) 
Desired survivor size 524288 bytes, new threshold 15 (max 15)
[PSYoungGen: 2304K->288K(2560K)] 12755K->10779K(13824K), 0.0010322 secs] [Times: user=0.00 sys=0.00, real=0.00 secs] 
2015-04-14T20:06:55.629-0100: 306.419: Total time for which application threads were stopped: 0.0012240 seconds, Stopping threads took: 0.0000206 seconds
2015-04-14T20:06:56.413-0100: 307.203: [GC (Allocation Failure) 
Desired survivor size 524288 bytes, new threshold 15 (max 15)
[PSYoungGen: 2336K->256K(2560K)] 12827K->10779K(13824K), 0.0009674 secs] [Times: user=0.00 sys=0.00, real=0.00 secs] 
2015-04-14T20:06:56.414-0100: 307.204: Total time for which application threads were stopped: 0.0011268 seconds, Stopping threads took: 0.0000197 seconds
2015-04-14T20:06:57.083-0100: 307.873: [GC (Allocation Failure) 
Desired survivor size 524288 bytes, new threshold 15 (max 15)
[PSYoungGen: 2304K->288K(2560K)] 12827K->10811K(13824K), 0.0009857 secs] [Times: user=0.01 sys=0.00, real=0.00 secs] 
2015-04-14T20:06:57.084-0100: 307.874: Total time for which application threads were stopped: 0.0011721 seconds, Stopping threads took: 0.0000217 seconds
2015-04-14T20:06:57.769-0100: 308.559: [GC (Allocation Failure) 
Desired survivor size 524288 bytes, new threshold 15 (max 15)
[PSYoungGen: 2336K->288K(2560K)] 12859K->10819K(13824K), 0.0009943 secs] [Times: user=0.00 sys=0.01, real=0.01 secs] 
2015-04-14T20:06:57.770-0100: 308.560: Total time for which application threads were stopped: 0.0011732 seconds, Stopping threads took: 0.0000192 seconds
2015-04-14T20:06:58.522-0100: 309.312: [GC (Allocation Failure) 
Desired survivor size 524288 bytes, new threshold 15 (max 15)
[PSYoungGen: 2336K->288K(2560K)] 12867K->10819K(13824K), 0.0010123 secs] [Times: user=0.00 sys=0.00, real=0.00 secs] 
2015-04-14T20:06:58.523-0100: 309.313: Total time for which application threads were stopped: 0.0012168 seconds, Stopping threads took: 0.0000205 seconds
2015-04-14T20:06:59.339-0100: 310.129: [GC (Allocation Failure) 
Desired survivor size 524288 bytes, new threshold 15 (max 15)
[PSYoungGen: 2336K->288K(2560K)] 12867K->10819K(13824K), 0.0010258 secs] [Times: user=0.00 sys=0.00, real=0.01 secs] 
2015-04-14T20:06:59.340-0100: 310.130: Total time for which application threads were stopped: 0.0012120 seconds, Stopping threads took: 0.0000198 seconds
2015-04-14T20:07:00.077-0100: 310.867: [GC (Allocation Failure) 
Desired survivor size 524288 bytes, new threshold 15 (max 15)
[PSYoungGen: 2336K->256K(2560K)] 12867K->10787K(13824K), 0.0011051 secs] [Times: user=0.00 sys=0.00, real=0.00 secs] 
2015-04-14T20:07:00.078-0100: 310.868: Total time for which application threads were stopped: 0.0013052 seconds, Stopping threads took: 0.0000234 seconds
2015-04-14T20:07:00.746-0100: 311.536: [GC (Allocation Failure) 
Desired survivor size 524288 bytes, new threshold 15 (max 15)
[PSYoungGen: 2304K->288K(2560K)] 12835K->10819K(13824K), 0.0010738 secs] [Times: user=0.00 sys=0.00, real=0.00 secs] 
2015-04-14T20:07:00.747-0100: 311.538: Total time for which application threads were stopped: 0.0012457 seconds, Stopping threads took: 0.0000222 seconds
2015-04-14T20:07:01.515-0100: 312.305: [GC (Allocation Failure) 
Desired survivor size 524288 bytes, new threshold 15 (max 15)
[PSYoungGen: 2336K->256K(2560K)] 12867K->10787K(13824K), 0.0009452 secs] [Times: user=0.00 sys=0.00, real=0.00 secs] 
2015-04-14T20:07:01.516-0100: 312.306: Total time for which application threads were stopped: 0.0011181 seconds, Stopping threads took: 0.0000204 seconds
2015-04-14T20:07:02.315-0100: 313.105: [GC (Allocation Failure) 
Desired survivor size 524288 bytes, new threshold 15 (max 15)
[PSYoungGen: 2304K->288K(2560K)] 12835K->10843K(13824K), 0.0010103 secs] [Times: user=0.01 sys=0.00, real=0.00 secs] 
2015-04-14T20:07:02.316-0100: 313.107: Total time for which application threads were stopped: 0.0011918 seconds, Stopping threads took: 0.0000196 seconds
2015-04-14T20:07:03.001-0100: 313.791: [GC (Allocation Failure) 
Desired survivor size 524288 bytes, new threshold 15 (max 15)
[PSYoungGen: 2336K->256K(2560K)] 12891K->10811K(13824K), 0.0010642 secs] [Times: user=0.00 sys=0.00, real=0.00 secs] 
2015-04-14T20:07:03.002-0100: 313.792: Total time for which application threads were stopped: 0.0012586 seconds, Stopping threads took: 0.0000207 seconds
2015-04-14T20:07:03.955-0100: 314.745: [GC (Allocation Failure) 
Desired survivor size 524288 bytes, new threshold 15 (max 15)
[PSYoungGen: 2304K->256K(2560K)] 12859K->10811K(13824K), 0.0010570 secs] [Times: user=0.00 sys=0.00, real=0.00 secs] 
2015-04-14T20:07:03.956-0100: 314.746: Total time for which application threads were stopped: 0.0012512 seconds, Stopping threads took: 0.0000220 seconds
2015-04-14T20:07:04.674-0100: 315.464: [GC (Allocation Failure) 
Desired survivor size 524288 bytes, new threshold 15 (max 15)
[PSYoungGen: 2304K->288K(2560K)] 12859K->10843K(13824K), 0.0010119 secs] [Times: user=0.00 sys=0.00, real=0.00 secs] 
2015-04-14T20:07:04.675-0100: 315.465: Total time for which application threads were stopped: 0.0012130 seconds, Stopping threads took: 0.0000191 seconds
2015-04-14T20:07:05.460-0100: 316.250: [GC (Allocation Failure) 
Desired survivor size 524288 bytes, new threshold 15 (max 15)
[PSYoungGen: 2336K->256K(2560K)] 12891K->10811K(13824K), 0.0010199 secs] [Times: user=0.01 sys=0.00, real=0.00 secs] 
2015-04-14T20:07:05.461-0100: 316.251: Total time for which application threads were stopped: 0.0012130 seconds, Stopping threads took: 0.0000223 seconds
2015-04-14T20:07:06.278-0100: 317.068: [GC (Allocation Failure) 
Desired survivor size 524288 bytes, new threshold 15 (max 15)
[PSYoungGen: 2304K->288K(2560K)] 12859K->10851K(13824K), 0.0011045 secs] [Times: user=0.00 sys=0.00, real=0.00 secs] 
2015-04-14T20:07:06.279-0100: 317.069: Total time for which application threads were stopped: 0.0012972 seconds, Stopping threads took: 0.0000223 seconds
2015-04-14T20:07:07.064-0100: 317.854: [GC (Allocation Failure) 
Desired survivor size 524288 bytes, new threshold 15 (max 15)
[PSYoungGen: 2336K->256K(2560K)] 12899K->10819K(13824K), 0.0010304 secs] [Times: user=0.00 sys=0.00, real=0.00 secs] 
2015-04-14T20:07:07.065-0100: 317.855: Total time for which application threads were stopped: 0.0012366 seconds, Stopping threads took: 0.0000215 seconds
2015-04-14T20:07:07.834-0100: 318.624: [GC (Allocation Failure) 
Desired survivor size 524288 bytes, new threshold 15 (max 15)
[PSYoungGen: 2304K->288K(2560K)] 12867K->10851K(13824K), 0.0010840 secs] [Times: user=0.01 sys=0.00, real=0.00 secs] 
2015-04-14T20:07:07.835-0100: 318.625: Total time for which application threads were stopped: 0.0012790 seconds, Stopping threads took: 0.0000214 seconds
2015-04-14T20:07:08.504-0100: 319.294: [GC (Allocation Failure) 
Desired survivor size 524288 bytes, new threshold 15 (max 15)
[PSYoungGen: 2336K->288K(2560K)] 12899K->10867K(13824K), 0.0010554 secs] [Times: user=0.00 sys=0.00, real=0.00 secs] 
2015-04-14T20:07:08.505-0100: 319.295: Total time for which application threads were stopped: 0.0012455 seconds, Stopping threads took: 0.0000188 seconds
2015-04-14T20:07:09.305-0100: 320.095: [GC (Allocation Failure) 
Desired survivor size 524288 bytes, new threshold 15 (max 15)
[PSYoungGen: 2336K->256K(2560K)] 12915K->10859K(13824K), 0.0010054 secs] [Times: user=0.00 sys=0.00, real=0.00 secs] 
2015-04-14T20:07:09.306-0100: 320.096: Total time for which application threads were stopped: 0.0011929 seconds, Stopping threads took: 0.0000214 seconds
2015-04-14T20:07:10.174-0100: 320.964: [GC (Allocation Failure) 
Desired survivor size 524288 bytes, new threshold 15 (max 15)
[PSYoungGen: 2304K->256K(2560K)] 12907K->10859K(13824K), 0.0009759 secs] [Times: user=0.00 sys=0.00, real=0.00 secs] 
2015-04-14T20:07:10.175-0100: 320.965: Total time for which application threads were stopped: 0.0011612 seconds, Stopping threads took: 0.0000212 seconds
2015-04-14T20:07:10.876-0100: 321.666: [GC (Allocation Failure) 
Desired survivor size 524288 bytes, new threshold 15 (max 15)
[PSYoungGen: 2304K->288K(2560K)] 12907K->10891K(13824K), 0.0010385 secs] [Times: user=0.00 sys=0.00, real=0.00 secs] 
2015-04-14T20:07:10.877-0100: 321.667: Total time for which application threads were stopped: 0.0012314 seconds, Stopping threads took: 0.0000185 seconds
2015-04-14T20:07:11.565-0100: 322.355: [GC (Allocation Failure) 
Desired survivor size 524288 bytes, new threshold 15 (max 15)
[PSYoungGen: 2336K->256K(2560K)] 12939K->10867K(13824K), 0.0009872 secs] [Times: user=0.00 sys=0.00, real=0.00 secs] 
2015-04-14T20:07:11.566-0100: 322.356: Total time for which application threads were stopped: 0.0011545 seconds, Stopping threads took: 0.0000212 seconds
2015-04-14T20:07:12.380-0100: 323.170: [GC (Allocation Failure) 
Desired survivor size 524288 bytes, new threshold 15 (max 15)
[PSYoungGen: 2304K->256K(2560K)] 12915K->10875K(13824K), 0.0010649 secs] [Times: user=0.00 sys=0.00, real=0.00 secs] 
2015-04-14T20:07:12.381-0100: 323.171: Total time for which application threads were stopped: 0.0012644 seconds, Stopping threads took: 0.0000221 seconds
2015-04-14T20:07:13.201-0100: 323.991: [GC (Allocation Failure) 
Desired survivor size 524288 bytes, new threshold 15 (max 15)
[PSYoungGen: 2304K->288K(2560K)] 12923K->10915K(13824K), 0.0010542 secs] [Times: user=0.01 sys=0.00, real=0.00 secs] 
2015-04-14T20:07:13.202-0100: 323.992: Total time for which application threads were stopped: 0.0012447 seconds, Stopping threads took: 0.0000214 seconds
2015-04-14T20:07:13.869-0100: 324.660: [GC (Allocation Failure) 
Desired survivor size 524288 bytes, new threshold 15 (max 15)
[PSYoungGen: 2336K->256K(2560K)] 12963K->10891K(13824K), 0.0010205 secs] [Times: user=0.00 sys=0.00, real=0.01 secs] 
2015-04-14T20:07:13.870-0100: 324.661: Total time for which application threads were stopped: 0.0012249 seconds, Stopping threads took: 0.0000227 seconds
2015-04-14T20:07:14.670-0100: 325.460: [GC (Allocation Failure) 
Desired survivor size 524288 bytes, new threshold 15 (max 15)
[PSYoungGen: 2304K->224K(2560K)] 12939K->10883K(13824K), 0.0008020 secs] [Times: user=0.00 sys=0.00, real=0.00 secs] 
2015-04-14T20:07:14.671-0100: 325.461: Total time for which application threads were stopped: 0.0009762 seconds, Stopping threads took: 0.0000328 seconds
2015-04-14T20:07:15.492-0100: 326.283: [GC (Allocation Failure) 
Desired survivor size 524288 bytes, new threshold 15 (max 15)
[PSYoungGen: 2272K->256K(2560K)] 12931K->10915K(13824K), 0.0010382 secs] [Times: user=0.00 sys=0.00, real=0.00 secs] 
2015-04-14T20:07:15.493-0100: 326.284: Total time for which application threads were stopped: 0.0012258 seconds, Stopping threads took: 0.0000212 seconds
2015-04-14T20:07:16.309-0100: 327.099: [GC (Allocation Failure) 
Desired survivor size 524288 bytes, new threshold 15 (max 15)
[PSYoungGen: 2304K->288K(2560K)] 12963K->10947K(13824K), 0.0011129 secs] [Times: user=0.01 sys=0.00, real=0.01 secs] 
2015-04-14T20:07:16.310-0100: 327.100: Total time for which application threads were stopped: 0.0013324 seconds, Stopping threads took: 0.0000212 seconds
2015-04-14T20:07:17.069-0100: 327.859: [GC (Allocation Failure) 
Desired survivor size 524288 bytes, new threshold 15 (max 15)
[PSYoungGen: 2336K->256K(2560K)] 12995K->10931K(13824K), 0.0007603 secs] [Times: user=0.00 sys=0.00, real=0.00 secs] 
2015-04-14T20:07:17.069-0100: 327.860: Total time for which application threads were stopped: 0.0009182 seconds, Stopping threads took: 0.0000153 seconds
2015-04-14T20:07:17.731-0100: 328.522: [GC (Allocation Failure) 
Desired survivor size 524288 bytes, new threshold 15 (max 15)
[PSYoungGen: 2304K->288K(2560K)] 12979K->10963K(13824K), 0.0010447 secs] [Times: user=0.01 sys=0.00, real=0.00 secs] 
2015-04-14T20:07:17.733-0100: 328.523: Total time for which application threads were stopped: 0.0012506 seconds, Stopping threads took: 0.0000214 seconds
2015-04-14T20:07:18.500-0100: 329.291: [GC (Allocation Failure) 
Desired survivor size 524288 bytes, new threshold 15 (max 15)
[PSYoungGen: 2336K->256K(2560K)] 13011K->10931K(13824K), 0.0010462 secs] [Times: user=0.00 sys=0.01, real=0.00 secs] 
2015-04-14T20:07:18.501-0100: 329.292: Total time for which application threads were stopped: 0.0012324 seconds, Stopping threads took: 0.0000204 seconds
2015-04-14T20:07:19.340-0100: 330.130: [GC (Allocation Failure) 
Desired survivor size 524288 bytes, new threshold 15 (max 15)
[PSYoungGen: 2304K->288K(2560K)] 12979K->10995K(13824K), 0.0010047 secs] [Times: user=0.00 sys=0.00, real=0.00 secs] 
2015-04-14T20:07:19.341-0100: 330.131: Total time for which application threads were stopped: 0.0011824 seconds, Stopping threads took: 0.0000210 seconds
2015-04-14T20:07:19.938-0100: 330.729: [GC (Allocation Failure) 
Desired survivor size 524288 bytes, new threshold 15 (max 15)
[PSYoungGen: 2336K->256K(2560K)] 13043K->10963K(13824K), 0.0011000 secs] [Times: user=0.00 sys=0.00, real=0.00 secs] 
2015-04-14T20:07:19.940-0100: 330.730: Total time for which application threads were stopped: 0.0012857 seconds, Stopping threads took: 0.0000203 seconds
2015-04-14T20:07:20.624-0100: 331.414: [GC (Allocation Failure) 
Desired survivor size 524288 bytes, new threshold 15 (max 15)
[PSYoungGen: 2304K->256K(2560K)] 13011K->10963K(13824K), 0.0010943 secs] [Times: user=0.01 sys=0.00, real=0.00 secs] 
2015-04-14T20:07:20.625-0100: 331.415: Total time for which application threads were stopped: 0.0012928 seconds, Stopping threads took: 0.0000199 seconds
2015-04-14T20:07:21.429-0100: 332.220: [GC (Allocation Failure) 
Desired survivor size 524288 bytes, new threshold 15 (max 15)
[PSYoungGen: 2304K->288K(2560K)] 13011K->11003K(13824K), 0.0009390 secs] [Times: user=0.00 sys=0.00, real=0.01 secs] 
2015-04-14T20:07:21.430-0100: 332.221: Total time for which application threads were stopped: 0.0011026 seconds, Stopping threads took: 0.0000185 seconds
2015-04-14T20:07:22.245-0100: 333.035: [GC (Allocation Failure) 
Desired survivor size 524288 bytes, new threshold 15 (max 15)
[PSYoungGen: 2336K->288K(2560K)] 13051K->11003K(13824K), 0.0011141 secs] [Times: user=0.00 sys=0.00, real=0.00 secs] 
2015-04-14T20:07:22.246-0100: 333.036: Total time for which application threads were stopped: 0.0013102 seconds, Stopping threads took: 0.0000220 seconds
2015-04-14T20:07:22.956-0100: 333.747: [GC (Allocation Failure) 
Desired survivor size 524288 bytes, new threshold 15 (max 15)
[PSYoungGen: 2336K->256K(2560K)] 13051K->10971K(13824K), 0.0009476 secs] [Times: user=0.00 sys=0.00, real=0.00 secs] 
2015-04-14T20:07:22.957-0100: 333.748: Total time for which application threads were stopped: 0.0011228 seconds, Stopping threads took: 0.0000199 seconds
2015-04-14T20:07:23.716-0100: 334.506: [GC (Allocation Failure) 
Desired survivor size 524288 bytes, new threshold 15 (max 15)
[PSYoungGen: 2304K->224K(2560K)] 13019K->10939K(13824K), 0.0009430 secs] [Times: user=0.00 sys=0.00, real=0.00 secs] 
2015-04-14T20:07:23.717-0100: 334.507: Total time for which application threads were stopped: 0.0011235 seconds, Stopping threads took: 0.0000179 seconds
2015-04-14T20:07:24.401-0100: 335.191: [GC (Allocation Failure) 
Desired survivor size 524288 bytes, new threshold 15 (max 15)
[PSYoungGen: 2272K->288K(2560K)] 12987K->11003K(13824K), 0.0011335 secs] [Times: user=0.01 sys=0.00, real=0.00 secs] 
2015-04-14T20:07:24.402-0100: 335.193: Total time for which application threads were stopped: 0.0013242 seconds, Stopping threads took: 0.0000208 seconds
2015-04-14T20:07:25.119-0100: 335.910: [GC (Allocation Failure) 
Desired survivor size 524288 bytes, new threshold 15 (max 15)
[PSYoungGen: 2336K->288K(2560K)] 13051K->11003K(13824K), 0.0010503 secs] [Times: user=0.00 sys=0.00, real=0.01 secs] 
2015-04-14T20:07:25.121-0100: 335.911: Total time for which application threads were stopped: 0.0012449 seconds, Stopping threads took: 0.0000231 seconds
2015-04-14T20:07:25.941-0100: 336.732: [GC (Allocation Failure) 
Desired survivor size 524288 bytes, new threshold 15 (max 15)
[PSYoungGen: 2336K->288K(2560K)] 13051K->11003K(13824K), 0.0010773 secs] [Times: user=0.00 sys=0.00, real=0.00 secs] 
2015-04-14T20:07:25.943-0100: 336.733: Total time for which application threads were stopped: 0.0012768 seconds, Stopping threads took: 0.0000206 seconds
2015-04-14T20:07:26.608-0100: 337.399: [GC (Allocation Failure) 
Desired survivor size 524288 bytes, new threshold 15 (max 15)
[PSYoungGen: 2336K->224K(2560K)] 13051K->10939K(13824K), 0.0008195 secs] [Times: user=0.00 sys=0.01, real=0.00 secs] 
2015-04-14T20:07:26.609-0100: 337.400: Total time for which application threads were stopped: 0.0009922 seconds, Stopping threads took: 0.0000159 seconds
2015-04-14T20:07:27.469-0100: 338.260: [GC (Allocation Failure) 
Desired survivor size 524288 bytes, new threshold 15 (max 15)
[PSYoungGen: 2272K->256K(2560K)] 12987K->10971K(13824K), 0.0008080 secs] [Times: user=0.00 sys=0.00, real=0.01 secs] 
2015-04-14T20:07:27.470-0100: 338.260: Total time for which application threads were stopped: 0.0009612 seconds, Stopping threads took: 0.0000150 seconds
2015-04-14T20:07:28.214-0100: 339.004: [GC (Allocation Failure) 
Desired survivor size 524288 bytes, new threshold 15 (max 15)
[PSYoungGen: 2304K->256K(2560K)] 13019K->10971K(13824K), 0.0009105 secs] [Times: user=0.00 sys=0.00, real=0.00 secs] 
2015-04-14T20:07:28.215-0100: 339.005: Total time for which application threads were stopped: 0.0010758 seconds, Stopping threads took: 0.0000192 seconds
2015-04-14T20:07:29.002-0100: 339.792: [GC (Allocation Failure) 
Desired survivor size 524288 bytes, new threshold 15 (max 15)
[PSYoungGen: 2304K->288K(2560K)] 13019K->11003K(13824K), 0.0010142 secs] [Times: user=0.01 sys=0.00, real=0.00 secs] 
2015-04-14T20:07:29.003-0100: 339.793: Total time for which application threads were stopped: 0.0011912 seconds, Stopping threads took: 0.0000219 seconds
2015-04-14T20:07:29.686-0100: 340.476: [GC (Allocation Failure) 
Desired survivor size 524288 bytes, new threshold 15 (max 15)
[PSYoungGen: 2336K->288K(2560K)] 13051K->11035K(13824K), 0.0009605 secs] [Times: user=0.01 sys=0.00, real=0.00 secs] 
2015-04-14T20:07:29.687-0100: 340.477: Total time for which application threads were stopped: 0.0011404 seconds, Stopping threads took: 0.0000181 seconds
2015-04-14T20:07:30.470-0100: 341.260: [GC (Allocation Failure) 
Desired survivor size 524288 bytes, new threshold 15 (max 15)
[PSYoungGen: 2336K->256K(2560K)] 13083K->11003K(13824K), 0.0010363 secs] [Times: user=0.00 sys=0.00, real=0.00 secs] 
2015-04-14T20:07:30.471-0100: 341.262: Total time for which application threads were stopped: 0.0012484 seconds, Stopping threads took: 0.0000263 seconds
2015-04-14T20:07:31.275-0100: 342.066: [GC (Allocation Failure) 
Desired survivor size 524288 bytes, new threshold 15 (max 15)
[PSYoungGen: 2304K->288K(2560K)] 13051K->11051K(13824K), 0.0010662 secs] [Times: user=0.00 sys=0.00, real=0.00 secs] 
2015-04-14T20:07:31.276-0100: 342.067: Total time for which application threads were stopped: 0.0012502 seconds, Stopping threads took: 0.0000208 seconds
2015-04-14T20:07:31.942-0100: 342.733: [GC (Allocation Failure) 
Desired survivor size 524288 bytes, new threshold 15 (max 15)
[PSYoungGen: 2336K->256K(2560K)] 13099K->11019K(13824K), 0.0011387 secs] [Times: user=0.01 sys=0.00, real=0.00 secs] 
2015-04-14T20:07:31.943-0100: 342.734: Total time for which application threads were stopped: 0.0013301 seconds, Stopping threads took: 0.0000193 seconds
2015-04-14T20:07:32.728-0100: 343.519: [GC (Allocation Failure) 
Desired survivor size 524288 bytes, new threshold 15 (max 15)
[PSYoungGen: 2304K->288K(2560K)] 13067K->11051K(13824K), 0.0011458 secs] [Times: user=0.00 sys=0.00, real=0.00 secs] 
2015-04-14T20:07:32.730-0100: 343.520: Total time for which application threads were stopped: 0.0013480 seconds, Stopping threads took: 0.0000232 seconds
2015-04-14T20:07:33.497-0100: 344.288: [GC (Allocation Failure) 
Desired survivor size 524288 bytes, new threshold 15 (max 15)
[PSYoungGen: 2336K->288K(2560K)] 13099K->11051K(13824K), 0.0010842 secs] [Times: user=0.01 sys=0.00, real=0.00 secs] 
2015-04-14T20:07:33.499-0100: 344.289: Total time for which application threads were stopped: 0.0012752 seconds, Stopping threads took: 0.0000215 seconds
2015-04-14T20:07:34.217-0100: 345.008: [GC (Allocation Failure) 
Desired survivor size 524288 bytes, new threshold 15 (max 15)
[PSYoungGen: 2336K->288K(2560K)] 13099K->11051K(13824K), 0.0010389 secs] [Times: user=0.01 sys=0.00, real=0.00 secs] 
2015-04-14T20:07:34.218-0100: 345.009: Total time for which application threads were stopped: 0.0012361 seconds, Stopping threads took: 0.0000208 seconds
2015-04-14T20:07:35.002-0100: 345.792: [GC (Allocation Failure) 
Desired survivor size 524288 bytes, new threshold 15 (max 15)
[PSYoungGen: 2336K->256K(2560K)] 13099K->11019K(13824K), 0.0011163 secs] [Times: user=0.00 sys=0.00, real=0.00 secs] 
2015-04-14T20:07:35.003-0100: 345.793: Total time for which application threads were stopped: 0.0013251 seconds, Stopping threads took: 0.0000227 seconds
2015-04-14T20:07:35.769-0100: 346.559: [GC (Allocation Failure) 
Desired survivor size 524288 bytes, new threshold 15 (max 15)
[PSYoungGen: 2304K->256K(2560K)] 13067K->11019K(13824K), 0.0009434 secs] [Times: user=0.00 sys=0.00, real=0.01 secs] 
2015-04-14T20:07:35.770-0100: 346.560: Total time for which application threads were stopped: 0.0011228 seconds, Stopping threads took: 0.0000169 seconds
2015-04-14T20:07:36.542-0100: 347.332: [GC (Allocation Failure) 
Desired survivor size 524288 bytes, new threshold 15 (max 15)
[PSYoungGen: 2304K->256K(2560K)] 13067K->11051K(13824K), 0.0010907 secs] [Times: user=0.00 sys=0.00, real=0.00 secs] 
2015-04-14T20:07:36.543-0100: 347.334: Total time for which application threads were stopped: 0.0012913 seconds, Stopping threads took: 0.0000214 seconds
2015-04-14T20:07:37.277-0100: 348.067: [GC (Allocation Failure) 
Desired survivor size 524288 bytes, new threshold 15 (max 15)
[PSYoungGen: 2304K->224K(2560K)] 13099K->11043K(13824K), 0.0009472 secs] [Times: user=0.01 sys=0.00, real=0.00 secs] 
2015-04-14T20:07:37.278-0100: 348.068: Total time for which application threads were stopped: 0.0011151 seconds, Stopping threads took: 0.0000189 seconds
2015-04-14T20:07:38.092-0100: 348.883: [GC (Allocation Failure) 
Desired survivor size 524288 bytes, new threshold 15 (max 15)
[PSYoungGen: 2272K->256K(2560K)] 13091K->11083K(13824K), 0.0010526 secs] [Times: user=0.01 sys=0.00, real=0.00 secs] 
2015-04-14T20:07:38.093-0100: 348.884: Total time for which application threads were stopped: 0.0012509 seconds, Stopping threads took: 0.0000325 seconds
2015-04-14T20:07:38.970-0100: 349.761: [GC (Allocation Failure) 
Desired survivor size 524288 bytes, new threshold 15 (max 15)
[PSYoungGen: 2304K->256K(2560K)] 13131K->11083K(13824K), 0.0010226 secs] [Times: user=0.00 sys=0.00, real=0.00 secs] 
2015-04-14T20:07:38.971-0100: 349.762: Total time for which application threads were stopped: 0.0012160 seconds, Stopping threads took: 0.0000207 seconds
2015-04-14T20:07:39.667-0100: 350.458: [GC (Allocation Failure) 
Desired survivor size 524288 bytes, new threshold 15 (max 15)
[PSYoungGen: 2304K->288K(2560K)] 13131K->11115K(13824K), 0.0010771 secs] [Times: user=0.01 sys=0.00, real=0.00 secs] 
2015-04-14T20:07:39.668-0100: 350.459: Total time for which application threads were stopped: 0.0013076 seconds, Stopping threads took: 0.0000212 seconds
2015-04-14T20:07:40.319-0100: 351.110: [GC (Allocation Failure) 
Desired survivor size 524288 bytes, new threshold 15 (max 15)
[PSYoungGen: 2336K->256K(2560K)] 13163K->11083K(13824K), 0.0011412 secs] [Times: user=0.00 sys=0.00, real=0.01 secs] 
2015-04-14T20:07:40.320-0100: 351.111: Total time for which application threads were stopped: 0.0013401 seconds, Stopping threads took: 0.0000228 seconds
2015-04-14T20:07:41.157-0100: 351.948: [GC (Allocation Failure) 
Desired survivor size 524288 bytes, new threshold 15 (max 15)
[PSYoungGen: 2304K->288K(2560K)] 13131K->11147K(13824K), 0.0010063 secs] [Times: user=0.00 sys=0.00, real=0.00 secs] 
2015-04-14T20:07:41.158-0100: 351.949: Total time for which application threads were stopped: 0.0011908 seconds, Stopping threads took: 0.0000198 seconds
2015-04-14T20:07:41.806-0100: 352.597: [GC (Allocation Failure) 
Desired survivor size 524288 bytes, new threshold 15 (max 15)
[PSYoungGen: 2336K->256K(2560K)] 13195K->11123K(13824K), 0.0010969 secs] [Times: user=0.01 sys=0.00, real=0.00 secs] 
2015-04-14T20:07:41.807-0100: 352.598: Total time for which application threads were stopped: 0.0012868 seconds, Stopping threads took: 0.0000218 seconds
2015-04-14T20:07:42.340-0100: 353.131: [GC (Allocation Failure) 
Desired survivor size 524288 bytes, new threshold 15 (max 15)
[PSYoungGen: 2304K->288K(2560K)] 13171K->11155K(13824K), 0.0010620 secs] [Times: user=0.01 sys=0.00, real=0.00 secs] 
2015-04-14T20:07:42.341-0100: 353.132: Total time for which application threads were stopped: 0.0012673 seconds, Stopping threads took: 0.0000221 seconds
2015-04-14T20:07:43.157-0100: 353.948: [GC (Allocation Failure) 
Desired survivor size 524288 bytes, new threshold 15 (max 15)
[PSYoungGen: 2336K->256K(2560K)] 13203K->11123K(13824K), 0.0011416 secs] [Times: user=0.01 sys=0.00, real=0.00 secs] 
2015-04-14T20:07:43.158-0100: 353.949: Total time for which application threads were stopped: 0.0013347 seconds, Stopping threads took: 0.0000234 seconds
2015-04-14T20:07:43.713-0100: 354.503: [GC (Allocation Failure) 
Desired survivor size 524288 bytes, new threshold 15 (max 15)
[PSYoungGen: 2304K->288K(2560K)] 13171K->11187K(13824K), 0.0011328 secs] [Times: user=0.00 sys=0.01, real=0.00 secs] 
2015-04-14T20:07:43.714-0100: 354.505: Total time for which application threads were stopped: 0.0013575 seconds, Stopping threads took: 0.0000205 seconds
2015-04-14T20:07:44.320-0100: 355.111: [GC (Allocation Failure) 
Desired survivor size 524288 bytes, new threshold 15 (max 15)
[PSYoungGen: 2336K->288K(2560K)] 13235K->11211K(13824K), 0.0009634 secs] [Times: user=0.00 sys=0.00, real=0.00 secs] 
2015-04-14T20:07:44.321-0100: 355.112: Total time for which application threads were stopped: 0.0011399 seconds, Stopping threads took: 0.0000212 seconds
2015-04-14T20:07:45.066-0100: 355.857: [GC (Allocation Failure) 
Desired survivor size 524288 bytes, new threshold 15 (max 15)
[PSYoungGen: 2336K->288K(2560K)] 13259K->11219K(13824K), 0.0010315 secs] [Times: user=0.00 sys=0.00, real=0.00 secs] 
2015-04-14T20:07:45.067-0100: 355.858: Total time for which application threads were stopped: 0.0012305 seconds, Stopping threads took: 0.0000235 seconds
2015-04-14T20:07:45.601-0100: 356.392: [GC (Allocation Failure) 
Desired survivor size 524288 bytes, new threshold 15 (max 15)
[PSYoungGen: 2336K->288K(2560K)] 13267K->11219K(13824K), 0.0010472 secs] [Times: user=0.01 sys=0.00, real=0.00 secs] 
2015-04-14T20:07:45.602-0100: 356.393: Total time for which application threads were stopped: 0.0012484 seconds, Stopping threads took: 0.0000225 seconds
2015-04-14T20:07:46.420-0100: 357.211: [GC (Allocation Failure) 
Desired survivor size 524288 bytes, new threshold 15 (max 15)
[PSYoungGen: 2336K->288K(2560K)] 13267K->11219K(13824K), 0.0010619 secs] [Times: user=0.00 sys=0.00, real=0.00 secs] 
2015-04-14T20:07:46.421-0100: 357.212: Total time for which application threads were stopped: 0.0012760 seconds, Stopping threads took: 0.0000214 seconds
2015-04-14T20:07:46.925-0100: 357.716: [GC (Allocation Failure) 
Desired survivor size 524288 bytes, new threshold 15 (max 15)
[PSYoungGen: 2336K->256K(2560K)] 13267K->11187K(13824K), 0.0009355 secs] [Times: user=0.00 sys=0.00, real=0.00 secs] 
2015-04-14T20:07:46.926-0100: 357.717: Total time for which application threads were stopped: 0.0010964 seconds, Stopping threads took: 0.0000187 seconds
2015-04-14T20:07:47.476-0100: 358.266: [GC (Allocation Failure) 
Desired survivor size 524288 bytes, new threshold 15 (max 15)
[PSYoungGen: 2304K->288K(2560K)] 13235K->11219K(13824K), 0.0009365 secs] [Times: user=0.00 sys=0.00, real=0.00 secs] 
2015-04-14T20:07:47.477-0100: 358.267: Total time for which application threads were stopped: 0.0011008 seconds, Stopping threads took: 0.0000176 seconds
2015-04-14T20:07:48.277-0100: 359.068: [GC (Allocation Failure) 
Desired survivor size 524288 bytes, new threshold 15 (max 15)
[PSYoungGen: 2336K->288K(2560K)] 13267K->11219K(13824K), 0.0010350 secs] [Times: user=0.00 sys=0.00, real=0.00 secs] 
2015-04-14T20:07:48.278-0100: 359.069: Total time for which application threads were stopped: 0.0012236 seconds, Stopping threads took: 0.0000227 seconds
2015-04-14T20:07:48.994-0100: 359.785: [GC (Allocation Failure) 
Desired survivor size 524288 bytes, new threshold 15 (max 15)
[PSYoungGen: 2336K->288K(2560K)] 13267K->11219K(13824K), 0.0011024 secs] [Times: user=0.01 sys=0.00, real=0.00 secs] 
2015-04-14T20:07:48.995-0100: 359.786: Total time for which application threads were stopped: 0.0012939 seconds, Stopping threads took: 0.0000206 seconds
2015-04-14T20:07:49.670-0100: 360.461: [GC (Allocation Failure) 
Desired survivor size 524288 bytes, new threshold 15 (max 15)
[PSYoungGen: 2336K->256K(2560K)] 13267K->11187K(13824K), 0.0011095 secs] [Times: user=0.01 sys=0.00, real=0.00 secs] 
2015-04-14T20:07:49.672-0100: 360.462: Total time for which application threads were stopped: 0.0013957 seconds, Stopping threads took: 0.0000416 seconds
2015-04-14T20:07:50.420-0100: 361.211: [GC (Allocation Failure) 
Desired survivor size 524288 bytes, new threshold 15 (max 15)
[PSYoungGen: 2304K->256K(2560K)] 13235K->11187K(13824K), 0.0007737 secs] [Times: user=0.00 sys=0.00, real=0.00 secs] 
2015-04-14T20:07:50.421-0100: 361.212: Total time for which application threads were stopped: 0.0009190 seconds, Stopping threads took: 0.0000142 seconds
2015-04-14T20:07:51.221-0100: 362.012: [GC (Allocation Failure) 
Desired survivor size 524288 bytes, new threshold 15 (max 15)
[PSYoungGen: 2304K->288K(2560K)] 13235K->11219K(13824K), 0.0010433 secs] [Times: user=0.00 sys=0.00, real=0.00 secs] 
2015-04-14T20:07:51.222-0100: 362.013: Total time for which application threads were stopped: 0.0012336 seconds, Stopping threads took: 0.0000191 seconds
2015-04-14T20:07:51.871-0100: 362.662: [GC (Allocation Failure) 
Desired survivor size 524288 bytes, new threshold 15 (max 15)
[PSYoungGen: 2336K->288K(2560K)] 13267K->11219K(13824K), 0.0010502 secs] [Times: user=0.00 sys=0.00, real=0.00 secs] 
2015-04-14T20:07:51.872-0100: 362.663: Total time for which application threads were stopped: 0.0012358 seconds, Stopping threads took: 0.0000204 seconds
2015-04-14T20:07:52.642-0100: 363.433: [GC (Allocation Failure) 
Desired survivor size 524288 bytes, new threshold 15 (max 15)
[PSYoungGen: 2336K->288K(2560K)] 13267K->11227K(13824K), 0.0010353 secs] [Times: user=0.00 sys=0.00, real=0.00 secs] 
2015-04-14T20:07:52.643-0100: 363.434: Total time for which application threads were stopped: 0.0012247 seconds, Stopping threads took: 0.0000208 seconds
2015-04-14T20:07:53.459-0100: 364.250: [GC (Allocation Failure) 
Desired survivor size 524288 bytes, new threshold 15 (max 15)
[PSYoungGen: 2336K->288K(2560K)] 13275K->11227K(13824K), 0.0010286 secs] [Times: user=0.00 sys=0.01, real=0.01 secs] 
2015-04-14T20:07:53.460-0100: 364.251: Total time for which application threads were stopped: 0.0012213 seconds, Stopping threads took: 0.0000227 seconds
2015-04-14T20:07:54.229-0100: 365.020: [GC (Allocation Failure) 
Desired survivor size 524288 bytes, new threshold 15 (max 15)
[PSYoungGen: 2336K->288K(2560K)] 13275K->11227K(13824K), 0.0011196 secs] [Times: user=0.00 sys=0.00, real=0.01 secs] 
2015-04-14T20:07:54.231-0100: 365.021: Total time for which application threads were stopped: 0.0013138 seconds, Stopping threads took: 0.0000231 seconds
2015-04-14T20:07:54.897-0100: 365.688: [GC (Allocation Failure) 
Desired survivor size 524288 bytes, new threshold 15 (max 15)
[PSYoungGen: 2336K->288K(2560K)] 13275K->11227K(13824K), 0.0010188 secs] [Times: user=0.00 sys=0.00, real=0.00 secs] 
2015-04-14T20:07:54.898-0100: 365.689: Total time for which application threads were stopped: 0.0012143 seconds, Stopping threads took: 0.0000221 seconds
2015-04-14T20:07:55.702-0100: 366.493: [GC (Allocation Failure) 
Desired survivor size 524288 bytes, new threshold 15 (max 15)
[PSYoungGen: 2336K->288K(2560K)] 13275K->11227K(13824K), 0.0011578 secs] [Times: user=0.00 sys=0.00, real=0.00 secs] 
2015-04-14T20:07:55.703-0100: 366.494: Total time for which application threads were stopped: 0.0013592 seconds, Stopping threads took: 0.0000224 seconds
2015-04-14T20:07:56.469-0100: 367.260: [GC (Allocation Failure) 
Desired survivor size 524288 bytes, new threshold 15 (max 15)
[PSYoungGen: 2336K->288K(2560K)] 13275K->11243K(13824K), 0.0010752 secs] [Times: user=0.01 sys=0.00, real=0.01 secs] 
2015-04-14T20:07:56.470-0100: 367.261: Total time for which application threads were stopped: 0.0012791 seconds, Stopping threads took: 0.0000226 seconds
2015-04-14T20:07:57.237-0100: 368.028: [GC (Allocation Failure) 
Desired survivor size 524288 bytes, new threshold 15 (max 15)
[PSYoungGen: 2336K->256K(2560K)] 13291K->11211K(13824K), 0.0010379 secs] [Times: user=0.01 sys=0.00, real=0.00 secs] 
2015-04-14T20:07:57.239-0100: 368.030: Total time for which application threads were stopped: 0.0012162 seconds, Stopping threads took: 0.0000214 seconds
2015-04-14T20:07:57.876-0100: 368.667: [GC (Allocation Failure) 
Desired survivor size 524288 bytes, new threshold 15 (max 15)
[PSYoungGen: 2304K->256K(2560K)] 13259K->11211K(13824K), 0.0009982 secs] [Times: user=0.00 sys=0.00, real=0.00 secs] 
2015-04-14T20:07:57.877-0100: 368.668: Total time for which application threads were stopped: 0.0011601 seconds, Stopping threads took: 0.0000159 seconds
2015-04-14T20:07:58.721-0100: 369.512: [GC (Allocation Failure) 
Desired survivor size 524288 bytes, new threshold 15 (max 15)
[PSYoungGen: 2304K->288K(2560K)] 13259K->11275K(13824K), 0.0011297 secs] [Times: user=0.00 sys=0.00, real=0.00 secs] 
2015-04-14T20:07:58.722-0100: 369.513: Total time for which application threads were stopped: 0.0013200 seconds, Stopping threads took: 0.0000214 seconds
2015-04-14T20:07:59.478-0100: 370.269: [GC (Allocation Failure) 
Desired survivor size 524288 bytes, new threshold 15 (max 15)
[PSYoungGen: 2336K->256K(2560K)] 13323K->11243K(13824K), 0.0011117 secs] [Times: user=0.01 sys=0.00, real=0.00 secs] 
2015-04-14T20:07:59.480-0100: 370.271: Total time for which application threads were stopped: 0.0013070 seconds, Stopping threads took: 0.0000209 seconds
2015-04-14T20:08:00.149-0100: 370.940: [GC (Allocation Failure) 
Desired survivor size 524288 bytes, new threshold 15 (max 15)
[PSYoungGen: 2304K->288K(2560K)] 13291K->11275K(13824K), 0.0009536 secs] [Times: user=0.00 sys=0.00, real=0.01 secs] 
2015-04-14T20:08:00.150-0100: 370.941: Total time for which application threads were stopped: 0.0011523 seconds, Stopping threads took: 0.0000216 seconds
2015-04-14T20:08:00.920-0100: 371.711: [GC (Allocation Failure) 
Desired survivor size 524288 bytes, new threshold 15 (max 15)
[PSYoungGen: 2336K->256K(2560K)] 13323K->11251K(13824K), 0.0009118 secs] [Times: user=0.00 sys=0.00, real=0.00 secs] 
2015-04-14T20:08:00.921-0100: 371.712: Total time for which application threads were stopped: 0.0010752 seconds, Stopping threads took: 0.0000178 seconds
2015-04-14T20:08:01.704-0100: 372.495: [GC (Allocation Failure) 
Desired survivor size 524288 bytes, new threshold 15 (max 15)
[PSYoungGen: 2304K->288K(2560K)] 13299K->11283K(13824K), 0.0008981 secs] [Times: user=0.00 sys=0.00, real=0.00 secs] 
2015-04-14T20:08:01.705-0100: 372.496: Total time for which application threads were stopped: 0.0011023 seconds, Stopping threads took: 0.0000189 seconds
2015-04-14T20:08:02.454-0100: 373.245: [GC (Allocation Failure) 
Desired survivor size 524288 bytes, new threshold 15 (max 15)
[PSYoungGen: 2336K->256K(2560K)] 13331K->11251K(13824K), 0.0010996 secs] [Times: user=0.00 sys=0.00, real=0.00 secs] 
2015-04-14T20:08:02.455-0100: 373.246: Total time for which application threads were stopped: 0.0012870 seconds, Stopping threads took: 0.0000216 seconds
2015-04-14T20:08:03.224-0100: 374.015: [GC (Allocation Failure) 
Desired survivor size 524288 bytes, new threshold 15 (max 15)
[PSYoungGen: 2304K->288K(2560K)] 13299K->11283K(13824K), 0.0010467 secs] [Times: user=0.01 sys=0.00, real=0.00 secs] 
2015-04-14T20:08:03.225-0100: 374.016: Total time for which application threads were stopped: 0.0012371 seconds, Stopping threads took: 0.0000226 seconds
2015-04-14T20:08:03.877-0100: 374.668: [GC (Allocation Failure) 
Desired survivor size 524288 bytes, new threshold 15 (max 15)
[PSYoungGen: 2336K->288K(2560K)] 13331K->11283K(13824K), 0.0010424 secs] [Times: user=0.01 sys=0.00, real=0.00 secs] 
2015-04-14T20:08:03.878-0100: 374.669: Total time for which application threads were stopped: 0.0012510 seconds, Stopping threads took: 0.0000219 seconds
2015-04-14T20:08:04.614-0100: 375.405: [GC (Allocation Failure) 
Desired survivor size 524288 bytes, new threshold 15 (max 15)
[PSYoungGen: 2336K->288K(2560K)] 13331K->11283K(13824K), 0.0010090 secs] [Times: user=0.00 sys=0.00, real=0.00 secs] 
2015-04-14T20:08:04.615-0100: 375.407: Total time for which application threads were stopped: 0.0011924 seconds, Stopping threads took: 0.0000199 seconds
2015-04-14T20:08:05.129-0100: 375.921: [GC (Allocation Failure) 
Desired survivor size 524288 bytes, new threshold 15 (max 15)
[PSYoungGen: 2336K->288K(2560K)] 13331K->11283K(13824K), 0.0009186 secs] [Times: user=0.01 sys=0.00, real=0.01 secs] 
2015-04-14T20:08:05.130-0100: 375.922: Total time for which application threads were stopped: 0.0011003 seconds, Stopping threads took: 0.0000213 seconds
2015-04-14T20:08:05.721-0100: 376.512: [GC (Allocation Failure) 
Desired survivor size 524288 bytes, new threshold 15 (max 15)
[PSYoungGen: 2336K->288K(2560K)] 13331K->11283K(13824K), 0.0010220 secs] [Times: user=0.00 sys=0.00, real=0.00 secs] 
2015-04-14T20:08:05.722-0100: 376.513: Total time for which application threads were stopped: 0.0011948 seconds, Stopping threads took: 0.0000176 seconds
2015-04-14T20:08:06.351-0100: 377.142: [GC (Allocation Failure) 
Desired survivor size 524288 bytes, new threshold 15 (max 15)
[PSYoungGen: 2336K->256K(2560K)] 13331K->11251K(13824K), 0.0011183 secs] [Times: user=0.00 sys=0.00, real=0.00 secs] 
2015-04-14T20:08:06.352-0100: 377.143: Total time for which application threads were stopped: 0.0013187 seconds, Stopping threads took: 0.0000211 seconds
2015-04-14T20:08:06.954-0100: 377.745: [GC (Allocation Failure) 
Desired survivor size 524288 bytes, new threshold 15 (max 15)
[PSYoungGen: 2304K->288K(2560K)] 13299K->11307K(13824K), 0.0010840 secs] [Times: user=0.00 sys=0.00, real=0.00 secs] 
2015-04-14T20:08:06.955-0100: 377.746: Total time for which application threads were stopped: 0.0012785 seconds, Stopping threads took: 0.0000207 seconds
2015-04-14T20:08:07.671-0100: 378.462: Total time for which application threads were stopped: 0.0001024 seconds, Stopping threads took: 0.0000204 seconds
2015-04-14T20:08:07.671-0100: 378.462: [GC (GCLocker Initiated GC) 
Desired survivor size 524288 bytes, new threshold 15 (max 15)
[PSYoungGen: 2336K->288K(2560K)] 13355K->11307K(13824K), 0.0010348 secs] [Times: user=0.01 sys=0.00, real=0.00 secs] 
2015-04-14T20:08:07.672-0100: 378.463: Total time for which application threads were stopped: 0.0011976 seconds, Stopping threads took: 0.0000114 seconds
2015-04-14T20:08:08.508-0100: 379.299: [GC (Allocation Failure) 
Desired survivor size 524288 bytes, new threshold 15 (max 15)
[PSYoungGen: 2336K->288K(2560K)] 13358K->11310K(13824K), 0.0010741 secs] [Times: user=0.00 sys=0.00, real=0.00 secs] 
2015-04-14T20:08:08.509-0100: 379.300: Total time for which application threads were stopped: 0.0012547 seconds, Stopping threads took: 0.0000188 seconds
2015-04-14T20:08:09.176-0100: 379.967: [GC (Allocation Failure) 
Desired survivor size 524288 bytes, new threshold 15 (max 15)
[PSYoungGen: 2336K->288K(2560K)] 13358K->11334K(13824K), 0.0010742 secs] [Times: user=0.01 sys=0.00, real=0.00 secs] 
2015-04-14T20:08:09.177-0100: 379.968: Total time for which application threads were stopped: 0.0012589 seconds, Stopping threads took: 0.0000208 seconds
2015-04-14T20:08:09.894-0100: 380.685: [GC (Allocation Failure) 
Desired survivor size 524288 bytes, new threshold 15 (max 15)
[PSYoungGen: 2336K->288K(2560K)] 13382K->11334K(13824K), 0.0010483 secs] [Times: user=0.00 sys=0.00, real=0.00 secs] 
2015-04-14T20:08:09.895-0100: 380.686: Total time for which application threads were stopped: 0.0012328 seconds, Stopping threads took: 0.0000204 seconds
2015-04-14T20:08:10.721-0100: 381.512: [GC (Allocation Failure) 
Desired survivor size 524288 bytes, new threshold 15 (max 15)
[PSYoungGen: 2336K->288K(2560K)] 13382K->11342K(13824K), 0.0009597 secs] [Times: user=0.00 sys=0.00, real=0.00 secs] 
2015-04-14T20:08:10.722-0100: 381.513: Total time for which application threads were stopped: 0.0011334 seconds, Stopping threads took: 0.0000198 seconds
2015-04-14T20:08:11.584-0100: 382.375: [GC (Allocation Failure) 
Desired survivor size 524288 bytes, new threshold 15 (max 15)
[PSYoungGen: 2336K->288K(2560K)] 13390K->11350K(13824K), 0.0010092 secs] [Times: user=0.01 sys=0.00, real=0.00 secs] 
2015-04-14T20:08:11.585-0100: 382.376: Total time for which application threads were stopped: 0.0012151 seconds, Stopping threads took: 0.0000231 seconds
2015-04-14T20:08:12.267-0100: 383.058: [GC (Allocation Failure) 
Desired survivor size 524288 bytes, new threshold 15 (max 15)
[PSYoungGen: 2336K->288K(2560K)] 13398K->11350K(13824K), 0.0010379 secs] [Times: user=0.00 sys=0.00, real=0.00 secs] 
2015-04-14T20:08:12.268-0100: 383.059: Total time for which application threads were stopped: 0.0012301 seconds, Stopping threads took: 0.0000281 seconds
2015-04-14T20:08:12.955-0100: 383.747: [GC (Allocation Failure) 
Desired survivor size 524288 bytes, new threshold 15 (max 15)
[PSYoungGen: 2336K->288K(2560K)] 13398K->11350K(13824K), 0.0009771 secs] [Times: user=0.00 sys=0.00, real=0.00 secs] 
2015-04-14T20:08:12.956-0100: 383.748: Total time for which application threads were stopped: 0.0011623 seconds, Stopping threads took: 0.0000220 seconds
2015-04-14T20:08:13.771-0100: 384.562: [GC (Allocation Failure) 
Desired survivor size 524288 bytes, new threshold 15 (max 15)
[PSYoungGen: 2336K->288K(2560K)] 13398K->11350K(13824K), 0.0008959 secs] [Times: user=0.00 sys=0.00, real=0.00 secs] 
2015-04-14T20:08:13.772-0100: 384.563: Total time for which application threads were stopped: 0.0010641 seconds, Stopping threads took: 0.0000196 seconds
2015-04-14T20:08:14.611-0100: 385.403: [GC (Allocation Failure) 
Desired survivor size 524288 bytes, new threshold 15 (max 15)
[PSYoungGen: 2336K->288K(2560K)] 13398K->11350K(13824K), 0.0010626 secs] [Times: user=0.00 sys=0.00, real=0.00 secs] 
2015-04-14T20:08:14.612-0100: 385.404: Total time for which application threads were stopped: 0.0012704 seconds, Stopping threads took: 0.0000219 seconds
2015-04-14T20:08:15.210-0100: 386.001: [GC (Allocation Failure) 
Desired survivor size 524288 bytes, new threshold 15 (max 15)
[PSYoungGen: 2336K->288K(2560K)] 13398K->11382K(13824K), 0.0009138 secs] [Times: user=0.00 sys=0.00, real=0.00 secs] 
2015-04-14T20:08:15.211-0100: 386.002: Total time for which application threads were stopped: 0.0010772 seconds, Stopping threads took: 0.0000187 seconds
2015-04-14T20:08:15.931-0100: 386.722: [GC (Allocation Failure) 
Desired survivor size 524288 bytes, new threshold 15 (max 15)
[PSYoungGen: 2336K->288K(2560K)] 13430K->11406K(13824K), 0.0010005 secs] [Times: user=0.01 sys=0.00, real=0.00 secs] 
2015-04-14T20:08:15.932-0100: 386.723: Total time for which application threads were stopped: 0.0012380 seconds, Stopping threads took: 0.0000217 seconds
2015-04-14T20:08:16.816-0100: 387.608: [GC (Allocation Failure) 
Desired survivor size 524288 bytes, new threshold 15 (max 15)
[PSYoungGen: 2336K->288K(2560K)] 13454K->11422K(13824K), 0.0010874 secs] [Times: user=0.00 sys=0.00, real=0.00 secs] 
2015-04-14T20:08:16.818-0100: 387.609: Total time for which application threads were stopped: 0.0012777 seconds, Stopping threads took: 0.0000218 seconds
2015-04-14T20:08:17.618-0100: 388.410: Total time for which application threads were stopped: 0.0001177 seconds, Stopping threads took: 0.0000280 seconds
2015-04-14T20:08:17.618-0100: 388.410: [GC (GCLocker Initiated GC) 
Desired survivor size 524288 bytes, new threshold 15 (max 15)
[PSYoungGen: 2336K->288K(2560K)] 13470K->11470K(13824K), 0.0011626 secs] [Times: user=0.01 sys=0.00, real=0.01 secs] 
2015-04-14T20:08:17.620-0100: 388.411: Total time for which application threads were stopped: 0.0013296 seconds, Stopping threads took: 0.0000134 seconds
2015-04-14T20:08:18.321-0100: 389.112: [GC (Allocation Failure) 
Desired survivor size 524288 bytes, new threshold 15 (max 15)
[PSYoungGen: 2336K->256K(2560K)] 13522K->11450K(13824K), 0.0009402 secs] [Times: user=0.01 sys=0.00, real=0.00 secs] 
2015-04-14T20:08:18.322-0100: 389.113: Total time for which application threads were stopped: 0.0011044 seconds, Stopping threads took: 0.0000155 seconds
2015-04-14T20:08:19.073-0100: 389.864: [GC (Allocation Failure) 
Desired survivor size 524288 bytes, new threshold 15 (max 15)
[PSYoungGen: 2304K->256K(2560K)] 13498K->11466K(13824K), 0.0010675 secs] [Times: user=0.00 sys=0.01, real=0.00 secs] 
2015-04-14T20:08:19.074-0100: 389.866: Total time for which application threads were stopped: 0.0012658 seconds, Stopping threads took: 0.0000207 seconds
2015-04-14T20:08:19.678-0100: 390.470: [GC (Allocation Failure) 
Desired survivor size 524288 bytes, new threshold 15 (max 15)
[PSYoungGen: 2304K->256K(2560K)] 13514K->11490K(13824K), 0.0010206 secs] [Times: user=0.00 sys=0.00, real=0.00 secs] 
2015-04-14T20:08:19.679-0100: 390.471: [Full GC (Ergonomics) [PSYoungGen: 256K->0K(2560K)] [ParOldGen: 11234K->8285K(11264K)] 11490K->8285K(13824K), [Metaspace: 17806K->17806K(1064960K)], 0.0628691 secs] [Times: user=0.37 sys=0.00, real=0.06 secs] 
2015-04-14T20:08:19.742-0100: 390.534: Total time for which application threads were stopped: 0.0641997 seconds, Stopping threads took: 0.0000217 seconds
2015-04-14T20:08:20.379-0100: 391.170: [GC (Allocation Failure) 
Desired survivor size 524288 bytes, new threshold 15 (max 15)
[PSYoungGen: 2048K->256K(2560K)] 10333K->8541K(13824K), 0.0010857 secs] [Times: user=0.00 sys=0.00, real=0.01 secs] 
2015-04-14T20:08:20.380-0100: 391.171: Total time for which application threads were stopped: 0.0012849 seconds, Stopping threads took: 0.0000221 seconds
2015-04-14T20:08:21.085-0100: 391.877: [GC (Allocation Failure) 
Desired survivor size 524288 bytes, new threshold 15 (max 15)
[PSYoungGen: 2304K->256K(2560K)] 10589K->8541K(13824K), 0.0009294 secs] [Times: user=0.00 sys=0.00, real=0.00 secs] 
2015-04-14T20:08:21.086-0100: 391.878: Total time for which application threads were stopped: 0.0011052 seconds, Stopping threads took: 0.0000190 seconds
2015-04-14T20:08:21.883-0100: 392.675: [GC (Allocation Failure) 
Desired survivor size 524288 bytes, new threshold 15 (max 15)
[PSYoungGen: 2304K->256K(2560K)] 10589K->8541K(13824K), 0.0009976 secs] [Times: user=0.00 sys=0.00, real=0.00 secs] 
2015-04-14T20:08:21.884-0100: 392.676: Total time for which application threads were stopped: 0.0011893 seconds, Stopping threads took: 0.0000228 seconds
2015-04-14T20:08:22.618-0100: 393.410: [GC (Allocation Failure) 
Desired survivor size 524288 bytes, new threshold 15 (max 15)
[PSYoungGen: 2304K->288K(2560K)] 10589K->8573K(13824K), 0.0010795 secs] [Times: user=0.00 sys=0.00, real=0.00 secs] 
2015-04-14T20:08:22.619-0100: 393.411: Total time for which application threads were stopped: 0.0013002 seconds, Stopping threads took: 0.0000213 seconds
2015-04-14T20:08:23.339-0100: 394.130: [GC (Allocation Failure) 
Desired survivor size 524288 bytes, new threshold 15 (max 15)
[PSYoungGen: 2336K->288K(2560K)] 10621K->8573K(13824K), 0.0011333 secs] [Times: user=0.00 sys=0.00, real=0.01 secs] 
2015-04-14T20:08:23.340-0100: 394.132: Total time for which application threads were stopped: 0.0013299 seconds, Stopping threads took: 0.0000221 seconds
2015-04-14T20:08:24.121-0100: 394.913: [GC (Allocation Failure) 
Desired survivor size 524288 bytes, new threshold 15 (max 15)
[PSYoungGen: 2336K->256K(2560K)] 10621K->8541K(13824K), 0.0010422 secs] [Times: user=0.01 sys=0.00, real=0.00 secs] 
2015-04-14T20:08:24.122-0100: 394.914: Total time for which application threads were stopped: 0.0012402 seconds, Stopping threads took: 0.0000189 seconds
2015-04-14T20:08:24.907-0100: 395.699: [GC (Allocation Failure) 
Desired survivor size 524288 bytes, new threshold 15 (max 15)
[PSYoungGen: 2304K->224K(2560K)] 10589K->8509K(13824K), 0.0011044 secs] [Times: user=0.00 sys=0.00, real=0.00 secs] 
2015-04-14T20:08:24.908-0100: 395.700: Total time for which application threads were stopped: 0.0013993 seconds, Stopping threads took: 0.0000690 seconds
2015-04-14T20:08:25.659-0100: 396.450: [GC (Allocation Failure) 
Desired survivor size 524288 bytes, new threshold 15 (max 15)
[PSYoungGen: 2272K->288K(2560K)] 10557K->8573K(13824K), 0.0011159 secs] [Times: user=0.00 sys=0.00, real=0.01 secs] 
2015-04-14T20:08:25.660-0100: 396.452: Total time for which application threads were stopped: 0.0013191 seconds, Stopping threads took: 0.0000221 seconds
2015-04-14T20:08:26.562-0100: 397.353: [GC (Allocation Failure) 
Desired survivor size 524288 bytes, new threshold 15 (max 15)
[PSYoungGen: 2336K->288K(2560K)] 10621K->8573K(13824K), 0.0010181 secs] [Times: user=0.00 sys=0.00, real=0.00 secs] 
2015-04-14T20:08:26.563-0100: 397.354: Total time for which application threads were stopped: 0.0012067 seconds, Stopping threads took: 0.0000192 seconds
2015-04-14T20:08:27.234-0100: 398.025: [GC (Allocation Failure) 
Desired survivor size 524288 bytes, new threshold 15 (max 15)
[PSYoungGen: 2336K->288K(2560K)] 10621K->8573K(13824K), 0.0010560 secs] [Times: user=0.00 sys=0.00, real=0.00 secs] 
2015-04-14T20:08:27.235-0100: 398.026: Total time for which application threads were stopped: 0.0012573 seconds, Stopping threads took: 0.0000210 seconds
2015-04-14T20:08:27.868-0100: 398.659: [GC (Allocation Failure) 
Desired survivor size 524288 bytes, new threshold 15 (max 15)
[PSYoungGen: 2336K->288K(2560K)] 10621K->8573K(13824K), 0.0011375 secs] [Times: user=0.00 sys=0.00, real=0.00 secs] 
2015-04-14T20:08:27.869-0100: 398.660: Total time for which application threads were stopped: 0.0013486 seconds, Stopping threads took: 0.0000211 seconds
2015-04-14T20:08:28.737-0100: 399.528: [GC (Allocation Failure) 
Desired survivor size 524288 bytes, new threshold 15 (max 15)
[PSYoungGen: 2336K->288K(2560K)] 10621K->8573K(13824K), 0.0010207 secs] [Times: user=0.00 sys=0.00, real=0.00 secs] 
2015-04-14T20:08:28.738-0100: 399.530: Total time for which application threads were stopped: 0.0012056 seconds, Stopping threads took: 0.0000215 seconds
2015-04-14T20:08:29.508-0100: 400.300: [GC (Allocation Failure) 
Desired survivor size 524288 bytes, new threshold 15 (max 15)
[PSYoungGen: 2336K->288K(2560K)] 10621K->8573K(13824K), 0.0010866 secs] [Times: user=0.00 sys=0.01, real=0.00 secs] 
2015-04-14T20:08:29.509-0100: 400.301: Total time for which application threads were stopped: 0.0012729 seconds, Stopping threads took: 0.0000206 seconds
2015-04-14T20:08:30.190-0100: 400.981: [GC (Allocation Failure) 
Desired survivor size 524288 bytes, new threshold 15 (max 15)
[PSYoungGen: 2336K->256K(2560K)] 10621K->8541K(13824K), 0.0009505 secs] [Times: user=0.00 sys=0.00, real=0.00 secs] 
2015-04-14T20:08:30.191-0100: 400.982: Total time for which application threads were stopped: 0.0011138 seconds, Stopping threads took: 0.0000183 seconds
2015-04-14T20:08:30.972-0100: 401.763: [GC (Allocation Failure) 
Desired survivor size 524288 bytes, new threshold 15 (max 15)
[PSYoungGen: 2304K->288K(2560K)] 10589K->8573K(13824K), 0.0009708 secs] [Times: user=0.00 sys=0.00, real=0.00 secs] 
2015-04-14T20:08:30.973-0100: 401.764: Total time for which application threads were stopped: 0.0011482 seconds, Stopping threads took: 0.0000190 seconds
2015-04-14T20:08:31.831-0100: 402.623: [GC (Allocation Failure) 
Desired survivor size 524288 bytes, new threshold 15 (max 15)
[PSYoungGen: 2336K->288K(2560K)] 10621K->8589K(13824K), 0.0010631 secs] [Times: user=0.00 sys=0.00, real=0.00 secs] 
2015-04-14T20:08:31.832-0100: 402.624: Total time for which application threads were stopped: 0.0012589 seconds, Stopping threads took: 0.0000212 seconds
2015-04-14T20:08:32.500-0100: 403.292: [GC (Allocation Failure) 
Desired survivor size 524288 bytes, new threshold 15 (max 15)
[PSYoungGen: 2336K->288K(2560K)] 10637K->8605K(13824K), 0.0010498 secs] [Times: user=0.00 sys=0.00, real=0.00 secs] 
2015-04-14T20:08:32.502-0100: 403.293: Total time for which application threads were stopped: 0.0012333 seconds, Stopping threads took: 0.0000198 seconds
2015-04-14T20:08:33.219-0100: 404.010: [GC (Allocation Failure) 
Desired survivor size 524288 bytes, new threshold 15 (max 15)
[PSYoungGen: 2336K->288K(2560K)] 10653K->8629K(13824K), 0.0011275 secs] [Times: user=0.01 sys=0.00, real=0.01 secs] 
2015-04-14T20:08:33.220-0100: 404.012: Total time for which application threads were stopped: 0.0013173 seconds, Stopping threads took: 0.0000223 seconds
2015-04-14T20:08:34.019-0100: 404.811: [GC (Allocation Failure) 
Desired survivor size 524288 bytes, new threshold 15 (max 15)
[PSYoungGen: 2336K->288K(2560K)] 10677K->8637K(13824K), 0.0010712 secs] [Times: user=0.00 sys=0.00, real=0.01 secs] 
2015-04-14T20:08:34.020-0100: 404.812: Total time for which application threads were stopped: 0.0012607 seconds, Stopping threads took: 0.0000199 seconds
2015-04-14T20:08:34.858-0100: 405.650: [GC (Allocation Failure) 
Desired survivor size 524288 bytes, new threshold 15 (max 15)
[PSYoungGen: 2335K->288K(2560K)] 10685K->8645K(13824K), 0.0011553 secs] [Times: user=0.01 sys=0.00, real=0.01 secs] 
2015-04-14T20:08:34.860-0100: 405.651: Total time for which application threads were stopped: 0.0013613 seconds, Stopping threads took: 0.0000255 seconds
2015-04-14T20:08:35.558-0100: 406.349: [GC (Allocation Failure) 
Desired survivor size 524288 bytes, new threshold 15 (max 15)
[PSYoungGen: 2336K->288K(2560K)] 10693K->8645K(13824K), 0.0010548 secs] [Times: user=0.00 sys=0.00, real=0.00 secs] 
2015-04-14T20:08:35.559-0100: 406.350: Total time for which application threads were stopped: 0.0012683 seconds, Stopping threads took: 0.0000257 seconds
2015-04-14T20:08:36.194-0100: 406.986: [GC (Allocation Failure) 
Desired survivor size 524288 bytes, new threshold 15 (max 15)
[PSYoungGen: 2336K->256K(2560K)] 10693K->8613K(13824K), 0.0010022 secs] [Times: user=0.00 sys=0.00, real=0.00 secs] 
2015-04-14T20:08:36.195-0100: 406.987: Total time for which application threads were stopped: 0.0011783 seconds, Stopping threads took: 0.0000209 seconds
2015-04-14T20:08:36.982-0100: 407.774: [GC (Allocation Failure) 
Desired survivor size 524288 bytes, new threshold 15 (max 15)
[PSYoungGen: 2304K->256K(2560K)] 10661K->8613K(13824K), 0.0010164 secs] [Times: user=0.00 sys=0.00, real=0.00 secs] 
2015-04-14T20:08:36.983-0100: 407.775: Total time for which application threads were stopped: 0.0012227 seconds, Stopping threads took: 0.0000208 seconds
2015-04-14T20:08:37.831-0100: 408.623: [GC (Allocation Failure) 
Desired survivor size 524288 bytes, new threshold 15 (max 15)
[PSYoungGen: 2304K->256K(2560K)] 10661K->8613K(13824K), 0.0010651 secs] [Times: user=0.00 sys=0.00, real=0.00 secs] 
2015-04-14T20:08:37.832-0100: 408.624: Total time for which application threads were stopped: 0.0012531 seconds, Stopping threads took: 0.0000229 seconds
2015-04-14T20:08:38.265-0100: 409.056: [GC (Allocation Failure) 
Desired survivor size 524288 bytes, new threshold 15 (max 15)
[PSYoungGen: 2304K->256K(2560K)] 10661K->8613K(13824K), 0.0009090 secs] [Times: user=0.00 sys=0.00, real=0.00 secs] 
2015-04-14T20:08:38.266-0100: 409.057: Total time for which application threads were stopped: 0.0010945 seconds, Stopping threads took: 0.0000182 seconds
2015-04-14T20:08:39.152-0100: 409.944: [GC (Allocation Failure) 
Desired survivor size 524288 bytes, new threshold 15 (max 15)
[PSYoungGen: 2304K->256K(2560K)] 10661K->8613K(13824K), 0.0009008 secs] [Times: user=0.00 sys=0.00, real=0.00 secs] 
2015-04-14T20:08:39.153-0100: 409.944: Total time for which application threads were stopped: 0.0010661 seconds, Stopping threads took: 0.0000201 seconds
2015-04-14T20:08:39.386-0100: 410.177: [GC (Allocation Failure) 
Desired survivor size 524288 bytes, new threshold 15 (max 15)
[PSYoungGen: 2304K->288K(2560K)] 10661K->8645K(13824K), 0.0010613 secs] [Times: user=0.01 sys=0.00, real=0.00 secs] 
2015-04-14T20:08:39.387-0100: 410.178: Total time for which application threads were stopped: 0.0012496 seconds, Stopping threads took: 0.0000216 seconds
2015-04-14T20:08:40.192-0100: 410.984: [GC (Allocation Failure) 
Desired survivor size 524288 bytes, new threshold 15 (max 15)
[PSYoungGen: 2336K->288K(2560K)] 10693K->8645K(13824K), 0.0009595 secs] [Times: user=0.00 sys=0.00, real=0.00 secs] 
2015-04-14T20:08:40.193-0100: 410.985: Total time for which application threads were stopped: 0.0011537 seconds, Stopping threads took: 0.0000202 seconds
2015-04-14T20:08:40.522-0100: 411.313: [GC (Allocation Failure) 
Desired survivor size 524288 bytes, new threshold 15 (max 15)
[PSYoungGen: 2336K->288K(2560K)] 10693K->8653K(13824K), 0.0010746 secs] [Times: user=0.01 sys=0.00, real=0.00 secs] 
2015-04-14T20:08:40.523-0100: 411.315: Total time for which application threads were stopped: 0.0012682 seconds, Stopping threads took: 0.0000227 seconds
2015-04-14T20:08:41.211-0100: 412.003: [GC (Allocation Failure) 
Desired survivor size 524288 bytes, new threshold 15 (max 15)
[PSYoungGen: 2336K->288K(2560K)] 10701K->8661K(13824K), 0.0010327 secs] [Times: user=0.01 sys=0.00, real=0.00 secs] 
2015-04-14T20:08:41.213-0100: 412.004: Total time for which application threads were stopped: 0.0012274 seconds, Stopping threads took: 0.0000210 seconds
2015-04-14T20:08:41.610-0100: 412.402: [GC (Allocation Failure) 
Desired survivor size 524288 bytes, new threshold 15 (max 15)
[PSYoungGen: 2336K->288K(2560K)] 10709K->8661K(13824K), 0.0011090 secs] [Times: user=0.01 sys=0.00, real=0.00 secs] 
2015-04-14T20:08:41.612-0100: 412.403: Total time for which application threads were stopped: 0.0013077 seconds, Stopping threads took: 0.0000213 seconds
2015-04-14T20:08:42.315-0100: 413.107: [GC (Allocation Failure) 
Desired survivor size 524288 bytes, new threshold 15 (max 15)
[PSYoungGen: 2336K->288K(2560K)] 10709K->8661K(13824K), 0.0009439 secs] [Times: user=0.00 sys=0.00, real=0.00 secs] 
2015-04-14T20:08:42.316-0100: 413.108: Total time for which application threads were stopped: 0.0011161 seconds, Stopping threads took: 0.0000195 seconds
2015-04-14T20:08:43.066-0100: 413.858: [GC (Allocation Failure) 
Desired survivor size 524288 bytes, new threshold 15 (max 15)
[PSYoungGen: 2336K->288K(2560K)] 10709K->8677K(13824K), 0.0010483 secs] [Times: user=0.01 sys=0.00, real=0.00 secs] 
2015-04-14T20:08:43.067-0100: 413.859: Total time for which application threads were stopped: 0.0012364 seconds, Stopping threads took: 0.0000204 seconds
2015-04-14T20:08:43.649-0100: 414.441: [GC (Allocation Failure) 
Desired survivor size 524288 bytes, new threshold 15 (max 15)
[PSYoungGen: 2336K->288K(2560K)] 10725K->8709K(13824K), 0.0011473 secs] [Times: user=0.01 sys=0.00, real=0.01 secs] 
2015-04-14T20:08:43.650-0100: 414.442: Total time for which application threads were stopped: 0.0013473 seconds, Stopping threads took: 0.0000211 seconds
2015-04-14T20:08:44.420-0100: 415.211: [GC (Allocation Failure) 
Desired survivor size 524288 bytes, new threshold 15 (max 15)
[PSYoungGen: 2336K->288K(2560K)] 10757K->8717K(13824K), 0.0011287 secs] [Times: user=0.01 sys=0.00, real=0.00 secs] 
2015-04-14T20:08:44.421-0100: 415.213: Total time for which application threads were stopped: 0.0013473 seconds, Stopping threads took: 0.0000212 seconds
2015-04-14T20:08:45.174-0100: 415.966: [GC (Allocation Failure) 
Desired survivor size 524288 bytes, new threshold 15 (max 15)
[PSYoungGen: 2336K->288K(2560K)] 10765K->8741K(13824K), 0.0010002 secs] [Times: user=0.00 sys=0.00, real=0.00 secs] 
2015-04-14T20:08:45.175-0100: 415.967: Total time for which application threads were stopped: 0.0012115 seconds, Stopping threads took: 0.0000219 seconds
2015-04-14T20:08:45.776-0100: 416.568: [GC (Allocation Failure) 
Desired survivor size 524288 bytes, new threshold 15 (max 15)
[PSYoungGen: 2336K->288K(2560K)] 10789K->8749K(13824K), 0.0010808 secs] [Times: user=0.00 sys=0.00, real=0.00 secs] 
2015-04-14T20:08:45.777-0100: 416.569: Total time for which application threads were stopped: 0.0012528 seconds, Stopping threads took: 0.0000210 seconds
2015-04-14T20:08:46.428-0100: 417.220: [GC (Allocation Failure) 
Desired survivor size 524288 bytes, new threshold 15 (max 15)
[PSYoungGen: 2336K->288K(2560K)] 10797K->8757K(13824K), 0.0010221 secs] [Times: user=0.00 sys=0.00, real=0.00 secs] 
2015-04-14T20:08:46.429-0100: 417.221: Total time for which application threads were stopped: 0.0012157 seconds, Stopping threads took: 0.0000225 seconds
2015-04-14T20:08:47.159-0100: 417.951: [GC (Allocation Failure) 
Desired survivor size 524288 bytes, new threshold 15 (max 15)
[PSYoungGen: 2336K->288K(2560K)] 10805K->8757K(13824K), 0.0011233 secs] [Times: user=0.00 sys=0.00, real=0.01 secs] 
2015-04-14T20:08:47.160-0100: 417.952: Total time for which application threads were stopped: 0.0013988 seconds, Stopping threads took: 0.0000325 seconds
2015-04-14T20:08:47.746-0100: 418.538: [GC (Allocation Failure) 
Desired survivor size 524288 bytes, new threshold 15 (max 15)
[PSYoungGen: 2336K->288K(2560K)] 10805K->8765K(13824K), 0.0010070 secs] [Times: user=0.01 sys=0.00, real=0.00 secs] 
2015-04-14T20:08:47.747-0100: 418.539: Total time for which application threads were stopped: 0.0011947 seconds, Stopping threads took: 0.0000213 seconds
2015-04-14T20:08:48.480-0100: 419.272: [GC (Allocation Failure) 
Desired survivor size 524288 bytes, new threshold 15 (max 15)
[PSYoungGen: 2336K->288K(2560K)] 10813K->8765K(13824K), 0.0009485 secs] [Times: user=0.01 sys=0.00, real=0.00 secs] 
2015-04-14T20:08:48.481-0100: 419.273: Total time for which application threads were stopped: 0.0011310 seconds, Stopping threads took: 0.0000243 seconds
2015-04-14T20:08:49.160-0100: 419.952: [GC (Allocation Failure) 
Desired survivor size 524288 bytes, new threshold 15 (max 15)
[PSYoungGen: 2335K->256K(2560K)] 10813K->8781K(13824K), 0.0010939 secs] [Times: user=0.01 sys=0.00, real=0.00 secs] 
2015-04-14T20:08:49.161-0100: 419.953: Total time for which application threads were stopped: 0.0012876 seconds, Stopping threads took: 0.0000213 seconds
2015-04-14T20:08:49.772-0100: 420.564: [GC (Allocation Failure) 
Desired survivor size 524288 bytes, new threshold 15 (max 15)
[PSYoungGen: 2304K->288K(2560K)] 10829K->8829K(13824K), 0.0010523 secs] [Times: user=0.00 sys=0.00, real=0.00 secs] 
2015-04-14T20:08:49.773-0100: 420.565: Total time for which application threads were stopped: 0.0012559 seconds, Stopping threads took: 0.0000203 seconds
2015-04-14T20:08:50.358-0100: 421.150: [GC (Allocation Failure) 
Desired survivor size 524288 bytes, new threshold 15 (max 15)
[PSYoungGen: 2336K->288K(2560K)] 10877K->8861K(13824K), 0.0010459 secs] [Times: user=0.00 sys=0.00, real=0.00 secs] 
2015-04-14T20:08:50.359-0100: 421.151: Total time for which application threads were stopped: 0.0012852 seconds, Stopping threads took: 0.0000208 seconds
2015-04-14T20:08:50.975-0100: 421.767: [GC (Allocation Failure) 
Desired survivor size 524288 bytes, new threshold 15 (max 15)
[PSYoungGen: 2336K->288K(2560K)] 10909K->8861K(13824K), 0.0009586 secs] [Times: user=0.00 sys=0.00, real=0.00 secs] 
2015-04-14T20:08:50.976-0100: 421.768: Total time for which application threads were stopped: 0.0011255 seconds, Stopping threads took: 0.0000194 seconds
2015-04-14T20:08:51.773-0100: 422.565: [GC (Allocation Failure) 
Desired survivor size 524288 bytes, new threshold 15 (max 15)
[PSYoungGen: 2336K->256K(2560K)] 10909K->8861K(13824K), 0.0009988 secs] [Times: user=0.00 sys=0.00, real=0.00 secs] 
2015-04-14T20:08:51.774-0100: 422.566: Total time for which application threads were stopped: 0.0011881 seconds, Stopping threads took: 0.0000197 seconds
2015-04-14T20:08:52.496-0100: 423.288: [GC (Allocation Failure) 
Desired survivor size 524288 bytes, new threshold 15 (max 15)
[PSYoungGen: 2304K->288K(2560K)] 10909K->8893K(13824K), 0.0010443 secs] [Times: user=0.00 sys=0.00, real=0.00 secs] 
2015-04-14T20:08:52.497-0100: 423.289: Total time for which application threads were stopped: 0.0012368 seconds, Stopping threads took: 0.0000212 seconds
2015-04-14T20:08:53.170-0100: 423.962: [GC (Allocation Failure) 
Desired survivor size 524288 bytes, new threshold 15 (max 15)
[PSYoungGen: 2336K->288K(2560K)] 10941K->8893K(13824K), 0.0009179 secs] [Times: user=0.00 sys=0.00, real=0.00 secs] 
2015-04-14T20:08:53.171-0100: 423.963: Total time for which application threads were stopped: 0.0010920 seconds, Stopping threads took: 0.0000190 seconds
2015-04-14T20:08:53.967-0100: 424.759: [GC (Allocation Failure) 
Desired survivor size 524288 bytes, new threshold 15 (max 15)
[PSYoungGen: 2336K->256K(2560K)] 10941K->8869K(13824K), 0.0010186 secs] [Times: user=0.01 sys=0.00, real=0.00 secs] 
2015-04-14T20:08:53.968-0100: 424.760: Total time for which application threads were stopped: 0.0012036 seconds, Stopping threads took: 0.0000208 seconds
2015-04-14T20:08:54.772-0100: 425.564: [GC (Allocation Failure) 
Desired survivor size 524288 bytes, new threshold 15 (max 15)
[PSYoungGen: 2304K->288K(2560K)] 10917K->8901K(13824K), 0.0009339 secs] [Times: user=0.00 sys=0.00, real=0.00 secs] 
2015-04-14T20:08:54.773-0100: 425.565: Total time for which application threads were stopped: 0.0011112 seconds, Stopping threads took: 0.0000202 seconds
2015-04-14T20:08:55.438-0100: 426.230: [GC (Allocation Failure) 
Desired survivor size 524288 bytes, new threshold 15 (max 15)
[PSYoungGen: 2336K->288K(2560K)] 10949K->8901K(13824K), 0.0011256 secs] [Times: user=0.01 sys=0.00, real=0.01 secs] 
2015-04-14T20:08:55.440-0100: 426.232: Total time for which application threads were stopped: 0.0013213 seconds, Stopping threads took: 0.0000206 seconds
2015-04-14T20:08:56.190-0100: 426.982: [GC (Allocation Failure) 
Desired survivor size 524288 bytes, new threshold 15 (max 15)
[PSYoungGen: 2336K->288K(2560K)] 10949K->8909K(13824K), 0.0010080 secs] [Times: user=0.00 sys=0.00, real=0.00 secs] 
2015-04-14T20:08:56.191-0100: 426.983: Total time for which application threads were stopped: 0.0011951 seconds, Stopping threads took: 0.0000216 seconds
2015-04-14T20:08:56.879-0100: 427.671: [GC (Allocation Failure) 
Desired survivor size 524288 bytes, new threshold 15 (max 15)
[PSYoungGen: 2336K->288K(2560K)] 10957K->8909K(13824K), 0.0008938 secs] [Times: user=0.00 sys=0.00, real=0.01 secs] 
2015-04-14T20:08:56.880-0100: 427.672: Total time for which application threads were stopped: 0.0010715 seconds, Stopping threads took: 0.0000183 seconds
2015-04-14T20:08:57.761-0100: 428.553: [GC (Allocation Failure) 
Desired survivor size 524288 bytes, new threshold 15 (max 15)
[PSYoungGen: 2336K->288K(2560K)] 10957K->8909K(13824K), 0.0010452 secs] [Times: user=0.00 sys=0.00, real=0.00 secs] 
2015-04-14T20:08:57.762-0100: 428.554: Total time for which application threads were stopped: 0.0012402 seconds, Stopping threads took: 0.0000209 seconds
2015-04-14T20:08:58.514-0100: 429.306: [GC (Allocation Failure) 
Desired survivor size 524288 bytes, new threshold 15 (max 15)
[PSYoungGen: 2336K->256K(2560K)] 10957K->8909K(13824K), 0.0009477 secs] [Times: user=0.00 sys=0.00, real=0.00 secs] 
2015-04-14T20:08:58.515-0100: 429.307: Total time for which application threads were stopped: 0.0011132 seconds, Stopping threads took: 0.0000197 seconds
2015-04-14T20:08:59.266-0100: 430.059: [GC (Allocation Failure) 
Desired survivor size 524288 bytes, new threshold 15 (max 15)
[PSYoungGen: 2304K->224K(2560K)] 10957K->8885K(13824K), 0.0008322 secs] [Times: user=0.00 sys=0.00, real=0.00 secs] 
2015-04-14T20:08:59.267-0100: 430.059: Total time for which application threads were stopped: 0.0009873 seconds, Stopping threads took: 0.0000150 seconds
2015-04-14T20:08:59.937-0100: 430.729: [GC (Allocation Failure) 
Desired survivor size 524288 bytes, new threshold 15 (max 15)
[PSYoungGen: 2272K->224K(2560K)] 10933K->8893K(13824K), 0.0009924 secs] [Times: user=0.00 sys=0.00, real=0.00 secs] 
2015-04-14T20:08:59.938-0100: 430.730: Total time for which application threads were stopped: 0.0011598 seconds, Stopping threads took: 0.0000167 seconds
2015-04-14T20:09:00.571-0100: 431.363: [GC (Allocation Failure) 
Desired survivor size 524288 bytes, new threshold 15 (max 15)
[PSYoungGen: 2272K->288K(2560K)] 10941K->8973K(13824K), 0.0009238 secs] [Times: user=0.01 sys=0.00, real=0.00 secs] 
2015-04-14T20:09:00.572-0100: 431.364: Total time for which application threads were stopped: 0.0011179 seconds, Stopping threads took: 0.0000210 seconds
2015-04-14T20:09:01.358-0100: 432.150: [GC (Allocation Failure) 
Desired survivor size 524288 bytes, new threshold 15 (max 15)
[PSYoungGen: 2336K->288K(2560K)] 11021K->8981K(13824K), 0.0011469 secs] [Times: user=0.00 sys=0.00, real=0.00 secs] 
2015-04-14T20:09:01.359-0100: 432.151: Total time for which application threads were stopped: 0.0013306 seconds, Stopping threads took: 0.0000220 seconds
2015-04-14T20:09:02.174-0100: 432.966: [GC (Allocation Failure) 
Desired survivor size 524288 bytes, new threshold 15 (max 15)
[PSYoungGen: 2336K->256K(2560K)] 11029K->8973K(13824K), 0.0010347 secs] [Times: user=0.00 sys=0.00, real=0.00 secs] 
2015-04-14T20:09:02.175-0100: 432.968: Total time for which application threads were stopped: 0.0012304 seconds, Stopping threads took: 0.0000242 seconds
2015-04-14T20:09:02.812-0100: 433.604: [GC (Allocation Failure) 
Desired survivor size 524288 bytes, new threshold 15 (max 15)
[PSYoungGen: 2304K->256K(2560K)] 11021K->8989K(13824K), 0.0010520 secs] [Times: user=0.00 sys=0.00, real=0.00 secs] 
2015-04-14T20:09:02.813-0100: 433.605: Total time for which application threads were stopped: 0.0012436 seconds, Stopping threads took: 0.0000195 seconds
2015-04-14T20:09:03.479-0100: 434.271: [GC (Allocation Failure) 
Desired survivor size 524288 bytes, new threshold 15 (max 15)
[PSYoungGen: 2304K->256K(2560K)] 11037K->9005K(13824K), 0.0011177 secs] [Times: user=0.01 sys=0.00, real=0.01 secs] 
2015-04-14T20:09:03.480-0100: 434.272: Total time for which application threads were stopped: 0.0013328 seconds, Stopping threads took: 0.0000220 seconds
2015-04-14T20:09:04.348-0100: 435.141: [GC (Allocation Failure) 
Desired survivor size 524288 bytes, new threshold 15 (max 15)
[PSYoungGen: 2304K->288K(2560K)] 11053K->9037K(13824K), 0.0011334 secs] [Times: user=0.00 sys=0.00, real=0.01 secs] 
2015-04-14T20:09:04.350-0100: 435.142: Total time for which application threads were stopped: 0.0013327 seconds, Stopping threads took: 0.0000197 seconds
2015-04-14T20:09:04.936-0100: 435.729: [GC (Allocation Failure) 
Desired survivor size 524288 bytes, new threshold 15 (max 15)
[PSYoungGen: 2336K->256K(2560K)] 11085K->9005K(13824K), 0.0009983 secs] [Times: user=0.00 sys=0.01, real=0.00 secs] 
2015-04-14T20:09:04.937-0100: 435.730: Total time for which application threads were stopped: 0.0011790 seconds, Stopping threads took: 0.0000199 seconds
2015-04-14T20:09:05.603-0100: 436.395: [GC (Allocation Failure) 
Desired survivor size 524288 bytes, new threshold 15 (max 15)
[PSYoungGen: 2304K->288K(2560K)] 11053K->9037K(13824K), 0.0011029 secs] [Times: user=0.00 sys=0.00, real=0.00 secs] 
2015-04-14T20:09:05.604-0100: 436.397: Total time for which application threads were stopped: 0.0013011 seconds, Stopping threads took: 0.0000227 seconds
2015-04-14T20:09:06.370-0100: 437.163: [GC (Allocation Failure) 
Desired survivor size 524288 bytes, new threshold 15 (max 15)
[PSYoungGen: 2336K->288K(2560K)] 11085K->9053K(13824K), 0.0011458 secs] [Times: user=0.00 sys=0.00, real=0.00 secs] 
2015-04-14T20:09:06.372-0100: 437.164: Total time for which application threads were stopped: 0.0013884 seconds, Stopping threads took: 0.0000215 seconds
2015-04-14T20:09:07.172-0100: 437.965: [GC (Allocation Failure) 
Desired survivor size 524288 bytes, new threshold 15 (max 15)
[PSYoungGen: 2336K->288K(2560K)] 11101K->9053K(13824K), 0.0009645 secs] [Times: user=0.01 sys=0.00, real=0.00 secs] 
2015-04-14T20:09:07.173-0100: 437.966: Total time for which application threads were stopped: 0.0011320 seconds, Stopping threads took: 0.0000180 seconds
2015-04-14T20:09:07.860-0100: 438.652: [GC (Allocation Failure) 
Desired survivor size 524288 bytes, new threshold 15 (max 15)
[PSYoungGen: 2336K->288K(2560K)] 11101K->9053K(13824K), 0.0009914 secs] [Times: user=0.01 sys=0.00, real=0.00 secs] 
2015-04-14T20:09:07.861-0100: 438.653: Total time for which application threads were stopped: 0.0011696 seconds, Stopping threads took: 0.0000209 seconds
2015-04-14T20:09:08.612-0100: 439.405: [GC (Allocation Failure) 
Desired survivor size 524288 bytes, new threshold 15 (max 15)
[PSYoungGen: 2336K->288K(2560K)] 11101K->9053K(13824K), 0.0010801 secs] [Times: user=0.01 sys=0.01, real=0.00 secs] 
2015-04-14T20:09:08.613-0100: 439.406: Total time for which application threads were stopped: 0.0012715 seconds, Stopping threads took: 0.0000227 seconds
2015-04-14T20:09:09.323-0100: 440.115: [GC (Allocation Failure) 
Desired survivor size 524288 bytes, new threshold 15 (max 15)
[PSYoungGen: 2336K->288K(2560K)] 11101K->9053K(13824K), 0.0009821 secs] [Times: user=0.00 sys=0.00, real=0.00 secs] 
2015-04-14T20:09:09.324-0100: 440.116: Total time for which application threads were stopped: 0.0011736 seconds, Stopping threads took: 0.0000211 seconds
2015-04-14T20:09:09.916-0100: 440.708: [GC (Allocation Failure) 
Desired survivor size 524288 bytes, new threshold 15 (max 15)
[PSYoungGen: 2336K->288K(2560K)] 11101K->9053K(13824K), 0.0010548 secs] [Times: user=0.01 sys=0.00, real=0.00 secs] 
2015-04-14T20:09:09.917-0100: 440.709: Total time for which application threads were stopped: 0.0012523 seconds, Stopping threads took: 0.0000249 seconds
2015-04-14T20:09:10.673-0100: 441.465: [GC (Allocation Failure) 
Desired survivor size 524288 bytes, new threshold 15 (max 15)
[PSYoungGen: 2336K->288K(2560K)] 11101K->9077K(13824K), 0.0009977 secs] [Times: user=0.00 sys=0.00, real=0.00 secs] 
2015-04-14T20:09:10.674-0100: 441.466: Total time for which application threads were stopped: 0.0011820 seconds, Stopping threads took: 0.0000206 seconds
2015-04-14T20:09:11.377-0100: 442.169: [GC (Allocation Failure) 
Desired survivor size 524288 bytes, new threshold 15 (max 15)
[PSYoungGen: 2336K->256K(2560K)] 11125K->9061K(13824K), 0.0009598 secs] [Times: user=0.00 sys=0.00, real=0.00 secs] 
2015-04-14T20:09:11.378-0100: 442.170: Total time for which application threads were stopped: 0.0011427 seconds, Stopping threads took: 0.0000185 seconds
2015-04-14T20:09:12.158-0100: 442.951: [GC (Allocation Failure) 
Desired survivor size 524288 bytes, new threshold 15 (max 15)
[PSYoungGen: 2304K->256K(2560K)] 11109K->9061K(13824K), 0.0011544 secs] [Times: user=0.00 sys=0.00, real=0.01 secs] 
2015-04-14T20:09:12.160-0100: 442.952: Total time for which application threads were stopped: 0.0013575 seconds, Stopping threads took: 0.0000214 seconds
2015-04-14T20:09:12.859-0100: 443.651: [GC (Allocation Failure) 
Desired survivor size 524288 bytes, new threshold 15 (max 15)
[PSYoungGen: 2304K->256K(2560K)] 11109K->9061K(13824K), 0.0010276 secs] [Times: user=0.00 sys=0.00, real=0.01 secs] 
2015-04-14T20:09:12.860-0100: 443.652: Total time for which application threads were stopped: 0.0012131 seconds, Stopping threads took: 0.0000204 seconds
2015-04-14T20:09:13.628-0100: 444.421: [GC (Allocation Failure) 
Desired survivor size 524288 bytes, new threshold 15 (max 15)
[PSYoungGen: 2304K->288K(2560K)] 11109K->9101K(13824K), 0.0010570 secs] [Times: user=0.00 sys=0.00, real=0.00 secs] 
2015-04-14T20:09:13.629-0100: 444.422: Total time for which application threads were stopped: 0.0012491 seconds, Stopping threads took: 0.0000219 seconds
2015-04-14T20:09:14.473-0100: 445.265: [GC (Allocation Failure) 
Desired survivor size 524288 bytes, new threshold 15 (max 15)
[PSYoungGen: 2336K->288K(2560K)] 11149K->9109K(13824K), 0.0010682 secs] [Times: user=0.00 sys=0.00, real=0.00 secs] 
2015-04-14T20:09:14.474-0100: 445.266: Total time for which application threads were stopped: 0.0012638 seconds, Stopping threads took: 0.0000205 seconds
2015-04-14T20:09:15.199-0100: 445.991: [GC (Allocation Failure) 
Desired survivor size 524288 bytes, new threshold 15 (max 15)
[PSYoungGen: 2335K->256K(2560K)] 11157K->9077K(13824K), 0.0011168 secs] [Times: user=0.00 sys=0.00, real=0.01 secs] 
2015-04-14T20:09:15.200-0100: 445.992: Total time for which application threads were stopped: 0.0013082 seconds, Stopping threads took: 0.0000216 seconds
2015-04-14T20:09:15.901-0100: 446.694: [GC (Allocation Failure) 
Desired survivor size 524288 bytes, new threshold 15 (max 15)
[PSYoungGen: 2304K->288K(2560K)] 11125K->9109K(13824K), 0.0009498 secs] [Times: user=0.00 sys=0.00, real=0.00 secs] 
2015-04-14T20:09:15.902-0100: 446.695: Total time for which application threads were stopped: 0.0011263 seconds, Stopping threads took: 0.0000186 seconds
2015-04-14T20:09:16.656-0100: 447.448: [GC (Allocation Failure) 
Desired survivor size 524288 bytes, new threshold 15 (max 15)
[PSYoungGen: 2336K->288K(2560K)] 11157K->9109K(13824K), 0.0010097 secs] [Times: user=0.01 sys=0.00, real=0.00 secs] 
2015-04-14T20:09:16.657-0100: 447.449: Total time for which application threads were stopped: 0.0011979 seconds, Stopping threads took: 0.0000193 seconds
2015-04-14T20:09:17.473-0100: 448.266: [GC (Allocation Failure) 
Desired survivor size 524288 bytes, new threshold 15 (max 15)
[PSYoungGen: 2336K->256K(2560K)] 11157K->9077K(13824K), 0.0011613 secs] [Times: user=0.00 sys=0.00, real=0.00 secs] 
2015-04-14T20:09:17.475-0100: 448.267: Total time for which application threads were stopped: 0.0013757 seconds, Stopping threads took: 0.0000213 seconds
2015-04-14T20:09:18.059-0100: 448.852: [GC (Allocation Failure) 
Desired survivor size 524288 bytes, new threshold 15 (max 15)
[PSYoungGen: 2304K->288K(2560K)] 11125K->9109K(13824K), 0.0011358 secs] [Times: user=0.00 sys=0.00, real=0.01 secs] 
2015-04-14T20:09:18.061-0100: 448.853: Total time for which application threads were stopped: 0.0013519 seconds, Stopping threads took: 0.0000208 seconds
2015-04-14T20:09:18.812-0100: 449.604: [GC (Allocation Failure) 
Desired survivor size 524288 bytes, new threshold 15 (max 15)
[PSYoungGen: 2336K->256K(2560K)] 11157K->9077K(13824K), 0.0009536 secs] [Times: user=0.00 sys=0.00, real=0.00 secs] 
2015-04-14T20:09:18.813-0100: 449.605: Total time for which application threads were stopped: 0.0011548 seconds, Stopping threads took: 0.0000195 seconds
2015-04-14T20:09:19.629-0100: 450.422: [GC (Allocation Failure) 
Desired survivor size 524288 bytes, new threshold 15 (max 15)
[PSYoungGen: 2304K->256K(2560K)] 11125K->9077K(13824K), 0.0008346 secs] [Times: user=0.00 sys=0.00, real=0.01 secs] 
2015-04-14T20:09:19.630-0100: 450.423: Total time for which application threads were stopped: 0.0009933 seconds, Stopping threads took: 0.0000188 seconds
2015-04-14T20:09:20.401-0100: 451.194: [GC (Allocation Failure) 
Desired survivor size 524288 bytes, new threshold 15 (max 15)
[PSYoungGen: 2304K->256K(2560K)] 11125K->9077K(13824K), 0.0010401 secs] [Times: user=0.01 sys=0.00, real=0.00 secs] 
2015-04-14T20:09:20.402-0100: 451.195: Total time for which application threads were stopped: 0.0012330 seconds, Stopping threads took: 0.0000223 seconds
2015-04-14T20:09:21.087-0100: 451.879: [GC (Allocation Failure) 
Desired survivor size 524288 bytes, new threshold 15 (max 15)
[PSYoungGen: 2304K->288K(2560K)] 11125K->9133K(13824K), 0.0010875 secs] [Times: user=0.00 sys=0.00, real=0.00 secs] 
2015-04-14T20:09:21.088-0100: 451.880: Total time for which application threads were stopped: 0.0012890 seconds, Stopping threads took: 0.0000210 seconds
2015-04-14T20:09:21.904-0100: 452.696: [GC (Allocation Failure) 
Desired survivor size 524288 bytes, new threshold 15 (max 15)
[PSYoungGen: 2336K->256K(2560K)] 11181K->9101K(13824K), 0.0010796 secs] [Times: user=0.00 sys=0.00, real=0.00 secs] 
2015-04-14T20:09:21.905-0100: 452.697: Total time for which application threads were stopped: 0.0012738 seconds, Stopping threads took: 0.0000223 seconds
2015-04-14T20:09:22.660-0100: 453.453: [GC (Allocation Failure) 
Desired survivor size 524288 bytes, new threshold 15 (max 15)
[PSYoungGen: 2304K->256K(2560K)] 11149K->9141K(13824K), 0.0010047 secs] [Times: user=0.01 sys=0.00, real=0.00 secs] 
2015-04-14T20:09:22.661-0100: 453.454: Total time for which application threads were stopped: 0.0011846 seconds, Stopping threads took: 0.0000208 seconds
2015-04-14T20:09:23.511-0100: 454.304: [GC (Allocation Failure) 
Desired survivor size 524288 bytes, new threshold 15 (max 15)
[PSYoungGen: 2304K->288K(2560K)] 11189K->9173K(13824K), 0.0010572 secs] [Times: user=0.00 sys=0.00, real=0.00 secs] 
2015-04-14T20:09:23.512-0100: 454.305: Total time for which application threads were stopped: 0.0012426 seconds, Stopping threads took: 0.0000206 seconds
2015-04-14T20:09:24.195-0100: 454.988: [GC (Allocation Failure) 
Desired survivor size 524288 bytes, new threshold 15 (max 15)
[PSYoungGen: 2336K->288K(2560K)] 11221K->9173K(13824K), 0.0011685 secs] [Times: user=0.00 sys=0.00, real=0.00 secs] 
2015-04-14T20:09:24.196-0100: 454.989: Total time for which application threads were stopped: 0.0013675 seconds, Stopping threads took: 0.0000237 seconds
2015-04-14T20:09:25.015-0100: 455.808: [GC (Allocation Failure) 
Desired survivor size 524288 bytes, new threshold 15 (max 15)
[PSYoungGen: 2336K->288K(2560K)] 11221K->9173K(13824K), 0.0010711 secs] [Times: user=0.00 sys=0.00, real=0.00 secs] 
2015-04-14T20:09:25.016-0100: 455.809: Total time for which application threads were stopped: 0.0012669 seconds, Stopping threads took: 0.0000229 seconds
2015-04-14T20:09:25.831-0100: 456.623: [GC (Allocation Failure) 
Desired survivor size 524288 bytes, new threshold 15 (max 15)
[PSYoungGen: 2336K->256K(2560K)] 11221K->9141K(13824K), 0.0009811 secs] [Times: user=0.01 sys=0.00, real=0.00 secs] 
2015-04-14T20:09:25.832-0100: 456.624: Total time for which application threads were stopped: 0.0011617 seconds, Stopping threads took: 0.0000185 seconds
2015-04-14T20:09:26.502-0100: 457.295: [GC (Allocation Failure) 
Desired survivor size 524288 bytes, new threshold 15 (max 15)
[PSYoungGen: 2304K->256K(2560K)] 11189K->9141K(13824K), 0.0010565 secs] [Times: user=0.01 sys=0.00, real=0.00 secs] 
2015-04-14T20:09:26.503-0100: 457.296: Total time for which application threads were stopped: 0.0012588 seconds, Stopping threads took: 0.0000215 seconds
2015-04-14T20:09:27.170-0100: 457.962: [GC (Allocation Failure) 
Desired survivor size 524288 bytes, new threshold 15 (max 15)
[PSYoungGen: 2304K->256K(2560K)] 11189K->9141K(13824K), 0.0010609 secs] [Times: user=0.00 sys=0.00, real=0.00 secs] 
2015-04-14T20:09:27.171-0100: 457.964: Total time for which application threads were stopped: 0.0012587 seconds, Stopping threads took: 0.0000198 seconds
2015-04-14T20:09:27.958-0100: 458.750: [GC (Allocation Failure) 
Desired survivor size 524288 bytes, new threshold 15 (max 15)
[PSYoungGen: 2304K->288K(2560K)] 11189K->9173K(13824K), 0.0010904 secs] [Times: user=0.01 sys=0.00, real=0.00 secs] 
2015-04-14T20:09:27.959-0100: 458.751: Total time for which application threads were stopped: 0.0012907 seconds, Stopping threads took: 0.0000203 seconds
2015-04-14T20:09:28.708-0100: 459.500: [GC (Allocation Failure) 
Desired survivor size 524288 bytes, new threshold 15 (max 15)
[PSYoungGen: 2336K->256K(2560K)] 11221K->9165K(13824K), 0.0010452 secs] [Times: user=0.00 sys=0.00, real=0.00 secs] 
2015-04-14T20:09:28.709-0100: 459.501: Total time for which application threads were stopped: 0.0012288 seconds, Stopping threads took: 0.0000202 seconds
2015-04-14T20:09:29.510-0100: 460.303: [GC (Allocation Failure) 
Desired survivor size 524288 bytes, new threshold 15 (max 15)
[PSYoungGen: 2304K->256K(2560K)] 11213K->9165K(13824K), 0.0011324 secs] [Times: user=0.00 sys=0.00, real=0.00 secs] 
2015-04-14T20:09:29.511-0100: 460.304: Total time for which application threads were stopped: 0.0013663 seconds, Stopping threads took: 0.0000231 seconds
2015-04-14T20:09:30.198-0100: 460.991: [GC (Allocation Failure) 
Desired survivor size 524288 bytes, new threshold 15 (max 15)
[PSYoungGen: 2304K->288K(2560K)] 11213K->9229K(13824K), 0.0010412 secs] [Times: user=0.01 sys=0.00, real=0.00 secs] 
2015-04-14T20:09:30.199-0100: 460.992: Total time for which application threads were stopped: 0.0012227 seconds, Stopping threads took: 0.0000195 seconds
2015-04-14T20:09:30.966-0100: 461.759: [GC (Allocation Failure) 
Desired survivor size 524288 bytes, new threshold 15 (max 15)
[PSYoungGen: 2336K->288K(2560K)] 11277K->9229K(13824K), 0.0011091 secs] [Times: user=0.00 sys=0.00, real=0.00 secs] 
2015-04-14T20:09:30.967-0100: 461.760: Total time for which application threads were stopped: 0.0013083 seconds, Stopping threads took: 0.0000206 seconds
2015-04-14T20:09:31.723-0100: 462.516: [GC (Allocation Failure) 
Desired survivor size 524288 bytes, new threshold 15 (max 15)
[PSYoungGen: 2336K->256K(2560K)] 11277K->9197K(13824K), 0.0008954 secs] [Times: user=0.00 sys=0.00, real=0.00 secs] 
2015-04-14T20:09:31.724-0100: 462.516: Total time for which application threads were stopped: 0.0010478 seconds, Stopping threads took: 0.0000179 seconds
2015-04-14T20:09:32.170-0100: 462.963: [GC (Allocation Failure) 
Desired survivor size 524288 bytes, new threshold 15 (max 15)
[PSYoungGen: 2304K->256K(2560K)] 11245K->9197K(13824K), 0.0011410 secs] [Times: user=0.00 sys=0.00, real=0.00 secs] 
2015-04-14T20:09:32.171-0100: 462.964: Total time for which application threads were stopped: 0.0013398 seconds, Stopping threads took: 0.0000222 seconds
2015-04-14T20:09:32.939-0100: 463.732: [GC (Allocation Failure) 
Desired survivor size 524288 bytes, new threshold 15 (max 15)
[PSYoungGen: 2304K->288K(2560K)] 11245K->9229K(13824K), 0.0010777 secs] [Times: user=0.00 sys=0.00, real=0.01 secs] 
2015-04-14T20:09:32.940-0100: 463.733: Total time for which application threads were stopped: 0.0012568 seconds, Stopping threads took: 0.0000193 seconds
2015-04-14T20:09:33.724-0100: 464.516: [GC (Allocation Failure) 
Desired survivor size 524288 bytes, new threshold 15 (max 15)
[PSYoungGen: 2336K->288K(2560K)] 11277K->9229K(13824K), 0.0010779 secs] [Times: user=0.01 sys=0.00, real=0.00 secs] 
2015-04-14T20:09:33.725-0100: 464.517: Total time for which application threads were stopped: 0.0012731 seconds, Stopping threads took: 0.0000200 seconds
2015-04-14T20:09:34.460-0100: 465.253: [GC (Allocation Failure) 
Desired survivor size 524288 bytes, new threshold 15 (max 15)
[PSYoungGen: 2336K->256K(2560K)] 11277K->9197K(13824K), 0.0011654 secs] [Times: user=0.00 sys=0.00, real=0.00 secs] 
2015-04-14T20:09:34.461-0100: 465.254: Total time for which application threads were stopped: 0.0013596 seconds, Stopping threads took: 0.0000227 seconds
2015-04-14T20:09:34.894-0100: 465.687: [GC (Allocation Failure) 
Desired survivor size 524288 bytes, new threshold 15 (max 15)
[PSYoungGen: 2304K->256K(2560K)] 11245K->9197K(13824K), 0.0011300 secs] [Times: user=0.00 sys=0.00, real=0.00 secs] 
2015-04-14T20:09:34.895-0100: 465.688: Total time for which application threads were stopped: 0.0013150 seconds, Stopping threads took: 0.0000219 seconds
2015-04-14T20:09:35.724-0100: 466.517: [GC (Allocation Failure) 
Desired survivor size 524288 bytes, new threshold 15 (max 15)
[PSYoungGen: 2304K->288K(2560K)] 11245K->9229K(13824K), 0.0010412 secs] [Times: user=0.01 sys=0.00, real=0.00 secs] 
2015-04-14T20:09:35.725-0100: 466.518: Total time for which application threads were stopped: 0.0012454 seconds, Stopping threads took: 0.0000229 seconds
2015-04-14T20:09:36.450-0100: 467.243: [GC (Allocation Failure) 
Desired survivor size 524288 bytes, new threshold 15 (max 15)
[PSYoungGen: 2336K->256K(2560K)] 11277K->9197K(13824K), 0.0010153 secs] [Times: user=0.01 sys=0.00, real=0.00 secs] 
2015-04-14T20:09:36.451-0100: 467.244: Total time for which application threads were stopped: 0.0012546 seconds, Stopping threads took: 0.0000244 seconds
2015-04-14T20:09:37.320-0100: 468.113: [GC (Allocation Failure) 
Desired survivor size 524288 bytes, new threshold 15 (max 15)
[PSYoungGen: 2304K->256K(2560K)] 11245K->9205K(13824K), 0.0011160 secs] [Times: user=0.00 sys=0.01, real=0.00 secs] 
2015-04-14T20:09:37.322-0100: 468.114: Total time for which application threads were stopped: 0.0013067 seconds, Stopping threads took: 0.0000211 seconds
2015-04-14T20:09:38.021-0100: 468.813: [GC (Allocation Failure) 
Desired survivor size 524288 bytes, new threshold 15 (max 15)
[PSYoungGen: 2304K->256K(2560K)] 11253K->9205K(13824K), 0.0010734 secs] [Times: user=0.01 sys=0.00, real=0.00 secs] 
2015-04-14T20:09:38.022-0100: 468.815: Total time for which application threads were stopped: 0.0012586 seconds, Stopping threads took: 0.0000222 seconds
2015-04-14T20:09:38.789-0100: 469.582: [GC (Allocation Failure) 
Desired survivor size 524288 bytes, new threshold 15 (max 15)
[PSYoungGen: 2304K->224K(2560K)] 11253K->9173K(13824K), 0.0009891 secs] [Times: user=0.01 sys=0.00, real=0.01 secs] 
2015-04-14T20:09:38.790-0100: 469.583: Total time for which application threads were stopped: 0.0011784 seconds, Stopping threads took: 0.0000207 seconds
2015-04-14T20:09:39.477-0100: 470.270: [GC (Allocation Failure) 
Desired survivor size 524288 bytes, new threshold 15 (max 15)
[PSYoungGen: 2272K->288K(2560K)] 11221K->9237K(13824K), 0.0010725 secs] [Times: user=0.00 sys=0.00, real=0.00 secs] 
2015-04-14T20:09:39.478-0100: 470.271: Total time for which application threads were stopped: 0.0012674 seconds, Stopping threads took: 0.0000214 seconds
2015-04-14T20:09:40.374-0100: 471.167: [GC (Allocation Failure) 
Desired survivor size 524288 bytes, new threshold 15 (max 15)
[PSYoungGen: 2336K->256K(2560K)] 11285K->9205K(13824K), 0.0011042 secs] [Times: user=0.00 sys=0.00, real=0.00 secs] 
2015-04-14T20:09:40.375-0100: 471.168: Total time for which application threads were stopped: 0.0013013 seconds, Stopping threads took: 0.0000206 seconds
2015-04-14T20:09:40.974-0100: 471.767: [GC (Allocation Failure) 
Desired survivor size 524288 bytes, new threshold 15 (max 15)
[PSYoungGen: 2304K->224K(2560K)] 11253K->9189K(13824K), 0.0009441 secs] [Times: user=0.00 sys=0.00, real=0.00 secs] 
2015-04-14T20:09:40.975-0100: 471.768: Total time for which application threads were stopped: 0.0011163 seconds, Stopping threads took: 0.0000185 seconds
2015-04-14T20:09:41.432-0100: 472.225: [GC (Allocation Failure) 
Desired survivor size 524288 bytes, new threshold 15 (max 15)
[PSYoungGen: 2272K->288K(2560K)] 11237K->9253K(13824K), 0.0009686 secs] [Times: user=0.00 sys=0.00, real=0.00 secs] 
2015-04-14T20:09:41.434-0100: 472.226: Total time for which application threads were stopped: 0.0011450 seconds, Stopping threads took: 0.0000192 seconds
2015-04-14T20:09:41.983-0100: 472.776: [GC (Allocation Failure) 
Desired survivor size 524288 bytes, new threshold 15 (max 15)
[PSYoungGen: 2336K->288K(2560K)] 11301K->9253K(13824K), 0.0008417 secs] [Times: user=0.00 sys=0.00, real=0.00 secs] 
2015-04-14T20:09:41.984-0100: 472.777: Total time for which application threads were stopped: 0.0009850 seconds, Stopping threads took: 0.0000169 seconds
2015-04-14T20:09:42.587-0100: 473.380: [GC (Allocation Failure) 
Desired survivor size 524288 bytes, new threshold 15 (max 15)
[PSYoungGen: 2336K->256K(2560K)] 11301K->9245K(13824K), 0.0011618 secs] [Times: user=0.00 sys=0.01, real=0.00 secs] 
2015-04-14T20:09:42.588-0100: 473.381: Total time for which application threads were stopped: 0.0013555 seconds, Stopping threads took: 0.0000219 seconds
2015-04-14T20:09:43.339-0100: 474.132: [GC (Allocation Failure) 
Desired survivor size 524288 bytes, new threshold 15 (max 15)
[PSYoungGen: 2304K->288K(2560K)] 11293K->9285K(13824K), 0.0010825 secs] [Times: user=0.00 sys=0.01, real=0.01 secs] 
2015-04-14T20:09:43.340-0100: 474.133: Total time for which application threads were stopped: 0.0012650 seconds, Stopping threads took: 0.0000207 seconds
2015-04-14T20:09:43.959-0100: 474.752: [GC (Allocation Failure) 
Desired survivor size 524288 bytes, new threshold 15 (max 15)
[PSYoungGen: 2336K->256K(2560K)] 11333K->9293K(13824K), 0.0010681 secs] [Times: user=0.00 sys=0.00, real=0.01 secs] 
2015-04-14T20:09:43.960-0100: 474.753: Total time for which application threads were stopped: 0.0012488 seconds, Stopping threads took: 0.0000204 seconds
2015-04-14T20:09:44.574-0100: 475.367: [GC (Allocation Failure) 
Desired survivor size 524288 bytes, new threshold 15 (max 15)
[PSYoungGen: 2304K->256K(2560K)] 11341K->9309K(13824K), 0.0010728 secs] [Times: user=0.01 sys=0.00, real=0.00 secs] 
2015-04-14T20:09:44.576-0100: 475.368: Total time for which application threads were stopped: 0.0012703 seconds, Stopping threads took: 0.0000201 seconds
2015-04-14T20:09:45.262-0100: 476.055: [GC (Allocation Failure) 
Desired survivor size 524288 bytes, new threshold 15 (max 15)
[PSYoungGen: 2304K->256K(2560K)] 11357K->9309K(13824K), 0.0010150 secs] [Times: user=0.01 sys=0.00, real=0.00 secs] 
2015-04-14T20:09:45.264-0100: 476.056: Total time for which application threads were stopped: 0.0012104 seconds, Stopping threads took: 0.0000227 seconds
2015-04-14T20:09:45.915-0100: 476.708: [GC (Allocation Failure) 
Desired survivor size 524288 bytes, new threshold 15 (max 15)
[PSYoungGen: 2304K->256K(2560K)] 11357K->9309K(13824K), 0.0011577 secs] [Times: user=0.00 sys=0.00, real=0.00 secs] 
2015-04-14T20:09:45.916-0100: 476.709: Total time for which application threads were stopped: 0.0013625 seconds, Stopping threads took: 0.0000223 seconds
2015-04-14T20:09:46.615-0100: 477.408: [GC (Allocation Failure) 
Desired survivor size 524288 bytes, new threshold 15 (max 15)
[PSYoungGen: 2304K->256K(2560K)] 11357K->9309K(13824K), 0.0011241 secs] [Times: user=0.00 sys=0.00, real=0.00 secs] 
2015-04-14T20:09:46.616-0100: 477.409: Total time for which application threads were stopped: 0.0013181 seconds, Stopping threads took: 0.0000217 seconds
2015-04-14T20:09:47.251-0100: 478.044: [GC (Allocation Failure) 
Desired survivor size 524288 bytes, new threshold 15 (max 15)
[PSYoungGen: 2304K->288K(2560K)] 11357K->9341K(13824K), 0.0010758 secs] [Times: user=0.01 sys=0.00, real=0.00 secs] 
2015-04-14T20:09:47.252-0100: 478.045: Total time for which application threads were stopped: 0.0012641 seconds, Stopping threads took: 0.0000207 seconds
2015-04-14T20:09:47.936-0100: 478.729: [GC (Allocation Failure) 
Desired survivor size 524288 bytes, new threshold 15 (max 15)
[PSYoungGen: 2336K->256K(2560K)] 11389K->9309K(13824K), 0.0010090 secs] [Times: user=0.00 sys=0.00, real=0.00 secs] 
2015-04-14T20:09:47.937-0100: 478.730: Total time for which application threads were stopped: 0.0012057 seconds, Stopping threads took: 0.0000206 seconds
2015-04-14T20:09:48.638-0100: 479.431: [GC (Allocation Failure) 
Desired survivor size 524288 bytes, new threshold 15 (max 15)
[PSYoungGen: 2304K->288K(2560K)] 11357K->9341K(13824K), 0.0010593 secs] [Times: user=0.00 sys=0.00, real=0.00 secs] 
2015-04-14T20:09:48.639-0100: 479.432: Total time for which application threads were stopped: 0.0012368 seconds, Stopping threads took: 0.0000213 seconds
2015-04-14T20:09:49.371-0100: 480.164: [GC (Allocation Failure) 
Desired survivor size 524288 bytes, new threshold 15 (max 15)
[PSYoungGen: 2336K->288K(2560K)] 11389K->9341K(13824K), 0.0009734 secs] [Times: user=0.00 sys=0.00, real=0.00 secs] 
2015-04-14T20:09:49.372-0100: 480.165: Total time for which application threads were stopped: 0.0011379 seconds, Stopping threads took: 0.0000190 seconds
2015-04-14T20:09:50.024-0100: 480.817: [GC (Allocation Failure) 
Desired survivor size 524288 bytes, new threshold 15 (max 15)
[PSYoungGen: 2336K->256K(2560K)] 11389K->9309K(13824K), 0.0010616 secs] [Times: user=0.00 sys=0.00, real=0.00 secs] 
2015-04-14T20:09:50.026-0100: 480.819: Total time for which application threads were stopped: 0.0012665 seconds, Stopping threads took: 0.0000203 seconds
2015-04-14T20:09:50.728-0100: 481.521: [GC (Allocation Failure) 
Desired survivor size 524288 bytes, new threshold 15 (max 15)
[PSYoungGen: 2304K->288K(2560K)] 11357K->9349K(13824K), 0.0010101 secs] [Times: user=0.01 sys=0.00, real=0.00 secs] 
2015-04-14T20:09:50.729-0100: 481.522: Total time for which application threads were stopped: 0.0011782 seconds, Stopping threads took: 0.0000177 seconds
2015-04-14T20:09:51.513-0100: 482.306: [GC (Allocation Failure) 
Desired survivor size 524288 bytes, new threshold 15 (max 15)
[PSYoungGen: 2336K->288K(2560K)] 11397K->9349K(13824K), 0.0011128 secs] [Times: user=0.01 sys=0.00, real=0.00 secs] 
2015-04-14T20:09:51.514-0100: 482.307: Total time for which application threads were stopped: 0.0013147 seconds, Stopping threads took: 0.0000225 seconds
2015-04-14T20:09:52.097-0100: 482.890: [GC (Allocation Failure) 
Desired survivor size 524288 bytes, new threshold 15 (max 15)
[PSYoungGen: 2336K->288K(2560K)] 11397K->9381K(13824K), 0.0010567 secs] [Times: user=0.00 sys=0.00, real=0.00 secs] 
2015-04-14T20:09:52.098-0100: 482.891: Total time for which application threads were stopped: 0.0012629 seconds, Stopping threads took: 0.0000220 seconds
2015-04-14T20:09:52.969-0100: 483.762: [GC (Allocation Failure) 
Desired survivor size 524288 bytes, new threshold 15 (max 15)
[PSYoungGen: 2336K->256K(2560K)] 11429K->9381K(13824K), 0.0010334 secs] [Times: user=0.01 sys=0.00, real=0.01 secs] 
2015-04-14T20:09:52.970-0100: 483.763: Total time for which application threads were stopped: 0.0012346 seconds, Stopping threads took: 0.0000218 seconds
2015-04-14T20:09:53.654-0100: 484.447: [GC (Allocation Failure) 
Desired survivor size 524288 bytes, new threshold 15 (max 15)
[PSYoungGen: 2304K->288K(2560K)] 11429K->9413K(13824K), 0.0011009 secs] [Times: user=0.00 sys=0.00, real=0.00 secs] 
2015-04-14T20:09:53.655-0100: 484.448: Total time for which application threads were stopped: 0.0012880 seconds, Stopping threads took: 0.0000204 seconds
2015-04-14T20:09:54.424-0100: 485.217: [GC (Allocation Failure) 
Desired survivor size 524288 bytes, new threshold 15 (max 15)
[PSYoungGen: 2336K->288K(2560K)] 11461K->9413K(13824K), 0.0010853 secs] [Times: user=0.00 sys=0.00, real=0.00 secs] 
2015-04-14T20:09:54.425-0100: 485.218: Total time for which application threads were stopped: 0.0012941 seconds, Stopping threads took: 0.0000228 seconds
2015-04-14T20:09:55.225-0100: 486.018: [GC (Allocation Failure) 
Desired survivor size 524288 bytes, new threshold 15 (max 15)
[PSYoungGen: 2336K->256K(2560K)] 11461K->9389K(13824K), 0.0010823 secs] [Times: user=0.01 sys=0.00, real=0.00 secs] 
2015-04-14T20:09:55.226-0100: 486.019: Total time for which application threads were stopped: 0.0012671 seconds, Stopping threads took: 0.0000212 seconds
2015-04-14T20:09:56.062-0100: 486.855: [GC (Allocation Failure) 
Desired survivor size 524288 bytes, new threshold 15 (max 15)
[PSYoungGen: 2304K->288K(2560K)] 11437K->9421K(13824K), 0.0010292 secs] [Times: user=0.00 sys=0.00, real=0.00 secs] 
2015-04-14T20:09:56.063-0100: 486.856: Total time for which application threads were stopped: 0.0012288 seconds, Stopping threads took: 0.0000219 seconds
2015-04-14T20:09:56.881-0100: 487.674: Total time for which application threads were stopped: 0.0001073 seconds, Stopping threads took: 0.0000198 seconds
2015-04-14T20:09:56.881-0100: 487.674: [GC (GCLocker Initiated GC) 
Desired survivor size 524288 bytes, new threshold 15 (max 15)
[PSYoungGen: 2336K->288K(2560K)] 11469K->9445K(13824K), 0.0011004 secs] [Times: user=0.00 sys=0.00, real=0.00 secs] 
2015-04-14T20:09:56.882-0100: 487.675: Total time for which application threads were stopped: 0.0012665 seconds, Stopping threads took: 0.0000127 seconds
2015-04-14T20:09:57.547-0100: 488.340: [GC (Allocation Failure) 
Desired survivor size 524288 bytes, new threshold 15 (max 15)
[PSYoungGen: 2336K->256K(2560K)] 11496K->9424K(13824K), 0.0010538 secs] [Times: user=0.00 sys=0.00, real=0.00 secs] 
2015-04-14T20:09:57.548-0100: 488.341: Total time for which application threads were stopped: 0.0012426 seconds, Stopping threads took: 0.0000203 seconds
2015-04-14T20:09:58.351-0100: 489.144: [GC (Allocation Failure) 
Desired survivor size 524288 bytes, new threshold 15 (max 15)
[PSYoungGen: 2304K->256K(2560K)] 11472K->9424K(13824K), 0.0010907 secs] [Times: user=0.01 sys=0.00, real=0.00 secs] 
2015-04-14T20:09:58.352-0100: 489.145: Total time for which application threads were stopped: 0.0012969 seconds, Stopping threads took: 0.0000230 seconds
2015-04-14T20:09:59.022-0100: 489.815: [GC (Allocation Failure) 
Desired survivor size 524288 bytes, new threshold 15 (max 15)
[PSYoungGen: 2304K->256K(2560K)] 11472K->9424K(13824K), 0.0009652 secs] [Times: user=0.00 sys=0.00, real=0.00 secs] 
2015-04-14T20:09:59.023-0100: 489.816: Total time for which application threads were stopped: 0.0011296 seconds, Stopping threads took: 0.0000190 seconds
2015-04-14T20:09:59.572-0100: 490.365: [GC (Allocation Failure) 
Desired survivor size 524288 bytes, new threshold 15 (max 15)
[PSYoungGen: 2304K->224K(2560K)] 11472K->9392K(13824K), 0.0008932 secs] [Times: user=0.01 sys=0.00, real=0.00 secs] 
2015-04-14T20:09:59.573-0100: 490.366: Total time for which application threads were stopped: 0.0010550 seconds, Stopping threads took: 0.0000179 seconds
2015-04-14T20:10:00.310-0100: 491.103: [GC (Allocation Failure) 
Desired survivor size 524288 bytes, new threshold 15 (max 15)
[PSYoungGen: 2272K->288K(2560K)] 11440K->9456K(13824K), 0.0010941 secs] [Times: user=0.01 sys=0.00, real=0.00 secs] 
2015-04-14T20:10:00.311-0100: 491.104: Total time for which application threads were stopped: 0.0012913 seconds, Stopping threads took: 0.0000215 seconds
2015-04-14T20:10:01.042-0100: 491.835: [GC (Allocation Failure) 
Desired survivor size 524288 bytes, new threshold 15 (max 15)
[PSYoungGen: 2336K->288K(2560K)] 11504K->9480K(13824K), 0.0009538 secs] [Times: user=0.01 sys=0.00, real=0.00 secs] 
2015-04-14T20:10:01.043-0100: 491.836: Total time for which application threads were stopped: 0.0011263 seconds, Stopping threads took: 0.0000175 seconds
2015-04-14T20:10:01.875-0100: 492.668: [GC (Allocation Failure) 
Desired survivor size 524288 bytes, new threshold 15 (max 15)
[PSYoungGen: 2336K->288K(2560K)] 11528K->9480K(13824K), 0.0010826 secs] [Times: user=0.01 sys=0.00, real=0.00 secs] 
2015-04-14T20:10:01.876-0100: 492.669: Total time for which application threads were stopped: 0.0012935 seconds, Stopping threads took: 0.0000213 seconds
2015-04-14T20:10:02.516-0100: 493.309: [GC (Allocation Failure) 
Desired survivor size 524288 bytes, new threshold 15 (max 15)
[PSYoungGen: 2336K->288K(2560K)] 11528K->9480K(13824K), 0.0010955 secs] [Times: user=0.00 sys=0.00, real=0.00 secs] 
2015-04-14T20:10:02.517-0100: 493.310: Total time for which application threads were stopped: 0.0012834 seconds, Stopping threads took: 0.0000207 seconds
2015-04-14T20:10:03.301-0100: 494.095: [GC (Allocation Failure) 
Desired survivor size 524288 bytes, new threshold 15 (max 15)
[PSYoungGen: 2336K->256K(2560K)] 11528K->9448K(13824K), 0.0010668 secs] [Times: user=0.01 sys=0.00, real=0.00 secs] 
2015-04-14T20:10:03.303-0100: 494.096: Total time for which application threads were stopped: 0.0012561 seconds, Stopping threads took: 0.0000215 seconds
2015-04-14T20:10:03.854-0100: 494.647: [GC (Allocation Failure) 
Desired survivor size 524288 bytes, new threshold 15 (max 15)
[PSYoungGen: 2304K->256K(2560K)] 11496K->9448K(13824K), 0.0011053 secs] [Times: user=0.01 sys=0.00, real=0.00 secs] 
2015-04-14T20:10:03.855-0100: 494.648: Total time for which application threads were stopped: 0.0013074 seconds, Stopping threads took: 0.0000226 seconds
2015-04-14T20:10:04.555-0100: 495.349: [GC (Allocation Failure) 
Desired survivor size 524288 bytes, new threshold 15 (max 15)
[PSYoungGen: 2304K->288K(2560K)] 11496K->9480K(13824K), 0.0011228 secs] [Times: user=0.00 sys=0.00, real=0.00 secs] 
2015-04-14T20:10:04.557-0100: 495.350: Total time for which application threads were stopped: 0.0013226 seconds, Stopping threads took: 0.0000207 seconds
2015-04-14T20:10:05.375-0100: 496.168: Total time for which application threads were stopped: 0.0001123 seconds, Stopping threads took: 0.0000208 seconds
2015-04-14T20:10:05.375-0100: 496.168: [GC (GCLocker Initiated GC) 
Desired survivor size 524288 bytes, new threshold 15 (max 15)
[PSYoungGen: 2336K->288K(2560K)] 11529K->9481K(13824K), 0.0011558 secs] [Times: user=0.00 sys=0.01, real=0.00 secs] 
2015-04-14T20:10:05.376-0100: 496.169: Total time for which application threads were stopped: 0.0013172 seconds, Stopping threads took: 0.0000111 seconds
2015-04-14T20:10:06.209-0100: 497.002: [GC (Allocation Failure) 
Desired survivor size 524288 bytes, new threshold 15 (max 15)
[PSYoungGen: 2336K->288K(2560K)] 11533K->9485K(13824K), 0.0010197 secs] [Times: user=0.01 sys=0.00, real=0.01 secs] 
2015-04-14T20:10:06.210-0100: 497.003: Total time for which application threads were stopped: 0.0012169 seconds, Stopping threads took: 0.0000205 seconds
2015-04-14T20:10:06.960-0100: 497.754: [GC (Allocation Failure) 
Desired survivor size 524288 bytes, new threshold 15 (max 15)
[PSYoungGen: 2336K->288K(2560K)] 11533K->9517K(13824K), 0.0011514 secs] [Times: user=0.00 sys=0.00, real=0.00 secs] 
2015-04-14T20:10:06.962-0100: 497.755: Total time for which application threads were stopped: 0.0013458 seconds, Stopping threads took: 0.0000223 seconds
2015-04-14T20:10:07.698-0100: 498.491: [GC (Allocation Failure) 
Desired survivor size 524288 bytes, new threshold 15 (max 15)
[PSYoungGen: 2336K->288K(2560K)] 11565K->9533K(13824K), 0.0010578 secs] [Times: user=0.00 sys=0.00, real=0.00 secs] 
2015-04-14T20:10:07.699-0100: 498.492: Total time for which application threads were stopped: 0.0012463 seconds, Stopping threads took: 0.0000218 seconds
2015-04-14T20:10:08.487-0100: 499.280: [GC (Allocation Failure) 
Desired survivor size 524288 bytes, new threshold 15 (max 15)
[PSYoungGen: 2336K->288K(2560K)] 11581K->9549K(13824K), 0.0009134 secs] [Times: user=0.01 sys=0.00, real=0.00 secs] 
2015-04-14T20:10:08.488-0100: 499.281: Total time for which application threads were stopped: 0.0010955 seconds, Stopping threads took: 0.0000178 seconds
2015-04-14T20:10:09.421-0100: 500.214: [GC (Allocation Failure) 
Desired survivor size 524288 bytes, new threshold 15 (max 15)
[PSYoungGen: 2336K->256K(2560K)] 11597K->9533K(13824K), 0.0011114 secs] [Times: user=0.00 sys=0.00, real=0.00 secs] 
2015-04-14T20:10:09.422-0100: 500.215: Total time for which application threads were stopped: 0.0013017 seconds, Stopping threads took: 0.0000226 seconds
2015-04-14T20:10:10.072-0100: 500.865: [GC (Allocation Failure) 
Desired survivor size 524288 bytes, new threshold 15 (max 15)
[PSYoungGen: 2304K->288K(2560K)] 11581K->9565K(13824K), 0.0010750 secs] [Times: user=0.01 sys=0.00, real=0.00 secs] 
2015-04-14T20:10:10.073-0100: 500.867: Total time for which application threads were stopped: 0.0012650 seconds, Stopping threads took: 0.0000214 seconds
2015-04-14T20:10:10.740-0100: 501.533: [GC (Allocation Failure) 
Desired survivor size 524288 bytes, new threshold 15 (max 15)
[PSYoungGen: 2336K->224K(2560K)] 11613K->9509K(13824K), 0.0008068 secs] [Times: user=0.00 sys=0.00, real=0.00 secs] 
2015-04-14T20:10:10.741-0100: 501.534: Total time for which application threads were stopped: 0.0009447 seconds, Stopping threads took: 0.0000145 seconds
2015-04-14T20:10:11.625-0100: 502.419: [GC (Allocation Failure) 
Desired survivor size 524288 bytes, new threshold 15 (max 15)
[PSYoungGen: 2272K->256K(2560K)] 11557K->9573K(13824K), 0.0011432 secs] [Times: user=0.00 sys=0.00, real=0.00 secs] 
2015-04-14T20:10:11.627-0100: 502.420: Total time for which application threads were stopped: 0.0013505 seconds, Stopping threads took: 0.0000229 seconds
2015-04-14T20:10:12.413-0100: 503.206: [GC (Allocation Failure) 
Desired survivor size 524288 bytes, new threshold 15 (max 15)
[PSYoungGen: 2304K->256K(2560K)] 11621K->9581K(13824K), 0.0009570 secs] [Times: user=0.00 sys=0.00, real=0.00 secs] 
2015-04-14T20:10:12.414-0100: 503.207: Total time for which application threads were stopped: 0.0011264 seconds, Stopping threads took: 0.0000196 seconds
2015-04-14T20:10:13.099-0100: 503.892: [GC (Allocation Failure) 
Desired survivor size 524288 bytes, new threshold 15 (max 15)
[PSYoungGen: 2304K->288K(2560K)] 11629K->9637K(13824K), 0.0010734 secs] [Times: user=0.00 sys=0.00, real=0.01 secs] 
2015-04-14T20:10:13.100-0100: 503.893: Total time for which application threads were stopped: 0.0013052 seconds, Stopping threads took: 0.0000215 seconds
2015-04-14T20:10:13.819-0100: 504.613: [GC (Allocation Failure) 
Desired survivor size 524288 bytes, new threshold 15 (max 15)
[PSYoungGen: 2336K->288K(2560K)] 11685K->9669K(13824K), 0.0010908 secs] [Times: user=0.01 sys=0.00, real=0.01 secs] 
2015-04-14T20:10:13.820-0100: 504.614: Total time for which application threads were stopped: 0.0012809 seconds, Stopping threads took: 0.0000201 seconds
2015-04-14T20:10:14.675-0100: 505.468: [GC (Allocation Failure) 
Desired survivor size 524288 bytes, new threshold 15 (max 15)
[PSYoungGen: 2336K->256K(2560K)] 11717K->9637K(13824K), 0.0009059 secs] [Times: user=0.00 sys=0.00, real=0.00 secs] 
2015-04-14T20:10:14.676-0100: 505.469: Total time for which application threads were stopped: 0.0010679 seconds, Stopping threads took: 0.0000185 seconds
2015-04-14T20:10:15.272-0100: 506.065: [GC (Allocation Failure) 
Desired survivor size 524288 bytes, new threshold 15 (max 15)
[PSYoungGen: 2304K->256K(2560K)] 11685K->9685K(13824K), 0.0010446 secs] [Times: user=0.01 sys=0.00, real=0.00 secs] 
2015-04-14T20:10:15.273-0100: 506.066: Total time for which application threads were stopped: 0.0012409 seconds, Stopping threads took: 0.0000222 seconds
2015-04-14T20:10:16.041-0100: 506.834: [GC (Allocation Failure) 
Desired survivor size 524288 bytes, new threshold 15 (max 15)
[PSYoungGen: 2304K->288K(2560K)] 11733K->9717K(13824K), 0.0010641 secs] [Times: user=0.00 sys=0.00, real=0.00 secs] 
2015-04-14T20:10:16.042-0100: 506.835: Total time for which application threads were stopped: 0.0012534 seconds, Stopping threads took: 0.0000210 seconds
2015-04-14T20:10:16.743-0100: 507.536: [GC (Allocation Failure) 
Desired survivor size 524288 bytes, new threshold 15 (max 15)
[PSYoungGen: 2336K->288K(2560K)] 11765K->9717K(13824K), 0.0010754 secs] [Times: user=0.01 sys=0.00, real=0.00 secs] 
2015-04-14T20:10:16.744-0100: 507.537: Total time for which application threads were stopped: 0.0012610 seconds, Stopping threads took: 0.0000194 seconds
2015-04-14T20:10:17.529-0100: 508.323: [GC (Allocation Failure) 
Desired survivor size 524288 bytes, new threshold 15 (max 15)
[PSYoungGen: 2336K->288K(2560K)] 11765K->9725K(13824K), 0.0010710 secs] [Times: user=0.00 sys=0.00, real=0.01 secs] 
2015-04-14T20:10:17.530-0100: 508.324: Total time for which application threads were stopped: 0.0012673 seconds, Stopping threads took: 0.0000210 seconds
2015-04-14T20:10:18.245-0100: 509.039: [GC (Allocation Failure) 
Desired survivor size 524288 bytes, new threshold 15 (max 15)
[PSYoungGen: 2336K->256K(2560K)] 11773K->9709K(13824K), 0.0009584 secs] [Times: user=0.00 sys=0.00, real=0.00 secs] 
2015-04-14T20:10:18.246-0100: 509.040: Total time for which application threads were stopped: 0.0011233 seconds, Stopping threads took: 0.0000188 seconds
2015-04-14T20:10:19.017-0100: 509.810: [GC (Allocation Failure) 
Desired survivor size 524288 bytes, new threshold 15 (max 15)
[PSYoungGen: 2304K->288K(2560K)] 11757K->9773K(13824K), 0.0010910 secs] [Times: user=0.00 sys=0.00, real=0.00 secs] 
2015-04-14T20:10:19.018-0100: 509.812: Total time for which application threads were stopped: 0.0012883 seconds, Stopping threads took: 0.0000211 seconds
2015-04-14T20:10:19.752-0100: 510.546: [GC (Allocation Failure) 
Desired survivor size 524288 bytes, new threshold 15 (max 15)
[PSYoungGen: 2336K->256K(2560K)] 11821K->9741K(13824K), 0.0010224 secs] [Times: user=0.00 sys=0.00, real=0.00 secs] 
2015-04-14T20:10:19.753-0100: 510.547: Total time for which application threads were stopped: 0.0012032 seconds, Stopping threads took: 0.0000208 seconds
2015-04-14T20:10:20.490-0100: 511.283: [GC (Allocation Failure) 
Desired survivor size 524288 bytes, new threshold 15 (max 15)
[PSYoungGen: 2304K->256K(2560K)] 11789K->9741K(13824K), 0.0011011 secs] [Times: user=0.00 sys=0.00, real=0.00 secs] 
2015-04-14T20:10:20.491-0100: 511.284: Total time for which application threads were stopped: 0.0013247 seconds, Stopping threads took: 0.0000240 seconds
2015-04-14T20:10:21.175-0100: 511.969: [GC (Allocation Failure) 
Desired survivor size 524288 bytes, new threshold 15 (max 15)
[PSYoungGen: 2304K->288K(2560K)] 11789K->9773K(13824K), 0.0011126 secs] [Times: user=0.00 sys=0.00, real=0.00 secs] 
2015-04-14T20:10:21.176-0100: 511.970: Total time for which application threads were stopped: 0.0013379 seconds, Stopping threads took: 0.0000214 seconds
2015-04-14T20:10:21.896-0100: 512.690: [GC (Allocation Failure) 
Desired survivor size 524288 bytes, new threshold 15 (max 15)
[PSYoungGen: 2336K->288K(2560K)] 11821K->9773K(13824K), 0.0009587 secs] [Times: user=0.00 sys=0.00, real=0.00 secs] 
2015-04-14T20:10:21.897-0100: 512.691: Total time for which application threads were stopped: 0.0011283 seconds, Stopping threads took: 0.0000192 seconds
2015-04-14T20:10:22.742-0100: 513.536: [GC (Allocation Failure) 
Desired survivor size 524288 bytes, new threshold 15 (max 15)
[PSYoungGen: 2336K->256K(2560K)] 11821K->9741K(13824K), 0.0009502 secs] [Times: user=0.00 sys=0.00, real=0.00 secs] 
2015-04-14T20:10:22.743-0100: 513.537: Total time for which application threads were stopped: 0.0011219 seconds, Stopping threads took: 0.0000202 seconds
2015-04-14T20:10:23.532-0100: 514.326: [GC (Allocation Failure) 
Desired survivor size 524288 bytes, new threshold 15 (max 15)
[PSYoungGen: 2304K->224K(2560K)] 11789K->9709K(13824K), 0.0010957 secs] [Times: user=0.00 sys=0.00, real=0.00 secs] 
2015-04-14T20:10:23.533-0100: 514.327: Total time for which application threads were stopped: 0.0012899 seconds, Stopping threads took: 0.0000218 seconds
2015-04-14T20:10:24.217-0100: 515.010: [GC (Allocation Failure) 
Desired survivor size 524288 bytes, new threshold 15 (max 15)
[PSYoungGen: 2272K->256K(2560K)] 11757K->9741K(13824K), 0.0010588 secs] [Times: user=0.01 sys=0.00, real=0.00 secs] 
2015-04-14T20:10:24.218-0100: 515.011: Total time for which application threads were stopped: 0.0012500 seconds, Stopping threads took: 0.0000213 seconds
2015-04-14T20:10:25.075-0100: 515.869: [GC (Allocation Failure) 
Desired survivor size 524288 bytes, new threshold 15 (max 15)
[PSYoungGen: 2304K->256K(2560K)] 11789K->9749K(13824K), 0.0009631 secs] [Times: user=0.01 sys=0.00, real=0.00 secs] 
2015-04-14T20:10:25.076-0100: 515.870: Total time for which application threads were stopped: 0.0011437 seconds, Stopping threads took: 0.0000194 seconds
2015-04-14T20:10:25.791-0100: 516.585: [GC (Allocation Failure) 
Desired survivor size 524288 bytes, new threshold 15 (max 15)
[PSYoungGen: 2304K->256K(2560K)] 11797K->9749K(13824K), 0.0009582 secs] [Times: user=0.00 sys=0.00, real=0.00 secs] 
2015-04-14T20:10:25.792-0100: 516.586: Total time for which application threads were stopped: 0.0011302 seconds, Stopping threads took: 0.0000197 seconds
2015-04-14T20:10:26.625-0100: 517.419: [GC (Allocation Failure) 
Desired survivor size 524288 bytes, new threshold 15 (max 15)
[PSYoungGen: 2304K->288K(2560K)] 11797K->9781K(13824K), 0.0011205 secs] [Times: user=0.00 sys=0.00, real=0.00 secs] 
2015-04-14T20:10:26.626-0100: 517.420: Total time for which application threads were stopped: 0.0013313 seconds, Stopping threads took: 0.0000225 seconds
2015-04-14T20:10:27.209-0100: 518.002: [GC (Allocation Failure) 
Desired survivor size 524288 bytes, new threshold 15 (max 15)
[PSYoungGen: 2336K->288K(2560K)] 11829K->9805K(13824K), 0.0010485 secs] [Times: user=0.01 sys=0.00, real=0.01 secs] 
2015-04-14T20:10:27.210-0100: 518.003: Total time for which application threads were stopped: 0.0012370 seconds, Stopping threads took: 0.0000222 seconds
2015-04-14T20:10:28.010-0100: 518.803: [GC (Allocation Failure) 
Desired survivor size 524288 bytes, new threshold 15 (max 15)
[PSYoungGen: 2336K->288K(2560K)] 11853K->9813K(13824K), 0.0010535 secs] [Times: user=0.00 sys=0.01, real=0.00 secs] 
2015-04-14T20:10:28.011-0100: 518.804: Total time for which application threads were stopped: 0.0012405 seconds, Stopping threads took: 0.0000214 seconds
2015-04-14T20:10:28.816-0100: 519.609: [GC (Allocation Failure) 
Desired survivor size 524288 bytes, new threshold 15 (max 15)
[PSYoungGen: 2336K->288K(2560K)] 11861K->9813K(13824K), 0.0010933 secs] [Times: user=0.00 sys=0.01, real=0.00 secs] 
2015-04-14T20:10:28.817-0100: 519.610: Total time for which application threads were stopped: 0.0012809 seconds, Stopping threads took: 0.0000209 seconds
2015-04-14T20:10:29.548-0100: 520.341: [GC (Allocation Failure) 
Desired survivor size 524288 bytes, new threshold 15 (max 15)
[PSYoungGen: 2336K->288K(2560K)] 11861K->9813K(13824K), 0.0009565 secs] [Times: user=0.00 sys=0.00, real=0.00 secs] 
2015-04-14T20:10:29.549-0100: 520.342: Total time for which application threads were stopped: 0.0011275 seconds, Stopping threads took: 0.0000190 seconds
2015-04-14T20:10:30.219-0100: 521.013: [GC (Allocation Failure) 
Desired survivor size 524288 bytes, new threshold 15 (max 15)
[PSYoungGen: 2336K->288K(2560K)] 11861K->9813K(13824K), 0.0010712 secs] [Times: user=0.00 sys=0.00, real=0.01 secs] 
2015-04-14T20:10:30.221-0100: 521.014: Total time for which application threads were stopped: 0.0012639 seconds, Stopping threads took: 0.0000213 seconds
2015-04-14T20:10:30.903-0100: 521.697: Total time for which application threads were stopped: 0.0001056 seconds, Stopping threads took: 0.0000204 seconds
2015-04-14T20:10:30.903-0100: 521.697: [GC (GCLocker Initiated GC) 
Desired survivor size 524288 bytes, new threshold 15 (max 15)
[PSYoungGen: 2336K->288K(2560K)] 11862K->9830K(13824K), 0.0011114 secs] [Times: user=0.01 sys=0.00, real=0.00 secs] 
2015-04-14T20:10:30.904-0100: 521.698: Total time for which application threads were stopped: 0.0012606 seconds, Stopping threads took: 0.0000086 seconds
2015-04-14T20:10:31.674-0100: 522.467: [GC (Allocation Failure) 
Desired survivor size 524288 bytes, new threshold 15 (max 15)
[PSYoungGen: 2336K->288K(2560K)] 11882K->9842K(13824K), 0.0010282 secs] [Times: user=0.01 sys=0.00, real=0.00 secs] 
2015-04-14T20:10:31.675-0100: 522.468: Total time for which application threads were stopped: 0.0012154 seconds, Stopping threads took: 0.0000208 seconds
2015-04-14T20:10:32.425-0100: 523.219: [GC (Allocation Failure) 
Desired survivor size 524288 bytes, new threshold 15 (max 15)
[PSYoungGen: 2336K->288K(2560K)] 11890K->9850K(13824K), 0.0010856 secs] [Times: user=0.01 sys=0.00, real=0.00 secs] 
2015-04-14T20:10:32.426-0100: 523.220: Total time for which application threads were stopped: 0.0012810 seconds, Stopping threads took: 0.0000219 seconds
2015-04-14T20:10:33.079-0100: 523.873: [GC (Allocation Failure) 
Desired survivor size 524288 bytes, new threshold 15 (max 15)
[PSYoungGen: 2336K->256K(2560K)] 11898K->9818K(13824K), 0.0010893 secs] [Times: user=0.01 sys=0.00, real=0.01 secs] 
2015-04-14T20:10:33.080-0100: 523.874: Total time for which application threads were stopped: 0.0012913 seconds, Stopping threads took: 0.0000228 seconds
2015-04-14T20:10:33.848-0100: 524.642: [GC (Allocation Failure) 
Desired survivor size 524288 bytes, new threshold 15 (max 15)
[PSYoungGen: 2304K->256K(2560K)] 11866K->9818K(13824K), 0.0010776 secs] [Times: user=0.00 sys=0.00, real=0.00 secs] 
2015-04-14T20:10:33.849-0100: 524.643: Total time for which application threads were stopped: 0.0012623 seconds, Stopping threads took: 0.0000215 seconds
2015-04-14T20:10:34.734-0100: 525.528: [GC (Allocation Failure) 
Desired survivor size 524288 bytes, new threshold 15 (max 15)
[PSYoungGen: 2304K->288K(2560K)] 11866K->9850K(13824K), 0.0010551 secs] [Times: user=0.00 sys=0.00, real=0.00 secs] 
2015-04-14T20:10:34.736-0100: 525.529: Total time for which application threads were stopped: 0.0012472 seconds, Stopping threads took: 0.0000202 seconds
2015-04-14T20:10:35.418-0100: 526.212: [GC (Allocation Failure) 
Desired survivor size 524288 bytes, new threshold 15 (max 15)
[PSYoungGen: 2336K->288K(2560K)] 11898K->9866K(13824K), 0.0010426 secs] [Times: user=0.01 sys=0.00, real=0.00 secs] 
2015-04-14T20:10:35.419-0100: 526.213: Total time for which application threads were stopped: 0.0012361 seconds, Stopping threads took: 0.0000215 seconds
2015-04-14T20:10:36.104-0100: 526.897: [GC (Allocation Failure) 
Desired survivor size 524288 bytes, new threshold 15 (max 15)
[PSYoungGen: 2336K->288K(2560K)] 11914K->9866K(13824K), 0.0010948 secs] [Times: user=0.01 sys=0.00, real=0.00 secs] 
2015-04-14T20:10:36.105-0100: 526.898: Total time for which application threads were stopped: 0.0012848 seconds, Stopping threads took: 0.0000211 seconds
2015-04-14T20:10:36.903-0100: 527.697: [GC (Allocation Failure) 
Desired survivor size 524288 bytes, new threshold 15 (max 15)
[PSYoungGen: 2336K->288K(2560K)] 11914K->9882K(13824K), 0.0008789 secs] [Times: user=0.01 sys=0.00, real=0.00 secs] 
2015-04-14T20:10:36.904-0100: 527.698: Total time for which application threads were stopped: 0.0010527 seconds, Stopping threads took: 0.0000176 seconds
2015-04-14T20:10:37.776-0100: 528.570: [GC (Allocation Failure) 
Desired survivor size 524288 bytes, new threshold 15 (max 15)
[PSYoungGen: 2336K->288K(2560K)] 11930K->9898K(13824K), 0.0010315 secs] [Times: user=0.00 sys=0.00, real=0.00 secs] 
2015-04-14T20:10:37.777-0100: 528.571: Total time for which application threads were stopped: 0.0012143 seconds, Stopping threads took: 0.0000209 seconds
2015-04-14T20:10:38.445-0100: 529.238: [GC (Allocation Failure) 
Desired survivor size 524288 bytes, new threshold 15 (max 15)
[PSYoungGen: 2336K->224K(2560K)] 11946K->9834K(13824K), 0.0009455 secs] [Times: user=0.01 sys=0.00, real=0.00 secs] 
2015-04-14T20:10:38.446-0100: 529.239: Total time for which application threads were stopped: 0.0011279 seconds, Stopping threads took: 0.0000185 seconds
2015-04-14T20:10:39.132-0100: 529.926: [GC (Allocation Failure) 
Desired survivor size 524288 bytes, new threshold 15 (max 15)
[PSYoungGen: 2272K->256K(2560K)] 11882K->9866K(13824K), 0.0009006 secs] [Times: user=0.00 sys=0.00, real=0.00 secs] 
2015-04-14T20:10:39.133-0100: 529.927: Total time for which application threads were stopped: 0.0010681 seconds, Stopping threads took: 0.0000188 seconds
2015-04-14T20:10:39.967-0100: 530.761: [GC (Allocation Failure) 
Desired survivor size 524288 bytes, new threshold 15 (max 15)
[PSYoungGen: 2304K->288K(2560K)] 11914K->9898K(13824K), 0.0010338 secs] [Times: user=0.00 sys=0.00, real=0.00 secs] 
2015-04-14T20:10:39.968-0100: 530.762: Total time for which application threads were stopped: 0.0012305 seconds, Stopping threads took: 0.0000219 seconds
2015-04-14T20:10:40.735-0100: 531.529: [GC (Allocation Failure) 
Desired survivor size 524288 bytes, new threshold 15 (max 15)
[PSYoungGen: 2336K->288K(2560K)] 11946K->9906K(13824K), 0.0009945 secs] [Times: user=0.00 sys=0.00, real=0.00 secs] 
2015-04-14T20:10:40.736-0100: 531.530: Total time for which application threads were stopped: 0.0011810 seconds, Stopping threads took: 0.0000219 seconds
2015-04-14T20:10:41.370-0100: 532.164: [GC (Allocation Failure) 
Desired survivor size 524288 bytes, new threshold 15 (max 15)
[PSYoungGen: 2336K->288K(2560K)] 11954K->9906K(13824K), 0.0007710 secs] [Times: user=0.00 sys=0.00, real=0.00 secs] 
2015-04-14T20:10:41.371-0100: 532.164: Total time for which application threads were stopped: 0.0009095 seconds, Stopping threads took: 0.0000153 seconds
2015-04-14T20:10:42.122-0100: 532.916: [GC (Allocation Failure) 
Desired survivor size 524288 bytes, new threshold 15 (max 15)
[PSYoungGen: 2336K->288K(2560K)] 11954K->9946K(13824K), 0.0010733 secs] [Times: user=0.00 sys=0.00, real=0.00 secs] 
2015-04-14T20:10:42.123-0100: 532.917: Total time for which application threads were stopped: 0.0012730 seconds, Stopping threads took: 0.0000272 seconds
2015-04-14T20:10:42.903-0100: 533.697: [GC (Allocation Failure) 
Desired survivor size 524288 bytes, new threshold 15 (max 15)
[PSYoungGen: 2336K->288K(2560K)] 11994K->9978K(13824K), 0.0010888 secs] [Times: user=0.00 sys=0.00, real=0.00 secs] 
2015-04-14T20:10:42.904-0100: 533.698: Total time for which application threads were stopped: 0.0013648 seconds, Stopping threads took: 0.0000309 seconds
2015-04-14T20:10:43.426-0100: 534.220: [GC (Allocation Failure) 
Desired survivor size 524288 bytes, new threshold 15 (max 15)
[PSYoungGen: 2336K->288K(2560K)] 12026K->10002K(13824K), 0.0011422 secs] [Times: user=0.01 sys=0.00, real=0.00 secs] 
2015-04-14T20:10:43.428-0100: 534.221: Total time for which application threads were stopped: 0.0013583 seconds, Stopping threads took: 0.0000276 seconds
2015-04-14T20:10:44.077-0100: 534.871: [GC (Allocation Failure) 
Desired survivor size 524288 bytes, new threshold 15 (max 15)
[PSYoungGen: 2336K->256K(2560K)] 12050K->9970K(13824K), 0.0010690 secs] [Times: user=0.00 sys=0.00, real=0.00 secs] 
2015-04-14T20:10:44.078-0100: 534.872: Total time for which application threads were stopped: 0.0012502 seconds, Stopping threads took: 0.0000231 seconds
2015-04-14T20:10:44.764-0100: 535.558: [GC (Allocation Failure) 
Desired survivor size 524288 bytes, new threshold 15 (max 15)
[PSYoungGen: 2304K->288K(2560K)] 12018K->10002K(13824K), 0.0011313 secs] [Times: user=0.01 sys=0.00, real=0.00 secs] 
2015-04-14T20:10:44.765-0100: 535.559: Total time for which application threads were stopped: 0.0013149 seconds, Stopping threads took: 0.0000210 seconds
2015-04-14T20:10:45.432-0100: 536.226: [GC (Allocation Failure) 
Desired survivor size 524288 bytes, new threshold 15 (max 15)
[PSYoungGen: 2336K->256K(2560K)] 12050K->9970K(13824K), 0.0011102 secs] [Times: user=0.00 sys=0.00, real=0.00 secs] 
2015-04-14T20:10:45.433-0100: 536.227: Total time for which application threads were stopped: 0.0013176 seconds, Stopping threads took: 0.0000277 seconds
2015-04-14T20:10:46.056-0100: 536.850: [GC (Allocation Failure) 
Desired survivor size 524288 bytes, new threshold 15 (max 15)
[PSYoungGen: 2304K->256K(2560K)] 12018K->9970K(13824K), 0.0008719 secs] [Times: user=0.01 sys=0.00, real=0.00 secs] 
2015-04-14T20:10:46.057-0100: 536.851: Total time for which application threads were stopped: 0.0010250 seconds, Stopping threads took: 0.0000191 seconds
2015-04-14T20:10:46.738-0100: 537.532: [GC (Allocation Failure) 
Desired survivor size 524288 bytes, new threshold 15 (max 15)
[PSYoungGen: 2304K->288K(2560K)] 12018K->10010K(13824K), 0.0011082 secs] [Times: user=0.01 sys=0.00, real=0.00 secs] 
2015-04-14T20:10:46.739-0100: 537.533: Total time for which application threads were stopped: 0.0013029 seconds, Stopping threads took: 0.0000231 seconds
2015-04-14T20:10:47.375-0100: 538.169: [GC (Allocation Failure) 
Desired survivor size 524288 bytes, new threshold 15 (max 15)
[PSYoungGen: 2336K->256K(2560K)] 12058K->9978K(13824K), 0.0008995 secs] [Times: user=0.00 sys=0.00, real=0.00 secs] 
2015-04-14T20:10:47.376-0100: 538.170: Total time for which application threads were stopped: 0.0010713 seconds, Stopping threads took: 0.0000188 seconds
2015-04-14T20:10:48.209-0100: 539.003: [GC (Allocation Failure) 
Desired survivor size 524288 bytes, new threshold 15 (max 15)
[PSYoungGen: 2304K->256K(2560K)] 12026K->9978K(13824K), 0.0010952 secs] [Times: user=0.01 sys=0.00, real=0.01 secs] 
2015-04-14T20:10:48.210-0100: 539.004: Total time for which application threads were stopped: 0.0012897 seconds, Stopping threads took: 0.0000233 seconds
2015-04-14T20:10:48.811-0100: 539.605: [GC (Allocation Failure) 
Desired survivor size 524288 bytes, new threshold 15 (max 15)
[PSYoungGen: 2304K->288K(2560K)] 12026K->10018K(13824K), 0.0010415 secs] [Times: user=0.00 sys=0.00, real=0.00 secs] 
2015-04-14T20:10:48.812-0100: 539.606: Total time for which application threads were stopped: 0.0012394 seconds, Stopping threads took: 0.0000224 seconds
2015-04-14T20:10:49.514-0100: 540.308: [GC (Allocation Failure) 
Desired survivor size 524288 bytes, new threshold 15 (max 15)
[PSYoungGen: 2336K->288K(2560K)] 12066K->10018K(13824K), 0.0011114 secs] [Times: user=0.00 sys=0.00, real=0.00 secs] 
2015-04-14T20:10:49.515-0100: 540.309: Total time for which application threads were stopped: 0.0013049 seconds, Stopping threads took: 0.0000221 seconds
2015-04-14T20:10:50.216-0100: 541.010: [GC (Allocation Failure) 
Desired survivor size 524288 bytes, new threshold 15 (max 15)
[PSYoungGen: 2336K->256K(2560K)] 12066K->9986K(13824K), 0.0010303 secs] [Times: user=0.00 sys=0.00, real=0.00 secs] 
2015-04-14T20:10:50.218-0100: 541.011: Total time for which application threads were stopped: 0.0012578 seconds, Stopping threads took: 0.0000213 seconds
2015-04-14T20:10:50.900-0100: 541.694: [GC (Allocation Failure) 
Desired survivor size 524288 bytes, new threshold 15 (max 15)
[PSYoungGen: 2304K->288K(2560K)] 12034K->10026K(13824K), 0.0010085 secs] [Times: user=0.00 sys=0.00, real=0.00 secs] 
2015-04-14T20:10:50.902-0100: 541.695: Total time for which application threads were stopped: 0.0012037 seconds, Stopping threads took: 0.0000219 seconds
2015-04-14T20:10:51.651-0100: 542.445: [GC (Allocation Failure) 
Desired survivor size 524288 bytes, new threshold 15 (max 15)
[PSYoungGen: 2336K->256K(2560K)] 12074K->10010K(13824K), 0.0007325 secs] [Times: user=0.00 sys=0.00, real=0.00 secs] 
2015-04-14T20:10:51.651-0100: 542.445: Total time for which application threads were stopped: 0.0008758 seconds, Stopping threads took: 0.0000135 seconds
2015-04-14T20:10:52.455-0100: 543.249: [GC (Allocation Failure) 
Desired survivor size 524288 bytes, new threshold 15 (max 15)
[PSYoungGen: 2304K->256K(2560K)] 12058K->10010K(13824K), 0.0009302 secs] [Times: user=0.01 sys=0.00, real=0.00 secs] 
2015-04-14T20:10:52.456-0100: 543.250: Total time for which application threads were stopped: 0.0011037 seconds, Stopping threads took: 0.0000168 seconds
2015-04-14T20:10:53.109-0100: 543.903: [GC (Allocation Failure) 
Desired survivor size 524288 bytes, new threshold 15 (max 15)
[PSYoungGen: 2304K->256K(2560K)] 12058K->10018K(13824K), 0.0010712 secs] [Times: user=0.00 sys=0.00, real=0.01 secs] 
2015-04-14T20:10:53.110-0100: 543.904: Total time for which application threads were stopped: 0.0012654 seconds, Stopping threads took: 0.0000220 seconds
2015-04-14T20:10:53.776-0100: 544.570: Total time for which application threads were stopped: 0.0001050 seconds, Stopping threads took: 0.0000195 seconds
2015-04-14T20:10:53.776-0100: 544.570: [GC (GCLocker Initiated GC) 
Desired survivor size 524288 bytes, new threshold 15 (max 15)
[PSYoungGen: 2304K->288K(2560K)] 12066K->10082K(13824K), 0.0010812 secs] [Times: user=0.01 sys=0.00, real=0.00 secs] 
2015-04-14T20:10:53.777-0100: 544.571: Total time for which application threads were stopped: 0.0012319 seconds, Stopping threads took: 0.0000063 seconds
2015-04-14T20:10:54.596-0100: 545.390: [GC (Allocation Failure) 
Desired survivor size 524288 bytes, new threshold 15 (max 15)
[PSYoungGen: 2336K->288K(2560K)] 12134K->10086K(13824K), 0.0010253 secs] [Times: user=0.00 sys=0.00, real=0.00 secs] 
2015-04-14T20:10:54.597-0100: 545.391: Total time for which application threads were stopped: 0.0012081 seconds, Stopping threads took: 0.0000202 seconds
2015-04-14T20:10:55.366-0100: 546.160: [GC (Allocation Failure) 
Desired survivor size 524288 bytes, new threshold 15 (max 15)
[PSYoungGen: 2336K->256K(2560K)] 12134K->10062K(13824K), 0.0010931 secs] [Times: user=0.01 sys=0.00, real=0.00 secs] 
2015-04-14T20:10:55.367-0100: 546.161: Total time for which application threads were stopped: 0.0012794 seconds, Stopping threads took: 0.0000203 seconds
2015-04-14T20:10:55.976-0100: 546.770: [GC (Allocation Failure) 
Desired survivor size 524288 bytes, new threshold 15 (max 15)
[PSYoungGen: 2304K->256K(2560K)] 12110K->10086K(13824K), 0.0010562 secs] [Times: user=0.00 sys=0.00, real=0.00 secs] 
2015-04-14T20:10:55.977-0100: 546.771: Total time for which application threads were stopped: 0.0013435 seconds, Stopping threads took: 0.0000387 seconds
2015-04-14T20:10:56.776-0100: 547.570: [GC (Allocation Failure) 
Desired survivor size 524288 bytes, new threshold 15 (max 15)
[PSYoungGen: 2304K->256K(2560K)] 12134K->10086K(13824K), 0.0010611 secs] [Times: user=0.00 sys=0.00, real=0.00 secs] 
2015-04-14T20:10:56.777-0100: 547.571: Total time for which application threads were stopped: 0.0012517 seconds, Stopping threads took: 0.0000200 seconds
2015-04-14T20:10:57.586-0100: 548.380: [GC (Allocation Failure) 
Desired survivor size 524288 bytes, new threshold 15 (max 15)
[PSYoungGen: 2304K->256K(2560K)] 12134K->10086K(13824K), 0.0009432 secs] [Times: user=0.01 sys=0.00, real=0.00 secs] 
2015-04-14T20:10:57.587-0100: 548.381: Total time for which application threads were stopped: 0.0011222 seconds, Stopping threads took: 0.0000213 seconds
2015-04-14T20:10:58.390-0100: 549.184: [GC (Allocation Failure) 
Desired survivor size 524288 bytes, new threshold 15 (max 15)
[PSYoungGen: 2304K->288K(2560K)] 12134K->10118K(13824K), 0.0010215 secs] [Times: user=0.01 sys=0.00, real=0.00 secs] 
2015-04-14T20:10:58.391-0100: 549.185: Total time for which application threads were stopped: 0.0012084 seconds, Stopping threads took: 0.0000209 seconds
2015-04-14T20:10:59.128-0100: 549.922: [GC (Allocation Failure) 
Desired survivor size 524288 bytes, new threshold 15 (max 15)
[PSYoungGen: 2336K->256K(2560K)] 12166K->10086K(13824K), 0.0009578 secs] [Times: user=0.00 sys=0.00, real=0.00 secs] 
2015-04-14T20:10:59.129-0100: 549.923: Total time for which application threads were stopped: 0.0011277 seconds, Stopping threads took: 0.0000206 seconds
2015-04-14T20:10:59.828-0100: 550.622: [GC (Allocation Failure) 
Desired survivor size 524288 bytes, new threshold 15 (max 15)
[PSYoungGen: 2304K->256K(2560K)] 12134K->10086K(13824K), 0.0009812 secs] [Times: user=0.00 sys=0.00, real=0.00 secs] 
2015-04-14T20:10:59.829-0100: 550.623: Total time for which application threads were stopped: 0.0011507 seconds, Stopping threads took: 0.0000177 seconds
2015-04-14T20:11:00.544-0100: 551.338: [GC (Allocation Failure) 
Desired survivor size 524288 bytes, new threshold 15 (max 15)
[PSYoungGen: 2304K->288K(2560K)] 12134K->10118K(13824K), 0.0010780 secs] [Times: user=0.01 sys=0.00, real=0.00 secs] 
2015-04-14T20:11:00.545-0100: 551.339: Total time for which application threads were stopped: 0.0013643 seconds, Stopping threads took: 0.0000380 seconds
2015-04-14T20:11:01.316-0100: 552.110: [GC (Allocation Failure) 
Desired survivor size 524288 bytes, new threshold 15 (max 15)
[PSYoungGen: 2336K->256K(2560K)] 12166K->10102K(13824K), 0.0010457 secs] [Times: user=0.00 sys=0.00, real=0.00 secs] 
2015-04-14T20:11:01.318-0100: 552.112: Total time for which application threads were stopped: 0.0012521 seconds, Stopping threads took: 0.0000208 seconds
2015-04-14T20:11:02.068-0100: 552.862: [GC (Allocation Failure) 
Desired survivor size 524288 bytes, new threshold 15 (max 15)
[PSYoungGen: 2304K->256K(2560K)] 12150K->10102K(13824K), 0.0007507 secs] [Times: user=0.00 sys=0.00, real=0.00 secs] 
2015-04-14T20:11:02.069-0100: 552.863: Total time for which application threads were stopped: 0.0008877 seconds, Stopping threads took: 0.0000141 seconds
2015-04-14T20:11:02.827-0100: 553.621: [GC (Allocation Failure) 
Desired survivor size 524288 bytes, new threshold 15 (max 15)
[PSYoungGen: 2304K->256K(2560K)] 12150K->10102K(13824K), 0.0009081 secs] [Times: user=0.00 sys=0.00, real=0.00 secs] 
2015-04-14T20:11:02.828-0100: 553.622: Total time for which application threads were stopped: 0.0011717 seconds, Stopping threads took: 0.0000314 seconds
2015-04-14T20:11:03.508-0100: 554.302: [GC (Allocation Failure) 
Desired survivor size 524288 bytes, new threshold 15 (max 15)
[PSYoungGen: 2304K->256K(2560K)] 12150K->10102K(13824K), 0.0010623 secs] [Times: user=0.01 sys=0.00, real=0.00 secs] 
2015-04-14T20:11:03.509-0100: 554.303: Total time for which application threads were stopped: 0.0012676 seconds, Stopping threads took: 0.0000197 seconds
2015-04-14T20:11:04.122-0100: 554.916: [GC (Allocation Failure) 
Desired survivor size 524288 bytes, new threshold 15 (max 15)
[PSYoungGen: 2304K->288K(2560K)] 12150K->10134K(13824K), 0.0007277 secs] [Times: user=0.01 sys=0.00, real=0.00 secs] 
2015-04-14T20:11:04.123-0100: 554.917: Total time for which application threads were stopped: 0.0008601 seconds, Stopping threads took: 0.0000157 seconds
2015-04-14T20:11:04.843-0100: 555.637: [GC (Allocation Failure) 
Desired survivor size 524288 bytes, new threshold 15 (max 15)
[PSYoungGen: 2336K->288K(2560K)] 12182K->10134K(13824K), 0.0009537 secs] [Times: user=0.00 sys=0.00, real=0.00 secs] 
2015-04-14T20:11:04.844-0100: 555.638: Total time for which application threads were stopped: 0.0011526 seconds, Stopping threads took: 0.0000191 seconds
2015-04-14T20:11:05.579-0100: 556.373: [GC (Allocation Failure) 
Desired survivor size 524288 bytes, new threshold 15 (max 15)
[PSYoungGen: 2336K->256K(2560K)] 12182K->10110K(13824K), 0.0010551 secs] [Times: user=0.01 sys=0.00, real=0.01 secs] 
2015-04-14T20:11:05.580-0100: 556.375: Total time for which application threads were stopped: 0.0012429 seconds, Stopping threads took: 0.0000217 seconds
2015-04-14T20:11:06.277-0100: 557.071: [GC (Allocation Failure) 
Desired survivor size 524288 bytes, new threshold 15 (max 15)
[PSYoungGen: 2304K->288K(2560K)] 12158K->10174K(13824K), 0.0007798 secs] [Times: user=0.00 sys=0.00, real=0.00 secs] 
2015-04-14T20:11:06.278-0100: 557.072: Total time for which application threads were stopped: 0.0009239 seconds, Stopping threads took: 0.0000163 seconds
2015-04-14T20:11:06.949-0100: 557.743: [GC (Allocation Failure) 
Desired survivor size 524288 bytes, new threshold 15 (max 15)
[PSYoungGen: 2336K->288K(2560K)] 12222K->10174K(13824K), 0.0010721 secs] [Times: user=0.01 sys=0.00, real=0.01 secs] 
2015-04-14T20:11:06.950-0100: 557.744: Total time for which application threads were stopped: 0.0012684 seconds, Stopping threads took: 0.0000211 seconds
2015-04-14T20:11:07.753-0100: 558.547: [GC (Allocation Failure) 
Desired survivor size 524288 bytes, new threshold 15 (max 15)
[PSYoungGen: 2336K->288K(2560K)] 12222K->10182K(13824K), 0.0011211 secs] [Times: user=0.01 sys=0.00, real=0.00 secs] 
2015-04-14T20:11:07.754-0100: 558.548: Total time for which application threads were stopped: 0.0013351 seconds, Stopping threads took: 0.0000217 seconds
2015-04-14T20:11:08.356-0100: 559.150: [GC (Allocation Failure) 
Desired survivor size 524288 bytes, new threshold 15 (max 15)
[PSYoungGen: 2336K->256K(2560K)] 12230K->10158K(13824K), 0.0010050 secs] [Times: user=0.01 sys=0.00, real=0.00 secs] 
2015-04-14T20:11:08.357-0100: 559.151: Total time for which application threads were stopped: 0.0011993 seconds, Stopping threads took: 0.0000220 seconds
2015-04-14T20:11:09.023-0100: 559.817: [GC (Allocation Failure) 
Desired survivor size 524288 bytes, new threshold 15 (max 15)
[PSYoungGen: 2304K->256K(2560K)] 12206K->10174K(13824K), 0.0010519 secs] [Times: user=0.00 sys=0.00, real=0.00 secs] 
2015-04-14T20:11:09.024-0100: 559.818: Total time for which application threads were stopped: 0.0012325 seconds, Stopping threads took: 0.0000193 seconds
2015-04-14T20:11:09.728-0100: 560.522: [GC (Allocation Failure) 
Desired survivor size 524288 bytes, new threshold 15 (max 15)
[PSYoungGen: 2304K->256K(2560K)] 12222K->10182K(13824K), 0.0010648 secs] [Times: user=0.00 sys=0.00, real=0.00 secs] 
2015-04-14T20:11:09.729-0100: 560.523: Total time for which application threads were stopped: 0.0012616 seconds, Stopping threads took: 0.0000224 seconds
2015-04-14T20:11:10.312-0100: 561.106: [GC (Allocation Failure) 
Desired survivor size 524288 bytes, new threshold 15 (max 15)
[PSYoungGen: 2304K->256K(2560K)] 12230K->10182K(13824K), 0.0010308 secs] [Times: user=0.01 sys=0.00, real=0.00 secs] 
2015-04-14T20:11:10.313-0100: 561.107: Total time for which application threads were stopped: 0.0012233 seconds, Stopping threads took: 0.0000206 seconds
2015-04-14T20:11:10.911-0100: 561.706: [GC (Allocation Failure) 
Desired survivor size 524288 bytes, new threshold 15 (max 15)
[PSYoungGen: 2304K->288K(2560K)] 12230K->10230K(13824K), 0.0007930 secs] [Times: user=0.01 sys=0.00, real=0.00 secs] 
2015-04-14T20:11:10.912-0100: 561.706: Total time for which application threads were stopped: 0.0009396 seconds, Stopping threads took: 0.0000160 seconds
2015-04-14T20:11:11.563-0100: 562.358: [GC (Allocation Failure) 
Desired survivor size 524288 bytes, new threshold 15 (max 15)
[PSYoungGen: 2336K->256K(2560K)] 12278K->10198K(13824K), 0.0008146 secs] [Times: user=0.00 sys=0.00, real=0.00 secs] 
2015-04-14T20:11:11.564-0100: 562.359: Total time for which application threads were stopped: 0.0009555 seconds, Stopping threads took: 0.0000155 seconds
2015-04-14T20:11:12.148-0100: 562.942: [GC (Allocation Failure) 
Desired survivor size 524288 bytes, new threshold 15 (max 15)
[PSYoungGen: 2304K->224K(2560K)] 12246K->10182K(13824K), 0.0008434 secs] [Times: user=0.00 sys=0.00, real=0.00 secs] 
2015-04-14T20:11:12.149-0100: 562.943: Total time for which application threads were stopped: 0.0009979 seconds, Stopping threads took: 0.0000137 seconds
2015-04-14T20:11:12.900-0100: 563.694: [GC (Allocation Failure) 
Desired survivor size 524288 bytes, new threshold 15 (max 15)
[PSYoungGen: 2272K->256K(2560K)] 12230K->10238K(13824K), 0.0010934 secs] [Times: user=0.00 sys=0.00, real=0.00 secs] 
2015-04-14T20:11:12.901-0100: 563.695: Total time for which application threads were stopped: 0.0012752 seconds, Stopping threads took: 0.0000215 seconds
2015-04-14T20:11:13.670-0100: 564.465: [GC (Allocation Failure) 
Desired survivor size 524288 bytes, new threshold 15 (max 15)
[PSYoungGen: 2304K->288K(2560K)] 12286K->10270K(13824K), 0.0007951 secs] [Times: user=0.00 sys=0.00, real=0.00 secs] 
2015-04-14T20:11:13.671-0100: 564.466: Total time for which application threads were stopped: 0.0009326 seconds, Stopping threads took: 0.0000150 seconds
2015-04-14T20:11:14.340-0100: 565.134: [GC (Allocation Failure) 
Desired survivor size 524288 bytes, new threshold 15 (max 15)
[PSYoungGen: 2336K->256K(2560K)] 12318K->10246K(13824K), 0.0011093 secs] [Times: user=0.00 sys=0.00, real=0.00 secs] 
2015-04-14T20:11:14.341-0100: 565.135: Total time for which application threads were stopped: 0.0013060 seconds, Stopping threads took: 0.0000224 seconds
2015-04-14T20:11:15.044-0100: 565.838: [GC (Allocation Failure) 
Desired survivor size 524288 bytes, new threshold 15 (max 15)
[PSYoungGen: 2304K->288K(2560K)] 12294K->10278K(13824K), 0.0009459 secs] [Times: user=0.00 sys=0.00, real=0.00 secs] 
2015-04-14T20:11:15.045-0100: 565.839: Total time for which application threads were stopped: 0.0011335 seconds, Stopping threads took: 0.0000198 seconds
2015-04-14T20:11:15.712-0100: 566.506: [GC (Allocation Failure) 
Desired survivor size 524288 bytes, new threshold 15 (max 15)
[PSYoungGen: 2336K->256K(2560K)] 12326K->10246K(13824K), 0.0010777 secs] [Times: user=0.00 sys=0.00, real=0.00 secs] 
2015-04-14T20:11:15.713-0100: 566.507: Total time for which application threads were stopped: 0.0012715 seconds, Stopping threads took: 0.0000239 seconds
2015-04-14T20:11:16.297-0100: 567.091: [GC (Allocation Failure) 
Desired survivor size 524288 bytes, new threshold 15 (max 15)
[PSYoungGen: 2304K->288K(2560K)] 12294K->10278K(13824K), 0.0010305 secs] [Times: user=0.00 sys=0.00, real=0.00 secs] 
2015-04-14T20:11:16.298-0100: 567.092: Total time for which application threads were stopped: 0.0012148 seconds, Stopping threads took: 0.0000208 seconds
2015-04-14T20:11:16.848-0100: 567.642: [GC (Allocation Failure) 
Desired survivor size 524288 bytes, new threshold 15 (max 15)
[PSYoungGen: 2336K->256K(2560K)] 12326K->10262K(13824K), 0.0007755 secs] [Times: user=0.01 sys=0.00, real=0.00 secs] 
2015-04-14T20:11:16.849-0100: 567.643: Total time for which application threads were stopped: 0.0009318 seconds, Stopping threads took: 0.0000171 seconds
2015-04-14T20:11:17.633-0100: 568.428: [GC (Allocation Failure) 
Desired survivor size 524288 bytes, new threshold 15 (max 15)
[PSYoungGen: 2304K->256K(2560K)] 12310K->10270K(13824K), 0.0008065 secs] [Times: user=0.01 sys=0.00, real=0.00 secs] 
2015-04-14T20:11:17.634-0100: 568.428: Total time for which application threads were stopped: 0.0009762 seconds, Stopping threads took: 0.0000171 seconds
2015-04-14T20:11:18.203-0100: 568.997: [GC (Allocation Failure) 
Desired survivor size 524288 bytes, new threshold 15 (max 15)
[PSYoungGen: 2304K->288K(2560K)] 12318K->10334K(13824K), 0.0010577 secs] [Times: user=0.00 sys=0.00, real=0.00 secs] 
2015-04-14T20:11:18.204-0100: 568.998: Total time for which application threads were stopped: 0.0012705 seconds, Stopping threads took: 0.0000212 seconds
2015-04-14T20:11:18.871-0100: 569.665: [GC (Allocation Failure) 
Desired survivor size 524288 bytes, new threshold 15 (max 15)
[PSYoungGen: 2336K->288K(2560K)] 12382K->10342K(13824K), 0.0011195 secs] [Times: user=0.00 sys=0.00, real=0.00 secs] 
2015-04-14T20:11:18.872-0100: 569.666: Total time for which application threads were stopped: 0.0013267 seconds, Stopping threads took: 0.0000219 seconds
2015-04-14T20:11:19.523-0100: 570.317: [GC (Allocation Failure) 
Desired survivor size 524288 bytes, new threshold 15 (max 15)
[PSYoungGen: 2336K->288K(2560K)] 12390K->10350K(13824K), 0.0010303 secs] [Times: user=0.00 sys=0.00, real=0.00 secs] 
2015-04-14T20:11:19.524-0100: 570.318: Total time for which application threads were stopped: 0.0012240 seconds, Stopping threads took: 0.0000190 seconds
2015-04-14T20:11:20.044-0100: 570.839: [GC (Allocation Failure) 
Desired survivor size 524288 bytes, new threshold 15 (max 15)
[PSYoungGen: 2336K->256K(2560K)] 12398K->10318K(13824K), 0.0010238 secs] [Times: user=0.00 sys=0.00, real=0.00 secs] 
2015-04-14T20:11:20.045-0100: 570.840: Total time for which application threads were stopped: 0.0011969 seconds, Stopping threads took: 0.0000217 seconds
2015-04-14T20:11:20.759-0100: 571.554: [GC (Allocation Failure) 
Desired survivor size 524288 bytes, new threshold 15 (max 15)
[PSYoungGen: 2304K->256K(2560K)] 12366K->10334K(13824K), 0.0008116 secs] [Times: user=0.00 sys=0.00, real=0.01 secs] 
2015-04-14T20:11:20.760-0100: 571.554: Total time for which application threads were stopped: 0.0009567 seconds, Stopping threads took: 0.0000153 seconds
2015-04-14T20:11:21.461-0100: 572.255: [GC (Allocation Failure) 
Desired survivor size 524288 bytes, new threshold 15 (max 15)
[PSYoungGen: 2304K->256K(2560K)] 12382K->10334K(13824K), 0.0007989 secs] [Times: user=0.00 sys=0.00, real=0.00 secs] 
2015-04-14T20:11:21.462-0100: 572.256: Total time for which application threads were stopped: 0.0009489 seconds, Stopping threads took: 0.0000203 seconds
2015-04-14T20:11:21.878-0100: 572.673: [GC (Allocation Failure) 
Desired survivor size 524288 bytes, new threshold 15 (max 15)
[PSYoungGen: 2304K->192K(2560K)] 12382K->10294K(13824K), 0.0008445 secs] [Times: user=0.01 sys=0.00, real=0.00 secs] 
2015-04-14T20:11:21.879-0100: 572.674: Total time for which application threads were stopped: 0.0009946 seconds, Stopping threads took: 0.0000161 seconds
2015-04-14T20:11:22.649-0100: 573.443: [GC (Allocation Failure) 
Desired survivor size 524288 bytes, new threshold 15 (max 15)
[PSYoungGen: 2240K->288K(2560K)] 12342K->10398K(13824K), 0.0007744 secs] [Times: user=0.00 sys=0.00, real=0.01 secs] 
2015-04-14T20:11:22.650-0100: 573.444: Total time for which application threads were stopped: 0.0009215 seconds, Stopping threads took: 0.0000155 seconds
2015-04-14T20:11:23.283-0100: 574.078: [GC (Allocation Failure) 
Desired survivor size 524288 bytes, new threshold 15 (max 15)
[PSYoungGen: 2336K->256K(2560K)] 12446K->10382K(13824K), 0.0007902 secs] [Times: user=0.01 sys=0.00, real=0.00 secs] 
2015-04-14T20:11:23.284-0100: 574.079: Total time for which application threads were stopped: 0.0009337 seconds, Stopping threads took: 0.0000176 seconds
2015-04-14T20:11:24.045-0100: 574.839: [GC (Allocation Failure) 
Desired survivor size 524288 bytes, new threshold 15 (max 15)
[PSYoungGen: 2304K->288K(2560K)] 12430K->10454K(13824K), 0.0011352 secs] [Times: user=0.00 sys=0.00, real=0.00 secs] 
2015-04-14T20:11:24.046-0100: 574.840: Total time for which application threads were stopped: 0.0013345 seconds, Stopping threads took: 0.0000222 seconds
2015-04-14T20:11:24.723-0100: 575.517: [GC (Allocation Failure) 
Desired survivor size 524288 bytes, new threshold 15 (max 15)
[PSYoungGen: 2336K->224K(2560K)] 12502K->10414K(13824K), 0.0009326 secs] [Times: user=0.01 sys=0.00, real=0.00 secs] 
2015-04-14T20:11:24.724-0100: 575.518: Total time for which application threads were stopped: 0.0010922 seconds, Stopping threads took: 0.0000157 seconds
2015-04-14T20:11:25.475-0100: 576.270: [GC (Allocation Failure) 
Desired survivor size 524288 bytes, new threshold 15 (max 15)
[PSYoungGen: 2272K->288K(2560K)] 12462K->10478K(13824K), 0.0008373 secs] [Times: user=0.01 sys=0.00, real=0.00 secs] 
2015-04-14T20:11:25.476-0100: 576.271: Total time for which application threads were stopped: 0.0009778 seconds, Stopping threads took: 0.0000177 seconds
2015-04-14T20:11:26.109-0100: 576.904: [GC (Allocation Failure) 
Desired survivor size 524288 bytes, new threshold 15 (max 15)
[PSYoungGen: 2336K->288K(2560K)] 12526K->10478K(13824K), 0.0008512 secs] [Times: user=0.00 sys=0.00, real=0.01 secs] 
2015-04-14T20:11:26.110-0100: 576.904: Total time for which application threads were stopped: 0.0010191 seconds, Stopping threads took: 0.0000179 seconds
2015-04-14T20:11:26.957-0100: 577.752: [GC (Allocation Failure) 
Desired survivor size 524288 bytes, new threshold 15 (max 15)
[PSYoungGen: 2336K->256K(2560K)] 12526K->10454K(13824K), 0.0009481 secs] [Times: user=0.00 sys=0.00, real=0.00 secs] 
2015-04-14T20:11:26.958-0100: 577.753: Total time for which application threads were stopped: 0.0011191 seconds, Stopping threads took: 0.0000169 seconds
2015-04-14T20:11:27.630-0100: 578.425: [GC (Allocation Failure) 
Desired survivor size 524288 bytes, new threshold 14 (max 15)
[PSYoungGen: 2304K->256K(2560K)] 12502K->10454K(13824K), 0.0064735 secs] [Times: user=0.00 sys=0.00, real=0.00 secs] 
2015-04-14T20:11:27.637-0100: 578.432: Total time for which application threads were stopped: 0.0066759 seconds, Stopping threads took: 0.0000185 seconds
2015-04-14T20:11:28.251-0100: 579.046: [GC (Allocation Failure) 
Desired survivor size 524288 bytes, new threshold 13 (max 15)
[PSYoungGen: 2304K->288K(2560K)] 12502K->10510K(13824K), 0.0108939 secs] [Times: user=0.00 sys=0.00, real=0.01 secs] 
2015-04-14T20:11:28.262-0100: 579.057: Total time for which application threads were stopped: 0.0111116 seconds, Stopping threads took: 0.0000198 seconds
2015-04-14T20:11:29.002-0100: 579.796: [GC (Allocation Failure) 
Desired survivor size 524288 bytes, new threshold 12 (max 15)
[PSYoungGen: 2336K->288K(2560K)] 12558K->10550K(13824K), 0.0008308 secs] [Times: user=0.01 sys=0.00, real=0.00 secs] 
2015-04-14T20:11:29.003-0100: 579.797: Total time for which application threads were stopped: 0.0009845 seconds, Stopping threads took: 0.0000154 seconds
2015-04-14T20:11:29.688-0100: 580.482: [GC (Allocation Failure) 
Desired survivor size 524288 bytes, new threshold 11 (max 15)
[PSYoungGen: 2336K->256K(2560K)] 12598K->10542K(13824K), 0.0008324 secs] [Times: user=0.00 sys=0.00, real=0.00 secs] 
2015-04-14T20:11:29.689-0100: 580.483: Total time for which application threads were stopped: 0.0009835 seconds, Stopping threads took: 0.0000171 seconds
2015-04-14T20:11:30.338-0100: 581.133: [GC (Allocation Failure) 
Desired survivor size 524288 bytes, new threshold 10 (max 15)
[PSYoungGen: 2304K->288K(2560K)] 12590K->10614K(13824K), 0.0007620 secs] [Times: user=0.01 sys=0.00, real=0.00 secs] 
2015-04-14T20:11:30.339-0100: 581.134: Total time for which application threads were stopped: 0.0009077 seconds, Stopping threads took: 0.0000144 seconds
2015-04-14T20:11:31.044-0100: 581.839: [GC (Allocation Failure) 
Desired survivor size 524288 bytes, new threshold 9 (max 15)
[PSYoungGen: 2336K->256K(2560K)] 12662K->10606K(13824K), 0.0008940 secs] [Times: user=0.00 sys=0.00, real=0.00 secs] 
2015-04-14T20:11:31.045-0100: 581.840: Total time for which application threads were stopped: 0.0010462 seconds, Stopping threads took: 0.0000160 seconds
2015-04-14T20:11:31.743-0100: 582.537: [GC (Allocation Failure) 
Desired survivor size 524288 bytes, new threshold 8 (max 15)
[PSYoungGen: 2304K->224K(2560K)] 12654K->10614K(13824K), 0.0008243 secs] [Times: user=0.01 sys=0.00, real=0.00 secs] 
2015-04-14T20:11:31.744-0100: 582.538: Total time for which application threads were stopped: 0.0009773 seconds, Stopping threads took: 0.0000178 seconds
2015-04-14T20:11:32.395-0100: 583.190: [GC (Allocation Failure) 
Desired survivor size 524288 bytes, new threshold 8 (max 15)
[PSYoungGen: 2272K->224K(2560K)] 12662K->10646K(13824K), 0.0008201 secs] [Times: user=0.01 sys=0.00, real=0.00 secs] 
2015-04-14T20:11:32.396-0100: 583.191: Total time for which application threads were stopped: 0.0009911 seconds, Stopping threads took: 0.0000158 seconds
2015-04-14T20:11:33.048-0100: 583.842: Total time for which application threads were stopped: 0.0000849 seconds, Stopping threads took: 0.0000173 seconds
2015-04-14T20:11:33.048-0100: 583.842: [GC (GCLocker Initiated GC) 
Desired survivor size 524288 bytes, new threshold 9 (max 15)
[PSYoungGen: 2272K->288K(2560K)] 12694K->10718K(13824K), 0.0007717 secs] [Times: user=0.01 sys=0.00, real=0.00 secs] 
2015-04-14T20:11:33.049-0100: 583.843: Total time for which application threads were stopped: 0.0008976 seconds, Stopping threads took: 0.0000090 seconds
2015-04-14T20:11:33.783-0100: 584.578: [GC (Allocation Failure) 
Desired survivor size 524288 bytes, new threshold 10 (max 15)
[PSYoungGen: 2336K->288K(2560K)] 12769K->10721K(13824K), 0.0008188 secs] [Times: user=0.00 sys=0.00, real=0.00 secs] 
2015-04-14T20:11:33.784-0100: 584.579: Total time for which application threads were stopped: 0.0009596 seconds, Stopping threads took: 0.0000176 seconds
2015-04-14T20:11:34.519-0100: 585.313: [GC (Allocation Failure) 
Desired survivor size 524288 bytes, new threshold 11 (max 15)
[PSYoungGen: 2336K->288K(2560K)] 12769K->10721K(13824K), 0.0008542 secs] [Times: user=0.00 sys=0.00, real=0.01 secs] 
2015-04-14T20:11:34.520-0100: 585.314: Total time for which application threads were stopped: 0.0010252 seconds, Stopping threads took: 0.0000272 seconds
2015-04-14T20:11:35.074-0100: 585.868: [GC (Allocation Failure) 
Desired survivor size 524288 bytes, new threshold 12 (max 15)
[PSYoungGen: 2336K->288K(2560K)] 12769K->10721K(13824K), 0.0008049 secs] [Times: user=0.00 sys=0.00, real=0.00 secs] 
2015-04-14T20:11:35.074-0100: 585.869: Total time for which application threads were stopped: 0.0009560 seconds, Stopping threads took: 0.0000159 seconds
2015-04-14T20:11:35.923-0100: 586.718: [GC (Allocation Failure) 
Desired survivor size 524288 bytes, new threshold 13 (max 15)
[PSYoungGen: 2336K->256K(2560K)] 12769K->10689K(13824K), 0.0009346 secs] [Times: user=0.00 sys=0.00, real=0.00 secs] 
2015-04-14T20:11:35.924-0100: 586.719: Total time for which application threads were stopped: 0.0011251 seconds, Stopping threads took: 0.0000156 seconds
2015-04-14T20:11:36.508-0100: 587.303: [GC (Allocation Failure) 
Desired survivor size 524288 bytes, new threshold 14 (max 15)
[PSYoungGen: 2304K->256K(2560K)] 12737K->10689K(13824K), 0.0007940 secs] [Times: user=0.00 sys=0.00, real=0.00 secs] 
2015-04-14T20:11:36.509-0100: 587.303: Total time for which application threads were stopped: 0.0009471 seconds, Stopping threads took: 0.0000169 seconds
2015-04-14T20:11:37.062-0100: 587.856: [GC (Allocation Failure) 
Desired survivor size 524288 bytes, new threshold 15 (max 15)
[PSYoungGen: 2304K->288K(2560K)] 12737K->10721K(13824K), 0.0009557 secs] [Times: user=0.00 sys=0.00, real=0.00 secs] 
2015-04-14T20:11:37.063-0100: 587.858: Total time for which application threads were stopped: 0.0011299 seconds, Stopping threads took: 0.0000191 seconds
2015-04-14T20:11:37.763-0100: 588.558: [GC (Allocation Failure) 
Desired survivor size 524288 bytes, new threshold 15 (max 15)
[PSYoungGen: 2336K->256K(2560K)] 12769K->10689K(13824K), 0.0008801 secs] [Times: user=0.01 sys=0.00, real=0.00 secs] 
2015-04-14T20:11:37.764-0100: 588.559: Total time for which application threads were stopped: 0.0010601 seconds, Stopping threads took: 0.0000205 seconds
2015-04-14T20:11:38.130-0100: 588.925: [GC (Allocation Failure) 
Desired survivor size 524288 bytes, new threshold 15 (max 15)
[PSYoungGen: 2304K->256K(2560K)] 12737K->10689K(13824K), 0.0009206 secs] [Times: user=0.01 sys=0.00, real=0.00 secs] 
2015-04-14T20:11:38.131-0100: 588.926: Total time for which application threads were stopped: 0.0010958 seconds, Stopping threads took: 0.0000208 seconds
2015-04-14T20:11:38.983-0100: 589.778: [GC (Allocation Failure) 
Desired survivor size 524288 bytes, new threshold 15 (max 15)
[PSYoungGen: 2304K->288K(2560K)] 12737K->10729K(13824K), 0.0008186 secs] [Times: user=0.00 sys=0.00, real=0.00 secs] 
2015-04-14T20:11:38.984-0100: 589.779: Total time for which application threads were stopped: 0.0009874 seconds, Stopping threads took: 0.0000173 seconds
2015-04-14T20:11:39.668-0100: 590.463: [GC (Allocation Failure) 
Desired survivor size 524288 bytes, new threshold 15 (max 15)
[PSYoungGen: 2336K->256K(2560K)] 12777K->10697K(13824K), 0.0010405 secs] [Times: user=0.00 sys=0.00, real=0.00 secs] 
2015-04-14T20:11:39.669-0100: 590.464: Total time for which application threads were stopped: 0.0012263 seconds, Stopping threads took: 0.0000214 seconds
2015-04-14T20:11:40.188-0100: 590.982: [GC (Allocation Failure) 
Desired survivor size 524288 bytes, new threshold 15 (max 15)
[PSYoungGen: 2304K->288K(2560K)] 12745K->10729K(13824K), 0.0009702 secs] [Times: user=0.00 sys=0.00, real=0.00 secs] 
2015-04-14T20:11:40.189-0100: 590.983: Total time for which application threads were stopped: 0.0011579 seconds, Stopping threads took: 0.0000220 seconds
2015-04-14T20:11:40.991-0100: 591.785: [GC (Allocation Failure) 
Desired survivor size 524288 bytes, new threshold 15 (max 15)
[PSYoungGen: 2336K->256K(2560K)] 12777K->10697K(13824K), 0.0010079 secs] [Times: user=0.01 sys=0.00, real=0.00 secs] 
2015-04-14T20:11:40.992-0100: 591.786: Total time for which application threads were stopped: 0.0011982 seconds, Stopping threads took: 0.0000220 seconds
2015-04-14T20:11:41.292-0100: 592.087: [GC (Allocation Failure) 
Desired survivor size 524288 bytes, new threshold 15 (max 15)
[PSYoungGen: 2304K->288K(2560K)] 12745K->10729K(13824K), 0.0009508 secs] [Times: user=0.00 sys=0.00, real=0.00 secs] 
2015-04-14T20:11:41.293-0100: 592.088: Total time for which application threads were stopped: 0.0011305 seconds, Stopping threads took: 0.0000197 seconds
2015-04-14T20:11:42.045-0100: 592.840: [GC (Allocation Failure) 
Desired survivor size 524288 bytes, new threshold 15 (max 15)
[PSYoungGen: 2336K->288K(2560K)] 12777K->10737K(13824K), 0.0009648 secs] [Times: user=0.00 sys=0.00, real=0.00 secs] 
2015-04-14T20:11:42.046-0100: 592.841: Total time for which application threads were stopped: 0.0011503 seconds, Stopping threads took: 0.0000195 seconds
2015-04-14T20:11:42.763-0100: 593.558: [GC (Allocation Failure) 
Desired survivor size 524288 bytes, new threshold 15 (max 15)
[PSYoungGen: 2336K->288K(2560K)] 12785K->10737K(13824K), 0.0009575 secs] [Times: user=0.00 sys=0.00, real=0.00 secs] 
2015-04-14T20:11:42.764-0100: 593.559: Total time for which application threads were stopped: 0.0011317 seconds, Stopping threads took: 0.0000213 seconds
2015-04-14T20:11:43.347-0100: 594.142: [GC (Allocation Failure) 
Desired survivor size 524288 bytes, new threshold 15 (max 15)
[PSYoungGen: 2336K->288K(2560K)] 12785K->10769K(13824K), 0.0011565 secs] [Times: user=0.00 sys=0.00, real=0.00 secs] 
2015-04-14T20:11:43.348-0100: 594.143: Total time for which application threads were stopped: 0.0013456 seconds, Stopping threads took: 0.0000216 seconds
2015-04-14T20:11:44.045-0100: 594.840: [GC (Allocation Failure) 
Desired survivor size 524288 bytes, new threshold 15 (max 15)
[PSYoungGen: 2336K->256K(2560K)] 12817K->10761K(13824K), 0.0008242 secs] [Times: user=0.00 sys=0.00, real=0.00 secs] 
2015-04-14T20:11:44.046-0100: 594.841: Total time for which application threads were stopped: 0.0009664 seconds, Stopping threads took: 0.0000165 seconds
2015-04-14T20:11:44.585-0100: 595.380: [GC (Allocation Failure) 
Desired survivor size 524288 bytes, new threshold 15 (max 15)
[PSYoungGen: 2304K->256K(2560K)] 12809K->10785K(13824K), 0.0008698 secs] [Times: user=0.00 sys=0.00, real=0.00 secs] 
2015-04-14T20:11:44.586-0100: 595.381: Total time for which application threads were stopped: 0.0010364 seconds, Stopping threads took: 0.0000171 seconds
2015-04-14T20:11:45.058-0100: 595.853: [GC (Allocation Failure) 
Desired survivor size 524288 bytes, new threshold 15 (max 15)
[PSYoungGen: 2304K->288K(2560K)] 12833K->10857K(13824K), 0.0009442 secs] [Times: user=0.00 sys=0.00, real=0.00 secs] 
2015-04-14T20:11:45.059-0100: 595.854: Total time for which application threads were stopped: 0.0011427 seconds, Stopping threads took: 0.0000179 seconds
2015-04-14T20:11:45.778-0100: 596.573: [GC (Allocation Failure) 
Desired survivor size 524288 bytes, new threshold 15 (max 15)
[PSYoungGen: 2336K->288K(2560K)] 12905K->10905K(13824K), 0.0010121 secs] [Times: user=0.00 sys=0.00, real=0.00 secs] 
2015-04-14T20:11:45.779-0100: 596.574: Total time for which application threads were stopped: 0.0011824 seconds, Stopping threads took: 0.0000193 seconds
2015-04-14T20:11:46.325-0100: 597.120: [GC (Allocation Failure) 
Desired survivor size 524288 bytes, new threshold 15 (max 15)
[PSYoungGen: 2336K->288K(2560K)] 12953K->10937K(13824K), 0.0009792 secs] [Times: user=0.00 sys=0.00, real=0.00 secs] 
2015-04-14T20:11:46.326-0100: 597.121: Total time for which application threads were stopped: 0.0011472 seconds, Stopping threads took: 0.0000196 seconds
2015-04-14T20:11:47.044-0100: 597.839: [GC (Allocation Failure) 
Desired survivor size 524288 bytes, new threshold 15 (max 15)
[PSYoungGen: 2336K->224K(2560K)] 12985K->10905K(13824K), 0.0008450 secs] [Times: user=0.00 sys=0.00, real=0.00 secs] 
2015-04-14T20:11:47.045-0100: 597.840: Total time for which application threads were stopped: 0.0009967 seconds, Stopping threads took: 0.0000177 seconds
2015-04-14T20:11:47.727-0100: 598.522: [GC (Allocation Failure) 
Desired survivor size 524288 bytes, new threshold 15 (max 15)
[PSYoungGen: 2272K->256K(2560K)] 12953K->10953K(13824K), 0.0008729 secs] [Times: user=0.01 sys=0.00, real=0.00 secs] 
2015-04-14T20:11:47.728-0100: 598.523: Total time for which application threads were stopped: 0.0010344 seconds, Stopping threads took: 0.0000178 seconds
2015-04-14T20:11:48.347-0100: 599.142: [GC (Allocation Failure) 
Desired survivor size 524288 bytes, new threshold 15 (max 15)
[PSYoungGen: 2304K->288K(2560K)] 13001K->10985K(13824K), 0.0008791 secs] [Times: user=0.00 sys=0.00, real=0.00 secs] 
2015-04-14T20:11:48.348-0100: 599.143: Total time for which application threads were stopped: 0.0010533 seconds, Stopping threads took: 0.0000193 seconds
2015-04-14T20:11:49.045-0100: 599.840: [GC (Allocation Failure) 
Desired survivor size 524288 bytes, new threshold 15 (max 15)
[PSYoungGen: 2336K->288K(2560K)] 13033K->11001K(13824K), 0.0009175 secs] [Times: user=0.00 sys=0.00, real=0.00 secs] 
2015-04-14T20:11:49.046-0100: 599.841: Total time for which application threads were stopped: 0.0010912 seconds, Stopping threads took: 0.0000180 seconds
2015-04-14T20:11:49.769-0100: 600.564: [GC (Allocation Failure) 
Desired survivor size 524288 bytes, new threshold 15 (max 15)
[PSYoungGen: 2336K->288K(2560K)] 13049K->11009K(13824K), 0.0010229 secs] [Times: user=0.00 sys=0.00, real=0.01 secs] 
2015-04-14T20:11:49.770-0100: 600.565: Total time for which application threads were stopped: 0.0012147 seconds, Stopping threads took: 0.0000210 seconds
2015-04-14T20:11:50.448-0100: 601.243: [GC (Allocation Failure) 
Desired survivor size 524288 bytes, new threshold 15 (max 15)
[PSYoungGen: 2336K->256K(2560K)] 13057K->10977K(13824K), 0.0009444 secs] [Times: user=0.00 sys=0.00, real=0.00 secs] 
2015-04-14T20:11:50.449-0100: 601.244: Total time for which application threads were stopped: 0.0011318 seconds, Stopping threads took: 0.0000211 seconds
2015-04-14T20:11:51.022-0100: 601.817: [GC (Allocation Failure) 
Desired survivor size 524288 bytes, new threshold 15 (max 15)
[PSYoungGen: 2304K->288K(2560K)] 13025K->11057K(13824K), 0.0008382 secs] [Times: user=0.00 sys=0.00, real=0.00 secs] 
2015-04-14T20:11:51.023-0100: 601.818: Total time for which application threads were stopped: 0.0009846 seconds, Stopping threads took: 0.0000174 seconds
2015-04-14T20:11:51.606-0100: 602.401: [GC (Allocation Failure) 
Desired survivor size 524288 bytes, new threshold 15 (max 15)
[PSYoungGen: 2336K->256K(2560K)] 13105K->11025K(13824K), 0.0009763 secs] [Times: user=0.01 sys=0.00, real=0.00 secs] 
2015-04-14T20:11:51.607-0100: 602.402: Total time for which application threads were stopped: 0.0011455 seconds, Stopping threads took: 0.0000184 seconds
2015-04-14T20:11:52.275-0100: 603.070: [GC (Allocation Failure) 
Desired survivor size 524288 bytes, new threshold 15 (max 15)
[PSYoungGen: 2304K->288K(2560K)] 13073K->11057K(13824K), 0.0016338 secs] [Times: user=0.00 sys=0.00, real=0.00 secs] 
2015-04-14T20:11:52.277-0100: 603.072: Total time for which application threads were stopped: 0.0017983 seconds, Stopping threads took: 0.0000189 seconds
2015-04-14T20:11:53.044-0100: 603.839: [GC (Allocation Failure) 
Desired survivor size 524288 bytes, new threshold 15 (max 15)
[PSYoungGen: 2336K->224K(2560K)] 13105K->10993K(13824K), 0.0009582 secs] [Times: user=0.00 sys=0.00, real=0.00 secs] 
2015-04-14T20:11:53.045-0100: 603.840: Total time for which application threads were stopped: 0.0011472 seconds, Stopping threads took: 0.0000247 seconds
2015-04-14T20:11:53.630-0100: 604.425: [GC (Allocation Failure) 
Desired survivor size 524288 bytes, new threshold 15 (max 15)
[PSYoungGen: 2272K->288K(2560K)] 13041K->11057K(13824K), 0.0008645 secs] [Times: user=0.00 sys=0.00, real=0.00 secs] 
2015-04-14T20:11:53.631-0100: 604.426: Total time for which application threads were stopped: 0.0010147 seconds, Stopping threads took: 0.0000179 seconds
2015-04-14T20:11:54.383-0100: 605.178: [GC (Allocation Failure) 
Desired survivor size 524288 bytes, new threshold 15 (max 15)
[PSYoungGen: 2336K->288K(2560K)] 13105K->11089K(13824K), 0.0009136 secs] [Times: user=0.00 sys=0.00, real=0.00 secs] 
2015-04-14T20:11:54.384-0100: 605.179: Total time for which application threads were stopped: 0.0011049 seconds, Stopping threads took: 0.0000203 seconds
2015-04-14T20:11:55.065-0100: 605.860: [GC (Allocation Failure) 
Desired survivor size 524288 bytes, new threshold 15 (max 15)
[PSYoungGen: 2336K->288K(2560K)] 13137K->11121K(13824K), 0.0009167 secs] [Times: user=0.00 sys=0.00, real=0.00 secs] 
2015-04-14T20:11:55.066-0100: 605.861: Total time for which application threads were stopped: 0.0010969 seconds, Stopping threads took: 0.0000207 seconds
2015-04-14T20:11:55.751-0100: 606.546: [GC (Allocation Failure) 
Desired survivor size 524288 bytes, new threshold 15 (max 15)
[PSYoungGen: 2336K->256K(2560K)] 13169K->11089K(13824K), 0.0010010 secs] [Times: user=0.00 sys=0.00, real=0.00 secs] 
2015-04-14T20:11:55.753-0100: 606.547: Total time for which application threads were stopped: 0.0012082 seconds, Stopping threads took: 0.0000349 seconds
2015-04-14T20:11:56.421-0100: 607.216: [GC (Allocation Failure) 
Desired survivor size 524288 bytes, new threshold 15 (max 15)
[PSYoungGen: 2304K->256K(2560K)] 13137K->11089K(13824K), 0.0008004 secs] [Times: user=0.00 sys=0.00, real=0.00 secs] 
2015-04-14T20:11:56.422-0100: 607.217: Total time for which application threads were stopped: 0.0009422 seconds, Stopping threads took: 0.0000162 seconds
2015-04-14T20:11:57.178-0100: 607.973: [GC (Allocation Failure) 
Desired survivor size 524288 bytes, new threshold 15 (max 15)
[PSYoungGen: 2304K->256K(2560K)] 13137K->11089K(13824K), 0.0010777 secs] [Times: user=0.01 sys=0.00, real=0.00 secs] 
2015-04-14T20:11:57.179-0100: 607.974: Total time for which application threads were stopped: 0.0012793 seconds, Stopping threads took: 0.0000210 seconds
2015-04-14T20:11:57.959-0100: 608.754: [GC (Allocation Failure) 
Desired survivor size 524288 bytes, new threshold 15 (max 15)
[PSYoungGen: 2304K->288K(2560K)] 13137K->11145K(13824K), 0.0010987 secs] [Times: user=0.01 sys=0.00, real=0.01 secs] 
2015-04-14T20:11:57.960-0100: 608.755: Total time for which application threads were stopped: 0.0012978 seconds, Stopping threads took: 0.0000222 seconds
2015-04-14T20:11:58.698-0100: 609.493: [GC (Allocation Failure) 
Desired survivor size 524288 bytes, new threshold 15 (max 15)
[PSYoungGen: 2336K->288K(2560K)] 13193K->11169K(13824K), 0.0007798 secs] [Times: user=0.00 sys=0.00, real=0.00 secs] 
2015-04-14T20:11:58.699-0100: 609.494: Total time for which application threads were stopped: 0.0009301 seconds, Stopping threads took: 0.0000166 seconds
2015-04-14T20:11:59.484-0100: 610.279: [GC (Allocation Failure) 
Desired survivor size 524288 bytes, new threshold 15 (max 15)
[PSYoungGen: 2336K->288K(2560K)] 13217K->11185K(13824K), 0.0008734 secs] [Times: user=0.00 sys=0.00, real=0.00 secs] 
2015-04-14T20:11:59.485-0100: 610.280: Total time for which application threads were stopped: 0.0010235 seconds, Stopping threads took: 0.0000175 seconds
2015-04-14T20:12:00.186-0100: 610.981: [GC (Allocation Failure) 
Desired survivor size 524288 bytes, new threshold 15 (max 15)
[PSYoungGen: 2336K->288K(2560K)] 13233K->11209K(13824K), 0.0010535 secs] [Times: user=0.00 sys=0.00, real=0.00 secs] 
2015-04-14T20:12:00.187-0100: 610.982: Total time for which application threads were stopped: 0.0012524 seconds, Stopping threads took: 0.0000221 seconds
2015-04-14T20:12:00.868-0100: 611.663: [GC (Allocation Failure) 
Desired survivor size 524288 bytes, new threshold 15 (max 15)
[PSYoungGen: 2336K->288K(2560K)] 13257K->11233K(13824K), 0.0010106 secs] [Times: user=0.00 sys=0.00, real=0.00 secs] 
2015-04-14T20:12:00.869-0100: 611.664: Total time for which application threads were stopped: 0.0012003 seconds, Stopping threads took: 0.0000297 seconds
2015-04-14T20:12:01.636-0100: 612.431: [GC (Allocation Failure) 
Desired survivor size 524288 bytes, new threshold 15 (max 15)
[PSYoungGen: 2336K->256K(2560K)] 13281K->11209K(13824K), 0.0008705 secs] [Times: user=0.00 sys=0.00, real=0.00 secs] 
2015-04-14T20:12:01.637-0100: 612.432: Total time for which application threads were stopped: 0.0010767 seconds, Stopping threads took: 0.0000204 seconds
2015-04-14T20:12:02.523-0100: 613.318: [GC (Allocation Failure) 
Desired survivor size 524288 bytes, new threshold 15 (max 15)
[PSYoungGen: 2304K->224K(2560K)] 13257K->11201K(13824K), 0.0007963 secs] [Times: user=0.00 sys=0.00, real=0.00 secs] 
2015-04-14T20:12:02.524-0100: 613.319: Total time for which application threads were stopped: 0.0009383 seconds, Stopping threads took: 0.0000154 seconds
2015-04-14T20:12:03.108-0100: 613.903: [GC (Allocation Failure) 
Desired survivor size 524288 bytes, new threshold 15 (max 15)
[PSYoungGen: 2272K->288K(2560K)] 13249K->11265K(13824K), 0.0007896 secs] [Times: user=0.00 sys=0.00, real=0.00 secs] 
2015-04-14T20:12:03.109-0100: 613.904: Total time for which application threads were stopped: 0.0009321 seconds, Stopping threads took: 0.0000141 seconds
2015-04-14T20:12:03.762-0100: 614.557: [GC (Allocation Failure) 
Desired survivor size 524288 bytes, new threshold 15 (max 15)
[PSYoungGen: 2336K->256K(2560K)] 13313K->11249K(13824K), 0.0008561 secs] [Times: user=0.00 sys=0.00, real=0.00 secs] 
2015-04-14T20:12:03.763-0100: 614.558: Total time for which application threads were stopped: 0.0010125 seconds, Stopping threads took: 0.0000174 seconds
2015-04-14T20:12:04.579-0100: 615.374: [GC (Allocation Failure) 
Desired survivor size 524288 bytes, new threshold 15 (max 15)
[PSYoungGen: 2304K->288K(2560K)] 13297K->11289K(13824K), 0.0009632 secs] [Times: user=0.00 sys=0.00, real=0.01 secs] 
2015-04-14T20:12:04.580-0100: 615.375: Total time for which application threads were stopped: 0.0011329 seconds, Stopping threads took: 0.0000190 seconds
2015-04-14T20:12:05.284-0100: 616.079: [GC (Allocation Failure) 
Desired survivor size 524288 bytes, new threshold 15 (max 15)
[PSYoungGen: 2336K->256K(2560K)] 13337K->11257K(13824K), 0.0010925 secs] [Times: user=0.00 sys=0.00, real=0.00 secs] 
2015-04-14T20:12:05.285-0100: 616.080: Total time for which application threads were stopped: 0.0012803 seconds, Stopping threads took: 0.0000199 seconds
2015-04-14T20:12:05.899-0100: 616.694: [GC (Allocation Failure) 
Desired survivor size 524288 bytes, new threshold 15 (max 15)
[PSYoungGen: 2304K->256K(2560K)] 13305K->11273K(13824K), 0.0011515 secs] [Times: user=0.01 sys=0.00, real=0.01 secs] 
2015-04-14T20:12:05.901-0100: 616.696: Total time for which application threads were stopped: 0.0013443 seconds, Stopping threads took: 0.0000204 seconds
2015-04-14T20:12:06.654-0100: 617.449: [GC (Allocation Failure) 
Desired survivor size 524288 bytes, new threshold 15 (max 15)
[PSYoungGen: 2304K->256K(2560K)] 13321K->11281K(13824K), 0.0010636 secs] [Times: user=0.00 sys=0.00, real=0.00 secs] 
2015-04-14T20:12:06.655-0100: 617.450: Total time for which application threads were stopped: 0.0012801 seconds, Stopping threads took: 0.0000189 seconds
2015-04-14T20:12:07.407-0100: 618.202: [GC (Allocation Failure) 
Desired survivor size 524288 bytes, new threshold 15 (max 15)
[PSYoungGen: 2304K->288K(2560K)] 13329K->11313K(13824K), 0.0010683 secs] [Times: user=0.01 sys=0.00, real=0.00 secs] 
2015-04-14T20:12:07.408-0100: 618.203: Total time for which application threads were stopped: 0.0012717 seconds, Stopping threads took: 0.0000210 seconds
2015-04-14T20:12:07.975-0100: 618.771: [GC (Allocation Failure) 
Desired survivor size 524288 bytes, new threshold 15 (max 15)
[PSYoungGen: 2336K->288K(2560K)] 13361K->11313K(13824K), 0.0008576 secs] [Times: user=0.01 sys=0.00, real=0.00 secs] 
2015-04-14T20:12:07.976-0100: 618.771: Total time for which application threads were stopped: 0.0009962 seconds, Stopping threads took: 0.0000165 seconds
2015-04-14T20:12:08.692-0100: 619.487: [GC (Allocation Failure) 
Desired survivor size 524288 bytes, new threshold 15 (max 15)
[PSYoungGen: 2336K->288K(2560K)] 13361K->11313K(13824K), 0.0010681 secs] [Times: user=0.01 sys=0.00, real=0.00 secs] 
2015-04-14T20:12:08.693-0100: 619.489: Total time for which application threads were stopped: 0.0012652 seconds, Stopping threads took: 0.0000209 seconds
2015-04-14T20:12:09.178-0100: 619.973: [GC (Allocation Failure) 
Desired survivor size 524288 bytes, new threshold 15 (max 15)
[PSYoungGen: 2336K->224K(2560K)] 13361K->11249K(13824K), 0.0008100 secs] [Times: user=0.01 sys=0.00, real=0.00 secs] 
2015-04-14T20:12:09.178-0100: 619.974: Total time for which application threads were stopped: 0.0009531 seconds, Stopping threads took: 0.0000156 seconds
2015-04-14T20:12:09.899-0100: 620.694: [GC (Allocation Failure) 
Desired survivor size 524288 bytes, new threshold 15 (max 15)
[PSYoungGen: 2272K->288K(2560K)] 13297K->11313K(13824K), 0.0010579 secs] [Times: user=0.01 sys=0.00, real=0.01 secs] 
2015-04-14T20:12:09.900-0100: 620.695: Total time for which application threads were stopped: 0.0012453 seconds, Stopping threads took: 0.0000204 seconds
2015-04-14T20:12:10.699-0100: 621.495: [GC (Allocation Failure) 
Desired survivor size 524288 bytes, new threshold 15 (max 15)
[PSYoungGen: 2336K->288K(2560K)] 13361K->11337K(13824K), 0.0009529 secs] [Times: user=0.00 sys=0.00, real=0.00 secs] 
2015-04-14T20:12:10.701-0100: 621.496: Total time for which application threads were stopped: 0.0011183 seconds, Stopping threads took: 0.0000186 seconds
2015-04-14T20:12:11.386-0100: 622.181: [GC (Allocation Failure) 
Desired survivor size 524288 bytes, new threshold 15 (max 15)
[PSYoungGen: 2336K->288K(2560K)] 13385K->11353K(13824K), 0.0011458 secs] [Times: user=0.00 sys=0.01, real=0.00 secs] 
2015-04-14T20:12:11.387-0100: 622.182: Total time for which application threads were stopped: 0.0013535 seconds, Stopping threads took: 0.0000225 seconds
2015-04-14T20:12:11.954-0100: 622.749: [GC (Allocation Failure) 
Desired survivor size 524288 bytes, new threshold 15 (max 15)
[PSYoungGen: 2336K->288K(2560K)] 13401K->11353K(13824K), 0.0008275 secs] [Times: user=0.00 sys=0.00, real=0.00 secs] 
2015-04-14T20:12:11.955-0100: 622.750: Total time for which application threads were stopped: 0.0009740 seconds, Stopping threads took: 0.0000158 seconds
2015-04-14T20:12:12.779-0100: 623.574: [GC (Allocation Failure) 
Desired survivor size 524288 bytes, new threshold 15 (max 15)
[PSYoungGen: 2336K->256K(2560K)] 13401K->11321K(13824K), 0.0010327 secs] [Times: user=0.00 sys=0.00, real=0.01 secs] 
2015-04-14T20:12:12.780-0100: 623.575: Total time for which application threads were stopped: 0.0012244 seconds, Stopping threads took: 0.0000199 seconds
2015-04-14T20:12:13.592-0100: 624.387: [GC (Allocation Failure) 
Desired survivor size 524288 bytes, new threshold 15 (max 15)
[PSYoungGen: 2304K->256K(2560K)] 13369K->11321K(13824K), 0.0008057 secs] [Times: user=0.00 sys=0.00, real=0.00 secs] 
2015-04-14T20:12:13.592-0100: 624.388: Total time for which application threads were stopped: 0.0009430 seconds, Stopping threads took: 0.0000158 seconds
2015-04-14T20:12:14.159-0100: 624.955: [GC (Allocation Failure) 
Desired survivor size 524288 bytes, new threshold 15 (max 15)
[PSYoungGen: 2304K->160K(2560K)] 13369K->11225K(13824K), 0.0009337 secs] [Times: user=0.01 sys=0.00, real=0.01 secs] 
2015-04-14T20:12:14.160-0100: 624.956: Total time for which application threads were stopped: 0.0011496 seconds, Stopping threads took: 0.0000680 seconds
2015-04-14T20:12:14.899-0100: 625.694: [GC (Allocation Failure) 
Desired survivor size 524288 bytes, new threshold 15 (max 15)
[PSYoungGen: 2208K->224K(2560K)] 13273K->11313K(13824K), 0.0008103 secs] [Times: user=0.00 sys=0.00, real=0.00 secs] 
2015-04-14T20:12:14.899-0100: 625.695: Total time for which application threads were stopped: 0.0009550 seconds, Stopping threads took: 0.0000166 seconds
2015-04-14T20:12:15.683-0100: 626.478: [GC (Allocation Failure) 
Desired survivor size 524288 bytes, new threshold 15 (max 15)
[PSYoungGen: 2272K->256K(2560K)] 13361K->11361K(13824K), 0.0007946 secs] [Times: user=0.00 sys=0.00, real=0.00 secs] 
2015-04-14T20:12:15.684-0100: 626.479: Total time for which application threads were stopped: 0.0009367 seconds, Stopping threads took: 0.0000170 seconds
2015-04-14T20:12:16.469-0100: 627.264: [GC (Allocation Failure) 
Desired survivor size 524288 bytes, new threshold 15 (max 15)
[PSYoungGen: 2304K->288K(2560K)] 13409K->11393K(13824K), 0.0008922 secs] [Times: user=0.00 sys=0.00, real=0.01 secs] 
2015-04-14T20:12:16.470-0100: 627.265: Total time for which application threads were stopped: 0.0010532 seconds, Stopping threads took: 0.0000194 seconds
2015-04-14T20:12:17.154-0100: 627.949: [GC (Allocation Failure) 
Desired survivor size 524288 bytes, new threshold 15 (max 15)
[PSYoungGen: 2336K->256K(2560K)] 13441K->11361K(13824K), 0.0010375 secs] [Times: user=0.01 sys=0.00, real=0.00 secs] 
2015-04-14T20:12:17.155-0100: 627.950: Total time for which application threads were stopped: 0.0012317 seconds, Stopping threads took: 0.0000213 seconds
2015-04-14T20:12:18.023-0100: 628.818: [GC (Allocation Failure) 
Desired survivor size 524288 bytes, new threshold 15 (max 15)
[PSYoungGen: 2304K->256K(2560K)] 13409K->11361K(13824K), 0.0007729 secs] [Times: user=0.01 sys=0.00, real=0.00 secs] 
2015-04-14T20:12:18.024-0100: 628.819: Total time for which application threads were stopped: 0.0009328 seconds, Stopping threads took: 0.0000162 seconds
2015-04-14T20:12:18.710-0100: 629.505: [GC (Allocation Failure) 
Desired survivor size 524288 bytes, new threshold 15 (max 15)
[PSYoungGen: 2304K->288K(2560K)] 13409K->11393K(13824K), 0.0009712 secs] [Times: user=0.00 sys=0.00, real=0.00 secs] 
2015-04-14T20:12:18.711-0100: 629.506: Total time for which application threads were stopped: 0.0011493 seconds, Stopping threads took: 0.0000210 seconds
2015-04-14T20:12:19.259-0100: 630.055: [GC (Allocation Failure) 
Desired survivor size 524288 bytes, new threshold 15 (max 15)
[PSYoungGen: 2336K->288K(2560K)] 13441K->11401K(13824K), 0.0007951 secs] [Times: user=0.01 sys=0.00, real=0.01 secs] 
2015-04-14T20:12:19.260-0100: 630.055: Total time for which application threads were stopped: 0.0009504 seconds, Stopping threads took: 0.0000169 seconds
2015-04-14T20:12:19.815-0100: 630.611: [GC (Allocation Failure) 
Desired survivor size 524288 bytes, new threshold 15 (max 15)
[PSYoungGen: 2336K->288K(2560K)] 13449K->11417K(13824K), 0.0008186 secs] [Times: user=0.00 sys=0.00, real=0.00 secs] 
2015-04-14T20:12:19.816-0100: 630.611: Total time for which application threads were stopped: 0.0009762 seconds, Stopping threads took: 0.0000176 seconds
2015-04-14T20:12:20.348-0100: 631.144: [GC (Allocation Failure) 
Desired survivor size 524288 bytes, new threshold 15 (max 15)
[PSYoungGen: 2336K->288K(2560K)] 13465K->11417K(13824K), 0.0009655 secs] [Times: user=0.00 sys=0.00, real=0.00 secs] 
2015-04-14T20:12:20.349-0100: 631.145: Total time for which application threads were stopped: 0.0011359 seconds, Stopping threads took: 0.0000190 seconds
2015-04-14T20:12:21.033-0100: 631.828: [GC (Allocation Failure) 
Desired survivor size 524288 bytes, new threshold 15 (max 15)
[PSYoungGen: 2336K->288K(2560K)] 13465K->11425K(13824K), 0.0012152 secs] [Times: user=0.00 sys=0.00, real=0.00 secs] 
2015-04-14T20:12:21.034-0100: 631.829: Total time for which application threads were stopped: 0.0014106 seconds, Stopping threads took: 0.0000221 seconds
2015-04-14T20:12:21.567-0100: 632.362: [GC (Allocation Failure) 
Desired survivor size 524288 bytes, new threshold 15 (max 15)
[PSYoungGen: 2336K->256K(2560K)] 13473K->11417K(13824K), 0.0008051 secs] [Times: user=0.00 sys=0.00, real=0.00 secs] 
2015-04-14T20:12:21.568-0100: 632.363: Total time for which application threads were stopped: 0.0009417 seconds, Stopping threads took: 0.0000161 seconds
2015-04-14T20:12:22.299-0100: 633.095: [GC (Allocation Failure) 
Desired survivor size 524288 bytes, new threshold 15 (max 15)
[PSYoungGen: 2304K->256K(2560K)] 13465K->11425K(13824K), 0.0009722 secs] [Times: user=0.00 sys=0.00, real=0.01 secs] 
2015-04-14T20:12:22.300-0100: 633.096: Total time for which application threads were stopped: 0.0011418 seconds, Stopping threads took: 0.0000184 seconds
2015-04-14T20:12:23.122-0100: 633.918: [GC (Allocation Failure) 
Desired survivor size 524288 bytes, new threshold 15 (max 15)
[PSYoungGen: 2304K->288K(2560K)] 13473K->11473K(13824K), 0.0009645 secs] [Times: user=0.00 sys=0.00, real=0.00 secs] 
2015-04-14T20:12:23.123-0100: 633.919: Total time for which application threads were stopped: 0.0011497 seconds, Stopping threads took: 0.0000160 seconds
2015-04-14T20:12:23.793-0100: 634.589: [GC (Allocation Failure) 
Desired survivor size 524288 bytes, new threshold 15 (max 15)
[PSYoungGen: 2336K->288K(2560K)] 13521K->11473K(13824K), 0.0010880 secs] [Times: user=0.00 sys=0.00, real=0.00 secs] 
2015-04-14T20:12:23.795-0100: 634.590: Total time for which application threads were stopped: 0.0012702 seconds, Stopping threads took: 0.0000219 seconds
2015-04-14T20:12:24.460-0100: 635.256: [GC (Allocation Failure) 
Desired survivor size 524288 bytes, new threshold 15 (max 15)
[PSYoungGen: 2336K->256K(2560K)] 13521K->11465K(13824K), 0.0009417 secs] [Times: user=0.01 sys=0.00, real=0.00 secs] 
2015-04-14T20:12:24.461-0100: 635.257: Total time for which application threads were stopped: 0.0011220 seconds, Stopping threads took: 0.0000194 seconds
2015-04-14T20:12:25.246-0100: 636.041: [GC (Allocation Failure) 
Desired survivor size 524288 bytes, new threshold 15 (max 15)
[PSYoungGen: 2304K->288K(2560K)] 13513K->11497K(13824K), 0.0009801 secs] [Times: user=0.01 sys=0.00, real=0.00 secs] 
2015-04-14T20:12:25.247-0100: 636.042: Total time for which application threads were stopped: 0.0011713 seconds, Stopping threads took: 0.0000283 seconds
2015-04-14T20:12:25.731-0100: 636.526: [GC (Allocation Failure) 
Desired survivor size 524288 bytes, new threshold 15 (max 15)
[PSYoungGen: 2336K->288K(2560K)] 13545K->11505K(13824K), 0.0007987 secs] [Times: user=0.01 sys=0.00, real=0.00 secs] 
2015-04-14T20:12:25.732-0100: 636.527: Total time for which application threads were stopped: 0.0009402 seconds, Stopping threads took: 0.0000166 seconds
2015-04-14T20:12:26.417-0100: 637.212: [GC (Allocation Failure) 
Desired survivor size 524288 bytes, new threshold 15 (max 15)
[PSYoungGen: 2336K->288K(2560K)] 13553K->11505K(13824K), 0.0007959 secs] [Times: user=0.00 sys=0.00, real=0.00 secs] 
2015-04-14T20:12:26.418-0100: 637.213: Total time for which application threads were stopped: 0.0009409 seconds, Stopping threads took: 0.0000176 seconds
2015-04-14T20:12:27.270-0100: 638.065: [GC (Allocation Failure) 
Desired survivor size 524288 bytes, new threshold 15 (max 15)
[PSYoungGen: 2336K->256K(2560K)] 13553K->11505K(13824K), 0.0010429 secs] [Times: user=0.00 sys=0.00, real=0.00 secs] 
2015-04-14T20:12:27.271-0100: 638.066: [Full GC (Ergonomics) [PSYoungGen: 256K->0K(2560K)] [ParOldGen: 11249K->8319K(11264K)] 11505K->8319K(13824K), [Metaspace: 17832K->17832K(1064960K)], 0.0186727 secs] [Times: user=0.06 sys=0.00, real=0.02 secs] 
2015-04-14T20:12:27.290-0100: 638.085: Total time for which application threads were stopped: 0.0200422 seconds, Stopping threads took: 0.0000246 seconds
2015-04-14T20:12:27.855-0100: 638.651: [GC (Allocation Failure) 
Desired survivor size 524288 bytes, new threshold 15 (max 15)
[PSYoungGen: 2048K->256K(2560K)] 10367K->8575K(13824K), 0.0011089 secs] [Times: user=0.00 sys=0.00, real=0.00 secs] 
2015-04-14T20:12:27.856-0100: 638.652: Total time for which application threads were stopped: 0.0012996 seconds, Stopping threads took: 0.0000195 seconds
2015-04-14T20:12:28.687-0100: 639.482: [GC (Allocation Failure) 
Desired survivor size 524288 bytes, new threshold 15 (max 15)
[PSYoungGen: 2304K->288K(2560K)] 10623K->8607K(13824K), 0.0011352 secs] [Times: user=0.01 sys=0.00, real=0.00 secs] 
2015-04-14T20:12:28.688-0100: 639.483: Total time for which application threads were stopped: 0.0013251 seconds, Stopping threads took: 0.0000202 seconds
2015-04-14T20:12:29.393-0100: 640.189: [GC (Allocation Failure) 
Desired survivor size 524288 bytes, new threshold 15 (max 15)
[PSYoungGen: 2336K->256K(2560K)] 10655K->8575K(13824K), 0.0010831 secs] [Times: user=0.01 sys=0.00, real=0.00 secs] 
2015-04-14T20:12:29.395-0100: 640.190: Total time for which application threads were stopped: 0.0012825 seconds, Stopping threads took: 0.0000234 seconds
2015-04-14T20:12:30.080-0100: 640.876: [GC (Allocation Failure) 
Desired survivor size 524288 bytes, new threshold 15 (max 15)
[PSYoungGen: 2304K->288K(2560K)] 10623K->8607K(13824K), 0.0010387 secs] [Times: user=0.00 sys=0.00, real=0.00 secs] 
2015-04-14T20:12:30.081-0100: 640.877: Total time for which application threads were stopped: 0.0012186 seconds, Stopping threads took: 0.0000180 seconds
2015-04-14T20:12:30.730-0100: 641.526: [GC (Allocation Failure) 
Desired survivor size 524288 bytes, new threshold 15 (max 15)
[PSYoungGen: 2336K->256K(2560K)] 10655K->8575K(13824K), 0.0009313 secs] [Times: user=0.00 sys=0.00, real=0.00 secs] 
2015-04-14T20:12:30.731-0100: 641.527: Total time for which application threads were stopped: 0.0010997 seconds, Stopping threads took: 0.0000186 seconds
2015-04-14T20:12:31.515-0100: 642.311: [GC (Allocation Failure) 
Desired survivor size 524288 bytes, new threshold 15 (max 15)
[PSYoungGen: 2304K->288K(2560K)] 10623K->8607K(13824K), 0.0010542 secs] [Times: user=0.01 sys=0.00, real=0.00 secs] 
2015-04-14T20:12:31.516-0100: 642.312: Total time for which application threads were stopped: 0.0012435 seconds, Stopping threads took: 0.0000221 seconds
2015-04-14T20:12:32.184-0100: 642.980: [GC (Allocation Failure) 
Desired survivor size 524288 bytes, new threshold 15 (max 15)
[PSYoungGen: 2336K->288K(2560K)] 10655K->8607K(13824K), 0.0010484 secs] [Times: user=0.01 sys=0.00, real=0.00 secs] 
2015-04-14T20:12:32.185-0100: 642.981: Total time for which application threads were stopped: 0.0012465 seconds, Stopping threads took: 0.0000221 seconds
2015-04-14T20:12:32.953-0100: 643.749: [GC (Allocation Failure) 
Desired survivor size 524288 bytes, new threshold 15 (max 15)
[PSYoungGen: 2336K->288K(2560K)] 10655K->8607K(13824K), 0.0010993 secs] [Times: user=0.01 sys=0.00, real=0.00 secs] 
2015-04-14T20:12:32.955-0100: 643.750: Total time for which application threads were stopped: 0.0013002 seconds, Stopping threads took: 0.0000213 seconds
2015-04-14T20:12:33.622-0100: 644.418: [GC (Allocation Failure) 
Desired survivor size 524288 bytes, new threshold 15 (max 15)
[PSYoungGen: 2336K->256K(2560K)] 10655K->8575K(13824K), 0.0008054 secs] [Times: user=0.00 sys=0.00, real=0.00 secs] 
2015-04-14T20:12:33.623-0100: 644.419: Total time for which application threads were stopped: 0.0009555 seconds, Stopping threads took: 0.0000165 seconds
2015-04-14T20:12:34.307-0100: 645.103: [GC (Allocation Failure) 
Desired survivor size 524288 bytes, new threshold 15 (max 15)
[PSYoungGen: 2304K->288K(2560K)] 10623K->8607K(13824K), 0.0009527 secs] [Times: user=0.00 sys=0.01, real=0.00 secs] 
2015-04-14T20:12:34.308-0100: 645.104: Total time for which application threads were stopped: 0.0011198 seconds, Stopping threads took: 0.0000184 seconds
2015-04-14T20:12:35.111-0100: 645.906: [GC (Allocation Failure) 
Desired survivor size 524288 bytes, new threshold 15 (max 15)
[PSYoungGen: 2336K->288K(2560K)] 10655K->8607K(13824K), 0.0010885 secs] [Times: user=0.00 sys=0.00, real=0.00 secs] 
2015-04-14T20:12:35.112-0100: 645.908: Total time for which application threads were stopped: 0.0012772 seconds, Stopping threads took: 0.0000209 seconds
2015-04-14T20:12:35.779-0100: 646.574: [GC (Allocation Failure) 
Desired survivor size 524288 bytes, new threshold 15 (max 15)
[PSYoungGen: 2336K->256K(2560K)] 10655K->8575K(13824K), 0.0010580 secs] [Times: user=0.01 sys=0.00, real=0.01 secs] 
2015-04-14T20:12:35.780-0100: 646.576: Total time for which application threads were stopped: 0.0012542 seconds, Stopping threads took: 0.0000212 seconds
2015-04-14T20:12:36.448-0100: 647.244: [GC (Allocation Failure) 
Desired survivor size 524288 bytes, new threshold 15 (max 15)
[PSYoungGen: 2304K->256K(2560K)] 10623K->8575K(13824K), 0.0009097 secs] [Times: user=0.00 sys=0.00, real=0.00 secs] 
2015-04-14T20:12:36.449-0100: 647.245: Total time for which application threads were stopped: 0.0010948 seconds, Stopping threads took: 0.0000236 seconds
2015-04-14T20:12:37.234-0100: 648.030: [GC (Allocation Failure) 
Desired survivor size 524288 bytes, new threshold 15 (max 15)
[PSYoungGen: 2304K->288K(2560K)] 10623K->8607K(13824K), 0.0011380 secs] [Times: user=0.00 sys=0.00, real=0.00 secs] 
2015-04-14T20:12:37.235-0100: 648.031: Total time for which application threads were stopped: 0.0013276 seconds, Stopping threads took: 0.0000212 seconds
2015-04-14T20:12:37.904-0100: 648.699: [GC (Allocation Failure) 
Desired survivor size 524288 bytes, new threshold 15 (max 15)
[PSYoungGen: 2336K->288K(2560K)] 10655K->8607K(13824K), 0.0009002 secs] [Times: user=0.01 sys=0.00, real=0.00 secs] 
2015-04-14T20:12:37.904-0100: 648.700: Total time for which application threads were stopped: 0.0010657 seconds, Stopping threads took: 0.0000185 seconds
2015-04-14T20:12:38.550-0100: 649.345: [GC (Allocation Failure) 
Desired survivor size 524288 bytes, new threshold 15 (max 15)
[PSYoungGen: 2336K->256K(2560K)] 10655K->8607K(13824K), 0.0008392 secs] [Times: user=0.00 sys=0.00, real=0.00 secs] 
2015-04-14T20:12:38.550-0100: 649.346: Total time for which application threads were stopped: 0.0009801 seconds, Stopping threads took: 0.0000166 seconds
2015-04-14T20:12:39.289-0100: 650.085: [GC (Allocation Failure) 
Desired survivor size 524288 bytes, new threshold 15 (max 15)
[PSYoungGen: 2304K->224K(2560K)] 10655K->8583K(13824K), 0.0011011 secs] [Times: user=0.00 sys=0.00, real=0.01 secs] 
2015-04-14T20:12:39.290-0100: 650.086: Total time for which application threads were stopped: 0.0012903 seconds, Stopping threads took: 0.0000236 seconds
2015-04-14T20:12:40.025-0100: 650.821: [GC (Allocation Failure) 
Desired survivor size 524288 bytes, new threshold 15 (max 15)
[PSYoungGen: 2272K->256K(2560K)] 10631K->8623K(13824K), 0.0009974 secs] [Times: user=0.00 sys=0.00, real=0.00 secs] 
2015-04-14T20:12:40.026-0100: 650.822: Total time for which application threads were stopped: 0.0011769 seconds, Stopping threads took: 0.0000200 seconds
2015-04-14T20:12:40.580-0100: 651.376: [GC (Allocation Failure) 
Desired survivor size 524288 bytes, new threshold 15 (max 15)
[PSYoungGen: 2304K->288K(2560K)] 10671K->8671K(13824K), 0.0008571 secs] [Times: user=0.01 sys=0.00, real=0.00 secs] 
2015-04-14T20:12:40.581-0100: 651.377: Total time for which application threads were stopped: 0.0010250 seconds, Stopping threads took: 0.0000188 seconds
2015-04-14T20:12:41.331-0100: 652.127: [GC (Allocation Failure) 
Desired survivor size 524288 bytes, new threshold 15 (max 15)
[PSYoungGen: 2336K->288K(2560K)] 10719K->8695K(13824K), 0.0010662 secs] [Times: user=0.00 sys=0.00, real=0.00 secs] 
2015-04-14T20:12:41.332-0100: 652.128: Total time for which application threads were stopped: 0.0012506 seconds, Stopping threads took: 0.0000215 seconds
2015-04-14T20:12:41.933-0100: 652.729: [GC (Allocation Failure) 
Desired survivor size 524288 bytes, new threshold 15 (max 15)
[PSYoungGen: 2336K->256K(2560K)] 10743K->8663K(13824K), 0.0007781 secs] [Times: user=0.00 sys=0.00, real=0.00 secs] 
2015-04-14T20:12:41.934-0100: 652.729: Total time for which application threads were stopped: 0.0009094 seconds, Stopping threads took: 0.0000179 seconds
2015-04-14T20:12:42.580-0100: 653.376: [GC (Allocation Failure) 
Desired survivor size 524288 bytes, new threshold 15 (max 15)
[PSYoungGen: 2304K->288K(2560K)] 10711K->8695K(13824K), 0.0009368 secs] [Times: user=0.00 sys=0.00, real=0.00 secs] 
2015-04-14T20:12:42.581-0100: 653.377: Total time for which application threads were stopped: 0.0011048 seconds, Stopping threads took: 0.0000188 seconds
2015-04-14T20:12:43.247-0100: 654.043: [GC (Allocation Failure) 
Desired survivor size 524288 bytes, new threshold 15 (max 15)
[PSYoungGen: 2336K->256K(2560K)] 10743K->8695K(13824K), 0.0010587 secs] [Times: user=0.00 sys=0.00, real=0.00 secs] 
2015-04-14T20:12:43.248-0100: 654.044: Total time for which application threads were stopped: 0.0012477 seconds, Stopping threads took: 0.0000198 seconds
2015-04-14T20:12:43.819-0100: 654.615: Total time for which application threads were stopped: 0.0000770 seconds, Stopping threads took: 0.0000162 seconds
2015-04-14T20:12:43.820-0100: 654.615: [GC (GCLocker Initiated GC) 
Desired survivor size 524288 bytes, new threshold 15 (max 15)
[PSYoungGen: 2304K->224K(2560K)] 10743K->8663K(13824K), 0.0008256 secs] [Times: user=0.01 sys=0.00, real=0.00 secs] 
2015-04-14T20:12:43.820-0100: 654.616: Total time for which application threads were stopped: 0.0009391 seconds, Stopping threads took: 0.0000075 seconds
2015-04-14T20:12:44.525-0100: 655.321: [GC (Allocation Failure) 
Desired survivor size 524288 bytes, new threshold 15 (max 15)
[PSYoungGen: 2272K->288K(2560K)] 10715K->8739K(13824K), 0.0011062 secs] [Times: user=0.00 sys=0.00, real=0.00 secs] 
2015-04-14T20:12:44.526-0100: 655.322: Total time for which application threads were stopped: 0.0013074 seconds, Stopping threads took: 0.0000207 seconds
2015-04-14T20:12:45.174-0100: 655.970: [GC (Allocation Failure) 
Desired survivor size 524288 bytes, new threshold 15 (max 15)
[PSYoungGen: 2336K->256K(2560K)] 10787K->8707K(13824K), 0.0008673 secs] [Times: user=0.01 sys=0.00, real=0.00 secs] 
2015-04-14T20:12:45.175-0100: 655.971: Total time for which application threads were stopped: 0.0010174 seconds, Stopping threads took: 0.0000152 seconds
2015-04-14T20:12:45.780-0100: 656.576: [GC (Allocation Failure) 
Desired survivor size 524288 bytes, new threshold 15 (max 15)
[PSYoungGen: 2304K->256K(2560K)] 10755K->8707K(13824K), 0.0011318 secs] [Times: user=0.01 sys=0.00, real=0.00 secs] 
2015-04-14T20:12:45.781-0100: 656.577: Total time for which application threads were stopped: 0.0013301 seconds, Stopping threads took: 0.0000212 seconds
2015-04-14T20:12:46.362-0100: 657.158: [GC (Allocation Failure) 
Desired survivor size 524288 bytes, new threshold 15 (max 15)
[PSYoungGen: 2304K->256K(2560K)] 10755K->8707K(13824K), 0.0009185 secs] [Times: user=0.01 sys=0.00, real=0.00 secs] 
2015-04-14T20:12:46.363-0100: 657.159: Total time for which application threads were stopped: 0.0010902 seconds, Stopping threads took: 0.0000189 seconds
2015-04-14T20:12:46.931-0100: 657.727: [GC (Allocation Failure) 
Desired survivor size 524288 bytes, new threshold 15 (max 15)
[PSYoungGen: 2304K->288K(2560K)] 10755K->8739K(13824K), 0.0009969 secs] [Times: user=0.00 sys=0.00, real=0.00 secs] 
2015-04-14T20:12:46.932-0100: 657.728: Total time for which application threads were stopped: 0.0011921 seconds, Stopping threads took: 0.0000208 seconds
2015-04-14T20:12:47.650-0100: 658.446: Total time for which application threads were stopped: 0.0000968 seconds, Stopping threads took: 0.0000187 seconds
2015-04-14T20:12:47.650-0100: 658.446: [GC (GCLocker Initiated GC) 
Desired survivor size 524288 bytes, new threshold 15 (max 15)
[PSYoungGen: 2336K->288K(2560K)] 10787K->8763K(13824K), 0.0009668 secs] [Times: user=0.01 sys=0.00, real=0.00 secs] 
2015-04-14T20:12:47.651-0100: 658.447: Total time for which application threads were stopped: 0.0011069 seconds, Stopping threads took: 0.0000103 seconds
2015-04-14T20:12:48.287-0100: 659.083: [GC (Allocation Failure) 
Desired survivor size 524288 bytes, new threshold 15 (max 15)
[PSYoungGen: 2336K->288K(2560K)] 10814K->8766K(13824K), 0.0008464 secs] [Times: user=0.00 sys=0.00, real=0.00 secs] 
2015-04-14T20:12:48.288-0100: 659.084: Total time for which application threads were stopped: 0.0009981 seconds, Stopping threads took: 0.0000246 seconds
2015-04-14T20:12:49.003-0100: 659.799: [GC (Allocation Failure) 
Desired survivor size 524288 bytes, new threshold 15 (max 15)
[PSYoungGen: 2336K->256K(2560K)] 10814K->8758K(13824K), 0.0010486 secs] [Times: user=0.00 sys=0.00, real=0.00 secs] 
2015-04-14T20:12:49.004-0100: 659.800: Total time for which application threads were stopped: 0.0012361 seconds, Stopping threads took: 0.0000215 seconds
2015-04-14T20:12:49.750-0100: 660.546: [GC (Allocation Failure) 
Desired survivor size 524288 bytes, new threshold 15 (max 15)
[PSYoungGen: 2304K->288K(2560K)] 10806K->8806K(13824K), 0.0009888 secs] [Times: user=0.00 sys=0.00, real=0.00 secs] 
2015-04-14T20:12:49.751-0100: 660.547: Total time for which application threads were stopped: 0.0011663 seconds, Stopping threads took: 0.0000208 seconds
2015-04-14T20:12:50.347-0100: 661.143: [GC (Allocation Failure) 
Desired survivor size 524288 bytes, new threshold 15 (max 15)
[PSYoungGen: 2336K->288K(2560K)] 10854K->8838K(13824K), 0.0008515 secs] [Times: user=0.00 sys=0.00, real=0.00 secs] 
2015-04-14T20:12:50.348-0100: 661.144: Total time for which application threads were stopped: 0.0009947 seconds, Stopping threads took: 0.0000178 seconds
2015-04-14T20:12:50.993-0100: 661.788: [GC (Allocation Failure) 
Desired survivor size 524288 bytes, new threshold 15 (max 15)
[PSYoungGen: 2336K->288K(2560K)] 10886K->8846K(13824K), 0.0008091 secs] [Times: user=0.00 sys=0.00, real=0.00 secs] 
2015-04-14T20:12:50.993-0100: 661.789: Total time for which application threads were stopped: 0.0009552 seconds, Stopping threads took: 0.0000151 seconds
2015-04-14T20:12:51.794-0100: 662.590: [GC (Allocation Failure) 
Desired survivor size 524288 bytes, new threshold 15 (max 15)
[PSYoungGen: 2336K->256K(2560K)] 10894K->8822K(13824K), 0.0009646 secs] [Times: user=0.00 sys=0.00, real=0.00 secs] 
2015-04-14T20:12:51.795-0100: 662.591: Total time for which application threads were stopped: 0.0011388 seconds, Stopping threads took: 0.0000205 seconds
2015-04-14T20:12:52.531-0100: 663.327: [GC (Allocation Failure) 
Desired survivor size 524288 bytes, new threshold 15 (max 15)
[PSYoungGen: 2304K->256K(2560K)] 10870K->8822K(13824K), 0.0008066 secs] [Times: user=0.00 sys=0.00, real=0.00 secs] 
2015-04-14T20:12:52.532-0100: 663.328: Total time for which application threads were stopped: 0.0009446 seconds, Stopping threads took: 0.0000171 seconds
2015-04-14T20:12:53.185-0100: 663.981: [GC (Allocation Failure) 
Desired survivor size 524288 bytes, new threshold 15 (max 15)
[PSYoungGen: 2304K->288K(2560K)] 10870K->8862K(13824K), 0.0009309 secs] [Times: user=0.00 sys=0.00, real=0.00 secs] 
2015-04-14T20:12:53.186-0100: 663.982: Total time for which application threads were stopped: 0.0011102 seconds, Stopping threads took: 0.0000215 seconds
2015-04-14T20:12:53.800-0100: 664.596: [GC (Allocation Failure) 
Desired survivor size 524288 bytes, new threshold 15 (max 15)
[PSYoungGen: 2336K->288K(2560K)] 10910K->8862K(13824K), 0.0007651 secs] [Times: user=0.00 sys=0.00, real=0.00 secs] 
2015-04-14T20:12:53.801-0100: 664.597: Total time for which application threads were stopped: 0.0009043 seconds, Stopping threads took: 0.0000156 seconds
2015-04-14T20:12:54.623-0100: 665.419: [GC (Allocation Failure) 
Desired survivor size 524288 bytes, new threshold 15 (max 15)
[PSYoungGen: 2336K->288K(2560K)] 10910K->8870K(13824K), 0.0010134 secs] [Times: user=0.01 sys=0.00, real=0.00 secs] 
2015-04-14T20:12:54.624-0100: 665.420: Total time for which application threads were stopped: 0.0011911 seconds, Stopping threads took: 0.0000203 seconds
2015-04-14T20:12:55.380-0100: 666.176: [GC (Allocation Failure) 
Desired survivor size 524288 bytes, new threshold 15 (max 15)
[PSYoungGen: 2336K->256K(2560K)] 10918K->8838K(13824K), 0.0009984 secs] [Times: user=0.00 sys=0.00, real=0.00 secs] 
2015-04-14T20:12:55.382-0100: 666.177: Total time for which application threads were stopped: 0.0012804 seconds, Stopping threads took: 0.0000328 seconds
2015-04-14T20:12:56.191-0100: 666.987: [GC (Allocation Failure) 
Desired survivor size 524288 bytes, new threshold 15 (max 15)
[PSYoungGen: 2304K->256K(2560K)] 10886K->8838K(13824K), 0.0010903 secs] [Times: user=0.00 sys=0.00, real=0.00 secs] 
2015-04-14T20:12:56.193-0100: 666.989: Total time for which application threads were stopped: 0.0012908 seconds, Stopping threads took: 0.0000236 seconds
2015-04-14T20:12:56.845-0100: 667.641: [GC (Allocation Failure) 
Desired survivor size 524288 bytes, new threshold 15 (max 15)
[PSYoungGen: 2304K->256K(2560K)] 10886K->8838K(13824K), 0.0008510 secs] [Times: user=0.00 sys=0.00, real=0.00 secs] 
2015-04-14T20:12:56.846-0100: 667.642: Total time for which application threads were stopped: 0.0010255 seconds, Stopping threads took: 0.0000217 seconds
2015-04-14T20:12:57.580-0100: 668.376: [GC (Allocation Failure) 
Desired survivor size 524288 bytes, new threshold 15 (max 15)
[PSYoungGen: 2304K->256K(2560K)] 10886K->8854K(13824K), 0.0009127 secs] [Times: user=0.01 sys=0.00, real=0.00 secs] 
2015-04-14T20:12:57.581-0100: 668.377: Total time for which application threads were stopped: 0.0011576 seconds, Stopping threads took: 0.0000784 seconds
2015-04-14T20:12:58.299-0100: 669.095: [GC (Allocation Failure) 
Desired survivor size 524288 bytes, new threshold 15 (max 15)
[PSYoungGen: 2304K->288K(2560K)] 10902K->8886K(13824K), 0.0011292 secs] [Times: user=0.01 sys=0.00, real=0.01 secs] 
2015-04-14T20:12:58.301-0100: 669.097: Total time for which application threads were stopped: 0.0013237 seconds, Stopping threads took: 0.0000221 seconds
2015-04-14T20:12:58.985-0100: 669.781: [GC (Allocation Failure) 
Desired survivor size 524288 bytes, new threshold 15 (max 15)
[PSYoungGen: 2336K->288K(2560K)] 10934K->8918K(13824K), 0.0011544 secs] [Times: user=0.01 sys=0.00, real=0.00 secs] 
2015-04-14T20:12:58.986-0100: 669.782: Total time for which application threads were stopped: 0.0013478 seconds, Stopping threads took: 0.0000204 seconds
2015-04-14T20:12:59.589-0100: 670.385: [GC (Allocation Failure) 
Desired survivor size 524288 bytes, new threshold 15 (max 15)
[PSYoungGen: 2336K->224K(2560K)] 10966K->8886K(13824K), 0.0008496 secs] [Times: user=0.01 sys=0.00, real=0.00 secs] 
2015-04-14T20:12:59.590-0100: 670.386: Total time for which application threads were stopped: 0.0009976 seconds, Stopping threads took: 0.0000168 seconds
2015-04-14T20:13:00.289-0100: 671.085: [GC (Allocation Failure) 
Desired survivor size 524288 bytes, new threshold 15 (max 15)
[PSYoungGen: 2272K->256K(2560K)] 10934K->8926K(13824K), 0.0010815 secs] [Times: user=0.00 sys=0.00, real=0.01 secs] 
2015-04-14T20:13:00.290-0100: 671.086: Total time for which application threads were stopped: 0.0012818 seconds, Stopping threads took: 0.0000218 seconds
2015-04-14T20:13:01.051-0100: 671.847: [GC (Allocation Failure) 
Desired survivor size 524288 bytes, new threshold 15 (max 15)
[PSYoungGen: 2304K->256K(2560K)] 10974K->8926K(13824K), 0.0010685 secs] [Times: user=0.00 sys=0.00, real=0.00 secs] 
2015-04-14T20:13:01.052-0100: 671.848: Total time for which application threads were stopped: 0.0012448 seconds, Stopping threads took: 0.0000200 seconds
2015-04-14T20:13:01.711-0100: 672.507: [GC (Allocation Failure) 
Desired survivor size 524288 bytes, new threshold 15 (max 15)
[PSYoungGen: 2304K->256K(2560K)] 10974K->8934K(13824K), 0.0012228 secs] [Times: user=0.00 sys=0.00, real=0.00 secs] 
2015-04-14T20:13:01.712-0100: 672.508: Total time for which application threads were stopped: 0.0014388 seconds, Stopping threads took: 0.0000220 seconds
2015-04-14T20:13:02.481-0100: 673.277: [GC (Allocation Failure) 
Desired survivor size 524288 bytes, new threshold 15 (max 15)
[PSYoungGen: 2304K->288K(2560K)] 10982K->9006K(13824K), 0.0011318 secs] [Times: user=0.01 sys=0.00, real=0.00 secs] 
2015-04-14T20:13:02.482-0100: 673.278: Total time for which application threads were stopped: 0.0013669 seconds, Stopping threads took: 0.0000216 seconds
2015-04-14T20:13:03.266-0100: 674.062: [GC (Allocation Failure) 
Desired survivor size 524288 bytes, new threshold 15 (max 15)
[PSYoungGen: 2336K->288K(2560K)] 11054K->9006K(13824K), 0.0007818 secs] [Times: user=0.00 sys=0.00, real=0.00 secs] 
2015-04-14T20:13:03.267-0100: 674.063: Total time for which application threads were stopped: 0.0009246 seconds, Stopping threads took: 0.0000171 seconds
2015-04-14T20:13:04.051-0100: 674.848: [GC (Allocation Failure) 
Desired survivor size 524288 bytes, new threshold 15 (max 15)
[PSYoungGen: 2336K->256K(2560K)] 11054K->8990K(13824K), 0.0009248 secs] [Times: user=0.00 sys=0.00, real=0.00 secs] 
2015-04-14T20:13:04.052-0100: 674.849: Total time for which application threads were stopped: 0.0011033 seconds, Stopping threads took: 0.0000188 seconds
2015-04-14T20:13:04.806-0100: 675.602: [GC (Allocation Failure) 
Desired survivor size 524288 bytes, new threshold 15 (max 15)
[PSYoungGen: 2304K->288K(2560K)] 11038K->9022K(13824K), 0.0009703 secs] [Times: user=0.00 sys=0.00, real=0.00 secs] 
2015-04-14T20:13:04.807-0100: 675.603: Total time for which application threads were stopped: 0.0011428 seconds, Stopping threads took: 0.0000195 seconds
2015-04-14T20:13:05.489-0100: 676.285: [GC (Allocation Failure) 
Desired survivor size 524288 bytes, new threshold 15 (max 15)
[PSYoungGen: 2336K->256K(2560K)] 11070K->8990K(13824K), 0.0010274 secs] [Times: user=0.00 sys=0.00, real=0.01 secs] 
2015-04-14T20:13:05.490-0100: 676.286: Total time for which application threads were stopped: 0.0012239 seconds, Stopping threads took: 0.0000200 seconds
2015-04-14T20:13:06.258-0100: 677.054: [GC (Allocation Failure) 
Desired survivor size 524288 bytes, new threshold 15 (max 15)
[PSYoungGen: 2304K->256K(2560K)] 11038K->8990K(13824K), 0.0008274 secs] [Times: user=0.01 sys=0.00, real=0.00 secs] 
2015-04-14T20:13:06.259-0100: 677.055: Total time for which application threads were stopped: 0.0009843 seconds, Stopping threads took: 0.0000175 seconds
2015-04-14T20:13:07.028-0100: 677.824: [GC (Allocation Failure) 
Desired survivor size 524288 bytes, new threshold 15 (max 15)
[PSYoungGen: 2304K->256K(2560K)] 11038K->8990K(13824K), 0.0010063 secs] [Times: user=0.01 sys=0.00, real=0.00 secs] 
2015-04-14T20:13:07.029-0100: 677.825: Total time for which application threads were stopped: 0.0011865 seconds, Stopping threads took: 0.0000200 seconds
2015-04-14T20:13:07.814-0100: 678.610: [GC (Allocation Failure) 
Desired survivor size 524288 bytes, new threshold 15 (max 15)
[PSYoungGen: 2304K->288K(2560K)] 11038K->9022K(13824K), 0.0010661 secs] [Times: user=0.00 sys=0.00, real=0.00 secs] 
2015-04-14T20:13:07.815-0100: 678.611: Total time for which application threads were stopped: 0.0012499 seconds, Stopping threads took: 0.0000210 seconds
2015-04-14T20:13:08.614-0100: 679.410: [GC (Allocation Failure) 
Desired survivor size 524288 bytes, new threshold 15 (max 15)
[PSYoungGen: 2336K->256K(2560K)] 11070K->8990K(13824K), 0.0010663 secs] [Times: user=0.00 sys=0.01, real=0.00 secs] 
2015-04-14T20:13:08.615-0100: 679.412: Total time for which application threads were stopped: 0.0012617 seconds, Stopping threads took: 0.0000224 seconds
2015-04-14T20:13:09.319-0100: 680.116: [GC (Allocation Failure) 
Desired survivor size 524288 bytes, new threshold 15 (max 15)
[PSYoungGen: 2304K->256K(2560K)] 11038K->8990K(13824K), 0.0010098 secs] [Times: user=0.01 sys=0.00, real=0.01 secs] 
2015-04-14T20:13:09.320-0100: 680.117: Total time for which application threads were stopped: 0.0011977 seconds, Stopping threads took: 0.0000200 seconds
2015-04-14T20:13:10.104-0100: 680.900: [GC (Allocation Failure) 
Desired survivor size 524288 bytes, new threshold 15 (max 15)
[PSYoungGen: 2304K->288K(2560K)] 11038K->9022K(13824K), 0.0011000 secs] [Times: user=0.00 sys=0.00, real=0.00 secs] 
2015-04-14T20:13:10.105-0100: 680.901: Total time for which application threads were stopped: 0.0013189 seconds, Stopping threads took: 0.0000204 seconds
2015-04-14T20:13:10.873-0100: 681.669: [GC (Allocation Failure) 
Desired survivor size 524288 bytes, new threshold 15 (max 15)
[PSYoungGen: 2336K->288K(2560K)] 11070K->9062K(13824K), 0.0008899 secs] [Times: user=0.01 sys=0.00, real=0.00 secs] 
2015-04-14T20:13:10.874-0100: 681.670: Total time for which application threads were stopped: 0.0010435 seconds, Stopping threads took: 0.0000186 seconds
2015-04-14T20:13:11.626-0100: 682.422: [GC (Allocation Failure) 
Desired survivor size 524288 bytes, new threshold 15 (max 15)
[PSYoungGen: 2336K->288K(2560K)] 11110K->9078K(13824K), 0.0010923 secs] [Times: user=0.00 sys=0.00, real=0.00 secs] 
2015-04-14T20:13:11.627-0100: 682.424: Total time for which application threads were stopped: 0.0012801 seconds, Stopping threads took: 0.0000209 seconds
2015-04-14T20:13:12.293-0100: 683.089: [GC (Allocation Failure) 
Desired survivor size 524288 bytes, new threshold 15 (max 15)
[PSYoungGen: 2336K->256K(2560K)] 11126K->9078K(13824K), 0.0011347 secs] [Times: user=0.00 sys=0.00, real=0.00 secs] 
2015-04-14T20:13:12.294-0100: 683.091: Total time for which application threads were stopped: 0.0013331 seconds, Stopping threads took: 0.0000219 seconds
2015-04-14T20:13:13.047-0100: 683.843: [GC (Allocation Failure) 
Desired survivor size 524288 bytes, new threshold 15 (max 15)
[PSYoungGen: 2304K->256K(2560K)] 11126K->9110K(13824K), 0.0010250 secs] [Times: user=0.00 sys=0.00, real=0.00 secs] 
2015-04-14T20:13:13.048-0100: 683.844: Total time for which application threads were stopped: 0.0012022 seconds, Stopping threads took: 0.0000189 seconds
2015-04-14T20:13:13.851-0100: 684.647: [GC (Allocation Failure) 
Desired survivor size 524288 bytes, new threshold 15 (max 15)
[PSYoungGen: 2304K->288K(2560K)] 11158K->9142K(13824K), 0.0010510 secs] [Times: user=0.01 sys=0.00, real=0.00 secs] 
2015-04-14T20:13:13.852-0100: 684.648: Total time for which application threads were stopped: 0.0012217 seconds, Stopping threads took: 0.0000179 seconds
2015-04-14T20:13:14.568-0100: 685.364: [GC (Allocation Failure) 
Desired survivor size 524288 bytes, new threshold 15 (max 15)
[PSYoungGen: 2336K->192K(2560K)] 11190K->9046K(13824K), 0.0008095 secs] [Times: user=0.00 sys=0.00, real=0.00 secs] 
2015-04-14T20:13:14.568-0100: 685.365: Total time for which application threads were stopped: 0.0009948 seconds, Stopping threads took: 0.0000217 seconds
2015-04-14T20:13:15.220-0100: 686.016: [GC (Allocation Failure) 
Desired survivor size 524288 bytes, new threshold 15 (max 15)
[PSYoungGen: 2240K->288K(2560K)] 11094K->9142K(13824K), 0.0010869 secs] [Times: user=0.00 sys=0.00, real=0.00 secs] 
2015-04-14T20:13:15.221-0100: 686.017: Total time for which application threads were stopped: 0.0012750 seconds, Stopping threads took: 0.0000206 seconds
2015-04-14T20:13:16.101-0100: 686.897: [GC (Allocation Failure) 
Desired survivor size 524288 bytes, new threshold 15 (max 15)
[PSYoungGen: 2336K->288K(2560K)] 11190K->9142K(13824K), 0.0009634 secs] [Times: user=0.00 sys=0.00, real=0.00 secs] 
2015-04-14T20:13:16.102-0100: 686.898: Total time for which application threads were stopped: 0.0011315 seconds, Stopping threads took: 0.0000192 seconds
2015-04-14T20:13:16.891-0100: 687.687: [GC (Allocation Failure) 
Desired survivor size 524288 bytes, new threshold 15 (max 15)
[PSYoungGen: 2336K->224K(2560K)] 11190K->9078K(13824K), 0.0009239 secs] [Times: user=0.00 sys=0.00, real=0.00 secs] 
2015-04-14T20:13:16.892-0100: 687.688: Total time for which application threads were stopped: 0.0010992 seconds, Stopping threads took: 0.0000195 seconds
2015-04-14T20:13:17.659-0100: 688.455: [GC (Allocation Failure) 
Desired survivor size 524288 bytes, new threshold 15 (max 15)
[PSYoungGen: 2272K->288K(2560K)] 11126K->9142K(13824K), 0.0007942 secs] [Times: user=0.00 sys=0.00, real=0.01 secs] 
2015-04-14T20:13:17.660-0100: 688.456: Total time for which application threads were stopped: 0.0009491 seconds, Stopping threads took: 0.0000218 seconds
2015-04-14T20:13:18.313-0100: 689.110: [GC (Allocation Failure) 
Desired survivor size 524288 bytes, new threshold 15 (max 15)
[PSYoungGen: 2336K->288K(2560K)] 11190K->9142K(13824K), 0.0008442 secs] [Times: user=0.00 sys=0.00, real=0.00 secs] 
2015-04-14T20:13:18.314-0100: 689.111: Total time for which application threads were stopped: 0.0009892 seconds, Stopping threads took: 0.0000171 seconds
2015-04-14T20:13:19.151-0100: 689.947: [GC (Allocation Failure) 
Desired survivor size 524288 bytes, new threshold 15 (max 15)
[PSYoungGen: 2336K->256K(2560K)] 11190K->9118K(13824K), 0.0009911 secs] [Times: user=0.01 sys=0.00, real=0.00 secs] 
2015-04-14T20:13:19.152-0100: 689.948: Total time for which application threads were stopped: 0.0011628 seconds, Stopping threads took: 0.0000175 seconds
2015-04-14T20:13:19.866-0100: 690.662: [GC (Allocation Failure) 
Desired survivor size 524288 bytes, new threshold 15 (max 15)
[PSYoungGen: 2304K->256K(2560K)] 11166K->9118K(13824K), 0.0010255 secs] [Times: user=0.00 sys=0.00, real=0.00 secs] 
2015-04-14T20:13:19.867-0100: 690.663: Total time for which application threads were stopped: 0.0012257 seconds, Stopping threads took: 0.0000218 seconds
2015-04-14T20:13:20.453-0100: 691.249: [GC (Allocation Failure) 
Desired survivor size 524288 bytes, new threshold 15 (max 15)
[PSYoungGen: 2304K->288K(2560K)] 11166K->9150K(13824K), 0.0010482 secs] [Times: user=0.00 sys=0.00, real=0.00 secs] 
2015-04-14T20:13:20.454-0100: 691.250: Total time for which application threads were stopped: 0.0012477 seconds, Stopping threads took: 0.0000205 seconds
2015-04-14T20:13:21.154-0100: 691.950: [GC (Allocation Failure) 
Desired survivor size 524288 bytes, new threshold 15 (max 15)
[PSYoungGen: 2336K->288K(2560K)] 11198K->9158K(13824K), 0.0011055 secs] [Times: user=0.00 sys=0.00, real=0.00 secs] 
2015-04-14T20:13:21.155-0100: 691.951: Total time for which application threads were stopped: 0.0012993 seconds, Stopping threads took: 0.0000223 seconds
2015-04-14T20:13:21.991-0100: 692.788: [GC (Allocation Failure) 
Desired survivor size 524288 bytes, new threshold 15 (max 15)
[PSYoungGen: 2336K->288K(2560K)] 11206K->9158K(13824K), 0.0010295 secs] [Times: user=0.00 sys=0.00, real=0.00 secs] 
2015-04-14T20:13:21.993-0100: 692.789: Total time for which application threads were stopped: 0.0012264 seconds, Stopping threads took: 0.0000214 seconds
2015-04-14T20:13:22.460-0100: 693.256: [GC (Allocation Failure) 
Desired survivor size 524288 bytes, new threshold 15 (max 15)
[PSYoungGen: 2336K->256K(2560K)] 11206K->9126K(13824K), 0.0007741 secs] [Times: user=0.00 sys=0.00, real=0.00 secs] 
2015-04-14T20:13:22.460-0100: 693.257: Total time for which application threads were stopped: 0.0009210 seconds, Stopping threads took: 0.0000177 seconds
2015-04-14T20:13:23.246-0100: 694.042: [GC (Allocation Failure) 
Desired survivor size 524288 bytes, new threshold 15 (max 15)
[PSYoungGen: 2304K->288K(2560K)] 11174K->9158K(13824K), 0.0009571 secs] [Times: user=0.00 sys=0.00, real=0.00 secs] 
2015-04-14T20:13:23.247-0100: 694.043: Total time for which application threads were stopped: 0.0011230 seconds, Stopping threads took: 0.0000181 seconds
2015-04-14T20:13:23.931-0100: 694.728: [GC (Allocation Failure) 
Desired survivor size 524288 bytes, new threshold 15 (max 15)
[PSYoungGen: 2336K->192K(2560K)] 11206K->9062K(13824K), 0.0008387 secs] [Times: user=0.01 sys=0.00, real=0.00 secs] 
2015-04-14T20:13:23.932-0100: 694.729: Total time for which application threads were stopped: 0.0009984 seconds, Stopping threads took: 0.0000164 seconds
2015-04-14T20:13:24.583-0100: 695.380: [GC (Allocation Failure) 
Desired survivor size 524288 bytes, new threshold 15 (max 15)
[PSYoungGen: 2240K->288K(2560K)] 11110K->9158K(13824K), 0.0008140 secs] [Times: user=0.00 sys=0.00, real=0.00 secs] 
2015-04-14T20:13:24.584-0100: 695.381: Total time for which application threads were stopped: 0.0009688 seconds, Stopping threads took: 0.0000161 seconds
2015-04-14T20:13:25.370-0100: 696.167: [GC (Allocation Failure) 
Desired survivor size 524288 bytes, new threshold 15 (max 15)
[PSYoungGen: 2336K->256K(2560K)] 11206K->9126K(13824K), 0.0010536 secs] [Times: user=0.01 sys=0.00, real=0.00 secs] 
2015-04-14T20:13:25.371-0100: 696.168: Total time for which application threads were stopped: 0.0012360 seconds, Stopping threads took: 0.0000206 seconds
2015-04-14T20:13:26.069-0100: 696.865: [GC (Allocation Failure) 
Desired survivor size 524288 bytes, new threshold 15 (max 15)
[PSYoungGen: 2304K->256K(2560K)] 11174K->9142K(13824K), 0.0009894 secs] [Times: user=0.00 sys=0.00, real=0.01 secs] 
2015-04-14T20:13:26.070-0100: 696.867: Total time for which application threads were stopped: 0.0011640 seconds, Stopping threads took: 0.0000193 seconds
2015-04-14T20:13:26.789-0100: 697.586: [GC (Allocation Failure) 
Desired survivor size 524288 bytes, new threshold 15 (max 15)
[PSYoungGen: 2304K->288K(2560K)] 11190K->9174K(13824K), 0.0010244 secs] [Times: user=0.01 sys=0.00, real=0.01 secs] 
2015-04-14T20:13:26.790-0100: 697.587: Total time for which application threads were stopped: 0.0012130 seconds, Stopping threads took: 0.0000182 seconds
2015-04-14T20:13:27.542-0100: 698.338: [GC (Allocation Failure) 
Desired survivor size 524288 bytes, new threshold 15 (max 15)
[PSYoungGen: 2336K->256K(2560K)] 11222K->9142K(13824K), 0.0010940 secs] [Times: user=0.00 sys=0.00, real=0.00 secs] 
2015-04-14T20:13:27.543-0100: 698.340: Total time for which application threads were stopped: 0.0012869 seconds, Stopping threads took: 0.0000203 seconds
2015-04-14T20:13:28.328-0100: 699.124: [GC (Allocation Failure) 
Desired survivor size 524288 bytes, new threshold 15 (max 15)
[PSYoungGen: 2304K->256K(2560K)] 11190K->9142K(13824K), 0.0011038 secs] [Times: user=0.01 sys=0.00, real=0.00 secs] 
2015-04-14T20:13:28.329-0100: 699.125: Total time for which application threads were stopped: 0.0012967 seconds, Stopping threads took: 0.0000215 seconds
2015-04-14T20:13:29.080-0100: 699.877: [GC (Allocation Failure) 
Desired survivor size 524288 bytes, new threshold 15 (max 15)
[PSYoungGen: 2304K->256K(2560K)] 11190K->9150K(13824K), 0.0010866 secs] [Times: user=0.01 sys=0.00, real=0.00 secs] 
2015-04-14T20:13:29.081-0100: 699.878: Total time for which application threads were stopped: 0.0012783 seconds, Stopping threads took: 0.0000204 seconds
2015-04-14T20:13:29.749-0100: 700.546: [GC (Allocation Failure) 
Desired survivor size 524288 bytes, new threshold 15 (max 15)
[PSYoungGen: 2304K->256K(2560K)] 11198K->9166K(13824K), 0.0008158 secs] [Times: user=0.01 sys=0.00, real=0.01 secs] 
2015-04-14T20:13:29.750-0100: 700.547: Total time for which application threads were stopped: 0.0009564 seconds, Stopping threads took: 0.0000178 seconds
2015-04-14T20:13:30.502-0100: 701.298: [GC (Allocation Failure) 
Desired survivor size 524288 bytes, new threshold 15 (max 15)
[PSYoungGen: 2304K->288K(2560K)] 11214K->9230K(13824K), 0.0009776 secs] [Times: user=0.00 sys=0.00, real=0.00 secs] 
2015-04-14T20:13:30.503-0100: 701.299: Total time for which application threads were stopped: 0.0011509 seconds, Stopping threads took: 0.0000198 seconds
2015-04-14T20:13:31.387-0100: 702.184: [GC (Allocation Failure) 
Desired survivor size 524288 bytes, new threshold 15 (max 15)
[PSYoungGen: 2336K->288K(2560K)] 11278K->9230K(13824K), 0.0009606 secs] [Times: user=0.00 sys=0.00, real=0.00 secs] 
2015-04-14T20:13:31.388-0100: 702.185: Total time for which application threads were stopped: 0.0011210 seconds, Stopping threads took: 0.0000179 seconds
2015-04-14T20:13:32.040-0100: 702.837: [GC (Allocation Failure) 
Desired survivor size 524288 bytes, new threshold 15 (max 15)
[PSYoungGen: 2336K->288K(2560K)] 11278K->9238K(13824K), 0.0010247 secs] [Times: user=0.00 sys=0.00, real=0.00 secs] 
2015-04-14T20:13:32.041-0100: 702.838: Total time for which application threads were stopped: 0.0012205 seconds, Stopping threads took: 0.0000227 seconds
2015-04-14T20:13:32.740-0100: 703.537: [GC (Allocation Failure) 
Desired survivor size 524288 bytes, new threshold 15 (max 15)
[PSYoungGen: 2336K->288K(2560K)] 11286K->9238K(13824K), 0.0010349 secs] [Times: user=0.00 sys=0.00, real=0.00 secs] 
2015-04-14T20:13:32.741-0100: 703.538: Total time for which application threads were stopped: 0.0012595 seconds, Stopping threads took: 0.0000262 seconds
2015-04-14T20:13:33.445-0100: 704.242: [GC (Allocation Failure) 
Desired survivor size 524288 bytes, new threshold 15 (max 15)
[PSYoungGen: 2336K->288K(2560K)] 11286K->9238K(13824K), 0.0009468 secs] [Times: user=0.01 sys=0.00, real=0.00 secs] 
2015-04-14T20:13:33.446-0100: 704.243: Total time for which application threads were stopped: 0.0011255 seconds, Stopping threads took: 0.0000196 seconds
2015-04-14T20:13:34.164-0100: 704.961: [GC (Allocation Failure) 
Desired survivor size 524288 bytes, new threshold 15 (max 15)
[PSYoungGen: 2336K->256K(2560K)] 11286K->9206K(13824K), 0.0010523 secs] [Times: user=0.00 sys=0.00, real=0.00 secs] 
2015-04-14T20:13:34.165-0100: 704.962: Total time for which application threads were stopped: 0.0012592 seconds, Stopping threads took: 0.0000210 seconds
2015-04-14T20:13:34.847-0100: 705.644: [GC (Allocation Failure) 
Desired survivor size 524288 bytes, new threshold 15 (max 15)
[PSYoungGen: 2304K->256K(2560K)] 11254K->9238K(13824K), 0.0007679 secs] [Times: user=0.00 sys=0.00, real=0.00 secs] 
2015-04-14T20:13:34.848-0100: 705.645: Total time for which application threads were stopped: 0.0009117 seconds, Stopping threads took: 0.0000156 seconds
2015-04-14T20:13:35.633-0100: 706.430: [GC (Allocation Failure) 
Desired survivor size 524288 bytes, new threshold 15 (max 15)
[PSYoungGen: 2304K->288K(2560K)] 11286K->9278K(13824K), 0.0011639 secs] [Times: user=0.00 sys=0.00, real=0.00 secs] 
2015-04-14T20:13:35.634-0100: 706.431: Total time for which application threads were stopped: 0.0013736 seconds, Stopping threads took: 0.0000226 seconds
2015-04-14T20:13:36.429-0100: 707.225: [GC (Allocation Failure) 
Desired survivor size 524288 bytes, new threshold 15 (max 15)
[PSYoungGen: 2336K->256K(2560K)] 11326K->9246K(13824K), 0.0007742 secs] [Times: user=0.00 sys=0.00, real=0.01 secs] 
2015-04-14T20:13:36.430-0100: 707.226: Total time for which application threads were stopped: 0.0009115 seconds, Stopping threads took: 0.0000159 seconds
2015-04-14T20:13:37.073-0100: 707.869: [GC (Allocation Failure) 
Desired survivor size 524288 bytes, new threshold 15 (max 15)
[PSYoungGen: 2304K->288K(2560K)] 11294K->9278K(13824K), 0.0008965 secs] [Times: user=0.00 sys=0.00, real=0.00 secs] 
2015-04-14T20:13:37.074-0100: 707.870: Total time for which application threads were stopped: 0.0010613 seconds, Stopping threads took: 0.0000216 seconds
2015-04-14T20:13:37.782-0100: 708.579: [GC (Allocation Failure) 
Desired survivor size 524288 bytes, new threshold 15 (max 15)
[PSYoungGen: 2336K->288K(2560K)] 11326K->9278K(13824K), 0.0008056 secs] [Times: user=0.00 sys=0.00, real=0.00 secs] 
2015-04-14T20:13:37.783-0100: 708.579: Total time for which application threads were stopped: 0.0009605 seconds, Stopping threads took: 0.0000152 seconds
2015-04-14T20:13:38.526-0100: 709.322: [GC (Allocation Failure) 
Desired survivor size 524288 bytes, new threshold 15 (max 15)
[PSYoungGen: 2336K->288K(2560K)] 11326K->9286K(13824K), 0.0009701 secs] [Times: user=0.00 sys=0.00, real=0.00 secs] 
2015-04-14T20:13:38.527-0100: 709.323: Total time for which application threads were stopped: 0.0011502 seconds, Stopping threads took: 0.0000194 seconds
2015-04-14T20:13:39.278-0100: 710.075: [GC (Allocation Failure) 
Desired survivor size 524288 bytes, new threshold 15 (max 15)
[PSYoungGen: 2336K->256K(2560K)] 11334K->9254K(13824K), 0.0009497 secs] [Times: user=0.00 sys=0.00, real=0.00 secs] 
2015-04-14T20:13:39.279-0100: 710.076: Total time for which application threads were stopped: 0.0011229 seconds, Stopping threads took: 0.0000181 seconds
2015-04-14T20:13:39.882-0100: 710.679: [GC (Allocation Failure) 
Desired survivor size 524288 bytes, new threshold 15 (max 15)
[PSYoungGen: 2304K->288K(2560K)] 11302K->9286K(13824K), 0.0008615 secs] [Times: user=0.01 sys=0.01, real=0.00 secs] 
2015-04-14T20:13:39.883-0100: 710.680: Total time for which application threads were stopped: 0.0010195 seconds, Stopping threads took: 0.0000168 seconds
2015-04-14T20:13:40.503-0100: 711.300: [GC (Allocation Failure) 
Desired survivor size 524288 bytes, new threshold 15 (max 15)
[PSYoungGen: 2336K->288K(2560K)] 11334K->9302K(13824K), 0.0010271 secs] [Times: user=0.00 sys=0.00, real=0.00 secs] 
2015-04-14T20:13:40.504-0100: 711.301: Total time for which application threads were stopped: 0.0012011 seconds, Stopping threads took: 0.0000191 seconds
2015-04-14T20:13:40.915-0100: 711.711: [GC (Allocation Failure) 
Desired survivor size 524288 bytes, new threshold 15 (max 15)
[PSYoungGen: 2336K->288K(2560K)] 11350K->9302K(13824K), 0.0010004 secs] [Times: user=0.00 sys=0.00, real=0.00 secs] 
2015-04-14T20:13:40.916-0100: 711.712: Total time for which application threads were stopped: 0.0011713 seconds, Stopping threads took: 0.0000247 seconds
2015-04-14T20:13:41.669-0100: 712.466: [GC (Allocation Failure) 
Desired survivor size 524288 bytes, new threshold 15 (max 15)
[PSYoungGen: 2336K->288K(2560K)] 11350K->9302K(13824K), 0.0010970 secs] [Times: user=0.00 sys=0.00, real=0.01 secs] 
2015-04-14T20:13:41.670-0100: 712.467: Total time for which application threads were stopped: 0.0013058 seconds, Stopping threads took: 0.0000273 seconds
2015-04-14T20:13:42.405-0100: 713.202: [GC (Allocation Failure) 
Desired survivor size 524288 bytes, new threshold 15 (max 15)
[PSYoungGen: 2336K->224K(2560K)] 11350K->9238K(13824K), 0.0009956 secs] [Times: user=0.01 sys=0.00, real=0.00 secs] 
2015-04-14T20:13:42.406-0100: 713.203: Total time for which application threads were stopped: 0.0011704 seconds, Stopping threads took: 0.0000199 seconds
2015-04-14T20:13:42.992-0100: 713.788: [GC (Allocation Failure) 
Desired survivor size 524288 bytes, new threshold 15 (max 15)
[PSYoungGen: 2272K->288K(2560K)] 11286K->9302K(13824K), 0.0010460 secs] [Times: user=0.01 sys=0.00, real=0.00 secs] 
2015-04-14T20:13:42.993-0100: 713.790: Total time for which application threads were stopped: 0.0012596 seconds, Stopping threads took: 0.0000227 seconds
2015-04-14T20:13:43.669-0100: 714.465: [GC (Allocation Failure) 
Desired survivor size 524288 bytes, new threshold 15 (max 15)
[PSYoungGen: 2336K->288K(2560K)] 11350K->9318K(13824K), 0.0008210 secs] [Times: user=0.01 sys=0.00, real=0.00 secs] 
2015-04-14T20:13:43.669-0100: 714.466: Total time for which application threads were stopped: 0.0009646 seconds, Stopping threads took: 0.0000158 seconds
2015-04-14T20:13:44.327-0100: 715.124: [GC (Allocation Failure) 
Desired survivor size 524288 bytes, new threshold 15 (max 15)
[PSYoungGen: 2336K->288K(2560K)] 11366K->9318K(13824K), 0.0008239 secs] [Times: user=0.00 sys=0.00, real=0.00 secs] 
2015-04-14T20:13:44.328-0100: 715.125: Total time for which application threads were stopped: 0.0009695 seconds, Stopping threads took: 0.0000176 seconds
2015-04-14T20:13:44.697-0100: 715.494: [GC (Allocation Failure) 
Desired survivor size 524288 bytes, new threshold 15 (max 15)
[PSYoungGen: 2336K->256K(2560K)] 11366K->9286K(13824K), 0.0008965 secs] [Times: user=0.00 sys=0.00, real=0.00 secs] 
2015-04-14T20:13:44.698-0100: 715.495: Total time for which application threads were stopped: 0.0010561 seconds, Stopping threads took: 0.0000167 seconds
2015-04-14T20:13:45.414-0100: 716.211: [GC (Allocation Failure) 
Desired survivor size 524288 bytes, new threshold 15 (max 15)
[PSYoungGen: 2304K->256K(2560K)] 11334K->9286K(13824K), 0.0011713 secs] [Times: user=0.00 sys=0.00, real=0.00 secs] 
2015-04-14T20:13:45.415-0100: 716.212: Total time for which application threads were stopped: 0.0013916 seconds, Stopping threads took: 0.0000225 seconds
2015-04-14T20:13:46.050-0100: 716.847: [GC (Allocation Failure) 
Desired survivor size 524288 bytes, new threshold 15 (max 15)
[PSYoungGen: 2304K->224K(2560K)] 11334K->9254K(13824K), 0.0010701 secs] [Times: user=0.00 sys=0.00, real=0.00 secs] 
2015-04-14T20:13:46.051-0100: 716.848: Total time for which application threads were stopped: 0.0012604 seconds, Stopping threads took: 0.0000213 seconds
2015-04-14T20:13:46.685-0100: 717.482: [GC (Allocation Failure) 
Desired survivor size 524288 bytes, new threshold 15 (max 15)
[PSYoungGen: 2272K->256K(2560K)] 11302K->9294K(13824K), 0.0010108 secs] [Times: user=0.00 sys=0.00, real=0.00 secs] 
2015-04-14T20:13:46.686-0100: 717.483: Total time for which application threads were stopped: 0.0011832 seconds, Stopping threads took: 0.0000197 seconds
2015-04-14T20:13:47.319-0100: 718.116: [GC (Allocation Failure) 
Desired survivor size 524288 bytes, new threshold 15 (max 15)
[PSYoungGen: 2304K->288K(2560K)] 11342K->9326K(13824K), 0.0011466 secs] [Times: user=0.00 sys=0.00, real=0.00 secs] 
2015-04-14T20:13:47.321-0100: 718.118: Total time for which application threads were stopped: 0.0013583 seconds, Stopping threads took: 0.0000227 seconds
2015-04-14T20:13:48.006-0100: 718.802: [GC (Allocation Failure) 
Desired survivor size 524288 bytes, new threshold 15 (max 15)
[PSYoungGen: 2336K->288K(2560K)] 11374K->9334K(13824K), 0.0008052 secs] [Times: user=0.00 sys=0.00, real=0.00 secs] 
2015-04-14T20:13:48.006-0100: 718.803: Total time for which application threads were stopped: 0.0009500 seconds, Stopping threads took: 0.0000180 seconds
2015-04-14T20:13:48.769-0100: 719.566: [GC (Allocation Failure) 
Desired survivor size 524288 bytes, new threshold 15 (max 15)
[PSYoungGen: 2336K->224K(2560K)] 11382K->9270K(13824K), 0.0009218 secs] [Times: user=0.01 sys=0.00, real=0.01 secs] 
2015-04-14T20:13:48.770-0100: 719.567: Total time for which application threads were stopped: 0.0010936 seconds, Stopping threads took: 0.0000181 seconds
2015-04-14T20:13:49.482-0100: 720.279: [GC (Allocation Failure) 
Desired survivor size 524288 bytes, new threshold 15 (max 15)
[PSYoungGen: 2272K->288K(2560K)] 11318K->9334K(13824K), 0.0011585 secs] [Times: user=0.00 sys=0.00, real=0.00 secs] 
2015-04-14T20:13:49.484-0100: 720.280: Total time for which application threads were stopped: 0.0014395 seconds, Stopping threads took: 0.0000351 seconds
2015-04-14T20:13:50.079-0100: 720.876: [GC (Allocation Failure) 
Desired survivor size 524288 bytes, new threshold 15 (max 15)
[PSYoungGen: 2336K->288K(2560K)] 11382K->9358K(13824K), 0.0009246 secs] [Times: user=0.00 sys=0.00, real=0.01 secs] 
2015-04-14T20:13:50.080-0100: 720.877: Total time for which application threads were stopped: 0.0010955 seconds, Stopping threads took: 0.0000206 seconds
2015-04-14T20:13:50.849-0100: 721.646: [GC (Allocation Failure) 
Desired survivor size 524288 bytes, new threshold 15 (max 15)
[PSYoungGen: 2336K->288K(2560K)] 11406K->9398K(13824K), 0.0009173 secs] [Times: user=0.00 sys=0.00, real=0.01 secs] 
2015-04-14T20:13:50.850-0100: 721.647: Total time for which application threads were stopped: 0.0010849 seconds, Stopping threads took: 0.0000189 seconds
2015-04-14T20:13:51.602-0100: 722.399: [GC (Allocation Failure) 
Desired survivor size 524288 bytes, new threshold 15 (max 15)
[PSYoungGen: 2336K->224K(2560K)] 11446K->9342K(13824K), 0.0010995 secs] [Times: user=0.01 sys=0.00, real=0.00 secs] 
2015-04-14T20:13:51.603-0100: 722.400: Total time for which application threads were stopped: 0.0012978 seconds, Stopping threads took: 0.0000210 seconds
2015-04-14T20:13:52.385-0100: 723.182: [GC (Allocation Failure) 
Desired survivor size 524288 bytes, new threshold 15 (max 15)
[PSYoungGen: 2272K->224K(2560K)] 11390K->9342K(13824K), 0.0008762 secs] [Times: user=0.01 sys=0.00, real=0.00 secs] 
2015-04-14T20:13:52.386-0100: 723.183: Total time for which application threads were stopped: 0.0010312 seconds, Stopping threads took: 0.0000143 seconds
2015-04-14T20:13:53.038-0100: 723.835: [GC (Allocation Failure) 
Desired survivor size 524288 bytes, new threshold 15 (max 15)
[PSYoungGen: 2272K->288K(2560K)] 11390K->9406K(13824K), 0.0009464 secs] [Times: user=0.01 sys=0.00, real=0.00 secs] 
2015-04-14T20:13:53.039-0100: 723.836: Total time for which application threads were stopped: 0.0011278 seconds, Stopping threads took: 0.0000195 seconds
2015-04-14T20:13:53.908-0100: 724.705: [GC (Allocation Failure) 
Desired survivor size 524288 bytes, new threshold 15 (max 15)
[PSYoungGen: 2336K->256K(2560K)] 11454K->9374K(13824K), 0.0009070 secs] [Times: user=0.00 sys=0.00, real=0.00 secs] 
2015-04-14T20:13:53.909-0100: 724.706: Total time for which application threads were stopped: 0.0010873 seconds, Stopping threads took: 0.0000188 seconds
2015-04-14T20:13:54.560-0100: 725.357: [GC (Allocation Failure) 
Desired survivor size 524288 bytes, new threshold 15 (max 15)
[PSYoungGen: 2304K->288K(2560K)] 11422K->9406K(13824K), 0.0009908 secs] [Times: user=0.00 sys=0.00, real=0.00 secs] 
2015-04-14T20:13:54.561-0100: 725.358: Total time for which application threads were stopped: 0.0011627 seconds, Stopping threads took: 0.0000190 seconds
2015-04-14T20:13:55.329-0100: 726.126: [GC (Allocation Failure) 
Desired survivor size 524288 bytes, new threshold 15 (max 15)
[PSYoungGen: 2336K->256K(2560K)] 11454K->9406K(13824K), 0.0008081 secs] [Times: user=0.00 sys=0.00, real=0.01 secs] 
2015-04-14T20:13:55.330-0100: 726.127: Total time for which application threads were stopped: 0.0009500 seconds, Stopping threads took: 0.0000154 seconds
2015-04-14T20:13:56.082-0100: 726.879: [GC (Allocation Failure) 
Desired survivor size 524288 bytes, new threshold 15 (max 15)
[PSYoungGen: 2304K->288K(2560K)] 11454K->9438K(13824K), 0.0008115 secs] [Times: user=0.01 sys=0.00, real=0.00 secs] 
2015-04-14T20:13:56.083-0100: 726.880: Total time for which application threads were stopped: 0.0009548 seconds, Stopping threads took: 0.0000178 seconds
2015-04-14T20:13:56.868-0100: 727.665: [GC (Allocation Failure) 
Desired survivor size 524288 bytes, new threshold 15 (max 15)
[PSYoungGen: 2336K->288K(2560K)] 11486K->9438K(13824K), 0.0010753 secs] [Times: user=0.01 sys=0.00, real=0.00 secs] 
2015-04-14T20:13:56.869-0100: 727.666: Total time for which application threads were stopped: 0.0012718 seconds, Stopping threads took: 0.0000214 seconds
2015-04-14T20:13:57.654-0100: 728.451: [GC (Allocation Failure) 
Desired survivor size 524288 bytes, new threshold 15 (max 15)
[PSYoungGen: 2336K->256K(2560K)] 11486K->9414K(13824K), 0.0010840 secs] [Times: user=0.00 sys=0.00, real=0.00 secs] 
2015-04-14T20:13:57.655-0100: 728.452: Total time for which application threads were stopped: 0.0012783 seconds, Stopping threads took: 0.0000218 seconds
2015-04-14T20:13:58.254-0100: 729.051: [GC (Allocation Failure) 
Desired survivor size 524288 bytes, new threshold 15 (max 15)
[PSYoungGen: 2304K->288K(2560K)] 11462K->9446K(13824K), 0.0010162 secs] [Times: user=0.01 sys=0.00, real=0.00 secs] 
2015-04-14T20:13:58.255-0100: 729.052: Total time for which application threads were stopped: 0.0011993 seconds, Stopping threads took: 0.0000202 seconds
2015-04-14T20:13:59.025-0100: 729.822: [GC (Allocation Failure) 
Desired survivor size 524288 bytes, new threshold 15 (max 15)
[PSYoungGen: 2336K->288K(2560K)] 11494K->9446K(13824K), 0.0009354 secs] [Times: user=0.00 sys=0.00, real=0.00 secs] 
2015-04-14T20:13:59.026-0100: 729.823: Total time for which application threads were stopped: 0.0011051 seconds, Stopping threads took: 0.0000184 seconds
2015-04-14T20:13:59.795-0100: 730.592: [GC (Allocation Failure) 
Desired survivor size 524288 bytes, new threshold 15 (max 15)
[PSYoungGen: 2336K->256K(2560K)] 11494K->9414K(13824K), 0.0009543 secs] [Times: user=0.00 sys=0.00, real=0.00 secs] 
2015-04-14T20:13:59.796-0100: 730.593: Total time for which application threads were stopped: 0.0011282 seconds, Stopping threads took: 0.0000187 seconds
2015-04-14T20:14:00.462-0100: 731.259: [GC (Allocation Failure) 
Desired survivor size 524288 bytes, new threshold 15 (max 15)
[PSYoungGen: 2304K->288K(2560K)] 11462K->9446K(13824K), 0.0008701 secs] [Times: user=0.01 sys=0.00, real=0.00 secs] 
2015-04-14T20:14:00.463-0100: 731.260: Total time for which application threads were stopped: 0.0010395 seconds, Stopping threads took: 0.0000197 seconds
2015-04-14T20:14:01.149-0100: 731.946: [GC (Allocation Failure) 
Desired survivor size 524288 bytes, new threshold 15 (max 15)
[PSYoungGen: 2336K->256K(2560K)] 11494K->9430K(13824K), 0.0009763 secs] [Times: user=0.00 sys=0.00, real=0.01 secs] 
2015-04-14T20:14:01.150-0100: 731.947: Total time for which application threads were stopped: 0.0011742 seconds, Stopping threads took: 0.0000196 seconds
2015-04-14T20:14:01.933-0100: 732.731: [GC (Allocation Failure) 
Desired survivor size 524288 bytes, new threshold 15 (max 15)
[PSYoungGen: 2304K->288K(2560K)] 11478K->9462K(13824K), 0.0011341 secs] [Times: user=0.00 sys=0.00, real=0.00 secs] 
2015-04-14T20:14:01.935-0100: 732.732: Total time for which application threads were stopped: 0.0013192 seconds, Stopping threads took: 0.0000216 seconds
2015-04-14T20:14:02.618-0100: 733.415: [GC (Allocation Failure) 
Desired survivor size 524288 bytes, new threshold 15 (max 15)
[PSYoungGen: 2336K->256K(2560K)] 11510K->9430K(13824K), 0.0009544 secs] [Times: user=0.00 sys=0.01, real=0.00 secs] 
2015-04-14T20:14:02.619-0100: 733.416: Total time for which application threads were stopped: 0.0011339 seconds, Stopping threads took: 0.0000188 seconds
2015-04-14T20:14:03.304-0100: 734.101: [GC (Allocation Failure) 
Desired survivor size 524288 bytes, new threshold 15 (max 15)
[PSYoungGen: 2304K->288K(2560K)] 11478K->9478K(13824K), 0.0008026 secs] [Times: user=0.00 sys=0.00, real=0.00 secs] 
2015-04-14T20:14:03.304-0100: 734.102: Total time for which application threads were stopped: 0.0009760 seconds, Stopping threads took: 0.0000187 seconds
2015-04-14T20:14:04.095-0100: 734.892: [GC (Allocation Failure) 
Desired survivor size 524288 bytes, new threshold 15 (max 15)
[PSYoungGen: 2336K->224K(2560K)] 11526K->9422K(13824K), 0.0008692 secs] [Times: user=0.00 sys=0.00, real=0.00 secs] 
2015-04-14T20:14:04.096-0100: 734.893: Total time for which application threads were stopped: 0.0010208 seconds, Stopping threads took: 0.0000172 seconds
2015-04-14T20:14:04.842-0100: 735.639: [GC (Allocation Failure) 
Desired survivor size 524288 bytes, new threshold 15 (max 15)
[PSYoungGen: 2272K->288K(2560K)] 11470K->9486K(13824K), 0.0010190 secs] [Times: user=0.00 sys=0.00, real=0.00 secs] 
2015-04-14T20:14:04.843-0100: 735.640: Total time for which application threads were stopped: 0.0012061 seconds, Stopping threads took: 0.0000191 seconds
2015-04-14T20:14:05.326-0100: 736.123: [GC (Allocation Failure) 
Desired survivor size 524288 bytes, new threshold 15 (max 15)
[PSYoungGen: 2336K->288K(2560K)] 11534K->9486K(13824K), 0.0010788 secs] [Times: user=0.00 sys=0.00, real=0.00 secs] 
2015-04-14T20:14:05.327-0100: 736.124: Total time for which application threads were stopped: 0.0012568 seconds, Stopping threads took: 0.0000196 seconds
2015-04-14T20:14:06.198-0100: 736.996: [GC (Allocation Failure) 
Desired survivor size 524288 bytes, new threshold 15 (max 15)
[PSYoungGen: 2336K->288K(2560K)] 11534K->9486K(13824K), 0.0009718 secs] [Times: user=0.01 sys=0.00, real=0.00 secs] 
2015-04-14T20:14:06.200-0100: 736.997: Total time for which application threads were stopped: 0.0011372 seconds, Stopping threads took: 0.0000184 seconds
2015-04-14T20:14:06.965-0100: 737.763: [GC (Allocation Failure) 
Desired survivor size 524288 bytes, new threshold 15 (max 15)
[PSYoungGen: 2336K->288K(2560K)] 11534K->9486K(13824K), 0.0009138 secs] [Times: user=0.00 sys=0.00, real=0.00 secs] 
2015-04-14T20:14:06.966-0100: 737.764: Total time for which application threads were stopped: 0.0010972 seconds, Stopping threads took: 0.0000204 seconds
2015-04-14T20:14:07.635-0100: 738.432: [GC (Allocation Failure) 
Desired survivor size 524288 bytes, new threshold 15 (max 15)
[PSYoungGen: 2336K->288K(2560K)] 11534K->9486K(13824K), 0.0009884 secs] [Times: user=0.01 sys=0.00, real=0.00 secs] 
2015-04-14T20:14:07.636-0100: 738.433: Total time for which application threads were stopped: 0.0011768 seconds, Stopping threads took: 0.0000201 seconds
2015-04-14T20:14:08.291-0100: 739.088: [GC (Allocation Failure) 
Desired survivor size 524288 bytes, new threshold 15 (max 15)
[PSYoungGen: 2336K->256K(2560K)] 11534K->9454K(13824K), 0.0007929 secs] [Times: user=0.01 sys=0.00, real=0.00 secs] 
2015-04-14T20:14:08.292-0100: 739.089: Total time for which application threads were stopped: 0.0009332 seconds, Stopping threads took: 0.0000182 seconds
2015-04-14T20:14:09.172-0100: 739.970: [GC (Allocation Failure) 
Desired survivor size 524288 bytes, new threshold 15 (max 15)
[PSYoungGen: 2304K->256K(2560K)] 11502K->9462K(13824K), 0.0009286 secs] [Times: user=0.00 sys=0.00, real=0.00 secs] 
2015-04-14T20:14:09.173-0100: 739.971: Total time for which application threads were stopped: 0.0010995 seconds, Stopping threads took: 0.0000187 seconds
2015-04-14T20:14:09.641-0100: 740.438: [GC (Allocation Failure) 
Desired survivor size 524288 bytes, new threshold 15 (max 15)
[PSYoungGen: 2304K->288K(2560K)] 11510K->9494K(13824K), 0.0011199 secs] [Times: user=0.00 sys=0.00, real=0.00 secs] 
2015-04-14T20:14:09.642-0100: 740.439: Total time for which application threads were stopped: 0.0013180 seconds, Stopping threads took: 0.0000224 seconds
2015-04-14T20:14:10.326-0100: 741.123: [GC (Allocation Failure) 
Desired survivor size 524288 bytes, new threshold 15 (max 15)
[PSYoungGen: 2336K->224K(2560K)] 11542K->9446K(13824K), 0.0011155 secs] [Times: user=0.01 sys=0.00, real=0.00 secs] 
2015-04-14T20:14:10.327-0100: 741.124: Total time for which application threads were stopped: 0.0013193 seconds, Stopping threads took: 0.0000232 seconds
2015-04-14T20:14:11.179-0100: 741.976: [GC (Allocation Failure) 
Desired survivor size 524288 bytes, new threshold 15 (max 15)
[PSYoungGen: 2272K->288K(2560K)] 11494K->9542K(13824K), 0.0007878 secs] [Times: user=0.00 sys=0.00, real=0.01 secs] 
2015-04-14T20:14:11.180-0100: 741.977: Total time for which application threads were stopped: 0.0009313 seconds, Stopping threads took: 0.0000166 seconds
2015-04-14T20:14:11.762-0100: 742.559: [GC (Allocation Failure) 
Desired survivor size 524288 bytes, new threshold 15 (max 15)
[PSYoungGen: 2336K->288K(2560K)] 11590K->9542K(13824K), 0.0009448 secs] [Times: user=0.01 sys=0.00, real=0.00 secs] 
2015-04-14T20:14:11.763-0100: 742.560: Total time for which application threads were stopped: 0.0011866 seconds, Stopping threads took: 0.0000841 seconds
2015-04-14T20:14:12.483-0100: 743.280: [GC (Allocation Failure) 
Desired survivor size 524288 bytes, new threshold 15 (max 15)
[PSYoungGen: 2336K->288K(2560K)] 11590K->9542K(13824K), 0.0011084 secs] [Times: user=0.00 sys=0.00, real=0.00 secs] 
2015-04-14T20:14:12.484-0100: 743.281: Total time for which application threads were stopped: 0.0013199 seconds, Stopping threads took: 0.0000201 seconds
2015-04-14T20:14:13.270-0100: 744.068: [GC (Allocation Failure) 
Desired survivor size 524288 bytes, new threshold 15 (max 15)
[PSYoungGen: 2336K->256K(2560K)] 11590K->9526K(13824K), 0.0011182 secs] [Times: user=0.00 sys=0.00, real=0.00 secs] 
2015-04-14T20:14:13.272-0100: 744.069: Total time for which application threads were stopped: 0.0013296 seconds, Stopping threads took: 0.0000192 seconds
2015-04-14T20:14:13.869-0100: 744.667: [GC (Allocation Failure) 
Desired survivor size 524288 bytes, new threshold 15 (max 15)
[PSYoungGen: 2304K->256K(2560K)] 11574K->9550K(13824K), 0.0011061 secs] [Times: user=0.00 sys=0.00, real=0.01 secs] 
2015-04-14T20:14:13.871-0100: 744.668: Total time for which application threads were stopped: 0.0012935 seconds, Stopping threads took: 0.0000210 seconds
2015-04-14T20:14:14.490-0100: 745.287: [GC (Allocation Failure) 
Desired survivor size 524288 bytes, new threshold 15 (max 15)
[PSYoungGen: 2304K->288K(2560K)] 11598K->9614K(13824K), 0.0009340 secs] [Times: user=0.01 sys=0.00, real=0.00 secs] 
2015-04-14T20:14:14.491-0100: 745.288: Total time for which application threads were stopped: 0.0011067 seconds, Stopping threads took: 0.0000192 seconds
2015-04-14T20:14:15.275-0100: 746.072: [GC (Allocation Failure) 
Desired survivor size 524288 bytes, new threshold 15 (max 15)
[PSYoungGen: 2336K->288K(2560K)] 11662K->9622K(13824K), 0.0009303 secs] [Times: user=0.01 sys=0.00, real=0.00 secs] 
2015-04-14T20:14:15.276-0100: 746.073: Total time for which application threads were stopped: 0.0011042 seconds, Stopping threads took: 0.0000193 seconds
2015-04-14T20:14:16.027-0100: 746.824: [GC (Allocation Failure) 
Desired survivor size 524288 bytes, new threshold 15 (max 15)
[PSYoungGen: 2336K->288K(2560K)] 11670K->9654K(13824K), 0.0008468 secs] [Times: user=0.00 sys=0.00, real=0.00 secs] 
2015-04-14T20:14:16.028-0100: 746.825: Total time for which application threads were stopped: 0.0009832 seconds, Stopping threads took: 0.0000175 seconds
2015-04-14T20:14:16.683-0100: 747.480: [GC (Allocation Failure) 
Desired survivor size 524288 bytes, new threshold 15 (max 15)
[PSYoungGen: 2336K->256K(2560K)] 11702K->9622K(13824K), 0.0010072 secs] [Times: user=0.01 sys=0.00, real=0.00 secs] 
2015-04-14T20:14:16.684-0100: 747.481: Total time for which application threads were stopped: 0.0011914 seconds, Stopping threads took: 0.0000190 seconds
2015-04-14T20:14:17.365-0100: 748.163: [GC (Allocation Failure) 
Desired survivor size 524288 bytes, new threshold 15 (max 15)
[PSYoungGen: 2304K->288K(2560K)] 11670K->9670K(13824K), 0.0009772 secs] [Times: user=0.01 sys=0.00, real=0.00 secs] 
2015-04-14T20:14:17.366-0100: 748.164: Total time for which application threads were stopped: 0.0011414 seconds, Stopping threads took: 0.0000187 seconds
2015-04-14T20:14:18.118-0100: 748.915: [GC (Allocation Failure) 
Desired survivor size 524288 bytes, new threshold 15 (max 15)
[PSYoungGen: 2336K->256K(2560K)] 11718K->9638K(13824K), 0.0010115 secs] [Times: user=0.01 sys=0.00, real=0.00 secs] 
2015-04-14T20:14:18.119-0100: 748.916: Total time for which application threads were stopped: 0.0012507 seconds, Stopping threads took: 0.0000230 seconds
2015-04-14T20:14:18.783-0100: 749.581: [GC (Allocation Failure) 
Desired survivor size 524288 bytes, new threshold 15 (max 15)
[PSYoungGen: 2304K->256K(2560K)] 11686K->9638K(13824K), 0.0010862 secs] [Times: user=0.00 sys=0.00, real=0.00 secs] 
2015-04-14T20:14:18.784-0100: 749.582: Total time for which application threads were stopped: 0.0013690 seconds, Stopping threads took: 0.0000322 seconds
2015-04-14T20:14:19.490-0100: 750.287: [GC (Allocation Failure) 
Desired survivor size 524288 bytes, new threshold 15 (max 15)
[PSYoungGen: 2304K->256K(2560K)] 11686K->9638K(13824K), 0.0007995 secs] [Times: user=0.00 sys=0.00, real=0.00 secs] 
2015-04-14T20:14:19.490-0100: 750.288: Total time for which application threads were stopped: 0.0009419 seconds, Stopping threads took: 0.0000166 seconds
2015-04-14T20:14:20.274-0100: 751.071: [GC (Allocation Failure) 
Desired survivor size 524288 bytes, new threshold 15 (max 15)
[PSYoungGen: 2304K->288K(2560K)] 11686K->9670K(13824K), 0.0010013 secs] [Times: user=0.01 sys=0.00, real=0.00 secs] 
2015-04-14T20:14:20.275-0100: 751.072: Total time for which application threads were stopped: 0.0011910 seconds, Stopping threads took: 0.0000211 seconds
2015-04-14T20:14:20.942-0100: 751.740: [GC (Allocation Failure) 
Desired survivor size 524288 bytes, new threshold 15 (max 15)
[PSYoungGen: 2336K->288K(2560K)] 11718K->9670K(13824K), 0.0008045 secs] [Times: user=0.00 sys=0.00, real=0.00 secs] 
2015-04-14T20:14:20.943-0100: 751.740: Total time for which application threads were stopped: 0.0009605 seconds, Stopping threads took: 0.0000164 seconds
2015-04-14T20:14:21.712-0100: 752.510: [GC (Allocation Failure) 
Desired survivor size 524288 bytes, new threshold 15 (max 15)
[PSYoungGen: 2336K->288K(2560K)] 11718K->9670K(13824K), 0.0011143 secs] [Times: user=0.00 sys=0.00, real=0.00 secs] 
2015-04-14T20:14:21.713-0100: 752.511: Total time for which application threads were stopped: 0.0013215 seconds, Stopping threads took: 0.0000240 seconds
2015-04-14T20:14:22.503-0100: 753.301: [GC (Allocation Failure) 
Desired survivor size 524288 bytes, new threshold 15 (max 15)
[PSYoungGen: 2336K->288K(2560K)] 11718K->9670K(13824K), 0.0008453 secs] [Times: user=0.00 sys=0.00, real=0.00 secs] 
2015-04-14T20:14:22.504-0100: 753.302: Total time for which application threads were stopped: 0.0010026 seconds, Stopping threads took: 0.0000161 seconds
2015-04-14T20:14:23.217-0100: 754.014: [GC (Allocation Failure) 
Desired survivor size 524288 bytes, new threshold 15 (max 15)
[PSYoungGen: 2336K->288K(2560K)] 11718K->9670K(13824K), 0.0008453 secs] [Times: user=0.01 sys=0.00, real=0.00 secs] 
2015-04-14T20:14:23.218-0100: 754.015: Total time for which application threads were stopped: 0.0010273 seconds, Stopping threads took: 0.0000205 seconds
2015-04-14T20:14:23.983-0100: 754.781: [GC (Allocation Failure) 
Desired survivor size 524288 bytes, new threshold 15 (max 15)
[PSYoungGen: 2336K->288K(2560K)] 11718K->9670K(13824K), 0.0008675 secs] [Times: user=0.00 sys=0.00, real=0.00 secs] 
2015-04-14T20:14:23.984-0100: 754.782: Total time for which application threads were stopped: 0.0010216 seconds, Stopping threads took: 0.0000175 seconds
2015-04-14T20:14:24.610-0100: 755.408: [GC (Allocation Failure) 
Desired survivor size 524288 bytes, new threshold 15 (max 15)
[PSYoungGen: 2336K->256K(2560K)] 11718K->9638K(13824K), 0.0009585 secs] [Times: user=0.00 sys=0.00, real=0.00 secs] 
2015-04-14T20:14:24.611-0100: 755.409: Total time for which application threads were stopped: 0.0011319 seconds, Stopping threads took: 0.0000206 seconds
2015-04-14T20:14:25.321-0100: 756.118: [GC (Allocation Failure) 
Desired survivor size 524288 bytes, new threshold 15 (max 15)
[PSYoungGen: 2304K->224K(2560K)] 11686K->9606K(13824K), 0.0009169 secs] [Times: user=0.01 sys=0.00, real=0.00 secs] 
2015-04-14T20:14:25.322-0100: 756.119: Total time for which application threads were stopped: 0.0010990 seconds, Stopping threads took: 0.0000245 seconds
2015-04-14T20:14:26.058-0100: 756.855: [GC (Allocation Failure) 
Desired survivor size 524288 bytes, new threshold 15 (max 15)
[PSYoungGen: 2272K->224K(2560K)] 11654K->9606K(13824K), 0.0007707 secs] [Times: user=0.00 sys=0.00, real=0.00 secs] 
2015-04-14T20:14:26.059-0100: 756.856: Total time for which application threads were stopped: 0.0009211 seconds, Stopping threads took: 0.0000162 seconds
2015-04-14T20:14:26.610-0100: 757.408: Total time for which application threads were stopped: 0.0000961 seconds, Stopping threads took: 0.0000190 seconds
2015-04-14T20:14:26.611-0100: 757.408: [GC (GCLocker Initiated GC) 
Desired survivor size 524288 bytes, new threshold 15 (max 15)
[PSYoungGen: 2272K->288K(2560K)] 11654K->9670K(13824K), 0.0008295 secs] [Times: user=0.01 sys=0.00, real=0.00 secs] 
2015-04-14T20:14:26.611-0100: 757.409: Total time for which application threads were stopped: 0.0009491 seconds, Stopping threads took: 0.0000084 seconds
2015-04-14T20:14:27.429-0100: 758.226: [GC (Allocation Failure) 
Desired survivor size 524288 bytes, new threshold 15 (max 15)
[PSYoungGen: 2336K->224K(2560K)] 11722K->9610K(13824K), 0.0008642 secs] [Times: user=0.00 sys=0.01, real=0.01 secs] 
2015-04-14T20:14:27.430-0100: 758.227: Total time for which application threads were stopped: 0.0010402 seconds, Stopping threads took: 0.0000203 seconds
2015-04-14T20:14:28.183-0100: 758.981: [GC (Allocation Failure) 
Desired survivor size 524288 bytes, new threshold 15 (max 15)
[PSYoungGen: 2272K->256K(2560K)] 11658K->9642K(13824K), 0.0010204 secs] [Times: user=0.00 sys=0.00, real=0.00 secs] 
2015-04-14T20:14:28.185-0100: 758.982: Total time for which application threads were stopped: 0.0012173 seconds, Stopping threads took: 0.0000206 seconds
2015-04-14T20:14:28.853-0100: 759.651: [GC (Allocation Failure) 
Desired survivor size 524288 bytes, new threshold 15 (max 15)
[PSYoungGen: 2304K->288K(2560K)] 11690K->9674K(13824K), 0.0008246 secs] [Times: user=0.00 sys=0.00, real=0.00 secs] 
2015-04-14T20:14:28.854-0100: 759.651: Total time for which application threads were stopped: 0.0009765 seconds, Stopping threads took: 0.0000173 seconds
2015-04-14T20:14:29.671-0100: 760.468: [GC (Allocation Failure) 
Desired survivor size 524288 bytes, new threshold 15 (max 15)
[PSYoungGen: 2336K->288K(2560K)] 11722K->9690K(13824K), 0.0009667 secs] [Times: user=0.00 sys=0.00, real=0.00 secs] 
2015-04-14T20:14:29.672-0100: 760.469: Total time for which application threads were stopped: 0.0011545 seconds, Stopping threads took: 0.0000191 seconds
2015-04-14T20:14:30.305-0100: 761.103: [GC (Allocation Failure) 
Desired survivor size 524288 bytes, new threshold 15 (max 15)
[PSYoungGen: 2336K->288K(2560K)] 11738K->9690K(13824K), 0.0010806 secs] [Times: user=0.01 sys=0.00, real=0.00 secs] 
2015-04-14T20:14:30.306-0100: 761.104: Total time for which application threads were stopped: 0.0012930 seconds, Stopping threads took: 0.0000210 seconds
2015-04-14T20:14:30.941-0100: 761.738: [GC (Allocation Failure) 
Desired survivor size 524288 bytes, new threshold 15 (max 15)
[PSYoungGen: 2336K->288K(2560K)] 11738K->9706K(13824K), 0.0008363 secs] [Times: user=0.01 sys=0.00, real=0.00 secs] 
2015-04-14T20:14:30.941-0100: 761.739: Total time for which application threads were stopped: 0.0009895 seconds, Stopping threads took: 0.0000172 seconds
2015-04-14T20:14:31.826-0100: 762.624: [GC (Allocation Failure) 
Desired survivor size 524288 bytes, new threshold 15 (max 15)
[PSYoungGen: 2336K->224K(2560K)] 11754K->9642K(13824K), 0.0008864 secs] [Times: user=0.00 sys=0.00, real=0.00 secs] 
2015-04-14T20:14:31.827-0100: 762.625: Total time for which application threads were stopped: 0.0010592 seconds, Stopping threads took: 0.0000183 seconds
2015-04-14T20:14:32.511-0100: 763.309: [GC (Allocation Failure) 
Desired survivor size 524288 bytes, new threshold 15 (max 15)
[PSYoungGen: 2272K->224K(2560K)] 11690K->9650K(13824K), 0.0007749 secs] [Times: user=0.01 sys=0.00, real=0.00 secs] 
2015-04-14T20:14:32.512-0100: 763.309: Total time for which application threads were stopped: 0.0009160 seconds, Stopping threads took: 0.0000161 seconds
2015-04-14T20:14:33.064-0100: 763.862: [GC (Allocation Failure) 
Desired survivor size 524288 bytes, new threshold 15 (max 15)
[PSYoungGen: 2272K->256K(2560K)] 11698K->9690K(13824K), 0.0008145 secs] [Times: user=0.00 sys=0.00, real=0.00 secs] 
2015-04-14T20:14:33.065-0100: 763.863: Total time for which application threads were stopped: 0.0009564 seconds, Stopping threads took: 0.0000172 seconds
2015-04-14T20:14:33.850-0100: 764.647: [GC (Allocation Failure) 
Desired survivor size 524288 bytes, new threshold 15 (max 15)
[PSYoungGen: 2304K->256K(2560K)] 11738K->9690K(13824K), 0.0009455 secs] [Times: user=0.00 sys=0.01, real=0.00 secs] 
2015-04-14T20:14:33.851-0100: 764.648: Total time for which application threads were stopped: 0.0011199 seconds, Stopping threads took: 0.0000199 seconds
2015-04-14T20:14:34.604-0100: 765.402: [GC (Allocation Failure) 
Desired survivor size 524288 bytes, new threshold 15 (max 15)
[PSYoungGen: 2304K->288K(2560K)] 11738K->9730K(13824K), 0.0011900 secs] [Times: user=0.00 sys=0.00, real=0.00 secs] 
2015-04-14T20:14:34.605-0100: 765.403: Total time for which application threads were stopped: 0.0013837 seconds, Stopping threads took: 0.0000224 seconds
2015-04-14T20:14:35.187-0100: 765.985: [GC (Allocation Failure) 
Desired survivor size 524288 bytes, new threshold 15 (max 15)
[PSYoungGen: 2336K->288K(2560K)] 11778K->9730K(13824K), 0.0010558 secs] [Times: user=0.01 sys=0.00, real=0.00 secs] 
2015-04-14T20:14:35.189-0100: 765.986: Total time for which application threads were stopped: 0.0012430 seconds, Stopping threads took: 0.0000200 seconds
2015-04-14T20:14:35.955-0100: 766.753: [GC (Allocation Failure) 
Desired survivor size 524288 bytes, new threshold 15 (max 15)
[PSYoungGen: 2336K->192K(2560K)] 11778K->9666K(13824K), 0.0011054 secs] [Times: user=0.01 sys=0.00, real=0.00 secs] 
2015-04-14T20:14:35.956-0100: 766.754: Total time for which application threads were stopped: 0.0012834 seconds, Stopping threads took: 0.0000161 seconds
2015-04-14T20:14:36.758-0100: 767.555: [GC (Allocation Failure) 
Desired survivor size 524288 bytes, new threshold 15 (max 15)
[PSYoungGen: 2240K->256K(2560K)] 11714K->9738K(13824K), 0.0010096 secs] [Times: user=0.00 sys=0.00, real=0.00 secs] 
2015-04-14T20:14:36.759-0100: 767.556: Total time for which application threads were stopped: 0.0011766 seconds, Stopping threads took: 0.0000204 seconds
2015-04-14T20:14:37.713-0100: 768.511: [GC (Allocation Failure) 
Desired survivor size 524288 bytes, new threshold 15 (max 15)
[PSYoungGen: 2304K->288K(2560K)] 11786K->9778K(13824K), 0.0010845 secs] [Times: user=0.00 sys=0.00, real=0.00 secs] 
2015-04-14T20:14:37.715-0100: 768.512: Total time for which application threads were stopped: 0.0013159 seconds, Stopping threads took: 0.0000234 seconds
2015-04-14T20:14:38.497-0100: 769.295: [GC (Allocation Failure) 
Desired survivor size 524288 bytes, new threshold 15 (max 15)
[PSYoungGen: 2336K->256K(2560K)] 11826K->9754K(13824K), 0.0011031 secs] [Times: user=0.00 sys=0.00, real=0.00 secs] 
2015-04-14T20:14:38.499-0100: 769.296: Total time for which application threads were stopped: 0.0012993 seconds, Stopping threads took: 0.0000226 seconds
2015-04-14T20:14:39.165-0100: 769.963: [GC (Allocation Failure) 
Desired survivor size 524288 bytes, new threshold 15 (max 15)
[PSYoungGen: 2304K->256K(2560K)] 11802K->9762K(13824K), 0.0007569 secs] [Times: user=0.00 sys=0.00, real=0.00 secs] 
2015-04-14T20:14:39.166-0100: 769.963: Total time for which application threads were stopped: 0.0009111 seconds, Stopping threads took: 0.0000210 seconds
2015-04-14T20:14:39.919-0100: 770.717: [GC (Allocation Failure) 
Desired survivor size 524288 bytes, new threshold 15 (max 15)
[PSYoungGen: 2304K->256K(2560K)] 11810K->9762K(13824K), 0.0008877 secs] [Times: user=0.00 sys=0.00, real=0.01 secs] 
2015-04-14T20:14:39.920-0100: 770.718: Total time for which application threads were stopped: 0.0010593 seconds, Stopping threads took: 0.0000207 seconds
2015-04-14T20:14:40.723-0100: 771.520: [GC (Allocation Failure) 
Desired survivor size 524288 bytes, new threshold 15 (max 15)
[PSYoungGen: 2304K->288K(2560K)] 11810K->9794K(13824K), 0.0009351 secs] [Times: user=0.01 sys=0.00, real=0.00 secs] 
2015-04-14T20:14:40.724-0100: 771.521: Total time for which application threads were stopped: 0.0011255 seconds, Stopping threads took: 0.0000204 seconds
2015-04-14T20:14:41.335-0100: 772.132: [GC (Allocation Failure) 
Desired survivor size 524288 bytes, new threshold 15 (max 15)
[PSYoungGen: 2336K->256K(2560K)] 11842K->9770K(13824K), 0.0010996 secs] [Times: user=0.01 sys=0.00, real=0.00 secs] 
2015-04-14T20:14:41.336-0100: 772.133: Total time for which application threads were stopped: 0.0013325 seconds, Stopping threads took: 0.0000306 seconds
2015-04-14T20:14:41.954-0100: 772.752: [GC (Allocation Failure) 
Desired survivor size 524288 bytes, new threshold 15 (max 15)
[PSYoungGen: 2304K->288K(2560K)] 11818K->9826K(13824K), 0.0008875 secs] [Times: user=0.01 sys=0.00, real=0.00 secs] 
2015-04-14T20:14:41.955-0100: 772.753: Total time for which application threads were stopped: 0.0010685 seconds, Stopping threads took: 0.0000240 seconds
2015-04-14T20:14:42.745-0100: 773.543: [GC (Allocation Failure) 
Desired survivor size 524288 bytes, new threshold 15 (max 15)
[PSYoungGen: 2336K->288K(2560K)] 11874K->9826K(13824K), 0.0009946 secs] [Times: user=0.00 sys=0.00, real=0.00 secs] 
2015-04-14T20:14:42.746-0100: 773.544: Total time for which application threads were stopped: 0.0011719 seconds, Stopping threads took: 0.0000205 seconds
2015-04-14T20:14:43.380-0100: 774.177: [GC (Allocation Failure) 
Desired survivor size 524288 bytes, new threshold 15 (max 15)
[PSYoungGen: 2336K->288K(2560K)] 11874K->9850K(13824K), 0.0010911 secs] [Times: user=0.00 sys=0.00, real=0.00 secs] 
2015-04-14T20:14:43.381-0100: 774.178: Total time for which application threads were stopped: 0.0012892 seconds, Stopping threads took: 0.0000210 seconds
2015-04-14T20:14:44.048-0100: 774.846: [GC (Allocation Failure) 
Desired survivor size 524288 bytes, new threshold 15 (max 15)
[PSYoungGen: 2336K->256K(2560K)] 11898K->9858K(13824K), 0.0009482 secs] [Times: user=0.00 sys=0.00, real=0.00 secs] 
2015-04-14T20:14:44.049-0100: 774.847: Total time for which application threads were stopped: 0.0011154 seconds, Stopping threads took: 0.0000212 seconds
2015-04-14T20:14:44.703-0100: 775.501: [GC (Allocation Failure) 
Desired survivor size 524288 bytes, new threshold 15 (max 15)
[PSYoungGen: 2304K->256K(2560K)] 11906K->9866K(13824K), 0.0009594 secs] [Times: user=0.01 sys=0.01, real=0.00 secs] 
2015-04-14T20:14:44.704-0100: 775.502: Total time for which application threads were stopped: 0.0011589 seconds, Stopping threads took: 0.0000198 seconds
2015-04-14T20:14:45.304-0100: 776.102: [GC (Allocation Failure) 
Desired survivor size 524288 bytes, new threshold 15 (max 15)
[PSYoungGen: 2304K->288K(2560K)] 11914K->9898K(13824K), 0.0010371 secs] [Times: user=0.00 sys=0.00, real=0.00 secs] 
2015-04-14T20:14:45.305-0100: 776.103: Total time for which application threads were stopped: 0.0012294 seconds, Stopping threads took: 0.0000229 seconds
2015-04-14T20:14:45.973-0100: 776.771: [GC (Allocation Failure) 
Desired survivor size 524288 bytes, new threshold 15 (max 15)
[PSYoungGen: 2336K->256K(2560K)] 11946K->9906K(13824K), 0.0008585 secs] [Times: user=0.00 sys=0.00, real=0.00 secs] 
2015-04-14T20:14:45.974-0100: 776.772: Total time for which application threads were stopped: 0.0010225 seconds, Stopping threads took: 0.0000203 seconds
2015-04-14T20:14:46.709-0100: 777.506: [GC (Allocation Failure) 
Desired survivor size 524288 bytes, new threshold 15 (max 15)
[PSYoungGen: 2304K->256K(2560K)] 11954K->9906K(13824K), 0.0009249 secs] [Times: user=0.00 sys=0.00, real=0.00 secs] 
2015-04-14T20:14:46.710-0100: 777.507: Total time for which application threads were stopped: 0.0011157 seconds, Stopping threads took: 0.0000211 seconds
2015-04-14T20:14:47.254-0100: 778.052: [GC (Allocation Failure) 
Desired survivor size 524288 bytes, new threshold 15 (max 15)
[PSYoungGen: 2304K->288K(2560K)] 11954K->9938K(13824K), 0.0009220 secs] [Times: user=0.00 sys=0.00, real=0.00 secs] 
2015-04-14T20:14:47.255-0100: 778.053: Total time for which application threads were stopped: 0.0010881 seconds, Stopping threads took: 0.0000188 seconds
2015-04-14T20:14:47.931-0100: 778.729: [GC (Allocation Failure) 
Desired survivor size 524288 bytes, new threshold 15 (max 15)
[PSYoungGen: 2336K->288K(2560K)] 11986K->9946K(13824K), 0.0009411 secs] [Times: user=0.01 sys=0.00, real=0.00 secs] 
2015-04-14T20:14:47.932-0100: 778.730: Total time for which application threads were stopped: 0.0011120 seconds, Stopping threads took: 0.0000180 seconds
2015-04-14T20:14:48.347-0100: 779.145: [GC (Allocation Failure) 
Desired survivor size 524288 bytes, new threshold 15 (max 15)
[PSYoungGen: 2336K->256K(2560K)] 11994K->9930K(13824K), 0.0010798 secs] [Times: user=0.01 sys=0.00, real=0.00 secs] 
2015-04-14T20:14:48.348-0100: 779.146: Total time for which application threads were stopped: 0.0012768 seconds, Stopping threads took: 0.0000227 seconds
2015-04-14T20:14:49.064-0100: 779.862: [GC (Allocation Failure) 
Desired survivor size 524288 bytes, new threshold 15 (max 15)
[PSYoungGen: 2304K->256K(2560K)] 11978K->9930K(13824K), 0.0010024 secs] [Times: user=0.01 sys=0.00, real=0.00 secs] 
2015-04-14T20:14:49.065-0100: 779.863: Total time for which application threads were stopped: 0.0011835 seconds, Stopping threads took: 0.0000199 seconds
2015-04-14T20:14:49.800-0100: 780.598: [GC (Allocation Failure) 
Desired survivor size 524288 bytes, new threshold 15 (max 15)
[PSYoungGen: 2304K->288K(2560K)] 11978K->9962K(13824K), 0.0008137 secs] [Times: user=0.00 sys=0.00, real=0.00 secs] 
2015-04-14T20:14:49.801-0100: 780.598: Total time for which application threads were stopped: 0.0009669 seconds, Stopping threads took: 0.0000167 seconds
2015-04-14T20:14:50.454-0100: 781.252: [GC (Allocation Failure) 
Desired survivor size 524288 bytes, new threshold 15 (max 15)
[PSYoungGen: 2336K->256K(2560K)] 12010K->9930K(13824K), 0.0010006 secs] [Times: user=0.00 sys=0.00, real=0.00 secs] 
2015-04-14T20:14:50.455-0100: 781.253: Total time for which application threads were stopped: 0.0011685 seconds, Stopping threads took: 0.0000180 seconds
2015-04-14T20:14:51.204-0100: 782.002: [GC (Allocation Failure) 
Desired survivor size 524288 bytes, new threshold 15 (max 15)
[PSYoungGen: 2304K->288K(2560K)] 11978K->9962K(13824K), 0.0009732 secs] [Times: user=0.01 sys=0.00, real=0.00 secs] 
2015-04-14T20:14:51.205-0100: 782.003: Total time for which application threads were stopped: 0.0011487 seconds, Stopping threads took: 0.0000202 seconds
2015-04-14T20:14:51.995-0100: 782.793: [GC (Allocation Failure) 
Desired survivor size 524288 bytes, new threshold 15 (max 15)
[PSYoungGen: 2336K->256K(2560K)] 12010K->9930K(13824K), 0.0009095 secs] [Times: user=0.00 sys=0.00, real=0.00 secs] 
2015-04-14T20:14:51.996-0100: 782.794: Total time for which application threads were stopped: 0.0011097 seconds, Stopping threads took: 0.0000196 seconds
2015-04-14T20:14:52.760-0100: 783.558: [GC (Allocation Failure) 
Desired survivor size 524288 bytes, new threshold 15 (max 15)
[PSYoungGen: 2304K->288K(2560K)] 11978K->9962K(13824K), 0.0009517 secs] [Times: user=0.00 sys=0.00, real=0.00 secs] 
2015-04-14T20:14:52.761-0100: 783.559: Total time for which application threads were stopped: 0.0011218 seconds, Stopping threads took: 0.0000199 seconds
2015-04-14T20:14:53.505-0100: 784.302: [GC (Allocation Failure) 
Desired survivor size 524288 bytes, new threshold 15 (max 15)
[PSYoungGen: 2336K->256K(2560K)] 12010K->9930K(13824K), 0.0011048 secs] [Times: user=0.00 sys=0.00, real=0.00 secs] 
2015-04-14T20:14:53.506-0100: 784.304: Total time for which application threads were stopped: 0.0012886 seconds, Stopping threads took: 0.0000200 seconds
2015-04-14T20:14:54.284-0100: 785.082: [GC (Allocation Failure) 
Desired survivor size 524288 bytes, new threshold 15 (max 15)
[PSYoungGen: 2304K->256K(2560K)] 11978K->9930K(13824K), 0.0009286 secs] [Times: user=0.01 sys=0.00, real=0.00 secs] 
2015-04-14T20:14:54.285-0100: 785.083: Total time for which application threads were stopped: 0.0011235 seconds, Stopping threads took: 0.0000336 seconds
2015-04-14T20:14:55.032-0100: 785.829: [GC (Allocation Failure) 
Desired survivor size 524288 bytes, new threshold 15 (max 15)
[PSYoungGen: 2304K->288K(2560K)] 11978K->9962K(13824K), 0.0008806 secs] [Times: user=0.00 sys=0.00, real=0.00 secs] 
2015-04-14T20:14:55.032-0100: 785.830: Total time for which application threads were stopped: 0.0010485 seconds, Stopping threads took: 0.0000185 seconds
2015-04-14T20:14:55.770-0100: 786.568: [GC (Allocation Failure) 
Desired survivor size 524288 bytes, new threshold 15 (max 15)
[PSYoungGen: 2336K->288K(2560K)] 12010K->9962K(13824K), 0.0010566 secs] [Times: user=0.00 sys=0.00, real=0.00 secs] 
2015-04-14T20:14:55.771-0100: 786.569: Total time for which application threads were stopped: 0.0012296 seconds, Stopping threads took: 0.0000218 seconds
2015-04-14T20:14:56.588-0100: 787.386: [GC (Allocation Failure) 
Desired survivor size 524288 bytes, new threshold 15 (max 15)
[PSYoungGen: 2336K->256K(2560K)] 12010K->9930K(13824K), 0.0008018 secs] [Times: user=0.01 sys=0.01, real=0.00 secs] 
2015-04-14T20:14:56.588-0100: 787.386: Total time for which application threads were stopped: 0.0009437 seconds, Stopping threads took: 0.0000155 seconds
2015-04-14T20:14:57.341-0100: 788.139: [GC (Allocation Failure) 
Desired survivor size 524288 bytes, new threshold 15 (max 15)
[PSYoungGen: 2304K->256K(2560K)] 11978K->9930K(13824K), 0.0011294 secs] [Times: user=0.01 sys=0.00, real=0.00 secs] 
2015-04-14T20:14:57.343-0100: 788.141: Total time for which application threads were stopped: 0.0013409 seconds, Stopping threads took: 0.0000223 seconds
2015-04-14T20:14:58.126-0100: 788.924: [GC (Allocation Failure) 
Desired survivor size 524288 bytes, new threshold 15 (max 15)
[PSYoungGen: 2304K->256K(2560K)] 11978K->9930K(13824K), 0.0009503 secs] [Times: user=0.00 sys=0.00, real=0.00 secs] 
2015-04-14T20:14:58.127-0100: 788.925: Total time for which application threads were stopped: 0.0011148 seconds, Stopping threads took: 0.0000178 seconds
2015-04-14T20:14:58.884-0100: 789.682: [GC (Allocation Failure) 
Desired survivor size 524288 bytes, new threshold 15 (max 15)
[PSYoungGen: 2304K->256K(2560K)] 11978K->9946K(13824K), 0.0009973 secs] [Times: user=0.00 sys=0.00, real=0.00 secs] 
2015-04-14T20:14:58.885-0100: 789.684: Total time for which application threads were stopped: 0.0011731 seconds, Stopping threads took: 0.0000191 seconds
2015-04-14T20:14:59.682-0100: 790.480: [GC (Allocation Failure) 
Desired survivor size 524288 bytes, new threshold 15 (max 15)
[PSYoungGen: 2304K->256K(2560K)] 11994K->9978K(13824K), 0.0010588 secs] [Times: user=0.00 sys=0.00, real=0.00 secs] 
2015-04-14T20:14:59.683-0100: 790.481: Total time for which application threads were stopped: 0.0012820 seconds, Stopping threads took: 0.0000230 seconds
2015-04-14T20:15:00.300-0100: 791.098: [GC (Allocation Failure) 
Desired survivor size 524288 bytes, new threshold 15 (max 15)
[PSYoungGen: 2304K->256K(2560K)] 12026K->9994K(13824K), 0.0009815 secs] [Times: user=0.00 sys=0.00, real=0.00 secs] 
2015-04-14T20:15:00.301-0100: 791.099: Total time for which application threads were stopped: 0.0011551 seconds, Stopping threads took: 0.0000203 seconds
2015-04-14T20:15:01.104-0100: 791.902: [GC (Allocation Failure) 
Desired survivor size 524288 bytes, new threshold 15 (max 15)
[PSYoungGen: 2304K->288K(2560K)] 12042K->10034K(13824K), 0.0009338 secs] [Times: user=0.01 sys=0.00, real=0.00 secs] 
2015-04-14T20:15:01.105-0100: 791.903: Total time for which application threads were stopped: 0.0011068 seconds, Stopping threads took: 0.0000193 seconds
2015-04-14T20:15:01.888-0100: 792.686: [GC (Allocation Failure) 
Desired survivor size 524288 bytes, new threshold 15 (max 15)
[PSYoungGen: 2336K->256K(2560K)] 12082K->10034K(13824K), 0.0008932 secs] [Times: user=0.00 sys=0.00, real=0.00 secs] 
2015-04-14T20:15:01.889-0100: 792.687: Total time for which application threads were stopped: 0.0010586 seconds, Stopping threads took: 0.0000207 seconds
2015-04-14T20:15:02.658-0100: 793.456: [GC (Allocation Failure) 
Desired survivor size 524288 bytes, new threshold 15 (max 15)
[PSYoungGen: 2304K->256K(2560K)] 12082K->10042K(13824K), 0.0009229 secs] [Times: user=0.01 sys=0.00, real=0.00 secs] 
2015-04-14T20:15:02.659-0100: 793.457: Total time for which application threads were stopped: 0.0010915 seconds, Stopping threads took: 0.0000188 seconds
2015-04-14T20:15:03.341-0100: 794.140: [GC (Allocation Failure) 
Desired survivor size 524288 bytes, new threshold 15 (max 15)
[PSYoungGen: 2304K->288K(2560K)] 12090K->10074K(13824K), 0.0011291 secs] [Times: user=0.00 sys=0.00, real=0.00 secs] 
2015-04-14T20:15:03.343-0100: 794.141: Total time for which application threads were stopped: 0.0013199 seconds, Stopping threads took: 0.0000221 seconds
2015-04-14T20:15:04.128-0100: 794.927: [GC (Allocation Failure) 
Desired survivor size 524288 bytes, new threshold 15 (max 15)
[PSYoungGen: 2336K->192K(2560K)] 12122K->9994K(13824K), 0.0009479 secs] [Times: user=0.00 sys=0.00, real=0.00 secs] 
2015-04-14T20:15:04.129-0100: 794.928: Total time for which application threads were stopped: 0.0011229 seconds, Stopping threads took: 0.0000205 seconds
2015-04-14T20:15:04.806-0100: 795.604: [GC (Allocation Failure) 
Desired survivor size 524288 bytes, new threshold 15 (max 15)
[PSYoungGen: 2240K->256K(2560K)] 12042K->10058K(13824K), 0.0010770 secs] [Times: user=0.00 sys=0.00, real=0.00 secs] 
2015-04-14T20:15:04.807-0100: 795.605: Total time for which application threads were stopped: 0.0012672 seconds, Stopping threads took: 0.0000217 seconds
2015-04-14T20:15:05.316-0100: 796.114: [GC (Allocation Failure) 
Desired survivor size 524288 bytes, new threshold 15 (max 15)
[PSYoungGen: 2304K->288K(2560K)] 12106K->10090K(13824K), 0.0010896 secs] [Times: user=0.00 sys=0.00, real=0.00 secs] 
2015-04-14T20:15:05.317-0100: 796.115: Total time for which application threads were stopped: 0.0012762 seconds, Stopping threads took: 0.0000217 seconds
2015-04-14T20:15:06.203-0100: 797.002: [GC (Allocation Failure) 
Desired survivor size 524288 bytes, new threshold 15 (max 15)
[PSYoungGen: 2336K->288K(2560K)] 12138K->10090K(13824K), 0.0010155 secs] [Times: user=0.00 sys=0.00, real=0.00 secs] 
2015-04-14T20:15:06.205-0100: 797.003: Total time for which application threads were stopped: 0.0012052 seconds, Stopping threads took: 0.0000238 seconds
2015-04-14T20:15:06.855-0100: 797.653: [GC (Allocation Failure) 
Desired survivor size 524288 bytes, new threshold 15 (max 15)
[PSYoungGen: 2336K->224K(2560K)] 12138K->10034K(13824K), 0.0008091 secs] [Times: user=0.00 sys=0.00, real=0.00 secs] 
2015-04-14T20:15:06.856-0100: 797.654: Total time for which application threads were stopped: 0.0009486 seconds, Stopping threads took: 0.0000154 seconds
2015-04-14T20:15:07.423-0100: 798.221: [GC (Allocation Failure) 
Desired survivor size 524288 bytes, new threshold 15 (max 15)
[PSYoungGen: 2272K->288K(2560K)] 12082K->10098K(13824K), 0.0012056 secs] [Times: user=0.00 sys=0.01, real=0.00 secs] 
2015-04-14T20:15:07.424-0100: 798.222: Total time for which application threads were stopped: 0.0014149 seconds, Stopping threads took: 0.0000224 seconds
2015-04-14T20:15:08.224-0100: 799.022: [GC (Allocation Failure) 
Desired survivor size 524288 bytes, new threshold 15 (max 15)
[PSYoungGen: 2336K->288K(2560K)] 12146K->10098K(13824K), 0.0010084 secs] [Times: user=0.01 sys=0.00, real=0.00 secs] 
2015-04-14T20:15:08.225-0100: 799.023: Total time for which application threads were stopped: 0.0011973 seconds, Stopping threads took: 0.0000220 seconds
2015-04-14T20:15:09.005-0100: 799.803: [GC (Allocation Failure) 
Desired survivor size 524288 bytes, new threshold 15 (max 15)
[PSYoungGen: 2336K->288K(2560K)] 12146K->10098K(13824K), 0.0009554 secs] [Times: user=0.01 sys=0.00, real=0.00 secs] 
2015-04-14T20:15:09.006-0100: 799.804: Total time for which application threads were stopped: 0.0011315 seconds, Stopping threads took: 0.0000220 seconds
2015-04-14T20:15:09.712-0100: 800.510: [GC (Allocation Failure) 
Desired survivor size 524288 bytes, new threshold 15 (max 15)
[PSYoungGen: 2336K->288K(2560K)] 12146K->10106K(13824K), 0.0011618 secs] [Times: user=0.01 sys=0.00, real=0.00 secs] 
2015-04-14T20:15:09.713-0100: 800.512: Total time for which application threads were stopped: 0.0013638 seconds, Stopping threads took: 0.0000227 seconds
2015-04-14T20:15:10.302-0100: 801.100: [GC (Allocation Failure) 
Desired survivor size 524288 bytes, new threshold 15 (max 15)
[PSYoungGen: 2336K->288K(2560K)] 12154K->10106K(13824K), 0.0009413 secs] [Times: user=0.00 sys=0.00, real=0.00 secs] 
2015-04-14T20:15:10.303-0100: 801.101: Total time for which application threads were stopped: 0.0011243 seconds, Stopping threads took: 0.0000191 seconds
2015-04-14T20:15:11.067-0100: 801.865: [GC (Allocation Failure) 
Desired survivor size 524288 bytes, new threshold 15 (max 15)
[PSYoungGen: 2336K->288K(2560K)] 12154K->10154K(13824K), 0.0009890 secs] [Times: user=0.01 sys=0.00, real=0.00 secs] 
2015-04-14T20:15:11.068-0100: 801.867: Total time for which application threads were stopped: 0.0011566 seconds, Stopping threads took: 0.0000206 seconds
2015-04-14T20:15:11.969-0100: 802.767: [GC (Allocation Failure) 
Desired survivor size 524288 bytes, new threshold 15 (max 15)
[PSYoungGen: 2336K->256K(2560K)] 12202K->10122K(13824K), 0.0009987 secs] [Times: user=0.00 sys=0.00, real=0.01 secs] 
2015-04-14T20:15:11.970-0100: 802.768: Total time for which application threads were stopped: 0.0011888 seconds, Stopping threads took: 0.0000215 seconds
2015-04-14T20:15:12.523-0100: 803.321: [GC (Allocation Failure) 
Desired survivor size 524288 bytes, new threshold 15 (max 15)
[PSYoungGen: 2304K->256K(2560K)] 12170K->10122K(13824K), 0.0010787 secs] [Times: user=0.00 sys=0.00, real=0.00 secs] 
2015-04-14T20:15:12.524-0100: 803.322: Total time for which application threads were stopped: 0.0012817 seconds, Stopping threads took: 0.0000234 seconds
2015-04-14T20:15:13.309-0100: 804.107: [GC (Allocation Failure) 
Desired survivor size 524288 bytes, new threshold 15 (max 15)
[PSYoungGen: 2304K->256K(2560K)] 12170K->10122K(13824K), 0.0010953 secs] [Times: user=0.00 sys=0.00, real=0.01 secs] 
2015-04-14T20:15:13.310-0100: 804.108: Total time for which application threads were stopped: 0.0012957 seconds, Stopping threads took: 0.0000238 seconds
2015-04-14T20:15:14.052-0100: 804.850: [GC (Allocation Failure) 
Desired survivor size 524288 bytes, new threshold 15 (max 15)
[PSYoungGen: 2304K->256K(2560K)] 12170K->10122K(13824K), 0.0010834 secs] [Times: user=0.00 sys=0.00, real=0.00 secs] 
2015-04-14T20:15:14.053-0100: 804.852: Total time for which application threads were stopped: 0.0012676 seconds, Stopping threads took: 0.0000206 seconds
2015-04-14T20:15:14.712-0100: 805.510: [GC (Allocation Failure) 
Desired survivor size 524288 bytes, new threshold 15 (max 15)
[PSYoungGen: 2304K->288K(2560K)] 12170K->10170K(13824K), 0.0011345 secs] [Times: user=0.00 sys=0.00, real=0.00 secs] 
2015-04-14T20:15:14.713-0100: 805.512: Total time for which application threads were stopped: 0.0013302 seconds, Stopping threads took: 0.0000219 seconds
2015-04-14T20:15:15.482-0100: 806.280: [GC (Allocation Failure) 
Desired survivor size 524288 bytes, new threshold 15 (max 15)
[PSYoungGen: 2336K->256K(2560K)] 12218K->10146K(13824K), 0.0009864 secs] [Times: user=0.00 sys=0.00, real=0.00 secs] 
2015-04-14T20:15:15.483-0100: 806.281: Total time for which application threads were stopped: 0.0011722 seconds, Stopping threads took: 0.0000216 seconds
2015-04-14T20:15:16.056-0100: 806.854: [GC (Allocation Failure) 
Desired survivor size 524288 bytes, new threshold 15 (max 15)
[PSYoungGen: 2304K->288K(2560K)] 12194K->10186K(13824K), 0.0010976 secs] [Times: user=0.00 sys=0.00, real=0.00 secs] 
2015-04-14T20:15:16.057-0100: 806.855: Total time for which application threads were stopped: 0.0012861 seconds, Stopping threads took: 0.0000204 seconds
2015-04-14T20:15:16.650-0100: 807.449: [GC (Allocation Failure) 
Desired survivor size 524288 bytes, new threshold 15 (max 15)
[PSYoungGen: 2336K->288K(2560K)] 12234K->10194K(13824K), 0.0010705 secs] [Times: user=0.00 sys=0.00, real=0.00 secs] 
2015-04-14T20:15:16.652-0100: 807.450: Total time for which application threads were stopped: 0.0012628 seconds, Stopping threads took: 0.0000252 seconds
2015-04-14T20:15:17.203-0100: 808.002: [GC (Allocation Failure) 
Desired survivor size 524288 bytes, new threshold 15 (max 15)
[PSYoungGen: 2336K->288K(2560K)] 12242K->10202K(13824K), 0.0010563 secs] [Times: user=0.00 sys=0.00, real=0.00 secs] 
2015-04-14T20:15:17.204-0100: 808.003: Total time for which application threads were stopped: 0.0012341 seconds, Stopping threads took: 0.0000218 seconds
2015-04-14T20:15:18.090-0100: 808.889: [GC (Allocation Failure) 
Desired survivor size 524288 bytes, new threshold 15 (max 15)
[PSYoungGen: 2336K->288K(2560K)] 12250K->10218K(13824K), 0.0009627 secs] [Times: user=0.00 sys=0.00, real=0.00 secs] 
2015-04-14T20:15:18.091-0100: 808.890: Total time for which application threads were stopped: 0.0011477 seconds, Stopping threads took: 0.0000197 seconds
2015-04-14T20:15:18.891-0100: 809.689: [GC (Allocation Failure) 
Desired survivor size 524288 bytes, new threshold 15 (max 15)
[PSYoungGen: 2336K->256K(2560K)] 12266K->10186K(13824K), 0.0011194 secs] [Times: user=0.01 sys=0.00, real=0.00 secs] 
2015-04-14T20:15:18.892-0100: 809.690: Total time for which application threads were stopped: 0.0013154 seconds, Stopping threads took: 0.0000222 seconds
2015-04-14T20:15:19.559-0100: 810.358: [GC (Allocation Failure) 
Desired survivor size 524288 bytes, new threshold 15 (max 15)
[PSYoungGen: 2304K->288K(2560K)] 12234K->10234K(13824K), 0.0009761 secs] [Times: user=0.01 sys=0.00, real=0.01 secs] 
2015-04-14T20:15:19.560-0100: 810.359: Total time for which application threads were stopped: 0.0011648 seconds, Stopping threads took: 0.0000249 seconds
2015-04-14T20:15:20.263-0100: 811.062: [GC (Allocation Failure) 
Desired survivor size 524288 bytes, new threshold 15 (max 15)
[PSYoungGen: 2336K->288K(2560K)] 12282K->10242K(13824K), 0.0010542 secs] [Times: user=0.00 sys=0.00, real=0.00 secs] 
2015-04-14T20:15:20.264-0100: 811.063: Total time for which application threads were stopped: 0.0012390 seconds, Stopping threads took: 0.0000202 seconds
2015-04-14T20:15:21.049-0100: 811.847: [GC (Allocation Failure) 
Desired survivor size 524288 bytes, new threshold 15 (max 15)
[PSYoungGen: 2336K->288K(2560K)] 12290K->10242K(13824K), 0.0010931 secs] [Times: user=0.00 sys=0.00, real=0.01 secs] 
2015-04-14T20:15:21.050-0100: 811.848: Total time for which application threads were stopped: 0.0012868 seconds, Stopping threads took: 0.0000235 seconds
2015-04-14T20:15:21.618-0100: 812.417: [GC (Allocation Failure) 
Desired survivor size 524288 bytes, new threshold 15 (max 15)
[PSYoungGen: 2336K->288K(2560K)] 12290K->10242K(13824K), 0.0009711 secs] [Times: user=0.00 sys=0.01, real=0.00 secs] 
2015-04-14T20:15:21.619-0100: 812.418: Total time for which application threads were stopped: 0.0011889 seconds, Stopping threads took: 0.0000220 seconds
2015-04-14T20:15:22.403-0100: 813.201: [GC (Allocation Failure) 
Desired survivor size 524288 bytes, new threshold 15 (max 15)
[PSYoungGen: 2336K->288K(2560K)] 12290K->10258K(13824K), 0.0011720 secs] [Times: user=0.01 sys=0.00, real=0.00 secs] 
2015-04-14T20:15:22.404-0100: 813.203: Total time for which application threads were stopped: 0.0013722 seconds, Stopping threads took: 0.0000227 seconds
2015-04-14T20:15:23.289-0100: 814.088: [GC (Allocation Failure) 
Desired survivor size 524288 bytes, new threshold 15 (max 15)
[PSYoungGen: 2336K->288K(2560K)] 12306K->10258K(13824K), 0.0009607 secs] [Times: user=0.00 sys=0.00, real=0.01 secs] 
2015-04-14T20:15:23.290-0100: 814.089: Total time for which application threads were stopped: 0.0011495 seconds, Stopping threads took: 0.0000233 seconds
2015-04-14T20:15:23.990-0100: 814.789: [GC (Allocation Failure) 
Desired survivor size 524288 bytes, new threshold 15 (max 15)
[PSYoungGen: 2336K->288K(2560K)] 12306K->10258K(13824K), 0.0010077 secs] [Times: user=0.00 sys=0.00, real=0.00 secs] 
2015-04-14T20:15:23.991-0100: 814.790: Total time for which application threads were stopped: 0.0011899 seconds, Stopping threads took: 0.0000199 seconds
2015-04-14T20:15:24.761-0100: 815.559: [GC (Allocation Failure) 
Desired survivor size 524288 bytes, new threshold 15 (max 15)
[PSYoungGen: 2336K->256K(2560K)] 12306K->10234K(13824K), 0.0010323 secs] [Times: user=0.00 sys=0.00, real=0.00 secs] 
2015-04-14T20:15:24.762-0100: 815.560: Total time for which application threads were stopped: 0.0012260 seconds, Stopping threads took: 0.0000228 seconds
2015-04-14T20:15:25.461-0100: 816.259: [GC (Allocation Failure) 
Desired survivor size 524288 bytes, new threshold 15 (max 15)
[PSYoungGen: 2304K->288K(2560K)] 12282K->10282K(13824K), 0.0010649 secs] [Times: user=0.01 sys=0.00, real=0.00 secs] 
2015-04-14T20:15:25.462-0100: 816.260: Total time for which application threads were stopped: 0.0012477 seconds, Stopping threads took: 0.0000224 seconds
2015-04-14T20:15:26.147-0100: 816.946: [GC (Allocation Failure) 
Desired survivor size 524288 bytes, new threshold 15 (max 15)
[PSYoungGen: 2336K->288K(2560K)] 12330K->10282K(13824K), 0.0011018 secs] [Times: user=0.01 sys=0.00, real=0.00 secs] 
2015-04-14T20:15:26.149-0100: 816.947: Total time for which application threads were stopped: 0.0013089 seconds, Stopping threads took: 0.0000231 seconds
2015-04-14T20:15:26.799-0100: 817.598: [GC (Allocation Failure) 
Desired survivor size 524288 bytes, new threshold 15 (max 15)
[PSYoungGen: 2336K->288K(2560K)] 12330K->10314K(13824K), 0.0011096 secs] [Times: user=0.00 sys=0.00, real=0.01 secs] 
2015-04-14T20:15:26.800-0100: 817.599: Total time for which application threads were stopped: 0.0012981 seconds, Stopping threads took: 0.0000216 seconds
2015-04-14T20:15:27.434-0100: 818.233: [GC (Allocation Failure) 
Desired survivor size 524288 bytes, new threshold 15 (max 15)
[PSYoungGen: 2336K->256K(2560K)] 12362K->10322K(13824K), 0.0011505 secs] [Times: user=0.00 sys=0.00, real=0.00 secs] 
2015-04-14T20:15:27.435-0100: 818.234: Total time for which application threads were stopped: 0.0014155 seconds, Stopping threads took: 0.0000369 seconds
2015-04-14T20:15:28.138-0100: 818.936: [GC (Allocation Failure) 
Desired survivor size 524288 bytes, new threshold 15 (max 15)
[PSYoungGen: 2304K->256K(2560K)] 12370K->10330K(13824K), 0.0010621 secs] [Times: user=0.00 sys=0.00, real=0.00 secs] 
2015-04-14T20:15:28.139-0100: 818.937: Total time for which application threads were stopped: 0.0012552 seconds, Stopping threads took: 0.0000229 seconds
2015-04-14T20:15:28.907-0100: 819.705: [GC (Allocation Failure) 
Desired survivor size 524288 bytes, new threshold 15 (max 15)
[PSYoungGen: 2304K->288K(2560K)] 12378K->10362K(13824K), 0.0010314 secs] [Times: user=0.01 sys=0.00, real=0.00 secs] 
2015-04-14T20:15:28.908-0100: 819.707: Total time for which application threads were stopped: 0.0012528 seconds, Stopping threads took: 0.0000234 seconds
2015-04-14T20:15:29.612-0100: 820.411: [GC (Allocation Failure) 
Desired survivor size 524288 bytes, new threshold 15 (max 15)
[PSYoungGen: 2336K->288K(2560K)] 12410K->10378K(13824K), 0.0010335 secs] [Times: user=0.01 sys=0.00, real=0.00 secs] 
2015-04-14T20:15:29.613-0100: 820.412: Total time for which application threads were stopped: 0.0012319 seconds, Stopping threads took: 0.0000202 seconds
2015-04-14T20:15:30.406-0100: 821.204: [GC (Allocation Failure) 
Desired survivor size 524288 bytes, new threshold 15 (max 15)
[PSYoungGen: 2336K->288K(2560K)] 12426K->10378K(13824K), 0.0011573 secs] [Times: user=0.01 sys=0.00, real=0.00 secs] 
2015-04-14T20:15:30.407-0100: 821.206: Total time for which application threads were stopped: 0.0013557 seconds, Stopping threads took: 0.0000211 seconds
2015-04-14T20:15:31.095-0100: 821.894: [GC (Allocation Failure) 
Desired survivor size 524288 bytes, new threshold 15 (max 15)
[PSYoungGen: 2336K->256K(2560K)] 12426K->10346K(13824K), 0.0009917 secs] [Times: user=0.00 sys=0.00, real=0.00 secs] 
2015-04-14T20:15:31.096-0100: 821.895: Total time for which application threads were stopped: 0.0011667 seconds, Stopping threads took: 0.0000227 seconds
2015-04-14T20:15:31.933-0100: 822.732: [GC (Allocation Failure) 
Desired survivor size 524288 bytes, new threshold 15 (max 15)
[PSYoungGen: 2304K->288K(2560K)] 12394K->10378K(13824K), 0.0010034 secs] [Times: user=0.01 sys=0.00, real=0.00 secs] 
2015-04-14T20:15:31.934-0100: 822.733: Total time for which application threads were stopped: 0.0011937 seconds, Stopping threads took: 0.0000229 seconds
2015-04-14T20:15:32.555-0100: 823.354: [GC (Allocation Failure) 
Desired survivor size 524288 bytes, new threshold 15 (max 15)
[PSYoungGen: 2335K->288K(2560K)] 12426K->10378K(13824K), 0.0009651 secs] [Times: user=0.00 sys=0.00, real=0.00 secs] 
2015-04-14T20:15:32.557-0100: 823.355: Total time for which application threads were stopped: 0.0011324 seconds, Stopping threads took: 0.0000172 seconds
2015-04-14T20:15:33.251-0100: 824.050: [GC (Allocation Failure) 
Desired survivor size 524288 bytes, new threshold 15 (max 15)
[PSYoungGen: 2335K->288K(2560K)] 12425K->10378K(13824K), 0.0010028 secs] [Times: user=0.01 sys=0.00, real=0.00 secs] 
2015-04-14T20:15:33.252-0100: 824.051: Total time for which application threads were stopped: 0.0011931 seconds, Stopping threads took: 0.0000206 seconds
2015-04-14T20:15:33.889-0100: 824.688: [GC (Allocation Failure) 
Desired survivor size 524288 bytes, new threshold 15 (max 15)
[PSYoungGen: 2336K->288K(2560K)] 12426K->10378K(13824K), 0.0010724 secs] [Times: user=0.00 sys=0.00, real=0.01 secs] 
2015-04-14T20:15:33.891-0100: 824.689: Total time for which application threads were stopped: 0.0012716 seconds, Stopping threads took: 0.0000225 seconds
2015-04-14T20:15:34.573-0100: 825.372: [GC (Allocation Failure) 
Desired survivor size 524288 bytes, new threshold 15 (max 15)
[PSYoungGen: 2336K->288K(2560K)] 12426K->10378K(13824K), 0.0010957 secs] [Times: user=0.01 sys=0.00, real=0.00 secs] 
2015-04-14T20:15:34.574-0100: 825.373: Total time for which application threads were stopped: 0.0012967 seconds, Stopping threads took: 0.0000238 seconds
2015-04-14T20:15:35.327-0100: 826.126: [GC (Allocation Failure) 
Desired survivor size 524288 bytes, new threshold 15 (max 15)
[PSYoungGen: 2336K->256K(2560K)] 12426K->10354K(13824K), 0.0011183 secs] [Times: user=0.00 sys=0.00, real=0.00 secs] 
2015-04-14T20:15:35.328-0100: 826.127: Total time for which application threads were stopped: 0.0013112 seconds, Stopping threads took: 0.0000216 seconds
2015-04-14T20:15:36.043-0100: 826.842: [GC (Allocation Failure) 
Desired survivor size 524288 bytes, new threshold 15 (max 15)
[PSYoungGen: 2304K->288K(2560K)] 12402K->10386K(13824K), 0.0009187 secs] [Times: user=0.01 sys=0.00, real=0.00 secs] 
2015-04-14T20:15:36.044-0100: 826.843: Total time for which application threads were stopped: 0.0011025 seconds, Stopping threads took: 0.0000240 seconds
2015-04-14T20:15:36.563-0100: 827.362: [GC (Allocation Failure) 
Desired survivor size 524288 bytes, new threshold 15 (max 15)
[PSYoungGen: 2336K->288K(2560K)] 12434K->10386K(13824K), 0.0009998 secs] [Times: user=0.00 sys=0.00, real=0.00 secs] 
2015-04-14T20:15:36.564-0100: 827.363: Total time for which application threads were stopped: 0.0011918 seconds, Stopping threads took: 0.0000195 seconds
2015-04-14T20:15:37.298-0100: 828.097: [GC (Allocation Failure) 
Desired survivor size 524288 bytes, new threshold 15 (max 15)
[PSYoungGen: 2336K->288K(2560K)] 12434K->10386K(13824K), 0.0008078 secs] [Times: user=0.01 sys=0.00, real=0.00 secs] 
2015-04-14T20:15:37.299-0100: 828.098: Total time for which application threads were stopped: 0.0009974 seconds, Stopping threads took: 0.0000672 seconds
2015-04-14T20:15:37.949-0100: 828.748: [GC (Allocation Failure) 
Desired survivor size 524288 bytes, new threshold 15 (max 15)
[PSYoungGen: 2336K->288K(2560K)] 12434K->10402K(13824K), 0.0010833 secs] [Times: user=0.00 sys=0.00, real=0.01 secs] 
2015-04-14T20:15:37.951-0100: 828.749: Total time for which application threads were stopped: 0.0012910 seconds, Stopping threads took: 0.0000266 seconds
2015-04-14T20:15:38.607-0100: 829.406: [GC (Allocation Failure) 
Desired survivor size 524288 bytes, new threshold 15 (max 15)
[PSYoungGen: 2336K->288K(2560K)] 12450K->10402K(13824K), 0.0010609 secs] [Times: user=0.01 sys=0.00, real=0.00 secs] 
2015-04-14T20:15:38.608-0100: 829.407: Total time for which application threads were stopped: 0.0012400 seconds, Stopping threads took: 0.0000171 seconds
2015-04-14T20:15:39.490-0100: 830.289: [GC (Allocation Failure) 
Desired survivor size 524288 bytes, new threshold 15 (max 15)
[PSYoungGen: 2336K->288K(2560K)] 12450K->10402K(13824K), 0.0011444 secs] [Times: user=0.00 sys=0.00, real=0.00 secs] 
2015-04-14T20:15:39.491-0100: 830.290: Total time for which application threads were stopped: 0.0013683 seconds, Stopping threads took: 0.0000567 seconds
2015-04-14T20:15:40.224-0100: 831.023: [GC (Allocation Failure) 
Desired survivor size 524288 bytes, new threshold 15 (max 15)
[PSYoungGen: 2336K->256K(2560K)] 12450K->10370K(13824K), 0.0010892 secs] [Times: user=0.00 sys=0.01, real=0.00 secs] 
2015-04-14T20:15:40.226-0100: 831.024: Total time for which application threads were stopped: 0.0012897 seconds, Stopping threads took: 0.0000239 seconds
2015-04-14T20:15:40.756-0100: 831.554: [GC (Allocation Failure) 
Desired survivor size 524288 bytes, new threshold 15 (max 15)
[PSYoungGen: 2304K->288K(2560K)] 12418K->10402K(13824K), 0.0010736 secs] [Times: user=0.00 sys=0.00, real=0.00 secs] 
2015-04-14T20:15:40.757-0100: 831.555: Total time for which application threads were stopped: 0.0012662 seconds, Stopping threads took: 0.0000205 seconds
2015-04-14T20:15:41.461-0100: 832.260: [GC (Allocation Failure) 
Desired survivor size 524288 bytes, new threshold 15 (max 15)
[PSYoungGen: 2336K->224K(2560K)] 12450K->10346K(13824K), 0.0010798 secs] [Times: user=0.00 sys=0.00, real=0.00 secs] 
2015-04-14T20:15:41.462-0100: 832.261: Total time for which application threads were stopped: 0.0012744 seconds, Stopping threads took: 0.0000195 seconds
2015-04-14T20:15:42.074-0100: 832.873: [GC (Allocation Failure) 
Desired survivor size 524288 bytes, new threshold 15 (max 15)
[PSYoungGen: 2272K->288K(2560K)] 12394K->10410K(13824K), 0.0011656 secs] [Times: user=0.00 sys=0.00, real=0.00 secs] 
2015-04-14T20:15:42.076-0100: 832.874: Total time for which application threads were stopped: 0.0014050 seconds, Stopping threads took: 0.0000487 seconds
2015-04-14T20:15:42.767-0100: 833.566: [GC (Allocation Failure) 
Desired survivor size 524288 bytes, new threshold 15 (max 15)
[PSYoungGen: 2336K->288K(2560K)] 12458K->10410K(13824K), 0.0011082 secs] [Times: user=0.00 sys=0.00, real=0.00 secs] 
2015-04-14T20:15:42.768-0100: 833.567: Total time for which application threads were stopped: 0.0012974 seconds, Stopping threads took: 0.0000216 seconds
2015-04-14T20:15:43.420-0100: 834.219: [GC (Allocation Failure) 
Desired survivor size 524288 bytes, new threshold 15 (max 15)
[PSYoungGen: 2336K->256K(2560K)] 12458K->10378K(13824K), 0.0010786 secs] [Times: user=0.01 sys=0.00, real=0.00 secs] 
2015-04-14T20:15:43.421-0100: 834.220: Total time for which application threads were stopped: 0.0012619 seconds, Stopping threads took: 0.0000218 seconds
2015-04-14T20:15:44.121-0100: 834.920: [GC (Allocation Failure) 
Desired survivor size 524288 bytes, new threshold 15 (max 15)
[PSYoungGen: 2304K->288K(2560K)] 12426K->10410K(13824K), 0.0010103 secs] [Times: user=0.00 sys=0.00, real=0.00 secs] 
2015-04-14T20:15:44.122-0100: 834.921: Total time for which application threads were stopped: 0.0011804 seconds, Stopping threads took: 0.0000182 seconds
2015-04-14T20:15:44.856-0100: 835.655: [GC (Allocation Failure) 
Desired survivor size 524288 bytes, new threshold 15 (max 15)
[PSYoungGen: 2336K->288K(2560K)] 12458K->10418K(13824K), 0.0010827 secs] [Times: user=0.00 sys=0.00, real=0.00 secs] 
2015-04-14T20:15:44.857-0100: 835.656: Total time for which application threads were stopped: 0.0012987 seconds, Stopping threads took: 0.0000222 seconds
2015-04-14T20:15:45.426-0100: 836.225: [GC (Allocation Failure) 
Desired survivor size 524288 bytes, new threshold 15 (max 15)
[PSYoungGen: 2336K->256K(2560K)] 12466K->10402K(13824K), 0.0010718 secs] [Times: user=0.01 sys=0.00, real=0.00 secs] 
2015-04-14T20:15:45.427-0100: 836.226: Total time for which application threads were stopped: 0.0012691 seconds, Stopping threads took: 0.0000212 seconds
2015-04-14T20:15:46.095-0100: 836.894: [GC (Allocation Failure) 
Desired survivor size 524288 bytes, new threshold 15 (max 15)
[PSYoungGen: 2304K->288K(2560K)] 12450K->10458K(13824K), 0.0009577 secs] [Times: user=0.00 sys=0.00, real=0.00 secs] 
2015-04-14T20:15:46.096-0100: 836.895: Total time for which application threads were stopped: 0.0011200 seconds, Stopping threads took: 0.0000169 seconds
2015-04-14T20:15:46.832-0100: 837.630: [GC (Allocation Failure) 
Desired survivor size 524288 bytes, new threshold 15 (max 15)
[PSYoungGen: 2336K->256K(2560K)] 12506K->10458K(13824K), 0.0010087 secs] [Times: user=0.01 sys=0.00, real=0.00 secs] 
2015-04-14T20:15:46.833-0100: 837.631: Total time for which application threads were stopped: 0.0011820 seconds, Stopping threads took: 0.0000207 seconds
2015-04-14T20:15:47.297-0100: 838.096: [GC (Allocation Failure) 
Desired survivor size 524288 bytes, new threshold 15 (max 15)
[PSYoungGen: 2304K->288K(2560K)] 12506K->10522K(13824K), 0.0011207 secs] [Times: user=0.01 sys=0.00, real=0.00 secs] 
2015-04-14T20:15:47.298-0100: 838.097: Total time for which application threads were stopped: 0.0013130 seconds, Stopping threads took: 0.0000225 seconds
2015-04-14T20:15:48.084-0100: 838.883: [GC (Allocation Failure) 
Desired survivor size 524288 bytes, new threshold 15 (max 15)
[PSYoungGen: 2336K->288K(2560K)] 12570K->10522K(13824K), 0.0010302 secs] [Times: user=0.01 sys=0.00, real=0.00 secs] 
2015-04-14T20:15:48.086-0100: 838.884: Total time for which application threads were stopped: 0.0012227 seconds, Stopping threads took: 0.0000227 seconds
2015-04-14T20:15:48.802-0100: 839.601: [GC (Allocation Failure) 
Desired survivor size 524288 bytes, new threshold 15 (max 15)
[PSYoungGen: 2336K->288K(2560K)] 12570K->10522K(13824K), 0.0011390 secs] [Times: user=0.00 sys=0.00, real=0.00 secs] 
2015-04-14T20:15:48.804-0100: 839.603: Total time for which application threads were stopped: 0.0013372 seconds, Stopping threads took: 0.0000224 seconds
2015-04-14T20:15:49.337-0100: 840.136: [GC (Allocation Failure) 
Desired survivor size 524288 bytes, new threshold 15 (max 15)
[PSYoungGen: 2336K->288K(2560K)] 12570K->10522K(13824K), 0.0009788 secs] [Times: user=0.00 sys=0.00, real=0.00 secs] 
2015-04-14T20:15:49.338-0100: 840.137: Total time for which application threads were stopped: 0.0011691 seconds, Stopping threads took: 0.0000227 seconds
2015-04-14T20:15:50.057-0100: 840.856: [GC (Allocation Failure) 
Desired survivor size 524288 bytes, new threshold 15 (max 15)
[PSYoungGen: 2336K->288K(2560K)] 12570K->10538K(13824K), 0.0011126 secs] [Times: user=0.01 sys=0.00, real=0.00 secs] 
2015-04-14T20:15:50.058-0100: 840.857: Total time for which application threads were stopped: 0.0013371 seconds, Stopping threads took: 0.0000220 seconds
2015-04-14T20:15:50.742-0100: 841.541: [GC (Allocation Failure) 
Desired survivor size 524288 bytes, new threshold 15 (max 15)
[PSYoungGen: 2336K->288K(2560K)] 12586K->10538K(13824K), 0.0010571 secs] [Times: user=0.01 sys=0.00, real=0.00 secs] 
2015-04-14T20:15:50.743-0100: 841.542: Total time for which application threads were stopped: 0.0012575 seconds, Stopping threads took: 0.0000227 seconds
2015-04-14T20:15:51.427-0100: 842.226: [GC (Allocation Failure) 
Desired survivor size 524288 bytes, new threshold 15 (max 15)
[PSYoungGen: 2336K->288K(2560K)] 12586K->10546K(13824K), 0.0010157 secs] [Times: user=0.00 sys=0.00, real=0.00 secs] 
2015-04-14T20:15:51.428-0100: 842.227: Total time for which application threads were stopped: 0.0012139 seconds, Stopping threads took: 0.0000224 seconds
2015-04-14T20:15:52.314-0100: 843.113: [GC (Allocation Failure) 
Desired survivor size 524288 bytes, new threshold 15 (max 15)
[PSYoungGen: 2336K->256K(2560K)] 12594K->10522K(13824K), 0.0008975 secs] [Times: user=0.01 sys=0.00, real=0.00 secs] 
2015-04-14T20:15:52.315-0100: 843.114: Total time for which application threads were stopped: 0.0010737 seconds, Stopping threads took: 0.0000170 seconds
2015-04-14T20:15:52.982-0100: 843.781: [GC (Allocation Failure) 
Desired survivor size 524288 bytes, new threshold 15 (max 15)
[PSYoungGen: 2304K->288K(2560K)] 12570K->10578K(13824K), 0.0011368 secs] [Times: user=0.00 sys=0.00, real=0.00 secs] 
2015-04-14T20:15:52.983-0100: 843.782: Total time for which application threads were stopped: 0.0013489 seconds, Stopping threads took: 0.0000217 seconds
2015-04-14T20:15:53.873-0100: 844.672: [GC (Allocation Failure) 
Desired survivor size 524288 bytes, new threshold 15 (max 15)
[PSYoungGen: 2336K->288K(2560K)] 12626K->10578K(13824K), 0.0009547 secs] [Times: user=0.01 sys=0.00, real=0.00 secs] 
2015-04-14T20:15:53.874-0100: 844.673: Total time for which application threads were stopped: 0.0011325 seconds, Stopping threads took: 0.0000205 seconds
2015-04-14T20:15:54.453-0100: 845.252: [GC (Allocation Failure) 
Desired survivor size 524288 bytes, new threshold 15 (max 15)
[PSYoungGen: 2336K->288K(2560K)] 12626K->10578K(13824K), 0.0009811 secs] [Times: user=0.01 sys=0.00, real=0.00 secs] 
2015-04-14T20:15:54.454-0100: 845.253: Total time for which application threads were stopped: 0.0011743 seconds, Stopping threads took: 0.0000199 seconds
2015-04-14T20:15:55.225-0100: 846.024: [GC (Allocation Failure) 
Desired survivor size 524288 bytes, new threshold 15 (max 15)
[PSYoungGen: 2336K->256K(2560K)] 12626K->10562K(13824K), 0.0009259 secs] [Times: user=0.00 sys=0.00, real=0.00 secs] 
2015-04-14T20:15:55.226-0100: 846.025: Total time for which application threads were stopped: 0.0010933 seconds, Stopping threads took: 0.0000212 seconds
2015-04-14T20:15:55.908-0100: 846.707: [GC (Allocation Failure) 
Desired survivor size 524288 bytes, new threshold 15 (max 15)
[PSYoungGen: 2304K->288K(2560K)] 12610K->10602K(13824K), 0.0008752 secs] [Times: user=0.01 sys=0.00, real=0.00 secs] 
2015-04-14T20:15:55.909-0100: 846.708: Total time for which application threads were stopped: 0.0010273 seconds, Stopping threads took: 0.0000194 seconds
2015-04-14T20:15:56.778-0100: 847.577: [GC (Allocation Failure) 
Desired survivor size 524288 bytes, new threshold 15 (max 15)
[PSYoungGen: 2336K->288K(2560K)] 12650K->10602K(13824K), 0.0010980 secs] [Times: user=0.00 sys=0.00, real=0.00 secs] 
2015-04-14T20:15:56.779-0100: 847.578: Total time for which application threads were stopped: 0.0012861 seconds, Stopping threads took: 0.0000216 seconds
2015-04-14T20:15:57.446-0100: 848.245: [GC (Allocation Failure) 
Desired survivor size 524288 bytes, new threshold 15 (max 15)
[PSYoungGen: 2336K->288K(2560K)] 12650K->10602K(13824K), 0.0010805 secs] [Times: user=0.00 sys=0.00, real=0.00 secs] 
2015-04-14T20:15:57.447-0100: 848.246: Total time for which application threads were stopped: 0.0012955 seconds, Stopping threads took: 0.0000206 seconds
2015-04-14T20:15:58.216-0100: 849.015: [GC (Allocation Failure) 
Desired survivor size 524288 bytes, new threshold 15 (max 15)
[PSYoungGen: 2336K->256K(2560K)] 12650K->10570K(13824K), 0.0010940 secs] [Times: user=0.00 sys=0.00, real=0.00 secs] 
2015-04-14T20:15:58.217-0100: 849.016: Total time for which application threads were stopped: 0.0012820 seconds, Stopping threads took: 0.0000205 seconds
2015-04-14T20:15:59.001-0100: 849.800: [GC (Allocation Failure) 
Desired survivor size 524288 bytes, new threshold 15 (max 15)
[PSYoungGen: 2304K->288K(2560K)] 12618K->10602K(13824K), 0.0011232 secs] [Times: user=0.01 sys=0.00, real=0.00 secs] 
2015-04-14T20:15:59.002-0100: 849.801: Total time for which application threads were stopped: 0.0013215 seconds, Stopping threads took: 0.0000228 seconds
2015-04-14T20:15:59.703-0100: 850.502: [GC (Allocation Failure) 
Desired survivor size 524288 bytes, new threshold 15 (max 15)
[PSYoungGen: 2336K->256K(2560K)] 12650K->10570K(13824K), 0.0009367 secs] [Times: user=0.00 sys=0.00, real=0.00 secs] 
2015-04-14T20:15:59.704-0100: 850.503: Total time for which application threads were stopped: 0.0011109 seconds, Stopping threads took: 0.0000186 seconds
2015-04-14T20:16:00.414-0100: 851.213: [GC (Allocation Failure) 
Desired survivor size 524288 bytes, new threshold 15 (max 15)
[PSYoungGen: 2304K->288K(2560K)] 12618K->10602K(13824K), 0.0007965 secs] [Times: user=0.01 sys=0.00, real=0.00 secs] 
2015-04-14T20:16:00.414-0100: 851.214: Total time for which application threads were stopped: 0.0009340 seconds, Stopping threads took: 0.0000138 seconds
2015-04-14T20:16:01.107-0100: 851.907: [GC (Allocation Failure) 
Desired survivor size 524288 bytes, new threshold 15 (max 15)
[PSYoungGen: 2336K->288K(2560K)] 12650K->10602K(13824K), 0.0009002 secs] [Times: user=0.00 sys=0.00, real=0.00 secs] 
2015-04-14T20:16:01.108-0100: 851.907: Total time for which application threads were stopped: 0.0010674 seconds, Stopping threads took: 0.0000198 seconds
2015-04-14T20:16:01.726-0100: 852.525: [GC (Allocation Failure) 
Desired survivor size 524288 bytes, new threshold 15 (max 15)
[PSYoungGen: 2336K->288K(2560K)] 12650K->10642K(13824K), 0.0007978 secs] [Times: user=0.00 sys=0.00, real=0.00 secs] 
2015-04-14T20:16:01.727-0100: 852.526: Total time for which application threads were stopped: 0.0009426 seconds, Stopping threads took: 0.0000166 seconds
2015-04-14T20:16:02.413-0100: 853.212: [GC (Allocation Failure) 
Desired survivor size 524288 bytes, new threshold 15 (max 15)
[PSYoungGen: 2336K->224K(2560K)] 12690K->10586K(13824K), 0.0008540 secs] [Times: user=0.00 sys=0.00, real=0.00 secs] 
2015-04-14T20:16:02.414-0100: 853.213: Total time for which application threads were stopped: 0.0010037 seconds, Stopping threads took: 0.0000149 seconds
2015-04-14T20:16:03.163-0100: 853.962: [GC (Allocation Failure) 
Desired survivor size 524288 bytes, new threshold 15 (max 15)
[PSYoungGen: 2272K->256K(2560K)] 12634K->10618K(13824K), 0.0007832 secs] [Times: user=0.01 sys=0.00, real=0.00 secs] 
2015-04-14T20:16:03.164-0100: 853.963: Total time for which application threads were stopped: 0.0009275 seconds, Stopping threads took: 0.0000146 seconds
2015-04-14T20:16:03.750-0100: 854.550: [GC (Allocation Failure) 
Desired survivor size 524288 bytes, new threshold 15 (max 15)
[PSYoungGen: 2304K->288K(2560K)] 12666K->10658K(13824K), 0.0010743 secs] [Times: user=0.00 sys=0.00, real=0.00 secs] 
2015-04-14T20:16:03.752-0100: 854.551: Total time for which application threads were stopped: 0.0012710 seconds, Stopping threads took: 0.0000251 seconds
2015-04-14T20:16:04.520-0100: 855.319: [GC (Allocation Failure) 
Desired survivor size 524288 bytes, new threshold 15 (max 15)
[PSYoungGen: 2336K->256K(2560K)] 12706K->10626K(13824K), 0.0008609 secs] [Times: user=0.00 sys=0.00, real=0.00 secs] 
2015-04-14T20:16:04.521-0100: 855.320: Total time for which application threads were stopped: 0.0010426 seconds, Stopping threads took: 0.0000221 seconds
2015-04-14T20:16:05.387-0100: 856.186: [GC (Allocation Failure) 
Desired survivor size 524288 bytes, new threshold 15 (max 15)
[PSYoungGen: 2304K->256K(2560K)] 12674K->10626K(13824K), 0.0011633 secs] [Times: user=0.00 sys=0.00, real=0.00 secs] 
2015-04-14T20:16:05.388-0100: 856.187: Total time for which application threads were stopped: 0.0013757 seconds, Stopping threads took: 0.0000217 seconds
2015-04-14T20:16:06.023-0100: 856.822: [GC (Allocation Failure) 
Desired survivor size 524288 bytes, new threshold 15 (max 15)
[PSYoungGen: 2304K->288K(2560K)] 12674K->10658K(13824K), 0.0011118 secs] [Times: user=0.00 sys=0.00, real=0.00 secs] 
2015-04-14T20:16:06.024-0100: 856.823: Total time for which application threads were stopped: 0.0013014 seconds, Stopping threads took: 0.0000212 seconds
2015-04-14T20:16:06.842-0100: 857.642: [GC (Allocation Failure) 
Desired survivor size 524288 bytes, new threshold 15 (max 15)
[PSYoungGen: 2336K->288K(2560K)] 12706K->10658K(13824K), 0.0010879 secs] [Times: user=0.01 sys=0.00, real=0.00 secs] 
2015-04-14T20:16:06.844-0100: 857.643: Total time for which application threads were stopped: 0.0012964 seconds, Stopping threads took: 0.0000220 seconds
2015-04-14T20:16:07.479-0100: 858.278: [GC (Allocation Failure) 
Desired survivor size 524288 bytes, new threshold 15 (max 15)
[PSYoungGen: 2336K->288K(2560K)] 12706K->10674K(13824K), 0.0010283 secs] [Times: user=0.00 sys=0.00, real=0.01 secs] 
2015-04-14T20:16:07.480-0100: 858.279: Total time for which application threads were stopped: 0.0012141 seconds, Stopping threads took: 0.0000203 seconds
2015-04-14T20:16:08.281-0100: 859.080: [GC (Allocation Failure) 
Desired survivor size 524288 bytes, new threshold 15 (max 15)
[PSYoungGen: 2336K->288K(2560K)] 12722K->10682K(13824K), 0.0010667 secs] [Times: user=0.00 sys=0.00, real=0.00 secs] 
2015-04-14T20:16:08.282-0100: 859.081: Total time for which application threads were stopped: 0.0012625 seconds, Stopping threads took: 0.0000221 seconds
2015-04-14T20:16:08.970-0100: 859.770: [GC (Allocation Failure) 
Desired survivor size 524288 bytes, new threshold 15 (max 15)
[PSYoungGen: 2336K->288K(2560K)] 12730K->10682K(13824K), 0.0009800 secs] [Times: user=0.00 sys=0.00, real=0.00 secs] 
2015-04-14T20:16:08.972-0100: 859.771: Total time for which application threads were stopped: 0.0011568 seconds, Stopping threads took: 0.0000209 seconds
2015-04-14T20:16:09.901-0100: 860.700: [GC (Allocation Failure) 
Desired survivor size 524288 bytes, new threshold 15 (max 15)
[PSYoungGen: 2336K->288K(2560K)] 12730K->10682K(13824K), 0.0011045 secs] [Times: user=0.00 sys=0.00, real=0.00 secs] 
2015-04-14T20:16:09.902-0100: 860.701: Total time for which application threads were stopped: 0.0013022 seconds, Stopping threads took: 0.0000260 seconds
2015-04-14T20:16:10.588-0100: 861.387: [GC (Allocation Failure) 
Desired survivor size 524288 bytes, new threshold 15 (max 15)
[PSYoungGen: 2336K->288K(2560K)] 12730K->10682K(13824K), 0.0011276 secs] [Times: user=0.00 sys=0.00, real=0.00 secs] 
2015-04-14T20:16:10.589-0100: 861.388: Total time for which application threads were stopped: 0.0013215 seconds, Stopping threads took: 0.0000233 seconds
2015-04-14T20:16:11.392-0100: 862.192: [GC (Allocation Failure) 
Desired survivor size 524288 bytes, new threshold 15 (max 15)
[PSYoungGen: 2336K->256K(2560K)] 12730K->10666K(13824K), 0.0011031 secs] [Times: user=0.00 sys=0.00, real=0.00 secs] 
2015-04-14T20:16:11.394-0100: 862.193: Total time for which application threads were stopped: 0.0012875 seconds, Stopping threads took: 0.0000188 seconds
2015-04-14T20:16:12.076-0100: 862.875: [GC (Allocation Failure) 
Desired survivor size 524288 bytes, new threshold 15 (max 15)
[PSYoungGen: 2304K->256K(2560K)] 12714K->10666K(13824K), 0.0011493 secs] [Times: user=0.01 sys=0.00, real=0.00 secs] 
2015-04-14T20:16:12.077-0100: 862.877: Total time for which application threads were stopped: 0.0013460 seconds, Stopping threads took: 0.0000227 seconds
2015-04-14T20:16:12.916-0100: 863.715: [GC (Allocation Failure) 
Desired survivor size 524288 bytes, new threshold 15 (max 15)
[PSYoungGen: 2304K->288K(2560K)] 12714K->10714K(13824K), 0.0010063 secs] [Times: user=0.01 sys=0.00, real=0.00 secs] 
2015-04-14T20:16:12.917-0100: 863.716: Total time for which application threads were stopped: 0.0011889 seconds, Stopping threads took: 0.0000188 seconds
2015-04-14T20:16:13.695-0100: 864.495: [GC (Allocation Failure) 
Desired survivor size 524288 bytes, new threshold 15 (max 15)
[PSYoungGen: 2336K->256K(2560K)] 12762K->10682K(13824K), 0.0007591 secs] [Times: user=0.01 sys=0.00, real=0.00 secs] 
2015-04-14T20:16:13.696-0100: 864.495: Total time for which application threads were stopped: 0.0009003 seconds, Stopping threads took: 0.0000154 seconds
2015-04-14T20:16:14.433-0100: 865.232: [GC (Allocation Failure) 
Desired survivor size 524288 bytes, new threshold 15 (max 15)
[PSYoungGen: 2304K->256K(2560K)] 12730K->10682K(13824K), 0.0009499 secs] [Times: user=0.01 sys=0.00, real=0.00 secs] 
2015-04-14T20:16:14.434-0100: 865.233: Total time for which application threads were stopped: 0.0011325 seconds, Stopping threads took: 0.0000354 seconds
2015-04-14T20:16:15.057-0100: 865.856: [GC (Allocation Failure) 
Desired survivor size 524288 bytes, new threshold 15 (max 15)
[PSYoungGen: 2304K->256K(2560K)] 12730K->10690K(13824K), 0.0010042 secs] [Times: user=0.01 sys=0.00, real=0.00 secs] 
2015-04-14T20:16:15.058-0100: 865.857: Total time for which application threads were stopped: 0.0011880 seconds, Stopping threads took: 0.0000180 seconds
2015-04-14T20:16:15.854-0100: 866.653: [GC (Allocation Failure) 
Desired survivor size 524288 bytes, new threshold 15 (max 15)
[PSYoungGen: 2304K->256K(2560K)] 12738K->10698K(13824K), 0.0007801 secs] [Times: user=0.00 sys=0.00, real=0.00 secs] 
2015-04-14T20:16:15.855-0100: 866.654: Total time for which application threads were stopped: 0.0009222 seconds, Stopping threads took: 0.0000139 seconds
2015-04-14T20:16:16.487-0100: 867.287: Total time for which application threads were stopped: 0.0001069 seconds, Stopping threads took: 0.0000202 seconds
2015-04-14T20:16:16.488-0100: 867.287: [GC (GCLocker Initiated GC) 
Desired survivor size 524288 bytes, new threshold 15 (max 15)
[PSYoungGen: 2304K->256K(2560K)] 12746K->10714K(13824K), 0.0011171 secs] [Times: user=0.00 sys=0.00, real=0.00 secs] 
2015-04-14T20:16:16.489-0100: 867.288: Total time for which application threads were stopped: 0.0012572 seconds, Stopping threads took: 0.0000091 seconds
2015-04-14T20:16:17.124-0100: 867.924: [GC (Allocation Failure) 
Desired survivor size 524288 bytes, new threshold 15 (max 15)
[PSYoungGen: 2304K->288K(2560K)] 12765K->10757K(13824K), 0.0009576 secs] [Times: user=0.01 sys=0.00, real=0.00 secs] 
2015-04-14T20:16:17.125-0100: 867.925: Total time for which application threads were stopped: 0.0011689 seconds, Stopping threads took: 0.0000214 seconds
2015-04-14T20:16:17.961-0100: 868.760: [GC (Allocation Failure) 
Desired survivor size 524288 bytes, new threshold 15 (max 15)
[PSYoungGen: 2336K->256K(2560K)] 12805K->10725K(13824K), 0.0009970 secs] [Times: user=0.01 sys=0.01, real=0.00 secs] 
2015-04-14T20:16:17.962-0100: 868.762: Total time for which application threads were stopped: 0.0012100 seconds, Stopping threads took: 0.0000207 seconds
2015-04-14T20:16:18.731-0100: 869.531: [GC (Allocation Failure) 
Desired survivor size 524288 bytes, new threshold 15 (max 15)
[PSYoungGen: 2304K->256K(2560K)] 12773K->10725K(13824K), 0.0010691 secs] [Times: user=0.00 sys=0.00, real=0.00 secs] 
2015-04-14T20:16:18.732-0100: 869.532: Total time for which application threads were stopped: 0.0012612 seconds, Stopping threads took: 0.0000224 seconds
2015-04-14T20:16:19.534-0100: 870.333: Total time for which application threads were stopped: 0.0000972 seconds, Stopping threads took: 0.0000203 seconds
2015-04-14T20:16:19.534-0100: 870.333: [GC (GCLocker Initiated GC) 
Desired survivor size 524288 bytes, new threshold 15 (max 15)
[PSYoungGen: 2304K->288K(2560K)] 12774K->10758K(13824K), 0.0010514 secs] [Times: user=0.00 sys=0.00, real=0.00 secs] 
2015-04-14T20:16:19.535-0100: 870.334: Total time for which application threads were stopped: 0.0012041 seconds, Stopping threads took: 0.0000112 seconds
2015-04-14T20:16:20.285-0100: 871.084: [GC (Allocation Failure) 
Desired survivor size 524288 bytes, new threshold 15 (max 15)
[PSYoungGen: 2336K->288K(2560K)] 12808K->10760K(13824K), 0.0011296 secs] [Times: user=0.00 sys=0.00, real=0.00 secs] 
2015-04-14T20:16:20.286-0100: 871.086: Total time for which application threads were stopped: 0.0013210 seconds, Stopping threads took: 0.0000195 seconds
2015-04-14T20:16:20.987-0100: 871.786: [GC (Allocation Failure) 
Desired survivor size 524288 bytes, new threshold 15 (max 15)
[PSYoungGen: 2336K->288K(2560K)] 12808K->10760K(13824K), 0.0010420 secs] [Times: user=0.01 sys=0.00, real=0.00 secs] 
2015-04-14T20:16:20.988-0100: 871.787: Total time for which application threads were stopped: 0.0012393 seconds, Stopping threads took: 0.0000226 seconds
2015-04-14T20:16:21.606-0100: 872.406: [GC (Allocation Failure) 
Desired survivor size 524288 bytes, new threshold 15 (max 15)
[PSYoungGen: 2336K->288K(2560K)] 12808K->10768K(13824K), 0.0011212 secs] [Times: user=0.01 sys=0.00, real=0.00 secs] 
2015-04-14T20:16:21.607-0100: 872.407: Total time for which application threads were stopped: 0.0013528 seconds, Stopping threads took: 0.0000214 seconds
2015-04-14T20:16:22.273-0100: 873.073: [GC (Allocation Failure) 
Desired survivor size 524288 bytes, new threshold 15 (max 15)
[PSYoungGen: 2336K->288K(2560K)] 12816K->10768K(13824K), 0.0010662 secs] [Times: user=0.00 sys=0.00, real=0.00 secs] 
2015-04-14T20:16:22.274-0100: 873.074: Total time for which application threads were stopped: 0.0012550 seconds, Stopping threads took: 0.0000202 seconds
2015-04-14T20:16:22.958-0100: 873.758: [GC (Allocation Failure) 
Desired survivor size 524288 bytes, new threshold 15 (max 15)
[PSYoungGen: 2336K->288K(2560K)] 12816K->10784K(13824K), 0.0011144 secs] [Times: user=0.00 sys=0.00, real=0.01 secs] 
2015-04-14T20:16:22.960-0100: 873.759: Total time for which application threads were stopped: 0.0013156 seconds, Stopping threads took: 0.0000218 seconds
2015-04-14T20:16:23.758-0100: 874.557: [GC (Allocation Failure) 
Desired survivor size 524288 bytes, new threshold 15 (max 15)
[PSYoungGen: 2336K->256K(2560K)] 12832K->10752K(13824K), 0.0010539 secs] [Times: user=0.00 sys=0.00, real=0.00 secs] 
2015-04-14T20:16:23.759-0100: 874.558: Total time for which application threads were stopped: 0.0013010 seconds, Stopping threads took: 0.0000370 seconds
2015-04-14T20:16:24.507-0100: 875.307: [GC (Allocation Failure) 
Desired survivor size 524288 bytes, new threshold 15 (max 15)
[PSYoungGen: 2304K->256K(2560K)] 12800K->10752K(13824K), 0.0010500 secs] [Times: user=0.00 sys=0.00, real=0.00 secs] 
2015-04-14T20:16:24.508-0100: 875.308: Total time for which application threads were stopped: 0.0012438 seconds, Stopping threads took: 0.0000210 seconds
2015-04-14T20:16:25.287-0100: 876.087: [GC (Allocation Failure) 
Desired survivor size 524288 bytes, new threshold 15 (max 15)
[PSYoungGen: 2304K->288K(2560K)] 12800K->10784K(13824K), 0.0010842 secs] [Times: user=0.01 sys=0.00, real=0.00 secs] 
2015-04-14T20:16:25.288-0100: 876.088: Total time for which application threads were stopped: 0.0012846 seconds, Stopping threads took: 0.0000199 seconds
2015-04-14T20:16:26.122-0100: 876.922: [GC (Allocation Failure) 
Desired survivor size 524288 bytes, new threshold 15 (max 15)
[PSYoungGen: 2336K->288K(2560K)] 12832K->10800K(13824K), 0.0010710 secs] [Times: user=0.00 sys=0.00, real=0.00 secs] 
2015-04-14T20:16:26.123-0100: 876.923: Total time for which application threads were stopped: 0.0012669 seconds, Stopping threads took: 0.0000242 seconds
2015-04-14T20:16:26.804-0100: 877.603: [GC (Allocation Failure) 
Desired survivor size 524288 bytes, new threshold 15 (max 15)
[PSYoungGen: 2336K->192K(2560K)] 12848K->10728K(13824K), 0.0010009 secs] [Times: user=0.00 sys=0.00, real=0.00 secs] 
2015-04-14T20:16:26.805-0100: 877.605: Total time for which application threads were stopped: 0.0012273 seconds, Stopping threads took: 0.0000273 seconds
2015-04-14T20:16:27.506-0100: 878.305: [GC (Allocation Failure) 
Desired survivor size 524288 bytes, new threshold 15 (max 15)
[PSYoungGen: 2240K->288K(2560K)] 12776K->10848K(13824K), 0.0010883 secs] [Times: user=0.01 sys=0.00, real=0.00 secs] 
2015-04-14T20:16:27.507-0100: 878.307: Total time for which application threads were stopped: 0.0012955 seconds, Stopping threads took: 0.0000271 seconds
2015-04-14T20:16:28.154-0100: 878.954: [GC (Allocation Failure) 
Desired survivor size 524288 bytes, new threshold 15 (max 15)
[PSYoungGen: 2336K->288K(2560K)] 12896K->10880K(13824K), 0.0007984 secs] [Times: user=0.00 sys=0.00, real=0.00 secs] 
2015-04-14T20:16:28.155-0100: 878.955: Total time for which application threads were stopped: 0.0009412 seconds, Stopping threads took: 0.0000194 seconds
2015-04-14T20:16:28.729-0100: 879.528: [GC (Allocation Failure) 
Desired survivor size 524288 bytes, new threshold 15 (max 15)
[PSYoungGen: 2336K->288K(2560K)] 12928K->10896K(13824K), 0.0010990 secs] [Times: user=0.00 sys=0.00, real=0.01 secs] 
2015-04-14T20:16:28.730-0100: 879.530: Total time for which application threads were stopped: 0.0012784 seconds, Stopping threads took: 0.0000202 seconds
2015-04-14T20:16:29.364-0100: 880.164: [GC (Allocation Failure) 
Desired survivor size 524288 bytes, new threshold 15 (max 15)
[PSYoungGen: 2336K->256K(2560K)] 12944K->10864K(13824K), 0.0010012 secs] [Times: user=0.01 sys=0.00, real=0.00 secs] 
2015-04-14T20:16:29.365-0100: 880.165: Total time for which application threads were stopped: 0.0011799 seconds, Stopping threads took: 0.0000224 seconds
2015-04-14T20:16:30.132-0100: 880.931: [GC (Allocation Failure) 
Desired survivor size 524288 bytes, new threshold 15 (max 15)
[PSYoungGen: 2304K->288K(2560K)] 12912K->10896K(13824K), 0.0010238 secs] [Times: user=0.01 sys=0.00, real=0.00 secs] 
2015-04-14T20:16:30.133-0100: 880.932: Total time for which application threads were stopped: 0.0012190 seconds, Stopping threads took: 0.0000188 seconds
2015-04-14T20:16:30.701-0100: 881.500: [GC (Allocation Failure) 
Desired survivor size 524288 bytes, new threshold 15 (max 15)
[PSYoungGen: 2336K->256K(2560K)] 12944K->10888K(13824K), 0.0010725 secs] [Times: user=0.01 sys=0.00, real=0.00 secs] 
2015-04-14T20:16:30.702-0100: 881.501: Total time for which application threads were stopped: 0.0012635 seconds, Stopping threads took: 0.0000218 seconds
2015-04-14T20:16:31.519-0100: 882.319: [GC (Allocation Failure) 
Desired survivor size 524288 bytes, new threshold 15 (max 15)
[PSYoungGen: 2304K->288K(2560K)] 12936K->10952K(13824K), 0.0011112 secs] [Times: user=0.01 sys=0.00, real=0.01 secs] 
2015-04-14T20:16:31.520-0100: 882.320: Total time for which application threads were stopped: 0.0013041 seconds, Stopping threads took: 0.0000220 seconds
2015-04-14T20:16:32.314-0100: 883.114: [GC (Allocation Failure) 
Desired survivor size 524288 bytes, new threshold 15 (max 15)
[PSYoungGen: 2336K->256K(2560K)] 13000K->10920K(13824K), 0.0009968 secs] [Times: user=0.01 sys=0.00, real=0.00 secs] 
2015-04-14T20:16:32.315-0100: 883.115: Total time for which application threads were stopped: 0.0011845 seconds, Stopping threads took: 0.0000189 seconds
2015-04-14T20:16:32.774-0100: 883.573: [GC (Allocation Failure) 
Desired survivor size 524288 bytes, new threshold 15 (max 15)
[PSYoungGen: 2304K->288K(2560K)] 12968K->10952K(13824K), 0.0011051 secs] [Times: user=0.01 sys=0.00, real=0.00 secs] 
2015-04-14T20:16:32.775-0100: 883.575: Total time for which application threads were stopped: 0.0013027 seconds, Stopping threads took: 0.0000212 seconds
2015-04-14T20:16:33.443-0100: 884.243: [GC (Allocation Failure) 
Desired survivor size 524288 bytes, new threshold 15 (max 15)
[PSYoungGen: 2336K->256K(2560K)] 13000K->10920K(13824K), 0.0010257 secs] [Times: user=0.01 sys=0.00, real=0.00 secs] 
2015-04-14T20:16:33.444-0100: 884.244: Total time for which application threads were stopped: 0.0012202 seconds, Stopping threads took: 0.0000205 seconds
2015-04-14T20:16:34.245-0100: 885.044: [GC (Allocation Failure) 
Desired survivor size 524288 bytes, new threshold 15 (max 15)
[PSYoungGen: 2304K->288K(2560K)] 12968K->10952K(13824K), 0.0011679 secs] [Times: user=0.00 sys=0.00, real=0.00 secs] 
2015-04-14T20:16:34.246-0100: 885.046: Total time for which application threads were stopped: 0.0013607 seconds, Stopping threads took: 0.0000207 seconds
2015-04-14T20:16:34.809-0100: 885.608: [GC (Allocation Failure) 
Desired survivor size 524288 bytes, new threshold 15 (max 15)
[PSYoungGen: 2336K->288K(2560K)] 13000K->10952K(13824K), 0.0010510 secs] [Times: user=0.01 sys=0.00, real=0.01 secs] 
2015-04-14T20:16:34.810-0100: 885.610: Total time for which application threads were stopped: 0.0012365 seconds, Stopping threads took: 0.0000213 seconds
2015-04-14T20:16:35.450-0100: 886.249: [GC (Allocation Failure) 
Desired survivor size 524288 bytes, new threshold 15 (max 15)
[PSYoungGen: 2336K->288K(2560K)] 13000K->10952K(13824K), 0.0010826 secs] [Times: user=0.00 sys=0.00, real=0.00 secs] 
2015-04-14T20:16:35.451-0100: 886.251: Total time for which application threads were stopped: 0.0012787 seconds, Stopping threads took: 0.0000206 seconds
2015-04-14T20:16:36.253-0100: 887.052: [GC (Allocation Failure) 
Desired survivor size 524288 bytes, new threshold 15 (max 15)
[PSYoungGen: 2336K->288K(2560K)] 13000K->10976K(13824K), 0.0011131 secs] [Times: user=0.00 sys=0.00, real=0.00 secs] 
2015-04-14T20:16:36.254-0100: 887.054: Total time for which application threads were stopped: 0.0013109 seconds, Stopping threads took: 0.0000222 seconds
2015-04-14T20:16:36.824-0100: 887.623: [GC (Allocation Failure) 
Desired survivor size 524288 bytes, new threshold 15 (max 15)
[PSYoungGen: 2336K->256K(2560K)] 13024K->10944K(13824K), 0.0009530 secs] [Times: user=0.01 sys=0.00, real=0.00 secs] 
2015-04-14T20:16:36.825-0100: 887.624: Total time for which application threads were stopped: 0.0011449 seconds, Stopping threads took: 0.0000221 seconds
2015-04-14T20:16:37.724-0100: 888.524: [GC (Allocation Failure) 
Desired survivor size 524288 bytes, new threshold 15 (max 15)
[PSYoungGen: 2304K->288K(2560K)] 12992K->10976K(13824K), 0.0009660 secs] [Times: user=0.01 sys=0.00, real=0.00 secs] 
2015-04-14T20:16:37.725-0100: 888.525: Total time for which application threads were stopped: 0.0011357 seconds, Stopping threads took: 0.0000177 seconds
2015-04-14T20:16:38.174-0100: 888.974: [GC (Allocation Failure) 
Desired survivor size 524288 bytes, new threshold 15 (max 15)
[PSYoungGen: 2336K->288K(2560K)] 13024K->11008K(13824K), 0.0010863 secs] [Times: user=0.00 sys=0.00, real=0.00 secs] 
2015-04-14T20:16:38.176-0100: 888.975: Total time for which application threads were stopped: 0.0012708 seconds, Stopping threads took: 0.0000219 seconds
2015-04-14T20:16:38.826-0100: 889.626: [GC (Allocation Failure) 
Desired survivor size 524288 bytes, new threshold 15 (max 15)
[PSYoungGen: 2336K->288K(2560K)] 13056K->11008K(13824K), 0.0010599 secs] [Times: user=0.00 sys=0.00, real=0.00 secs] 
2015-04-14T20:16:38.827-0100: 889.627: Total time for which application threads were stopped: 0.0012675 seconds, Stopping threads took: 0.0000256 seconds
2015-04-14T20:16:39.429-0100: 890.229: [GC (Allocation Failure) 
Desired survivor size 524288 bytes, new threshold 15 (max 15)
[PSYoungGen: 2336K->288K(2560K)] 13056K->11040K(13824K), 0.0010648 secs] [Times: user=0.01 sys=0.00, real=0.01 secs] 
2015-04-14T20:16:39.430-0100: 890.230: Total time for which application threads were stopped: 0.0012546 seconds, Stopping threads took: 0.0000235 seconds
2015-04-14T20:16:40.232-0100: 891.032: [GC (Allocation Failure) 
Desired survivor size 524288 bytes, new threshold 15 (max 15)
[PSYoungGen: 2336K->288K(2560K)] 13088K->11040K(13824K), 0.0010937 secs] [Times: user=0.00 sys=0.00, real=0.00 secs] 
2015-04-14T20:16:40.233-0100: 891.033: Total time for which application threads were stopped: 0.0012872 seconds, Stopping threads took: 0.0000228 seconds
2015-04-14T20:16:40.866-0100: 891.666: [GC (Allocation Failure) 
Desired survivor size 524288 bytes, new threshold 15 (max 15)
[PSYoungGen: 2336K->288K(2560K)] 13088K->11040K(13824K), 0.0010905 secs] [Times: user=0.00 sys=0.01, real=0.00 secs] 
2015-04-14T20:16:40.867-0100: 891.667: Total time for which application threads were stopped: 0.0013163 seconds, Stopping threads took: 0.0000224 seconds
2015-04-14T20:16:41.571-0100: 892.371: [GC (Allocation Failure) 
Desired survivor size 524288 bytes, new threshold 15 (max 15)
[PSYoungGen: 2336K->288K(2560K)] 13088K->11040K(13824K), 0.0010971 secs] [Times: user=0.01 sys=0.00, real=0.00 secs] 
2015-04-14T20:16:41.572-0100: 892.372: Total time for which application threads were stopped: 0.0012746 seconds, Stopping threads took: 0.0000211 seconds
2015-04-14T20:16:42.004-0100: 892.803: [GC (Allocation Failure) 
Desired survivor size 524288 bytes, new threshold 15 (max 15)
[PSYoungGen: 2336K->288K(2560K)] 13088K->11040K(13824K), 0.0010420 secs] [Times: user=0.01 sys=0.00, real=0.00 secs] 
2015-04-14T20:16:42.005-0100: 892.804: Total time for which application threads were stopped: 0.0012316 seconds, Stopping threads took: 0.0000206 seconds
2015-04-14T20:16:42.690-0100: 893.490: [GC (Allocation Failure) 
Desired survivor size 524288 bytes, new threshold 15 (max 15)
[PSYoungGen: 2336K->256K(2560K)] 13088K->11032K(13824K), 0.0010926 secs] [Times: user=0.00 sys=0.00, real=0.00 secs] 
2015-04-14T20:16:42.691-0100: 893.491: Total time for which application threads were stopped: 0.0012775 seconds, Stopping threads took: 0.0000226 seconds
2015-04-14T20:16:43.157-0100: 893.957: [GC (Allocation Failure) 
Desired survivor size 524288 bytes, new threshold 15 (max 15)
[PSYoungGen: 2304K->256K(2560K)] 13080K->11032K(13824K), 0.0009897 secs] [Times: user=0.01 sys=0.00, real=0.00 secs] 
2015-04-14T20:16:43.158-0100: 893.958: Total time for which application threads were stopped: 0.0011977 seconds, Stopping threads took: 0.0000220 seconds
2015-04-14T20:16:43.808-0100: 894.608: [GC (Allocation Failure) 
Desired survivor size 524288 bytes, new threshold 15 (max 15)
[PSYoungGen: 2304K->288K(2560K)] 13080K->11064K(13824K), 0.0010843 secs] [Times: user=0.01 sys=0.00, real=0.00 secs] 
2015-04-14T20:16:43.809-0100: 894.609: Total time for which application threads were stopped: 0.0013059 seconds, Stopping threads took: 0.0000226 seconds
2015-04-14T20:16:44.477-0100: 895.277: [GC (Allocation Failure) 
Desired survivor size 524288 bytes, new threshold 15 (max 15)
[PSYoungGen: 2336K->288K(2560K)] 13112K->11064K(13824K), 0.0011488 secs] [Times: user=0.01 sys=0.00, real=0.00 secs] 
2015-04-14T20:16:44.479-0100: 895.278: Total time for which application threads were stopped: 0.0013492 seconds, Stopping threads took: 0.0000233 seconds
2015-04-14T20:16:45.148-0100: 895.948: [GC (Allocation Failure) 
Desired survivor size 524288 bytes, new threshold 15 (max 15)
[PSYoungGen: 2336K->288K(2560K)] 13112K->11096K(13824K), 0.0010353 secs] [Times: user=0.00 sys=0.00, real=0.00 secs] 
2015-04-14T20:16:45.149-0100: 895.949: Total time for which application threads were stopped: 0.0012264 seconds, Stopping threads took: 0.0000192 seconds
2015-04-14T20:16:45.748-0100: 896.547: [GC (Allocation Failure) 
Desired survivor size 524288 bytes, new threshold 15 (max 15)
[PSYoungGen: 2336K->288K(2560K)] 13144K->11096K(13824K), 0.0010118 secs] [Times: user=0.00 sys=0.00, real=0.00 secs] 
2015-04-14T20:16:45.749-0100: 896.549: Total time for which application threads were stopped: 0.0011853 seconds, Stopping threads took: 0.0000201 seconds
2015-04-14T20:16:46.234-0100: 897.034: [GC (Allocation Failure) 
Desired survivor size 524288 bytes, new threshold 15 (max 15)
[PSYoungGen: 2336K->256K(2560K)] 13144K->11064K(13824K), 0.0010928 secs] [Times: user=0.01 sys=0.00, real=0.00 secs] 
2015-04-14T20:16:46.235-0100: 897.035: Total time for which application threads were stopped: 0.0012873 seconds, Stopping threads took: 0.0000210 seconds
2015-04-14T20:16:46.902-0100: 897.702: [GC (Allocation Failure) 
Desired survivor size 524288 bytes, new threshold 15 (max 15)
[PSYoungGen: 2304K->256K(2560K)] 13112K->11064K(13824K), 0.0011624 secs] [Times: user=0.01 sys=0.00, real=0.00 secs] 
2015-04-14T20:16:46.903-0100: 897.703: Total time for which application threads were stopped: 0.0013605 seconds, Stopping threads took: 0.0000233 seconds
2015-04-14T20:16:47.487-0100: 898.286: [GC (Allocation Failure) 
Desired survivor size 524288 bytes, new threshold 15 (max 15)
[PSYoungGen: 2304K->256K(2560K)] 13112K->11064K(13824K), 0.0009772 secs] [Times: user=0.01 sys=0.00, real=0.00 secs] 
2015-04-14T20:16:47.488-0100: 898.287: Total time for which application threads were stopped: 0.0011516 seconds, Stopping threads took: 0.0000188 seconds
2015-04-14T20:16:47.990-0100: 898.790: [GC (Allocation Failure) 
Desired survivor size 524288 bytes, new threshold 15 (max 15)
[PSYoungGen: 2304K->288K(2560K)] 13112K->11104K(13824K), 0.0010793 secs] [Times: user=0.00 sys=0.00, real=0.00 secs] 
2015-04-14T20:16:47.991-0100: 898.791: Total time for which application threads were stopped: 0.0012785 seconds, Stopping threads took: 0.0000230 seconds
2015-04-14T20:16:48.559-0100: 899.359: [GC (Allocation Failure) 
Desired survivor size 524288 bytes, new threshold 15 (max 15)
[PSYoungGen: 2336K->288K(2560K)] 13152K->11112K(13824K), 0.0010625 secs] [Times: user=0.00 sys=0.00, real=0.01 secs] 
2015-04-14T20:16:48.560-0100: 899.360: Total time for which application threads were stopped: 0.0012691 seconds, Stopping threads took: 0.0000253 seconds
2015-04-14T20:16:49.076-0100: 899.876: [GC (Allocation Failure) 
Desired survivor size 524288 bytes, new threshold 14 (max 15)
[PSYoungGen: 2336K->256K(2560K)] 13160K->11096K(13824K), 0.0010831 secs] [Times: user=0.00 sys=0.00, real=0.00 secs] 
2015-04-14T20:16:49.077-0100: 899.877: Total time for which application threads were stopped: 0.0012742 seconds, Stopping threads took: 0.0000222 seconds
2015-04-14T20:16:49.846-0100: 900.646: [GC (Allocation Failure) 
Desired survivor size 524288 bytes, new threshold 14 (max 15)
[PSYoungGen: 2304K->256K(2560K)] 13144K->11128K(13824K), 0.0011332 secs] [Times: user=0.00 sys=0.00, real=0.00 secs] 
2015-04-14T20:16:49.848-0100: 900.648: Total time for which application threads were stopped: 0.0013300 seconds, Stopping threads took: 0.0000209 seconds
2015-04-14T20:16:50.513-0100: 901.313: [GC (Allocation Failure) 
Desired survivor size 524288 bytes, new threshold 14 (max 15)
[PSYoungGen: 2304K->288K(2560K)] 13176K->11160K(13824K), 0.0010696 secs] [Times: user=0.01 sys=0.00, real=0.00 secs] 
2015-04-14T20:16:50.515-0100: 901.314: Total time for which application threads were stopped: 0.0012747 seconds, Stopping threads took: 0.0000219 seconds
2015-04-14T20:16:51.352-0100: 902.152: [GC (Allocation Failure) 
Desired survivor size 524288 bytes, new threshold 14 (max 15)
[PSYoungGen: 2336K->288K(2560K)] 13208K->11160K(13824K), 0.0009611 secs] [Times: user=0.01 sys=0.00, real=0.00 secs] 
2015-04-14T20:16:51.353-0100: 902.153: Total time for which application threads were stopped: 0.0011325 seconds, Stopping threads took: 0.0000201 seconds
2015-04-14T20:16:52.059-0100: 902.859: [GC (Allocation Failure) 
Desired survivor size 524288 bytes, new threshold 14 (max 15)
[PSYoungGen: 2336K->256K(2560K)] 13208K->11128K(13824K), 0.0010107 secs] [Times: user=0.00 sys=0.00, real=0.01 secs] 
2015-04-14T20:16:52.060-0100: 902.860: Total time for which application threads were stopped: 0.0011783 seconds, Stopping threads took: 0.0000172 seconds
2015-04-14T20:16:52.687-0100: 903.487: [GC (Allocation Failure) 
Desired survivor size 524288 bytes, new threshold 14 (max 15)
[PSYoungGen: 2304K->288K(2560K)] 13176K->11160K(13824K), 0.0010686 secs] [Times: user=0.00 sys=0.00, real=0.00 secs] 
2015-04-14T20:16:52.688-0100: 903.488: Total time for which application threads were stopped: 0.0012547 seconds, Stopping threads took: 0.0000208 seconds
2015-04-14T20:16:53.355-0100: 904.155: [GC (Allocation Failure) 
Desired survivor size 524288 bytes, new threshold 14 (max 15)
[PSYoungGen: 2336K->288K(2560K)] 13208K->11160K(13824K), 0.0011176 secs] [Times: user=0.01 sys=0.00, real=0.00 secs] 
2015-04-14T20:16:53.356-0100: 904.156: Total time for which application threads were stopped: 0.0013059 seconds, Stopping threads took: 0.0000195 seconds
2015-04-14T20:16:54.159-0100: 904.959: [GC (Allocation Failure) 
Desired survivor size 524288 bytes, new threshold 15 (max 15)
[PSYoungGen: 2336K->288K(2560K)] 13208K->11160K(13824K), 0.0009890 secs] [Times: user=0.01 sys=0.00, real=0.01 secs] 
2015-04-14T20:16:54.160-0100: 904.960: Total time for which application threads were stopped: 0.0011623 seconds, Stopping threads took: 0.0000199 seconds
2015-04-14T20:16:54.978-0100: 905.778: [GC (Allocation Failure) 
Desired survivor size 524288 bytes, new threshold 15 (max 15)
[PSYoungGen: 2336K->288K(2560K)] 13208K->11160K(13824K), 0.0011550 secs] [Times: user=0.01 sys=0.00, real=0.00 secs] 
2015-04-14T20:16:54.979-0100: 905.779: Total time for which application threads were stopped: 0.0013489 seconds, Stopping threads took: 0.0000219 seconds
2015-04-14T20:16:55.443-0100: 906.243: [GC (Allocation Failure) 
Desired survivor size 524288 bytes, new threshold 15 (max 15)
[PSYoungGen: 2336K->288K(2560K)] 13208K->11160K(13824K), 0.0011135 secs] [Times: user=0.00 sys=0.00, real=0.00 secs] 
2015-04-14T20:16:55.444-0100: 906.244: Total time for which application threads were stopped: 0.0013101 seconds, Stopping threads took: 0.0000217 seconds
2015-04-14T20:16:56.233-0100: 907.033: [GC (Allocation Failure) 
Desired survivor size 524288 bytes, new threshold 15 (max 15)
[PSYoungGen: 2336K->288K(2560K)] 13208K->11168K(13824K), 0.0010766 secs] [Times: user=0.00 sys=0.00, real=0.00 secs] 
2015-04-14T20:16:56.234-0100: 907.034: Total time for which application threads were stopped: 0.0012584 seconds, Stopping threads took: 0.0000213 seconds
2015-04-14T20:16:56.933-0100: 907.733: [GC (Allocation Failure) 
Desired survivor size 524288 bytes, new threshold 15 (max 15)
[PSYoungGen: 2336K->288K(2560K)] 13216K->11168K(13824K), 0.0011536 secs] [Times: user=0.00 sys=0.00, real=0.00 secs] 
2015-04-14T20:16:56.934-0100: 907.734: Total time for which application threads were stopped: 0.0013621 seconds, Stopping threads took: 0.0000222 seconds
2015-04-14T20:16:57.686-0100: 908.486: [GC (Allocation Failure) 
Desired survivor size 524288 bytes, new threshold 15 (max 15)
[PSYoungGen: 2336K->288K(2560K)] 13216K->11184K(13824K), 0.0010720 secs] [Times: user=0.01 sys=0.00, real=0.00 secs] 
2015-04-14T20:16:57.687-0100: 908.487: Total time for which application threads were stopped: 0.0012604 seconds, Stopping threads took: 0.0000225 seconds
2015-04-14T20:16:58.122-0100: 908.922: [GC (Allocation Failure) 
Desired survivor size 524288 bytes, new threshold 15 (max 15)
[PSYoungGen: 2336K->288K(2560K)] 13232K->11184K(13824K), 0.0010466 secs] [Times: user=0.00 sys=0.00, real=0.00 secs] 
2015-04-14T20:16:58.123-0100: 908.923: Total time for which application threads were stopped: 0.0012377 seconds, Stopping threads took: 0.0000237 seconds
2015-04-14T20:16:58.910-0100: 909.710: [GC (Allocation Failure) 
Desired survivor size 524288 bytes, new threshold 15 (max 15)
[PSYoungGen: 2336K->256K(2560K)] 13232K->11184K(13824K), 0.0010076 secs] [Times: user=0.01 sys=0.00, real=0.00 secs] 
2015-04-14T20:16:58.911-0100: 909.711: Total time for which application threads were stopped: 0.0011821 seconds, Stopping threads took: 0.0000220 seconds
2015-04-14T20:16:59.692-0100: 910.492: [GC (Allocation Failure) 
Desired survivor size 524288 bytes, new threshold 15 (max 15)
[PSYoungGen: 2304K->256K(2560K)] 13232K->11184K(13824K), 0.0010757 secs] [Times: user=0.00 sys=0.00, real=0.00 secs] 
2015-04-14T20:16:59.693-0100: 910.493: Total time for which application threads were stopped: 0.0012665 seconds, Stopping threads took: 0.0000222 seconds
2015-04-14T20:17:00.093-0100: 910.893: [GC (Allocation Failure) 
Desired survivor size 524288 bytes, new threshold 15 (max 15)
[PSYoungGen: 2304K->256K(2560K)] 13232K->11184K(13824K), 0.0008473 secs] [Times: user=0.00 sys=0.00, real=0.00 secs] 
2015-04-14T20:17:00.094-0100: 910.894: Total time for which application threads were stopped: 0.0010023 seconds, Stopping threads took: 0.0000158 seconds
2015-04-14T20:17:00.963-0100: 911.763: [GC (Allocation Failure) 
Desired survivor size 524288 bytes, new threshold 15 (max 15)
[PSYoungGen: 2304K->288K(2560K)] 13232K->11224K(13824K), 0.0010695 secs] [Times: user=0.00 sys=0.00, real=0.00 secs] 
2015-04-14T20:17:00.965-0100: 911.765: Total time for which application threads were stopped: 0.0012950 seconds, Stopping threads took: 0.0000232 seconds
2015-04-14T20:17:01.662-0100: 912.462: [GC (Allocation Failure) 
Desired survivor size 524288 bytes, new threshold 15 (max 15)
[PSYoungGen: 2336K->288K(2560K)] 13272K->11232K(13824K), 0.0011240 secs] [Times: user=0.00 sys=0.00, real=0.00 secs] 
2015-04-14T20:17:01.664-0100: 912.464: Total time for which application threads were stopped: 0.0013206 seconds, Stopping threads took: 0.0000208 seconds
2015-04-14T20:17:02.368-0100: 913.168: [GC (Allocation Failure) 
Desired survivor size 524288 bytes, new threshold 15 (max 15)
[PSYoungGen: 2336K->288K(2560K)] 13280K->11232K(13824K), 0.0010973 secs] [Times: user=0.00 sys=0.01, real=0.00 secs] 
2015-04-14T20:17:02.369-0100: 913.169: Total time for which application threads were stopped: 0.0013046 seconds, Stopping threads took: 0.0000240 seconds
2015-04-14T20:17:03.151-0100: 913.951: [GC (Allocation Failure) 
Desired survivor size 524288 bytes, new threshold 15 (max 15)
[PSYoungGen: 2336K->288K(2560K)] 13280K->11232K(13824K), 0.0010671 secs] [Times: user=0.00 sys=0.01, real=0.00 secs] 
2015-04-14T20:17:03.152-0100: 913.953: Total time for which application threads were stopped: 0.0012546 seconds, Stopping threads took: 0.0000207 seconds
2015-04-14T20:17:03.939-0100: 914.739: [GC (Allocation Failure) 
Desired survivor size 524288 bytes, new threshold 15 (max 15)
[PSYoungGen: 2336K->288K(2560K)] 13280K->11240K(13824K), 0.0010449 secs] [Times: user=0.01 sys=0.00, real=0.01 secs] 
2015-04-14T20:17:03.940-0100: 914.740: Total time for which application threads were stopped: 0.0012382 seconds, Stopping threads took: 0.0000224 seconds
2015-04-14T20:17:04.550-0100: 915.350: [GC (Allocation Failure) 
Desired survivor size 524288 bytes, new threshold 15 (max 15)
[PSYoungGen: 2336K->288K(2560K)] 13288K->11280K(13824K), 0.0011304 secs] [Times: user=0.01 sys=0.00, real=0.00 secs] 
2015-04-14T20:17:04.551-0100: 915.351: Total time for which application threads were stopped: 0.0014063 seconds, Stopping threads took: 0.0000512 seconds
2015-04-14T20:17:05.336-0100: 916.136: [GC (Allocation Failure) 
Desired survivor size 524288 bytes, new threshold 15 (max 15)
[PSYoungGen: 2336K->256K(2560K)] 13328K->11248K(13824K), 0.0010128 secs] [Times: user=0.00 sys=0.00, real=0.00 secs] 
2015-04-14T20:17:05.337-0100: 916.137: Total time for which application threads were stopped: 0.0011907 seconds, Stopping threads took: 0.0000203 seconds
2015-04-14T20:17:06.063-0100: 916.863: [GC (Allocation Failure) 
Desired survivor size 524288 bytes, new threshold 15 (max 15)
[PSYoungGen: 2304K->256K(2560K)] 13296K->11248K(13824K), 0.0010711 secs] [Times: user=0.00 sys=0.01, real=0.00 secs] 
2015-04-14T20:17:06.064-0100: 916.864: Total time for which application threads were stopped: 0.0012701 seconds, Stopping threads took: 0.0000219 seconds
2015-04-14T20:17:06.649-0100: 917.449: [GC (Allocation Failure) 
Desired survivor size 524288 bytes, new threshold 15 (max 15)
[PSYoungGen: 2304K->288K(2560K)] 13296K->11280K(13824K), 0.0010500 secs] [Times: user=0.00 sys=0.00, real=0.01 secs] 
2015-04-14T20:17:06.650-0100: 917.451: Total time for which application threads were stopped: 0.0012371 seconds, Stopping threads took: 0.0000209 seconds
2015-04-14T20:17:07.365-0100: 918.165: [GC (Allocation Failure) 
Desired survivor size 524288 bytes, new threshold 15 (max 15)
[PSYoungGen: 2336K->288K(2560K)] 13328K->11280K(13824K), 0.0010408 secs] [Times: user=0.00 sys=0.01, real=0.00 secs] 
2015-04-14T20:17:07.366-0100: 918.166: Total time for which application threads were stopped: 0.0012332 seconds, Stopping threads took: 0.0000236 seconds
2015-04-14T20:17:08.271-0100: 919.071: [GC (Allocation Failure) 
Desired survivor size 524288 bytes, new threshold 15 (max 15)
[PSYoungGen: 2336K->288K(2560K)] 13328K->11280K(13824K), 0.0010949 secs] [Times: user=0.01 sys=0.00, real=0.00 secs] 
2015-04-14T20:17:08.272-0100: 919.072: Total time for which application threads were stopped: 0.0013099 seconds, Stopping threads took: 0.0000213 seconds
2015-04-14T20:17:09.089-0100: 919.889: [GC (Allocation Failure) 
Desired survivor size 524288 bytes, new threshold 15 (max 15)
[PSYoungGen: 2336K->288K(2560K)] 13328K->11280K(13824K), 0.0009935 secs] [Times: user=0.00 sys=0.00, real=0.01 secs] 
2015-04-14T20:17:09.090-0100: 919.890: Total time for which application threads were stopped: 0.0011920 seconds, Stopping threads took: 0.0000207 seconds
2015-04-14T20:17:09.776-0100: 920.576: [GC (Allocation Failure) 
Desired survivor size 524288 bytes, new threshold 15 (max 15)
[PSYoungGen: 2336K->288K(2560K)] 13328K->11280K(13824K), 0.0010322 secs] [Times: user=0.00 sys=0.00, real=0.00 secs] 
2015-04-14T20:17:09.777-0100: 920.577: Total time for which application threads were stopped: 0.0012247 seconds, Stopping threads took: 0.0000237 seconds
2015-04-14T20:17:10.528-0100: 921.328: [GC (Allocation Failure) 
Desired survivor size 524288 bytes, new threshold 15 (max 15)
[PSYoungGen: 2336K->256K(2560K)] 13328K->11248K(13824K), 0.0010535 secs] [Times: user=0.00 sys=0.00, real=0.00 secs] 
2015-04-14T20:17:10.529-0100: 921.329: Total time for which application threads were stopped: 0.0012445 seconds, Stopping threads took: 0.0000243 seconds
2015-04-14T20:17:11.350-0100: 922.150: [GC (Allocation Failure) 
Desired survivor size 524288 bytes, new threshold 15 (max 15)
[PSYoungGen: 2304K->288K(2560K)] 13296K->11320K(13824K), 0.0009093 secs] [Times: user=0.00 sys=0.00, real=0.00 secs] 
2015-04-14T20:17:11.350-0100: 922.151: Total time for which application threads were stopped: 0.0010849 seconds, Stopping threads took: 0.0000252 seconds
2015-04-14T20:17:12.132-0100: 922.932: [GC (Allocation Failure) 
Desired survivor size 524288 bytes, new threshold 15 (max 15)
[PSYoungGen: 2336K->288K(2560K)] 13368K->11328K(13824K), 0.0010757 secs] [Times: user=0.00 sys=0.00, real=0.00 secs] 
2015-04-14T20:17:12.133-0100: 922.933: Total time for which application threads were stopped: 0.0012750 seconds, Stopping threads took: 0.0000195 seconds
2015-04-14T20:17:12.785-0100: 923.585: [GC (Allocation Failure) 
Desired survivor size 524288 bytes, new threshold 15 (max 15)
[PSYoungGen: 2336K->288K(2560K)] 13376K->11328K(13824K), 0.0010700 secs] [Times: user=0.00 sys=0.00, real=0.00 secs] 
2015-04-14T20:17:12.786-0100: 923.586: Total time for which application threads were stopped: 0.0012651 seconds, Stopping threads took: 0.0000225 seconds
2015-04-14T20:17:13.671-0100: 924.471: [GC (Allocation Failure) 
Desired survivor size 524288 bytes, new threshold 15 (max 15)
[PSYoungGen: 2336K->288K(2560K)] 13376K->11328K(13824K), 0.0011199 secs] [Times: user=0.00 sys=0.00, real=0.00 secs] 
2015-04-14T20:17:13.672-0100: 924.472: Total time for which application threads were stopped: 0.0013311 seconds, Stopping threads took: 0.0000235 seconds
2015-04-14T20:17:14.476-0100: 925.276: [GC (Allocation Failure) 
Desired survivor size 524288 bytes, new threshold 15 (max 15)
[PSYoungGen: 2336K->288K(2560K)] 13376K->11328K(13824K), 0.0010192 secs] [Times: user=0.00 sys=0.00, real=0.00 secs] 
2015-04-14T20:17:14.477-0100: 925.277: Total time for which application threads were stopped: 0.0011922 seconds, Stopping threads took: 0.0000178 seconds
2015-04-14T20:17:15.073-0100: 925.873: [GC (Allocation Failure) 
Desired survivor size 524288 bytes, new threshold 15 (max 15)
[PSYoungGen: 2336K->288K(2560K)] 13376K->11328K(13824K), 0.0010575 secs] [Times: user=0.00 sys=0.00, real=0.00 secs] 
2015-04-14T20:17:15.074-0100: 925.874: Total time for which application threads were stopped: 0.0012457 seconds, Stopping threads took: 0.0000225 seconds
2015-04-14T20:17:15.909-0100: 926.709: [GC (Allocation Failure) 
Desired survivor size 524288 bytes, new threshold 15 (max 15)
[PSYoungGen: 2336K->256K(2560K)] 13376K->11296K(13824K), 0.0010394 secs] [Times: user=0.00 sys=0.00, real=0.01 secs] 
2015-04-14T20:17:15.910-0100: 926.710: Total time for which application threads were stopped: 0.0013079 seconds, Stopping threads took: 0.0000434 seconds
2015-04-14T20:17:16.663-0100: 927.463: [GC (Allocation Failure) 
Desired survivor size 524288 bytes, new threshold 15 (max 15)
[PSYoungGen: 2304K->256K(2560K)] 13344K->11296K(13824K), 0.0011147 secs] [Times: user=0.00 sys=0.00, real=0.00 secs] 
2015-04-14T20:17:16.664-0100: 927.465: Total time for which application threads were stopped: 0.0013262 seconds, Stopping threads took: 0.0000232 seconds
2015-04-14T20:17:17.464-0100: 928.265: [GC (Allocation Failure) 
Desired survivor size 524288 bytes, new threshold 15 (max 15)
[PSYoungGen: 2304K->256K(2560K)] 13344K->11320K(13824K), 0.0010773 secs] [Times: user=0.00 sys=0.00, real=0.00 secs] 
2015-04-14T20:17:17.466-0100: 928.266: Total time for which application threads were stopped: 0.0012794 seconds, Stopping threads took: 0.0000224 seconds
2015-04-14T20:17:17.972-0100: 928.772: [GC (Allocation Failure) 
Desired survivor size 524288 bytes, new threshold 15 (max 15)
[PSYoungGen: 2304K->256K(2560K)] 13368K->11320K(13824K), 0.0009042 secs] [Times: user=0.00 sys=0.00, real=0.00 secs] 
2015-04-14T20:17:17.973-0100: 928.773: Total time for which application threads were stopped: 0.0010770 seconds, Stopping threads took: 0.0000185 seconds
2015-04-14T20:17:18.815-0100: 929.615: [GC (Allocation Failure) 
Desired survivor size 524288 bytes, new threshold 15 (max 15)
[PSYoungGen: 2304K->288K(2560K)] 13368K->11384K(13824K), 0.0012480 secs] [Times: user=0.00 sys=0.00, real=0.00 secs] 
2015-04-14T20:17:18.816-0100: 929.616: Total time for which application threads were stopped: 0.0014629 seconds, Stopping threads took: 0.0000247 seconds
2015-04-14T20:17:19.322-0100: 930.122: [GC (Allocation Failure) 
Desired survivor size 524288 bytes, new threshold 15 (max 15)
[PSYoungGen: 2336K->288K(2560K)] 13432K->11384K(13824K), 0.0010498 secs] [Times: user=0.01 sys=0.00, real=0.00 secs] 
2015-04-14T20:17:19.323-0100: 930.123: Total time for which application threads were stopped: 0.0012455 seconds, Stopping threads took: 0.0000225 seconds
2015-04-14T20:17:19.959-0100: 930.760: [GC (Allocation Failure) 
Desired survivor size 524288 bytes, new threshold 15 (max 15)
[PSYoungGen: 2336K->288K(2560K)] 13432K->11384K(13824K), 0.0010723 secs] [Times: user=0.00 sys=0.00, real=0.01 secs] 
2015-04-14T20:17:19.961-0100: 930.761: Total time for which application threads were stopped: 0.0012587 seconds, Stopping threads took: 0.0000196 seconds
2015-04-14T20:17:20.824-0100: 931.624: [GC (Allocation Failure) 
Desired survivor size 524288 bytes, new threshold 15 (max 15)
[PSYoungGen: 2336K->288K(2560K)] 13432K->11384K(13824K), 0.0010105 secs] [Times: user=0.00 sys=0.00, real=0.00 secs] 
2015-04-14T20:17:20.825-0100: 931.625: Total time for which application threads were stopped: 0.0011953 seconds, Stopping threads took: 0.0000229 seconds
2015-04-14T20:17:21.344-0100: 932.144: [GC (Allocation Failure) 
Desired survivor size 524288 bytes, new threshold 15 (max 15)
[PSYoungGen: 2336K->288K(2560K)] 13432K->11384K(13824K), 0.0010541 secs] [Times: user=0.00 sys=0.00, real=0.00 secs] 
2015-04-14T20:17:21.345-0100: 932.145: Total time for which application threads were stopped: 0.0012353 seconds, Stopping threads took: 0.0000220 seconds
2015-04-14T20:17:22.089-0100: 932.890: [GC (Allocation Failure) 
Desired survivor size 524288 bytes, new threshold 15 (max 15)
[PSYoungGen: 2336K->288K(2560K)] 13432K->11392K(13824K), 0.0010395 secs] [Times: user=0.00 sys=0.00, real=0.01 secs] 
2015-04-14T20:17:22.091-0100: 932.891: Total time for which application threads were stopped: 0.0012404 seconds, Stopping threads took: 0.0000214 seconds
2015-04-14T20:17:22.915-0100: 933.715: [GC (Allocation Failure) 
Desired survivor size 524288 bytes, new threshold 15 (max 15)
[PSYoungGen: 2336K->256K(2560K)] 13440K->11360K(13824K), 0.0010764 secs] [Times: user=0.00 sys=0.00, real=0.00 secs] 
2015-04-14T20:17:22.916-0100: 933.716: Total time for which application threads were stopped: 0.0012685 seconds, Stopping threads took: 0.0000220 seconds
2015-04-14T20:17:23.735-0100: 934.535: [GC (Allocation Failure) 
Desired survivor size 524288 bytes, new threshold 15 (max 15)
[PSYoungGen: 2304K->256K(2560K)] 13408K->11360K(13824K), 0.0011225 secs] [Times: user=0.00 sys=0.00, real=0.00 secs] 
2015-04-14T20:17:23.736-0100: 934.537: Total time for which application threads were stopped: 0.0013165 seconds, Stopping threads took: 0.0000205 seconds
2015-04-14T20:17:24.453-0100: 935.253: [GC (Allocation Failure) 
Desired survivor size 524288 bytes, new threshold 15 (max 15)
[PSYoungGen: 2304K->256K(2560K)] 13408K->11360K(13824K), 0.0010725 secs] [Times: user=0.00 sys=0.00, real=0.00 secs] 
2015-04-14T20:17:24.454-0100: 935.254: Total time for which application threads were stopped: 0.0012615 seconds, Stopping threads took: 0.0000185 seconds
2015-04-14T20:17:25.089-0100: 935.890: [GC (Allocation Failure) 
Desired survivor size 524288 bytes, new threshold 15 (max 15)
[PSYoungGen: 2304K->256K(2560K)] 13408K->11368K(13824K), 0.0010199 secs] [Times: user=0.00 sys=0.00, real=0.01 secs] 
2015-04-14T20:17:25.090-0100: 935.891: Total time for which application threads were stopped: 0.0012234 seconds, Stopping threads took: 0.0000228 seconds
2015-04-14T20:17:25.907-0100: 936.708: [GC (Allocation Failure) 
Desired survivor size 524288 bytes, new threshold 15 (max 15)
[PSYoungGen: 2304K->256K(2560K)] 13416K->11376K(13824K), 0.0010763 secs] [Times: user=0.01 sys=0.00, real=0.00 secs] 
2015-04-14T20:17:25.908-0100: 936.709: Total time for which application threads were stopped: 0.0012927 seconds, Stopping threads took: 0.0000238 seconds
2015-04-14T20:17:26.659-0100: 937.460: [GC (Allocation Failure) 
Desired survivor size 524288 bytes, new threshold 15 (max 15)
[PSYoungGen: 2304K->224K(2560K)] 13424K->11352K(13824K), 0.0008968 secs] [Times: user=0.00 sys=0.00, real=0.01 secs] 
2015-04-14T20:17:26.660-0100: 937.461: Total time for which application threads were stopped: 0.0010966 seconds, Stopping threads took: 0.0000641 seconds
2015-04-14T20:17:27.364-0100: 938.164: [GC (Allocation Failure) 
Desired survivor size 524288 bytes, new threshold 15 (max 15)
[PSYoungGen: 2272K->288K(2560K)] 13400K->11416K(13824K), 0.0010620 secs] [Times: user=0.01 sys=0.00, real=0.00 secs] 
2015-04-14T20:17:27.365-0100: 938.165: Total time for which application threads were stopped: 0.0012702 seconds, Stopping threads took: 0.0000215 seconds
2015-04-14T20:17:28.197-0100: 938.998: [GC (Allocation Failure) 
Desired survivor size 524288 bytes, new threshold 15 (max 15)
[PSYoungGen: 2336K->288K(2560K)] 13464K->11440K(13824K), 0.0011458 secs] [Times: user=0.00 sys=0.00, real=0.00 secs] 
2015-04-14T20:17:28.199-0100: 938.999: Total time for which application threads were stopped: 0.0013568 seconds, Stopping threads took: 0.0000279 seconds
2015-04-14T20:17:29.036-0100: 939.837: [GC (Allocation Failure) 
Desired survivor size 524288 bytes, new threshold 15 (max 15)
[PSYoungGen: 2336K->288K(2560K)] 13488K->11472K(13824K), 0.0010311 secs] [Times: user=0.01 sys=0.00, real=0.00 secs] 
2015-04-14T20:17:29.038-0100: 939.838: Total time for which application threads were stopped: 0.0012199 seconds, Stopping threads took: 0.0000206 seconds
2015-04-14T20:17:29.769-0100: 940.570: [GC (Allocation Failure) 
Desired survivor size 524288 bytes, new threshold 15 (max 15)
[PSYoungGen: 2336K->256K(2560K)] 13520K->11456K(13824K), 0.0007803 secs] [Times: user=0.01 sys=0.00, real=0.01 secs] 
2015-04-14T20:17:29.770-0100: 940.571: Total time for which application threads were stopped: 0.0009232 seconds, Stopping threads took: 0.0000169 seconds
2015-04-14T20:17:30.359-0100: 941.160: [GC (Allocation Failure) 
Desired survivor size 524288 bytes, new threshold 15 (max 15)
[PSYoungGen: 2304K->256K(2560K)] 13504K->11480K(13824K), 0.0010698 secs] [Times: user=0.01 sys=0.00, real=0.01 secs] 
2015-04-14T20:17:30.360-0100: 941.161: Total time for which application threads were stopped: 0.0012564 seconds, Stopping threads took: 0.0000229 seconds
2015-04-14T20:17:31.038-0100: 941.839: [GC (Allocation Failure) 
Desired survivor size 524288 bytes, new threshold 15 (max 15)
[PSYoungGen: 2304K->288K(2560K)] 13528K->11520K(13824K), 0.0011005 secs] [Times: user=0.00 sys=0.00, real=0.01 secs] 
2015-04-14T20:17:31.040-0100: 941.840: [Full GC (Ergonomics) [PSYoungGen: 288K->0K(2560K)] [ParOldGen: 11232K->8312K(11264K)] 11520K->8312K(13824K), [Metaspace: 17880K->17880K(1064960K)], 0.0172315 secs] [Times: user=0.05 sys=0.00, real=0.01 secs] 
2015-04-14T20:17:31.057-0100: 941.857: Total time for which application threads were stopped: 0.0186558 seconds, Stopping threads took: 0.0000208 seconds
2015-04-14T20:17:31.793-0100: 942.593: [GC (Allocation Failure) 
Desired survivor size 524288 bytes, new threshold 14 (max 15)
[PSYoungGen: 2048K->288K(2560K)] 10360K->8600K(13824K), 0.0011143 secs] [Times: user=0.01 sys=0.00, real=0.00 secs] 
2015-04-14T20:17:31.794-0100: 942.594: Total time for which application threads were stopped: 0.0012967 seconds, Stopping threads took: 0.0000204 seconds
2015-04-14T20:17:32.428-0100: 943.228: [GC (Allocation Failure) 
Desired survivor size 524288 bytes, new threshold 13 (max 15)
[PSYoungGen: 2335K->256K(2560K)] 10648K->8568K(13824K), 0.0010739 secs] [Times: user=0.00 sys=0.00, real=0.00 secs] 
2015-04-14T20:17:32.429-0100: 943.229: Total time for which application threads were stopped: 0.0012772 seconds, Stopping threads took: 0.0000234 seconds
2015-04-14T20:17:33.163-0100: 943.964: [GC (Allocation Failure) 
Desired survivor size 524288 bytes, new threshold 12 (max 15)
[PSYoungGen: 2304K->288K(2560K)] 10616K->8600K(13824K), 0.0009978 secs] [Times: user=0.00 sys=0.00, real=0.00 secs] 
2015-04-14T20:17:33.164-0100: 943.965: Total time for which application threads were stopped: 0.0011990 seconds, Stopping threads took: 0.0000233 seconds
2015-04-14T20:17:33.967-0100: 944.768: [GC (Allocation Failure) 
Desired survivor size 524288 bytes, new threshold 11 (max 15)
[PSYoungGen: 2336K->256K(2560K)] 10648K->8568K(13824K), 0.0010863 secs] [Times: user=0.01 sys=0.00, real=0.00 secs] 
2015-04-14T20:17:33.968-0100: 944.769: Total time for which application threads were stopped: 0.0012852 seconds, Stopping threads took: 0.0000203 seconds
2015-04-14T20:17:34.570-0100: 945.370: Total time for which application threads were stopped: 0.0001251 seconds, Stopping threads took: 0.0000424 seconds
2015-04-14T20:17:34.570-0100: 945.371: [GC (GCLocker Initiated GC) 
Desired survivor size 524288 bytes, new threshold 10 (max 15)
[PSYoungGen: 2304K->288K(2560K)] 10616K->8600K(13824K), 0.0010981 secs] [Times: user=0.01 sys=0.00, real=0.00 secs] 
2015-04-14T20:17:34.571-0100: 945.372: Total time for which application threads were stopped: 0.0012561 seconds, Stopping threads took: 0.0000136 seconds
2015-04-14T20:17:35.489-0100: 946.290: [GC (Allocation Failure) 
Desired survivor size 524288 bytes, new threshold 9 (max 15)
[PSYoungGen: 2336K->288K(2560K)] 10655K->8607K(13824K), 0.0010924 secs] [Times: user=0.00 sys=0.00, real=0.01 secs] 
2015-04-14T20:17:35.491-0100: 946.291: Total time for which application threads were stopped: 0.0012933 seconds, Stopping threads took: 0.0000198 seconds
2015-04-14T20:17:35.841-0100: 946.642: [GC (Allocation Failure) 
Desired survivor size 524288 bytes, new threshold 8 (max 15)
[PSYoungGen: 2336K->288K(2560K)] 10655K->8607K(13824K), 0.0011133 secs] [Times: user=0.01 sys=0.00, real=0.00 secs] 
2015-04-14T20:17:35.842-0100: 946.643: Total time for which application threads were stopped: 0.0013110 seconds, Stopping threads took: 0.0000212 seconds
2015-04-14T20:17:36.541-0100: 947.341: [GC (Allocation Failure) 
Desired survivor size 524288 bytes, new threshold 7 (max 15)
[PSYoungGen: 2336K->288K(2560K)] 10655K->8607K(13824K), 0.0011009 secs] [Times: user=0.00 sys=0.00, real=0.00 secs] 
2015-04-14T20:17:36.542-0100: 947.342: Total time for which application threads were stopped: 0.0012968 seconds, Stopping threads took: 0.0000218 seconds
2015-04-14T20:17:37.037-0100: 947.838: [GC (Allocation Failure) 
Desired survivor size 524288 bytes, new threshold 6 (max 15)
[PSYoungGen: 2336K->288K(2560K)] 10655K->8663K(13824K), 0.0009302 secs] [Times: user=0.00 sys=0.00, real=0.00 secs] 
2015-04-14T20:17:37.038-0100: 947.839: Total time for which application threads were stopped: 0.0011279 seconds, Stopping threads took: 0.0000195 seconds
2015-04-14T20:17:37.764-0100: 948.564: [GC (Allocation Failure) 
Desired survivor size 524288 bytes, new threshold 5 (max 15)
[PSYoungGen: 2336K->256K(2560K)] 10711K->8663K(13824K), 0.0011351 secs] [Times: user=0.00 sys=0.00, real=0.00 secs] 
2015-04-14T20:17:37.765-0100: 948.566: Total time for which application threads were stopped: 0.0013370 seconds, Stopping threads took: 0.0000240 seconds
2015-04-14T20:17:38.550-0100: 949.351: [GC (Allocation Failure) 
Desired survivor size 524288 bytes, new threshold 4 (max 15)
[PSYoungGen: 2304K->288K(2560K)] 10711K->8743K(13824K), 0.0010249 secs] [Times: user=0.00 sys=0.00, real=0.00 secs] 
2015-04-14T20:17:38.551-0100: 949.352: Total time for which application threads were stopped: 0.0011962 seconds, Stopping threads took: 0.0000244 seconds
2015-04-14T20:17:39.384-0100: 950.185: [GC (Allocation Failure) 
Desired survivor size 524288 bytes, new threshold 3 (max 15)
[PSYoungGen: 2336K->288K(2560K)] 10791K->8783K(13824K), 0.0010717 secs] [Times: user=0.00 sys=0.00, real=0.00 secs] 
2015-04-14T20:17:39.385-0100: 950.186: Total time for which application threads were stopped: 0.0012714 seconds, Stopping threads took: 0.0000227 seconds
2015-04-14T20:17:40.151-0100: 950.952: [GC (Allocation Failure) 
Desired survivor size 524288 bytes, new threshold 2 (max 15)
[PSYoungGen: 2336K->256K(2560K)] 10831K->8791K(13824K), 0.0010086 secs] [Times: user=0.01 sys=0.00, real=0.00 secs] 
2015-04-14T20:17:40.152-0100: 950.953: Total time for which application threads were stopped: 0.0012007 seconds, Stopping threads took: 0.0000215 seconds
2015-04-14T20:17:40.709-0100: 951.510: [GC (Allocation Failure) 
Desired survivor size 524288 bytes, new threshold 1 (max 15)
[PSYoungGen: 2304K->288K(2560K)] 10839K->8847K(13824K), 0.0009216 secs] [Times: user=0.01 sys=0.00, real=0.01 secs] 
2015-04-14T20:17:40.710-0100: 951.511: Total time for which application threads were stopped: 0.0010951 seconds, Stopping threads took: 0.0000193 seconds
2015-04-14T20:17:41.524-0100: 952.325: [GC (Allocation Failure) 
Desired survivor size 524288 bytes, new threshold 1 (max 15)
[PSYoungGen: 2336K->288K(2560K)] 10895K->8895K(13824K), 0.0011191 secs] [Times: user=0.00 sys=0.00, real=0.00 secs] 
2015-04-14T20:17:41.526-0100: 952.326: Total time for which application threads were stopped: 0.0013171 seconds, Stopping threads took: 0.0000224 seconds
2015-04-14T20:17:42.160-0100: 952.961: [GC (Allocation Failure) 
Desired survivor size 524288 bytes, new threshold 1 (max 15)
[PSYoungGen: 2336K->256K(2560K)] 10943K->8911K(13824K), 0.0010448 secs] [Times: user=0.00 sys=0.00, real=0.00 secs] 
2015-04-14T20:17:42.161-0100: 952.962: Total time for which application threads were stopped: 0.0012435 seconds, Stopping threads took: 0.0000231 seconds
2015-04-14T20:17:42.760-0100: 953.561: Total time for which application threads were stopped: 0.0001111 seconds, Stopping threads took: 0.0000227 seconds
2015-04-14T20:17:42.760-0100: 953.561: [GC (GCLocker Initiated GC) 
Desired survivor size 524288 bytes, new threshold 1 (max 15)
[PSYoungGen: 2304K->256K(2560K)] 10959K->8943K(13824K), 0.0011297 secs] [Times: user=0.00 sys=0.00, real=0.00 secs] 
2015-04-14T20:17:42.761-0100: 953.562: Total time for which application threads were stopped: 0.0012812 seconds, Stopping threads took: 0.0000085 seconds
2015-04-14T20:17:43.430-0100: 954.231: [GC (Allocation Failure) 
Desired survivor size 524288 bytes, new threshold 1 (max 15)
[PSYoungGen: 2304K->256K(2560K)] 10995K->8979K(13824K), 0.0009951 secs] [Times: user=0.00 sys=0.00, real=0.00 secs] 
2015-04-14T20:17:43.431-0100: 954.232: Total time for which application threads were stopped: 0.0011894 seconds, Stopping threads took: 0.0000220 seconds
2015-04-14T20:17:44.132-0100: 954.933: [GC (Allocation Failure) 
Desired survivor size 524288 bytes, new threshold 1 (max 15)
[PSYoungGen: 2304K->288K(2560K)] 11027K->9059K(13824K), 0.0010346 secs] [Times: user=0.00 sys=0.00, real=0.00 secs] 
2015-04-14T20:17:44.133-0100: 954.934: Total time for which application threads were stopped: 0.0012515 seconds, Stopping threads took: 0.0000212 seconds
2015-04-14T20:17:44.785-0100: 955.586: [GC (Allocation Failure) 
Desired survivor size 524288 bytes, new threshold 1 (max 15)
[PSYoungGen: 2336K->256K(2560K)] 11107K->9067K(13824K), 0.0010622 secs] [Times: user=0.00 sys=0.00, real=0.00 secs] 
2015-04-14T20:17:44.786-0100: 955.587: Total time for which application threads were stopped: 0.0012575 seconds, Stopping threads took: 0.0000228 seconds
2015-04-14T20:17:45.487-0100: 956.288: [GC (Allocation Failure) 
Desired survivor size 524288 bytes, new threshold 1 (max 15)
[PSYoungGen: 2304K->256K(2560K)] 11115K->9115K(13824K), 0.0009537 secs] [Times: user=0.01 sys=0.00, real=0.00 secs] 
2015-04-14T20:17:45.488-0100: 956.289: Total time for which application threads were stopped: 0.0011217 seconds, Stopping threads took: 0.0000208 seconds
2015-04-14T20:17:46.153-0100: 956.954: [GC (Allocation Failure) 
Desired survivor size 524288 bytes, new threshold 1 (max 15)
[PSYoungGen: 2304K->256K(2560K)] 11163K->9163K(13824K), 0.0010090 secs] [Times: user=0.00 sys=0.00, real=0.00 secs] 
2015-04-14T20:17:46.154-0100: 956.955: Total time for which application threads were stopped: 0.0011957 seconds, Stopping threads took: 0.0000208 seconds
2015-04-14T20:17:46.806-0100: 957.607: [GC (Allocation Failure) 
Desired survivor size 524288 bytes, new threshold 1 (max 15)
[PSYoungGen: 2304K->256K(2560K)] 11211K->9195K(13824K), 0.0011389 secs] [Times: user=0.01 sys=0.00, real=0.00 secs] 
2015-04-14T20:17:46.807-0100: 957.608: Total time for which application threads were stopped: 0.0013571 seconds, Stopping threads took: 0.0000254 seconds
2015-04-14T20:17:47.412-0100: 958.213: [GC (Allocation Failure) 
Desired survivor size 524288 bytes, new threshold 1 (max 15)
[PSYoungGen: 2304K->256K(2560K)] 11243K->9243K(13824K), 0.0009055 secs] [Times: user=0.00 sys=0.00, real=0.00 secs] 
2015-04-14T20:17:47.413-0100: 958.214: Total time for which application threads were stopped: 0.0010978 seconds, Stopping threads took: 0.0000323 seconds
2015-04-14T20:17:48.060-0100: 958.861: [GC (Allocation Failure) 
Desired survivor size 524288 bytes, new threshold 1 (max 15)
[PSYoungGen: 2304K->256K(2560K)] 11291K->9283K(13824K), 0.0010516 secs] [Times: user=0.01 sys=0.00, real=0.00 secs] 
2015-04-14T20:17:48.062-0100: 958.862: Total time for which application threads were stopped: 0.0012688 seconds, Stopping threads took: 0.0000223 seconds
2015-04-14T20:17:48.795-0100: 959.596: [GC (Allocation Failure) 
Desired survivor size 524288 bytes, new threshold 1 (max 15)
[PSYoungGen: 2304K->224K(2560K)] 11331K->9283K(13824K), 0.0008712 secs] [Times: user=0.00 sys=0.00, real=0.00 secs] 
2015-04-14T20:17:48.796-0100: 959.597: Total time for which application threads were stopped: 0.0010661 seconds, Stopping threads took: 0.0000168 seconds
2015-04-14T20:17:49.482-0100: 960.283: [GC (Allocation Failure) 
Desired survivor size 524288 bytes, new threshold 1 (max 15)
[PSYoungGen: 2272K->256K(2560K)] 11331K->9355K(13824K), 0.0010550 secs] [Times: user=0.00 sys=0.00, real=0.00 secs] 
2015-04-14T20:17:49.483-0100: 960.284: Total time for which application threads were stopped: 0.0012479 seconds, Stopping threads took: 0.0000228 seconds
2015-04-14T20:17:50.315-0100: 961.116: [GC (Allocation Failure) 
Desired survivor size 524288 bytes, new threshold 1 (max 15)
[PSYoungGen: 2304K->256K(2560K)] 11403K->9403K(13824K), 0.0011204 secs] [Times: user=0.00 sys=0.00, real=0.00 secs] 
2015-04-14T20:17:50.316-0100: 961.117: Total time for which application threads were stopped: 0.0013312 seconds, Stopping threads took: 0.0000272 seconds
2015-04-14T20:17:51.053-0100: 961.854: [GC (Allocation Failure) 
Desired survivor size 524288 bytes, new threshold 1 (max 15)
[PSYoungGen: 2304K->288K(2560K)] 11451K->9467K(13824K), 0.0010258 secs] [Times: user=0.01 sys=0.00, real=0.00 secs] 
2015-04-14T20:17:51.054-0100: 961.855: Total time for which application threads were stopped: 0.0012163 seconds, Stopping threads took: 0.0000207 seconds
2015-04-14T20:17:51.907-0100: 962.708: [GC (Allocation Failure) 
Desired survivor size 524288 bytes, new threshold 1 (max 15)
[PSYoungGen: 2336K->288K(2560K)] 11515K->9507K(13824K), 0.0011396 secs] [Times: user=0.00 sys=0.00, real=0.00 secs] 
2015-04-14T20:17:51.908-0100: 962.709: Total time for which application threads were stopped: 0.0013358 seconds, Stopping threads took: 0.0000234 seconds
2015-04-14T20:17:52.624-0100: 963.425: [GC (Allocation Failure) 
Desired survivor size 524288 bytes, new threshold 1 (max 15)
[PSYoungGen: 2336K->288K(2560K)] 11555K->9547K(13824K), 0.0010398 secs] [Times: user=0.01 sys=0.00, real=0.00 secs] 
2015-04-14T20:17:52.626-0100: 963.426: Total time for which application threads were stopped: 0.0012305 seconds, Stopping threads took: 0.0000211 seconds
2015-04-14T20:17:53.365-0100: 964.166: [GC (Allocation Failure) 
Desired survivor size 524288 bytes, new threshold 1 (max 15)
[PSYoungGen: 2336K->256K(2560K)] 11595K->9547K(13824K), 0.0009612 secs] [Times: user=0.00 sys=0.00, real=0.00 secs] 
2015-04-14T20:17:53.366-0100: 964.167: Total time for which application threads were stopped: 0.0011313 seconds, Stopping threads took: 0.0000192 seconds
2015-04-14T20:17:54.181-0100: 964.982: [GC (Allocation Failure) 
Desired survivor size 524288 bytes, new threshold 1 (max 15)
[PSYoungGen: 2304K->288K(2560K)] 11595K->9619K(13824K), 0.0010370 secs] [Times: user=0.01 sys=0.00, real=0.00 secs] 
2015-04-14T20:17:54.182-0100: 964.983: Total time for which application threads were stopped: 0.0012337 seconds, Stopping threads took: 0.0000236 seconds
2015-04-14T20:17:54.984-0100: 965.785: [GC (Allocation Failure) 
Desired survivor size 524288 bytes, new threshold 1 (max 15)
[PSYoungGen: 2336K->256K(2560K)] 11667K->9619K(13824K), 0.0010307 secs] [Times: user=0.00 sys=0.00, real=0.00 secs] 
2015-04-14T20:17:54.985-0100: 965.786: Total time for which application threads were stopped: 0.0012226 seconds, Stopping threads took: 0.0000237 seconds
2015-04-14T20:17:55.660-0100: 966.461: [GC (Allocation Failure) 
Desired survivor size 524288 bytes, new threshold 1 (max 15)
[PSYoungGen: 2304K->288K(2560K)] 11667K->9691K(13824K), 0.0010359 secs] [Times: user=0.00 sys=0.00, real=0.00 secs] 
2015-04-14T20:17:55.662-0100: 966.463: Total time for which application threads were stopped: 0.0012463 seconds, Stopping threads took: 0.0000224 seconds
2015-04-14T20:17:56.358-0100: 967.159: [GC (Allocation Failure) 
Desired survivor size 524288 bytes, new threshold 1 (max 15)
[PSYoungGen: 2336K->256K(2560K)] 11739K->9699K(13824K), 0.0010719 secs] [Times: user=0.00 sys=0.00, real=0.00 secs] 
2015-04-14T20:17:56.359-0100: 967.160: Total time for which application threads were stopped: 0.0012829 seconds, Stopping threads took: 0.0000218 seconds
2015-04-14T20:17:57.123-0100: 967.924: [GC (Allocation Failure) 
Desired survivor size 524288 bytes, new threshold 1 (max 15)
[PSYoungGen: 2304K->256K(2560K)] 11747K->9739K(13824K), 0.0010538 secs] [Times: user=0.00 sys=0.00, real=0.00 secs] 
2015-04-14T20:17:57.124-0100: 967.925: Total time for which application threads were stopped: 0.0012501 seconds, Stopping threads took: 0.0000221 seconds
2015-04-14T20:17:57.924-0100: 968.725: [GC (Allocation Failure) 
Desired survivor size 524288 bytes, new threshold 1 (max 15)
[PSYoungGen: 2304K->256K(2560K)] 11787K->9779K(13824K), 0.0010274 secs] [Times: user=0.00 sys=0.00, real=0.00 secs] 
2015-04-14T20:17:57.925-0100: 968.726: Total time for which application threads were stopped: 0.0012587 seconds, Stopping threads took: 0.0000776 seconds
2015-04-14T20:17:58.710-0100: 969.511: [GC (Allocation Failure) 
Desired survivor size 524288 bytes, new threshold 1 (max 15)
[PSYoungGen: 2304K->288K(2560K)] 11827K->9835K(13824K), 0.0009680 secs] [Times: user=0.00 sys=0.00, real=0.00 secs] 
2015-04-14T20:17:58.711-0100: 969.512: Total time for which application threads were stopped: 0.0011985 seconds, Stopping threads took: 0.0000619 seconds
2015-04-14T20:17:59.369-0100: 970.170: [GC (Allocation Failure) 
Desired survivor size 524288 bytes, new threshold 1 (max 15)
[PSYoungGen: 2336K->288K(2560K)] 11883K->9875K(13824K), 0.0010033 secs] [Times: user=0.00 sys=0.00, real=0.01 secs] 
2015-04-14T20:17:59.370-0100: 970.171: Total time for which application threads were stopped: 0.0011795 seconds, Stopping threads took: 0.0000195 seconds
2015-04-14T20:18:00.231-0100: 971.032: [GC (Allocation Failure) 
Desired survivor size 524288 bytes, new threshold 1 (max 15)
[PSYoungGen: 2336K->224K(2560K)] 11923K->9843K(13824K), 0.0008379 secs] [Times: user=0.00 sys=0.00, real=0.00 secs] 
2015-04-14T20:18:00.232-0100: 971.033: Total time for which application threads were stopped: 0.0009933 seconds, Stopping threads took: 0.0000149 seconds
2015-04-14T20:18:00.798-0100: 971.599: [GC (Allocation Failure) 
Desired survivor size 524288 bytes, new threshold 1 (max 15)
[PSYoungGen: 2272K->288K(2560K)] 11891K->9947K(13824K), 0.0011114 secs] [Times: user=0.01 sys=0.00, real=0.00 secs] 
2015-04-14T20:18:00.800-0100: 971.601: Total time for which application threads were stopped: 0.0013175 seconds, Stopping threads took: 0.0000214 seconds
2015-04-14T20:18:01.472-0100: 972.273: [GC (Allocation Failure) 
Desired survivor size 524288 bytes, new threshold 1 (max 15)
[PSYoungGen: 2336K->256K(2560K)] 11995K->9963K(13824K), 0.0012587 secs] [Times: user=0.00 sys=0.01, real=0.00 secs] 
2015-04-14T20:18:01.473-0100: 972.274: Total time for which application threads were stopped: 0.0014727 seconds, Stopping threads took: 0.0000243 seconds
2015-04-14T20:18:02.256-0100: 973.057: [GC (Allocation Failure) 
Desired survivor size 524288 bytes, new threshold 1 (max 15)
[PSYoungGen: 2304K->256K(2560K)] 12011K->10003K(13824K), 0.0011014 secs] [Times: user=0.00 sys=0.00, real=0.00 secs] 
2015-04-14T20:18:02.257-0100: 973.058: Total time for which application threads were stopped: 0.0013037 seconds, Stopping threads took: 0.0000240 seconds
2015-04-14T20:18:02.955-0100: 973.756: [GC (Allocation Failure) 
Desired survivor size 524288 bytes, new threshold 1 (max 15)
[PSYoungGen: 2304K->256K(2560K)] 12051K->10043K(13824K), 0.0010632 secs] [Times: user=0.00 sys=0.00, real=0.00 secs] 
2015-04-14T20:18:02.956-0100: 973.757: Total time for which application threads were stopped: 0.0012536 seconds, Stopping threads took: 0.0000228 seconds
2015-04-14T20:18:03.837-0100: 974.638: [GC (Allocation Failure) 
Desired survivor size 524288 bytes, new threshold 1 (max 15)
[PSYoungGen: 2304K->256K(2560K)] 12091K->10075K(13824K), 0.0009269 secs] [Times: user=0.01 sys=0.00, real=0.00 secs] 
2015-04-14T20:18:03.838-0100: 974.639: Total time for which application threads were stopped: 0.0011069 seconds, Stopping threads took: 0.0000216 seconds
2015-04-14T20:18:04.614-0100: 975.415: [GC (Allocation Failure) 
Desired survivor size 524288 bytes, new threshold 1 (max 15)
[PSYoungGen: 2304K->256K(2560K)] 12123K->10107K(13824K), 0.0010715 secs] [Times: user=0.00 sys=0.00, real=0.00 secs] 
2015-04-14T20:18:04.615-0100: 975.416: Total time for which application threads were stopped: 0.0012471 seconds, Stopping threads took: 0.0000205 seconds
2015-04-14T20:18:05.266-0100: 976.067: [GC (Allocation Failure) 
Desired survivor size 524288 bytes, new threshold 1 (max 15)
[PSYoungGen: 2304K->256K(2560K)] 12155K->10139K(13824K), 0.0010751 secs] [Times: user=0.00 sys=0.00, real=0.00 secs] 
2015-04-14T20:18:05.267-0100: 976.068: Total time for which application threads were stopped: 0.0012699 seconds, Stopping threads took: 0.0000222 seconds
2015-04-14T20:18:06.061-0100: 976.862: [GC (Allocation Failure) 
Desired survivor size 524288 bytes, new threshold 1 (max 15)
[PSYoungGen: 2304K->256K(2560K)] 12187K->10187K(13824K), 0.0010415 secs] [Times: user=0.00 sys=0.00, real=0.00 secs] 
2015-04-14T20:18:06.062-0100: 976.863: Total time for which application threads were stopped: 0.0012256 seconds, Stopping threads took: 0.0000205 seconds
2015-04-14T20:18:06.886-0100: 977.687: [GC (Allocation Failure) 
Desired survivor size 524288 bytes, new threshold 1 (max 15)
[PSYoungGen: 2304K->288K(2560K)] 12235K->10259K(13824K), 0.0010148 secs] [Times: user=0.00 sys=0.00, real=0.00 secs] 
2015-04-14T20:18:06.887-0100: 977.688: Total time for which application threads were stopped: 0.0012402 seconds, Stopping threads took: 0.0000222 seconds
2015-04-14T20:18:07.688-0100: 978.490: [GC (Allocation Failure) 
Desired survivor size 524288 bytes, new threshold 1 (max 15)
[PSYoungGen: 2336K->256K(2560K)] 12307K->10275K(13824K), 0.0009317 secs] [Times: user=0.00 sys=0.00, real=0.00 secs] 
2015-04-14T20:18:07.689-0100: 978.491: Total time for which application threads were stopped: 0.0011067 seconds, Stopping threads took: 0.0000186 seconds
2015-04-14T20:18:08.409-0100: 979.210: [GC (Allocation Failure) 
Desired survivor size 524288 bytes, new threshold 1 (max 15)
[PSYoungGen: 2304K->288K(2560K)] 12323K->10339K(13824K), 0.0009207 secs] [Times: user=0.00 sys=0.00, real=0.01 secs] 
2015-04-14T20:18:08.410-0100: 979.211: Total time for which application threads were stopped: 0.0011075 seconds, Stopping threads took: 0.0000214 seconds
2015-04-14T20:18:09.161-0100: 979.962: [GC (Allocation Failure) 
Desired survivor size 524288 bytes, new threshold 1 (max 15)
[PSYoungGen: 2336K->256K(2560K)] 12387K->10339K(13824K), 0.0010995 secs] [Times: user=0.00 sys=0.00, real=0.00 secs] 
2015-04-14T20:18:09.162-0100: 979.963: Total time for which application threads were stopped: 0.0013110 seconds, Stopping threads took: 0.0000202 seconds
2015-04-14T20:18:09.980-0100: 980.782: [GC (Allocation Failure) 
Desired survivor size 524288 bytes, new threshold 1 (max 15)
[PSYoungGen: 2304K->256K(2560K)] 12387K->10379K(13824K), 0.0010759 secs] [Times: user=0.01 sys=0.00, real=0.00 secs] 
2015-04-14T20:18:09.982-0100: 980.783: Total time for which application threads were stopped: 0.0012788 seconds, Stopping threads took: 0.0000205 seconds
2015-04-14T20:18:10.781-0100: 981.582: [GC (Allocation Failure) 
Desired survivor size 524288 bytes, new threshold 1 (max 15)
[PSYoungGen: 2304K->288K(2560K)] 12427K->10451K(13824K), 0.0010352 secs] [Times: user=0.01 sys=0.00, real=0.00 secs] 
2015-04-14T20:18:10.782-0100: 981.583: Total time for which application threads were stopped: 0.0012445 seconds, Stopping threads took: 0.0000310 seconds
2015-04-14T20:18:11.351-0100: 982.152: [GC (Allocation Failure) 
Desired survivor size 524288 bytes, new threshold 1 (max 15)
[PSYoungGen: 2336K->288K(2560K)] 12499K->10491K(13824K), 0.0010038 secs] [Times: user=0.00 sys=0.00, real=0.00 secs] 
2015-04-14T20:18:11.352-0100: 982.153: Total time for which application threads were stopped: 0.0011959 seconds, Stopping threads took: 0.0000218 seconds
2015-04-14T20:18:12.171-0100: 982.972: [GC (Allocation Failure) 
Desired survivor size 524288 bytes, new threshold 1 (max 15)
[PSYoungGen: 2336K->288K(2560K)] 12539K->10539K(13824K), 0.0010469 secs] [Times: user=0.00 sys=0.00, real=0.00 secs] 
2015-04-14T20:18:12.172-0100: 982.973: Total time for which application threads were stopped: 0.0012325 seconds, Stopping threads took: 0.0000214 seconds
2015-04-14T20:18:12.898-0100: 983.699: [GC (Allocation Failure) 
Desired survivor size 524288 bytes, new threshold 1 (max 15)
[PSYoungGen: 2335K->256K(2560K)] 12587K->10547K(13824K), 0.0009527 secs] [Times: user=0.01 sys=0.00, real=0.00 secs] 
2015-04-14T20:18:12.899-0100: 983.700: Total time for which application threads were stopped: 0.0011261 seconds, Stopping threads took: 0.0000190 seconds
2015-04-14T20:18:13.608-0100: 984.409: [GC (Allocation Failure) 
Desired survivor size 524288 bytes, new threshold 1 (max 15)
[PSYoungGen: 2304K->256K(2560K)] 12595K->10587K(13824K), 0.0011079 secs] [Times: user=0.01 sys=0.00, real=0.00 secs] 
2015-04-14T20:18:13.609-0100: 984.410: Total time for which application threads were stopped: 0.0012878 seconds, Stopping threads took: 0.0000196 seconds
2015-04-14T20:18:14.312-0100: 985.113: [GC (Allocation Failure) 
Desired survivor size 524288 bytes, new threshold 1 (max 15)
[PSYoungGen: 2304K->288K(2560K)] 12635K->10651K(13824K), 0.0011225 secs] [Times: user=0.01 sys=0.00, real=0.00 secs] 
2015-04-14T20:18:14.313-0100: 985.114: Total time for which application threads were stopped: 0.0013206 seconds, Stopping threads took: 0.0000211 seconds
2015-04-14T20:18:14.962-0100: 985.764: [GC (Allocation Failure) 
Desired survivor size 524288 bytes, new threshold 1 (max 15)
[PSYoungGen: 2336K->256K(2560K)] 12699K->10659K(13824K), 0.0008148 secs] [Times: user=0.01 sys=0.00, real=0.00 secs] 
2015-04-14T20:18:14.963-0100: 985.764: Total time for which application threads were stopped: 0.0009669 seconds, Stopping threads took: 0.0000176 seconds
2015-04-14T20:18:15.339-0100: 986.141: [GC (Allocation Failure) 
Desired survivor size 524288 bytes, new threshold 1 (max 15)
[PSYoungGen: 2304K->256K(2560K)] 12707K->10707K(13824K), 0.0008786 secs] [Times: user=0.00 sys=0.00, real=0.01 secs] 
2015-04-14T20:18:15.340-0100: 986.142: Total time for which application threads were stopped: 0.0010355 seconds, Stopping threads took: 0.0000182 seconds
2015-04-14T20:18:16.291-0100: 987.092: [GC (Allocation Failure) 
Desired survivor size 524288 bytes, new threshold 1 (max 15)
[PSYoungGen: 2304K->256K(2560K)] 12755K->10747K(13824K), 0.0009033 secs] [Times: user=0.00 sys=0.00, real=0.00 secs] 
2015-04-14T20:18:16.292-0100: 987.093: Total time for which application threads were stopped: 0.0010620 seconds, Stopping threads took: 0.0000153 seconds
2015-04-14T20:18:17.004-0100: 987.805: [GC (Allocation Failure) 
Desired survivor size 524288 bytes, new threshold 1 (max 15)
[PSYoungGen: 2304K->288K(2560K)] 12795K->10811K(13824K), 0.0009393 secs] [Times: user=0.00 sys=0.00, real=0.00 secs] 
2015-04-14T20:18:17.005-0100: 987.806: Total time for which application threads were stopped: 0.0011559 seconds, Stopping threads took: 0.0000221 seconds
2015-04-14T20:18:17.721-0100: 988.522: [GC (Allocation Failure) 
Desired survivor size 524288 bytes, new threshold 1 (max 15)
[PSYoungGen: 2336K->256K(2560K)] 12859K->10811K(13824K), 0.0011372 secs] [Times: user=0.00 sys=0.00, real=0.00 secs] 
2015-04-14T20:18:17.722-0100: 988.523: Total time for which application threads were stopped: 0.0013364 seconds, Stopping threads took: 0.0000230 seconds
2015-04-14T20:18:18.422-0100: 989.224: [GC (Allocation Failure) 
Desired survivor size 524288 bytes, new threshold 1 (max 15)
[PSYoungGen: 2304K->256K(2560K)] 12859K->10859K(13824K), 0.0011155 secs] [Times: user=0.00 sys=0.00, real=0.00 secs] 
2015-04-14T20:18:18.424-0100: 989.225: Total time for which application threads were stopped: 0.0013159 seconds, Stopping threads took: 0.0000222 seconds
2015-04-14T20:18:19.311-0100: 990.112: [GC (Allocation Failure) 
Desired survivor size 524288 bytes, new threshold 1 (max 15)
[PSYoungGen: 2304K->256K(2560K)] 12907K->10891K(13824K), 0.0010973 secs] [Times: user=0.01 sys=0.00, real=0.00 secs] 
2015-04-14T20:18:19.312-0100: 990.113: Total time for which application threads were stopped: 0.0013027 seconds, Stopping threads took: 0.0000244 seconds
2015-04-14T20:18:20.145-0100: 990.946: [GC (Allocation Failure) 
Desired survivor size 524288 bytes, new threshold 1 (max 15)
[PSYoungGen: 2304K->256K(2560K)] 12939K->10923K(13824K), 0.0010164 secs] [Times: user=0.00 sys=0.01, real=0.00 secs] 
2015-04-14T20:18:20.146-0100: 990.948: Total time for which application threads were stopped: 0.0012278 seconds, Stopping threads took: 0.0000240 seconds
2015-04-14T20:18:20.846-0100: 991.647: [GC (Allocation Failure) 
Desired survivor size 524288 bytes, new threshold 1 (max 15)
[PSYoungGen: 2304K->256K(2560K)] 12971K->10963K(13824K), 0.0007904 secs] [Times: user=0.00 sys=0.00, real=0.00 secs] 
2015-04-14T20:18:20.847-0100: 991.648: Total time for which application threads were stopped: 0.0009446 seconds, Stopping threads took: 0.0000154 seconds
2015-04-14T20:18:21.331-0100: 992.132: [GC (Allocation Failure) 
Desired survivor size 524288 bytes, new threshold 1 (max 15)
[PSYoungGen: 2304K->256K(2560K)] 13011K->11019K(13824K), 0.0009263 secs] [Times: user=0.00 sys=0.00, real=0.00 secs] 
2015-04-14T20:18:21.332-0100: 992.133: Total time for which application threads were stopped: 0.0011180 seconds, Stopping threads took: 0.0000229 seconds
2015-04-14T20:18:22.170-0100: 992.971: [GC (Allocation Failure) 
Desired survivor size 524288 bytes, new threshold 1 (max 15)
[PSYoungGen: 2304K->256K(2560K)] 13067K->11067K(13824K), 0.0010901 secs] [Times: user=0.01 sys=0.00, real=0.00 secs] 
2015-04-14T20:18:22.171-0100: 992.972: Total time for which application threads were stopped: 0.0012778 seconds, Stopping threads took: 0.0000212 seconds
2015-04-14T20:18:22.868-0100: 993.670: [GC (Allocation Failure) 
Desired survivor size 524288 bytes, new threshold 1 (max 15)
[PSYoungGen: 2304K->288K(2560K)] 13115K->11139K(13824K), 0.0010595 secs] [Times: user=0.01 sys=0.00, real=0.00 secs] 
2015-04-14T20:18:22.870-0100: 993.671: Total time for which application threads were stopped: 0.0012512 seconds, Stopping threads took: 0.0000241 seconds
2015-04-14T20:18:23.374-0100: 994.175: [GC (Allocation Failure) 
Desired survivor size 524288 bytes, new threshold 1 (max 15)
[PSYoungGen: 2336K->256K(2560K)] 13187K->11155K(13824K), 0.0010282 secs] [Times: user=0.00 sys=0.00, real=0.00 secs] 
2015-04-14T20:18:23.375-0100: 994.176: Total time for which application threads were stopped: 0.0012108 seconds, Stopping threads took: 0.0000230 seconds
2015-04-14T20:18:24.123-0100: 994.925: [GC (Allocation Failure) 
Desired survivor size 524288 bytes, new threshold 1 (max 15)
[PSYoungGen: 2304K->256K(2560K)] 13203K->11203K(13824K), 0.0010291 secs] [Times: user=0.00 sys=0.00, real=0.00 secs] 
2015-04-14T20:18:24.124-0100: 994.926: Total time for which application threads were stopped: 0.0012221 seconds, Stopping threads took: 0.0000222 seconds
2015-04-14T20:18:24.525-0100: 995.326: [GC (Allocation Failure) 
Desired survivor size 524288 bytes, new threshold 1 (max 15)
[PSYoungGen: 2304K->256K(2560K)] 13251K->11243K(13824K), 0.0009723 secs] [Times: user=0.00 sys=0.00, real=0.00 secs] 
2015-04-14T20:18:24.526-0100: 995.327: Total time for which application threads were stopped: 0.0011612 seconds, Stopping threads took: 0.0000300 seconds
2015-04-14T20:18:25.325-0100: 996.127: [GC (Allocation Failure) 
Desired survivor size 524288 bytes, new threshold 1 (max 15)
[PSYoungGen: 2304K->256K(2560K)] 13291K->11283K(13824K), 0.0010299 secs] [Times: user=0.00 sys=0.00, real=0.00 secs] 
2015-04-14T20:18:25.326-0100: 996.128: Total time for which application threads were stopped: 0.0012180 seconds, Stopping threads took: 0.0000221 seconds
2015-04-14T20:18:25.748-0100: 996.549: [GC (Allocation Failure) 
Desired survivor size 524288 bytes, new threshold 1 (max 15)
[PSYoungGen: 2304K->256K(2560K)] 13331K->11339K(13824K), 0.0011271 secs] [Times: user=0.00 sys=0.00, real=0.00 secs] 
2015-04-14T20:18:25.749-0100: 996.550: Total time for which application threads were stopped: 0.0013252 seconds, Stopping threads took: 0.0000230 seconds
2015-04-14T20:18:26.566-0100: 997.367: [GC (Allocation Failure) 
Desired survivor size 524288 bytes, new threshold 1 (max 15)
[PSYoungGen: 2304K->256K(2560K)] 13387K->11379K(13824K), 0.0010396 secs] [Times: user=0.00 sys=0.00, real=0.00 secs] 
2015-04-14T20:18:26.567-0100: 997.369: Total time for which application threads were stopped: 0.0012529 seconds, Stopping threads took: 0.0000229 seconds
2015-04-14T20:18:27.101-0100: 997.902: [GC (Allocation Failure) 
Desired survivor size 524288 bytes, new threshold 1 (max 15)
[PSYoungGen: 2304K->288K(2560K)] 13427K->11451K(13824K), 0.0010064 secs] [Times: user=0.00 sys=0.00, real=0.00 secs] 
2015-04-14T20:18:27.102-0100: 997.903: Total time for which application threads were stopped: 0.0012201 seconds, Stopping threads took: 0.0000211 seconds
2015-04-14T20:18:27.669-0100: 998.470: [GC (Allocation Failure) 
Desired survivor size 524288 bytes, new threshold 1 (max 15)
[PSYoungGen: 2336K->224K(2560K)] 13499K->11403K(13824K), 0.0010527 secs] [Times: user=0.00 sys=0.00, real=0.01 secs] 
2015-04-14T20:18:27.670-0100: 998.471: Total time for which application threads were stopped: 0.0012537 seconds, Stopping threads took: 0.0000225 seconds
2015-04-14T20:18:28.503-0100: 999.304: [GC (Allocation Failure) 
Desired survivor size 524288 bytes, new threshold 1 (max 15)
[PSYoungGen: 2272K->288K(2560K)] 13451K->11507K(13824K), 0.0010259 secs] [Times: user=0.00 sys=0.00, real=0.00 secs] 
2015-04-14T20:18:28.504-0100: 999.305: [Full GC (Ergonomics) [PSYoungGen: 288K->0K(2560K)] [ParOldGen: 11219K->8356K(11264K)] 11507K->8356K(13824K), [Metaspace: 17880K->17880K(1064960K)], 0.0199816 secs] [Times: user=0.07 sys=0.00, real=0.02 secs] 
2015-04-14T20:18:28.524-0100: 999.325: Total time for which application threads were stopped: 0.0213448 seconds, Stopping threads took: 0.0000242 seconds
2015-04-14T20:18:29.308-0100: 1000.109: [GC (Allocation Failure) 
Desired survivor size 524288 bytes, new threshold 1 (max 15)
[PSYoungGen: 2048K->256K(2560K)] 10404K->8612K(13824K), 0.0008118 secs] [Times: user=0.01 sys=0.00, real=0.00 secs] 
2015-04-14T20:18:29.309-0100: 1000.110: Total time for which application threads were stopped: 0.0009538 seconds, Stopping threads took: 0.0000164 seconds
2015-04-14T20:18:29.841-0100: 1000.643: [GC (Allocation Failure) 
Desired survivor size 524288 bytes, new threshold 1 (max 15)
[PSYoungGen: 2304K->256K(2560K)] 10660K->8660K(13824K), 0.0009134 secs] [Times: user=0.00 sys=0.00, real=0.00 secs] 
2015-04-14T20:18:29.842-0100: 1000.644: Total time for which application threads were stopped: 0.0010915 seconds, Stopping threads took: 0.0000220 seconds
2015-04-14T20:18:30.695-0100: 1001.497: [GC (Allocation Failure) 
Desired survivor size 524288 bytes, new threshold 1 (max 15)
[PSYoungGen: 2304K->256K(2560K)] 10708K->8700K(13824K), 0.0011033 secs] [Times: user=0.00 sys=0.00, real=0.00 secs] 
2015-04-14T20:18:30.696-0100: 1001.498: Total time for which application threads were stopped: 0.0013038 seconds, Stopping threads took: 0.0000197 seconds
2015-04-14T20:18:31.111-0100: 1001.912: [GC (Allocation Failure) 
Desired survivor size 524288 bytes, new threshold 1 (max 15)
[PSYoungGen: 2304K->256K(2560K)] 10748K->8756K(13824K), 0.0010686 secs] [Times: user=0.01 sys=0.00, real=0.00 secs] 
2015-04-14T20:18:31.112-0100: 1001.913: Total time for which application threads were stopped: 0.0012749 seconds, Stopping threads took: 0.0000238 seconds
2015-04-14T20:18:31.915-0100: 1002.717: [GC (Allocation Failure) 
Desired survivor size 524288 bytes, new threshold 1 (max 15)
[PSYoungGen: 2304K->288K(2560K)] 10804K->8836K(13824K), 0.0010591 secs] [Times: user=0.01 sys=0.00, real=0.00 secs] 
2015-04-14T20:18:31.916-0100: 1002.718: Total time for which application threads were stopped: 0.0012498 seconds, Stopping threads took: 0.0000213 seconds
2015-04-14T20:18:32.792-0100: 1003.593: [GC (Allocation Failure) 
Desired survivor size 524288 bytes, new threshold 1 (max 15)
[PSYoungGen: 2336K->256K(2560K)] 10884K->8844K(13824K), 0.0010307 secs] [Times: user=0.00 sys=0.00, real=0.00 secs] 
2015-04-14T20:18:32.793-0100: 1003.594: Total time for which application threads were stopped: 0.0013004 seconds, Stopping threads took: 0.0000365 seconds
2015-04-14T20:18:33.559-0100: 1004.361: [GC (Allocation Failure) 
Desired survivor size 524288 bytes, new threshold 1 (max 15)
[PSYoungGen: 2304K->256K(2560K)] 10892K->8884K(13824K), 0.0009422 secs] [Times: user=0.00 sys=0.00, real=0.01 secs] 
2015-04-14T20:18:33.560-0100: 1004.362: Total time for which application threads were stopped: 0.0011327 seconds, Stopping threads took: 0.0000204 seconds
2015-04-14T20:18:34.308-0100: 1005.110: [GC (Allocation Failure) 
Desired survivor size 524288 bytes, new threshold 1 (max 15)
[PSYoungGen: 2304K->256K(2560K)] 10932K->8924K(13824K), 0.0009390 secs] [Times: user=0.00 sys=0.00, real=0.00 secs] 
2015-04-14T20:18:34.309-0100: 1005.111: Total time for which application threads were stopped: 0.0011184 seconds, Stopping threads took: 0.0000217 seconds
2015-04-14T20:18:34.979-0100: 1005.781: [GC (Allocation Failure) 
Desired survivor size 524288 bytes, new threshold 1 (max 15)
[PSYoungGen: 2304K->288K(2560K)] 10972K->9004K(13824K), 0.0009526 secs] [Times: user=0.01 sys=0.00, real=0.01 secs] 
2015-04-14T20:18:34.980-0100: 1005.782: Total time for which application threads were stopped: 0.0011318 seconds, Stopping threads took: 0.0000195 seconds
2015-04-14T20:18:35.810-0100: 1006.612: [GC (Allocation Failure) 
Desired survivor size 524288 bytes, new threshold 1 (max 15)
[PSYoungGen: 2336K->288K(2560K)] 11052K->9044K(13824K), 0.0010956 secs] [Times: user=0.00 sys=0.00, real=0.00 secs] 
2015-04-14T20:18:35.812-0100: 1006.613: Total time for which application threads were stopped: 0.0013002 seconds, Stopping threads took: 0.0000230 seconds
2015-04-14T20:18:36.679-0100: 1007.480: [GC (Allocation Failure) 
Desired survivor size 524288 bytes, new threshold 1 (max 15)
[PSYoungGen: 2336K->288K(2560K)] 11092K->9076K(13824K), 0.0009579 secs] [Times: user=0.00 sys=0.00, real=0.01 secs] 
2015-04-14T20:18:36.680-0100: 1007.481: Total time for which application threads were stopped: 0.0011379 seconds, Stopping threads took: 0.0000185 seconds
2015-04-14T20:18:37.383-0100: 1008.185: [GC (Allocation Failure) 
Desired survivor size 524288 bytes, new threshold 1 (max 15)
[PSYoungGen: 2336K->288K(2560K)] 11124K->9100K(13824K), 0.0010855 secs] [Times: user=0.00 sys=0.00, real=0.00 secs] 
2015-04-14T20:18:37.384-0100: 1008.186: Total time for which application threads were stopped: 0.0012877 seconds, Stopping threads took: 0.0000235 seconds
2015-04-14T20:18:38.170-0100: 1008.971: [GC (Allocation Failure) 
Desired survivor size 524288 bytes, new threshold 1 (max 15)
[PSYoungGen: 2336K->256K(2560K)] 11148K->9108K(13824K), 0.0011174 secs] [Times: user=0.01 sys=0.00, real=0.00 secs] 
2015-04-14T20:18:38.171-0100: 1008.973: Total time for which application threads were stopped: 0.0013099 seconds, Stopping threads took: 0.0000220 seconds
2015-04-14T20:18:38.955-0100: 1009.756: [GC (Allocation Failure) 
Desired survivor size 524288 bytes, new threshold 1 (max 15)
[PSYoungGen: 2304K->288K(2560K)] 11156K->9180K(13824K), 0.0009921 secs] [Times: user=0.01 sys=0.00, real=0.00 secs] 
2015-04-14T20:18:38.956-0100: 1009.758: Total time for which application threads were stopped: 0.0011833 seconds, Stopping threads took: 0.0000231 seconds
2015-04-14T20:18:39.727-0100: 1010.528: [GC (Allocation Failure) 
Desired survivor size 524288 bytes, new threshold 1 (max 15)
[PSYoungGen: 2336K->288K(2560K)] 11228K->9220K(13824K), 0.0010150 secs] [Times: user=0.00 sys=0.00, real=0.00 secs] 
2015-04-14T20:18:39.728-0100: 1010.529: Total time for which application threads were stopped: 0.0012889 seconds, Stopping threads took: 0.0000425 seconds
2015-04-14T20:18:40.426-0100: 1011.228: [GC (Allocation Failure) 
Desired survivor size 524288 bytes, new threshold 1 (max 15)
[PSYoungGen: 2336K->256K(2560K)] 11268K->9236K(13824K), 0.0011130 secs] [Times: user=0.01 sys=0.00, real=0.00 secs] 
2015-04-14T20:18:40.428-0100: 1011.229: Total time for which application threads were stopped: 0.0013068 seconds, Stopping threads took: 0.0000214 seconds
2015-04-14T20:18:41.192-0100: 1011.993: [GC (Allocation Failure) 
Desired survivor size 524288 bytes, new threshold 1 (max 15)
[PSYoungGen: 2304K->224K(2560K)] 11284K->9236K(13824K), 0.0007841 secs] [Times: user=0.00 sys=0.00, real=0.00 secs] 
2015-04-14T20:18:41.193-0100: 1011.994: Total time for which application threads were stopped: 0.0009195 seconds, Stopping threads took: 0.0000131 seconds
2015-04-14T20:18:41.846-0100: 1012.648: [GC (Allocation Failure) 
Desired survivor size 524288 bytes, new threshold 1 (max 15)
[PSYoungGen: 2272K->256K(2560K)] 11284K->9308K(13824K), 0.0009555 secs] [Times: user=0.00 sys=0.00, real=0.00 secs] 
2015-04-14T20:18:41.847-0100: 1012.649: Total time for which application threads were stopped: 0.0011408 seconds, Stopping threads took: 0.0000192 seconds
2015-04-14T20:18:42.566-0100: 1013.368: [GC (Allocation Failure) 
Desired survivor size 524288 bytes, new threshold 1 (max 15)
[PSYoungGen: 2304K->256K(2560K)] 11356K->9356K(13824K), 0.0010666 secs] [Times: user=0.01 sys=0.00, real=0.00 secs] 
2015-04-14T20:18:42.567-0100: 1013.369: Total time for which application threads were stopped: 0.0012604 seconds, Stopping threads took: 0.0000229 seconds
2015-04-14T20:18:43.292-0100: 1014.094: [GC (Allocation Failure) 
Desired survivor size 524288 bytes, new threshold 1 (max 15)
[PSYoungGen: 2304K->288K(2560K)] 11404K->9436K(13824K), 0.0008947 secs] [Times: user=0.00 sys=0.00, real=0.00 secs] 
2015-04-14T20:18:43.293-0100: 1014.094: Total time for which application threads were stopped: 0.0010774 seconds, Stopping threads took: 0.0000181 seconds
2015-04-14T20:18:43.870-0100: 1014.672: [GC (Allocation Failure) 
Desired survivor size 524288 bytes, new threshold 1 (max 15)
[PSYoungGen: 2336K->288K(2560K)] 11484K->9476K(13824K), 0.0010562 secs] [Times: user=0.00 sys=0.00, real=0.00 secs] 
2015-04-14T20:18:43.871-0100: 1014.673: Total time for which application threads were stopped: 0.0012380 seconds, Stopping threads took: 0.0000199 seconds
2015-04-14T20:18:44.592-0100: 1015.394: [GC (Allocation Failure) 
Desired survivor size 524288 bytes, new threshold 1 (max 15)
[PSYoungGen: 2336K->256K(2560K)] 11524K->9484K(13824K), 0.0009764 secs] [Times: user=0.01 sys=0.00, real=0.00 secs] 
2015-04-14T20:18:44.593-0100: 1015.395: Total time for which application threads were stopped: 0.0011902 seconds, Stopping threads took: 0.0000193 seconds
2015-04-14T20:18:45.289-0100: 1016.091: [GC (Allocation Failure) 
Desired survivor size 524288 bytes, new threshold 1 (max 15)
[PSYoungGen: 2304K->256K(2560K)] 11532K->9524K(13824K), 0.0011080 secs] [Times: user=0.01 sys=0.00, real=0.01 secs] 
2015-04-14T20:18:45.290-0100: 1016.092: Total time for which application threads were stopped: 0.0013010 seconds, Stopping threads took: 0.0000209 seconds
2015-04-14T20:18:45.844-0100: 1016.646: [GC (Allocation Failure) 
Desired survivor size 524288 bytes, new threshold 1 (max 15)
[PSYoungGen: 2304K->288K(2560K)] 11572K->9596K(13824K), 0.0011607 secs] [Times: user=0.00 sys=0.00, real=0.00 secs] 
2015-04-14T20:18:45.845-0100: 1016.647: Total time for which application threads were stopped: 0.0013679 seconds, Stopping threads took: 0.0000230 seconds
2015-04-14T20:18:46.678-0100: 1017.480: [GC (Allocation Failure) 
Desired survivor size 524288 bytes, new threshold 1 (max 15)
[PSYoungGen: 2336K->256K(2560K)] 11644K->9604K(13824K), 0.0010384 secs] [Times: user=0.00 sys=0.00, real=0.00 secs] 
2015-04-14T20:18:46.679-0100: 1017.481: Total time for which application threads were stopped: 0.0012506 seconds, Stopping threads took: 0.0000234 seconds
2015-04-14T20:18:47.249-0100: 1018.051: [GC (Allocation Failure) 
Desired survivor size 524288 bytes, new threshold 1 (max 15)
[PSYoungGen: 2304K->288K(2560K)] 11652K->9676K(13824K), 0.0009561 secs] [Times: user=0.00 sys=0.00, real=0.01 secs] 
2015-04-14T20:18:47.250-0100: 1018.052: Total time for which application threads were stopped: 0.0011316 seconds, Stopping threads took: 0.0000214 seconds
2015-04-14T20:18:47.852-0100: 1018.654: [GC (Allocation Failure) 
Desired survivor size 524288 bytes, new threshold 1 (max 15)
[PSYoungGen: 2336K->288K(2560K)] 11724K->9724K(13824K), 0.0009442 secs] [Times: user=0.00 sys=0.00, real=0.00 secs] 
2015-04-14T20:18:47.853-0100: 1018.655: Total time for which application threads were stopped: 0.0011160 seconds, Stopping threads took: 0.0000250 seconds
2015-04-14T20:18:48.769-0100: 1019.571: [GC (Allocation Failure) 
Desired survivor size 524288 bytes, new threshold 1 (max 15)
[PSYoungGen: 2336K->256K(2560K)] 11772K->9740K(13824K), 0.0010672 secs] [Times: user=0.01 sys=0.00, real=0.01 secs] 
2015-04-14T20:18:48.770-0100: 1019.572: Total time for which application threads were stopped: 0.0012579 seconds, Stopping threads took: 0.0000203 seconds
2015-04-14T20:18:49.388-0100: 1020.190: [GC (Allocation Failure) 
Desired survivor size 524288 bytes, new threshold 1 (max 15)
[PSYoungGen: 2304K->288K(2560K)] 11788K->9788K(13824K), 0.0010949 secs] [Times: user=0.00 sys=0.00, real=0.00 secs] 
2015-04-14T20:18:49.390-0100: 1020.191: Total time for which application threads were stopped: 0.0012825 seconds, Stopping threads took: 0.0000198 seconds
2015-04-14T20:18:50.062-0100: 1020.864: [GC (Allocation Failure) 
Desired survivor size 524288 bytes, new threshold 1 (max 15)
[PSYoungGen: 2336K->256K(2560K)] 11836K->9796K(13824K), 0.0010442 secs] [Times: user=0.00 sys=0.00, real=0.00 secs] 
2015-04-14T20:18:50.063-0100: 1020.865: Total time for which application threads were stopped: 0.0012583 seconds, Stopping threads took: 0.0000197 seconds
2015-04-14T20:18:50.977-0100: 1021.779: [GC (Allocation Failure) 
Desired survivor size 524288 bytes, new threshold 1 (max 15)
[PSYoungGen: 2304K->256K(2560K)] 11844K->9836K(13824K), 0.0010117 secs] [Times: user=0.00 sys=0.00, real=0.00 secs] 
2015-04-14T20:18:50.978-0100: 1021.780: Total time for which application threads were stopped: 0.0011964 seconds, Stopping threads took: 0.0000227 seconds
2015-04-14T20:18:51.724-0100: 1022.526: [GC (Allocation Failure) 
Desired survivor size 524288 bytes, new threshold 1 (max 15)
[PSYoungGen: 2304K->224K(2560K)] 11884K->9844K(13824K), 0.0011282 secs] [Times: user=0.00 sys=0.00, real=0.00 secs] 
2015-04-14T20:18:51.726-0100: 1022.528: Total time for which application threads were stopped: 0.0013301 seconds, Stopping threads took: 0.0000239 seconds
2015-04-14T20:18:52.412-0100: 1023.214: [GC (Allocation Failure) 
Desired survivor size 524288 bytes, new threshold 1 (max 15)
[PSYoungGen: 2272K->256K(2560K)] 11892K->9900K(13824K), 0.0010940 secs] [Times: user=0.00 sys=0.00, real=0.00 secs] 
2015-04-14T20:18:52.413-0100: 1023.215: Total time for which application threads were stopped: 0.0013021 seconds, Stopping threads took: 0.0000216 seconds
2015-04-14T20:18:53.239-0100: 1024.041: [GC (Allocation Failure) 
Desired survivor size 524288 bytes, new threshold 1 (max 15)
[PSYoungGen: 2304K->256K(2560K)] 11948K->9932K(13824K), 0.0010666 secs] [Times: user=0.00 sys=0.00, real=0.01 secs] 
2015-04-14T20:18:53.241-0100: 1024.042: Total time for which application threads were stopped: 0.0012648 seconds, Stopping threads took: 0.0000220 seconds
2015-04-14T20:18:54.092-0100: 1024.894: [GC (Allocation Failure) 
Desired survivor size 524288 bytes, new threshold 1 (max 15)
[PSYoungGen: 2304K->256K(2560K)] 11980K->9972K(13824K), 0.0009499 secs] [Times: user=0.00 sys=0.00, real=0.00 secs] 
2015-04-14T20:18:54.093-0100: 1024.895: Total time for which application threads were stopped: 0.0011279 seconds, Stopping threads took: 0.0000213 seconds
2015-04-14T20:18:54.805-0100: 1025.607: [GC (Allocation Failure) 
Desired survivor size 524288 bytes, new threshold 1 (max 15)
[PSYoungGen: 2304K->256K(2560K)] 12020K->10012K(13824K), 0.0011288 secs] [Times: user=0.00 sys=0.00, real=0.00 secs] 
2015-04-14T20:18:54.806-0100: 1025.608: Total time for which application threads were stopped: 0.0013217 seconds, Stopping threads took: 0.0000215 seconds
2015-04-14T20:18:55.455-0100: 1026.257: [GC (Allocation Failure) 
Desired survivor size 524288 bytes, new threshold 1 (max 15)
[PSYoungGen: 2304K->288K(2560K)] 12060K->10084K(13824K), 0.0009011 secs] [Times: user=0.00 sys=0.00, real=0.00 secs] 
2015-04-14T20:18:55.456-0100: 1026.258: Total time for which application threads were stopped: 0.0010733 seconds, Stopping threads took: 0.0000185 seconds
2015-04-14T20:18:56.292-0100: 1027.094: [GC (Allocation Failure) 
Desired survivor size 524288 bytes, new threshold 1 (max 15)
[PSYoungGen: 2336K->256K(2560K)] 12132K->10084K(13824K), 0.0010740 secs] [Times: user=0.01 sys=0.00, real=0.00 secs] 
2015-04-14T20:18:56.294-0100: 1027.095: Total time for which application threads were stopped: 0.0012721 seconds, Stopping threads took: 0.0000197 seconds
2015-04-14T20:18:57.112-0100: 1027.914: [GC (Allocation Failure) 
Desired survivor size 524288 bytes, new threshold 1 (max 15)
[PSYoungGen: 2303K->256K(2560K)] 12132K->10116K(13824K), 0.0010603 secs] [Times: user=0.00 sys=0.00, real=0.00 secs] 
2015-04-14T20:18:57.114-0100: 1027.916: Total time for which application threads were stopped: 0.0012502 seconds, Stopping threads took: 0.0000212 seconds
2015-04-14T20:18:57.861-0100: 1028.663: [GC (Allocation Failure) 
Desired survivor size 524288 bytes, new threshold 1 (max 15)
[PSYoungGen: 2304K->288K(2560K)] 12164K->10188K(13824K), 0.0010214 secs] [Times: user=0.00 sys=0.00, real=0.00 secs] 
2015-04-14T20:18:57.862-0100: 1028.664: Total time for which application threads were stopped: 0.0012052 seconds, Stopping threads took: 0.0000211 seconds
2015-04-14T20:18:58.666-0100: 1029.468: [GC (Allocation Failure) 
Desired survivor size 524288 bytes, new threshold 1 (max 15)
[PSYoungGen: 2336K->256K(2560K)] 12236K->10204K(13824K), 0.0010992 secs] [Times: user=0.00 sys=0.00, real=0.00 secs] 
2015-04-14T20:18:58.667-0100: 1029.469: Total time for which application threads were stopped: 0.0012931 seconds, Stopping threads took: 0.0000209 seconds
2015-04-14T20:18:59.400-0100: 1030.202: [GC (Allocation Failure) 
Desired survivor size 524288 bytes, new threshold 1 (max 15)
[PSYoungGen: 2304K->288K(2560K)] 12252K->10268K(13824K), 0.0011382 secs] [Times: user=0.00 sys=0.00, real=0.00 secs] 
2015-04-14T20:18:59.401-0100: 1030.203: Total time for which application threads were stopped: 0.0013619 seconds, Stopping threads took: 0.0000227 seconds
2015-04-14T20:19:00.088-0100: 1030.890: [GC (Allocation Failure) 
Desired survivor size 524288 bytes, new threshold 1 (max 15)
[PSYoungGen: 2336K->288K(2560K)] 12316K->10300K(13824K), 0.0010183 secs] [Times: user=0.00 sys=0.00, real=0.00 secs] 
2015-04-14T20:19:00.089-0100: 1030.891: Total time for which application threads were stopped: 0.0012188 seconds, Stopping threads took: 0.0000214 seconds
2015-04-14T20:19:00.693-0100: 1031.495: [GC (Allocation Failure) 
Desired survivor size 524288 bytes, new threshold 1 (max 15)
[PSYoungGen: 2336K->288K(2560K)] 12348K->10332K(13824K), 0.0009856 secs] [Times: user=0.00 sys=0.00, real=0.00 secs] 
2015-04-14T20:19:00.694-0100: 1031.496: Total time for which application threads were stopped: 0.0011647 seconds, Stopping threads took: 0.0000204 seconds
2015-04-14T20:19:01.407-0100: 1032.209: [GC (Allocation Failure) 
Desired survivor size 524288 bytes, new threshold 1 (max 15)
[PSYoungGen: 2336K->224K(2560K)] 12380K->10308K(13824K), 0.0008921 secs] [Times: user=0.01 sys=0.00, real=0.00 secs] 
2015-04-14T20:19:01.408-0100: 1032.210: Total time for which application threads were stopped: 0.0010507 seconds, Stopping threads took: 0.0000166 seconds
2015-04-14T20:19:02.131-0100: 1032.933: [GC (Allocation Failure) 
Desired survivor size 524288 bytes, new threshold 1 (max 15)
[PSYoungGen: 2272K->256K(2560K)] 12356K->10388K(13824K), 0.0010539 secs] [Times: user=0.00 sys=0.00, real=0.00 secs] 
2015-04-14T20:19:02.132-0100: 1032.934: Total time for which application threads were stopped: 0.0012484 seconds, Stopping threads took: 0.0000191 seconds
2015-04-14T20:19:02.878-0100: 1033.680: [GC (Allocation Failure) 
Desired survivor size 524288 bytes, new threshold 1 (max 15)
[PSYoungGen: 2304K->288K(2560K)] 12436K->10468K(13824K), 0.0010591 secs] [Times: user=0.00 sys=0.00, real=0.00 secs] 
2015-04-14T20:19:02.879-0100: 1033.681: Total time for which application threads were stopped: 0.0012570 seconds, Stopping threads took: 0.0000218 seconds
2015-04-14T20:19:03.683-0100: 1034.485: [GC (Allocation Failure) 
Desired survivor size 524288 bytes, new threshold 1 (max 15)
[PSYoungGen: 2336K->256K(2560K)] 12516K->10476K(13824K), 0.0013823 secs] [Times: user=0.01 sys=0.00, real=0.00 secs] 
2015-04-14T20:19:03.685-0100: 1034.487: Total time for which application threads were stopped: 0.0016706 seconds, Stopping threads took: 0.0000258 seconds
2015-04-14T20:19:04.499-0100: 1035.302: [GC (Allocation Failure) 
Desired survivor size 524288 bytes, new threshold 1 (max 15)
[PSYoungGen: 2304K->256K(2560K)] 12524K->10500K(13824K), 0.0010879 secs] [Times: user=0.00 sys=0.00, real=0.01 secs] 
2015-04-14T20:19:04.501-0100: 1035.303: Total time for which application threads were stopped: 0.0013002 seconds, Stopping threads took: 0.0000258 seconds
2015-04-14T20:19:05.304-0100: 1036.106: [GC (Allocation Failure) 
Desired survivor size 524288 bytes, new threshold 1 (max 15)
[PSYoungGen: 2304K->256K(2560K)] 12548K->10548K(13824K), 0.0010409 secs] [Times: user=0.00 sys=0.00, real=0.00 secs] 
2015-04-14T20:19:05.305-0100: 1036.108: Total time for which application threads were stopped: 0.0013117 seconds, Stopping threads took: 0.0000375 seconds
2015-04-14T20:19:05.971-0100: 1036.773: [GC (Allocation Failure) 
Desired survivor size 524288 bytes, new threshold 1 (max 15)
[PSYoungGen: 2304K->256K(2560K)] 12596K->10580K(13824K), 0.0011581 secs] [Times: user=0.00 sys=0.00, real=0.00 secs] 
2015-04-14T20:19:05.973-0100: 1036.775: Total time for which application threads were stopped: 0.0013552 seconds, Stopping threads took: 0.0000230 seconds
2015-04-14T20:19:06.640-0100: 1037.442: [GC (Allocation Failure) 
Desired survivor size 524288 bytes, new threshold 1 (max 15)
[PSYoungGen: 2304K->256K(2560K)] 12628K->10620K(13824K), 0.0007882 secs] [Times: user=0.00 sys=0.00, real=0.00 secs] 
2015-04-14T20:19:06.641-0100: 1037.443: Total time for which application threads were stopped: 0.0009274 seconds, Stopping threads took: 0.0000146 seconds
2015-04-14T20:19:07.459-0100: 1038.261: [GC (Allocation Failure) 
Desired survivor size 524288 bytes, new threshold 1 (max 15)
[PSYoungGen: 2304K->256K(2560K)] 12668K->10668K(13824K), 0.0010778 secs] [Times: user=0.00 sys=0.00, real=0.01 secs] 
2015-04-14T20:19:07.460-0100: 1038.263: Total time for which application threads were stopped: 0.0012762 seconds, Stopping threads took: 0.0000229 seconds
2015-04-14T20:19:08.293-0100: 1039.095: [GC (Allocation Failure) 
Desired survivor size 524288 bytes, new threshold 1 (max 15)
[PSYoungGen: 2304K->288K(2560K)] 12716K->10724K(13824K), 0.0010149 secs] [Times: user=0.00 sys=0.00, real=0.00 secs] 
2015-04-14T20:19:08.294-0100: 1039.096: Total time for which application threads were stopped: 0.0011954 seconds, Stopping threads took: 0.0000208 seconds
2015-04-14T20:19:09.032-0100: 1039.834: [GC (Allocation Failure) 
Desired survivor size 524288 bytes, new threshold 1 (max 15)
[PSYoungGen: 2336K->256K(2560K)] 12772K->10732K(13824K), 0.0007956 secs] [Times: user=0.00 sys=0.00, real=0.00 secs] 
2015-04-14T20:19:09.033-0100: 1039.835: Total time for which application threads were stopped: 0.0009418 seconds, Stopping threads took: 0.0000155 seconds
2015-04-14T20:19:09.685-0100: 1040.487: [GC (Allocation Failure) 
Desired survivor size 524288 bytes, new threshold 1 (max 15)
[PSYoungGen: 2304K->256K(2560K)] 12780K->10772K(13824K), 0.0009579 secs] [Times: user=0.01 sys=0.00, real=0.00 secs] 
2015-04-14T20:19:09.686-0100: 1040.488: Total time for which application threads were stopped: 0.0011471 seconds, Stopping threads took: 0.0000195 seconds
2015-04-14T20:19:10.487-0100: 1041.289: [GC (Allocation Failure) 
Desired survivor size 524288 bytes, new threshold 1 (max 15)
[PSYoungGen: 2304K->288K(2560K)] 12820K->10852K(13824K), 0.0010608 secs] [Times: user=0.01 sys=0.00, real=0.00 secs] 
2015-04-14T20:19:10.488-0100: 1041.290: Total time for which application threads were stopped: 0.0012625 seconds, Stopping threads took: 0.0000224 seconds
2015-04-14T20:19:11.357-0100: 1042.159: [GC (Allocation Failure) 
Desired survivor size 524288 bytes, new threshold 1 (max 15)
[PSYoungGen: 2336K->256K(2560K)] 12900K->10868K(13824K), 0.0010694 secs] [Times: user=0.00 sys=0.00, real=0.00 secs] 
2015-04-14T20:19:11.358-0100: 1042.160: Total time for which application threads were stopped: 0.0012546 seconds, Stopping threads took: 0.0000220 seconds
2015-04-14T20:19:12.041-0100: 1042.843: [GC (Allocation Failure) 
Desired survivor size 524288 bytes, new threshold 1 (max 15)
[PSYoungGen: 2304K->256K(2560K)] 12916K->10900K(13824K), 0.0011607 secs] [Times: user=0.00 sys=0.00, real=0.00 secs] 
2015-04-14T20:19:12.042-0100: 1042.844: Total time for which application threads were stopped: 0.0013629 seconds, Stopping threads took: 0.0000228 seconds
2015-04-14T20:19:12.728-0100: 1043.530: [GC (Allocation Failure) 
Desired survivor size 524288 bytes, new threshold 1 (max 15)
[PSYoungGen: 2304K->288K(2560K)] 12948K->10972K(13824K), 0.0010638 secs] [Times: user=0.00 sys=0.00, real=0.00 secs] 
2015-04-14T20:19:12.729-0100: 1043.531: Total time for which application threads were stopped: 0.0012446 seconds, Stopping threads took: 0.0000222 seconds
2015-04-14T20:19:13.531-0100: 1044.333: [GC (Allocation Failure) 
Desired survivor size 524288 bytes, new threshold 1 (max 15)
[PSYoungGen: 2336K->256K(2560K)] 13020K->10988K(13824K), 0.0011243 secs] [Times: user=0.01 sys=0.00, real=0.00 secs] 
2015-04-14T20:19:13.532-0100: 1044.334: Total time for which application threads were stopped: 0.0013627 seconds, Stopping threads took: 0.0000235 seconds
2015-04-14T20:19:14.396-0100: 1045.198: [GC (Allocation Failure) 
Desired survivor size 524288 bytes, new threshold 1 (max 15)
[PSYoungGen: 2304K->256K(2560K)] 13036K->11012K(13824K), 0.0007137 secs] [Times: user=0.00 sys=0.00, real=0.00 secs] 
2015-04-14T20:19:14.397-0100: 1045.199: Total time for which application threads were stopped: 0.0008500 seconds, Stopping threads took: 0.0000148 seconds
2015-04-14T20:19:15.215-0100: 1046.017: [GC (Allocation Failure) 
Desired survivor size 524288 bytes, new threshold 1 (max 15)
[PSYoungGen: 2304K->256K(2560K)] 13060K->11052K(13824K), 0.0009537 secs] [Times: user=0.00 sys=0.00, real=0.00 secs] 
2015-04-14T20:19:15.216-0100: 1046.018: Total time for which application threads were stopped: 0.0011653 seconds, Stopping threads took: 0.0000274 seconds
2015-04-14T20:19:15.938-0100: 1046.740: [GC (Allocation Failure) 
Desired survivor size 524288 bytes, new threshold 1 (max 15)
[PSYoungGen: 2304K->256K(2560K)] 13100K->11092K(13824K), 0.0009876 secs] [Times: user=0.00 sys=0.00, real=0.00 secs] 
2015-04-14T20:19:15.939-0100: 1046.741: Total time for which application threads were stopped: 0.0011984 seconds, Stopping threads took: 0.0000240 seconds
2015-04-14T20:19:16.639-0100: 1047.441: [GC (Allocation Failure) 
Desired survivor size 524288 bytes, new threshold 1 (max 15)
[PSYoungGen: 2304K->288K(2560K)] 13140K->11172K(13824K), 0.0010606 secs] [Times: user=0.01 sys=0.00, real=0.01 secs] 
2015-04-14T20:19:16.640-0100: 1047.442: Total time for which application threads were stopped: 0.0012472 seconds, Stopping threads took: 0.0000219 seconds
2015-04-14T20:19:17.414-0100: 1048.216: [GC (Allocation Failure) 
Desired survivor size 524288 bytes, new threshold 1 (max 15)
[PSYoungGen: 2336K->256K(2560K)] 13220K->11180K(13824K), 0.0009422 secs] [Times: user=0.01 sys=0.00, real=0.00 secs] 
2015-04-14T20:19:17.415-0100: 1048.217: Total time for which application threads were stopped: 0.0011087 seconds, Stopping threads took: 0.0000186 seconds
2015-04-14T20:19:17.960-0100: 1048.763: [GC (Allocation Failure) 
Desired survivor size 524288 bytes, new threshold 1 (max 15)
[PSYoungGen: 2304K->288K(2560K)] 13228K->11244K(13824K), 0.0010924 secs] [Times: user=0.00 sys=0.00, real=0.00 secs] 
2015-04-14T20:19:17.961-0100: 1048.764: Total time for which application threads were stopped: 0.0012817 seconds, Stopping threads took: 0.0000208 seconds
2015-04-14T20:19:18.646-0100: 1049.448: [GC (Allocation Failure) 
Desired survivor size 524288 bytes, new threshold 1 (max 15)
[PSYoungGen: 2336K->256K(2560K)] 13292K->11252K(13824K), 0.0010630 secs] [Times: user=0.01 sys=0.00, real=0.00 secs] 
2015-04-14T20:19:18.647-0100: 1049.449: Total time for which application threads were stopped: 0.0012684 seconds, Stopping threads took: 0.0000221 seconds
2015-04-14T20:19:19.566-0100: 1050.369: [GC (Allocation Failure) 
Desired survivor size 524288 bytes, new threshold 1 (max 15)
[PSYoungGen: 2304K->256K(2560K)] 13300K->11292K(13824K), 0.0009756 secs] [Times: user=0.00 sys=0.00, real=0.00 secs] 
2015-04-14T20:19:19.567-0100: 1050.370: Total time for which application threads were stopped: 0.0011687 seconds, Stopping threads took: 0.0000197 seconds
2015-04-14T20:19:20.385-0100: 1051.187: [GC (Allocation Failure) 
Desired survivor size 524288 bytes, new threshold 1 (max 15)
[PSYoungGen: 2304K->288K(2560K)] 13340K->11348K(13824K), 0.0009916 secs] [Times: user=0.00 sys=0.01, real=0.00 secs] 
2015-04-14T20:19:20.386-0100: 1051.189: Total time for which application threads were stopped: 0.0011703 seconds, Stopping threads took: 0.0000200 seconds
2015-04-14T20:19:21.104-0100: 1051.906: [GC (Allocation Failure) 
Desired survivor size 524288 bytes, new threshold 1 (max 15)
[PSYoungGen: 2336K->256K(2560K)] 13396K->11356K(13824K), 0.0011539 secs] [Times: user=0.00 sys=0.00, real=0.00 secs] 
2015-04-14T20:19:21.105-0100: 1051.908: Total time for which application threads were stopped: 0.0013812 seconds, Stopping threads took: 0.0000243 seconds
2015-04-14T20:19:21.757-0100: 1052.559: [GC (Allocation Failure) 
Desired survivor size 524288 bytes, new threshold 1 (max 15)
[PSYoungGen: 2304K->256K(2560K)] 13404K->11388K(13824K), 0.0010840 secs] [Times: user=0.00 sys=0.00, real=0.00 secs] 
2015-04-14T20:19:21.758-0100: 1052.561: Total time for which application threads were stopped: 0.0012597 seconds, Stopping threads took: 0.0000219 seconds
2015-04-14T20:19:22.613-0100: 1053.416: [GC (Allocation Failure) 
Desired survivor size 524288 bytes, new threshold 1 (max 15)
[PSYoungGen: 2304K->256K(2560K)] 13436K->11428K(13824K), 0.0010315 secs] [Times: user=0.00 sys=0.00, real=0.00 secs] 
2015-04-14T20:19:22.614-0100: 1053.417: Total time for which application threads were stopped: 0.0012108 seconds, Stopping threads took: 0.0000177 seconds
2015-04-14T20:19:23.459-0100: 1054.261: [GC (Allocation Failure) 
Desired survivor size 524288 bytes, new threshold 1 (max 15)
[PSYoungGen: 2304K->288K(2560K)] 13476K->11492K(13824K), 0.0009366 secs] [Times: user=0.01 sys=0.00, real=0.01 secs] 
2015-04-14T20:19:23.460-0100: 1054.262: Total time for which application threads were stopped: 0.0011535 seconds, Stopping threads took: 0.0000201 seconds
2015-04-14T20:19:24.181-0100: 1054.984: [GC (Allocation Failure) 
Desired survivor size 524288 bytes, new threshold 1 (max 15)
[PSYoungGen: 2336K->256K(2560K)] 13540K->11500K(13824K), 0.0011037 secs] [Times: user=0.01 sys=0.00, real=0.00 secs] 
2015-04-14T20:19:24.183-0100: 1054.985: [Full GC (Ergonomics) [PSYoungGen: 256K->0K(2560K)] [ParOldGen: 11244K->8353K(11264K)] 11500K->8353K(13824K), [Metaspace: 17881K->17881K(1064960K)], 0.0183731 secs] [Times: user=0.05 sys=0.00, real=0.02 secs] 
2015-04-14T20:19:24.201-0100: 1055.003: Total time for which application threads were stopped: 0.0197964 seconds, Stopping threads took: 0.0000224 seconds
2015-04-14T20:19:24.948-0100: 1055.751: [GC (Allocation Failure) 
Desired survivor size 524288 bytes, new threshold 1 (max 15)
[PSYoungGen: 2048K->256K(2560K)] 10401K->8609K(13824K), 0.0010685 secs] [Times: user=0.01 sys=0.00, real=0.00 secs] 
2015-04-14T20:19:24.949-0100: 1055.752: Total time for which application threads were stopped: 0.0012632 seconds, Stopping threads took: 0.0000224 seconds
2015-04-14T20:19:25.753-0100: 1056.555: [GC (Allocation Failure) 
Desired survivor size 524288 bytes, new threshold 1 (max 15)
[PSYoungGen: 2304K->256K(2560K)] 10657K->8649K(13824K), 0.0010645 secs] [Times: user=0.01 sys=0.01, real=0.00 secs] 
2015-04-14T20:19:25.754-0100: 1056.556: Total time for which application threads were stopped: 0.0012618 seconds, Stopping threads took: 0.0000225 seconds
2015-04-14T20:19:26.520-0100: 1057.322: [GC (Allocation Failure) 
Desired survivor size 524288 bytes, new threshold 1 (max 15)
[PSYoungGen: 2304K->288K(2560K)] 10697K->8729K(13824K), 0.0007996 secs] [Times: user=0.00 sys=0.00, real=0.00 secs] 
2015-04-14T20:19:26.521-0100: 1057.323: Total time for which application threads were stopped: 0.0009550 seconds, Stopping threads took: 0.0000162 seconds
2015-04-14T20:19:27.207-0100: 1058.010: [GC (Allocation Failure) 
Desired survivor size 524288 bytes, new threshold 1 (max 15)
[PSYoungGen: 2336K->256K(2560K)] 10777K->8713K(13824K), 0.0010837 secs] [Times: user=0.01 sys=0.01, real=0.00 secs] 
2015-04-14T20:19:27.209-0100: 1058.011: Total time for which application threads were stopped: 0.0012847 seconds, Stopping threads took: 0.0000221 seconds
2015-04-14T20:19:27.910-0100: 1058.713: [GC (Allocation Failure) 
Desired survivor size 524288 bytes, new threshold 1 (max 15)
[PSYoungGen: 2304K->224K(2560K)] 10761K->8713K(13824K), 0.0010245 secs] [Times: user=0.00 sys=0.00, real=0.00 secs] 
2015-04-14T20:19:27.911-0100: 1058.714: Total time for which application threads were stopped: 0.0012147 seconds, Stopping threads took: 0.0000233 seconds
2015-04-14T20:19:28.763-0100: 1059.566: [GC (Allocation Failure) 
Desired survivor size 524288 bytes, new threshold 1 (max 15)
[PSYoungGen: 2272K->288K(2560K)] 10761K->8817K(13824K), 0.0009658 secs] [Times: user=0.01 sys=0.00, real=0.00 secs] 
2015-04-14T20:19:28.764-0100: 1059.567: Total time for which application threads were stopped: 0.0011291 seconds, Stopping threads took: 0.0000175 seconds
2015-04-14T20:19:29.580-0100: 1060.383: Total time for which application threads were stopped: 0.0001031 seconds, Stopping threads took: 0.0000207 seconds
2015-04-14T20:19:29.580-0100: 1060.383: [GC (GCLocker Initiated GC) 
Desired survivor size 524288 bytes, new threshold 1 (max 15)
[PSYoungGen: 2336K->256K(2560K)] 10866K->8818K(13824K), 0.0010371 secs] [Times: user=0.00 sys=0.00, real=0.00 secs] 
2015-04-14T20:19:29.581-0100: 1060.384: Total time for which application threads were stopped: 0.0011752 seconds, Stopping threads took: 0.0000081 seconds
2015-04-14T20:19:30.282-0100: 1061.084: [GC (Allocation Failure) 
Desired survivor size 524288 bytes, new threshold 1 (max 15)
[PSYoungGen: 2304K->256K(2560K)] 10869K->8861K(13824K), 0.0010004 secs] [Times: user=0.01 sys=0.00, real=0.00 secs] 
2015-04-14T20:19:30.283-0100: 1061.085: Total time for which application threads were stopped: 0.0011993 seconds, Stopping threads took: 0.0000229 seconds
2015-04-14T20:19:31.118-0100: 1061.920: [GC (Allocation Failure) 
Desired survivor size 524288 bytes, new threshold 1 (max 15)
[PSYoungGen: 2304K->256K(2560K)] 10909K->8893K(13824K), 0.0010982 secs] [Times: user=0.00 sys=0.00, real=0.00 secs] 
2015-04-14T20:19:31.119-0100: 1061.921: Total time for which application threads were stopped: 0.0012912 seconds, Stopping threads took: 0.0000225 seconds
2015-04-14T20:19:31.835-0100: 1062.637: [GC (Allocation Failure) 
Desired survivor size 524288 bytes, new threshold 1 (max 15)
[PSYoungGen: 2304K->256K(2560K)] 10941K->8933K(13824K), 0.0008005 secs] [Times: user=0.00 sys=0.01, real=0.00 secs] 
2015-04-14T20:19:31.836-0100: 1062.638: Total time for which application threads were stopped: 0.0009563 seconds, Stopping threads took: 0.0000156 seconds
2015-04-14T20:19:32.638-0100: 1063.440: [GC (Allocation Failure) 
Desired survivor size 524288 bytes, new threshold 1 (max 15)
[PSYoungGen: 2304K->288K(2560K)] 10981K->9021K(13824K), 0.0010674 secs] [Times: user=0.00 sys=0.00, real=0.00 secs] 
2015-04-14T20:19:32.639-0100: 1063.441: Total time for which application threads were stopped: 0.0013147 seconds, Stopping threads took: 0.0000419 seconds
2015-04-14T20:19:33.425-0100: 1064.227: [GC (Allocation Failure) 
Desired survivor size 524288 bytes, new threshold 1 (max 15)
[PSYoungGen: 2336K->256K(2560K)] 11069K->9029K(13824K), 0.0010855 secs] [Times: user=0.00 sys=0.00, real=0.00 secs] 
2015-04-14T20:19:33.426-0100: 1064.229: Total time for which application threads were stopped: 0.0012823 seconds, Stopping threads took: 0.0000237 seconds
2015-04-14T20:19:34.178-0100: 1064.981: [GC (Allocation Failure) 
Desired survivor size 524288 bytes, new threshold 1 (max 15)
[PSYoungGen: 2304K->288K(2560K)] 11077K->9101K(13824K), 0.0010594 secs] [Times: user=0.01 sys=0.00, real=0.01 secs] 
2015-04-14T20:19:34.180-0100: 1064.982: Total time for which application threads were stopped: 0.0012475 seconds, Stopping threads took: 0.0000225 seconds
2015-04-14T20:19:34.914-0100: 1065.716: [GC (Allocation Failure) 
Desired survivor size 524288 bytes, new threshold 1 (max 15)
[PSYoungGen: 2336K->256K(2560K)] 11149K->9109K(13824K), 0.0010413 secs] [Times: user=0.00 sys=0.00, real=0.00 secs] 
2015-04-14T20:19:34.915-0100: 1065.717: Total time for which application threads were stopped: 0.0012366 seconds, Stopping threads took: 0.0000214 seconds
2015-04-14T20:19:35.651-0100: 1066.453: [GC (Allocation Failure) 
Desired survivor size 524288 bytes, new threshold 1 (max 15)
[PSYoungGen: 2304K->256K(2560K)] 11157K->9157K(13824K), 0.0011009 secs] [Times: user=0.01 sys=0.00, real=0.00 secs] 
2015-04-14T20:19:35.652-0100: 1066.454: Total time for which application threads were stopped: 0.0012973 seconds, Stopping threads took: 0.0000240 seconds
2015-04-14T20:19:36.504-0100: 1067.306: [GC (Allocation Failure) 
Desired survivor size 524288 bytes, new threshold 1 (max 15)
[PSYoungGen: 2304K->256K(2560K)] 11205K->9189K(13824K), 0.0009694 secs] [Times: user=0.00 sys=0.00, real=0.00 secs] 
2015-04-14T20:19:36.505-0100: 1067.307: Total time for which application threads were stopped: 0.0011583 seconds, Stopping threads took: 0.0000276 seconds
2015-04-14T20:19:37.237-0100: 1068.040: [GC (Allocation Failure) 
Desired survivor size 524288 bytes, new threshold 1 (max 15)
[PSYoungGen: 2304K->256K(2560K)] 11237K->9229K(13824K), 0.0010357 secs] [Times: user=0.00 sys=0.00, real=0.00 secs] 
2015-04-14T20:19:37.238-0100: 1068.041: Total time for which application threads were stopped: 0.0012359 seconds, Stopping threads took: 0.0000219 seconds
2015-04-14T20:19:38.039-0100: 1068.842: [GC (Allocation Failure) 
Desired survivor size 524288 bytes, new threshold 1 (max 15)
[PSYoungGen: 2304K->256K(2560K)] 11277K->9269K(13824K), 0.0010394 secs] [Times: user=0.00 sys=0.00, real=0.01 secs] 
2015-04-14T20:19:38.040-0100: 1068.843: Total time for which application threads were stopped: 0.0012336 seconds, Stopping threads took: 0.0000221 seconds
2015-04-14T20:19:38.760-0100: 1069.563: [GC (Allocation Failure) 
Desired survivor size 524288 bytes, new threshold 1 (max 15)
[PSYoungGen: 2304K->256K(2560K)] 11317K->9309K(13824K), 0.0010806 secs] [Times: user=0.01 sys=0.00, real=0.00 secs] 
2015-04-14T20:19:38.761-0100: 1069.564: Total time for which application threads were stopped: 0.0012765 seconds, Stopping threads took: 0.0000214 seconds
2015-04-14T20:19:39.661-0100: 1070.464: [GC (Allocation Failure) 
Desired survivor size 524288 bytes, new threshold 1 (max 15)
[PSYoungGen: 2304K->288K(2560K)] 11357K->9389K(13824K), 0.0010565 secs] [Times: user=0.00 sys=0.00, real=0.00 secs] 
2015-04-14T20:19:39.662-0100: 1070.465: Total time for which application threads were stopped: 0.0012546 seconds, Stopping threads took: 0.0000224 seconds
2015-04-14T20:19:40.347-0100: 1071.150: [GC (Allocation Failure) 
Desired survivor size 524288 bytes, new threshold 1 (max 15)
[PSYoungGen: 2336K->288K(2560K)] 11437K->9413K(13824K), 0.0009807 secs] [Times: user=0.01 sys=0.00, real=0.00 secs] 
2015-04-14T20:19:40.348-0100: 1071.151: Total time for which application threads were stopped: 0.0011571 seconds, Stopping threads took: 0.0000193 seconds
2015-04-14T20:19:41.049-0100: 1071.852: [GC (Allocation Failure) 
Desired survivor size 524288 bytes, new threshold 1 (max 15)
[PSYoungGen: 2336K->256K(2560K)] 11461K->9429K(13824K), 0.0010045 secs] [Times: user=0.01 sys=0.00, real=0.01 secs] 
2015-04-14T20:19:41.050-0100: 1071.853: Total time for which application threads were stopped: 0.0012118 seconds, Stopping threads took: 0.0000226 seconds
2015-04-14T20:19:41.807-0100: 1072.609: [GC (Allocation Failure) 
Desired survivor size 524288 bytes, new threshold 1 (max 15)
[PSYoungGen: 2304K->288K(2560K)] 11477K->9509K(13824K), 0.0009280 secs] [Times: user=0.00 sys=0.00, real=0.00 secs] 
2015-04-14T20:19:41.808-0100: 1072.610: Total time for which application threads were stopped: 0.0010955 seconds, Stopping threads took: 0.0000203 seconds
2015-04-14T20:19:42.570-0100: 1073.372: [GC (Allocation Failure) 
Desired survivor size 524288 bytes, new threshold 1 (max 15)
[PSYoungGen: 2336K->256K(2560K)] 11557K->9517K(13824K), 0.0010353 secs] [Times: user=0.00 sys=0.00, real=0.00 secs] 
2015-04-14T20:19:42.571-0100: 1073.373: Total time for which application threads were stopped: 0.0013040 seconds, Stopping threads took: 0.0001041 seconds
2015-04-14T20:19:43.258-0100: 1074.061: [GC (Allocation Failure) 
Desired survivor size 524288 bytes, new threshold 1 (max 15)
[PSYoungGen: 2304K->256K(2560K)] 11565K->9557K(13824K), 0.0009493 secs] [Times: user=0.00 sys=0.00, real=0.00 secs] 
2015-04-14T20:19:43.259-0100: 1074.062: Total time for which application threads were stopped: 0.0011224 seconds, Stopping threads took: 0.0000213 seconds
2015-04-14T20:19:43.893-0100: 1074.696: [GC (Allocation Failure) 
Desired survivor size 524288 bytes, new threshold 1 (max 15)
[PSYoungGen: 2304K->256K(2560K)] 11605K->9597K(13824K), 0.0009395 secs] [Times: user=0.01 sys=0.00, real=0.00 secs] 
2015-04-14T20:19:43.894-0100: 1074.697: Total time for which application threads were stopped: 0.0011263 seconds, Stopping threads took: 0.0000195 seconds
2015-04-14T20:19:44.560-0100: 1075.363: [GC (Allocation Failure) 
Desired survivor size 524288 bytes, new threshold 1 (max 15)
[PSYoungGen: 2304K->256K(2560K)] 11645K->9637K(13824K), 0.0010562 secs] [Times: user=0.00 sys=0.00, real=0.00 secs] 
2015-04-14T20:19:44.561-0100: 1075.364: Total time for which application threads were stopped: 0.0012467 seconds, Stopping threads took: 0.0000226 seconds
2015-04-14T20:19:45.247-0100: 1076.049: [GC (Allocation Failure) 
Desired survivor size 524288 bytes, new threshold 1 (max 15)
[PSYoungGen: 2304K->256K(2560K)] 11685K->9677K(13824K), 0.0009792 secs] [Times: user=0.00 sys=0.00, real=0.00 secs] 
2015-04-14T20:19:45.248-0100: 1076.050: Total time for which application threads were stopped: 0.0011460 seconds, Stopping threads took: 0.0000191 seconds
2015-04-14T20:19:45.902-0100: 1076.705: [GC (Allocation Failure) 
Desired survivor size 524288 bytes, new threshold 1 (max 15)
[PSYoungGen: 2304K->288K(2560K)] 11725K->9741K(13824K), 0.0009359 secs] [Times: user=0.00 sys=0.00, real=0.00 secs] 
2015-04-14T20:19:45.903-0100: 1076.706: Total time for which application threads were stopped: 0.0011004 seconds, Stopping threads took: 0.0000180 seconds
2015-04-14T20:19:46.602-0100: 1077.405: [GC (Allocation Failure) 
Desired survivor size 524288 bytes, new threshold 1 (max 15)
[PSYoungGen: 2336K->288K(2560K)] 11789K->9781K(13824K), 0.0010880 secs] [Times: user=0.00 sys=0.00, real=0.00 secs] 
2015-04-14T20:19:46.603-0100: 1077.406: Total time for which application threads were stopped: 0.0012814 seconds, Stopping threads took: 0.0000245 seconds
2015-04-14T20:19:47.361-0100: 1078.164: [GC (Allocation Failure) 
Desired survivor size 524288 bytes, new threshold 1 (max 15)
[PSYoungGen: 2336K->288K(2560K)] 11829K->9821K(13824K), 0.0009922 secs] [Times: user=0.00 sys=0.00, real=0.00 secs] 
2015-04-14T20:19:47.362-0100: 1078.165: Total time for which application threads were stopped: 0.0011618 seconds, Stopping threads took: 0.0000210 seconds
2015-04-14T20:19:47.994-0100: 1078.797: [GC (Allocation Failure) 
Desired survivor size 524288 bytes, new threshold 1 (max 15)
[PSYoungGen: 2336K->256K(2560K)] 11869K->9829K(13824K), 0.0010283 secs] [Times: user=0.00 sys=0.00, real=0.00 secs] 
2015-04-14T20:19:47.996-0100: 1078.798: Total time for which application threads were stopped: 0.0013145 seconds, Stopping threads took: 0.0000423 seconds
2015-04-14T20:19:48.673-0100: 1079.476: [GC (Allocation Failure) 
Desired survivor size 524288 bytes, new threshold 1 (max 15)
[PSYoungGen: 2304K->256K(2560K)] 11877K->9869K(13824K), 0.0010928 secs] [Times: user=0.00 sys=0.00, real=0.00 secs] 
2015-04-14T20:19:48.674-0100: 1079.477: Total time for which application threads were stopped: 0.0012856 seconds, Stopping threads took: 0.0000229 seconds
2015-04-14T20:19:49.441-0100: 1080.244: [GC (Allocation Failure) 
Desired survivor size 524288 bytes, new threshold 1 (max 15)
[PSYoungGen: 2304K->288K(2560K)] 11917K->9933K(13824K), 0.0011196 secs] [Times: user=0.00 sys=0.00, real=0.00 secs] 
2015-04-14T20:19:49.443-0100: 1080.245: Total time for which application threads were stopped: 0.0013365 seconds, Stopping threads took: 0.0000217 seconds
2015-04-14T20:19:50.178-0100: 1080.981: [GC (Allocation Failure) 
Desired survivor size 524288 bytes, new threshold 1 (max 15)
[PSYoungGen: 2336K->288K(2560K)] 11981K->9973K(13824K), 0.0010239 secs] [Times: user=0.00 sys=0.00, real=0.00 secs] 
2015-04-14T20:19:50.179-0100: 1080.982: Total time for which application threads were stopped: 0.0012111 seconds, Stopping threads took: 0.0000208 seconds
2015-04-14T20:19:50.829-0100: 1081.632: [GC (Allocation Failure) 
Desired survivor size 524288 bytes, new threshold 1 (max 15)
[PSYoungGen: 2336K->288K(2560K)] 12021K->10013K(13824K), 0.0010791 secs] [Times: user=0.00 sys=0.00, real=0.01 secs] 
2015-04-14T20:19:50.830-0100: 1081.633: Total time for which application threads were stopped: 0.0012959 seconds, Stopping threads took: 0.0000224 seconds
2015-04-14T20:19:51.600-0100: 1082.403: [GC (Allocation Failure) 
Desired survivor size 524288 bytes, new threshold 1 (max 15)
[PSYoungGen: 2336K->288K(2560K)] 12061K->10061K(13824K), 0.0009404 secs] [Times: user=0.00 sys=0.00, real=0.00 secs] 
2015-04-14T20:19:51.601-0100: 1082.404: Total time for which application threads were stopped: 0.0011199 seconds, Stopping threads took: 0.0000228 seconds
2015-04-14T20:19:52.386-0100: 1083.189: [GC (Allocation Failure) 
Desired survivor size 524288 bytes, new threshold 1 (max 15)
[PSYoungGen: 2336K->256K(2560K)] 12109K->10069K(13824K), 0.0010184 secs] [Times: user=0.01 sys=0.00, real=0.00 secs] 
2015-04-14T20:19:52.387-0100: 1083.190: Total time for which application threads were stopped: 0.0012171 seconds, Stopping threads took: 0.0000229 seconds
2015-04-14T20:19:53.194-0100: 1083.997: [GC (Allocation Failure) 
Desired survivor size 524288 bytes, new threshold 1 (max 15)
[PSYoungGen: 2304K->256K(2560K)] 12117K->10101K(13824K), 0.0010020 secs] [Times: user=0.01 sys=0.00, real=0.00 secs] 
2015-04-14T20:19:53.195-0100: 1083.998: Total time for which application threads were stopped: 0.0011852 seconds, Stopping threads took: 0.0000194 seconds
2015-04-14T20:19:53.671-0100: 1084.474: [GC (Allocation Failure) 
Desired survivor size 524288 bytes, new threshold 1 (max 15)
[PSYoungGen: 2304K->288K(2560K)] 12149K->10173K(13824K), 0.0009864 secs] [Times: user=0.01 sys=0.00, real=0.00 secs] 
2015-04-14T20:19:53.672-0100: 1084.475: Total time for which application threads were stopped: 0.0011574 seconds, Stopping threads took: 0.0000178 seconds
2015-04-14T20:19:54.509-0100: 1085.312: [GC (Allocation Failure) 
Desired survivor size 524288 bytes, new threshold 1 (max 15)
[PSYoungGen: 2336K->256K(2560K)] 12221K->10189K(13824K), 0.0010728 secs] [Times: user=0.00 sys=0.00, real=0.01 secs] 
2015-04-14T20:19:54.510-0100: 1085.313: Total time for which application threads were stopped: 0.0012753 seconds, Stopping threads took: 0.0000228 seconds
2015-04-14T20:19:55.262-0100: 1086.065: [GC (Allocation Failure) 
Desired survivor size 524288 bytes, new threshold 1 (max 15)
[PSYoungGen: 2304K->288K(2560K)] 12237K->10261K(13824K), 0.0011429 secs] [Times: user=0.00 sys=0.00, real=0.00 secs] 
2015-04-14T20:19:55.263-0100: 1086.066: Total time for which application threads were stopped: 0.0013397 seconds, Stopping threads took: 0.0000222 seconds
2015-04-14T20:19:56.090-0100: 1086.892: [GC (Allocation Failure) 
Desired survivor size 524288 bytes, new threshold 1 (max 15)
[PSYoungGen: 2336K->256K(2560K)] 12309K->10269K(13824K), 0.0011322 secs] [Times: user=0.00 sys=0.00, real=0.00 secs] 
2015-04-14T20:19:56.091-0100: 1086.894: Total time for which application threads were stopped: 0.0013432 seconds, Stopping threads took: 0.0000222 seconds
2015-04-14T20:19:56.815-0100: 1087.618: [GC (Allocation Failure) 
Desired survivor size 524288 bytes, new threshold 1 (max 15)
[PSYoungGen: 2304K->288K(2560K)] 12317K->10325K(13824K), 0.0010850 secs] [Times: user=0.00 sys=0.00, real=0.00 secs] 
2015-04-14T20:19:56.816-0100: 1087.619: Total time for which application threads were stopped: 0.0012774 seconds, Stopping threads took: 0.0000201 seconds
2015-04-14T20:19:57.586-0100: 1088.389: [GC (Allocation Failure) 
Desired survivor size 524288 bytes, new threshold 1 (max 15)
[PSYoungGen: 2336K->288K(2560K)] 12373K->10365K(13824K), 0.0011506 secs] [Times: user=0.00 sys=0.00, real=0.00 secs] 
2015-04-14T20:19:57.587-0100: 1088.390: Total time for which application threads were stopped: 0.0013444 seconds, Stopping threads took: 0.0000224 seconds
2015-04-14T20:19:58.320-0100: 1089.123: [GC (Allocation Failure) 
Desired survivor size 524288 bytes, new threshold 1 (max 15)
[PSYoungGen: 2336K->256K(2560K)] 12413K->10373K(13824K), 0.0010111 secs] [Times: user=0.01 sys=0.00, real=0.00 secs] 
2015-04-14T20:19:58.321-0100: 1089.124: Total time for which application threads were stopped: 0.0012025 seconds, Stopping threads took: 0.0000246 seconds
2015-04-14T20:19:59.120-0100: 1089.923: [GC (Allocation Failure) 
Desired survivor size 524288 bytes, new threshold 1 (max 15)
[PSYoungGen: 2304K->256K(2560K)] 12421K->10421K(13824K), 0.0012118 secs] [Times: user=0.01 sys=0.00, real=0.00 secs] 
2015-04-14T20:19:59.122-0100: 1089.925: Total time for which application threads were stopped: 0.0014873 seconds, Stopping threads took: 0.0000960 seconds
2015-04-14T20:19:59.915-0100: 1090.718: [GC (Allocation Failure) 
Desired survivor size 524288 bytes, new threshold 1 (max 15)
[PSYoungGen: 2304K->288K(2560K)] 12469K->10493K(13824K), 0.0009497 secs] [Times: user=0.00 sys=0.01, real=0.00 secs] 
2015-04-14T20:19:59.916-0100: 1090.719: Total time for which application threads were stopped: 0.0011333 seconds, Stopping threads took: 0.0000249 seconds
2015-04-14T20:20:00.679-0100: 1091.482: [GC (Allocation Failure) 
Desired survivor size 524288 bytes, new threshold 1 (max 15)
[PSYoungGen: 2336K->288K(2560K)] 12541K->10533K(13824K), 0.0010200 secs] [Times: user=0.01 sys=0.01, real=0.01 secs] 
2015-04-14T20:20:00.680-0100: 1091.483: Total time for which application threads were stopped: 0.0012157 seconds, Stopping threads took: 0.0000247 seconds
2015-04-14T20:20:01.279-0100: 1092.082: [GC (Allocation Failure) 
Desired survivor size 524288 bytes, new threshold 1 (max 15)
[PSYoungGen: 2336K->288K(2560K)] 12581K->10573K(13824K), 0.0010303 secs] [Times: user=0.01 sys=0.00, real=0.01 secs] 
2015-04-14T20:20:01.280-0100: 1092.083: Total time for which application threads were stopped: 0.0012136 seconds, Stopping threads took: 0.0000210 seconds
2015-04-14T20:20:02.099-0100: 1092.902: [GC (Allocation Failure) 
Desired survivor size 524288 bytes, new threshold 1 (max 15)
[PSYoungGen: 2336K->288K(2560K)] 12621K->10613K(13824K), 0.0010322 secs] [Times: user=0.00 sys=0.00, real=0.01 secs] 
2015-04-14T20:20:02.100-0100: 1092.903: Total time for which application threads were stopped: 0.0012471 seconds, Stopping threads took: 0.0000235 seconds
2015-04-14T20:20:02.914-0100: 1093.717: [GC (Allocation Failure) 
Desired survivor size 524288 bytes, new threshold 1 (max 15)
[PSYoungGen: 2336K->288K(2560K)] 12661K->10645K(13824K), 0.0007994 secs] [Times: user=0.00 sys=0.00, real=0.00 secs] 
2015-04-14T20:20:02.915-0100: 1093.718: Total time for which application threads were stopped: 0.0009381 seconds, Stopping threads took: 0.0000147 seconds
2015-04-14T20:20:03.638-0100: 1094.441: [GC (Allocation Failure) 
Desired survivor size 524288 bytes, new threshold 1 (max 15)
[PSYoungGen: 2336K->288K(2560K)] 12693K->10693K(13824K), 0.0010924 secs] [Times: user=0.00 sys=0.00, real=0.00 secs] 
2015-04-14T20:20:03.639-0100: 1094.442: Total time for which application threads were stopped: 0.0013082 seconds, Stopping threads took: 0.0000242 seconds
2015-04-14T20:20:04.195-0100: 1094.998: [GC (Allocation Failure) 
Desired survivor size 524288 bytes, new threshold 1 (max 15)
[PSYoungGen: 2336K->288K(2560K)] 12741K->10741K(13824K), 0.0011228 secs] [Times: user=0.00 sys=0.00, real=0.00 secs] 
2015-04-14T20:20:04.196-0100: 1094.999: Total time for which application threads were stopped: 0.0013424 seconds, Stopping threads took: 0.0000211 seconds
2015-04-14T20:20:04.915-0100: 1095.718: [GC (Allocation Failure) 
Desired survivor size 524288 bytes, new threshold 1 (max 15)
[PSYoungGen: 2336K->256K(2560K)] 12789K->10749K(13824K), 0.0009789 secs] [Times: user=0.00 sys=0.00, real=0.00 secs] 
2015-04-14T20:20:04.916-0100: 1095.719: Total time for which application threads were stopped: 0.0011975 seconds, Stopping threads took: 0.0000339 seconds
2015-04-14T20:20:05.277-0100: 1096.080: [GC (Allocation Failure) 
Desired survivor size 524288 bytes, new threshold 1 (max 15)
[PSYoungGen: 2304K->288K(2560K)] 12797K->10829K(13824K), 0.0009509 secs] [Times: user=0.00 sys=0.00, real=0.00 secs] 
2015-04-14T20:20:05.278-0100: 1096.081: Total time for which application threads were stopped: 0.0011142 seconds, Stopping threads took: 0.0000185 seconds
2015-04-14T20:20:06.165-0100: 1096.968: [GC (Allocation Failure) 
Desired survivor size 524288 bytes, new threshold 1 (max 15)
[PSYoungGen: 2336K->256K(2560K)] 12877K->10837K(13824K), 0.0009962 secs] [Times: user=0.00 sys=0.00, real=0.00 secs] 
2015-04-14T20:20:06.166-0100: 1096.969: Total time for which application threads were stopped: 0.0011800 seconds, Stopping threads took: 0.0000200 seconds
2015-04-14T20:20:06.578-0100: 1097.381: [GC (Allocation Failure) 
Desired survivor size 524288 bytes, new threshold 1 (max 15)
[PSYoungGen: 2304K->256K(2560K)] 12885K->10885K(13824K), 0.0011280 secs] [Times: user=0.00 sys=0.00, real=0.00 secs] 
2015-04-14T20:20:06.579-0100: 1097.382: Total time for which application threads were stopped: 0.0013365 seconds, Stopping threads took: 0.0000222 seconds
2015-04-14T20:20:07.184-0100: 1097.987: [GC (Allocation Failure) 
Desired survivor size 524288 bytes, new threshold 1 (max 15)
[PSYoungGen: 2304K->288K(2560K)] 12933K->10957K(13824K), 0.0009976 secs] [Times: user=0.01 sys=0.00, real=0.00 secs] 
2015-04-14T20:20:07.185-0100: 1097.988: Total time for which application threads were stopped: 0.0011810 seconds, Stopping threads took: 0.0000212 seconds
2015-04-14T20:20:07.850-0100: 1098.653: [GC (Allocation Failure) 
Desired survivor size 524288 bytes, new threshold 1 (max 15)
[PSYoungGen: 2336K->288K(2560K)] 13005K->10997K(13824K), 0.0010187 secs] [Times: user=0.00 sys=0.00, real=0.00 secs] 
2015-04-14T20:20:07.851-0100: 1098.654: Total time for which application threads were stopped: 0.0012162 seconds, Stopping threads took: 0.0000231 seconds
2015-04-14T20:20:08.286-0100: 1099.089: [GC (Allocation Failure) 
Desired survivor size 524288 bytes, new threshold 1 (max 15)
[PSYoungGen: 2336K->256K(2560K)] 13045K->11005K(13824K), 0.0009438 secs] [Times: user=0.01 sys=0.00, real=0.00 secs] 
2015-04-14T20:20:08.287-0100: 1099.090: Total time for which application threads were stopped: 0.0011231 seconds, Stopping threads took: 0.0000231 seconds
2015-04-14T20:20:09.172-0100: 1099.975: [GC (Allocation Failure) 
Desired survivor size 524288 bytes, new threshold 1 (max 15)
[PSYoungGen: 2304K->288K(2560K)] 13053K->11085K(13824K), 0.0010706 secs] [Times: user=0.00 sys=0.00, real=0.00 secs] 
2015-04-14T20:20:09.173-0100: 1099.976: Total time for which application threads were stopped: 0.0012626 seconds, Stopping threads took: 0.0000216 seconds
2015-04-14T20:20:09.940-0100: 1100.743: [GC (Allocation Failure) 
Desired survivor size 524288 bytes, new threshold 1 (max 15)
[PSYoungGen: 2336K->256K(2560K)] 13133K->11093K(13824K), 0.0011502 secs] [Times: user=0.00 sys=0.00, real=0.00 secs] 
2015-04-14T20:20:09.942-0100: 1100.745: Total time for which application threads were stopped: 0.0013523 seconds, Stopping threads took: 0.0000228 seconds
2015-04-14T20:20:10.502-0100: 1101.305: [GC (Allocation Failure) 
Desired survivor size 524288 bytes, new threshold 1 (max 15)
[PSYoungGen: 2304K->288K(2560K)] 13141K->11157K(13824K), 0.0010883 secs] [Times: user=0.01 sys=0.00, real=0.00 secs] 
2015-04-14T20:20:10.503-0100: 1101.306: Total time for which application threads were stopped: 0.0012834 seconds, Stopping threads took: 0.0000195 seconds
2015-04-14T20:20:11.165-0100: 1101.968: [GC (Allocation Failure) 
Desired survivor size 524288 bytes, new threshold 1 (max 15)
[PSYoungGen: 2336K->288K(2560K)] 13205K->11197K(13824K), 0.0009031 secs] [Times: user=0.00 sys=0.00, real=0.00 secs] 
2015-04-14T20:20:11.166-0100: 1101.969: Total time for which application threads were stopped: 0.0010677 seconds, Stopping threads took: 0.0000177 seconds
2015-04-14T20:20:11.662-0100: 1102.465: [GC (Allocation Failure) 
Desired survivor size 524288 bytes, new threshold 1 (max 15)
[PSYoungGen: 2336K->256K(2560K)] 13245K->11205K(13824K), 0.0010052 secs] [Times: user=0.00 sys=0.00, real=0.00 secs] 
2015-04-14T20:20:11.663-0100: 1102.466: Total time for which application threads were stopped: 0.0012035 seconds, Stopping threads took: 0.0000231 seconds
2015-04-14T20:20:12.448-0100: 1103.251: [GC (Allocation Failure) 
Desired survivor size 524288 bytes, new threshold 1 (max 15)
[PSYoungGen: 2304K->288K(2560K)] 13253K->11285K(13824K), 0.0009755 secs] [Times: user=0.01 sys=0.00, real=0.00 secs] 
2015-04-14T20:20:12.449-0100: 1103.252: Total time for which application threads were stopped: 0.0011801 seconds, Stopping threads took: 0.0000210 seconds
2015-04-14T20:20:13.165-0100: 1103.968: [GC (Allocation Failure) 
Desired survivor size 524288 bytes, new threshold 1 (max 15)
[PSYoungGen: 2336K->288K(2560K)] 13333K->11325K(13824K), 0.0008267 secs] [Times: user=0.00 sys=0.00, real=0.00 secs] 
2015-04-14T20:20:13.166-0100: 1103.969: Total time for which application threads were stopped: 0.0009751 seconds, Stopping threads took: 0.0000157 seconds
2015-04-14T20:20:13.699-0100: 1104.502: [GC (Allocation Failure) 
Desired survivor size 524288 bytes, new threshold 1 (max 15)
[PSYoungGen: 2336K->256K(2560K)] 13373K->11341K(13824K), 0.0011147 secs] [Times: user=0.01 sys=0.00, real=0.01 secs] 
2015-04-14T20:20:13.700-0100: 1104.504: Total time for which application threads were stopped: 0.0013012 seconds, Stopping threads took: 0.0000207 seconds
2015-04-14T20:20:14.489-0100: 1105.292: [GC (Allocation Failure) 
Desired survivor size 524288 bytes, new threshold 1 (max 15)
[PSYoungGen: 2304K->288K(2560K)] 13389K->11413K(13824K), 0.0010303 secs] [Times: user=0.01 sys=0.00, real=0.01 secs] 
2015-04-14T20:20:14.490-0100: 1105.293: Total time for which application threads were stopped: 0.0012205 seconds, Stopping threads took: 0.0000206 seconds
2015-04-14T20:20:15.165-0100: 1105.968: [GC (Allocation Failure) 
Desired survivor size 524288 bytes, new threshold 1 (max 15)
[PSYoungGen: 2336K->288K(2560K)] 13461K->11445K(13824K), 0.0009759 secs] [Times: user=0.00 sys=0.00, real=0.00 secs] 
2015-04-14T20:20:15.166-0100: 1105.969: Total time for which application threads were stopped: 0.0011481 seconds, Stopping threads took: 0.0000209 seconds
2015-04-14T20:20:15.807-0100: 1106.611: [GC (Allocation Failure) 
Desired survivor size 524288 bytes, new threshold 1 (max 15)
[PSYoungGen: 2336K->288K(2560K)] 13493K->11493K(13824K), 0.0011299 secs] [Times: user=0.00 sys=0.00, real=0.00 secs] 
2015-04-14T20:20:15.809-0100: 1106.612: Total time for which application threads were stopped: 0.0013276 seconds, Stopping threads took: 0.0000224 seconds
2015-04-14T20:20:16.459-0100: 1107.263: [GC (Allocation Failure) 
Desired survivor size 524288 bytes, new threshold 1 (max 15)
[PSYoungGen: 2336K->288K(2560K)] 13541K->11549K(13824K), 0.0008953 secs] [Times: user=0.01 sys=0.00, real=0.01 secs] 
2015-04-14T20:20:16.460-0100: 1107.264: [Full GC (Ergonomics) [PSYoungGen: 288K->0K(2560K)] [ParOldGen: 11261K->8352K(11264K)] 11549K->8352K(13824K), [Metaspace: 17881K->17881K(1064960K)], 0.0171415 secs] [Times: user=0.05 sys=0.00, real=0.01 secs] 
2015-04-14T20:20:16.478-0100: 1107.281: Total time for which application threads were stopped: 0.0182931 seconds, Stopping threads took: 0.0000209 seconds
2015-04-14T20:20:17.163-0100: 1107.966: [GC (Allocation Failure) 
Desired survivor size 524288 bytes, new threshold 1 (max 15)
[PSYoungGen: 2048K->288K(2560K)] 10400K->8640K(13824K), 0.0010624 secs] [Times: user=0.00 sys=0.00, real=0.00 secs] 
2015-04-14T20:20:17.164-0100: 1107.967: Total time for which application threads were stopped: 0.0012574 seconds, Stopping threads took: 0.0000217 seconds
2015-04-14T20:20:17.766-0100: 1108.569: [GC (Allocation Failure) 
Desired survivor size 524288 bytes, new threshold 1 (max 15)
[PSYoungGen: 2336K->288K(2560K)] 10688K->8680K(13824K), 0.0011007 secs] [Times: user=0.01 sys=0.00, real=0.00 secs] 
2015-04-14T20:20:17.767-0100: 1108.570: Total time for which application threads were stopped: 0.0012877 seconds, Stopping threads took: 0.0000222 seconds
2015-04-14T20:20:18.484-0100: 1109.287: [GC (Allocation Failure) 
Desired survivor size 524288 bytes, new threshold 1 (max 15)
[PSYoungGen: 2336K->256K(2560K)] 10728K->8680K(13824K), 0.0010064 secs] [Times: user=0.00 sys=0.00, real=0.00 secs] 
2015-04-14T20:20:18.485-0100: 1109.288: Total time for which application threads were stopped: 0.0011897 seconds, Stopping threads took: 0.0000226 seconds
2015-04-14T20:20:19.186-0100: 1109.990: [GC (Allocation Failure) 
Desired survivor size 524288 bytes, new threshold 1 (max 15)
[PSYoungGen: 2304K->288K(2560K)] 10728K->8752K(13824K), 0.0010860 secs] [Times: user=0.01 sys=0.00, real=0.00 secs] 
2015-04-14T20:20:19.187-0100: 1109.991: Total time for which application threads were stopped: 0.0012828 seconds, Stopping threads took: 0.0000211 seconds
2015-04-14T20:20:20.006-0100: 1110.809: [GC (Allocation Failure) 
Desired survivor size 524288 bytes, new threshold 1 (max 15)
[PSYoungGen: 2336K->256K(2560K)] 10800K->8752K(13824K), 0.0011110 secs] [Times: user=0.00 sys=0.00, real=0.00 secs] 
2015-04-14T20:20:20.007-0100: 1110.810: Total time for which application threads were stopped: 0.0013016 seconds, Stopping threads took: 0.0000236 seconds
2015-04-14T20:20:20.889-0100: 1111.692: [GC (Allocation Failure) 
Desired survivor size 524288 bytes, new threshold 1 (max 15)
[PSYoungGen: 2304K->256K(2560K)] 10800K->8792K(13824K), 0.0007898 secs] [Times: user=0.00 sys=0.00, real=0.01 secs] 
2015-04-14T20:20:20.890-0100: 1111.693: Total time for which application threads were stopped: 0.0009564 seconds, Stopping threads took: 0.0000164 seconds
2015-04-14T20:20:21.874-0100: 1112.678: [GC (Allocation Failure) 
Desired survivor size 524288 bytes, new threshold 1 (max 15)
[PSYoungGen: 2304K->288K(2560K)] 10840K->8872K(13824K), 0.0009930 secs] [Times: user=0.01 sys=0.00, real=0.00 secs] 
2015-04-14T20:20:21.875-0100: 1112.679: Total time for which application threads were stopped: 0.0011839 seconds, Stopping threads took: 0.0000266 seconds
2015-04-14T20:20:22.864-0100: 1113.667: [GC (Allocation Failure) 
Desired survivor size 524288 bytes, new threshold 1 (max 15)
[PSYoungGen: 2336K->192K(2560K)] 10920K->8800K(13824K), 0.0010731 secs] [Times: user=0.00 sys=0.00, real=0.00 secs] 
2015-04-14T20:20:22.865-0100: 1113.668: Total time for which application threads were stopped: 0.0012678 seconds, Stopping threads took: 0.0000179 seconds
2015-04-14T20:20:23.885-0100: 1114.688: [GC (Allocation Failure) 
Desired survivor size 524288 bytes, new threshold 1 (max 15)
[PSYoungGen: 2240K->256K(2560K)] 10848K->8896K(13824K), 0.0010949 secs] [Times: user=0.00 sys=0.00, real=0.00 secs] 
2015-04-14T20:20:23.886-0100: 1114.690: Total time for which application threads were stopped: 0.0012840 seconds, Stopping threads took: 0.0000226 seconds
2015-04-14T20:20:24.905-0100: 1115.708: [GC (Allocation Failure) 
Desired survivor size 524288 bytes, new threshold 1 (max 15)
[PSYoungGen: 2304K->256K(2560K)] 10944K->8928K(13824K), 0.0010585 secs] [Times: user=0.00 sys=0.00, real=0.00 secs] 
2015-04-14T20:20:24.906-0100: 1115.709: Total time for which application threads were stopped: 0.0012477 seconds, Stopping threads took: 0.0000217 seconds
2015-04-14T20:20:25.906-0100: 1116.709: [GC (Allocation Failure) 
Desired survivor size 524288 bytes, new threshold 1 (max 15)
[PSYoungGen: 2304K->256K(2560K)] 10976K->8960K(13824K), 0.0010510 secs] [Times: user=0.00 sys=0.00, real=0.00 secs] 
2015-04-14T20:20:25.907-0100: 1116.710: Total time for which application threads were stopped: 0.0012558 seconds, Stopping threads took: 0.0000246 seconds
2015-04-14T20:20:26.910-0100: 1117.713: [GC (Allocation Failure) 
Desired survivor size 524288 bytes, new threshold 1 (max 15)
[PSYoungGen: 2304K->256K(2560K)] 11008K->8984K(13824K), 0.0010876 secs] [Times: user=0.00 sys=0.00, real=0.00 secs] 
2015-04-14T20:20:26.911-0100: 1117.715: Total time for which application threads were stopped: 0.0012762 seconds, Stopping threads took: 0.0000225 seconds
2015-04-14T20:20:27.898-0100: 1118.702: [GC (Allocation Failure) 
Desired survivor size 524288 bytes, new threshold 1 (max 15)
[PSYoungGen: 2304K->256K(2560K)] 11032K->9008K(13824K), 0.0010448 secs] [Times: user=0.00 sys=0.00, real=0.00 secs] 
2015-04-14T20:20:27.899-0100: 1118.703: Total time for which application threads were stopped: 0.0012408 seconds, Stopping threads took: 0.0000232 seconds
2015-04-14T20:20:28.901-0100: 1119.704: [GC (Allocation Failure) 
Desired survivor size 524288 bytes, new threshold 1 (max 15)
[PSYoungGen: 2304K->288K(2560K)] 11056K->9072K(13824K), 0.0009696 secs] [Times: user=0.00 sys=0.00, real=0.00 secs] 
2015-04-14T20:20:28.902-0100: 1119.705: Total time for which application threads were stopped: 0.0011456 seconds, Stopping threads took: 0.0000174 seconds
2015-04-14T20:20:29.904-0100: 1120.708: [GC (Allocation Failure) 
Desired survivor size 524288 bytes, new threshold 1 (max 15)
[PSYoungGen: 2336K->256K(2560K)] 11120K->9072K(13824K), 0.0010239 secs] [Times: user=0.01 sys=0.00, real=0.00 secs] 
2015-04-14T20:20:29.905-0100: 1120.709: Total time for which application threads were stopped: 0.0012240 seconds, Stopping threads took: 0.0000230 seconds
2015-04-14T20:20:30.926-0100: 1121.729: [GC (Allocation Failure) 
Desired survivor size 524288 bytes, new threshold 1 (max 15)
[PSYoungGen: 2304K->288K(2560K)] 11120K->9136K(13824K), 0.0009048 secs] [Times: user=0.00 sys=0.00, real=0.00 secs] 
2015-04-14T20:20:30.927-0100: 1121.730: Total time for which application threads were stopped: 0.0010697 seconds, Stopping threads took: 0.0000193 seconds
2015-04-14T20:20:31.944-0100: 1122.747: [GC (Allocation Failure) 
Desired survivor size 524288 bytes, new threshold 1 (max 15)
[PSYoungGen: 2336K->288K(2560K)] 11184K->9152K(13824K), 0.0009805 secs] [Times: user=0.01 sys=0.00, real=0.00 secs] 
2015-04-14T20:20:31.945-0100: 1122.749: Total time for which application threads were stopped: 0.0011778 seconds, Stopping threads took: 0.0000220 seconds
2015-04-14T20:20:33.047-0100: 1123.851: [GC (Allocation Failure) 
Desired survivor size 524288 bytes, new threshold 1 (max 15)
[PSYoungGen: 2336K->256K(2560K)] 11200K->9144K(13824K), 0.0010015 secs] [Times: user=0.00 sys=0.00, real=0.00 secs] 
2015-04-14T20:20:33.048-0100: 1123.852: Total time for which application threads were stopped: 0.0011769 seconds, Stopping threads took: 0.0000215 seconds
2015-04-14T20:20:34.049-0100: 1124.853: [GC (Allocation Failure) 
Desired survivor size 524288 bytes, new threshold 1 (max 15)
[PSYoungGen: 2304K->160K(2560K)] 11192K->9056K(13824K), 0.0010996 secs] [Times: user=0.00 sys=0.00, real=0.01 secs] 
2015-04-14T20:20:34.050-0100: 1124.854: Total time for which application threads were stopped: 0.0012933 seconds, Stopping threads took: 0.0000222 seconds
2015-04-14T20:20:35.034-0100: 1125.838: [GC (Allocation Failure) 
Desired survivor size 524288 bytes, new threshold 1 (max 15)
[PSYoungGen: 2208K->256K(2560K)] 11104K->9184K(13824K), 0.0010807 secs] [Times: user=0.00 sys=0.00, real=0.00 secs] 
2015-04-14T20:20:35.035-0100: 1125.839: Total time for which application threads were stopped: 0.0012966 seconds, Stopping threads took: 0.0000267 seconds
2015-04-14T20:20:36.023-0100: 1126.827: [GC (Allocation Failure) 
Desired survivor size 524288 bytes, new threshold 1 (max 15)
[PSYoungGen: 2304K->256K(2560K)] 11232K->9224K(13824K), 0.0010999 secs] [Times: user=0.00 sys=0.00, real=0.00 secs] 
2015-04-14T20:20:36.025-0100: 1126.828: Total time for which application threads were stopped: 0.0012989 seconds, Stopping threads took: 0.0000223 seconds
2015-04-14T20:20:37.027-0100: 1127.830: [GC (Allocation Failure) 
Desired survivor size 524288 bytes, new threshold 1 (max 15)
[PSYoungGen: 2304K->288K(2560K)] 11272K->9288K(13824K), 0.0009958 secs] [Times: user=0.00 sys=0.00, real=0.00 secs] 
2015-04-14T20:20:37.028-0100: 1127.831: Total time for which application threads were stopped: 0.0011841 seconds, Stopping threads took: 0.0000226 seconds
2015-04-14T20:20:38.079-0100: 1128.882: [GC (Allocation Failure) 
Desired survivor size 524288 bytes, new threshold 1 (max 15)
[PSYoungGen: 2336K->256K(2560K)] 11336K->9288K(13824K), 0.0010428 secs] [Times: user=0.00 sys=0.00, real=0.01 secs] 
2015-04-14T20:20:38.080-0100: 1128.883: Total time for which application threads were stopped: 0.0012591 seconds, Stopping threads took: 0.0000228 seconds
2015-04-14T20:20:39.096-0100: 1129.900: [GC (Allocation Failure) 
Desired survivor size 524288 bytes, new threshold 1 (max 15)
[PSYoungGen: 2304K->224K(2560K)] 11336K->9280K(13824K), 0.0009873 secs] [Times: user=0.00 sys=0.00, real=0.00 secs] 
2015-04-14T20:20:39.097-0100: 1129.901: Total time for which application threads were stopped: 0.0012522 seconds, Stopping threads took: 0.0000357 seconds
2015-04-14T20:20:40.102-0100: 1130.906: [GC (Allocation Failure) 
Desired survivor size 524288 bytes, new threshold 1 (max 15)
[PSYoungGen: 2272K->256K(2560K)] 11328K->9336K(13824K), 0.0011059 secs] [Times: user=0.00 sys=0.00, real=0.00 secs] 
2015-04-14T20:20:40.103-0100: 1130.907: Total time for which application threads were stopped: 0.0013024 seconds, Stopping threads took: 0.0000233 seconds
2015-04-14T20:20:41.006-0100: 1131.810: [GC (Allocation Failure) 
Desired survivor size 524288 bytes, new threshold 1 (max 15)
[PSYoungGen: 2304K->288K(2560K)] 11384K->9400K(13824K), 0.0010028 secs] [Times: user=0.00 sys=0.00, real=0.00 secs] 
2015-04-14T20:20:41.007-0100: 1131.811: Total time for which application threads were stopped: 0.0011865 seconds, Stopping threads took: 0.0000236 seconds
2015-04-14T20:20:41.958-0100: 1132.761: [GC (Allocation Failure) 
Desired survivor size 524288 bytes, new threshold 1 (max 15)
[PSYoungGen: 2336K->288K(2560K)] 11448K->9432K(13824K), 0.0011378 secs] [Times: user=0.01 sys=0.00, real=0.00 secs] 
2015-04-14T20:20:41.959-0100: 1132.762: Total time for which application threads were stopped: 0.0013372 seconds, Stopping threads took: 0.0000224 seconds
2015-04-14T20:20:42.894-0100: 1133.697: [GC (Allocation Failure) 
Desired survivor size 524288 bytes, new threshold 1 (max 15)
[PSYoungGen: 2336K->288K(2560K)] 11480K->9456K(13824K), 0.0010811 secs] [Times: user=0.00 sys=0.00, real=0.00 secs] 
2015-04-14T20:20:42.895-0100: 1133.699: Total time for which application threads were stopped: 0.0012815 seconds, Stopping threads took: 0.0000249 seconds
2015-04-14T20:20:43.745-0100: 1134.549: [GC (Allocation Failure) 
Desired survivor size 524288 bytes, new threshold 1 (max 15)
[PSYoungGen: 2336K->256K(2560K)] 11504K->9448K(13824K), 0.0007523 secs] [Times: user=0.00 sys=0.00, real=0.00 secs] 
2015-04-14T20:20:43.746-0100: 1134.550: Total time for which application threads were stopped: 0.0008956 seconds, Stopping threads took: 0.0000157 seconds
2015-04-14T20:20:44.618-0100: 1135.421: [GC (Allocation Failure) 
Desired survivor size 524288 bytes, new threshold 1 (max 15)
[PSYoungGen: 2304K->256K(2560K)] 11496K->9472K(13824K), 0.0011137 secs] [Times: user=0.01 sys=0.00, real=0.00 secs] 
2015-04-14T20:20:44.619-0100: 1135.422: Total time for which application threads were stopped: 0.0013154 seconds, Stopping threads took: 0.0000239 seconds
2015-04-14T20:20:45.469-0100: 1136.272: [GC (Allocation Failure) 
Desired survivor size 524288 bytes, new threshold 1 (max 15)
[PSYoungGen: 2304K->256K(2560K)] 11520K->9504K(13824K), 0.0010276 secs] [Times: user=0.00 sys=0.00, real=0.01 secs] 
2015-04-14T20:20:45.470-0100: 1136.274: Total time for which application threads were stopped: 0.0012333 seconds, Stopping threads took: 0.0000231 seconds
2015-04-14T20:20:46.304-0100: 1137.108: [GC (Allocation Failure) 
Desired survivor size 524288 bytes, new threshold 1 (max 15)
[PSYoungGen: 2304K->256K(2560K)] 11552K->9544K(13824K), 0.0011120 secs] [Times: user=0.00 sys=0.00, real=0.00 secs] 
2015-04-14T20:20:46.306-0100: 1137.109: Total time for which application threads were stopped: 0.0013014 seconds, Stopping threads took: 0.0000224 seconds
2015-04-14T20:20:47.206-0100: 1138.010: [GC (Allocation Failure) 
Desired survivor size 524288 bytes, new threshold 1 (max 15)
[PSYoungGen: 2304K->256K(2560K)] 11592K->9584K(13824K), 0.0010774 secs] [Times: user=0.01 sys=0.00, real=0.00 secs] 
2015-04-14T20:20:47.208-0100: 1138.011: Total time for which application threads were stopped: 0.0012733 seconds, Stopping threads took: 0.0000218 seconds
2015-04-14T20:20:48.143-0100: 1138.947: [GC (Allocation Failure) 
Desired survivor size 524288 bytes, new threshold 1 (max 15)
[PSYoungGen: 2304K->256K(2560K)] 11632K->9616K(13824K), 0.0010270 secs] [Times: user=0.01 sys=0.00, real=0.00 secs] 
2015-04-14T20:20:48.144-0100: 1138.948: Total time for which application threads were stopped: 0.0012619 seconds, Stopping threads took: 0.0000223 seconds
2015-04-14T20:20:49.077-0100: 1139.880: [GC (Allocation Failure) 
Desired survivor size 524288 bytes, new threshold 1 (max 15)
[PSYoungGen: 2304K->256K(2560K)] 11664K->9640K(13824K), 0.0010859 secs] [Times: user=0.00 sys=0.00, real=0.00 secs] 
2015-04-14T20:20:49.078-0100: 1139.882: Total time for which application threads were stopped: 0.0012972 seconds, Stopping threads took: 0.0000238 seconds
2015-04-14T20:20:50.017-0100: 1140.821: [GC (Allocation Failure) 
Desired survivor size 524288 bytes, new threshold 1 (max 15)
[PSYoungGen: 2304K->288K(2560K)] 11688K->9696K(13824K), 0.0010116 secs] [Times: user=0.01 sys=0.00, real=0.00 secs] 
2015-04-14T20:20:50.018-0100: 1140.822: Total time for which application threads were stopped: 0.0012149 seconds, Stopping threads took: 0.0000233 seconds
2015-04-14T20:20:51.003-0100: 1141.807: [GC (Allocation Failure) 
Desired survivor size 524288 bytes, new threshold 1 (max 15)
[PSYoungGen: 2336K->256K(2560K)] 11744K->9688K(13824K), 0.0010672 secs] [Times: user=0.00 sys=0.00, real=0.00 secs] 
2015-04-14T20:20:51.004-0100: 1141.808: Total time for which application threads were stopped: 0.0012572 seconds, Stopping threads took: 0.0000221 seconds
2015-04-14T20:20:52.005-0100: 1142.809: [GC (Allocation Failure) 
Desired survivor size 524288 bytes, new threshold 1 (max 15)
[PSYoungGen: 2304K->288K(2560K)] 11736K->9768K(13824K), 0.0009633 secs] [Times: user=0.00 sys=0.00, real=0.00 secs] 
2015-04-14T20:20:52.006-0100: 1142.810: Total time for which application threads were stopped: 0.0011647 seconds, Stopping threads took: 0.0000202 seconds
2015-04-14T20:20:53.024-0100: 1143.828: [GC (Allocation Failure) 
Desired survivor size 524288 bytes, new threshold 1 (max 15)
[PSYoungGen: 2336K->256K(2560K)] 11816K->9776K(13824K), 0.0010977 secs] [Times: user=0.01 sys=0.00, real=0.00 secs] 
2015-04-14T20:20:53.025-0100: 1143.829: Total time for which application threads were stopped: 0.0013061 seconds, Stopping threads took: 0.0000253 seconds
2015-04-14T20:20:53.994-0100: 1144.798: [GC (Allocation Failure) 
Desired survivor size 524288 bytes, new threshold 1 (max 15)
[PSYoungGen: 2304K->224K(2560K)] 11824K->9784K(13824K), 0.0008244 secs] [Times: user=0.01 sys=0.00, real=0.00 secs] 
2015-04-14T20:20:53.995-0100: 1144.799: Total time for which application threads were stopped: 0.0009583 seconds, Stopping threads took: 0.0000146 seconds
2015-04-14T20:20:55.079-0100: 1145.883: [GC (Allocation Failure) 
Desired survivor size 524288 bytes, new threshold 1 (max 15)
[PSYoungGen: 2272K->256K(2560K)] 11832K->9840K(13824K), 0.0010639 secs] [Times: user=0.00 sys=0.01, real=0.01 secs] 
2015-04-14T20:20:55.080-0100: 1145.884: Total time for which application threads were stopped: 0.0012632 seconds, Stopping threads took: 0.0000264 seconds
2015-04-14T20:20:56.069-0100: 1146.873: [GC (Allocation Failure) 
Desired survivor size 524288 bytes, new threshold 1 (max 15)
[PSYoungGen: 2304K->288K(2560K)] 11888K->9896K(13824K), 0.0011514 secs] [Times: user=0.00 sys=0.00, real=0.01 secs] 
2015-04-14T20:20:56.070-0100: 1146.874: Total time for which application threads were stopped: 0.0013285 seconds, Stopping threads took: 0.0000211 seconds
2015-04-14T20:20:57.072-0100: 1147.876: [GC (Allocation Failure) 
Desired survivor size 524288 bytes, new threshold 1 (max 15)
[PSYoungGen: 2336K->288K(2560K)] 11944K->9928K(13824K), 0.0011025 secs] [Times: user=0.00 sys=0.01, real=0.00 secs] 
2015-04-14T20:20:57.073-0100: 1147.877: Total time for which application threads were stopped: 0.0013026 seconds, Stopping threads took: 0.0000229 seconds
2015-04-14T20:20:58.109-0100: 1148.913: [GC (Allocation Failure) 
Desired survivor size 524288 bytes, new threshold 1 (max 15)
[PSYoungGen: 2336K->256K(2560K)] 11976K->9928K(13824K), 0.0010493 secs] [Times: user=0.00 sys=0.00, real=0.01 secs] 
2015-04-14T20:20:58.110-0100: 1148.914: Total time for which application threads were stopped: 0.0012652 seconds, Stopping threads took: 0.0000221 seconds
2015-04-14T20:20:59.160-0100: 1149.964: [GC (Allocation Failure) 
Desired survivor size 524288 bytes, new threshold 1 (max 15)
[PSYoungGen: 2304K->256K(2560K)] 11976K->9960K(13824K), 0.0010963 secs] [Times: user=0.00 sys=0.00, real=0.00 secs] 
2015-04-14T20:20:59.161-0100: 1149.965: Total time for which application threads were stopped: 0.0013060 seconds, Stopping threads took: 0.0000269 seconds
2015-04-14T20:21:00.179-0100: 1150.983: [GC (Allocation Failure) 
Desired survivor size 524288 bytes, new threshold 1 (max 15)
[PSYoungGen: 2304K->256K(2560K)] 12008K->9992K(13824K), 0.0009532 secs] [Times: user=0.00 sys=0.00, real=0.01 secs] 
2015-04-14T20:21:00.180-0100: 1150.984: Total time for which application threads were stopped: 0.0011507 seconds, Stopping threads took: 0.0000258 seconds
2015-04-14T20:21:01.202-0100: 1152.006: [GC (Allocation Failure) 
Desired survivor size 524288 bytes, new threshold 1 (max 15)
[PSYoungGen: 2304K->256K(2560K)] 12040K->10024K(13824K), 0.0010424 secs] [Times: user=0.00 sys=0.00, real=0.00 secs] 
2015-04-14T20:21:01.203-0100: 1152.007: Total time for which application threads were stopped: 0.0012433 seconds, Stopping threads took: 0.0000236 seconds
2015-04-14T20:21:02.206-0100: 1153.010: [GC (Allocation Failure) 
Desired survivor size 524288 bytes, new threshold 1 (max 15)
[PSYoungGen: 2304K->288K(2560K)] 12072K->10088K(13824K), 0.0010200 secs] [Times: user=0.00 sys=0.00, real=0.00 secs] 
2015-04-14T20:21:02.207-0100: 1153.011: Total time for which application threads were stopped: 0.0011965 seconds, Stopping threads took: 0.0000195 seconds
2015-04-14T20:21:03.239-0100: 1154.043: [GC (Allocation Failure) 
Desired survivor size 524288 bytes, new threshold 1 (max 15)
[PSYoungGen: 2336K->256K(2560K)] 12136K->10088K(13824K), 0.0010285 secs] [Times: user=0.00 sys=0.00, real=0.01 secs] 
2015-04-14T20:21:03.240-0100: 1154.044: Total time for which application threads were stopped: 0.0012378 seconds, Stopping threads took: 0.0000237 seconds
2015-04-14T20:21:04.278-0100: 1155.082: [GC (Allocation Failure) 
Desired survivor size 524288 bytes, new threshold 1 (max 15)
[PSYoungGen: 2304K->288K(2560K)] 12136K->10152K(13824K), 0.0007673 secs] [Times: user=0.01 sys=0.00, real=0.00 secs] 
2015-04-14T20:21:04.279-0100: 1155.083: Total time for which application threads were stopped: 0.0009105 seconds, Stopping threads took: 0.0000161 seconds
2015-04-14T20:21:05.348-0100: 1156.152: [GC (Allocation Failure) 
Desired survivor size 524288 bytes, new threshold 1 (max 15)
[PSYoungGen: 2336K->288K(2560K)] 12200K->10176K(13824K), 0.0010333 secs] [Times: user=0.01 sys=0.00, real=0.00 secs] 
2015-04-14T20:21:05.349-0100: 1156.153: Total time for which application threads were stopped: 0.0012279 seconds, Stopping threads took: 0.0000223 seconds
2015-04-14T20:21:06.367-0100: 1157.171: Total time for which application threads were stopped: 0.0001073 seconds, Stopping threads took: 0.0000233 seconds
2015-04-14T20:21:06.367-0100: 1157.171: [GC (GCLocker Initiated GC) 
Desired survivor size 524288 bytes, new threshold 1 (max 15)
[PSYoungGen: 2336K->288K(2560K)] 12224K->10208K(13824K), 0.0009842 secs] [Times: user=0.00 sys=0.00, real=0.00 secs] 
2015-04-14T20:21:06.368-0100: 1157.172: Total time for which application threads were stopped: 0.0011342 seconds, Stopping threads took: 0.0000137 seconds
2015-04-14T20:21:07.403-0100: 1158.208: [GC (Allocation Failure) 
Desired survivor size 524288 bytes, new threshold 1 (max 15)
[PSYoungGen: 2336K->256K(2560K)] 12260K->10212K(13824K), 0.0012179 secs] [Times: user=0.01 sys=0.00, real=0.00 secs] 
2015-04-14T20:21:07.405-0100: 1158.209: Total time for which application threads were stopped: 0.0014610 seconds, Stopping threads took: 0.0000198 seconds
2015-04-14T20:21:08.423-0100: 1159.227: [GC (Allocation Failure) 
Desired survivor size 524288 bytes, new threshold 1 (max 15)
[PSYoungGen: 2304K->256K(2560K)] 12260K->10244K(13824K), 0.0010710 secs] [Times: user=0.00 sys=0.00, real=0.00 secs] 
2015-04-14T20:21:08.424-0100: 1159.228: Total time for which application threads were stopped: 0.0012757 seconds, Stopping threads took: 0.0000258 seconds
2015-04-14T20:21:09.429-0100: 1160.233: [GC (Allocation Failure) 
Desired survivor size 524288 bytes, new threshold 1 (max 15)
[PSYoungGen: 2304K->256K(2560K)] 12292K->10284K(13824K), 0.0010839 secs] [Times: user=0.00 sys=0.00, real=0.01 secs] 
2015-04-14T20:21:09.430-0100: 1160.234: Total time for which application threads were stopped: 0.0012626 seconds, Stopping threads took: 0.0000210 seconds
2015-04-14T20:21:10.431-0100: 1161.235: [GC (Allocation Failure) 
Desired survivor size 524288 bytes, new threshold 1 (max 15)
[PSYoungGen: 2304K->256K(2560K)] 12332K->10316K(13824K), 0.0010829 secs] [Times: user=0.00 sys=0.00, real=0.00 secs] 
2015-04-14T20:21:10.432-0100: 1161.236: Total time for which application threads were stopped: 0.0012652 seconds, Stopping threads took: 0.0000223 seconds
2015-04-14T20:21:11.470-0100: 1162.275: [GC (Allocation Failure) 
Desired survivor size 524288 bytes, new threshold 1 (max 15)
[PSYoungGen: 2304K->256K(2560K)] 12364K->10348K(13824K), 0.0010698 secs] [Times: user=0.01 sys=0.00, real=0.00 secs] 
2015-04-14T20:21:11.472-0100: 1162.276: Total time for which application threads were stopped: 0.0012486 seconds, Stopping threads took: 0.0000218 seconds
2015-04-14T20:21:12.487-0100: 1163.291: [GC (Allocation Failure) 
Desired survivor size 524288 bytes, new threshold 1 (max 15)
[PSYoungGen: 2304K->288K(2560K)] 12396K->10420K(13824K), 0.0010912 secs] [Times: user=0.00 sys=0.00, real=0.00 secs] 
2015-04-14T20:21:12.488-0100: 1163.292: Total time for which application threads were stopped: 0.0012991 seconds, Stopping threads took: 0.0000212 seconds
2015-04-14T20:21:13.490-0100: 1164.294: [GC (Allocation Failure) 
Desired survivor size 524288 bytes, new threshold 1 (max 15)
[PSYoungGen: 2336K->288K(2560K)] 12468K->10452K(13824K), 0.0009762 secs] [Times: user=0.00 sys=0.00, real=0.00 secs] 
2015-04-14T20:21:13.491-0100: 1164.295: Total time for which application threads were stopped: 0.0011576 seconds, Stopping threads took: 0.0000207 seconds
2015-04-14T20:21:14.477-0100: 1165.281: [GC (Allocation Failure) 
Desired survivor size 524288 bytes, new threshold 1 (max 15)
[PSYoungGen: 2336K->288K(2560K)] 12500K->10484K(13824K), 0.0008683 secs] [Times: user=0.00 sys=0.00, real=0.00 secs] 
2015-04-14T20:21:14.478-0100: 1165.282: Total time for which application threads were stopped: 0.0010462 seconds, Stopping threads took: 0.0000226 seconds
2015-04-14T20:21:15.494-0100: 1166.299: [GC (Allocation Failure) 
Desired survivor size 524288 bytes, new threshold 1 (max 15)
[PSYoungGen: 2336K->256K(2560K)] 12532K->10484K(13824K), 0.0007268 secs] [Times: user=0.00 sys=0.00, real=0.00 secs] 
2015-04-14T20:21:15.495-0100: 1166.299: Total time for which application threads were stopped: 0.0008653 seconds, Stopping threads took: 0.0000158 seconds
2015-04-14T20:21:16.500-0100: 1167.304: [GC (Allocation Failure) 
Desired survivor size 524288 bytes, new threshold 1 (max 15)
[PSYoungGen: 2304K->256K(2560K)] 12532K->10500K(13824K), 0.0010436 secs] [Times: user=0.01 sys=0.00, real=0.00 secs] 
2015-04-14T20:21:16.501-0100: 1167.305: Total time for which application threads were stopped: 0.0012292 seconds, Stopping threads took: 0.0000214 seconds
2015-04-14T20:21:17.521-0100: 1168.325: [GC (Allocation Failure) 
Desired survivor size 524288 bytes, new threshold 1 (max 15)
[PSYoungGen: 2304K->256K(2560K)] 12548K->10524K(13824K), 0.0010560 secs] [Times: user=0.01 sys=0.00, real=0.00 secs] 
2015-04-14T20:21:17.522-0100: 1168.326: Total time for which application threads were stopped: 0.0012570 seconds, Stopping threads took: 0.0000229 seconds
2015-04-14T20:21:18.538-0100: 1169.342: [GC (Allocation Failure) 
Desired survivor size 524288 bytes, new threshold 1 (max 15)
[PSYoungGen: 2304K->256K(2560K)] 12572K->10548K(13824K), 0.0007659 secs] [Times: user=0.00 sys=0.00, real=0.00 secs] 
2015-04-14T20:21:18.539-0100: 1169.343: Total time for which application threads were stopped: 0.0009084 seconds, Stopping threads took: 0.0000158 seconds
2015-04-14T20:21:19.559-0100: 1170.363: [GC (Allocation Failure) 
Desired survivor size 524288 bytes, new threshold 1 (max 15)
[PSYoungGen: 2304K->256K(2560K)] 12596K->10572K(13824K), 0.0009321 secs] [Times: user=0.00 sys=0.00, real=0.01 secs] 
2015-04-14T20:21:19.560-0100: 1170.364: Total time for which application threads were stopped: 0.0011147 seconds, Stopping threads took: 0.0000209 seconds
2015-04-14T20:21:20.575-0100: 1171.380: [GC (Allocation Failure) 
Desired survivor size 524288 bytes, new threshold 1 (max 15)
[PSYoungGen: 2304K->256K(2560K)] 12620K->10596K(13824K), 0.0009194 secs] [Times: user=0.00 sys=0.00, real=0.00 secs] 
2015-04-14T20:21:20.576-0100: 1171.381: Total time for which application threads were stopped: 0.0010860 seconds, Stopping threads took: 0.0000232 seconds
2015-04-14T20:21:21.600-0100: 1172.404: [GC (Allocation Failure) 
Desired survivor size 524288 bytes, new threshold 1 (max 15)
[PSYoungGen: 2304K->288K(2560K)] 12644K->10660K(13824K), 0.0011668 secs] [Times: user=0.01 sys=0.00, real=0.00 secs] 
2015-04-14T20:21:21.601-0100: 1172.405: Total time for which application threads were stopped: 0.0014401 seconds, Stopping threads took: 0.0000207 seconds
2015-04-14T20:21:22.618-0100: 1173.422: [GC (Allocation Failure) 
Desired survivor size 524288 bytes, new threshold 1 (max 15)
[PSYoungGen: 2336K->288K(2560K)] 12708K->10684K(13824K), 0.0009145 secs] [Times: user=0.00 sys=0.00, real=0.00 secs] 
2015-04-14T20:21:22.619-0100: 1173.423: Total time for which application threads were stopped: 0.0010862 seconds, Stopping threads took: 0.0000191 seconds
2015-04-14T20:21:23.707-0100: 1174.511: [GC (Allocation Failure) 
Desired survivor size 524288 bytes, new threshold 1 (max 15)
[PSYoungGen: 2336K->256K(2560K)] 12732K->10684K(13824K), 0.0011146 secs] [Times: user=0.00 sys=0.00, real=0.00 secs] 
2015-04-14T20:21:23.708-0100: 1174.512: Total time for which application threads were stopped: 0.0013006 seconds, Stopping threads took: 0.0000204 seconds
2015-04-14T20:21:24.739-0100: 1175.543: [GC (Allocation Failure) 
Desired survivor size 524288 bytes, new threshold 1 (max 15)
[PSYoungGen: 2304K->288K(2560K)] 12732K->10748K(13824K), 0.0010264 secs] [Times: user=0.00 sys=0.00, real=0.01 secs] 
2015-04-14T20:21:24.740-0100: 1175.544: Total time for which application threads were stopped: 0.0012172 seconds, Stopping threads took: 0.0000269 seconds
2015-04-14T20:21:25.747-0100: 1176.551: [GC (Allocation Failure) 
Desired survivor size 524288 bytes, new threshold 1 (max 15)
[PSYoungGen: 2336K->288K(2560K)] 12796K->10788K(13824K), 0.0011098 secs] [Times: user=0.01 sys=0.00, real=0.00 secs] 
2015-04-14T20:21:25.748-0100: 1176.552: Total time for which application threads were stopped: 0.0013021 seconds, Stopping threads took: 0.0000216 seconds
2015-04-14T20:21:26.765-0100: 1177.570: [GC (Allocation Failure) 
Desired survivor size 524288 bytes, new threshold 1 (max 15)
[PSYoungGen: 2336K->256K(2560K)] 12836K->10788K(13824K), 0.0010272 secs] [Times: user=0.00 sys=0.00, real=0.00 secs] 
2015-04-14T20:21:26.766-0100: 1177.571: Total time for which application threads were stopped: 0.0012189 seconds, Stopping threads took: 0.0000192 seconds
2015-04-14T20:21:27.800-0100: 1178.605: [GC (Allocation Failure) 
Desired survivor size 524288 bytes, new threshold 1 (max 15)
[PSYoungGen: 2304K->256K(2560K)] 12836K->10820K(13824K), 0.0007948 secs] [Times: user=0.01 sys=0.00, real=0.00 secs] 
2015-04-14T20:21:27.801-0100: 1178.606: Total time for which application threads were stopped: 0.0009342 seconds, Stopping threads took: 0.0000150 seconds
2015-04-14T20:21:28.829-0100: 1179.634: [GC (Allocation Failure) 
Desired survivor size 524288 bytes, new threshold 1 (max 15)
[PSYoungGen: 2304K->256K(2560K)] 12868K->10852K(13824K), 0.0010860 secs] [Times: user=0.00 sys=0.00, real=0.01 secs] 
2015-04-14T20:21:28.830-0100: 1179.635: Total time for which application threads were stopped: 0.0013092 seconds, Stopping threads took: 0.0000236 seconds
2015-04-14T20:21:29.826-0100: 1180.631: [GC (Allocation Failure) 
Desired survivor size 524288 bytes, new threshold 1 (max 15)
[PSYoungGen: 2304K->256K(2560K)] 12900K->10892K(13824K), 0.0010782 secs] [Times: user=0.01 sys=0.00, real=0.00 secs] 
2015-04-14T20:21:29.828-0100: 1180.632: Total time for which application threads were stopped: 0.0013038 seconds, Stopping threads took: 0.0000202 seconds
2015-04-14T20:21:30.828-0100: 1181.633: [GC (Allocation Failure) 
Desired survivor size 524288 bytes, new threshold 1 (max 15)
[PSYoungGen: 2304K->288K(2560K)] 12940K->10964K(13824K), 0.0010261 secs] [Times: user=0.01 sys=0.00, real=0.00 secs] 
2015-04-14T20:21:30.829-0100: 1181.634: Total time for which application threads were stopped: 0.0012136 seconds, Stopping threads took: 0.0000218 seconds
2015-04-14T20:21:31.831-0100: 1182.635: [GC (Allocation Failure) 
Desired survivor size 524288 bytes, new threshold 1 (max 15)
[PSYoungGen: 2336K->256K(2560K)] 13012K->10964K(13824K), 0.0011256 secs] [Times: user=0.01 sys=0.00, real=0.00 secs] 
2015-04-14T20:21:31.832-0100: 1182.636: Total time for which application threads were stopped: 0.0013307 seconds, Stopping threads took: 0.0000239 seconds
2015-04-14T20:21:32.898-0100: 1183.702: [GC (Allocation Failure) 
Desired survivor size 524288 bytes, new threshold 1 (max 15)
[PSYoungGen: 2304K->288K(2560K)] 13012K->11036K(13824K), 0.0011063 secs] [Times: user=0.00 sys=0.00, real=0.00 secs] 
2015-04-14T20:21:32.899-0100: 1183.703: Total time for which application threads were stopped: 0.0013106 seconds, Stopping threads took: 0.0000281 seconds
2015-04-14T20:21:33.939-0100: 1184.743: [GC (Allocation Failure) 
Desired survivor size 524288 bytes, new threshold 1 (max 15)
[PSYoungGen: 2336K->288K(2560K)] 13084K->11068K(13824K), 0.0010141 secs] [Times: user=0.00 sys=0.00, real=0.01 secs] 
2015-04-14T20:21:33.940-0100: 1184.744: Total time for which application threads were stopped: 0.0012101 seconds, Stopping threads took: 0.0000231 seconds
2015-04-14T20:21:34.941-0100: 1185.745: [GC (Allocation Failure) 
Desired survivor size 524288 bytes, new threshold 1 (max 15)
[PSYoungGen: 2336K->256K(2560K)] 13116K->11052K(13824K), 0.0009900 secs] [Times: user=0.00 sys=0.00, real=0.00 secs] 
2015-04-14T20:21:34.942-0100: 1185.746: Total time for which application threads were stopped: 0.0011618 seconds, Stopping threads took: 0.0000199 seconds
2015-04-14T20:21:35.959-0100: 1186.764: [GC (Allocation Failure) 
Desired survivor size 524288 bytes, new threshold 1 (max 15)
[PSYoungGen: 2304K->256K(2560K)] 13100K->11076K(13824K), 0.0009475 secs] [Times: user=0.01 sys=0.00, real=0.01 secs] 
2015-04-14T20:21:35.960-0100: 1186.765: Total time for which application threads were stopped: 0.0011168 seconds, Stopping threads took: 0.0000203 seconds
2015-04-14T20:21:36.962-0100: 1187.767: [GC (Allocation Failure) 
Desired survivor size 524288 bytes, new threshold 1 (max 15)
[PSYoungGen: 2304K->288K(2560K)] 13124K->11140K(13824K), 0.0010830 secs] [Times: user=0.01 sys=0.00, real=0.00 secs] 
2015-04-14T20:21:36.963-0100: 1187.768: Total time for which application threads were stopped: 0.0013001 seconds, Stopping threads took: 0.0000273 seconds
2015-04-14T20:21:37.984-0100: 1188.788: Total time for which application threads were stopped: 0.0001177 seconds, Stopping threads took: 0.0000209 seconds
2015-04-14T20:21:37.984-0100: 1188.789: [GC (GCLocker Initiated GC) 
Desired survivor size 524288 bytes, new threshold 1 (max 15)
[PSYoungGen: 2336K->256K(2560K)] 13188K->11132K(13824K), 0.0008978 secs] [Times: user=0.00 sys=0.00, real=0.00 secs] 
2015-04-14T20:21:37.985-0100: 1188.790: Total time for which application threads were stopped: 0.0010677 seconds, Stopping threads took: 0.0000364 seconds
2015-04-14T20:21:39.071-0100: 1189.876: [GC (Allocation Failure) 
Desired survivor size 524288 bytes, new threshold 1 (max 15)
[PSYoungGen: 2304K->256K(2560K)] 13183K->11167K(13824K), 0.0010721 secs] [Times: user=0.00 sys=0.00, real=0.00 secs] 
2015-04-14T20:21:39.072-0100: 1189.877: Total time for which application threads were stopped: 0.0012716 seconds, Stopping threads took: 0.0000227 seconds
2015-04-14T20:21:40.074-0100: 1190.879: [GC (Allocation Failure) 
Desired survivor size 524288 bytes, new threshold 1 (max 15)
[PSYoungGen: 2304K->256K(2560K)] 13215K->11175K(13824K), 0.0010618 secs] [Times: user=0.01 sys=0.00, real=0.00 secs] 
2015-04-14T20:21:40.075-0100: 1190.880: Total time for which application threads were stopped: 0.0012564 seconds, Stopping threads took: 0.0000222 seconds
2015-04-14T20:21:40.978-0100: 1191.783: [GC (Allocation Failure) 
Desired survivor size 524288 bytes, new threshold 1 (max 15)
[PSYoungGen: 2304K->288K(2560K)] 13223K->11247K(13824K), 0.0010993 secs] [Times: user=0.01 sys=0.00, real=0.00 secs] 
2015-04-14T20:21:40.979-0100: 1191.784: Total time for which application threads were stopped: 0.0012969 seconds, Stopping threads took: 0.0000228 seconds
2015-04-14T20:21:41.896-0100: 1192.701: [GC (Allocation Failure) 
Desired survivor size 524288 bytes, new threshold 1 (max 15)
[PSYoungGen: 2336K->256K(2560K)] 13295K->11247K(13824K), 0.0010573 secs] [Times: user=0.01 sys=0.00, real=0.00 secs] 
2015-04-14T20:21:41.897-0100: 1192.702: Total time for which application threads were stopped: 0.0012539 seconds, Stopping threads took: 0.0000232 seconds
2015-04-14T20:21:42.800-0100: 1193.605: [GC (Allocation Failure) 
Desired survivor size 524288 bytes, new threshold 1 (max 15)
[PSYoungGen: 2304K->256K(2560K)] 13295K->11271K(13824K), 0.0010911 secs] [Times: user=0.01 sys=0.00, real=0.00 secs] 
2015-04-14T20:21:42.801-0100: 1193.606: Total time for which application threads were stopped: 0.0012836 seconds, Stopping threads took: 0.0000215 seconds
2015-04-14T20:21:43.650-0100: 1194.455: [GC (Allocation Failure) 
Desired survivor size 524288 bytes, new threshold 1 (max 15)
[PSYoungGen: 2304K->256K(2560K)] 13319K->11303K(13824K), 0.0011312 secs] [Times: user=0.00 sys=0.00, real=0.00 secs] 
2015-04-14T20:21:43.651-0100: 1194.456: Total time for which application threads were stopped: 0.0013318 seconds, Stopping threads took: 0.0000253 seconds
2015-04-14T20:21:44.519-0100: 1195.323: [GC (Allocation Failure) 
Desired survivor size 524288 bytes, new threshold 1 (max 15)
[PSYoungGen: 2304K->256K(2560K)] 13351K->11327K(13824K), 0.0010497 secs] [Times: user=0.00 sys=0.00, real=0.01 secs] 
2015-04-14T20:21:44.520-0100: 1195.324: Total time for which application threads were stopped: 0.0012414 seconds, Stopping threads took: 0.0000235 seconds
2015-04-14T20:21:45.422-0100: 1196.227: [GC (Allocation Failure) 
Desired survivor size 524288 bytes, new threshold 1 (max 15)
[PSYoungGen: 2304K->256K(2560K)] 13375K->11359K(13824K), 0.0011509 secs] [Times: user=0.00 sys=0.00, real=0.00 secs] 
2015-04-14T20:21:45.424-0100: 1196.228: Total time for which application threads were stopped: 0.0013358 seconds, Stopping threads took: 0.0000207 seconds
2015-04-14T20:21:46.244-0100: 1197.049: [GC (Allocation Failure) 
Desired survivor size 524288 bytes, new threshold 1 (max 15)
[PSYoungGen: 2304K->288K(2560K)] 13407K->11423K(13824K), 0.0010460 secs] [Times: user=0.01 sys=0.00, real=0.00 secs] 
2015-04-14T20:21:46.245-0100: 1197.050: Total time for which application threads were stopped: 0.0012247 seconds, Stopping threads took: 0.0000228 seconds
2015-04-14T20:21:47.096-0100: 1197.901: [GC (Allocation Failure) 
Desired survivor size 524288 bytes, new threshold 1 (max 15)
[PSYoungGen: 2336K->288K(2560K)] 13471K->11455K(13824K), 0.0010407 secs] [Times: user=0.00 sys=0.00, real=0.00 secs] 
2015-04-14T20:21:47.097-0100: 1197.902: Total time for which application threads were stopped: 0.0012285 seconds, Stopping threads took: 0.0000222 seconds
2015-04-14T20:21:47.997-0100: 1198.802: [GC (Allocation Failure) 
Desired survivor size 524288 bytes, new threshold 1 (max 15)
[PSYoungGen: 2336K->288K(2560K)] 13503K->11495K(13824K), 0.0010392 secs] [Times: user=0.01 sys=0.00, real=0.00 secs] 
2015-04-14T20:21:47.998-0100: 1198.803: Total time for which application threads were stopped: 0.0012270 seconds, Stopping threads took: 0.0000209 seconds
2015-04-14T20:21:48.901-0100: 1199.705: [GC (Allocation Failure) 
Desired survivor size 524288 bytes, new threshold 1 (max 15)
[PSYoungGen: 2336K->288K(2560K)] 13543K->11527K(13824K), 0.0009187 secs] [Times: user=0.00 sys=0.00, real=0.00 secs] 
2015-04-14T20:21:48.902-0100: 1199.706: [Full GC (Ergonomics) [PSYoungGen: 288K->0K(2560K)] [ParOldGen: 11239K->8371K(11264K)] 11527K->8371K(13824K), [Metaspace: 17882K->17882K(1064960K)], 0.0169250 secs] [Times: user=0.05 sys=0.00, real=0.01 secs] 
2015-04-14T20:21:48.919-0100: 1199.723: Total time for which application threads were stopped: 0.0181891 seconds, Stopping threads took: 0.0000182 seconds
2015-04-14T20:21:49.837-0100: 1200.642: [GC (Allocation Failure) 
Desired survivor size 524288 bytes, new threshold 1 (max 15)
[PSYoungGen: 2048K->256K(2560K)] 10419K->8627K(13824K), 0.0010483 secs] [Times: user=0.00 sys=0.00, real=0.00 secs] 
2015-04-14T20:21:49.838-0100: 1200.643: Total time for which application threads were stopped: 0.0012465 seconds, Stopping threads took: 0.0000233 seconds
2015-04-14T20:21:50.804-0100: 1201.608: [GC (Allocation Failure) 
Desired survivor size 524288 bytes, new threshold 1 (max 15)
[PSYoungGen: 2304K->288K(2560K)] 10675K->8683K(13824K), 0.0010760 secs] [Times: user=0.01 sys=0.00, real=0.00 secs] 
2015-04-14T20:21:50.805-0100: 1201.610: Total time for which application threads were stopped: 0.0012785 seconds, Stopping threads took: 0.0000234 seconds
2015-04-14T20:21:51.828-0100: 1202.633: [GC (Allocation Failure) 
Desired survivor size 524288 bytes, new threshold 1 (max 15)
[PSYoungGen: 2336K->288K(2560K)] 10731K->8723K(13824K), 0.0010730 secs] [Times: user=0.00 sys=0.00, real=0.00 secs] 
2015-04-14T20:21:51.829-0100: 1202.634: Total time for which application threads were stopped: 0.0012561 seconds, Stopping threads took: 0.0000228 seconds
2015-04-14T20:21:52.845-0100: 1203.650: [GC (Allocation Failure) 
Desired survivor size 524288 bytes, new threshold 1 (max 15)
[PSYoungGen: 2336K->224K(2560K)] 10771K->8691K(13824K), 0.0010291 secs] [Times: user=0.00 sys=0.00, real=0.00 secs] 
2015-04-14T20:21:52.846-0100: 1203.651: Total time for which application threads were stopped: 0.0012355 seconds, Stopping threads took: 0.0000373 seconds
2015-04-14T20:21:53.880-0100: 1204.685: [GC (Allocation Failure) 
Desired survivor size 524288 bytes, new threshold 1 (max 15)
[PSYoungGen: 2272K->256K(2560K)] 10739K->8755K(13824K), 0.0010382 secs] [Times: user=0.00 sys=0.00, real=0.00 secs] 
2015-04-14T20:21:53.881-0100: 1204.686: Total time for which application threads were stopped: 0.0012345 seconds, Stopping threads took: 0.0000223 seconds
2015-04-14T20:21:54.888-0100: 1205.693: [GC (Allocation Failure) 
Desired survivor size 524288 bytes, new threshold 1 (max 15)
[PSYoungGen: 2304K->224K(2560K)] 10803K->8747K(13824K), 0.0010266 secs] [Times: user=0.01 sys=0.00, real=0.00 secs] 
2015-04-14T20:21:54.889-0100: 1205.694: Total time for which application threads were stopped: 0.0012244 seconds, Stopping threads took: 0.0000219 seconds
2015-04-14T20:21:55.920-0100: 1206.725: [GC (Allocation Failure) 
Desired survivor size 524288 bytes, new threshold 1 (max 15)
[PSYoungGen: 2272K->256K(2560K)] 10795K->8803K(13824K), 0.0010497 secs] [Times: user=0.01 sys=0.00, real=0.00 secs] 
2015-04-14T20:21:55.921-0100: 1206.726: Total time for which application threads were stopped: 0.0012660 seconds, Stopping threads took: 0.0000274 seconds
2015-04-14T20:21:56.894-0100: 1207.699: [GC (Allocation Failure) 
Desired survivor size 524288 bytes, new threshold 1 (max 15)
[PSYoungGen: 2304K->256K(2560K)] 10851K->8835K(13824K), 0.0010523 secs] [Times: user=0.01 sys=0.00, real=0.00 secs] 
2015-04-14T20:21:56.895-0100: 1207.700: Total time for which application threads were stopped: 0.0012507 seconds, Stopping threads took: 0.0000230 seconds
2015-04-14T20:21:57.897-0100: 1208.702: [GC (Allocation Failure) 
Desired survivor size 524288 bytes, new threshold 1 (max 15)
[PSYoungGen: 2304K->288K(2560K)] 10883K->8899K(13824K), 0.0010016 secs] [Times: user=0.01 sys=0.00, real=0.00 secs] 
2015-04-14T20:21:57.899-0100: 1208.703: Total time for which application threads were stopped: 0.0011914 seconds, Stopping threads took: 0.0000221 seconds
2015-04-14T20:21:58.932-0100: 1209.737: [GC (Allocation Failure) 
Desired survivor size 524288 bytes, new threshold 1 (max 15)
[PSYoungGen: 2336K->224K(2560K)] 10947K->8867K(13824K), 0.0009018 secs] [Times: user=0.01 sys=0.00, real=0.00 secs] 
2015-04-14T20:21:58.933-0100: 1209.738: Total time for which application threads were stopped: 0.0010741 seconds, Stopping threads took: 0.0000186 seconds
2015-04-14T20:21:59.967-0100: 1210.772: [GC (Allocation Failure) 
Desired survivor size 524288 bytes, new threshold 1 (max 15)
[PSYoungGen: 2272K->288K(2560K)] 10915K->8971K(13824K), 0.0010888 secs] [Times: user=0.00 sys=0.00, real=0.00 secs] 
2015-04-14T20:21:59.968-0100: 1210.773: Total time for which application threads were stopped: 0.0012982 seconds, Stopping threads took: 0.0000254 seconds
2015-04-14T20:22:00.956-0100: 1211.761: [GC (Allocation Failure) 
Desired survivor size 524288 bytes, new threshold 1 (max 15)
[PSYoungGen: 2336K->288K(2560K)] 11019K->9003K(13824K), 0.0008764 secs] [Times: user=0.00 sys=0.00, real=0.00 secs] 
2015-04-14T20:22:00.957-0100: 1211.762: Total time for which application threads were stopped: 0.0010473 seconds, Stopping threads took: 0.0000183 seconds
2015-04-14T20:22:01.975-0100: 1212.780: [GC (Allocation Failure) 
Desired survivor size 524288 bytes, new threshold 1 (max 15)
[PSYoungGen: 2336K->256K(2560K)] 11051K->9011K(13824K), 0.0010822 secs] [Times: user=0.00 sys=0.00, real=0.00 secs] 
2015-04-14T20:22:01.976-0100: 1212.781: Total time for which application threads were stopped: 0.0012816 seconds, Stopping threads took: 0.0000213 seconds
2015-04-14T20:22:02.980-0100: 1213.785: [GC (Allocation Failure) 
Desired survivor size 524288 bytes, new threshold 1 (max 15)
[PSYoungGen: 2304K->256K(2560K)] 11059K->9043K(13824K), 0.0009766 secs] [Times: user=0.00 sys=0.00, real=0.00 secs] 
2015-04-14T20:22:02.981-0100: 1213.786: Total time for which application threads were stopped: 0.0011530 seconds, Stopping threads took: 0.0000213 seconds
2015-04-14T20:22:03.995-0100: 1214.800: [GC (Allocation Failure) 
Desired survivor size 524288 bytes, new threshold 1 (max 15)
[PSYoungGen: 2304K->256K(2560K)] 11091K->9067K(13824K), 0.0010002 secs] [Times: user=0.00 sys=0.00, real=0.00 secs] 
2015-04-14T20:22:03.996-0100: 1214.801: Total time for which application threads were stopped: 0.0012055 seconds, Stopping threads took: 0.0000276 seconds
2015-04-14T20:22:04.987-0100: 1215.792: [GC (Allocation Failure) 
Desired survivor size 524288 bytes, new threshold 1 (max 15)
[PSYoungGen: 2304K->224K(2560K)] 11115K->9059K(13824K), 0.0010382 secs] [Times: user=0.00 sys=0.00, real=0.00 secs] 
2015-04-14T20:22:04.988-0100: 1215.793: Total time for which application threads were stopped: 0.0012232 seconds, Stopping threads took: 0.0000207 seconds
2015-04-14T20:22:06.023-0100: 1216.828: [GC (Allocation Failure) 
Desired survivor size 524288 bytes, new threshold 1 (max 15)
[PSYoungGen: 2272K->288K(2560K)] 11107K->9147K(13824K), 0.0010820 secs] [Times: user=0.01 sys=0.00, real=0.00 secs] 
2015-04-14T20:22:06.024-0100: 1216.829: Total time for which application threads were stopped: 0.0012677 seconds, Stopping threads took: 0.0000228 seconds
2015-04-14T20:22:07.076-0100: 1217.881: [GC (Allocation Failure) 
Desired survivor size 524288 bytes, new threshold 1 (max 15)
[PSYoungGen: 2336K->256K(2560K)] 11195K->9147K(13824K), 0.0010055 secs] [Times: user=0.01 sys=0.00, real=0.00 secs] 
2015-04-14T20:22:07.077-0100: 1217.882: Total time for which application threads were stopped: 0.0011997 seconds, Stopping threads took: 0.0000219 seconds
2015-04-14T20:22:08.093-0100: 1218.898: [GC (Allocation Failure) 
Desired survivor size 524288 bytes, new threshold 1 (max 15)
[PSYoungGen: 2304K->256K(2560K)] 11195K->9171K(13824K), 0.0010481 secs] [Times: user=0.00 sys=0.00, real=0.00 secs] 
2015-04-14T20:22:08.095-0100: 1218.900: Total time for which application threads were stopped: 0.0012450 seconds, Stopping threads took: 0.0000286 seconds
2015-04-14T20:22:09.098-0100: 1219.903: [GC (Allocation Failure) 
Desired survivor size 524288 bytes, new threshold 1 (max 15)
[PSYoungGen: 2304K->288K(2560K)] 11219K->9227K(13824K), 0.0010145 secs] [Times: user=0.00 sys=0.00, real=0.00 secs] 
2015-04-14T20:22:09.099-0100: 1219.904: Total time for which application threads were stopped: 0.0012377 seconds, Stopping threads took: 0.0000237 seconds
2015-04-14T20:22:10.102-0100: 1220.908: [GC (Allocation Failure) 
Desired survivor size 524288 bytes, new threshold 1 (max 15)
[PSYoungGen: 2336K->288K(2560K)] 11275K->9259K(13824K), 0.0010151 secs] [Times: user=0.00 sys=0.00, real=0.00 secs] 
2015-04-14T20:22:10.104-0100: 1220.909: Total time for which application threads were stopped: 0.0012269 seconds, Stopping threads took: 0.0000223 seconds
2015-04-14T20:22:11.122-0100: 1221.927: [GC (Allocation Failure) 
Desired survivor size 524288 bytes, new threshold 1 (max 15)
[PSYoungGen: 2336K->288K(2560K)] 11307K->9283K(13824K), 0.0008837 secs] [Times: user=0.00 sys=0.00, real=0.00 secs] 
2015-04-14T20:22:11.123-0100: 1221.928: Total time for which application threads were stopped: 0.0010707 seconds, Stopping threads took: 0.0000219 seconds
2015-04-14T20:22:12.139-0100: 1222.945: [GC (Allocation Failure) 
Desired survivor size 524288 bytes, new threshold 1 (max 15)
[PSYoungGen: 2335K->256K(2560K)] 11331K->9275K(13824K), 0.0010773 secs] [Times: user=0.00 sys=0.00, real=0.01 secs] 
2015-04-14T20:22:12.141-0100: 1222.946: Total time for which application threads were stopped: 0.0012855 seconds, Stopping threads took: 0.0000272 seconds
2015-04-14T20:22:13.178-0100: 1223.983: [GC (Allocation Failure) 
Desired survivor size 524288 bytes, new threshold 1 (max 15)
[PSYoungGen: 2304K->288K(2560K)] 11323K->9339K(13824K), 0.0009742 secs] [Times: user=0.01 sys=0.00, real=0.00 secs] 
2015-04-14T20:22:13.179-0100: 1223.984: Total time for which application threads were stopped: 0.0011491 seconds, Stopping threads took: 0.0000202 seconds
2015-04-14T20:22:14.198-0100: 1225.003: [GC (Allocation Failure) 
Desired survivor size 524288 bytes, new threshold 1 (max 15)
[PSYoungGen: 2336K->256K(2560K)] 11387K->9331K(13824K), 0.0010794 secs] [Times: user=0.00 sys=0.00, real=0.00 secs] 
2015-04-14T20:22:14.199-0100: 1225.004: Total time for which application threads were stopped: 0.0012670 seconds, Stopping threads took: 0.0000208 seconds
2015-04-14T20:22:15.201-0100: 1226.006: [GC (Allocation Failure) 
Desired survivor size 524288 bytes, new threshold 1 (max 15)
[PSYoungGen: 2304K->288K(2560K)] 11379K->9387K(13824K), 0.0009977 secs] [Times: user=0.01 sys=0.00, real=0.00 secs] 
2015-04-14T20:22:15.202-0100: 1226.007: Total time for which application threads were stopped: 0.0011794 seconds, Stopping threads took: 0.0000210 seconds
2015-04-14T20:22:16.202-0100: 1227.007: [GC (Allocation Failure) 
Desired survivor size 524288 bytes, new threshold 1 (max 15)
[PSYoungGen: 2336K->288K(2560K)] 11435K->9411K(13824K), 0.0009204 secs] [Times: user=0.00 sys=0.00, real=0.00 secs] 
2015-04-14T20:22:16.203-0100: 1227.008: Total time for which application threads were stopped: 0.0011145 seconds, Stopping threads took: 0.0000234 seconds
2015-04-14T20:22:17.222-0100: 1228.027: [GC (Allocation Failure) 
Desired survivor size 524288 bytes, new threshold 1 (max 15)
[PSYoungGen: 2336K->256K(2560K)] 11459K->9427K(13824K), 0.0007952 secs] [Times: user=0.00 sys=0.00, real=0.00 secs] 
2015-04-14T20:22:17.223-0100: 1228.028: Total time for which application threads were stopped: 0.0009412 seconds, Stopping threads took: 0.0000177 seconds
2015-04-14T20:22:18.259-0100: 1229.065: [GC (Allocation Failure) 
Desired survivor size 524288 bytes, new threshold 1 (max 15)
[PSYoungGen: 2304K->256K(2560K)] 11475K->9459K(13824K), 0.0009740 secs] [Times: user=0.00 sys=0.00, real=0.01 secs] 
2015-04-14T20:22:18.260-0100: 1229.066: Total time for which application threads were stopped: 0.0011611 seconds, Stopping threads took: 0.0000215 seconds
2015-04-14T20:22:19.264-0100: 1230.070: [GC (Allocation Failure) 
Desired survivor size 524288 bytes, new threshold 1 (max 15)
[PSYoungGen: 2304K->288K(2560K)] 11507K->9515K(13824K), 0.0010585 secs] [Times: user=0.00 sys=0.00, real=0.00 secs] 
2015-04-14T20:22:19.265-0100: 1230.071: Total time for which application threads were stopped: 0.0012888 seconds, Stopping threads took: 0.0000232 seconds
2015-04-14T20:22:20.265-0100: 1231.070: [GC (Allocation Failure) 
Desired survivor size 524288 bytes, new threshold 1 (max 15)
[PSYoungGen: 2336K->288K(2560K)] 11563K->9547K(13824K), 0.0010721 secs] [Times: user=0.01 sys=0.00, real=0.00 secs] 
2015-04-14T20:22:20.266-0100: 1231.071: Total time for which application threads were stopped: 0.0012945 seconds, Stopping threads took: 0.0000401 seconds
2015-04-14T20:22:21.237-0100: 1232.043: [GC (Allocation Failure) 
Desired survivor size 524288 bytes, new threshold 1 (max 15)
[PSYoungGen: 2336K->256K(2560K)] 11595K->9539K(13824K), 0.0010502 secs] [Times: user=0.01 sys=0.00, real=0.00 secs] 
2015-04-14T20:22:21.239-0100: 1232.044: Total time for which application threads were stopped: 0.0012637 seconds, Stopping threads took: 0.0000225 seconds
2015-04-14T20:22:22.257-0100: 1233.062: [GC (Allocation Failure) 
Desired survivor size 524288 bytes, new threshold 1 (max 15)
[PSYoungGen: 2304K->288K(2560K)] 11587K->9595K(13824K), 0.0011385 secs] [Times: user=0.00 sys=0.00, real=0.00 secs] 
2015-04-14T20:22:22.258-0100: 1233.064: Total time for which application threads were stopped: 0.0013281 seconds, Stopping threads took: 0.0000209 seconds
2015-04-14T20:22:23.276-0100: 1234.082: [GC (Allocation Failure) 
Desired survivor size 524288 bytes, new threshold 1 (max 15)
[PSYoungGen: 2336K->288K(2560K)] 11643K->9619K(13824K), 0.0011442 secs] [Times: user=0.00 sys=0.00, real=0.00 secs] 
2015-04-14T20:22:23.277-0100: 1234.083: Total time for which application threads were stopped: 0.0013432 seconds, Stopping threads took: 0.0000223 seconds
2015-04-14T20:22:24.294-0100: 1235.099: [GC (Allocation Failure) 
Desired survivor size 524288 bytes, new threshold 1 (max 15)
[PSYoungGen: 2336K->288K(2560K)] 11667K->9651K(13824K), 0.0011044 secs] [Times: user=0.00 sys=0.00, real=0.00 secs] 
2015-04-14T20:22:24.295-0100: 1235.101: Total time for which application threads were stopped: 0.0013123 seconds, Stopping threads took: 0.0000293 seconds
2015-04-14T20:22:25.300-0100: 1236.105: [GC (Allocation Failure) 
Desired survivor size 524288 bytes, new threshold 1 (max 15)
[PSYoungGen: 2336K->256K(2560K)] 11699K->9651K(13824K), 0.0010389 secs] [Times: user=0.01 sys=0.00, real=0.00 secs] 
2015-04-14T20:22:25.301-0100: 1236.106: Total time for which application threads were stopped: 0.0012217 seconds, Stopping threads took: 0.0000223 seconds
2015-04-14T20:22:26.303-0100: 1237.109: [GC (Allocation Failure) 
Desired survivor size 524288 bytes, new threshold 1 (max 15)
[PSYoungGen: 2304K->256K(2560K)] 11699K->9683K(13824K), 0.0011306 secs] [Times: user=0.00 sys=0.00, real=0.00 secs] 
2015-04-14T20:22:26.304-0100: 1237.110: Total time for which application threads were stopped: 0.0013284 seconds, Stopping threads took: 0.0000207 seconds
2015-04-14T20:22:27.306-0100: 1238.112: [GC (Allocation Failure) 
Desired survivor size 524288 bytes, new threshold 1 (max 15)
[PSYoungGen: 2304K->256K(2560K)] 11731K->9715K(13824K), 0.0010479 secs] [Times: user=0.00 sys=0.00, real=0.00 secs] 
2015-04-14T20:22:27.307-0100: 1238.113: Total time for which application threads were stopped: 0.0012354 seconds, Stopping threads took: 0.0000232 seconds
2015-04-14T20:22:28.323-0100: 1239.129: [GC (Allocation Failure) 
Desired survivor size 524288 bytes, new threshold 1 (max 15)
[PSYoungGen: 2304K->224K(2560K)] 11763K->9707K(13824K), 0.0010905 secs] [Times: user=0.00 sys=0.00, real=0.00 secs] 
2015-04-14T20:22:28.325-0100: 1239.130: Total time for which application threads were stopped: 0.0013058 seconds, Stopping threads took: 0.0000358 seconds
2015-04-14T20:22:29.363-0100: 1240.168: [GC (Allocation Failure) 
Desired survivor size 524288 bytes, new threshold 1 (max 15)
[PSYoungGen: 2272K->288K(2560K)] 11755K->9795K(13824K), 0.0009370 secs] [Times: user=0.01 sys=0.00, real=0.00 secs] 
2015-04-14T20:22:29.364-0100: 1240.169: Total time for which application threads were stopped: 0.0011079 seconds, Stopping threads took: 0.0000239 seconds
2015-04-14T20:22:30.366-0100: 1241.172: [GC (Allocation Failure) 
Desired survivor size 524288 bytes, new threshold 1 (max 15)
[PSYoungGen: 2336K->256K(2560K)] 11843K->9779K(13824K), 0.0011234 secs] [Times: user=0.00 sys=0.00, real=0.00 secs] 
2015-04-14T20:22:30.367-0100: 1241.173: Total time for which application threads were stopped: 0.0013223 seconds, Stopping threads took: 0.0000229 seconds
2015-04-14T20:22:31.368-0100: 1242.173: [GC (Allocation Failure) 
Desired survivor size 524288 bytes, new threshold 1 (max 15)
[PSYoungGen: 2304K->256K(2560K)] 11827K->9811K(13824K), 0.0011335 secs] [Times: user=0.00 sys=0.00, real=0.00 secs] 
2015-04-14T20:22:31.369-0100: 1242.174: Total time for which application threads were stopped: 0.0013261 seconds, Stopping threads took: 0.0000229 seconds
2015-04-14T20:22:32.420-0100: 1243.225: [GC (Allocation Failure) 
Desired survivor size 524288 bytes, new threshold 1 (max 15)
[PSYoungGen: 2304K->256K(2560K)] 11859K->9859K(13824K), 0.0010256 secs] [Times: user=0.01 sys=0.00, real=0.00 secs] 
2015-04-14T20:22:32.421-0100: 1243.226: Total time for which application threads were stopped: 0.0012318 seconds, Stopping threads took: 0.0000256 seconds
2015-04-14T20:22:33.459-0100: 1244.265: [GC (Allocation Failure) 
Desired survivor size 524288 bytes, new threshold 1 (max 15)
[PSYoungGen: 2304K->288K(2560K)] 11907K->9931K(13824K), 0.0010700 secs] [Times: user=0.00 sys=0.00, real=0.01 secs] 
2015-04-14T20:22:33.460-0100: 1244.266: Total time for which application threads were stopped: 0.0012687 seconds, Stopping threads took: 0.0000228 seconds
2015-04-14T20:22:34.461-0100: 1245.267: [GC (Allocation Failure) 
Desired survivor size 524288 bytes, new threshold 1 (max 15)
[PSYoungGen: 2336K->288K(2560K)] 11979K->9955K(13824K), 0.0010140 secs] [Times: user=0.00 sys=0.00, real=0.00 secs] 
2015-04-14T20:22:34.462-0100: 1245.268: Total time for which application threads were stopped: 0.0012049 seconds, Stopping threads took: 0.0000223 seconds
2015-04-14T20:22:35.546-0100: 1246.352: [GC (Allocation Failure) 
Desired survivor size 524288 bytes, new threshold 1 (max 15)
[PSYoungGen: 2336K->256K(2560K)] 12003K->9955K(13824K), 0.0010286 secs] [Times: user=0.00 sys=0.00, real=0.00 secs] 
2015-04-14T20:22:35.547-0100: 1246.353: Total time for which application threads were stopped: 0.0012165 seconds, Stopping threads took: 0.0000243 seconds
2015-04-14T20:22:36.535-0100: 1247.341: [GC (Allocation Failure) 
Desired survivor size 524288 bytes, new threshold 1 (max 15)
[PSYoungGen: 2304K->256K(2560K)] 12003K->9987K(13824K), 0.0010588 secs] [Times: user=0.00 sys=0.00, real=0.00 secs] 
2015-04-14T20:22:36.537-0100: 1247.342: Total time for which application threads were stopped: 0.0012508 seconds, Stopping threads took: 0.0000234 seconds
2015-04-14T20:22:37.537-0100: 1248.343: [GC (Allocation Failure) 
Desired survivor size 524288 bytes, new threshold 1 (max 15)
[PSYoungGen: 2304K->256K(2560K)] 12035K->10027K(13824K), 0.0011056 secs] [Times: user=0.01 sys=0.00, real=0.00 secs] 
2015-04-14T20:22:37.539-0100: 1248.344: Total time for which application threads were stopped: 0.0012940 seconds, Stopping threads took: 0.0000220 seconds
2015-04-14T20:22:38.558-0100: 1249.364: [GC (Allocation Failure) 
Desired survivor size 524288 bytes, new threshold 1 (max 15)
[PSYoungGen: 2304K->288K(2560K)] 12075K->10083K(13824K), 0.0010318 secs] [Times: user=0.01 sys=0.00, real=0.00 secs] 
2015-04-14T20:22:38.559-0100: 1249.365: Total time for which application threads were stopped: 0.0012246 seconds, Stopping threads took: 0.0000229 seconds
2015-04-14T20:22:39.587-0100: 1250.393: [GC (Allocation Failure) 
Desired survivor size 524288 bytes, new threshold 1 (max 15)
[PSYoungGen: 2336K->256K(2560K)] 12131K->10075K(13824K), 0.0010116 secs] [Times: user=0.01 sys=0.00, real=0.00 secs] 
2015-04-14T20:22:39.588-0100: 1250.394: Total time for which application threads were stopped: 0.0012170 seconds, Stopping threads took: 0.0000233 seconds
2015-04-14T20:22:40.562-0100: 1251.367: [GC (Allocation Failure) 
Desired survivor size 524288 bytes, new threshold 1 (max 15)
[PSYoungGen: 2304K->288K(2560K)] 12123K->10123K(13824K), 0.0009951 secs] [Times: user=0.00 sys=0.00, real=0.00 secs] 
2015-04-14T20:22:40.563-0100: 1251.368: Total time for which application threads were stopped: 0.0011762 seconds, Stopping threads took: 0.0000234 seconds
2015-04-14T20:22:41.500-0100: 1252.306: [GC (Allocation Failure) 
Desired survivor size 524288 bytes, new threshold 1 (max 15)
[PSYoungGen: 2336K->256K(2560K)] 12171K->10123K(13824K), 0.0009890 secs] [Times: user=0.01 sys=0.00, real=0.00 secs] 
2015-04-14T20:22:41.501-0100: 1252.307: Total time for which application threads were stopped: 0.0011847 seconds, Stopping threads took: 0.0000223 seconds
2015-04-14T20:22:42.418-0100: 1253.223: [GC (Allocation Failure) 
Desired survivor size 524288 bytes, new threshold 1 (max 15)
[PSYoungGen: 2304K->288K(2560K)] 12171K->10195K(13824K), 0.0008883 secs] [Times: user=0.01 sys=0.00, real=0.00 secs] 
2015-04-14T20:22:42.419-0100: 1253.224: Total time for which application threads were stopped: 0.0010730 seconds, Stopping threads took: 0.0000228 seconds
2015-04-14T20:22:43.256-0100: 1254.062: [GC (Allocation Failure) 
Desired survivor size 524288 bytes, new threshold 1 (max 15)
[PSYoungGen: 2336K->256K(2560K)] 12243K->10195K(13824K), 0.0010078 secs] [Times: user=0.00 sys=0.00, real=0.00 secs] 
2015-04-14T20:22:43.257-0100: 1254.063: Total time for which application threads were stopped: 0.0012097 seconds, Stopping threads took: 0.0000228 seconds
2015-04-14T20:22:44.158-0100: 1254.964: [GC (Allocation Failure) 
Desired survivor size 524288 bytes, new threshold 1 (max 15)
[PSYoungGen: 2304K->256K(2560K)] 12243K->10219K(13824K), 0.0010140 secs] [Times: user=0.01 sys=0.00, real=0.00 secs] 
2015-04-14T20:22:44.159-0100: 1254.965: Total time for which application threads were stopped: 0.0012100 seconds, Stopping threads took: 0.0000213 seconds
2015-04-14T20:22:45.058-0100: 1255.864: [GC (Allocation Failure) 
Desired survivor size 524288 bytes, new threshold 1 (max 15)
[PSYoungGen: 2304K->288K(2560K)] 12267K->10283K(13824K), 0.0010996 secs] [Times: user=0.01 sys=0.00, real=0.00 secs] 
2015-04-14T20:22:45.059-0100: 1255.865: Total time for which application threads were stopped: 0.0013040 seconds, Stopping threads took: 0.0000218 seconds
2015-04-14T20:22:45.898-0100: 1256.704: [GC (Allocation Failure) 
Desired survivor size 524288 bytes, new threshold 1 (max 15)
[PSYoungGen: 2336K->256K(2560K)] 12331K->10283K(13824K), 0.0011048 secs] [Times: user=0.01 sys=0.00, real=0.00 secs] 
2015-04-14T20:22:45.899-0100: 1256.705: Total time for which application threads were stopped: 0.0012955 seconds, Stopping threads took: 0.0000230 seconds
2015-04-14T20:22:46.767-0100: 1257.572: [GC (Allocation Failure) 
Desired survivor size 524288 bytes, new threshold 1 (max 15)
[PSYoungGen: 2304K->256K(2560K)] 12331K->10323K(13824K), 0.0010355 secs] [Times: user=0.00 sys=0.00, real=0.00 secs] 
2015-04-14T20:22:46.768-0100: 1257.573: Total time for which application threads were stopped: 0.0012278 seconds, Stopping threads took: 0.0000219 seconds
2015-04-14T20:22:47.604-0100: 1258.410: [GC (Allocation Failure) 
Desired survivor size 524288 bytes, new threshold 1 (max 15)
[PSYoungGen: 2304K->256K(2560K)] 12371K->10363K(13824K), 0.0010478 secs] [Times: user=0.01 sys=0.00, real=0.00 secs] 
2015-04-14T20:22:47.605-0100: 1258.411: Total time for which application threads were stopped: 0.0012573 seconds, Stopping threads took: 0.0000227 seconds
2015-04-14T20:22:48.522-0100: 1259.328: [GC (Allocation Failure) 
Desired survivor size 524288 bytes, new threshold 1 (max 15)
[PSYoungGen: 2304K->288K(2560K)] 12411K->10419K(13824K), 0.0010173 secs] [Times: user=0.00 sys=0.00, real=0.00 secs] 
2015-04-14T20:22:48.523-0100: 1259.329: Total time for which application threads were stopped: 0.0012128 seconds, Stopping threads took: 0.0000232 seconds
2015-04-14T20:22:49.459-0100: 1260.265: [GC (Allocation Failure) 
Desired survivor size 524288 bytes, new threshold 1 (max 15)
[PSYoungGen: 2336K->256K(2560K)] 12467K->10419K(13824K), 0.0010931 secs] [Times: user=0.00 sys=0.00, real=0.01 secs] 
2015-04-14T20:22:49.461-0100: 1260.266: Total time for which application threads were stopped: 0.0013012 seconds, Stopping threads took: 0.0000225 seconds
2015-04-14T20:22:50.444-0100: 1261.250: [GC (Allocation Failure) 
Desired survivor size 524288 bytes, new threshold 1 (max 15)
[PSYoungGen: 2304K->256K(2560K)] 12467K->10443K(13824K), 0.0010623 secs] [Times: user=0.01 sys=0.00, real=0.00 secs] 
2015-04-14T20:22:50.446-0100: 1261.251: Total time for which application threads were stopped: 0.0012522 seconds, Stopping threads took: 0.0000215 seconds
2015-04-14T20:22:51.446-0100: 1262.251: Total time for which application threads were stopped: 0.0001317 seconds, Stopping threads took: 0.0000510 seconds
2015-04-14T20:22:51.481-0100: 1262.286: [GC (Allocation Failure) 
Desired survivor size 524288 bytes, new threshold 1 (max 15)
[PSYoungGen: 2304K->256K(2560K)] 12491K->10475K(13824K), 0.0009899 secs] [Times: user=0.00 sys=0.00, real=0.00 secs] 
2015-04-14T20:22:51.482-0100: 1262.287: Total time for which application threads were stopped: 0.0011733 seconds, Stopping threads took: 0.0000228 seconds
2015-04-14T20:22:52.533-0100: 1263.339: [GC (Allocation Failure) 
Desired survivor size 524288 bytes, new threshold 1 (max 15)
[PSYoungGen: 2304K->256K(2560K)] 12523K->10507K(13824K), 0.0010358 secs] [Times: user=0.01 sys=0.00, real=0.00 secs] 
2015-04-14T20:22:52.534-0100: 1263.340: Total time for which application threads were stopped: 0.0012454 seconds, Stopping threads took: 0.0000276 seconds
2015-04-14T20:22:53.522-0100: 1264.328: [GC (Allocation Failure) 
Desired survivor size 524288 bytes, new threshold 1 (max 15)
[PSYoungGen: 2304K->288K(2560K)] 12555K->10563K(13824K), 0.0010553 secs] [Times: user=0.01 sys=0.01, real=0.00 secs] 
2015-04-14T20:22:53.523-0100: 1264.329: Total time for which application threads were stopped: 0.0012391 seconds, Stopping threads took: 0.0000233 seconds
2015-04-14T20:22:54.526-0100: 1265.331: [GC (Allocation Failure) 
Desired survivor size 524288 bytes, new threshold 1 (max 15)
[PSYoungGen: 2336K->288K(2560K)] 12611K->10587K(13824K), 0.0010511 secs] [Times: user=0.01 sys=0.00, real=0.00 secs] 
2015-04-14T20:22:54.527-0100: 1265.333: Total time for which application threads were stopped: 0.0012327 seconds, Stopping threads took: 0.0000221 seconds
2015-04-14T20:22:55.544-0100: 1266.350: [GC (Allocation Failure) 
Desired survivor size 524288 bytes, new threshold 1 (max 15)
[PSYoungGen: 2336K->256K(2560K)] 12635K->10587K(13824K), 0.0008397 secs] [Times: user=0.00 sys=0.00, real=0.00 secs] 
2015-04-14T20:22:55.545-0100: 1266.351: Total time for which application threads were stopped: 0.0009939 seconds, Stopping threads took: 0.0000180 seconds
2015-04-14T20:22:56.644-0100: 1267.450: [GC (Allocation Failure) 
Desired survivor size 524288 bytes, new threshold 1 (max 15)
[PSYoungGen: 2304K->256K(2560K)] 12635K->10619K(13824K), 0.0011138 secs] [Times: user=0.00 sys=0.00, real=0.00 secs] 
2015-04-14T20:22:56.646-0100: 1267.452: Total time for which application threads were stopped: 0.0013288 seconds, Stopping threads took: 0.0000244 seconds
2015-04-14T20:22:57.665-0100: 1268.471: [GC (Allocation Failure) 
Desired survivor size 524288 bytes, new threshold 1 (max 15)
[PSYoungGen: 2304K->288K(2560K)] 12667K->10683K(13824K), 0.0011031 secs] [Times: user=0.00 sys=0.00, real=0.00 secs] 
2015-04-14T20:22:57.667-0100: 1268.473: Total time for which application threads were stopped: 0.0013216 seconds, Stopping threads took: 0.0000247 seconds
2015-04-14T20:22:58.637-0100: 1269.443: [GC (Allocation Failure) 
Desired survivor size 524288 bytes, new threshold 1 (max 15)
[PSYoungGen: 2336K->256K(2560K)] 12731K->10683K(13824K), 0.0010525 secs] [Times: user=0.00 sys=0.00, real=0.00 secs] 
2015-04-14T20:22:58.638-0100: 1269.444: Total time for which application threads were stopped: 0.0012284 seconds, Stopping threads took: 0.0000227 seconds
2015-04-14T20:22:59.641-0100: 1270.447: [GC (Allocation Failure) 
Desired survivor size 524288 bytes, new threshold 1 (max 15)
[PSYoungGen: 2304K->288K(2560K)] 12731K->10739K(13824K), 0.0010973 secs] [Times: user=0.00 sys=0.00, real=0.00 secs] 
2015-04-14T20:22:59.643-0100: 1270.448: Total time for which application threads were stopped: 0.0012702 seconds, Stopping threads took: 0.0000239 seconds
2015-04-14T20:23:00.576-0100: 1271.382: [GC (Allocation Failure) 
Desired survivor size 524288 bytes, new threshold 1 (max 15)
[PSYoungGen: 2336K->256K(2560K)] 12787K->10739K(13824K), 0.0010662 secs] [Times: user=0.00 sys=0.00, real=0.00 secs] 
2015-04-14T20:23:00.577-0100: 1271.383: Total time for which application threads were stopped: 0.0012532 seconds, Stopping threads took: 0.0000219 seconds
2015-04-14T20:23:01.677-0100: 1272.483: [GC (Allocation Failure) 
Desired survivor size 524288 bytes, new threshold 1 (max 15)
[PSYoungGen: 2304K->256K(2560K)] 12787K->10779K(13824K), 0.0009631 secs] [Times: user=0.00 sys=0.00, real=0.00 secs] 
2015-04-14T20:23:01.679-0100: 1272.484: Total time for which application threads were stopped: 0.0011569 seconds, Stopping threads took: 0.0000244 seconds
2015-04-14T20:23:02.704-0100: 1273.510: [GC (Allocation Failure) 
Desired survivor size 524288 bytes, new threshold 1 (max 15)
[PSYoungGen: 2304K->256K(2560K)] 12827K->10811K(13824K), 0.0011374 secs] [Times: user=0.00 sys=0.00, real=0.00 secs] 
2015-04-14T20:23:02.705-0100: 1273.511: Total time for which application threads were stopped: 0.0013477 seconds, Stopping threads took: 0.0000249 seconds
2015-04-14T20:23:03.704-0100: 1274.510: [GC (Allocation Failure) 
Desired survivor size 524288 bytes, new threshold 1 (max 15)
[PSYoungGen: 2304K->256K(2560K)] 12859K->10835K(13824K), 0.0010967 secs] [Times: user=0.00 sys=0.00, real=0.00 secs] 
2015-04-14T20:23:03.705-0100: 1274.511: Total time for which application threads were stopped: 0.0012886 seconds, Stopping threads took: 0.0000229 seconds
2015-04-14T20:23:04.721-0100: 1275.527: [GC (Allocation Failure) 
Desired survivor size 524288 bytes, new threshold 1 (max 15)
[PSYoungGen: 2304K->256K(2560K)] 12883K->10859K(13824K), 0.0012820 secs] [Times: user=0.01 sys=0.00, real=0.00 secs] 
2015-04-14T20:23:04.723-0100: 1275.529: Total time for which application threads were stopped: 0.0014795 seconds, Stopping threads took: 0.0000223 seconds
2015-04-14T20:23:05.709-0100: 1276.515: [GC (Allocation Failure) 
Desired survivor size 524288 bytes, new threshold 1 (max 15)
[PSYoungGen: 2304K->288K(2560K)] 12907K->10923K(13824K), 0.0011021 secs] [Times: user=0.01 sys=0.00, real=0.01 secs] 
2015-04-14T20:23:05.710-0100: 1276.516: Total time for which application threads were stopped: 0.0013047 seconds, Stopping threads took: 0.0000230 seconds
2015-04-14T20:23:06.745-0100: 1277.552: [GC (Allocation Failure) 
Desired survivor size 524288 bytes, new threshold 1 (max 15)
[PSYoungGen: 2336K->224K(2560K)] 12971K->10891K(13824K), 0.0008043 secs] [Times: user=0.00 sys=0.00, real=0.00 secs] 
2015-04-14T20:23:06.746-0100: 1277.552: Total time for which application threads were stopped: 0.0009506 seconds, Stopping threads took: 0.0000151 seconds
2015-04-14T20:23:07.783-0100: 1278.589: [GC (Allocation Failure) 
Desired survivor size 524288 bytes, new threshold 1 (max 15)
[PSYoungGen: 2272K->256K(2560K)] 12939K->10955K(13824K), 0.0010348 secs] [Times: user=0.00 sys=0.00, real=0.00 secs] 
2015-04-14T20:23:07.784-0100: 1278.590: Total time for which application threads were stopped: 0.0012386 seconds, Stopping threads took: 0.0000235 seconds
2015-04-14T20:23:08.806-0100: 1279.612: [GC (Allocation Failure) 
Desired survivor size 524288 bytes, new threshold 1 (max 15)
[PSYoungGen: 2304K->288K(2560K)] 13003K->11011K(13824K), 0.0010395 secs] [Times: user=0.01 sys=0.00, real=0.00 secs] 
2015-04-14T20:23:08.807-0100: 1279.613: Total time for which application threads were stopped: 0.0012084 seconds, Stopping threads took: 0.0000211 seconds
2015-04-14T20:23:09.823-0100: 1280.629: [GC (Allocation Failure) 
Desired survivor size 524288 bytes, new threshold 1 (max 15)
[PSYoungGen: 2336K->256K(2560K)] 13059K->11003K(13824K), 0.0011095 secs] [Times: user=0.00 sys=0.00, real=0.00 secs] 
2015-04-14T20:23:09.825-0100: 1280.631: Total time for which application threads were stopped: 0.0013218 seconds, Stopping threads took: 0.0000225 seconds
2015-04-14T20:23:10.826-0100: 1281.633: [GC (Allocation Failure) 
Desired survivor size 524288 bytes, new threshold 1 (max 15)
[PSYoungGen: 2304K->288K(2560K)] 13051K->11067K(13824K), 0.0010083 secs] [Times: user=0.00 sys=0.00, real=0.00 secs] 
2015-04-14T20:23:10.828-0100: 1281.634: Total time for which application threads were stopped: 0.0011941 seconds, Stopping threads took: 0.0000218 seconds
2015-04-14T20:23:11.876-0100: 1282.682: [GC (Allocation Failure) 
Desired survivor size 524288 bytes, new threshold 1 (max 15)
[PSYoungGen: 2336K->256K(2560K)] 13115K->11051K(13824K), 0.0010323 secs] [Times: user=0.00 sys=0.00, real=0.00 secs] 
2015-04-14T20:23:11.877-0100: 1282.683: Total time for which application threads were stopped: 0.0012213 seconds, Stopping threads took: 0.0000282 seconds
2015-04-14T20:23:12.881-0100: 1283.688: [GC (Allocation Failure) 
Desired survivor size 524288 bytes, new threshold 1 (max 15)
[PSYoungGen: 2304K->256K(2560K)] 13099K->11083K(13824K), 0.0009828 secs] [Times: user=0.00 sys=0.00, real=0.00 secs] 
2015-04-14T20:23:12.883-0100: 1283.689: Total time for which application threads were stopped: 0.0011512 seconds, Stopping threads took: 0.0000190 seconds
2015-04-14T20:23:13.919-0100: 1284.725: [GC (Allocation Failure) 
Desired survivor size 524288 bytes, new threshold 1 (max 15)
[PSYoungGen: 2304K->288K(2560K)] 13131K->11147K(13824K), 0.0009429 secs] [Times: user=0.00 sys=0.00, real=0.01 secs] 
2015-04-14T20:23:13.920-0100: 1284.726: Total time for which application threads were stopped: 0.0011141 seconds, Stopping threads took: 0.0000186 seconds
2015-04-14T20:23:14.956-0100: 1285.762: [GC (Allocation Failure) 
Desired survivor size 524288 bytes, new threshold 1 (max 15)
[PSYoungGen: 2336K->288K(2560K)] 13195K->11171K(13824K), 0.0010354 secs] [Times: user=0.01 sys=0.00, real=0.00 secs] 
2015-04-14T20:23:14.957-0100: 1285.763: Total time for which application threads were stopped: 0.0012301 seconds, Stopping threads took: 0.0000216 seconds
2015-04-14T20:23:15.956-0100: 1286.763: [GC (Allocation Failure) 
Desired survivor size 524288 bytes, new threshold 1 (max 15)
[PSYoungGen: 2336K->288K(2560K)] 13219K->11195K(13824K), 0.0010470 secs] [Times: user=0.00 sys=0.00, real=0.00 secs] 
2015-04-14T20:23:15.957-0100: 1286.764: Total time for which application threads were stopped: 0.0012583 seconds, Stopping threads took: 0.0000250 seconds
2015-04-14T20:23:16.978-0100: 1287.784: [GC (Allocation Failure) 
Desired survivor size 524288 bytes, new threshold 1 (max 15)
[PSYoungGen: 2336K->256K(2560K)] 13243K->11187K(13824K), 0.0007549 secs] [Times: user=0.00 sys=0.00, real=0.00 secs] 
2015-04-14T20:23:16.979-0100: 1287.785: Total time for which application threads were stopped: 0.0008876 seconds, Stopping threads took: 0.0000153 seconds
2015-04-14T20:23:18.016-0100: 1288.822: [GC (Allocation Failure) 
Desired survivor size 524288 bytes, new threshold 1 (max 15)
[PSYoungGen: 2304K->256K(2560K)] 13235K->11219K(13824K), 0.0010772 secs] [Times: user=0.01 sys=0.00, real=0.00 secs] 
2015-04-14T20:23:18.017-0100: 1288.823: Total time for which application threads were stopped: 0.0012776 seconds, Stopping threads took: 0.0000231 seconds
2015-04-14T20:23:19.017-0100: 1289.823: [GC (Allocation Failure) 
Desired survivor size 524288 bytes, new threshold 1 (max 15)
[PSYoungGen: 2304K->288K(2560K)] 13267K->11275K(13824K), 0.0010789 secs] [Times: user=0.01 sys=0.00, real=0.00 secs] 
2015-04-14T20:23:19.018-0100: 1289.824: Total time for which application threads were stopped: 0.0012703 seconds, Stopping threads took: 0.0000227 seconds
2015-04-14T20:23:20.069-0100: 1290.876: [GC (Allocation Failure) 
Desired survivor size 524288 bytes, new threshold 1 (max 15)
[PSYoungGen: 2336K->288K(2560K)] 13323K->11307K(13824K), 0.0010037 secs] [Times: user=0.00 sys=0.00, real=0.01 secs] 
2015-04-14T20:23:20.070-0100: 1290.877: Total time for which application threads were stopped: 0.0012386 seconds, Stopping threads took: 0.0000252 seconds
2015-04-14T20:23:21.057-0100: 1291.863: [GC (Allocation Failure) 
Desired survivor size 524288 bytes, new threshold 1 (max 15)
[PSYoungGen: 2336K->288K(2560K)] 13355K->11339K(13824K), 0.0010710 secs] [Times: user=0.00 sys=0.00, real=0.00 secs] 
2015-04-14T20:23:21.058-0100: 1291.864: Total time for which application threads were stopped: 0.0012630 seconds, Stopping threads took: 0.0000237 seconds
2015-04-14T20:23:22.076-0100: 1292.882: [GC (Allocation Failure) 
Desired survivor size 524288 bytes, new threshold 1 (max 15)
[PSYoungGen: 2336K->256K(2560K)] 13387K->11347K(13824K), 0.0007995 secs] [Times: user=0.01 sys=0.00, real=0.00 secs] 
2015-04-14T20:23:22.077-0100: 1292.883: Total time for which application threads were stopped: 0.0009520 seconds, Stopping threads took: 0.0000189 seconds
2015-04-14T20:23:23.079-0100: 1293.885: [GC (Allocation Failure) 
Desired survivor size 524288 bytes, new threshold 1 (max 15)
[PSYoungGen: 2304K->288K(2560K)] 13395K->11403K(13824K), 0.0010824 secs] [Times: user=0.00 sys=0.00, real=0.01 secs] 
2015-04-14T20:23:23.080-0100: 1293.886: Total time for which application threads were stopped: 0.0012610 seconds, Stopping threads took: 0.0000188 seconds
2015-04-14T20:23:24.097-0100: 1294.904: [GC (Allocation Failure) 
Desired survivor size 524288 bytes, new threshold 1 (max 15)
[PSYoungGen: 2336K->288K(2560K)] 13451K->11427K(13824K), 0.0010849 secs] [Times: user=0.01 sys=0.00, real=0.00 secs] 
2015-04-14T20:23:24.099-0100: 1294.905: Total time for which application threads were stopped: 0.0012961 seconds, Stopping threads took: 0.0000258 seconds
2015-04-14T20:23:25.086-0100: 1295.892: [GC (Allocation Failure) 
Desired survivor size 524288 bytes, new threshold 1 (max 15)
[PSYoungGen: 2336K->256K(2560K)] 13475K->11443K(13824K), 0.0010299 secs] [Times: user=0.01 sys=0.00, real=0.00 secs] 
2015-04-14T20:23:25.087-0100: 1295.894: Total time for which application threads were stopped: 0.0012248 seconds, Stopping threads took: 0.0000211 seconds
2015-04-14T20:23:26.124-0100: 1296.931: [GC (Allocation Failure) 
Desired survivor size 524288 bytes, new threshold 1 (max 15)
[PSYoungGen: 2304K->256K(2560K)] 13491K->11475K(13824K), 0.0010285 secs] [Times: user=0.01 sys=0.00, real=0.00 secs] 
2015-04-14T20:23:26.126-0100: 1296.932: [Full GC (Ergonomics) [PSYoungGen: 256K->0K(2560K)] [ParOldGen: 11219K->8369K(11264K)] 11475K->8369K(13824K), [Metaspace: 17883K->17883K(1064960K)], 0.0196149 secs] [Times: user=0.07 sys=0.00, real=0.02 secs] 
2015-04-14T20:23:26.145-0100: 1296.952: Total time for which application threads were stopped: 0.0209529 seconds, Stopping threads took: 0.0000204 seconds
2015-04-14T20:23:27.143-0100: 1297.950: [GC (Allocation Failure) 
Desired survivor size 524288 bytes, new threshold 1 (max 15)
[PSYoungGen: 2048K->224K(2560K)] 10417K->8593K(13824K), 0.0008073 secs] [Times: user=0.00 sys=0.00, real=0.00 secs] 
2015-04-14T20:23:27.144-0100: 1297.950: Total time for which application threads were stopped: 0.0009437 seconds, Stopping threads took: 0.0000152 seconds
2015-04-14T20:23:28.145-0100: 1298.951: [GC (Allocation Failure) 
Desired survivor size 524288 bytes, new threshold 1 (max 15)
[PSYoungGen: 2272K->288K(2560K)] 10641K->8689K(13824K), 0.0011074 secs] [Times: user=0.00 sys=0.00, real=0.00 secs] 
2015-04-14T20:23:28.146-0100: 1298.952: Total time for which application threads were stopped: 0.0013234 seconds, Stopping threads took: 0.0000238 seconds
2015-04-14T20:23:29.167-0100: 1299.973: [GC (Allocation Failure) 
Desired survivor size 524288 bytes, new threshold 1 (max 15)
[PSYoungGen: 2336K->288K(2560K)] 10737K->8713K(13824K), 0.0010088 secs] [Times: user=0.01 sys=0.00, real=0.00 secs] 
2015-04-14T20:23:29.168-0100: 1299.974: Total time for which application threads were stopped: 0.0012079 seconds, Stopping threads took: 0.0000232 seconds
2015-04-14T20:23:30.204-0100: 1301.010: [GC (Allocation Failure) 
Desired survivor size 524288 bytes, new threshold 1 (max 15)
[PSYoungGen: 2336K->256K(2560K)] 10761K->8721K(13824K), 0.0010833 secs] [Times: user=0.00 sys=0.00, real=0.00 secs] 
2015-04-14T20:23:30.205-0100: 1301.012: Total time for which application threads were stopped: 0.0013078 seconds, Stopping threads took: 0.0000233 seconds
2015-04-14T20:23:31.236-0100: 1302.042: [GC (Allocation Failure) 
Desired survivor size 524288 bytes, new threshold 1 (max 15)
[PSYoungGen: 2304K->256K(2560K)] 10769K->8745K(13824K), 0.0010805 secs] [Times: user=0.01 sys=0.00, real=0.00 secs] 
2015-04-14T20:23:31.237-0100: 1302.044: Total time for which application threads were stopped: 0.0012953 seconds, Stopping threads took: 0.0000261 seconds
2015-04-14T20:23:32.244-0100: 1303.050: [GC (Allocation Failure) 
Desired survivor size 524288 bytes, new threshold 1 (max 15)
[PSYoungGen: 2304K->288K(2560K)] 10793K->8809K(13824K), 0.0010027 secs] [Times: user=0.00 sys=0.00, real=0.00 secs] 
2015-04-14T20:23:32.245-0100: 1303.052: Total time for which application threads were stopped: 0.0011838 seconds, Stopping threads took: 0.0000220 seconds
2015-04-14T20:23:33.246-0100: 1304.053: [GC (Allocation Failure) 
Desired survivor size 524288 bytes, new threshold 1 (max 15)
[PSYoungGen: 2336K->256K(2560K)] 10857K->8801K(13824K), 0.0010263 secs] [Times: user=0.00 sys=0.00, real=0.00 secs] 
2015-04-14T20:23:33.247-0100: 1304.054: Total time for which application threads were stopped: 0.0012307 seconds, Stopping threads took: 0.0000216 seconds
2015-04-14T20:23:34.316-0100: 1305.122: [GC (Allocation Failure) 
Desired survivor size 524288 bytes, new threshold 1 (max 15)
[PSYoungGen: 2304K->288K(2560K)] 10849K->8873K(13824K), 0.0010007 secs] [Times: user=0.00 sys=0.00, real=0.00 secs] 
2015-04-14T20:23:34.317-0100: 1305.123: Total time for which application threads were stopped: 0.0011985 seconds, Stopping threads took: 0.0000227 seconds
2015-04-14T20:23:35.349-0100: 1306.156: [GC (Allocation Failure) 
Desired survivor size 524288 bytes, new threshold 1 (max 15)
[PSYoungGen: 2336K->224K(2560K)] 10921K->8841K(13824K), 0.0011745 secs] [Times: user=0.00 sys=0.00, real=0.01 secs] 
2015-04-14T20:23:35.351-0100: 1306.157: Total time for which application threads were stopped: 0.0013985 seconds, Stopping threads took: 0.0000241 seconds
2015-04-14T20:23:36.373-0100: 1307.180: [GC (Allocation Failure) 
Desired survivor size 524288 bytes, new threshold 1 (max 15)
[PSYoungGen: 2272K->256K(2560K)] 10889K->8905K(13824K), 0.0008829 secs] [Times: user=0.00 sys=0.00, real=0.00 secs] 
2015-04-14T20:23:36.374-0100: 1307.181: Total time for which application threads were stopped: 0.0010514 seconds, Stopping threads took: 0.0000198 seconds
2015-04-14T20:23:37.374-0100: 1308.180: [GC (Allocation Failure) 
Desired survivor size 524288 bytes, new threshold 1 (max 15)
[PSYoungGen: 2304K->256K(2560K)] 10953K->8929K(13824K), 0.0007983 secs] [Times: user=0.01 sys=0.00, real=0.00 secs] 
2015-04-14T20:23:37.375-0100: 1308.181: Total time for which application threads were stopped: 0.0009395 seconds, Stopping threads took: 0.0000149 seconds
2015-04-14T20:23:38.377-0100: 1309.183: [GC (Allocation Failure) 
Desired survivor size 524288 bytes, new threshold 1 (max 15)
[PSYoungGen: 2304K->256K(2560K)] 10977K->8961K(13824K), 0.0010707 secs] [Times: user=0.00 sys=0.00, real=0.00 secs] 
2015-04-14T20:23:38.378-0100: 1309.185: Total time for which application threads were stopped: 0.0012715 seconds, Stopping threads took: 0.0000257 seconds
2015-04-14T20:23:39.366-0100: 1310.173: [GC (Allocation Failure) 
Desired survivor size 524288 bytes, new threshold 1 (max 15)
[PSYoungGen: 2304K->288K(2560K)] 11009K->9017K(13824K), 0.0010713 secs] [Times: user=0.00 sys=0.00, real=0.00 secs] 
2015-04-14T20:23:39.368-0100: 1310.174: Total time for which application threads were stopped: 0.0012554 seconds, Stopping threads took: 0.0000208 seconds
2015-04-14T20:23:40.334-0100: 1311.140: [GC (Allocation Failure) 
Desired survivor size 524288 bytes, new threshold 1 (max 15)
[PSYoungGen: 2336K->288K(2560K)] 11065K->9049K(13824K), 0.0010539 secs] [Times: user=0.01 sys=0.00, real=0.00 secs] 
2015-04-14T20:23:40.335-0100: 1311.142: Total time for which application threads were stopped: 0.0012801 seconds, Stopping threads took: 0.0000218 seconds
2015-04-14T20:23:41.238-0100: 1312.045: [GC (Allocation Failure) 
Desired survivor size 524288 bytes, new threshold 1 (max 15)
[PSYoungGen: 2336K->256K(2560K)] 11097K->9049K(13824K), 0.0009654 secs] [Times: user=0.00 sys=0.00, real=0.00 secs] 
2015-04-14T20:23:41.239-0100: 1312.046: Total time for which application threads were stopped: 0.0011426 seconds, Stopping threads took: 0.0000221 seconds
2015-04-14T20:23:42.173-0100: 1312.980: [GC (Allocation Failure) 
Desired survivor size 524288 bytes, new threshold 1 (max 15)
[PSYoungGen: 2304K->256K(2560K)] 11097K->9081K(13824K), 0.0009420 secs] [Times: user=0.00 sys=0.00, real=0.00 secs] 
2015-04-14T20:23:42.174-0100: 1312.981: Total time for which application threads were stopped: 0.0011153 seconds, Stopping threads took: 0.0000212 seconds
2015-04-14T20:23:43.044-0100: 1313.850: [GC (Allocation Failure) 
Desired survivor size 524288 bytes, new threshold 1 (max 15)
[PSYoungGen: 2304K->256K(2560K)] 11129K->9105K(13824K), 0.0010526 secs] [Times: user=0.00 sys=0.00, real=0.00 secs] 
2015-04-14T20:23:43.045-0100: 1313.852: Total time for which application threads were stopped: 0.0012640 seconds, Stopping threads took: 0.0000244 seconds
2015-04-14T20:23:43.877-0100: 1314.683: [GC (Allocation Failure) 
Desired survivor size 524288 bytes, new threshold 1 (max 15)
[PSYoungGen: 2304K->288K(2560K)] 11153K->9161K(13824K), 0.0010339 secs] [Times: user=0.00 sys=0.00, real=0.00 secs] 
2015-04-14T20:23:43.878-0100: 1314.685: Total time for which application threads were stopped: 0.0012328 seconds, Stopping threads took: 0.0000239 seconds
2015-04-14T20:23:44.717-0100: 1315.524: [GC (Allocation Failure) 
Desired survivor size 524288 bytes, new threshold 1 (max 15)
[PSYoungGen: 2336K->256K(2560K)] 11209K->9161K(13824K), 0.0010193 secs] [Times: user=0.01 sys=0.00, real=0.00 secs] 
2015-04-14T20:23:44.718-0100: 1315.525: Total time for which application threads were stopped: 0.0011943 seconds, Stopping threads took: 0.0000212 seconds
2015-04-14T20:23:45.569-0100: 1316.376: [GC (Allocation Failure) 
Desired survivor size 524288 bytes, new threshold 1 (max 15)
[PSYoungGen: 2304K->288K(2560K)] 11209K->9217K(13824K), 0.0010684 secs] [Times: user=0.01 sys=0.00, real=0.01 secs] 
2015-04-14T20:23:45.570-0100: 1316.377: Total time for which application threads were stopped: 0.0012683 seconds, Stopping threads took: 0.0000234 seconds
2015-04-14T20:23:46.421-0100: 1317.227: [GC (Allocation Failure) 
Desired survivor size 524288 bytes, new threshold 1 (max 15)
[PSYoungGen: 2336K->256K(2560K)] 11265K->9225K(13824K), 0.0010603 secs] [Times: user=0.00 sys=0.00, real=0.00 secs] 
2015-04-14T20:23:46.422-0100: 1317.229: Total time for which application threads were stopped: 0.0012418 seconds, Stopping threads took: 0.0000226 seconds
2015-04-14T20:23:47.289-0100: 1318.096: [GC (Allocation Failure) 
Desired survivor size 524288 bytes, new threshold 1 (max 15)
[PSYoungGen: 2304K->256K(2560K)] 11273K->9265K(13824K), 0.0010345 secs] [Times: user=0.00 sys=0.00, real=0.01 secs] 
2015-04-14T20:23:47.290-0100: 1318.097: Total time for which application threads were stopped: 0.0012343 seconds, Stopping threads took: 0.0000237 seconds
2015-04-14T20:23:48.224-0100: 1319.030: [GC (Allocation Failure) 
Desired survivor size 524288 bytes, new threshold 1 (max 15)
[PSYoungGen: 2304K->288K(2560K)] 11313K->9329K(13824K), 0.0010264 secs] [Times: user=0.00 sys=0.01, real=0.00 secs] 
2015-04-14T20:23:48.225-0100: 1319.031: Total time for which application threads were stopped: 0.0012095 seconds, Stopping threads took: 0.0000239 seconds
2015-04-14T20:23:49.113-0100: 1319.919: [GC (Allocation Failure) 
Desired survivor size 524288 bytes, new threshold 1 (max 15)
[PSYoungGen: 2336K->256K(2560K)] 11377K->9337K(13824K), 0.0010877 secs] [Times: user=0.00 sys=0.00, real=0.00 secs] 
2015-04-14T20:23:49.114-0100: 1319.921: Total time for which application threads were stopped: 0.0012935 seconds, Stopping threads took: 0.0000237 seconds
2015-04-14T20:23:50.016-0100: 1320.823: [GC (Allocation Failure) 
Desired survivor size 524288 bytes, new threshold 1 (max 15)
[PSYoungGen: 2304K->256K(2560K)] 11385K->9361K(13824K), 0.0011106 secs] [Times: user=0.00 sys=0.00, real=0.00 secs] 
2015-04-14T20:23:50.017-0100: 1320.824: Total time for which application threads were stopped: 0.0012989 seconds, Stopping threads took: 0.0000230 seconds
2015-04-14T20:23:51.083-0100: 1321.890: [GC (Allocation Failure) 
Desired survivor size 524288 bytes, new threshold 1 (max 15)
[PSYoungGen: 2304K->256K(2560K)] 11409K->9393K(13824K), 0.0011498 secs] [Times: user=0.01 sys=0.00, real=0.00 secs] 
2015-04-14T20:23:51.085-0100: 1321.891: Total time for which application threads were stopped: 0.0014650 seconds, Stopping threads took: 0.0000468 seconds
2015-04-14T20:23:52.056-0100: 1322.863: [GC (Allocation Failure) 
Desired survivor size 524288 bytes, new threshold 1 (max 15)
[PSYoungGen: 2304K->192K(2560K)] 11441K->9369K(13824K), 0.0008134 secs] [Times: user=0.00 sys=0.00, real=0.00 secs] 
2015-04-14T20:23:52.057-0100: 1322.864: Total time for which application threads were stopped: 0.0009836 seconds, Stopping threads took: 0.0000295 seconds
2015-04-14T20:23:53.126-0100: 1323.933: [GC (Allocation Failure) 
Desired survivor size 524288 bytes, new threshold 1 (max 15)
[PSYoungGen: 2240K->288K(2560K)] 11417K->9505K(13824K), 0.0009490 secs] [Times: user=0.00 sys=0.00, real=0.00 secs] 
2015-04-14T20:23:53.127-0100: 1323.934: Total time for which application threads were stopped: 0.0011396 seconds, Stopping threads took: 0.0000279 seconds
2015-04-14T20:23:54.143-0100: 1324.950: [GC (Allocation Failure) 
Desired survivor size 524288 bytes, new threshold 1 (max 15)
[PSYoungGen: 2336K->256K(2560K)] 11553K->9497K(13824K), 0.0010550 secs] [Times: user=0.00 sys=0.00, real=0.00 secs] 
2015-04-14T20:23:54.144-0100: 1324.951: Total time for which application threads were stopped: 0.0012494 seconds, Stopping threads took: 0.0000248 seconds
2015-04-14T20:23:55.179-0100: 1325.985: [GC (Allocation Failure) 
Desired survivor size 524288 bytes, new threshold 1 (max 15)
[PSYoungGen: 2304K->256K(2560K)] 11545K->9529K(13824K), 0.0010326 secs] [Times: user=0.00 sys=0.00, real=0.01 secs] 
2015-04-14T20:23:55.180-0100: 1325.987: Total time for which application threads were stopped: 0.0012281 seconds, Stopping threads took: 0.0000211 seconds
2015-04-14T20:23:56.202-0100: 1327.009: [GC (Allocation Failure) 
Desired survivor size 524288 bytes, new threshold 1 (max 15)
[PSYoungGen: 2304K->288K(2560K)] 11577K->9593K(13824K), 0.0009099 secs] [Times: user=0.00 sys=0.00, real=0.00 secs] 
2015-04-14T20:23:56.203-0100: 1327.010: Total time for which application threads were stopped: 0.0010772 seconds, Stopping threads took: 0.0000206 seconds
2015-04-14T20:23:57.286-0100: 1328.093: [GC (Allocation Failure) 
Desired survivor size 524288 bytes, new threshold 1 (max 15)
[PSYoungGen: 2336K->224K(2560K)] 11641K->9569K(13824K), 0.0008072 secs] [Times: user=0.00 sys=0.00, real=0.00 secs] 
2015-04-14T20:23:57.286-0100: 1328.093: Total time for which application threads were stopped: 0.0009877 seconds, Stopping threads took: 0.0000314 seconds
2015-04-14T20:23:58.309-0100: 1329.116: [GC (Allocation Failure) 
Desired survivor size 524288 bytes, new threshold 1 (max 15)
[PSYoungGen: 2272K->256K(2560K)] 11617K->9633K(13824K), 0.0010303 secs] [Times: user=0.00 sys=0.01, real=0.01 secs] 
2015-04-14T20:23:58.310-0100: 1329.117: Total time for which application threads were stopped: 0.0012519 seconds, Stopping threads took: 0.0000231 seconds
2015-04-14T20:23:59.312-0100: 1330.119: [GC (Allocation Failure) 
Desired survivor size 524288 bytes, new threshold 1 (max 15)
[PSYoungGen: 2304K->256K(2560K)] 11681K->9657K(13824K), 0.0011066 secs] [Times: user=0.00 sys=0.00, real=0.00 secs] 
2015-04-14T20:23:59.313-0100: 1330.120: Total time for which application threads were stopped: 0.0012971 seconds, Stopping threads took: 0.0000210 seconds
2015-04-14T20:24:00.197-0100: 1331.004: [GC (Allocation Failure) 
Desired survivor size 524288 bytes, new threshold 1 (max 15)
[PSYoungGen: 2304K->256K(2560K)] 11705K->9689K(13824K), 0.0009904 secs] [Times: user=0.00 sys=0.00, real=0.00 secs] 
2015-04-14T20:24:00.198-0100: 1331.005: Total time for which application threads were stopped: 0.0011666 seconds, Stopping threads took: 0.0000206 seconds
2015-04-14T20:24:01.215-0100: 1332.022: [GC (Allocation Failure) 
Desired survivor size 524288 bytes, new threshold 1 (max 15)
[PSYoungGen: 2304K->288K(2560K)] 11737K->9769K(13824K), 0.0010374 secs] [Times: user=0.00 sys=0.00, real=0.00 secs] 
2015-04-14T20:24:01.216-0100: 1332.023: Total time for which application threads were stopped: 0.0012316 seconds, Stopping threads took: 0.0000252 seconds
2015-04-14T20:24:02.305-0100: 1333.112: [GC (Allocation Failure) 
Desired survivor size 524288 bytes, new threshold 1 (max 15)
[PSYoungGen: 2336K->288K(2560K)] 11817K->9809K(13824K), 0.0010408 secs] [Times: user=0.00 sys=0.00, real=0.00 secs] 
2015-04-14T20:24:02.306-0100: 1333.113: Total time for which application threads were stopped: 0.0012337 seconds, Stopping threads took: 0.0000227 seconds
2015-04-14T20:24:03.325-0100: 1334.131: [GC (Allocation Failure) 
Desired survivor size 524288 bytes, new threshold 1 (max 15)
[PSYoungGen: 2336K->288K(2560K)] 11857K->9841K(13824K), 0.0010959 secs] [Times: user=0.00 sys=0.00, real=0.00 secs] 
2015-04-14T20:24:03.326-0100: 1334.133: Total time for which application threads were stopped: 0.0012890 seconds, Stopping threads took: 0.0000224 seconds
2015-04-14T20:24:04.342-0100: 1335.149: [GC (Allocation Failure) 
Desired survivor size 524288 bytes, new threshold 1 (max 15)
[PSYoungGen: 2336K->256K(2560K)] 11889K->9833K(13824K), 0.0010280 secs] [Times: user=0.00 sys=0.01, real=0.00 secs] 
2015-04-14T20:24:04.343-0100: 1335.150: Total time for which application threads were stopped: 0.0012099 seconds, Stopping threads took: 0.0000221 seconds
2015-04-14T20:24:05.346-0100: 1336.153: [GC (Allocation Failure) 
Desired survivor size 524288 bytes, new threshold 1 (max 15)
[PSYoungGen: 2304K->288K(2560K)] 11881K->9889K(13824K), 0.0010119 secs] [Times: user=0.00 sys=0.01, real=0.00 secs] 
2015-04-14T20:24:05.347-0100: 1336.154: Total time for which application threads were stopped: 0.0012007 seconds, Stopping threads took: 0.0000205 seconds
2015-04-14T20:24:06.384-0100: 1337.191: [GC (Allocation Failure) 
Desired survivor size 524288 bytes, new threshold 1 (max 15)
[PSYoungGen: 2336K->256K(2560K)] 11937K->9897K(13824K), 0.0010351 secs] [Times: user=0.00 sys=0.00, real=0.00 secs] 
2015-04-14T20:24:06.385-0100: 1337.192: Total time for which application threads were stopped: 0.0012490 seconds, Stopping threads took: 0.0000239 seconds
2015-04-14T20:24:07.420-0100: 1338.227: [GC (Allocation Failure) 
Desired survivor size 524288 bytes, new threshold 1 (max 15)
[PSYoungGen: 2304K->256K(2560K)] 11945K->9929K(13824K), 0.0010820 secs] [Times: user=0.00 sys=0.00, real=0.00 secs] 
2015-04-14T20:24:07.422-0100: 1338.229: Total time for which application threads were stopped: 0.0012616 seconds, Stopping threads took: 0.0000231 seconds
2015-04-14T20:24:08.471-0100: 1339.278: [GC (Allocation Failure) 
Desired survivor size 524288 bytes, new threshold 1 (max 15)
[PSYoungGen: 2304K->224K(2560K)] 11977K->9921K(13824K), 0.0008246 secs] [Times: user=0.00 sys=0.00, real=0.00 secs] 
2015-04-14T20:24:08.472-0100: 1339.279: Total time for which application threads were stopped: 0.0010079 seconds, Stopping threads took: 0.0000221 seconds
2015-04-14T20:24:09.475-0100: 1340.283: [GC (Allocation Failure) 
Desired survivor size 524288 bytes, new threshold 1 (max 15)
[PSYoungGen: 2272K->288K(2560K)] 11969K->10017K(13824K), 0.0009897 secs] [Times: user=0.00 sys=0.00, real=0.00 secs] 
2015-04-14T20:24:09.477-0100: 1340.284: Total time for which application threads were stopped: 0.0011779 seconds, Stopping threads took: 0.0000205 seconds
2015-04-14T20:24:10.546-0100: 1341.353: [GC (Allocation Failure) 
Desired survivor size 524288 bytes, new threshold 1 (max 15)
[PSYoungGen: 2336K->288K(2560K)] 12065K->10049K(13824K), 0.0010664 secs] [Times: user=0.00 sys=0.00, real=0.00 secs] 
2015-04-14T20:24:10.547-0100: 1341.354: Total time for which application threads were stopped: 0.0012822 seconds, Stopping threads took: 0.0000201 seconds
2015-04-14T20:24:11.566-0100: 1342.373: [GC (Allocation Failure) 
Desired survivor size 524288 bytes, new threshold 1 (max 15)
[PSYoungGen: 2336K->288K(2560K)] 12097K->10073K(13824K), 0.0010952 secs] [Times: user=0.00 sys=0.01, real=0.00 secs] 
2015-04-14T20:24:11.567-0100: 1342.374: Total time for which application threads were stopped: 0.0012826 seconds, Stopping threads took: 0.0000213 seconds
2015-04-14T20:24:12.601-0100: 1343.408: [GC (Allocation Failure) 
Desired survivor size 524288 bytes, new threshold 1 (max 15)
[PSYoungGen: 2336K->288K(2560K)] 12121K->10089K(13824K), 0.0010974 secs] [Times: user=0.00 sys=0.00, real=0.00 secs] 
2015-04-14T20:24:12.602-0100: 1343.409: Total time for which application threads were stopped: 0.0013005 seconds, Stopping threads took: 0.0000252 seconds
2015-04-14T20:24:13.606-0100: 1344.413: [GC (Allocation Failure) 
Desired survivor size 524288 bytes, new threshold 1 (max 15)
[PSYoungGen: 2336K->256K(2560K)] 12137K->10105K(13824K), 0.0009949 secs] [Times: user=0.01 sys=0.00, real=0.00 secs] 
2015-04-14T20:24:13.607-0100: 1344.414: Total time for which application threads were stopped: 0.0011786 seconds, Stopping threads took: 0.0000226 seconds
2015-04-14T20:24:14.676-0100: 1345.483: [GC (Allocation Failure) 
Desired survivor size 524288 bytes, new threshold 1 (max 15)
[PSYoungGen: 2304K->256K(2560K)] 12153K->10137K(13824K), 0.0010744 secs] [Times: user=0.00 sys=0.00, real=0.00 secs] 
2015-04-14T20:24:14.677-0100: 1345.484: Total time for which application threads were stopped: 0.0012799 seconds, Stopping threads took: 0.0000227 seconds
2015-04-14T20:24:15.712-0100: 1346.519: [GC (Allocation Failure) 
Desired survivor size 524288 bytes, new threshold 1 (max 15)
[PSYoungGen: 2304K->256K(2560K)] 12185K->10161K(13824K), 0.0010898 secs] [Times: user=0.00 sys=0.00, real=0.00 secs] 
2015-04-14T20:24:15.713-0100: 1346.520: Total time for which application threads were stopped: 0.0012868 seconds, Stopping threads took: 0.0000232 seconds
2015-04-14T20:24:16.714-0100: 1347.521: [GC (Allocation Failure) 
Desired survivor size 524288 bytes, new threshold 1 (max 15)
[PSYoungGen: 2304K->288K(2560K)] 12209K->10225K(13824K), 0.0010286 secs] [Times: user=0.00 sys=0.00, real=0.00 secs] 
2015-04-14T20:24:16.715-0100: 1347.522: Total time for which application threads were stopped: 0.0012465 seconds, Stopping threads took: 0.0000306 seconds
2015-04-14T20:24:17.704-0100: 1348.511: [GC (Allocation Failure) 
Desired survivor size 524288 bytes, new threshold 1 (max 15)
[PSYoungGen: 2336K->256K(2560K)] 12273K->10225K(13824K), 0.0009820 secs] [Times: user=0.00 sys=0.00, real=0.00 secs] 
2015-04-14T20:24:17.705-0100: 1348.512: Total time for which application threads were stopped: 0.0011790 seconds, Stopping threads took: 0.0000247 seconds
2015-04-14T20:24:18.723-0100: 1349.530: [GC (Allocation Failure) 
Desired survivor size 524288 bytes, new threshold 1 (max 15)
[PSYoungGen: 2304K->288K(2560K)] 12273K->10281K(13824K), 0.0009744 secs] [Times: user=0.01 sys=0.00, real=0.00 secs] 
2015-04-14T20:24:18.724-0100: 1349.531: Total time for which application threads were stopped: 0.0011577 seconds, Stopping threads took: 0.0000224 seconds
2015-04-14T20:24:19.726-0100: 1350.533: [GC (Allocation Failure) 
Desired survivor size 524288 bytes, new threshold 1 (max 15)
[PSYoungGen: 2336K->256K(2560K)] 12329K->10281K(13824K), 0.0010713 secs] [Times: user=0.00 sys=0.00, real=0.00 secs] 
2015-04-14T20:24:19.727-0100: 1350.534: Total time for which application threads were stopped: 0.0012562 seconds, Stopping threads took: 0.0000212 seconds
2015-04-14T20:24:20.810-0100: 1351.617: [GC (Allocation Failure) 
Desired survivor size 524288 bytes, new threshold 1 (max 15)
[PSYoungGen: 2304K->256K(2560K)] 12329K->10305K(13824K), 0.0009737 secs] [Times: user=0.00 sys=0.00, real=0.00 secs] 
2015-04-14T20:24:20.811-0100: 1351.618: Total time for which application threads were stopped: 0.0011970 seconds, Stopping threads took: 0.0000254 seconds
2015-04-14T20:24:21.866-0100: 1352.673: [GC (Allocation Failure) 
Desired survivor size 524288 bytes, new threshold 1 (max 15)
[PSYoungGen: 2304K->256K(2560K)] 12353K->10337K(13824K), 0.0010586 secs] [Times: user=0.00 sys=0.00, real=0.00 secs] 
2015-04-14T20:24:21.867-0100: 1352.674: Total time for which application threads were stopped: 0.0012463 seconds, Stopping threads took: 0.0000222 seconds
2015-04-14T20:24:22.886-0100: 1353.693: [GC (Allocation Failure) 
Desired survivor size 524288 bytes, new threshold 1 (max 15)
[PSYoungGen: 2304K->256K(2560K)] 12385K->10369K(13824K), 0.0010776 secs] [Times: user=0.00 sys=0.00, real=0.00 secs] 
2015-04-14T20:24:22.887-0100: 1353.694: Total time for which application threads were stopped: 0.0012747 seconds, Stopping threads took: 0.0000210 seconds
2015-04-14T20:24:23.872-0100: 1354.680: [GC (Allocation Failure) 
Desired survivor size 524288 bytes, new threshold 1 (max 15)
[PSYoungGen: 2304K->256K(2560K)] 12417K->10401K(13824K), 0.0012123 secs] [Times: user=0.00 sys=0.00, real=0.00 secs] 
2015-04-14T20:24:23.874-0100: 1354.681: Total time for which application threads were stopped: 0.0014078 seconds, Stopping threads took: 0.0000223 seconds
2015-04-14T20:24:24.923-0100: 1355.730: [GC (Allocation Failure) 
Desired survivor size 524288 bytes, new threshold 1 (max 15)
[PSYoungGen: 2304K->224K(2560K)] 12449K->10401K(13824K), 0.0009974 secs] [Times: user=0.00 sys=0.00, real=0.00 secs] 
2015-04-14T20:24:24.924-0100: 1355.731: Total time for which application threads were stopped: 0.0012023 seconds, Stopping threads took: 0.0000228 seconds
2015-04-14T20:24:25.895-0100: 1356.702: [GC (Allocation Failure) 
Desired survivor size 524288 bytes, new threshold 1 (max 15)
[PSYoungGen: 2272K->256K(2560K)] 12449K->10465K(13824K), 0.0010887 secs] [Times: user=0.01 sys=0.00, real=0.00 secs] 
2015-04-14T20:24:25.896-0100: 1356.703: Total time for which application threads were stopped: 0.0012875 seconds, Stopping threads took: 0.0000237 seconds
2015-04-14T20:24:26.899-0100: 1357.706: [GC (Allocation Failure) 
Desired survivor size 524288 bytes, new threshold 1 (max 15)
[PSYoungGen: 2304K->256K(2560K)] 12513K->10497K(13824K), 0.0010412 secs] [Times: user=0.00 sys=0.00, real=0.01 secs] 
2015-04-14T20:24:26.900-0100: 1357.707: Total time for which application threads were stopped: 0.0012537 seconds, Stopping threads took: 0.0000226 seconds
2015-04-14T20:24:27.935-0100: 1358.742: [GC (Allocation Failure) 
Desired survivor size 524288 bytes, new threshold 1 (max 15)
[PSYoungGen: 2304K->288K(2560K)] 12545K->10561K(13824K), 0.0010354 secs] [Times: user=0.00 sys=0.00, real=0.00 secs] 
2015-04-14T20:24:27.936-0100: 1358.743: Total time for which application threads were stopped: 0.0012276 seconds, Stopping threads took: 0.0000234 seconds
2015-04-14T20:24:28.935-0100: 1359.743: [GC (Allocation Failure) 
Desired survivor size 524288 bytes, new threshold 1 (max 15)
[PSYoungGen: 2336K->256K(2560K)] 12609K->10561K(13824K), 0.0010159 secs] [Times: user=0.00 sys=0.00, real=0.00 secs] 
2015-04-14T20:24:28.937-0100: 1359.744: Total time for which application threads were stopped: 0.0012161 seconds, Stopping threads took: 0.0000267 seconds
2015-04-14T20:24:29.923-0100: 1360.731: [GC (Allocation Failure) 
Desired survivor size 524288 bytes, new threshold 1 (max 15)
[PSYoungGen: 2304K->288K(2560K)] 12609K->10633K(13824K), 0.0010377 secs] [Times: user=0.00 sys=0.00, real=0.00 secs] 
2015-04-14T20:24:29.924-0100: 1360.732: Total time for which application threads were stopped: 0.0012271 seconds, Stopping threads took: 0.0000207 seconds
2015-04-14T20:24:30.977-0100: 1361.785: [GC (Allocation Failure) 
Desired survivor size 524288 bytes, new threshold 1 (max 15)
[PSYoungGen: 2336K->288K(2560K)] 12681K->10657K(13824K), 0.0010902 secs] [Times: user=0.01 sys=0.00, real=0.00 secs] 
2015-04-14T20:24:30.979-0100: 1361.786: Total time for which application threads were stopped: 0.0012876 seconds, Stopping threads took: 0.0000226 seconds
2015-04-14T20:24:32.062-0100: 1362.869: [GC (Allocation Failure) 
Desired survivor size 524288 bytes, new threshold 1 (max 15)
[PSYoungGen: 2336K->256K(2560K)] 12705K->10657K(13824K), 0.0010631 secs] [Times: user=0.00 sys=0.00, real=0.00 secs] 
2015-04-14T20:24:32.063-0100: 1362.871: Total time for which application threads were stopped: 0.0012732 seconds, Stopping threads took: 0.0000260 seconds
2015-04-14T20:24:33.035-0100: 1363.842: [GC (Allocation Failure) 
Desired survivor size 524288 bytes, new threshold 1 (max 15)
[PSYoungGen: 2304K->288K(2560K)] 12705K->10721K(13824K), 0.0010666 secs] [Times: user=0.00 sys=0.00, real=0.00 secs] 
2015-04-14T20:24:33.036-0100: 1363.844: Total time for which application threads were stopped: 0.0012593 seconds, Stopping threads took: 0.0000237 seconds
2015-04-14T20:24:34.055-0100: 1364.862: [GC (Allocation Failure) 
Desired survivor size 524288 bytes, new threshold 1 (max 15)
[PSYoungGen: 2336K->256K(2560K)] 12769K->10713K(13824K), 0.0010714 secs] [Times: user=0.01 sys=0.00, real=0.00 secs] 
2015-04-14T20:24:34.056-0100: 1364.863: Total time for which application threads were stopped: 0.0012686 seconds, Stopping threads took: 0.0000240 seconds
2015-04-14T20:24:35.158-0100: 1365.965: [GC (Allocation Failure) 
Desired survivor size 524288 bytes, new threshold 1 (max 15)
[PSYoungGen: 2304K->288K(2560K)] 12761K->10769K(13824K), 0.0011241 secs] [Times: user=0.01 sys=0.00, real=0.00 secs] 
2015-04-14T20:24:35.159-0100: 1365.966: Total time for which application threads were stopped: 0.0013314 seconds, Stopping threads took: 0.0000215 seconds
2015-04-14T20:24:36.225-0100: 1367.032: [GC (Allocation Failure) 
Desired survivor size 524288 bytes, new threshold 1 (max 15)
[PSYoungGen: 2336K->288K(2560K)] 12817K->10801K(13824K), 0.0010502 secs] [Times: user=0.01 sys=0.00, real=0.00 secs] 
2015-04-14T20:24:36.226-0100: 1367.033: Total time for which application threads were stopped: 0.0012600 seconds, Stopping threads took: 0.0000245 seconds
2015-04-14T20:24:37.281-0100: 1368.089: [GC (Allocation Failure) 
Desired survivor size 524288 bytes, new threshold 1 (max 15)
[PSYoungGen: 2336K->256K(2560K)] 12849K->10793K(13824K), 0.0009930 secs] [Times: user=0.00 sys=0.00, real=0.00 secs] 
2015-04-14T20:24:37.283-0100: 1368.090: Total time for which application threads were stopped: 0.0011747 seconds, Stopping threads took: 0.0000195 seconds
2015-04-14T20:24:38.316-0100: 1369.123: [GC (Allocation Failure) 
Desired survivor size 524288 bytes, new threshold 1 (max 15)
[PSYoungGen: 2304K->256K(2560K)] 12841K->10825K(13824K), 0.0010752 secs] [Times: user=0.00 sys=0.00, real=0.00 secs] 
2015-04-14T20:24:38.317-0100: 1369.124: Total time for which application threads were stopped: 0.0012687 seconds, Stopping threads took: 0.0000217 seconds
2015-04-14T20:24:39.337-0100: 1370.145: [GC (Allocation Failure) 
Desired survivor size 524288 bytes, new threshold 1 (max 15)
[PSYoungGen: 2304K->256K(2560K)] 12873K->10857K(13824K), 0.0011082 secs] [Times: user=0.00 sys=0.00, real=0.00 secs] 
2015-04-14T20:24:39.339-0100: 1370.146: Total time for which application threads were stopped: 0.0013052 seconds, Stopping threads took: 0.0000226 seconds
2015-04-14T20:24:40.322-0100: 1371.130: [GC (Allocation Failure) 
Desired survivor size 524288 bytes, new threshold 1 (max 15)
[PSYoungGen: 2304K->288K(2560K)] 12905K->10921K(13824K), 0.0010272 secs] [Times: user=0.00 sys=0.00, real=0.00 secs] 
2015-04-14T20:24:40.324-0100: 1371.131: Total time for which application threads were stopped: 0.0012120 seconds, Stopping threads took: 0.0000213 seconds
2015-04-14T20:24:41.260-0100: 1372.068: [GC (Allocation Failure) 
Desired survivor size 524288 bytes, new threshold 1 (max 15)
[PSYoungGen: 2336K->288K(2560K)] 12969K->10953K(13824K), 0.0010409 secs] [Times: user=0.00 sys=0.01, real=0.00 secs] 
2015-04-14T20:24:41.261-0100: 1372.069: Total time for which application threads were stopped: 0.0012401 seconds, Stopping threads took: 0.0000216 seconds
2015-04-14T20:24:42.193-0100: 1373.001: [GC (Allocation Failure) 
Desired survivor size 524288 bytes, new threshold 1 (max 15)
[PSYoungGen: 2336K->288K(2560K)] 13001K->10993K(13824K), 0.0011026 secs] [Times: user=0.00 sys=0.00, real=0.00 secs] 
2015-04-14T20:24:42.195-0100: 1373.002: Total time for which application threads were stopped: 0.0013009 seconds, Stopping threads took: 0.0000210 seconds
2015-04-14T20:24:43.131-0100: 1373.939: [GC (Allocation Failure) 
Desired survivor size 524288 bytes, new threshold 1 (max 15)
[PSYoungGen: 2336K->256K(2560K)] 13041K->11001K(13824K), 0.0010387 secs] [Times: user=0.00 sys=0.00, real=0.00 secs] 
2015-04-14T20:24:43.132-0100: 1373.940: Total time for which application threads were stopped: 0.0012320 seconds, Stopping threads took: 0.0000232 seconds
2015-04-14T20:24:43.986-0100: 1374.793: [GC (Allocation Failure) 
Desired survivor size 524288 bytes, new threshold 1 (max 15)
[PSYoungGen: 2304K->256K(2560K)] 13049K->11033K(13824K), 0.0010494 secs] [Times: user=0.00 sys=0.00, real=0.00 secs] 
2015-04-14T20:24:43.987-0100: 1374.795: Total time for which application threads were stopped: 0.0012343 seconds, Stopping threads took: 0.0000201 seconds
2015-04-14T20:24:44.822-0100: 1375.629: [GC (Allocation Failure) 
Desired survivor size 524288 bytes, new threshold 1 (max 15)
[PSYoungGen: 2304K->256K(2560K)] 13081K->11065K(13824K), 0.0010628 secs] [Times: user=0.00 sys=0.00, real=0.00 secs] 
2015-04-14T20:24:44.823-0100: 1375.630: Total time for which application threads were stopped: 0.0012466 seconds, Stopping threads took: 0.0000213 seconds
2015-04-14T20:24:45.690-0100: 1376.498: [GC (Allocation Failure) 
Desired survivor size 524288 bytes, new threshold 1 (max 15)
[PSYoungGen: 2304K->256K(2560K)] 13113K->11097K(13824K), 0.0011247 secs] [Times: user=0.01 sys=0.00, real=0.00 secs] 
2015-04-14T20:24:45.691-0100: 1376.499: Total time for which application threads were stopped: 0.0013203 seconds, Stopping threads took: 0.0000221 seconds
2015-04-14T20:24:46.558-0100: 1377.366: [GC (Allocation Failure) 
Desired survivor size 524288 bytes, new threshold 1 (max 15)
[PSYoungGen: 2304K->256K(2560K)] 13145K->11137K(13824K), 0.0010433 secs] [Times: user=0.00 sys=0.00, real=0.01 secs] 
2015-04-14T20:24:46.560-0100: 1377.367: Total time for which application threads were stopped: 0.0012361 seconds, Stopping threads took: 0.0000233 seconds
2015-04-14T20:24:47.396-0100: 1378.203: [GC (Allocation Failure) 
Desired survivor size 524288 bytes, new threshold 1 (max 15)
[PSYoungGen: 2304K->288K(2560K)] 13185K->11201K(13824K), 0.0010399 secs] [Times: user=0.00 sys=0.00, real=0.00 secs] 
2015-04-14T20:24:47.397-0100: 1378.205: Total time for which application threads were stopped: 0.0012358 seconds, Stopping threads took: 0.0000237 seconds
2015-04-14T20:24:48.363-0100: 1379.171: [GC (Allocation Failure) 
Desired survivor size 524288 bytes, new threshold 1 (max 15)
[PSYoungGen: 2336K->288K(2560K)] 13249K->11233K(13824K), 0.0010939 secs] [Times: user=0.00 sys=0.00, real=0.00 secs] 
2015-04-14T20:24:48.364-0100: 1379.172: Total time for which application threads were stopped: 0.0012807 seconds, Stopping threads took: 0.0000222 seconds
2015-04-14T20:24:49.300-0100: 1380.107: [GC (Allocation Failure) 
Desired survivor size 524288 bytes, new threshold 1 (max 15)
[PSYoungGen: 2336K->256K(2560K)] 13281K->11233K(13824K), 0.0011530 secs] [Times: user=0.01 sys=0.00, real=0.00 secs] 
2015-04-14T20:24:49.301-0100: 1380.109: Total time for which application threads were stopped: 0.0013716 seconds, Stopping threads took: 0.0000241 seconds
2015-04-14T20:24:50.204-0100: 1381.012: [GC (Allocation Failure) 
Desired survivor size 524288 bytes, new threshold 1 (max 15)
[PSYoungGen: 2304K->288K(2560K)] 13281K->11297K(13824K), 0.0010488 secs] [Times: user=0.01 sys=0.00, real=0.00 secs] 
2015-04-14T20:24:50.205-0100: 1381.013: Total time for which application threads were stopped: 0.0012406 seconds, Stopping threads took: 0.0000206 seconds
2015-04-14T20:24:51.204-0100: 1382.012: [GC (Allocation Failure) 
Desired survivor size 524288 bytes, new threshold 1 (max 15)
[PSYoungGen: 2336K->256K(2560K)] 13345K->11305K(13824K), 0.0010832 secs] [Times: user=0.01 sys=0.00, real=0.00 secs] 
2015-04-14T20:24:51.206-0100: 1382.013: Total time for which application threads were stopped: 0.0013214 seconds, Stopping threads took: 0.0000238 seconds
2015-04-14T20:24:52.228-0100: 1383.036: [GC (Allocation Failure) 
Desired survivor size 524288 bytes, new threshold 1 (max 15)
[PSYoungGen: 2304K->256K(2560K)] 13353K->11329K(13824K), 0.0010391 secs] [Times: user=0.00 sys=0.00, real=0.00 secs] 
2015-04-14T20:24:52.229-0100: 1383.037: Total time for which application threads were stopped: 0.0012275 seconds, Stopping threads took: 0.0000225 seconds
2015-04-14T20:24:53.269-0100: 1384.077: [GC (Allocation Failure) 
Desired survivor size 524288 bytes, new threshold 1 (max 15)
[PSYoungGen: 2304K->288K(2560K)] 13377K->11393K(13824K), 0.0011981 secs] [Times: user=0.01 sys=0.00, real=0.01 secs] 
2015-04-14T20:24:53.271-0100: 1384.078: Total time for which application threads were stopped: 0.0014665 seconds, Stopping threads took: 0.0000350 seconds
2015-04-14T20:24:54.318-0100: 1385.125: [GC (Allocation Failure) 
Desired survivor size 524288 bytes, new threshold 1 (max 15)
[PSYoungGen: 2336K->256K(2560K)] 13441K->11385K(13824K), 0.0010309 secs] [Times: user=0.00 sys=0.00, real=0.00 secs] 
2015-04-14T20:24:54.319-0100: 1385.127: Total time for which application threads were stopped: 0.0012352 seconds, Stopping threads took: 0.0000225 seconds
2015-04-14T20:24:55.355-0100: 1386.162: [GC (Allocation Failure) 
Desired survivor size 524288 bytes, new threshold 1 (max 15)
[PSYoungGen: 2304K->288K(2560K)] 13433K->11449K(13824K), 0.0011149 secs] [Times: user=0.00 sys=0.00, real=0.00 secs] 
2015-04-14T20:24:55.356-0100: 1386.164: Total time for which application threads were stopped: 0.0013283 seconds, Stopping threads took: 0.0000234 seconds
2015-04-14T20:24:56.388-0100: 1387.196: [GC (Allocation Failure) 
Desired survivor size 524288 bytes, new threshold 1 (max 15)
[PSYoungGen: 2336K->256K(2560K)] 13497K->11441K(13824K), 0.0010923 secs] [Times: user=0.00 sys=0.00, real=0.00 secs] 
2015-04-14T20:24:56.389-0100: 1387.197: Total time for which application threads were stopped: 0.0013153 seconds, Stopping threads took: 0.0000250 seconds
2015-04-14T20:24:57.377-0100: 1388.185: [GC (Allocation Failure) 
Desired survivor size 524288 bytes, new threshold 1 (max 15)
[PSYoungGen: 2304K->288K(2560K)] 13489K->11505K(13824K), 0.0010470 secs] [Times: user=0.00 sys=0.00, real=0.00 secs] 
2015-04-14T20:24:57.378-0100: 1388.186: Total time for which application threads were stopped: 0.0012612 seconds, Stopping threads took: 0.0000230 seconds
2015-04-14T20:24:58.380-0100: 1389.188: [GC (Allocation Failure) 
Desired survivor size 524288 bytes, new threshold 1 (max 15)
[PSYoungGen: 2336K->288K(2560K)] 13553K->11545K(13824K), 0.0011096 secs] [Times: user=0.00 sys=0.00, real=0.00 secs] 
2015-04-14T20:24:58.381-0100: 1389.189: [Full GC (Ergonomics) [PSYoungGen: 288K->0K(2560K)] [ParOldGen: 11257K->8369K(11264K)] 11545K->8369K(13824K), [Metaspace: 17883K->17883K(1064960K)], 0.0187382 secs] [Times: user=0.06 sys=0.00, real=0.02 secs] 
2015-04-14T20:24:58.400-0100: 1389.208: Total time for which application threads were stopped: 0.0201456 seconds, Stopping threads took: 0.0000229 seconds
2015-04-14T20:24:59.431-0100: 1390.239: [GC (Allocation Failure) 
Desired survivor size 524288 bytes, new threshold 1 (max 15)
[PSYoungGen: 2048K->256K(2560K)] 10417K->8625K(13824K), 0.0009127 secs] [Times: user=0.01 sys=0.00, real=0.00 secs] 
2015-04-14T20:24:59.432-0100: 1390.240: Total time for which application threads were stopped: 0.0010865 seconds, Stopping threads took: 0.0000266 seconds
2015-04-14T20:25:00.285-0100: 1391.093: [GC (Allocation Failure) 
Desired survivor size 524288 bytes, new threshold 1 (max 15)
[PSYoungGen: 2304K->288K(2560K)] 10673K->8681K(13824K), 0.0011028 secs] [Times: user=0.00 sys=0.00, real=0.00 secs] 
2015-04-14T20:25:00.287-0100: 1391.094: Total time for which application threads were stopped: 0.0012901 seconds, Stopping threads took: 0.0000203 seconds
2015-04-14T20:25:01.273-0100: 1392.081: [GC (Allocation Failure) 
Desired survivor size 524288 bytes, new threshold 1 (max 15)
[PSYoungGen: 2336K->288K(2560K)] 10729K->8721K(13824K), 0.0010941 secs] [Times: user=0.00 sys=0.01, real=0.00 secs] 
2015-04-14T20:25:01.274-0100: 1392.082: Total time for which application threads were stopped: 0.0012807 seconds, Stopping threads took: 0.0000228 seconds
2015-04-14T20:25:02.292-0100: 1393.100: [GC (Allocation Failure) 
Desired survivor size 524288 bytes, new threshold 1 (max 15)
[PSYoungGen: 2336K->256K(2560K)] 10769K->8721K(13824K), 0.0010568 secs] [Times: user=0.00 sys=0.01, real=0.00 secs] 
2015-04-14T20:25:02.293-0100: 1393.101: Total time for which application threads were stopped: 0.0012712 seconds, Stopping threads took: 0.0000233 seconds
2015-04-14T20:25:03.360-0100: 1394.168: [GC (Allocation Failure) 
Desired survivor size 524288 bytes, new threshold 1 (max 15)
[PSYoungGen: 2304K->256K(2560K)] 10769K->8745K(13824K), 0.0010292 secs] [Times: user=0.00 sys=0.00, real=0.00 secs] 
2015-04-14T20:25:03.362-0100: 1394.170: Total time for which application threads were stopped: 0.0012755 seconds, Stopping threads took: 0.0000597 seconds
2015-04-14T20:25:04.448-0100: 1395.256: [GC (Allocation Failure) 
Desired survivor size 524288 bytes, new threshold 1 (max 15)
[PSYoungGen: 2304K->256K(2560K)] 10793K->8777K(13824K), 0.0011173 secs] [Times: user=0.00 sys=0.00, real=0.00 secs] 
2015-04-14T20:25:04.450-0100: 1395.257: Total time for which application threads were stopped: 0.0013130 seconds, Stopping threads took: 0.0000229 seconds
2015-04-14T20:25:05.469-0100: 1396.277: [GC (Allocation Failure) 
Desired survivor size 524288 bytes, new threshold 1 (max 15)
[PSYoungGen: 2304K->288K(2560K)] 10825K->8833K(13824K), 0.0009658 secs] [Times: user=0.01 sys=0.00, real=0.01 secs] 
2015-04-14T20:25:05.470-0100: 1396.278: Total time for which application threads were stopped: 0.0011392 seconds, Stopping threads took: 0.0000195 seconds
2015-04-14T20:25:06.473-0100: 1397.281: [GC (Allocation Failure) 
Desired survivor size 524288 bytes, new threshold 1 (max 15)
[PSYoungGen: 2336K->256K(2560K)] 10881K->8833K(13824K), 0.0010510 secs] [Times: user=0.01 sys=0.00, real=0.00 secs] 
2015-04-14T20:25:06.474-0100: 1397.282: Total time for which application threads were stopped: 0.0012702 seconds, Stopping threads took: 0.0000223 seconds
2015-04-14T20:25:07.490-0100: 1398.298: [GC (Allocation Failure) 
Desired survivor size 524288 bytes, new threshold 1 (max 15)
[PSYoungGen: 2304K->256K(2560K)] 10881K->8873K(13824K), 0.0010027 secs] [Times: user=0.01 sys=0.00, real=0.00 secs] 
2015-04-14T20:25:07.491-0100: 1398.299: Total time for which application threads were stopped: 0.0012230 seconds, Stopping threads took: 0.0000249 seconds
2015-04-14T20:25:08.495-0100: 1399.303: [GC (Allocation Failure) 
Desired survivor size 524288 bytes, new threshold 1 (max 15)
[PSYoungGen: 2304K->288K(2560K)] 10921K->8953K(13824K), 0.0010347 secs] [Times: user=0.00 sys=0.00, real=0.00 secs] 
2015-04-14T20:25:08.496-0100: 1399.304: Total time for which application threads were stopped: 0.0012169 seconds, Stopping threads took: 0.0000224 seconds
2015-04-14T20:25:09.583-0100: 1400.391: [GC (Allocation Failure) 
Desired survivor size 524288 bytes, new threshold 1 (max 15)
[PSYoungGen: 2336K->256K(2560K)] 11001K->8961K(13824K), 0.0011250 secs] [Times: user=0.00 sys=0.00, real=0.00 secs] 
2015-04-14T20:25:09.584-0100: 1400.392: Total time for which application threads were stopped: 0.0013144 seconds, Stopping threads took: 0.0000218 seconds
2015-04-14T20:25:10.619-0100: 1401.427: [GC (Allocation Failure) 
Desired survivor size 524288 bytes, new threshold 1 (max 15)
[PSYoungGen: 2304K->288K(2560K)] 11009K->9025K(13824K), 0.0011022 secs] [Times: user=0.00 sys=0.00, real=0.01 secs] 
2015-04-14T20:25:10.620-0100: 1401.428: Total time for which application threads were stopped: 0.0012913 seconds, Stopping threads took: 0.0000227 seconds
2015-04-14T20:25:11.619-0100: 1402.427: [GC (Allocation Failure) 
Desired survivor size 524288 bytes, new threshold 1 (max 15)
[PSYoungGen: 2336K->224K(2560K)] 11073K->8993K(13824K), 0.0011113 secs] [Times: user=0.00 sys=0.00, real=0.01 secs] 
2015-04-14T20:25:11.620-0100: 1402.428: Total time for which application threads were stopped: 0.0013372 seconds, Stopping threads took: 0.0000247 seconds
2015-04-14T20:25:12.625-0100: 1403.433: [GC (Allocation Failure) 
Desired survivor size 524288 bytes, new threshold 1 (max 15)
[PSYoungGen: 2272K->288K(2560K)] 11041K->9081K(13824K), 0.0010059 secs] [Times: user=0.01 sys=0.01, real=0.00 secs] 
2015-04-14T20:25:12.626-0100: 1403.434: Total time for which application threads were stopped: 0.0011809 seconds, Stopping threads took: 0.0000222 seconds
2015-04-14T20:25:13.646-0100: 1404.454: [GC (Allocation Failure) 
Desired survivor size 524288 bytes, new threshold 1 (max 15)
[PSYoungGen: 2336K->224K(2560K)] 11129K->9041K(13824K), 0.0010534 secs] [Times: user=0.01 sys=0.00, real=0.00 secs] 
2015-04-14T20:25:13.647-0100: 1404.455: Total time for which application threads were stopped: 0.0012395 seconds, Stopping threads took: 0.0000207 seconds
2015-04-14T20:25:14.631-0100: 1405.440: [GC (Allocation Failure) 
Desired survivor size 524288 bytes, new threshold 1 (max 15)
[PSYoungGen: 2272K->288K(2560K)] 11089K->9137K(13824K), 0.0010912 secs] [Times: user=0.00 sys=0.01, real=0.00 secs] 
2015-04-14T20:25:14.633-0100: 1405.441: Total time for which application threads were stopped: 0.0012780 seconds, Stopping threads took: 0.0000214 seconds
2015-04-14T20:25:15.651-0100: 1406.459: [GC (Allocation Failure) 
Desired survivor size 524288 bytes, new threshold 1 (max 15)
[PSYoungGen: 2336K->256K(2560K)] 11185K->9129K(13824K), 0.0010834 secs] [Times: user=0.00 sys=0.01, real=0.00 secs] 
2015-04-14T20:25:15.652-0100: 1406.460: Total time for which application threads were stopped: 0.0012953 seconds, Stopping threads took: 0.0000221 seconds
2015-04-14T20:25:16.719-0100: 1407.527: [GC (Allocation Failure) 
Desired survivor size 524288 bytes, new threshold 1 (max 15)
[PSYoungGen: 2304K->288K(2560K)] 11177K->9185K(13824K), 0.0013559 secs] [Times: user=0.01 sys=0.00, real=0.01 secs] 
2015-04-14T20:25:16.721-0100: 1407.529: Total time for which application threads were stopped: 0.0015686 seconds, Stopping threads took: 0.0000259 seconds
2015-04-14T20:25:17.707-0100: 1408.516: [GC (Allocation Failure) 
Desired survivor size 524288 bytes, new threshold 1 (max 15)
[PSYoungGen: 2336K->256K(2560K)] 11233K->9177K(13824K), 0.0010172 secs] [Times: user=0.01 sys=0.00, real=0.00 secs] 
2015-04-14T20:25:17.708-0100: 1408.517: Total time for which application threads were stopped: 0.0012022 seconds, Stopping threads took: 0.0000201 seconds
2015-04-14T20:25:18.745-0100: 1409.553: [GC (Allocation Failure) 
Desired survivor size 524288 bytes, new threshold 1 (max 15)
[PSYoungGen: 2304K->256K(2560K)] 11225K->9217K(13824K), 0.0010183 secs] [Times: user=0.00 sys=0.00, real=0.00 secs] 
2015-04-14T20:25:18.746-0100: 1409.554: Total time for which application threads were stopped: 0.0012108 seconds, Stopping threads took: 0.0000231 seconds
2015-04-14T20:25:19.763-0100: 1410.571: [GC (Allocation Failure) 
Desired survivor size 524288 bytes, new threshold 1 (max 15)
[PSYoungGen: 2304K->256K(2560K)] 11265K->9249K(13824K), 0.0010252 secs] [Times: user=0.01 sys=0.00, real=0.00 secs] 
2015-04-14T20:25:19.764-0100: 1410.572: Total time for which application threads were stopped: 0.0012192 seconds, Stopping threads took: 0.0000211 seconds
2015-04-14T20:25:20.809-0100: 1411.618: [GC (Allocation Failure) 
Desired survivor size 524288 bytes, new threshold 1 (max 15)
[PSYoungGen: 2304K->288K(2560K)] 11297K->9313K(13824K), 0.0011047 secs] [Times: user=0.00 sys=0.00, real=0.01 secs] 
2015-04-14T20:25:20.811-0100: 1411.619: Total time for which application threads were stopped: 0.0013613 seconds, Stopping threads took: 0.0000368 seconds
2015-04-14T20:25:21.853-0100: 1412.661: [GC (Allocation Failure) 
Desired survivor size 524288 bytes, new threshold 1 (max 15)
[PSYoungGen: 2336K->256K(2560K)] 11361K->9305K(13824K), 0.0009974 secs] [Times: user=0.00 sys=0.00, real=0.00 secs] 
2015-04-14T20:25:21.854-0100: 1412.662: Total time for which application threads were stopped: 0.0012111 seconds, Stopping threads took: 0.0000217 seconds
2015-04-14T20:25:22.891-0100: 1413.699: [GC (Allocation Failure) 
Desired survivor size 524288 bytes, new threshold 1 (max 15)
[PSYoungGen: 2304K->256K(2560K)] 11353K->9337K(13824K), 0.0011092 secs] [Times: user=0.00 sys=0.00, real=0.00 secs] 
2015-04-14T20:25:22.892-0100: 1413.700: Total time for which application threads were stopped: 0.0013161 seconds, Stopping threads took: 0.0000237 seconds
2015-04-14T20:25:23.908-0100: 1414.717: [GC (Allocation Failure) 
Desired survivor size 524288 bytes, new threshold 1 (max 15)
[PSYoungGen: 2304K->288K(2560K)] 11385K->9409K(13824K), 0.0010410 secs] [Times: user=0.01 sys=0.00, real=0.00 secs] 
2015-04-14T20:25:23.909-0100: 1414.718: Total time for which application threads were stopped: 0.0012503 seconds, Stopping threads took: 0.0000277 seconds
2015-04-14T20:25:24.912-0100: 1415.721: [GC (Allocation Failure) 
Desired survivor size 524288 bytes, new threshold 1 (max 15)
[PSYoungGen: 2336K->128K(2560K)] 11457K->9265K(13824K), 0.0010497 secs] [Times: user=0.01 sys=0.00, real=0.00 secs] 
2015-04-14T20:25:24.914-0100: 1415.722: Total time for which application threads were stopped: 0.0012198 seconds, Stopping threads took: 0.0000202 seconds
2015-04-14T20:25:25.984-0100: 1416.793: [GC (Allocation Failure) 
Desired survivor size 524288 bytes, new threshold 1 (max 15)
[PSYoungGen: 2176K->256K(2560K)] 11313K->9425K(13824K), 0.0010478 secs] [Times: user=0.01 sys=0.00, real=0.00 secs] 
2015-04-14T20:25:25.985-0100: 1416.794: Total time for which application threads were stopped: 0.0012355 seconds, Stopping threads took: 0.0000208 seconds
2015-04-14T20:25:27.019-0100: 1417.827: [GC (Allocation Failure) 
Desired survivor size 524288 bytes, new threshold 1 (max 15)
[PSYoungGen: 2304K->256K(2560K)] 11473K->9465K(13824K), 0.0010443 secs] [Times: user=0.01 sys=0.00, real=0.01 secs] 
2015-04-14T20:25:27.020-0100: 1417.828: Total time for which application threads were stopped: 0.0012420 seconds, Stopping threads took: 0.0000228 seconds
2015-04-14T20:25:28.021-0100: 1418.829: [GC (Allocation Failure) 
Desired survivor size 524288 bytes, new threshold 1 (max 15)
[PSYoungGen: 2304K->288K(2560K)] 11513K->9529K(13824K), 0.0011012 secs] [Times: user=0.00 sys=0.00, real=0.00 secs] 
2015-04-14T20:25:28.022-0100: 1418.831: Total time for which application threads were stopped: 0.0013083 seconds, Stopping threads took: 0.0000265 seconds
2015-04-14T20:25:28.994-0100: 1419.802: [GC (Allocation Failure) 
Desired survivor size 524288 bytes, new threshold 1 (max 15)
[PSYoungGen: 2336K->256K(2560K)] 11577K->9537K(13824K), 0.0010824 secs] [Times: user=0.00 sys=0.00, real=0.00 secs] 
2015-04-14T20:25:28.995-0100: 1419.803: Total time for which application threads were stopped: 0.0012669 seconds, Stopping threads took: 0.0000222 seconds
2015-04-14T20:25:29.995-0100: 1420.803: [GC (Allocation Failure) 
Desired survivor size 524288 bytes, new threshold 1 (max 15)
[PSYoungGen: 2304K->256K(2560K)] 11585K->9569K(13824K), 0.0010628 secs] [Times: user=0.00 sys=0.00, real=0.00 secs] 
2015-04-14T20:25:29.996-0100: 1420.805: Total time for which application threads were stopped: 0.0012598 seconds, Stopping threads took: 0.0000238 seconds
2015-04-14T20:25:31.033-0100: 1421.842: [GC (Allocation Failure) 
Desired survivor size 524288 bytes, new threshold 1 (max 15)
[PSYoungGen: 2304K->256K(2560K)] 11617K->9593K(13824K), 0.0010855 secs] [Times: user=0.00 sys=0.00, real=0.00 secs] 
2015-04-14T20:25:31.034-0100: 1421.843: Total time for which application threads were stopped: 0.0012872 seconds, Stopping threads took: 0.0000231 seconds
2015-04-14T20:25:32.032-0100: 1422.840: [GC (Allocation Failure) 
Desired survivor size 524288 bytes, new threshold 1 (max 15)
[PSYoungGen: 2304K->192K(2560K)] 11641K->9545K(13824K), 0.0009901 secs] [Times: user=0.01 sys=0.00, real=0.00 secs] 
2015-04-14T20:25:32.033-0100: 1422.841: Total time for which application threads were stopped: 0.0012242 seconds, Stopping threads took: 0.0000256 seconds
2015-04-14T20:25:33.057-0100: 1423.865: [GC (Allocation Failure) 
Desired survivor size 524288 bytes, new threshold 1 (max 15)
[PSYoungGen: 2240K->256K(2560K)] 11593K->9649K(13824K), 0.0010884 secs] [Times: user=0.00 sys=0.01, real=0.00 secs] 
2015-04-14T20:25:33.058-0100: 1423.866: Total time for which application threads were stopped: 0.0012861 seconds, Stopping threads took: 0.0000220 seconds
2015-04-14T20:25:34.093-0100: 1424.902: [GC (Allocation Failure) 
Desired survivor size 524288 bytes, new threshold 1 (max 15)
[PSYoungGen: 2304K->288K(2560K)] 11697K->9705K(13824K), 0.0010649 secs] [Times: user=0.00 sys=0.00, real=0.00 secs] 
2015-04-14T20:25:34.094-0100: 1424.903: Total time for which application threads were stopped: 0.0012656 seconds, Stopping threads took: 0.0000239 seconds
2015-04-14T20:25:35.113-0100: 1425.921: [GC (Allocation Failure) 
Desired survivor size 524288 bytes, new threshold 1 (max 15)
[PSYoungGen: 2336K->256K(2560K)] 11753K->9705K(13824K), 0.0008633 secs] [Times: user=0.00 sys=0.00, real=0.00 secs] 
2015-04-14T20:25:35.114-0100: 1425.922: Total time for which application threads were stopped: 0.0010335 seconds, Stopping threads took: 0.0000202 seconds
2015-04-14T20:25:36.112-0100: 1426.920: [GC (Allocation Failure) 
Desired survivor size 524288 bytes, new threshold 1 (max 15)
[PSYoungGen: 2304K->256K(2560K)] 11753K->9729K(13824K), 0.0015409 secs] [Times: user=0.00 sys=0.00, real=0.00 secs] 
2015-04-14T20:25:36.114-0100: 1426.922: Total time for which application threads were stopped: 0.0019279 seconds, Stopping threads took: 0.0001080 seconds
2015-04-14T20:25:37.135-0100: 1427.943: [GC (Allocation Failure) 
Desired survivor size 524288 bytes, new threshold 1 (max 15)
[PSYoungGen: 2304K->256K(2560K)] 11777K->9769K(13824K), 0.0010346 secs] [Times: user=0.00 sys=0.00, real=0.00 secs] 
2015-04-14T20:25:37.136-0100: 1427.944: Total time for which application threads were stopped: 0.0012189 seconds, Stopping threads took: 0.0000224 seconds
2015-04-14T20:25:38.189-0100: 1428.998: [GC (Allocation Failure) 
Desired survivor size 524288 bytes, new threshold 1 (max 15)
[PSYoungGen: 2304K->256K(2560K)] 11817K->9793K(13824K), 0.0010518 secs] [Times: user=0.00 sys=0.00, real=0.01 secs] 
2015-04-14T20:25:38.190-0100: 1428.999: Total time for which application threads were stopped: 0.0012636 seconds, Stopping threads took: 0.0000229 seconds
2015-04-14T20:25:39.224-0100: 1430.033: [GC (Allocation Failure) 
Desired survivor size 524288 bytes, new threshold 1 (max 15)
[PSYoungGen: 2304K->256K(2560K)] 11841K->9817K(13824K), 0.0010298 secs] [Times: user=0.00 sys=0.00, real=0.00 secs] 
2015-04-14T20:25:39.225-0100: 1430.034: Total time for which application threads were stopped: 0.0012247 seconds, Stopping threads took: 0.0000218 seconds
2015-04-14T20:25:40.177-0100: 1430.986: [GC (Allocation Failure) 
Desired survivor size 524288 bytes, new threshold 1 (max 15)
[PSYoungGen: 2304K->288K(2560K)] 11865K->9881K(13824K), 0.0010773 secs] [Times: user=0.01 sys=0.00, real=0.00 secs] 
2015-04-14T20:25:40.179-0100: 1430.987: Total time for which application threads were stopped: 0.0012914 seconds, Stopping threads took: 0.0000236 seconds
2015-04-14T20:25:41.147-0100: 1431.955: [GC (Allocation Failure) 
Desired survivor size 524288 bytes, new threshold 1 (max 15)
[PSYoungGen: 2336K->288K(2560K)] 11929K->9913K(13824K), 0.0010737 secs] [Times: user=0.00 sys=0.00, real=0.00 secs] 
2015-04-14T20:25:41.148-0100: 1431.956: Total time for which application threads were stopped: 0.0012612 seconds, Stopping threads took: 0.0000225 seconds
2015-04-14T20:25:42.066-0100: 1432.875: [GC (Allocation Failure) 
Desired survivor size 524288 bytes, new threshold 1 (max 15)
[PSYoungGen: 2336K->288K(2560K)] 11961K->9953K(13824K), 0.0010616 secs] [Times: user=0.00 sys=0.00, real=0.00 secs] 
2015-04-14T20:25:42.067-0100: 1432.876: Total time for which application threads were stopped: 0.0012534 seconds, Stopping threads took: 0.0000210 seconds
2015-04-14T20:25:42.985-0100: 1433.794: [GC (Allocation Failure) 
Desired survivor size 524288 bytes, new threshold 1 (max 15)
[PSYoungGen: 2336K->256K(2560K)] 12001K->9945K(13824K), 0.0010377 secs] [Times: user=0.01 sys=0.00, real=0.00 secs] 
2015-04-14T20:25:42.986-0100: 1433.795: Total time for which application threads were stopped: 0.0012349 seconds, Stopping threads took: 0.0000222 seconds
2015-04-14T20:25:43.841-0100: 1434.650: [GC (Allocation Failure) 
Desired survivor size 524288 bytes, new threshold 1 (max 15)
[PSYoungGen: 2304K->256K(2560K)] 11993K->9985K(13824K), 0.0010125 secs] [Times: user=0.01 sys=0.00, real=0.00 secs] 
2015-04-14T20:25:43.842-0100: 1434.651: Total time for which application threads were stopped: 0.0012168 seconds, Stopping threads took: 0.0000218 seconds
2015-04-14T20:25:44.676-0100: 1435.485: [GC (Allocation Failure) 
Desired survivor size 524288 bytes, new threshold 1 (max 15)
[PSYoungGen: 2304K->288K(2560K)] 12033K->10041K(13824K), 0.0011225 secs] [Times: user=0.01 sys=0.00, real=0.00 secs] 
2015-04-14T20:25:44.677-0100: 1435.486: Total time for which application threads were stopped: 0.0013203 seconds, Stopping threads took: 0.0000239 seconds
2015-04-14T20:25:45.512-0100: 1436.320: [GC (Allocation Failure) 
Desired survivor size 524288 bytes, new threshold 1 (max 15)
[PSYoungGen: 2336K->288K(2560K)] 12089K->10073K(13824K), 0.0010219 secs] [Times: user=0.00 sys=0.00, real=0.00 secs] 
2015-04-14T20:25:45.513-0100: 1436.321: Total time for which application threads were stopped: 0.0012194 seconds, Stopping threads took: 0.0000235 seconds
2015-04-14T20:25:46.345-0100: 1437.154: [GC (Allocation Failure) 
Desired survivor size 524288 bytes, new threshold 1 (max 15)
[PSYoungGen: 2336K->256K(2560K)] 12121K->10065K(13824K), 0.0010806 secs] [Times: user=0.00 sys=0.00, real=0.00 secs] 
2015-04-14T20:25:46.346-0100: 1437.155: Total time for which application threads were stopped: 0.0013468 seconds, Stopping threads took: 0.0000405 seconds
2015-04-14T20:25:47.184-0100: 1437.993: [GC (Allocation Failure) 
Desired survivor size 524288 bytes, new threshold 1 (max 15)
[PSYoungGen: 2304K->288K(2560K)] 12113K->10129K(13824K), 0.0010294 secs] [Times: user=0.00 sys=0.00, real=0.00 secs] 
2015-04-14T20:25:47.185-0100: 1437.994: Total time for which application threads were stopped: 0.0012332 seconds, Stopping threads took: 0.0000200 seconds
2015-04-14T20:25:48.185-0100: 1438.993: [GC (Allocation Failure) 
Desired survivor size 524288 bytes, new threshold 1 (max 15)
[PSYoungGen: 2336K->256K(2560K)] 12177K->10113K(13824K), 0.0010611 secs] [Times: user=0.01 sys=0.00, real=0.00 secs] 
2015-04-14T20:25:48.186-0100: 1438.995: Total time for which application threads were stopped: 0.0012572 seconds, Stopping threads took: 0.0000254 seconds
2015-04-14T20:25:49.104-0100: 1439.913: [GC (Allocation Failure) 
Desired survivor size 524288 bytes, new threshold 1 (max 15)
[PSYoungGen: 2304K->256K(2560K)] 12161K->10137K(13824K), 0.0009460 secs] [Times: user=0.01 sys=0.00, real=0.00 secs] 
2015-04-14T20:25:49.105-0100: 1439.914: Total time for which application threads were stopped: 0.0011281 seconds, Stopping threads took: 0.0000206 seconds
2015-04-14T20:25:50.059-0100: 1440.868: [GC (Allocation Failure) 
Desired survivor size 524288 bytes, new threshold 1 (max 15)
[PSYoungGen: 2304K->224K(2560K)] 12185K->10129K(13824K), 0.0007998 secs] [Times: user=0.01 sys=0.00, real=0.01 secs] 
2015-04-14T20:25:50.060-0100: 1440.868: Total time for which application threads were stopped: 0.0009381 seconds, Stopping threads took: 0.0000159 seconds
2015-04-14T20:25:51.086-0100: 1441.895: [GC (Allocation Failure) 
Desired survivor size 524288 bytes, new threshold 1 (max 15)
[PSYoungGen: 2272K->256K(2560K)] 12177K->10185K(13824K), 0.0010129 secs] [Times: user=0.01 sys=0.00, real=0.00 secs] 
2015-04-14T20:25:51.087-0100: 1441.896: Total time for which application threads were stopped: 0.0011955 seconds, Stopping threads took: 0.0000224 seconds
2015-04-14T20:25:52.083-0100: 1442.892: [GC (Allocation Failure) 
Desired survivor size 524288 bytes, new threshold 1 (max 15)
[PSYoungGen: 2304K->256K(2560K)] 12233K->10217K(13824K), 0.0018571 secs] [Times: user=0.00 sys=0.00, real=0.00 secs] 
2015-04-14T20:25:52.085-0100: 1442.894: Total time for which application threads were stopped: 0.0020489 seconds, Stopping threads took: 0.0000208 seconds
2015-04-14T20:25:53.119-0100: 1443.928: [GC (Allocation Failure) 
Desired survivor size 524288 bytes, new threshold 1 (max 15)
[PSYoungGen: 2304K->256K(2560K)] 12265K->10241K(13824K), 0.0009756 secs] [Times: user=0.01 sys=0.00, real=0.01 secs] 
2015-04-14T20:25:53.121-0100: 1443.929: Total time for which application threads were stopped: 0.0011857 seconds, Stopping threads took: 0.0000225 seconds
2015-04-14T20:25:54.137-0100: 1444.946: [GC (Allocation Failure) 
Desired survivor size 524288 bytes, new threshold 1 (max 15)
[PSYoungGen: 2304K->256K(2560K)] 12289K->10273K(13824K), 0.0009482 secs] [Times: user=0.00 sys=0.00, real=0.00 secs] 
2015-04-14T20:25:54.138-0100: 1444.947: Total time for which application threads were stopped: 0.0011224 seconds, Stopping threads took: 0.0000195 seconds
2015-04-14T20:25:55.140-0100: 1445.948: [GC (Allocation Failure) 
Desired survivor size 524288 bytes, new threshold 1 (max 15)
[PSYoungGen: 2304K->192K(2560K)] 12321K->10233K(13824K), 0.0010138 secs] [Times: user=0.00 sys=0.00, real=0.00 secs] 
2015-04-14T20:25:55.141-0100: 1445.949: Total time for which application threads were stopped: 0.0012367 seconds, Stopping threads took: 0.0000278 seconds
2015-04-14T20:25:56.144-0100: 1446.953: [GC (Allocation Failure) 
Desired survivor size 524288 bytes, new threshold 1 (max 15)
[PSYoungGen: 2240K->288K(2560K)] 12281K->10361K(13824K), 0.0011023 secs] [Times: user=0.00 sys=0.00, real=0.00 secs] 
2015-04-14T20:25:56.145-0100: 1446.954: Total time for which application threads were stopped: 0.0012986 seconds, Stopping threads took: 0.0000226 seconds
2015-04-14T20:25:57.199-0100: 1448.008: [GC (Allocation Failure) 
Desired survivor size 524288 bytes, new threshold 1 (max 15)
[PSYoungGen: 2336K->256K(2560K)] 12409K->10361K(13824K), 0.0010458 secs] [Times: user=0.00 sys=0.00, real=0.01 secs] 
2015-04-14T20:25:57.200-0100: 1448.009: Total time for which application threads were stopped: 0.0012576 seconds, Stopping threads took: 0.0000232 seconds
2015-04-14T20:25:58.231-0100: 1449.039: [GC (Allocation Failure) 
Desired survivor size 524288 bytes, new threshold 1 (max 15)
[PSYoungGen: 2304K->192K(2560K)] 12409K->10321K(13824K), 0.0010146 secs] [Times: user=0.00 sys=0.00, real=0.00 secs] 
2015-04-14T20:25:58.232-0100: 1449.040: Total time for which application threads were stopped: 0.0011881 seconds, Stopping threads took: 0.0000225 seconds
2015-04-14T20:25:59.288-0100: 1450.097: [GC (Allocation Failure) 
Desired survivor size 524288 bytes, new threshold 1 (max 15)
[PSYoungGen: 2240K->256K(2560K)] 12369K->10425K(13824K), 0.0010617 secs] [Times: user=0.00 sys=0.00, real=0.00 secs] 
2015-04-14T20:25:59.289-0100: 1450.098: Total time for which application threads were stopped: 0.0012561 seconds, Stopping threads took: 0.0000217 seconds
2015-04-14T20:26:00.190-0100: 1450.999: [GC (Allocation Failure) 
Desired survivor size 524288 bytes, new threshold 1 (max 15)
[PSYoungGen: 2304K->224K(2560K)] 12473K->10417K(13824K), 0.0007763 secs] [Times: user=0.00 sys=0.00, real=0.00 secs] 
2015-04-14T20:26:00.191-0100: 1451.000: Total time for which application threads were stopped: 0.0009176 seconds, Stopping threads took: 0.0000145 seconds
2015-04-14T20:26:01.192-0100: 1452.001: [GC (Allocation Failure) 
Desired survivor size 524288 bytes, new threshold 1 (max 15)
[PSYoungGen: 2272K->256K(2560K)] 12465K->10481K(13824K), 0.0010577 secs] [Times: user=0.01 sys=0.00, real=0.00 secs] 
2015-04-14T20:26:01.193-0100: 1452.002: Total time for which application threads were stopped: 0.0012868 seconds, Stopping threads took: 0.0000258 seconds
2015-04-14T20:26:02.213-0100: 1453.021: [GC (Allocation Failure) 
Desired survivor size 524288 bytes, new threshold 1 (max 15)
[PSYoungGen: 2304K->256K(2560K)] 12529K->10505K(13824K), 0.0008768 secs] [Times: user=0.01 sys=0.00, real=0.00 secs] 
2015-04-14T20:26:02.214-0100: 1453.022: Total time for which application threads were stopped: 0.0010761 seconds, Stopping threads took: 0.0000215 seconds
2015-04-14T20:26:03.263-0100: 1454.072: [GC (Allocation Failure) 
Desired survivor size 524288 bytes, new threshold 1 (max 15)
[PSYoungGen: 2304K->256K(2560K)] 12553K->10529K(13824K), 0.0010713 secs] [Times: user=0.00 sys=0.00, real=0.00 secs] 
2015-04-14T20:26:03.264-0100: 1454.073: Total time for which application threads were stopped: 0.0012659 seconds, Stopping threads took: 0.0000227 seconds
2015-04-14T20:26:04.255-0100: 1455.064: [GC (Allocation Failure) 
Desired survivor size 524288 bytes, new threshold 1 (max 15)
[PSYoungGen: 2304K->256K(2560K)] 12577K->10553K(13824K), 0.0010155 secs] [Times: user=0.01 sys=0.00, real=0.00 secs] 
2015-04-14T20:26:04.256-0100: 1455.065: Total time for which application threads were stopped: 0.0012066 seconds, Stopping threads took: 0.0000197 seconds
2015-04-14T20:26:05.255-0100: 1456.064: [GC (Allocation Failure) 
Desired survivor size 524288 bytes, new threshold 1 (max 15)
[PSYoungGen: 2304K->256K(2560K)] 12601K->10585K(13824K), 0.0009162 secs] [Times: user=0.00 sys=0.00, real=0.00 secs] 
2015-04-14T20:26:05.256-0100: 1456.065: Total time for which application threads were stopped: 0.0010871 seconds, Stopping threads took: 0.0000184 seconds
2015-04-14T20:26:06.279-0100: 1457.088: [GC (Allocation Failure) 
Desired survivor size 524288 bytes, new threshold 1 (max 15)
[PSYoungGen: 2304K->288K(2560K)] 12633K->10649K(13824K), 0.0009898 secs] [Times: user=0.01 sys=0.00, real=0.01 secs] 
2015-04-14T20:26:06.280-0100: 1457.089: Total time for which application threads were stopped: 0.0011815 seconds, Stopping threads took: 0.0000195 seconds
2015-04-14T20:26:07.297-0100: 1458.106: [GC (Allocation Failure) 
Desired survivor size 524288 bytes, new threshold 1 (max 15)
[PSYoungGen: 2336K->256K(2560K)] 12697K->10641K(13824K), 0.0011222 secs] [Times: user=0.00 sys=0.00, real=0.00 secs] 
2015-04-14T20:26:07.299-0100: 1458.108: Total time for which application threads were stopped: 0.0013143 seconds, Stopping threads took: 0.0000202 seconds
2015-04-14T20:26:08.316-0100: 1459.125: [GC (Allocation Failure) 
Desired survivor size 524288 bytes, new threshold 1 (max 15)
[PSYoungGen: 2304K->288K(2560K)] 12689K->10697K(13824K), 0.0010378 secs] [Times: user=0.01 sys=0.00, real=0.00 secs] 
2015-04-14T20:26:08.317-0100: 1459.126: Total time for which application threads were stopped: 0.0012413 seconds, Stopping threads took: 0.0000239 seconds
2015-04-14T20:26:09.319-0100: 1460.128: [GC (Allocation Failure) 
Desired survivor size 524288 bytes, new threshold 1 (max 15)
[PSYoungGen: 2336K->256K(2560K)] 12745K->10697K(13824K), 0.0007501 secs] [Times: user=0.00 sys=0.00, real=0.01 secs] 
2015-04-14T20:26:09.320-0100: 1460.129: Total time for which application threads were stopped: 0.0008942 seconds, Stopping threads took: 0.0000168 seconds
2015-04-14T20:26:10.353-0100: 1461.162: [GC (Allocation Failure) 
Desired survivor size 524288 bytes, new threshold 1 (max 15)
[PSYoungGen: 2304K->160K(2560K)] 12745K->10617K(13824K), 0.0010648 secs] [Times: user=0.00 sys=0.00, real=0.00 secs] 
2015-04-14T20:26:10.354-0100: 1461.163: Total time for which application threads were stopped: 0.0012708 seconds, Stopping threads took: 0.0000276 seconds
2015-04-14T20:26:11.392-0100: 1462.201: [GC (Allocation Failure) 
Desired survivor size 524288 bytes, new threshold 1 (max 15)
[PSYoungGen: 2208K->256K(2560K)] 12665K->10737K(13824K), 0.0009316 secs] [Times: user=0.00 sys=0.00, real=0.00 secs] 
2015-04-14T20:26:11.393-0100: 1462.202: Total time for which application threads were stopped: 0.0011096 seconds, Stopping threads took: 0.0000207 seconds
2015-04-14T20:26:12.396-0100: 1463.205: [GC (Allocation Failure) 
Desired survivor size 524288 bytes, new threshold 1 (max 15)
[PSYoungGen: 2304K->256K(2560K)] 12785K->10761K(13824K), 0.0009846 secs] [Times: user=0.00 sys=0.00, real=0.00 secs] 
2015-04-14T20:26:12.397-0100: 1463.206: Total time for which application threads were stopped: 0.0011837 seconds, Stopping threads took: 0.0000210 seconds
2015-04-14T20:26:13.414-0100: 1464.223: [GC (Allocation Failure) 
Desired survivor size 524288 bytes, new threshold 1 (max 15)
[PSYoungGen: 2304K->256K(2560K)] 12809K->10777K(13824K), 0.0010950 secs] [Times: user=0.01 sys=0.00, real=0.00 secs] 
2015-04-14T20:26:13.415-0100: 1464.224: Total time for which application threads were stopped: 0.0014073 seconds, Stopping threads took: 0.0000463 seconds
2015-04-14T20:26:14.417-0100: 1465.226: [GC (Allocation Failure) 
Desired survivor size 524288 bytes, new threshold 1 (max 15)
[PSYoungGen: 2304K->256K(2560K)] 12825K->10809K(13824K), 0.0007788 secs] [Times: user=0.00 sys=0.00, real=0.00 secs] 
2015-04-14T20:26:14.418-0100: 1465.227: Total time for which application threads were stopped: 0.0009317 seconds, Stopping threads took: 0.0000152 seconds
2015-04-14T20:26:15.456-0100: 1466.265: [GC (Allocation Failure) 
Desired survivor size 524288 bytes, new threshold 1 (max 15)
[PSYoungGen: 2304K->288K(2560K)] 12857K->10873K(13824K), 0.0010995 secs] [Times: user=0.00 sys=0.01, real=0.00 secs] 
2015-04-14T20:26:15.457-0100: 1466.266: Total time for which application threads were stopped: 0.0012921 seconds, Stopping threads took: 0.0000207 seconds
2015-04-14T20:26:16.560-0100: 1467.369: [GC (Allocation Failure) 
Desired survivor size 524288 bytes, new threshold 1 (max 15)
[PSYoungGen: 2336K->288K(2560K)] 12921K->10913K(13824K), 0.0010159 secs] [Times: user=0.00 sys=0.00, real=0.00 secs] 
2015-04-14T20:26:16.561-0100: 1467.370: Total time for which application threads were stopped: 0.0012136 seconds, Stopping threads took: 0.0000226 seconds
2015-04-14T20:26:17.575-0100: 1468.384: [GC (Allocation Failure) 
Desired survivor size 524288 bytes, new threshold 1 (max 15)
[PSYoungGen: 2336K->256K(2560K)] 12961K->10913K(13824K), 0.0010523 secs] [Times: user=0.00 sys=0.00, real=0.00 secs] 
2015-04-14T20:26:17.576-0100: 1468.385: Total time for which application threads were stopped: 0.0012415 seconds, Stopping threads took: 0.0000212 seconds
2015-04-14T20:26:18.564-0100: 1469.373: [GC (Allocation Failure) 
Desired survivor size 524288 bytes, new threshold 1 (max 15)
[PSYoungGen: 2304K->256K(2560K)] 12961K->10953K(13824K), 0.0009019 secs] [Times: user=0.00 sys=0.00, real=0.00 secs] 
2015-04-14T20:26:18.565-0100: 1469.374: Total time for which application threads were stopped: 0.0010748 seconds, Stopping threads took: 0.0000211 seconds
2015-04-14T20:26:19.603-0100: 1470.412: [GC (Allocation Failure) 
Desired survivor size 524288 bytes, new threshold 1 (max 15)
[PSYoungGen: 2304K->288K(2560K)] 13001K->11009K(13824K), 0.0010029 secs] [Times: user=0.00 sys=0.00, real=0.00 secs] 
2015-04-14T20:26:19.604-0100: 1470.413: Total time for which application threads were stopped: 0.0011991 seconds, Stopping threads took: 0.0000232 seconds
2015-04-14T20:26:20.619-0100: 1471.429: [GC (Allocation Failure) 
Desired survivor size 524288 bytes, new threshold 1 (max 15)
[PSYoungGen: 2336K->256K(2560K)] 13057K->11001K(13824K), 0.0007875 secs] [Times: user=0.00 sys=0.00, real=0.01 secs] 
2015-04-14T20:26:20.620-0100: 1471.429: Total time for which application threads were stopped: 0.0009234 seconds, Stopping threads took: 0.0000166 seconds
2015-04-14T20:26:21.623-0100: 1472.432: [GC (Allocation Failure) 
Desired survivor size 524288 bytes, new threshold 1 (max 15)
[PSYoungGen: 2304K->288K(2560K)] 13049K->11057K(13824K), 0.0011309 secs] [Times: user=0.00 sys=0.00, real=0.00 secs] 
2015-04-14T20:26:21.624-0100: 1472.433: Total time for which application threads were stopped: 0.0014338 seconds, Stopping threads took: 0.0000466 seconds
2015-04-14T20:26:22.629-0100: 1473.438: [GC (Allocation Failure) 
Desired survivor size 524288 bytes, new threshold 1 (max 15)
[PSYoungGen: 2336K->288K(2560K)] 13105K->11081K(13824K), 0.0010490 secs] [Times: user=0.00 sys=0.00, real=0.01 secs] 
2015-04-14T20:26:22.630-0100: 1473.439: Total time for which application threads were stopped: 0.0012507 seconds, Stopping threads took: 0.0000235 seconds
2015-04-14T20:26:23.682-0100: 1474.491: [GC (Allocation Failure) 
Desired survivor size 524288 bytes, new threshold 1 (max 15)
[PSYoungGen: 2336K->256K(2560K)] 13129K->11081K(13824K), 0.0010911 secs] [Times: user=0.01 sys=0.00, real=0.00 secs] 
2015-04-14T20:26:23.683-0100: 1474.493: Total time for which application threads were stopped: 0.0012889 seconds, Stopping threads took: 0.0000212 seconds
2015-04-14T20:26:24.684-0100: 1475.493: [GC (Allocation Failure) 
Desired survivor size 524288 bytes, new threshold 1 (max 15)
[PSYoungGen: 2304K->288K(2560K)] 13129K->11137K(13824K), 0.0010306 secs] [Times: user=0.00 sys=0.00, real=0.00 secs] 
2015-04-14T20:26:24.685-0100: 1475.494: Total time for which application threads were stopped: 0.0012215 seconds, Stopping threads took: 0.0000218 seconds
2015-04-14T20:26:25.701-0100: 1476.510: [GC (Allocation Failure) 
Desired survivor size 524288 bytes, new threshold 1 (max 15)
[PSYoungGen: 2336K->256K(2560K)] 13185K->11129K(13824K), 0.0010601 secs] [Times: user=0.01 sys=0.00, real=0.00 secs] 
2015-04-14T20:26:25.702-0100: 1476.511: Total time for which application threads were stopped: 0.0012672 seconds, Stopping threads took: 0.0000255 seconds
2015-04-14T20:26:26.775-0100: 1477.584: [GC (Allocation Failure) 
Desired survivor size 524288 bytes, new threshold 1 (max 15)
[PSYoungGen: 2304K->288K(2560K)] 13177K->11193K(13824K), 0.0008818 secs] [Times: user=0.00 sys=0.00, real=0.00 secs] 
2015-04-14T20:26:26.776-0100: 1477.585: Total time for which application threads were stopped: 0.0010479 seconds, Stopping threads took: 0.0000190 seconds
2015-04-14T20:26:27.794-0100: 1478.603: [GC (Allocation Failure) 
Desired survivor size 524288 bytes, new threshold 1 (max 15)
[PSYoungGen: 2336K->288K(2560K)] 13241K->11217K(13824K), 0.0010198 secs] [Times: user=0.00 sys=0.00, real=0.00 secs] 
2015-04-14T20:26:27.795-0100: 1478.604: Total time for which application threads were stopped: 0.0012255 seconds, Stopping threads took: 0.0000226 seconds
2015-04-14T20:26:28.810-0100: 1479.620: [GC (Allocation Failure) 
Desired survivor size 524288 bytes, new threshold 1 (max 15)
[PSYoungGen: 2336K->288K(2560K)] 13265K->11249K(13824K), 0.0010997 secs] [Times: user=0.00 sys=0.00, real=0.00 secs] 
2015-04-14T20:26:28.812-0100: 1479.621: Total time for which application threads were stopped: 0.0013045 seconds, Stopping threads took: 0.0000285 seconds
2015-04-14T20:26:29.835-0100: 1480.644: [GC (Allocation Failure) 
Desired survivor size 524288 bytes, new threshold 1 (max 15)
[PSYoungGen: 2336K->288K(2560K)] 13297K->11273K(13824K), 0.0010530 secs] [Times: user=0.00 sys=0.00, real=0.00 secs] 
2015-04-14T20:26:29.836-0100: 1480.645: Total time for which application threads were stopped: 0.0012382 seconds, Stopping threads took: 0.0000203 seconds
2015-04-14T20:26:30.852-0100: 1481.662: [GC (Allocation Failure) 
Desired survivor size 524288 bytes, new threshold 1 (max 15)
[PSYoungGen: 2336K->224K(2560K)] 13321K->11233K(13824K), 0.0009050 secs] [Times: user=0.01 sys=0.00, real=0.00 secs] 
2015-04-14T20:26:30.853-0100: 1481.662: Total time for which application threads were stopped: 0.0010563 seconds, Stopping threads took: 0.0000171 seconds
2015-04-14T20:26:31.855-0100: 1482.665: [GC (Allocation Failure) 
Desired survivor size 524288 bytes, new threshold 1 (max 15)
[PSYoungGen: 2272K->288K(2560K)] 13281K->11329K(13824K), 0.0010605 secs] [Times: user=0.00 sys=0.00, real=0.00 secs] 
2015-04-14T20:26:31.857-0100: 1482.666: Total time for which application threads were stopped: 0.0012477 seconds, Stopping threads took: 0.0000193 seconds
2015-04-14T20:26:32.873-0100: 1483.682: [GC (Allocation Failure) 
Desired survivor size 524288 bytes, new threshold 1 (max 15)
[PSYoungGen: 2336K->256K(2560K)] 13377K->11321K(13824K), 0.0007175 secs] [Times: user=0.01 sys=0.00, real=0.00 secs] 
2015-04-14T20:26:32.873-0100: 1483.683: Total time for which application threads were stopped: 0.0008507 seconds, Stopping threads took: 0.0000143 seconds
2015-04-14T20:26:33.912-0100: 1484.722: [GC (Allocation Failure) 
Desired survivor size 524288 bytes, new threshold 1 (max 15)
[PSYoungGen: 2304K->288K(2560K)] 13369K->11377K(13824K), 0.0010484 secs] [Times: user=0.00 sys=0.00, real=0.00 secs] 
2015-04-14T20:26:33.913-0100: 1484.723: Total time for which application threads were stopped: 0.0012631 seconds, Stopping threads took: 0.0000250 seconds
2015-04-14T20:26:34.917-0100: 1485.726: [GC (Allocation Failure) 
Desired survivor size 524288 bytes, new threshold 1 (max 15)
[PSYoungGen: 2336K->256K(2560K)] 13425K->11369K(13824K), 0.0010518 secs] [Times: user=0.00 sys=0.00, real=0.00 secs] 
2015-04-14T20:26:34.918-0100: 1485.727: Total time for which application threads were stopped: 0.0012462 seconds, Stopping threads took: 0.0000218 seconds
2015-04-14T20:26:35.935-0100: 1486.745: [GC (Allocation Failure) 
Desired survivor size 524288 bytes, new threshold 1 (max 15)
[PSYoungGen: 2304K->256K(2560K)] 13417K->11401K(13824K), 0.0010910 secs] [Times: user=0.00 sys=0.00, real=0.00 secs] 
2015-04-14T20:26:35.937-0100: 1486.746: Total time for which application threads were stopped: 0.0012907 seconds, Stopping threads took: 0.0000229 seconds
2015-04-14T20:26:36.965-0100: 1487.774: [GC (Allocation Failure) 
Desired survivor size 524288 bytes, new threshold 1 (max 15)
[PSYoungGen: 2304K->256K(2560K)] 13449K->11433K(13824K), 0.0012231 secs] [Times: user=0.00 sys=0.00, real=0.00 secs] 
2015-04-14T20:26:36.966-0100: 1487.775: Total time for which application threads were stopped: 0.0015058 seconds, Stopping threads took: 0.0000342 seconds
2015-04-14T20:26:37.976-0100: 1488.786: [GC (Allocation Failure) 
Desired survivor size 524288 bytes, new threshold 1 (max 15)
[PSYoungGen: 2304K->288K(2560K)] 13481K->11497K(13824K), 0.0010054 secs] [Times: user=0.00 sys=0.00, real=0.00 secs] 
2015-04-14T20:26:37.977-0100: 1488.787: Total time for which application threads were stopped: 0.0012023 seconds, Stopping threads took: 0.0000219 seconds
2015-04-14T20:26:39.012-0100: 1489.822: [GC (Allocation Failure) 
Desired survivor size 524288 bytes, new threshold 1 (max 15)
[PSYoungGen: 2336K->288K(2560K)] 13545K->11529K(13824K), 0.0011195 secs] [Times: user=0.00 sys=0.00, real=0.00 secs] 
2015-04-14T20:26:39.014-0100: 1489.823: [Full GC (Ergonomics) [PSYoungGen: 288K->0K(2560K)] [ParOldGen: 11241K->8369K(11264K)] 11529K->8369K(13824K), [Metaspace: 17883K->17883K(1064960K)], 0.0178192 secs] [Times: user=0.06 sys=0.00, real=0.02 secs] 
2015-04-14T20:26:39.032-0100: 1489.841: Total time for which application threads were stopped: 0.0192354 seconds, Stopping threads took: 0.0000232 seconds
2015-04-14T20:26:40.016-0100: 1490.826: [GC (Allocation Failure) 
Desired survivor size 524288 bytes, new threshold 1 (max 15)
[PSYoungGen: 2048K->256K(2560K)] 10417K->8625K(13824K), 0.0010269 secs] [Times: user=0.00 sys=0.00, real=0.00 secs] 
2015-04-14T20:26:40.017-0100: 1490.827: Total time for which application threads were stopped: 0.0012146 seconds, Stopping threads took: 0.0000207 seconds
2015-04-14T20:26:40.932-0100: 1491.742: [GC (Allocation Failure) 
Desired survivor size 524288 bytes, new threshold 1 (max 15)
[PSYoungGen: 2304K->256K(2560K)] 10673K->8657K(13824K), 0.0010085 secs] [Times: user=0.00 sys=0.00, real=0.00 secs] 
2015-04-14T20:26:40.933-0100: 1491.743: Total time for which application threads were stopped: 0.0011823 seconds, Stopping threads took: 0.0000228 seconds
2015-04-14T20:26:41.838-0100: 1492.647: [GC (Allocation Failure) 
Desired survivor size 524288 bytes, new threshold 1 (max 15)
[PSYoungGen: 2304K->256K(2560K)] 10705K->8689K(13824K), 0.0010800 secs] [Times: user=0.01 sys=0.00, real=0.00 secs] 
2015-04-14T20:26:41.839-0100: 1492.648: Total time for which application threads were stopped: 0.0012724 seconds, Stopping threads took: 0.0000228 seconds
2015-04-14T20:26:42.740-0100: 1493.550: [GC (Allocation Failure) 
Desired survivor size 524288 bytes, new threshold 1 (max 15)
[PSYoungGen: 2304K->256K(2560K)] 10737K->8721K(13824K), 0.0011005 secs] [Times: user=0.01 sys=0.00, real=0.00 secs] 
2015-04-14T20:26:42.741-0100: 1493.551: Total time for which application threads were stopped: 0.0012889 seconds, Stopping threads took: 0.0000210 seconds
2015-04-14T20:26:43.592-0100: 1494.402: [GC (Allocation Failure) 
Desired survivor size 524288 bytes, new threshold 1 (max 15)
[PSYoungGen: 2304K->256K(2560K)] 10769K->8745K(13824K), 0.0008949 secs] [Times: user=0.01 sys=0.00, real=0.00 secs] 
2015-04-14T20:26:43.593-0100: 1494.403: Total time for which application threads were stopped: 0.0010653 seconds, Stopping threads took: 0.0000194 seconds
2015-04-14T20:26:44.463-0100: 1495.272: [GC (Allocation Failure) 
Desired survivor size 524288 bytes, new threshold 1 (max 15)
[PSYoungGen: 2304K->256K(2560K)] 10793K->8769K(13824K), 0.0010222 secs] [Times: user=0.01 sys=0.00, real=0.00 secs] 
2015-04-14T20:26:44.464-0100: 1495.273: Total time for which application threads were stopped: 0.0012195 seconds, Stopping threads took: 0.0000228 seconds
2015-04-14T20:26:45.299-0100: 1496.109: [GC (Allocation Failure) 
Desired survivor size 524288 bytes, new threshold 1 (max 15)
[PSYoungGen: 2304K->288K(2560K)] 10817K->8833K(13824K), 0.0010538 secs] [Times: user=0.01 sys=0.00, real=0.01 secs] 
2015-04-14T20:26:45.300-0100: 1496.110: Total time for which application threads were stopped: 0.0012656 seconds, Stopping threads took: 0.0000235 seconds
2015-04-14T20:26:46.134-0100: 1496.943: [GC (Allocation Failure) 
Desired survivor size 524288 bytes, new threshold 1 (max 15)
[PSYoungGen: 2336K->288K(2560K)] 10881K->8857K(13824K), 0.0009496 secs] [Times: user=0.01 sys=0.00, real=0.00 secs] 
2015-04-14T20:26:46.135-0100: 1496.944: Total time for which application threads were stopped: 0.0011543 seconds, Stopping threads took: 0.0000239 seconds
2015-04-14T20:26:47.005-0100: 1497.815: [GC (Allocation Failure) 
Desired survivor size 524288 bytes, new threshold 1 (max 15)
[PSYoungGen: 2336K->256K(2560K)] 10905K->8857K(13824K), 0.0010064 secs] [Times: user=0.01 sys=0.00, real=0.00 secs] 
2015-04-14T20:26:47.007-0100: 1497.816: Total time for which application threads were stopped: 0.0012077 seconds, Stopping threads took: 0.0000203 seconds
2015-04-14T20:26:47.872-0100: 1498.682: [GC (Allocation Failure) 
Desired survivor size 524288 bytes, new threshold 1 (max 15)
[PSYoungGen: 2304K->288K(2560K)] 10905K->8921K(13824K), 0.0010246 secs] [Times: user=0.00 sys=0.00, real=0.00 secs] 
2015-04-14T20:26:47.873-0100: 1498.683: Total time for which application threads were stopped: 0.0012222 seconds, Stopping threads took: 0.0000227 seconds
2015-04-14T20:26:48.777-0100: 1499.587: [GC (Allocation Failure) 
Desired survivor size 524288 bytes, new threshold 1 (max 15)
[PSYoungGen: 2336K->256K(2560K)] 10969K->8921K(13824K), 0.0010309 secs] [Times: user=0.00 sys=0.00, real=0.00 secs] 
2015-04-14T20:26:48.779-0100: 1499.588: Total time for which application threads were stopped: 0.0012286 seconds, Stopping threads took: 0.0000228 seconds
2015-04-14T20:26:49.742-0100: 1500.552: [GC (Allocation Failure) 
Desired survivor size 524288 bytes, new threshold 1 (max 15)
[PSYoungGen: 2304K->256K(2560K)] 10969K->8953K(13824K), 0.0010289 secs] [Times: user=0.00 sys=0.00, real=0.00 secs] 
2015-04-14T20:26:49.743-0100: 1500.553: Total time for which application threads were stopped: 0.0012076 seconds, Stopping threads took: 0.0000194 seconds
2015-04-14T20:26:50.715-0100: 1501.525: [GC (Allocation Failure) 
Desired survivor size 524288 bytes, new threshold 1 (max 15)
[PSYoungGen: 2304K->288K(2560K)] 11001K->9017K(13824K), 0.0010670 secs] [Times: user=0.00 sys=0.00, real=0.00 secs] 
2015-04-14T20:26:50.716-0100: 1501.526: Total time for which application threads were stopped: 0.0012608 seconds, Stopping threads took: 0.0000230 seconds
2015-04-14T20:26:51.717-0100: 1502.527: [GC (Allocation Failure) 
Desired survivor size 524288 bytes, new threshold 1 (max 15)
[PSYoungGen: 2336K->288K(2560K)] 11065K->9049K(13824K), 0.0011267 secs] [Times: user=0.00 sys=0.00, real=0.00 secs] 
2015-04-14T20:26:51.719-0100: 1502.528: Total time for which application threads were stopped: 0.0013488 seconds, Stopping threads took: 0.0000279 seconds
2015-04-14T20:26:52.690-0100: 1503.499: [GC (Allocation Failure) 
Desired survivor size 524288 bytes, new threshold 1 (max 15)
[PSYoungGen: 2336K->256K(2560K)] 11097K->9049K(13824K), 0.0008967 secs] [Times: user=0.00 sys=0.00, real=0.00 secs] 
2015-04-14T20:26:52.691-0100: 1503.500: Total time for which application threads were stopped: 0.0010518 seconds, Stopping threads took: 0.0000176 seconds
2015-04-14T20:26:53.790-0100: 1504.600: [GC (Allocation Failure) 
Desired survivor size 524288 bytes, new threshold 1 (max 15)
[PSYoungGen: 2304K->256K(2560K)] 11097K->9089K(13824K), 0.0009453 secs] [Times: user=0.01 sys=0.00, real=0.00 secs] 
2015-04-14T20:26:53.792-0100: 1504.601: Total time for which application threads were stopped: 0.0011579 seconds, Stopping threads took: 0.0000267 seconds
2015-04-14T20:26:54.813-0100: 1505.623: [GC (Allocation Failure) 
Desired survivor size 524288 bytes, new threshold 1 (max 15)
[PSYoungGen: 2304K->288K(2560K)] 11137K->9145K(13824K), 0.0011110 secs] [Times: user=0.00 sys=0.00, real=0.00 secs] 
2015-04-14T20:26:54.814-0100: 1505.624: Total time for which application threads were stopped: 0.0013181 seconds, Stopping threads took: 0.0000233 seconds
2015-04-14T20:26:55.898-0100: 1506.708: [GC (Allocation Failure) 
Desired survivor size 524288 bytes, new threshold 1 (max 15)
[PSYoungGen: 2336K->128K(2560K)] 11193K->9001K(13824K), 0.0010798 secs] [Times: user=0.00 sys=0.00, real=0.00 secs] 
2015-04-14T20:26:55.899-0100: 1506.709: Total time for which application threads were stopped: 0.0012903 seconds, Stopping threads took: 0.0000223 seconds
2015-04-14T20:26:56.900-0100: 1507.710: [GC (Allocation Failure) 
Desired survivor size 524288 bytes, new threshold 1 (max 15)
[PSYoungGen: 2176K->256K(2560K)] 11049K->9161K(13824K), 0.0010712 secs] [Times: user=0.01 sys=0.00, real=0.00 secs] 
2015-04-14T20:26:56.902-0100: 1507.711: Total time for which application threads were stopped: 0.0013920 seconds, Stopping threads took: 0.0000375 seconds
2015-04-14T20:26:57.923-0100: 1508.733: [GC (Allocation Failure) 
Desired survivor size 524288 bytes, new threshold 1 (max 15)
[PSYoungGen: 2304K->256K(2560K)] 11209K->9185K(13824K), 0.0010650 secs] [Times: user=0.01 sys=0.00, real=0.00 secs] 
2015-04-14T20:26:57.924-0100: 1508.734: Total time for which application threads were stopped: 0.0012682 seconds, Stopping threads took: 0.0000220 seconds
2015-04-14T20:26:58.925-0100: 1509.735: [GC (Allocation Failure) 
Desired survivor size 524288 bytes, new threshold 1 (max 15)
[PSYoungGen: 2304K->256K(2560K)] 11233K->9217K(13824K), 0.0011434 secs] [Times: user=0.00 sys=0.00, real=0.00 secs] 
2015-04-14T20:26:58.927-0100: 1509.736: Total time for which application threads were stopped: 0.0013205 seconds, Stopping threads took: 0.0000208 seconds
2015-04-14T20:26:59.962-0100: 1510.772: [GC (Allocation Failure) 
Desired survivor size 524288 bytes, new threshold 1 (max 15)
[PSYoungGen: 2304K->256K(2560K)] 11265K->9249K(13824K), 0.0010779 secs] [Times: user=0.00 sys=0.00, real=0.00 secs] 
2015-04-14T20:26:59.963-0100: 1510.773: Total time for which application threads were stopped: 0.0012751 seconds, Stopping threads took: 0.0000231 seconds
2015-04-14T20:27:00.863-0100: 1511.673: [GC (Allocation Failure) 
Desired survivor size 524288 bytes, new threshold 1 (max 15)
[PSYoungGen: 2304K->288K(2560K)] 11297K->9313K(13824K), 0.0010615 secs] [Times: user=0.00 sys=0.00, real=0.00 secs] 
2015-04-14T20:27:00.865-0100: 1511.674: Total time for which application threads were stopped: 0.0012456 seconds, Stopping threads took: 0.0000193 seconds
2015-04-14T20:27:01.899-0100: 1512.709: [GC (Allocation Failure) 
Desired survivor size 524288 bytes, new threshold 1 (max 15)
[PSYoungGen: 2336K->256K(2560K)] 11361K->9329K(13824K), 0.0009687 secs] [Times: user=0.01 sys=0.00, real=0.01 secs] 
2015-04-14T20:27:01.900-0100: 1512.710: Total time for which application threads were stopped: 0.0012430 seconds, Stopping threads took: 0.0000406 seconds
2015-04-14T20:27:02.872-0100: 1513.682: [GC (Allocation Failure) 
Desired survivor size 524288 bytes, new threshold 1 (max 15)
[PSYoungGen: 2304K->256K(2560K)] 11377K->9369K(13824K), 0.0010039 secs] [Times: user=0.01 sys=0.00, real=0.00 secs] 
2015-04-14T20:27:02.873-0100: 1513.683: Total time for which application threads were stopped: 0.0012170 seconds, Stopping threads took: 0.0000214 seconds
2015-04-14T20:27:03.889-0100: 1514.699: [GC (Allocation Failure) 
Desired survivor size 524288 bytes, new threshold 1 (max 15)
[PSYoungGen: 2304K->288K(2560K)] 11417K->9433K(13824K), 0.0009761 secs] [Times: user=0.00 sys=0.00, real=0.01 secs] 
2015-04-14T20:27:03.890-0100: 1514.700: Total time for which application threads were stopped: 0.0011421 seconds, Stopping threads took: 0.0000199 seconds
2015-04-14T20:27:04.911-0100: 1515.721: [GC (Allocation Failure) 
Desired survivor size 524288 bytes, new threshold 1 (max 15)
[PSYoungGen: 2336K->256K(2560K)] 11481K->9433K(13824K), 0.0011263 secs] [Times: user=0.00 sys=0.00, real=0.00 secs] 
2015-04-14T20:27:04.913-0100: 1515.722: Total time for which application threads were stopped: 0.0013210 seconds, Stopping threads took: 0.0000212 seconds
2015-04-14T20:27:05.938-0100: 1516.748: [GC (Allocation Failure) 
Desired survivor size 524288 bytes, new threshold 1 (max 15)
[PSYoungGen: 2304K->256K(2560K)] 11481K->9457K(13824K), 0.0012460 secs] [Times: user=0.01 sys=0.00, real=0.01 secs] 
2015-04-14T20:27:05.940-0100: 1516.750: Total time for which application threads were stopped: 0.0015201 seconds, Stopping threads took: 0.0000354 seconds
2015-04-14T20:27:06.950-0100: 1517.760: [GC (Allocation Failure) 
Desired survivor size 524288 bytes, new threshold 1 (max 15)
[PSYoungGen: 2304K->288K(2560K)] 11505K->9521K(13824K), 0.0009942 secs] [Times: user=0.01 sys=0.00, real=0.00 secs] 
2015-04-14T20:27:06.951-0100: 1517.761: Total time for which application threads were stopped: 0.0011879 seconds, Stopping threads took: 0.0000218 seconds
2015-04-14T20:27:07.971-0100: 1518.781: [GC (Allocation Failure) 
Desired survivor size 524288 bytes, new threshold 1 (max 15)
[PSYoungGen: 2336K->256K(2560K)] 11569K->9521K(13824K), 0.0010847 secs] [Times: user=0.00 sys=0.00, real=0.00 secs] 
2015-04-14T20:27:07.972-0100: 1518.782: Total time for which application threads were stopped: 0.0012794 seconds, Stopping threads took: 0.0000225 seconds
2015-04-14T20:27:08.991-0100: 1519.801: [GC (Allocation Failure) 
Desired survivor size 524288 bytes, new threshold 1 (max 15)
[PSYoungGen: 2304K->288K(2560K)] 11569K->9601K(13824K), 0.0010987 secs] [Times: user=0.00 sys=0.00, real=0.00 secs] 
2015-04-14T20:27:08.992-0100: 1519.802: Total time for which application threads were stopped: 0.0012892 seconds, Stopping threads took: 0.0000219 seconds
2015-04-14T20:27:09.990-0100: 1520.800: [GC (Allocation Failure) 
Desired survivor size 524288 bytes, new threshold 1 (max 15)
[PSYoungGen: 2336K->192K(2560K)] 11649K->9529K(13824K), 0.0010194 secs] [Times: user=0.00 sys=0.00, real=0.00 secs] 
2015-04-14T20:27:09.991-0100: 1520.801: Total time for which application threads were stopped: 0.0012286 seconds, Stopping threads took: 0.0000285 seconds
2015-04-14T20:27:11.029-0100: 1521.839: [GC (Allocation Failure) 
Desired survivor size 524288 bytes, new threshold 1 (max 15)
[PSYoungGen: 2240K->288K(2560K)] 11577K->9665K(13824K), 0.0009056 secs] [Times: user=0.00 sys=0.00, real=0.01 secs] 
2015-04-14T20:27:11.030-0100: 1521.840: Total time for which application threads were stopped: 0.0010973 seconds, Stopping threads took: 0.0000210 seconds
2015-04-14T20:27:12.032-0100: 1522.842: [GC (Allocation Failure) 
Desired survivor size 524288 bytes, new threshold 1 (max 15)
[PSYoungGen: 2336K->224K(2560K)] 11713K->9633K(13824K), 0.0008517 secs] [Times: user=0.00 sys=0.00, real=0.00 secs] 
2015-04-14T20:27:12.033-0100: 1522.843: Total time for which application threads were stopped: 0.0009940 seconds, Stopping threads took: 0.0000173 seconds
2015-04-14T20:27:13.051-0100: 1523.861: [GC (Allocation Failure) 
Desired survivor size 524288 bytes, new threshold 1 (max 15)
[PSYoungGen: 2272K->288K(2560K)] 11681K->9721K(13824K), 0.0010823 secs] [Times: user=0.00 sys=0.00, real=0.00 secs] 
2015-04-14T20:27:13.052-0100: 1523.862: Total time for which application threads were stopped: 0.0013202 seconds, Stopping threads took: 0.0000286 seconds
2015-04-14T20:27:14.073-0100: 1524.883: [GC (Allocation Failure) 
Desired survivor size 524288 bytes, new threshold 1 (max 15)
[PSYoungGen: 2336K->256K(2560K)] 11769K->9721K(13824K), 0.0010050 secs] [Times: user=0.01 sys=0.00, real=0.00 secs] 
2015-04-14T20:27:14.074-0100: 1524.884: Total time for which application threads were stopped: 0.0012028 seconds, Stopping threads took: 0.0000232 seconds
2015-04-14T20:27:15.110-0100: 1525.920: [GC (Allocation Failure) 
Desired survivor size 524288 bytes, new threshold 1 (max 15)
[PSYoungGen: 2304K->256K(2560K)] 11769K->9761K(13824K), 0.0010759 secs] [Times: user=0.01 sys=0.00, real=0.00 secs] 
2015-04-14T20:27:15.112-0100: 1525.922: Total time for which application threads were stopped: 0.0012872 seconds, Stopping threads took: 0.0000222 seconds
2015-04-14T20:27:16.113-0100: 1526.923: [GC (Allocation Failure) 
Desired survivor size 524288 bytes, new threshold 1 (max 15)
[PSYoungGen: 2304K->288K(2560K)] 11809K->9825K(13824K), 0.0009767 secs] [Times: user=0.00 sys=0.00, real=0.00 secs] 
2015-04-14T20:27:16.114-0100: 1526.924: Total time for which application threads were stopped: 0.0011633 seconds, Stopping threads took: 0.0000208 seconds
2015-04-14T20:27:17.130-0100: 1527.940: [GC (Allocation Failure) 
Desired survivor size 524288 bytes, new threshold 1 (max 15)
[PSYoungGen: 2336K->288K(2560K)] 11873K->9857K(13824K), 0.0010822 secs] [Times: user=0.00 sys=0.01, real=0.00 secs] 
2015-04-14T20:27:17.131-0100: 1527.941: Total time for which application threads were stopped: 0.0012772 seconds, Stopping threads took: 0.0000264 seconds
2015-04-14T20:27:18.235-0100: 1529.045: [GC (Allocation Failure) 
Desired survivor size 524288 bytes, new threshold 1 (max 15)
[PSYoungGen: 2336K->288K(2560K)] 11905K->9881K(13824K), 0.0010885 secs] [Times: user=0.00 sys=0.00, real=0.00 secs] 
2015-04-14T20:27:18.236-0100: 1529.047: Total time for which application threads were stopped: 0.0012930 seconds, Stopping threads took: 0.0000225 seconds
2015-04-14T20:27:19.255-0100: 1530.065: [GC (Allocation Failure) 
Desired survivor size 524288 bytes, new threshold 1 (max 15)
[PSYoungGen: 2336K->288K(2560K)] 11929K->9913K(13824K), 0.0010870 secs] [Times: user=0.00 sys=0.00, real=0.00 secs] 
2015-04-14T20:27:19.256-0100: 1530.067: Total time for which application threads were stopped: 0.0012774 seconds, Stopping threads took: 0.0000221 seconds
2015-04-14T20:27:20.260-0100: 1531.070: [GC (Allocation Failure) 
Desired survivor size 524288 bytes, new threshold 1 (max 15)
[PSYoungGen: 2336K->256K(2560K)] 11961K->9913K(13824K), 0.0010446 secs] [Times: user=0.00 sys=0.00, real=0.00 secs] 
2015-04-14T20:27:20.261-0100: 1531.071: Total time for which application threads were stopped: 0.0012359 seconds, Stopping threads took: 0.0000235 seconds
2015-04-14T20:27:21.288-0100: 1532.098: [GC (Allocation Failure) 
Desired survivor size 524288 bytes, new threshold 1 (max 15)
[PSYoungGen: 2304K->256K(2560K)] 11961K->9953K(13824K), 0.0010932 secs] [Times: user=0.01 sys=0.00, real=0.00 secs] 
2015-04-14T20:27:21.289-0100: 1532.099: Total time for which application threads were stopped: 0.0013957 seconds, Stopping threads took: 0.0000391 seconds
2015-04-14T20:27:22.316-0100: 1533.126: [GC (Allocation Failure) 
Desired survivor size 524288 bytes, new threshold 1 (max 15)
[PSYoungGen: 2304K->288K(2560K)] 12001K->10033K(13824K), 0.0010288 secs] [Times: user=0.00 sys=0.00, real=0.00 secs] 
2015-04-14T20:27:22.317-0100: 1533.127: Total time for which application threads were stopped: 0.0012194 seconds, Stopping threads took: 0.0000210 seconds
2015-04-14T20:27:23.316-0100: 1534.127: [GC (Allocation Failure) 
Desired survivor size 524288 bytes, new threshold 1 (max 15)
[PSYoungGen: 2336K->288K(2560K)] 12081K->10057K(13824K), 0.0007918 secs] [Times: user=0.00 sys=0.00, real=0.00 secs] 
2015-04-14T20:27:23.317-0100: 1534.127: Total time for which application threads were stopped: 0.0009649 seconds, Stopping threads took: 0.0000161 seconds
2015-04-14T20:27:24.355-0100: 1535.165: [GC (Allocation Failure) 
Desired survivor size 524288 bytes, new threshold 1 (max 15)
[PSYoungGen: 2335K->288K(2560K)] 12105K->10089K(13824K), 0.0012285 secs] [Times: user=0.00 sys=0.00, real=0.00 secs] 
2015-04-14T20:27:24.356-0100: 1535.167: Total time for which application threads were stopped: 0.0014559 seconds, Stopping threads took: 0.0000204 seconds
2015-04-14T20:27:25.372-0100: 1536.183: [GC (Allocation Failure) 
Desired survivor size 524288 bytes, new threshold 1 (max 15)
[PSYoungGen: 2336K->256K(2560K)] 12137K->10081K(13824K), 0.0010120 secs] [Times: user=0.00 sys=0.00, real=0.00 secs] 
2015-04-14T20:27:25.373-0100: 1536.184: Total time for which application threads were stopped: 0.0012158 seconds, Stopping threads took: 0.0000256 seconds
2015-04-14T20:27:26.361-0100: 1537.172: [GC (Allocation Failure) 
Desired survivor size 524288 bytes, new threshold 1 (max 15)
[PSYoungGen: 2304K->256K(2560K)] 12129K->10097K(13824K), 0.0010226 secs] [Times: user=0.01 sys=0.00, real=0.00 secs] 
2015-04-14T20:27:26.362-0100: 1537.173: Total time for which application threads were stopped: 0.0012187 seconds, Stopping threads took: 0.0000212 seconds
2015-04-14T20:27:27.399-0100: 1538.209: [GC (Allocation Failure) 
Desired survivor size 524288 bytes, new threshold 1 (max 15)
[PSYoungGen: 2304K->288K(2560K)] 12145K->10161K(13824K), 0.0010116 secs] [Times: user=0.00 sys=0.00, real=0.01 secs] 
2015-04-14T20:27:27.400-0100: 1538.210: Total time for which application threads were stopped: 0.0011970 seconds, Stopping threads took: 0.0000223 seconds
2015-04-14T20:27:28.484-0100: 1539.295: [GC (Allocation Failure) 
Desired survivor size 524288 bytes, new threshold 1 (max 15)
[PSYoungGen: 2336K->288K(2560K)] 12209K->10185K(13824K), 0.0011354 secs] [Times: user=0.01 sys=0.00, real=0.00 secs] 
2015-04-14T20:27:28.486-0100: 1539.296: Total time for which application threads were stopped: 0.0013295 seconds, Stopping threads took: 0.0000221 seconds
2015-04-14T20:27:29.486-0100: 1540.296: [GC (Allocation Failure) 
Desired survivor size 524288 bytes, new threshold 1 (max 15)
[PSYoungGen: 2336K->256K(2560K)] 12233K->10185K(13824K), 0.0009573 secs] [Times: user=0.00 sys=0.00, real=0.00 secs] 
2015-04-14T20:27:29.487-0100: 1540.297: Total time for which application threads were stopped: 0.0011844 seconds, Stopping threads took: 0.0000328 seconds
2015-04-14T20:27:30.473-0100: 1541.283: [GC (Allocation Failure) 
Desired survivor size 524288 bytes, new threshold 1 (max 15)
[PSYoungGen: 2304K->256K(2560K)] 12233K->10217K(13824K), 0.0009331 secs] [Times: user=0.00 sys=0.00, real=0.00 secs] 
2015-04-14T20:27:30.474-0100: 1541.284: Total time for which application threads were stopped: 0.0011023 seconds, Stopping threads took: 0.0000202 seconds
2015-04-14T20:27:31.478-0100: 1542.288: [GC (Allocation Failure) 
Desired survivor size 524288 bytes, new threshold 1 (max 15)
[PSYoungGen: 2304K->256K(2560K)] 12265K->10233K(13824K), 0.0009842 secs] [Times: user=0.00 sys=0.00, real=0.00 secs] 
2015-04-14T20:27:31.479-0100: 1542.289: Total time for which application threads were stopped: 0.0011662 seconds, Stopping threads took: 0.0000224 seconds
2015-04-14T20:27:32.531-0100: 1543.342: [GC (Allocation Failure) 
Desired survivor size 524288 bytes, new threshold 1 (max 15)
[PSYoungGen: 2304K->256K(2560K)] 12281K->10257K(13824K), 0.0011146 secs] [Times: user=0.00 sys=0.00, real=0.00 secs] 
2015-04-14T20:27:32.532-0100: 1543.343: Total time for which application threads were stopped: 0.0013036 seconds, Stopping threads took: 0.0000214 seconds
2015-04-14T20:27:33.565-0100: 1544.376: [GC (Allocation Failure) 
Desired survivor size 524288 bytes, new threshold 1 (max 15)
[PSYoungGen: 2304K->256K(2560K)] 12305K->10281K(13824K), 0.0010834 secs] [Times: user=0.01 sys=0.00, real=0.00 secs] 
2015-04-14T20:27:33.567-0100: 1544.377: Total time for which application threads were stopped: 0.0013970 seconds, Stopping threads took: 0.0000343 seconds
2015-04-14T20:27:34.622-0100: 1545.432: [GC (Allocation Failure) 
Desired survivor size 524288 bytes, new threshold 1 (max 15)
[PSYoungGen: 2304K->256K(2560K)] 12329K->10313K(13824K), 0.0010339 secs] [Times: user=0.00 sys=0.00, real=0.00 secs] 
2015-04-14T20:27:34.623-0100: 1545.433: Total time for which application threads were stopped: 0.0012325 seconds, Stopping threads took: 0.0000246 seconds
2015-04-14T20:27:35.622-0100: 1546.433: [GC (Allocation Failure) 
Desired survivor size 524288 bytes, new threshold 1 (max 15)
[PSYoungGen: 2304K->288K(2560K)] 12361K->10377K(13824K), 0.0009800 secs] [Times: user=0.00 sys=0.00, real=0.00 secs] 
2015-04-14T20:27:35.624-0100: 1546.434: Total time for which application threads were stopped: 0.0011695 seconds, Stopping threads took: 0.0000217 seconds
2015-04-14T20:27:36.640-0100: 1547.450: [GC (Allocation Failure) 
Desired survivor size 524288 bytes, new threshold 1 (max 15)
[PSYoungGen: 2336K->288K(2560K)] 12425K->10409K(13824K), 0.0010689 secs] [Times: user=0.00 sys=0.01, real=0.00 secs] 
2015-04-14T20:27:36.641-0100: 1547.452: Total time for which application threads were stopped: 0.0012671 seconds, Stopping threads took: 0.0000246 seconds
2015-04-14T20:27:37.631-0100: 1548.442: [GC (Allocation Failure) 
Desired survivor size 524288 bytes, new threshold 1 (max 15)
[PSYoungGen: 2336K->256K(2560K)] 12457K->10417K(13824K), 0.0011216 secs] [Times: user=0.00 sys=0.00, real=0.00 secs] 
2015-04-14T20:27:37.633-0100: 1548.443: Total time for which application threads were stopped: 0.0013009 seconds, Stopping threads took: 0.0000207 seconds
2015-04-14T20:27:38.701-0100: 1549.512: [GC (Allocation Failure) 
Desired survivor size 524288 bytes, new threshold 1 (max 15)
[PSYoungGen: 2304K->256K(2560K)] 12465K->10449K(13824K), 0.0010661 secs] [Times: user=0.00 sys=0.00, real=0.00 secs] 
2015-04-14T20:27:38.702-0100: 1549.513: Total time for which application threads were stopped: 0.0012617 seconds, Stopping threads took: 0.0000204 seconds
2015-04-14T20:27:39.770-0100: 1550.580: [GC (Allocation Failure) 
Desired survivor size 524288 bytes, new threshold 1 (max 15)
[PSYoungGen: 2303K->256K(2560K)] 12497K->10489K(13824K), 0.0010627 secs] [Times: user=0.01 sys=0.00, real=0.00 secs] 
2015-04-14T20:27:39.771-0100: 1550.582: Total time for which application threads were stopped: 0.0012788 seconds, Stopping threads took: 0.0000254 seconds
2015-04-14T20:27:40.722-0100: 1551.533: [GC (Allocation Failure) 
Desired survivor size 524288 bytes, new threshold 1 (max 15)
[PSYoungGen: 2304K->288K(2560K)] 12537K->10553K(13824K), 0.0010407 secs] [Times: user=0.01 sys=0.00, real=0.00 secs] 
2015-04-14T20:27:40.723-0100: 1551.534: Total time for which application threads were stopped: 0.0012230 seconds, Stopping threads took: 0.0000221 seconds
2015-04-14T20:27:41.610-0100: 1552.420: [GC (Allocation Failure) 
Desired survivor size 524288 bytes, new threshold 1 (max 15)
[PSYoungGen: 2336K->256K(2560K)] 12601K->10545K(13824K), 0.0010879 secs] [Times: user=0.00 sys=0.00, real=0.00 secs] 
2015-04-14T20:27:41.611-0100: 1552.422: Total time for which application threads were stopped: 0.0012861 seconds, Stopping threads took: 0.0000246 seconds
2015-04-14T20:27:42.528-0100: 1553.338: [GC (Allocation Failure) 
Desired survivor size 524288 bytes, new threshold 1 (max 15)
[PSYoungGen: 2304K->288K(2560K)] 12593K->10609K(13824K), 0.0010878 secs] [Times: user=0.01 sys=0.00, real=0.00 secs] 
2015-04-14T20:27:42.529-0100: 1553.340: Total time for which application threads were stopped: 0.0012934 seconds, Stopping threads took: 0.0000239 seconds
2015-04-14T20:27:43.400-0100: 1554.210: [GC (Allocation Failure) 
Desired survivor size 524288 bytes, new threshold 1 (max 15)
[PSYoungGen: 2336K->256K(2560K)] 12657K->10609K(13824K), 0.0010510 secs] [Times: user=0.00 sys=0.00, real=0.00 secs] 
2015-04-14T20:27:43.401-0100: 1554.212: Total time for which application threads were stopped: 0.0012703 seconds, Stopping threads took: 0.0000214 seconds
2015-04-14T20:27:44.252-0100: 1555.062: [GC (Allocation Failure) 
Desired survivor size 524288 bytes, new threshold 1 (max 15)
[PSYoungGen: 2304K->256K(2560K)] 12657K->10641K(13824K), 0.0010955 secs] [Times: user=0.01 sys=0.00, real=0.00 secs] 
2015-04-14T20:27:44.253-0100: 1555.064: Total time for which application threads were stopped: 0.0013285 seconds, Stopping threads took: 0.0000214 seconds
2015-04-14T20:27:45.121-0100: 1555.931: [GC (Allocation Failure) 
Desired survivor size 524288 bytes, new threshold 1 (max 15)
[PSYoungGen: 2304K->288K(2560K)] 12689K->10705K(13824K), 0.0010742 secs] [Times: user=0.01 sys=0.00, real=0.00 secs] 
2015-04-14T20:27:45.122-0100: 1555.932: Total time for which application threads were stopped: 0.0012651 seconds, Stopping threads took: 0.0000215 seconds
2015-04-14T20:27:45.954-0100: 1556.764: [GC (Allocation Failure) 
Desired survivor size 524288 bytes, new threshold 1 (max 15)
[PSYoungGen: 2336K->288K(2560K)] 12753K->10729K(13824K), 0.0009892 secs] [Times: user=0.01 sys=0.00, real=0.00 secs] 
2015-04-14T20:27:45.955-0100: 1556.765: Total time for which application threads were stopped: 0.0011745 seconds, Stopping threads took: 0.0000216 seconds
2015-04-14T20:27:46.793-0100: 1557.604: [GC (Allocation Failure) 
Desired survivor size 524288 bytes, new threshold 1 (max 15)
[PSYoungGen: 2336K->288K(2560K)] 12777K->10761K(13824K), 0.0010127 secs] [Times: user=0.00 sys=0.00, real=0.00 secs] 
2015-04-14T20:27:46.794-0100: 1557.605: Total time for which application threads were stopped: 0.0012100 seconds, Stopping threads took: 0.0000228 seconds
2015-04-14T20:27:47.660-0100: 1558.470: [GC (Allocation Failure) 
Desired survivor size 524288 bytes, new threshold 1 (max 15)
[PSYoungGen: 2336K->256K(2560K)] 12809K->10753K(13824K), 0.0011201 secs] [Times: user=0.01 sys=0.00, real=0.00 secs] 
2015-04-14T20:27:47.661-0100: 1558.472: Total time for which application threads were stopped: 0.0013431 seconds, Stopping threads took: 0.0000385 seconds
2015-04-14T20:27:48.597-0100: 1559.408: [GC (Allocation Failure) 
Desired survivor size 524288 bytes, new threshold 1 (max 15)
[PSYoungGen: 2304K->224K(2560K)] 12801K->10753K(13824K), 0.0009139 secs] [Times: user=0.01 sys=0.00, real=0.00 secs] 
2015-04-14T20:27:48.598-0100: 1559.409: Total time for which application threads were stopped: 0.0010857 seconds, Stopping threads took: 0.0000200 seconds
2015-04-14T20:27:49.535-0100: 1560.346: [GC (Allocation Failure) 
Desired survivor size 524288 bytes, new threshold 1 (max 15)
[PSYoungGen: 2272K->256K(2560K)] 12801K->10809K(13824K), 0.0010175 secs] [Times: user=0.00 sys=0.00, real=0.00 secs] 
2015-04-14T20:27:49.536-0100: 1560.347: Total time for which application threads were stopped: 0.0011934 seconds, Stopping threads took: 0.0000219 seconds
2015-04-14T20:27:50.521-0100: 1561.332: [GC (Allocation Failure) 
Desired survivor size 524288 bytes, new threshold 1 (max 15)
[PSYoungGen: 2304K->288K(2560K)] 12857K->10865K(13824K), 0.0010714 secs] [Times: user=0.01 sys=0.00, real=0.00 secs] 
2015-04-14T20:27:50.523-0100: 1561.333: Total time for which application threads were stopped: 0.0012689 seconds, Stopping threads took: 0.0000236 seconds
2015-04-14T20:27:51.536-0100: 1562.347: [GC (Allocation Failure) 
Desired survivor size 524288 bytes, new threshold 1 (max 15)
[PSYoungGen: 2336K->256K(2560K)] 12913K->10873K(13824K), 0.0011380 secs] [Times: user=0.00 sys=0.00, real=0.00 secs] 
2015-04-14T20:27:51.538-0100: 1562.348: Total time for which application threads were stopped: 0.0013526 seconds, Stopping threads took: 0.0000252 seconds
2015-04-14T20:27:52.541-0100: 1563.352: [GC (Allocation Failure) 
Desired survivor size 524288 bytes, new threshold 1 (max 15)
[PSYoungGen: 2304K->288K(2560K)] 12921K->10937K(13824K), 0.0008175 secs] [Times: user=0.01 sys=0.00, real=0.00 secs] 
2015-04-14T20:27:52.542-0100: 1563.353: Total time for which application threads were stopped: 0.0009698 seconds, Stopping threads took: 0.0000148 seconds
2015-04-14T20:27:53.514-0100: 1564.325: [GC (Allocation Failure) 
Desired survivor size 524288 bytes, new threshold 1 (max 15)
[PSYoungGen: 2336K->256K(2560K)] 12985K->10945K(13824K), 0.0010147 secs] [Times: user=0.00 sys=0.00, real=0.00 secs] 
2015-04-14T20:27:53.516-0100: 1564.326: Total time for which application threads were stopped: 0.0012168 seconds, Stopping threads took: 0.0000224 seconds
2015-04-14T20:27:54.515-0100: 1565.325: [GC (Allocation Failure) 
Desired survivor size 524288 bytes, new threshold 1 (max 15)
[PSYoungGen: 2304K->288K(2560K)] 12993K->11017K(13824K), 0.0010465 secs] [Times: user=0.01 sys=0.01, real=0.00 secs] 
2015-04-14T20:27:54.516-0100: 1565.326: Total time for which application threads were stopped: 0.0012572 seconds, Stopping threads took: 0.0000268 seconds
2015-04-14T20:27:55.538-0100: 1566.348: [GC (Allocation Failure) 
Desired survivor size 524288 bytes, new threshold 1 (max 15)
[PSYoungGen: 2336K->256K(2560K)] 13065K->11009K(13824K), 0.0010232 secs] [Times: user=0.01 sys=0.00, real=0.00 secs] 
2015-04-14T20:27:55.539-0100: 1566.349: Total time for which application threads were stopped: 0.0012131 seconds, Stopping threads took: 0.0000225 seconds
2015-04-14T20:27:56.541-0100: 1567.351: [GC (Allocation Failure) 
Desired survivor size 524288 bytes, new threshold 1 (max 15)
[PSYoungGen: 2304K->256K(2560K)] 13057K->11041K(13824K), 0.0009890 secs] [Times: user=0.00 sys=0.00, real=0.00 secs] 
2015-04-14T20:27:56.542-0100: 1567.352: Total time for which application threads were stopped: 0.0011825 seconds, Stopping threads took: 0.0000214 seconds
2015-04-14T20:27:57.560-0100: 1568.371: [GC (Allocation Failure) 
Desired survivor size 524288 bytes, new threshold 1 (max 15)
[PSYoungGen: 2304K->256K(2560K)] 13089K->11073K(13824K), 0.0011323 secs] [Times: user=0.00 sys=0.01, real=0.00 secs] 
2015-04-14T20:27:57.561-0100: 1568.372: Total time for which application threads were stopped: 0.0013312 seconds, Stopping threads took: 0.0000214 seconds
2015-04-14T20:27:58.577-0100: 1569.388: [GC (Allocation Failure) 
Desired survivor size 524288 bytes, new threshold 1 (max 15)
[PSYoungGen: 2304K->256K(2560K)] 13121K->11097K(13824K), 0.0010408 secs] [Times: user=0.00 sys=0.00, real=0.00 secs] 
2015-04-14T20:27:58.578-0100: 1569.389: Total time for which application threads were stopped: 0.0012483 seconds, Stopping threads took: 0.0000231 seconds
2015-04-14T20:27:59.582-0100: 1570.393: [GC (Allocation Failure) 
Desired survivor size 524288 bytes, new threshold 1 (max 15)
[PSYoungGen: 2304K->256K(2560K)] 13145K->11129K(13824K), 0.0011271 secs] [Times: user=0.00 sys=0.00, real=0.00 secs] 
2015-04-14T20:27:59.583-0100: 1570.394: Total time for which application threads were stopped: 0.0013099 seconds, Stopping threads took: 0.0000205 seconds
2015-04-14T20:28:00.453-0100: 1571.264: [GC (Allocation Failure) 
Desired survivor size 524288 bytes, new threshold 1 (max 15)
[PSYoungGen: 2304K->256K(2560K)] 13177K->11153K(13824K), 0.0009912 secs] [Times: user=0.01 sys=0.00, real=0.00 secs] 
2015-04-14T20:28:00.454-0100: 1571.265: Total time for which application threads were stopped: 0.0011753 seconds, Stopping threads took: 0.0000207 seconds
2015-04-14T20:28:01.488-0100: 1572.299: [GC (Allocation Failure) 
Desired survivor size 524288 bytes, new threshold 1 (max 15)
[PSYoungGen: 2304K->256K(2560K)] 13201K->11185K(13824K), 0.0010718 secs] [Times: user=0.01 sys=0.00, real=0.01 secs] 
2015-04-14T20:28:01.490-0100: 1572.300: Total time for which application threads were stopped: 0.0012736 seconds, Stopping threads took: 0.0000239 seconds
2015-04-14T20:28:02.556-0100: 1573.367: [GC (Allocation Failure) 
Desired survivor size 524288 bytes, new threshold 1 (max 15)
[PSYoungGen: 2304K->224K(2560K)] 13233K->11177K(13824K), 0.0011240 secs] [Times: user=0.00 sys=0.00, real=0.00 secs] 
2015-04-14T20:28:02.558-0100: 1573.368: Total time for which application threads were stopped: 0.0013298 seconds, Stopping threads took: 0.0000231 seconds
2015-04-14T20:28:03.545-0100: 1574.356: [GC (Allocation Failure) 
Desired survivor size 524288 bytes, new threshold 1 (max 15)
[PSYoungGen: 2272K->256K(2560K)] 13225K->11225K(13824K), 0.0010826 secs] [Times: user=0.00 sys=0.00, real=0.00 secs] 
2015-04-14T20:28:03.546-0100: 1574.357: Total time for which application threads were stopped: 0.0012667 seconds, Stopping threads took: 0.0000225 seconds
2015-04-14T20:28:04.532-0100: 1575.343: [GC (Allocation Failure) 
Desired survivor size 524288 bytes, new threshold 1 (max 15)
[PSYoungGen: 2304K->288K(2560K)] 13273K->11289K(13824K), 0.0010689 secs] [Times: user=0.01 sys=0.00, real=0.00 secs] 
2015-04-14T20:28:04.533-0100: 1575.344: Total time for which application threads were stopped: 0.0012675 seconds, Stopping threads took: 0.0000233 seconds
2015-04-14T20:28:05.602-0100: 1576.413: [GC (Allocation Failure) 
Desired survivor size 524288 bytes, new threshold 1 (max 15)
[PSYoungGen: 2336K->288K(2560K)] 13337K->11329K(13824K), 0.0010622 secs] [Times: user=0.00 sys=0.00, real=0.00 secs] 
2015-04-14T20:28:05.603-0100: 1576.414: Total time for which application threads were stopped: 0.0012501 seconds, Stopping threads took: 0.0000217 seconds
2015-04-14T20:28:06.620-0100: 1577.431: [GC (Allocation Failure) 
Desired survivor size 524288 bytes, new threshold 1 (max 15)
[PSYoungGen: 2336K->288K(2560K)] 13377K->11369K(13824K), 0.0010020 secs] [Times: user=0.01 sys=0.00, real=0.00 secs] 
2015-04-14T20:28:06.621-0100: 1577.432: Total time for which application threads were stopped: 0.0011790 seconds, Stopping threads took: 0.0000219 seconds
2015-04-14T20:28:07.643-0100: 1578.453: [GC (Allocation Failure) 
Desired survivor size 524288 bytes, new threshold 1 (max 15)
[PSYoungGen: 2336K->256K(2560K)] 13417K->11369K(13824K), 0.0010248 secs] [Times: user=0.00 sys=0.00, real=0.00 secs] 
2015-04-14T20:28:07.644-0100: 1578.455: Total time for which application threads were stopped: 0.0011971 seconds, Stopping threads took: 0.0000218 seconds
2015-04-14T20:28:08.694-0100: 1579.505: [GC (Allocation Failure) 
Desired survivor size 524288 bytes, new threshold 1 (max 15)
[PSYoungGen: 2304K->288K(2560K)] 13417K->11433K(13824K), 0.0009958 secs] [Times: user=0.00 sys=0.00, real=0.00 secs] 
2015-04-14T20:28:08.695-0100: 1579.506: Total time for which application threads were stopped: 0.0011960 seconds, Stopping threads took: 0.0000221 seconds
2015-04-14T20:28:09.732-0100: 1580.543: [GC (Allocation Failure) 
Desired survivor size 524288 bytes, new threshold 1 (max 15)
[PSYoungGen: 2336K->288K(2560K)] 13481K->11473K(13824K), 0.0010694 secs] [Times: user=0.00 sys=0.00, real=0.00 secs] 
2015-04-14T20:28:09.733-0100: 1580.544: Total time for which application threads were stopped: 0.0012596 seconds, Stopping threads took: 0.0000222 seconds
2015-04-14T20:28:10.766-0100: 1581.577: [GC (Allocation Failure) 
Desired survivor size 524288 bytes, new threshold 1 (max 15)
[PSYoungGen: 2336K->288K(2560K)] 13521K->11513K(13824K), 0.0010573 secs] [Times: user=0.00 sys=0.00, real=0.00 secs] 
2015-04-14T20:28:10.767-0100: 1581.578: [Full GC (Ergonomics) [PSYoungGen: 288K->0K(2560K)] [ParOldGen: 11225K->8366K(11264K)] 11513K->8366K(13824K), [Metaspace: 17883K->17883K(1064960K)], 0.0185415 secs] [Times: user=0.06 sys=0.00, real=0.02 secs] 
2015-04-14T20:28:10.785-0100: 1581.596: Total time for which application threads were stopped: 0.0199331 seconds, Stopping threads took: 0.0000246 seconds
2015-04-14T20:28:11.772-0100: 1582.583: [GC (Allocation Failure) 
Desired survivor size 524288 bytes, new threshold 1 (max 15)
[PSYoungGen: 2048K->256K(2560K)] 10414K->8622K(13824K), 0.0010328 secs] [Times: user=0.00 sys=0.00, real=0.00 secs] 
2015-04-14T20:28:11.773-0100: 1582.584: Total time for which application threads were stopped: 0.0012432 seconds, Stopping threads took: 0.0000238 seconds
2015-04-14T20:28:12.791-0100: 1583.602: [GC (Allocation Failure) 
Desired survivor size 524288 bytes, new threshold 1 (max 15)
[PSYoungGen: 2304K->288K(2560K)] 10670K->8694K(13824K), 0.0009099 secs] [Times: user=0.00 sys=0.00, real=0.00 secs] 
2015-04-14T20:28:12.792-0100: 1583.603: Total time for which application threads were stopped: 0.0010726 seconds, Stopping threads took: 0.0000179 seconds
2015-04-14T20:28:13.794-0100: 1584.605: [GC (Allocation Failure) 
Desired survivor size 524288 bytes, new threshold 1 (max 15)
[PSYoungGen: 2336K->256K(2560K)] 10742K->8686K(13824K), 0.0010459 secs] [Times: user=0.01 sys=0.00, real=0.00 secs] 
2015-04-14T20:28:13.795-0100: 1584.606: Total time for which application threads were stopped: 0.0012614 seconds, Stopping threads took: 0.0000233 seconds
2015-04-14T20:28:14.795-0100: 1585.606: [GC (Allocation Failure) 
Desired survivor size 524288 bytes, new threshold 1 (max 15)
[PSYoungGen: 2304K->288K(2560K)] 10734K->8750K(13824K), 0.0010999 secs] [Times: user=0.00 sys=0.00, real=0.00 secs] 
2015-04-14T20:28:14.796-0100: 1585.607: Total time for which application threads were stopped: 0.0013275 seconds, Stopping threads took: 0.0000251 seconds
2015-04-14T20:28:15.801-0100: 1586.612: [GC (Allocation Failure) 
Desired survivor size 524288 bytes, new threshold 1 (max 15)
[PSYoungGen: 2336K->256K(2560K)] 10798K->8734K(13824K), 0.0010476 secs] [Times: user=0.00 sys=0.00, real=0.00 secs] 
2015-04-14T20:28:15.802-0100: 1586.613: Total time for which application threads were stopped: 0.0012423 seconds, Stopping threads took: 0.0000229 seconds
2015-04-14T20:28:16.802-0100: 1587.613: [GC (Allocation Failure) 
Desired survivor size 524288 bytes, new threshold 1 (max 15)
[PSYoungGen: 2304K->256K(2560K)] 10782K->8758K(13824K), 0.0010013 secs] [Times: user=0.01 sys=0.00, real=0.00 secs] 
2015-04-14T20:28:16.803-0100: 1587.614: Total time for which application threads were stopped: 0.0011910 seconds, Stopping threads took: 0.0000204 seconds
2015-04-14T20:28:17.790-0100: 1588.601: [GC (Allocation Failure) 
Desired survivor size 524288 bytes, new threshold 1 (max 15)
[PSYoungGen: 2304K->288K(2560K)] 10806K->8822K(13824K), 0.0010746 secs] [Times: user=0.00 sys=0.00, real=0.00 secs] 
2015-04-14T20:28:17.791-0100: 1588.603: Total time for which application threads were stopped: 0.0012758 seconds, Stopping threads took: 0.0000242 seconds
2015-04-14T20:28:18.823-0100: 1589.634: [GC (Allocation Failure) 
Desired survivor size 524288 bytes, new threshold 1 (max 15)
[PSYoungGen: 2336K->256K(2560K)] 10870K->8814K(13824K), 0.0011465 secs] [Times: user=0.00 sys=0.00, real=0.00 secs] 
2015-04-14T20:28:18.824-0100: 1589.636: Total time for which application threads were stopped: 0.0013558 seconds, Stopping threads took: 0.0000268 seconds
2015-04-14T20:28:19.863-0100: 1590.675: [GC (Allocation Failure) 
Desired survivor size 524288 bytes, new threshold 1 (max 15)
[PSYoungGen: 2304K->288K(2560K)] 10862K->8878K(13824K), 0.0010276 secs] [Times: user=0.01 sys=0.00, real=0.00 secs] 
2015-04-14T20:28:19.865-0100: 1590.676: Total time for which application threads were stopped: 0.0012210 seconds, Stopping threads took: 0.0000202 seconds
2015-04-14T20:28:20.882-0100: 1591.693: [GC (Allocation Failure) 
Desired survivor size 524288 bytes, new threshold 1 (max 15)
[PSYoungGen: 2336K->256K(2560K)] 10926K->8870K(13824K), 0.0010511 secs] [Times: user=0.00 sys=0.01, real=0.00 secs] 
2015-04-14T20:28:20.883-0100: 1591.694: Total time for which application threads were stopped: 0.0012438 seconds, Stopping threads took: 0.0000239 seconds
2015-04-14T20:28:21.867-0100: 1592.678: [GC (Allocation Failure) 
Desired survivor size 524288 bytes, new threshold 1 (max 15)
[PSYoungGen: 2304K->256K(2560K)] 10918K->8910K(13824K), 0.0009753 secs] [Times: user=0.00 sys=0.00, real=0.00 secs] 
2015-04-14T20:28:21.868-0100: 1592.679: Total time for which application threads were stopped: 0.0011669 seconds, Stopping threads took: 0.0000344 seconds
2015-04-14T20:28:22.907-0100: 1593.718: [GC (Allocation Failure) 
Desired survivor size 524288 bytes, new threshold 1 (max 15)
[PSYoungGen: 2304K->288K(2560K)] 10958K->8974K(13824K), 0.0010253 secs] [Times: user=0.00 sys=0.01, real=0.00 secs] 
2015-04-14T20:28:22.908-0100: 1593.719: Total time for which application threads were stopped: 0.0012073 seconds, Stopping threads took: 0.0000227 seconds
2015-04-14T20:28:23.942-0100: 1594.753: [GC (Allocation Failure) 
Desired survivor size 524288 bytes, new threshold 1 (max 15)
[PSYoungGen: 2336K->288K(2560K)] 11022K->9006K(13824K), 0.0010371 secs] [Times: user=0.00 sys=0.00, real=0.00 secs] 
2015-04-14T20:28:23.943-0100: 1594.754: Total time for which application threads were stopped: 0.0012664 seconds, Stopping threads took: 0.0000218 seconds
2015-04-14T20:28:25.008-0100: 1595.819: [GC (Allocation Failure) 
Desired survivor size 524288 bytes, new threshold 1 (max 15)
[PSYoungGen: 2336K->256K(2560K)] 11054K->9006K(13824K), 0.0010709 secs] [Times: user=0.01 sys=0.00, real=0.00 secs] 
2015-04-14T20:28:25.009-0100: 1595.821: Total time for which application threads were stopped: 0.0012752 seconds, Stopping threads took: 0.0000277 seconds
2015-04-14T20:28:26.032-0100: 1596.843: [GC (Allocation Failure) 
Desired survivor size 524288 bytes, new threshold 1 (max 15)
[PSYoungGen: 2304K->256K(2560K)] 11054K->9046K(13824K), 0.0010610 secs] [Times: user=0.01 sys=0.00, real=0.00 secs] 
2015-04-14T20:28:26.033-0100: 1596.844: Total time for which application threads were stopped: 0.0012747 seconds, Stopping threads took: 0.0000233 seconds
2015-04-14T20:28:27.036-0100: 1597.847: [GC (Allocation Failure) 
Desired survivor size 524288 bytes, new threshold 1 (max 15)
[PSYoungGen: 2304K->256K(2560K)] 11094K->9078K(13824K), 0.0010857 secs] [Times: user=0.01 sys=0.00, real=0.00 secs] 
2015-04-14T20:28:27.037-0100: 1597.848: Total time for which application threads were stopped: 0.0012821 seconds, Stopping threads took: 0.0000212 seconds
2015-04-14T20:28:28.039-0100: 1598.850: [GC (Allocation Failure) 
Desired survivor size 524288 bytes, new threshold 1 (max 15)
[PSYoungGen: 2303K->256K(2560K)] 11126K->9118K(13824K), 0.0010984 secs] [Times: user=0.01 sys=0.00, real=0.01 secs] 
2015-04-14T20:28:28.040-0100: 1598.851: Total time for which application threads were stopped: 0.0012939 seconds, Stopping threads took: 0.0000231 seconds
2015-04-14T20:28:29.121-0100: 1599.933: [GC (Allocation Failure) 
Desired survivor size 524288 bytes, new threshold 1 (max 15)
[PSYoungGen: 2304K->256K(2560K)] 11166K->9142K(13824K), 0.0010601 secs] [Times: user=0.01 sys=0.00, real=0.00 secs] 
2015-04-14T20:28:29.122-0100: 1599.934: Total time for which application threads were stopped: 0.0012588 seconds, Stopping threads took: 0.0000248 seconds
2015-04-14T20:28:30.112-0100: 1600.923: [GC (Allocation Failure) 
Desired survivor size 524288 bytes, new threshold 1 (max 15)
[PSYoungGen: 2304K->288K(2560K)] 11190K->9214K(13824K), 0.0010704 secs] [Times: user=0.00 sys=0.00, real=0.00 secs] 
2015-04-14T20:28:30.113-0100: 1600.924: Total time for which application threads were stopped: 0.0012572 seconds, Stopping threads took: 0.0000211 seconds
2015-04-14T20:28:31.181-0100: 1601.992: [GC (Allocation Failure) 
Desired survivor size 524288 bytes, new threshold 1 (max 15)
[PSYoungGen: 2336K->288K(2560K)] 11262K->9246K(13824K), 0.0010584 secs] [Times: user=0.00 sys=0.00, real=0.00 secs] 
2015-04-14T20:28:31.182-0100: 1601.993: Total time for which application threads were stopped: 0.0012501 seconds, Stopping threads took: 0.0000222 seconds
2015-04-14T20:28:32.219-0100: 1603.030: [GC (Allocation Failure) 
Desired survivor size 524288 bytes, new threshold 1 (max 15)
[PSYoungGen: 2336K->256K(2560K)] 11294K->9262K(13824K), 0.0011147 secs] [Times: user=0.01 sys=0.00, real=0.01 secs] 
2015-04-14T20:28:32.220-0100: 1603.031: Total time for which application threads were stopped: 0.0013102 seconds, Stopping threads took: 0.0000227 seconds
2015-04-14T20:28:33.219-0100: 1604.030: [GC (Allocation Failure) 
Desired survivor size 524288 bytes, new threshold 1 (max 15)
[PSYoungGen: 2304K->192K(2560K)] 11310K->9222K(13824K), 0.0010700 secs] [Times: user=0.00 sys=0.01, real=0.01 secs] 
2015-04-14T20:28:33.220-0100: 1604.031: Total time for which application threads were stopped: 0.0013287 seconds, Stopping threads took: 0.0000354 seconds
2015-04-14T20:28:34.242-0100: 1605.054: [GC (Allocation Failure) 
Desired survivor size 524288 bytes, new threshold 1 (max 15)
[PSYoungGen: 2240K->288K(2560K)] 11270K->9342K(13824K), 0.0010418 secs] [Times: user=0.01 sys=0.00, real=0.00 secs] 
2015-04-14T20:28:34.243-0100: 1605.055: Total time for which application threads were stopped: 0.0012301 seconds, Stopping threads took: 0.0000225 seconds
2015-04-14T20:28:35.295-0100: 1606.106: [GC (Allocation Failure) 
Desired survivor size 524288 bytes, new threshold 1 (max 15)
[PSYoungGen: 2336K->256K(2560K)] 11390K->9342K(13824K), 0.0010678 secs] [Times: user=0.00 sys=0.00, real=0.00 secs] 
2015-04-14T20:28:35.296-0100: 1606.107: Total time for which application threads were stopped: 0.0012650 seconds, Stopping threads took: 0.0000231 seconds
2015-04-14T20:28:36.396-0100: 1607.207: [GC (Allocation Failure) 
Desired survivor size 524288 bytes, new threshold 1 (max 15)
[PSYoungGen: 2304K->288K(2560K)] 11390K->9406K(13824K), 0.0010105 secs] [Times: user=0.01 sys=0.00, real=0.00 secs] 
2015-04-14T20:28:36.397-0100: 1607.209: Total time for which application threads were stopped: 0.0012210 seconds, Stopping threads took: 0.0000271 seconds
2015-04-14T20:28:37.401-0100: 1608.213: [GC (Allocation Failure) 
Desired survivor size 524288 bytes, new threshold 1 (max 15)
[PSYoungGen: 2336K->256K(2560K)] 11454K->9406K(13824K), 0.0011056 secs] [Times: user=0.01 sys=0.00, real=0.00 secs] 
2015-04-14T20:28:37.403-0100: 1608.214: Total time for which application threads were stopped: 0.0012941 seconds, Stopping threads took: 0.0000216 seconds
2015-04-14T20:28:38.388-0100: 1609.200: [GC (Allocation Failure) 
Desired survivor size 524288 bytes, new threshold 1 (max 15)
[PSYoungGen: 2304K->288K(2560K)] 11454K->9478K(13824K), 0.0010095 secs] [Times: user=0.01 sys=0.00, real=0.00 secs] 
2015-04-14T20:28:38.390-0100: 1609.201: Total time for which application threads were stopped: 0.0012169 seconds, Stopping threads took: 0.0000220 seconds
2015-04-14T20:28:39.473-0100: 1610.285: [GC (Allocation Failure) 
Desired survivor size 524288 bytes, new threshold 1 (max 15)
[PSYoungGen: 2336K->256K(2560K)] 11526K->9486K(13824K), 0.0010607 secs] [Times: user=0.00 sys=0.00, real=0.00 secs] 
2015-04-14T20:28:39.474-0100: 1610.286: Total time for which application threads were stopped: 0.0012546 seconds, Stopping threads took: 0.0000233 seconds
2015-04-14T20:28:40.443-0100: 1611.255: [GC (Allocation Failure) 
Desired survivor size 524288 bytes, new threshold 1 (max 15)
[PSYoungGen: 2304K->256K(2560K)] 11534K->9526K(13824K), 0.0010203 secs] [Times: user=0.00 sys=0.00, real=0.00 secs] 
2015-04-14T20:28:40.444-0100: 1611.256: Total time for which application threads were stopped: 0.0012193 seconds, Stopping threads took: 0.0000208 seconds
2015-04-14T20:28:41.396-0100: 1612.207: [GC (Allocation Failure) 
Desired survivor size 524288 bytes, new threshold 1 (max 15)
[PSYoungGen: 2304K->288K(2560K)] 11574K->9590K(13824K), 0.0010660 secs] [Times: user=0.00 sys=0.00, real=0.00 secs] 
2015-04-14T20:28:41.397-0100: 1612.208: Total time for which application threads were stopped: 0.0012585 seconds, Stopping threads took: 0.0000243 seconds
2015-04-14T20:28:42.300-0100: 1613.112: [GC (Allocation Failure) 
Desired survivor size 524288 bytes, new threshold 1 (max 15)
[PSYoungGen: 2336K->256K(2560K)] 11638K->9590K(13824K), 0.0011241 secs] [Times: user=0.00 sys=0.00, real=0.00 secs] 
2015-04-14T20:28:42.301-0100: 1613.113: Total time for which application threads were stopped: 0.0013116 seconds, Stopping threads took: 0.0000228 seconds
2015-04-14T20:28:43.150-0100: 1613.961: [GC (Allocation Failure) 
Desired survivor size 524288 bytes, new threshold 1 (max 15)
[PSYoungGen: 2304K->288K(2560K)] 11638K->9646K(13824K), 0.0010802 secs] [Times: user=0.01 sys=0.00, real=0.00 secs] 
2015-04-14T20:28:43.151-0100: 1613.963: Total time for which application threads were stopped: 0.0012825 seconds, Stopping threads took: 0.0000214 seconds
2015-04-14T20:28:43.982-0100: 1614.793: [GC (Allocation Failure) 
Desired survivor size 524288 bytes, new threshold 1 (max 15)
[PSYoungGen: 2336K->256K(2560K)] 11694K->9646K(13824K), 0.0011508 secs] [Times: user=0.00 sys=0.00, real=0.00 secs] 
2015-04-14T20:28:43.983-0100: 1614.794: Total time for which application threads were stopped: 0.0014084 seconds, Stopping threads took: 0.0000372 seconds
2015-04-14T20:28:44.859-0100: 1615.670: [GC (Allocation Failure) 
Desired survivor size 524288 bytes, new threshold 1 (max 15)
[PSYoungGen: 2304K->256K(2560K)] 11694K->9686K(13824K), 0.0010318 secs] [Times: user=0.00 sys=0.00, real=0.01 secs] 
2015-04-14T20:28:44.860-0100: 1615.671: Total time for which application threads were stopped: 0.0012211 seconds, Stopping threads took: 0.0000225 seconds
2015-04-14T20:28:45.761-0100: 1616.572: [GC (Allocation Failure) 
Desired survivor size 524288 bytes, new threshold 1 (max 15)
[PSYoungGen: 2304K->288K(2560K)] 11734K->9742K(13824K), 0.0010238 secs] [Times: user=0.00 sys=0.00, real=0.00 secs] 
2015-04-14T20:28:45.762-0100: 1616.573: Total time for which application threads were stopped: 0.0012127 seconds, Stopping threads took: 0.0000212 seconds
2015-04-14T20:28:46.603-0100: 1617.414: [GC (Allocation Failure) 
Desired survivor size 524288 bytes, new threshold 1 (max 15)
[PSYoungGen: 2336K->224K(2560K)] 11790K->9710K(13824K), 0.0008956 secs] [Times: user=0.00 sys=0.00, real=0.00 secs] 
2015-04-14T20:28:46.604-0100: 1617.415: Total time for which application threads were stopped: 0.0010774 seconds, Stopping threads took: 0.0000213 seconds
2015-04-14T20:28:47.500-0100: 1618.312: [GC (Allocation Failure) 
Desired survivor size 524288 bytes, new threshold 1 (max 15)
[PSYoungGen: 2272K->256K(2560K)] 11758K->9782K(13824K), 0.0009885 secs] [Times: user=0.00 sys=0.00, real=0.00 secs] 
2015-04-14T20:28:47.501-0100: 1618.313: Total time for which application threads were stopped: 0.0011903 seconds, Stopping threads took: 0.0000336 seconds
2015-04-14T20:28:48.436-0100: 1619.247: [GC (Allocation Failure) 
Desired survivor size 524288 bytes, new threshold 1 (max 15)
[PSYoungGen: 2304K->256K(2560K)] 11830K->9806K(13824K), 0.0010930 secs] [Times: user=0.00 sys=0.00, real=0.00 secs] 
2015-04-14T20:28:48.437-0100: 1619.248: Total time for which application threads were stopped: 0.0012860 seconds, Stopping threads took: 0.0000225 seconds
2015-04-14T20:28:49.340-0100: 1620.152: [GC (Allocation Failure) 
Desired survivor size 524288 bytes, new threshold 1 (max 15)
[PSYoungGen: 2304K->288K(2560K)] 11854K->9862K(13824K), 0.0011573 secs] [Times: user=0.00 sys=0.00, real=0.00 secs] 
2015-04-14T20:28:49.341-0100: 1620.153: Total time for which application threads were stopped: 0.0013495 seconds, Stopping threads took: 0.0000238 seconds
2015-04-14T20:28:50.259-0100: 1621.070: [GC (Allocation Failure) 
Desired survivor size 524288 bytes, new threshold 1 (max 15)
[PSYoungGen: 2336K->256K(2560K)] 11910K->9862K(13824K), 0.0010982 secs] [Times: user=0.01 sys=0.00, real=0.01 secs] 
2015-04-14T20:28:50.260-0100: 1621.071: Total time for which application threads were stopped: 0.0012917 seconds, Stopping threads took: 0.0000220 seconds
2015-04-14T20:28:51.359-0100: 1622.171: [GC (Allocation Failure) 
Desired survivor size 524288 bytes, new threshold 1 (max 15)
[PSYoungGen: 2304K->288K(2560K)] 11910K->9926K(13824K), 0.0010495 secs] [Times: user=0.01 sys=0.00, real=0.01 secs] 
2015-04-14T20:28:51.360-0100: 1622.172: Total time for which application threads were stopped: 0.0012683 seconds, Stopping threads took: 0.0000241 seconds
2015-04-14T20:28:52.396-0100: 1623.207: [GC (Allocation Failure) 
Desired survivor size 524288 bytes, new threshold 1 (max 15)
[PSYoungGen: 2336K->256K(2560K)] 11974K->9934K(13824K), 0.0010467 secs] [Times: user=0.00 sys=0.00, real=0.00 secs] 
2015-04-14T20:28:52.397-0100: 1623.208: Total time for which application threads were stopped: 0.0012546 seconds, Stopping threads took: 0.0000248 seconds
2015-04-14T20:28:53.452-0100: 1624.263: [GC (Allocation Failure) 
Desired survivor size 524288 bytes, new threshold 1 (max 15)
[PSYoungGen: 2304K->288K(2560K)] 11982K->9998K(13824K), 0.0010942 secs] [Times: user=0.00 sys=0.00, real=0.00 secs] 
2015-04-14T20:28:53.453-0100: 1624.264: Total time for which application threads were stopped: 0.0012912 seconds, Stopping threads took: 0.0000226 seconds
2015-04-14T20:28:54.468-0100: 1625.280: [GC (Allocation Failure) 
Desired survivor size 524288 bytes, new threshold 1 (max 15)
[PSYoungGen: 2336K->224K(2560K)] 12046K->9966K(13824K), 0.0009359 secs] [Times: user=0.00 sys=0.00, real=0.00 secs] 
2015-04-14T20:28:54.469-0100: 1625.281: Total time for which application threads were stopped: 0.0011206 seconds, Stopping threads took: 0.0000226 seconds
2015-04-14T20:28:55.471-0100: 1626.282: [GC (Allocation Failure) 
Desired survivor size 524288 bytes, new threshold 1 (max 15)
[PSYoungGen: 2272K->288K(2560K)] 12014K->10054K(13824K), 0.0010246 secs] [Times: user=0.00 sys=0.00, real=0.00 secs] 
2015-04-14T20:28:55.472-0100: 1626.283: Total time for which application threads were stopped: 0.0012065 seconds, Stopping threads took: 0.0000236 seconds
2015-04-14T20:28:56.593-0100: 1627.405: [GC (Allocation Failure) 
Desired survivor size 524288 bytes, new threshold 1 (max 15)
[PSYoungGen: 2336K->256K(2560K)] 12102K->10054K(13824K), 0.0010002 secs] [Times: user=0.00 sys=0.00, real=0.00 secs] 
2015-04-14T20:28:56.594-0100: 1627.406: Total time for which application threads were stopped: 0.0011851 seconds, Stopping threads took: 0.0000187 seconds
2015-04-14T20:28:57.618-0100: 1628.430: [GC (Allocation Failure) 
Desired survivor size 524288 bytes, new threshold 1 (max 15)
[PSYoungGen: 2304K->256K(2560K)] 12102K->10094K(13824K), 0.0010078 secs] [Times: user=0.00 sys=0.00, real=0.00 secs] 
2015-04-14T20:28:57.619-0100: 1628.431: Total time for which application threads were stopped: 0.0011963 seconds, Stopping threads took: 0.0000226 seconds
2015-04-14T20:28:58.669-0100: 1629.481: [GC (Allocation Failure) 
Desired survivor size 524288 bytes, new threshold 1 (max 15)
[PSYoungGen: 2304K->288K(2560K)] 12142K->10158K(13824K), 0.0010721 secs] [Times: user=0.01 sys=0.00, real=0.01 secs] 
2015-04-14T20:28:58.670-0100: 1629.482: Total time for which application threads were stopped: 0.0012821 seconds, Stopping threads took: 0.0000225 seconds
2015-04-14T20:28:59.689-0100: 1630.500: [GC (Allocation Failure) 
Desired survivor size 524288 bytes, new threshold 1 (max 15)
[PSYoungGen: 2336K->256K(2560K)] 12206K->10158K(13824K), 0.0010791 secs] [Times: user=0.00 sys=0.00, real=0.01 secs] 
2015-04-14T20:28:59.690-0100: 1630.502: Total time for which application threads were stopped: 0.0012991 seconds, Stopping threads took: 0.0000226 seconds
2015-04-14T20:29:00.572-0100: 1631.384: [GC (Allocation Failure) 
Desired survivor size 524288 bytes, new threshold 1 (max 15)
[PSYoungGen: 2304K->288K(2560K)] 12206K->10214K(13824K), 0.0010166 secs] [Times: user=0.00 sys=0.00, real=0.00 secs] 
2015-04-14T20:29:00.574-0100: 1631.385: Total time for which application threads were stopped: 0.0012002 seconds, Stopping threads took: 0.0000210 seconds
2015-04-14T20:29:01.640-0100: 1632.452: [GC (Allocation Failure) 
Desired survivor size 524288 bytes, new threshold 1 (max 15)
[PSYoungGen: 2336K->288K(2560K)] 12262K->10262K(13824K), 0.0009980 secs] [Times: user=0.01 sys=0.00, real=0.00 secs] 
2015-04-14T20:29:01.642-0100: 1632.453: Total time for which application threads were stopped: 0.0012127 seconds, Stopping threads took: 0.0000221 seconds
2015-04-14T20:29:02.664-0100: 1633.476: [GC (Allocation Failure) 
Desired survivor size 524288 bytes, new threshold 1 (max 15)
[PSYoungGen: 2336K->256K(2560K)] 12310K->10262K(13824K), 0.0010423 secs] [Times: user=0.00 sys=0.00, real=0.00 secs] 
2015-04-14T20:29:02.665-0100: 1633.477: Total time for which application threads were stopped: 0.0012149 seconds, Stopping threads took: 0.0000230 seconds
2015-04-14T20:29:03.700-0100: 1634.512: [GC (Allocation Failure) 
Desired survivor size 524288 bytes, new threshold 1 (max 15)
[PSYoungGen: 2304K->256K(2560K)] 12310K->10294K(13824K), 0.0009925 secs] [Times: user=0.00 sys=0.00, real=0.00 secs] 
2015-04-14T20:29:03.701-0100: 1634.513: Total time for which application threads were stopped: 0.0011784 seconds, Stopping threads took: 0.0000196 seconds
2015-04-14T20:29:04.688-0100: 1635.500: [GC (Allocation Failure) 
Desired survivor size 524288 bytes, new threshold 1 (max 15)
[PSYoungGen: 2304K->288K(2560K)] 12342K->10358K(13824K), 0.0010976 secs] [Times: user=0.00 sys=0.00, real=0.00 secs] 
2015-04-14T20:29:04.689-0100: 1635.501: Total time for which application threads were stopped: 0.0013035 seconds, Stopping threads took: 0.0000231 seconds
2015-04-14T20:29:05.691-0100: 1636.503: [GC (Allocation Failure) 
Desired survivor size 524288 bytes, new threshold 1 (max 15)
[PSYoungGen: 2336K->256K(2560K)] 12406K->10358K(13824K), 0.0010675 secs] [Times: user=0.01 sys=0.00, real=0.00 secs] 
2015-04-14T20:29:05.692-0100: 1636.504: Total time for which application threads were stopped: 0.0012580 seconds, Stopping threads took: 0.0000215 seconds
2015-04-14T20:29:06.707-0100: 1637.519: [GC (Allocation Failure) 
Desired survivor size 524288 bytes, new threshold 1 (max 15)
[PSYoungGen: 2304K->288K(2560K)] 12406K->10406K(13824K), 0.0010114 secs] [Times: user=0.01 sys=0.00, real=0.00 secs] 
2015-04-14T20:29:06.708-0100: 1637.520: Total time for which application threads were stopped: 0.0012350 seconds, Stopping threads took: 0.0000344 seconds
2015-04-14T20:29:07.747-0100: 1638.559: [GC (Allocation Failure) 
Desired survivor size 524288 bytes, new threshold 1 (max 15)
[PSYoungGen: 2336K->256K(2560K)] 12454K->10406K(13824K), 0.0010937 secs] [Times: user=0.00 sys=0.00, real=0.00 secs] 
2015-04-14T20:29:07.748-0100: 1638.560: Total time for which application threads were stopped: 0.0012898 seconds, Stopping threads took: 0.0000230 seconds
2015-04-14T20:29:08.800-0100: 1639.612: [GC (Allocation Failure) 
Desired survivor size 524288 bytes, new threshold 1 (max 15)
[PSYoungGen: 2304K->288K(2560K)] 12454K->10478K(13824K), 0.0011003 secs] [Times: user=0.00 sys=0.00, real=0.00 secs] 
2015-04-14T20:29:08.801-0100: 1639.613: Total time for which application threads were stopped: 0.0012899 seconds, Stopping threads took: 0.0000195 seconds
2015-04-14T20:29:09.784-0100: 1640.596: [GC (Allocation Failure) 
Desired survivor size 524288 bytes, new threshold 1 (max 15)
[PSYoungGen: 2336K->256K(2560K)] 12526K->10486K(13824K), 0.0010769 secs] [Times: user=0.01 sys=0.00, real=0.00 secs] 
2015-04-14T20:29:09.785-0100: 1640.597: Total time for which application threads were stopped: 0.0012836 seconds, Stopping threads took: 0.0000271 seconds
2015-04-14T20:29:10.807-0100: 1641.619: [GC (Allocation Failure) 
Desired survivor size 524288 bytes, new threshold 1 (max 15)
[PSYoungGen: 2304K->288K(2560K)] 12534K->10558K(13824K), 0.0010279 secs] [Times: user=0.01 sys=0.00, real=0.00 secs] 
2015-04-14T20:29:10.808-0100: 1641.620: Total time for which application threads were stopped: 0.0012228 seconds, Stopping threads took: 0.0000233 seconds
2015-04-14T20:29:11.860-0100: 1642.672: [GC (Allocation Failure) 
Desired survivor size 524288 bytes, new threshold 1 (max 15)
[PSYoungGen: 2336K->288K(2560K)] 12606K->10582K(13824K), 0.0010579 secs] [Times: user=0.00 sys=0.00, real=0.00 secs] 
2015-04-14T20:29:11.861-0100: 1642.673: Total time for which application threads were stopped: 0.0012484 seconds, Stopping threads took: 0.0000236 seconds
2015-04-14T20:29:12.877-0100: 1643.689: [GC (Allocation Failure) 
Desired survivor size 524288 bytes, new threshold 1 (max 15)
[PSYoungGen: 2336K->256K(2560K)] 12630K->10590K(13824K), 0.0010386 secs] [Times: user=0.01 sys=0.00, real=0.00 secs] 
2015-04-14T20:29:12.878-0100: 1643.690: Total time for which application threads were stopped: 0.0012814 seconds, Stopping threads took: 0.0000265 seconds
2015-04-14T20:29:13.900-0100: 1644.712: [GC (Allocation Failure) 
Desired survivor size 524288 bytes, new threshold 1 (max 15)
[PSYoungGen: 2304K->256K(2560K)] 12638K->10622K(13824K), 0.0010253 secs] [Times: user=0.00 sys=0.00, real=0.00 secs] 
2015-04-14T20:29:13.901-0100: 1644.713: Total time for which application threads were stopped: 0.0012206 seconds, Stopping threads took: 0.0000214 seconds
2015-04-14T20:29:14.953-0100: 1645.765: [GC (Allocation Failure) 
Desired survivor size 524288 bytes, new threshold 1 (max 15)
[PSYoungGen: 2304K->288K(2560K)] 12670K->10686K(13824K), 0.0010966 secs] [Times: user=0.00 sys=0.00, real=0.00 secs] 
2015-04-14T20:29:14.954-0100: 1645.766: Total time for which application threads were stopped: 0.0012886 seconds, Stopping threads took: 0.0000213 seconds
2015-04-14T20:29:15.956-0100: 1646.768: [GC (Allocation Failure) 
Desired survivor size 524288 bytes, new threshold 1 (max 15)
[PSYoungGen: 2336K->256K(2560K)] 12734K->10678K(13824K), 0.0010987 secs] [Times: user=0.00 sys=0.00, real=0.00 secs] 
2015-04-14T20:29:15.957-0100: 1646.769: Total time for which application threads were stopped: 0.0012911 seconds, Stopping threads took: 0.0000222 seconds
2015-04-14T20:29:16.973-0100: 1647.786: [GC (Allocation Failure) 
Desired survivor size 524288 bytes, new threshold 1 (max 15)
[PSYoungGen: 2304K->256K(2560K)] 12726K->10702K(13824K), 0.0011752 secs] [Times: user=0.00 sys=0.00, real=0.00 secs] 
2015-04-14T20:29:16.975-0100: 1647.787: Total time for which application threads were stopped: 0.0013833 seconds, Stopping threads took: 0.0000254 seconds
2015-04-14T20:29:17.961-0100: 1648.773: [GC (Allocation Failure) 
Desired survivor size 524288 bytes, new threshold 1 (max 15)
[PSYoungGen: 2304K->256K(2560K)] 12750K->10726K(13824K), 0.0009094 secs] [Times: user=0.00 sys=0.00, real=0.00 secs] 
2015-04-14T20:29:17.962-0100: 1648.774: Total time for which application threads were stopped: 0.0010811 seconds, Stopping threads took: 0.0000208 seconds
2015-04-14T20:29:18.949-0100: 1649.761: [GC (Allocation Failure) 
Desired survivor size 524288 bytes, new threshold 1 (max 15)
[PSYoungGen: 2304K->256K(2560K)] 12774K->10758K(13824K), 0.0010761 secs] [Times: user=0.00 sys=0.00, real=0.01 secs] 
2015-04-14T20:29:18.950-0100: 1649.762: Total time for which application threads were stopped: 0.0012643 seconds, Stopping threads took: 0.0000239 seconds
2015-04-14T20:29:19.969-0100: 1650.781: [GC (Allocation Failure) 
Desired survivor size 524288 bytes, new threshold 1 (max 15)
[PSYoungGen: 2304K->256K(2560K)] 12806K->10782K(13824K), 0.0010972 secs] [Times: user=0.00 sys=0.00, real=0.01 secs] 
2015-04-14T20:29:19.970-0100: 1650.782: Total time for which application threads were stopped: 0.0012926 seconds, Stopping threads took: 0.0000228 seconds
2015-04-14T20:29:21.068-0100: 1651.880: [GC (Allocation Failure) 
Desired survivor size 524288 bytes, new threshold 1 (max 15)
[PSYoungGen: 2304K->256K(2560K)] 12830K->10806K(13824K), 0.0009802 secs] [Times: user=0.00 sys=0.00, real=0.00 secs] 
2015-04-14T20:29:21.069-0100: 1651.881: Total time for which application threads were stopped: 0.0011707 seconds, Stopping threads took: 0.0000227 seconds
2015-04-14T20:29:22.092-0100: 1652.904: [GC (Allocation Failure) 
Desired survivor size 524288 bytes, new threshold 1 (max 15)
[PSYoungGen: 2304K->256K(2560K)] 12854K->10846K(13824K), 0.0010106 secs] [Times: user=0.00 sys=0.00, real=0.00 secs] 
2015-04-14T20:29:22.093-0100: 1652.905: Total time for which application threads were stopped: 0.0012060 seconds, Stopping threads took: 0.0000229 seconds
2015-04-14T20:29:23.111-0100: 1653.924: [GC (Allocation Failure) 
Desired survivor size 524288 bytes, new threshold 1 (max 15)
[PSYoungGen: 2304K->256K(2560K)] 12894K->10870K(13824K), 0.0011031 secs] [Times: user=0.00 sys=0.00, real=0.00 secs] 
2015-04-14T20:29:23.113-0100: 1653.925: Total time for which application threads were stopped: 0.0013029 seconds, Stopping threads took: 0.0000233 seconds
2015-04-14T20:29:24.114-0100: 1654.926: [GC (Allocation Failure) 
Desired survivor size 524288 bytes, new threshold 1 (max 15)
[PSYoungGen: 2304K->288K(2560K)] 12918K->10934K(13824K), 0.0008996 secs] [Times: user=0.01 sys=0.00, real=0.00 secs] 
2015-04-14T20:29:24.115-0100: 1654.927: Total time for which application threads were stopped: 0.0010963 seconds, Stopping threads took: 0.0000219 seconds
2015-04-14T20:29:25.134-0100: 1655.947: [GC (Allocation Failure) 
Desired survivor size 524288 bytes, new threshold 1 (max 15)
[PSYoungGen: 2336K->288K(2560K)] 12982K->10958K(13824K), 0.0011674 secs] [Times: user=0.00 sys=0.00, real=0.00 secs] 
2015-04-14T20:29:25.136-0100: 1655.948: Total time for which application threads were stopped: 0.0013764 seconds, Stopping threads took: 0.0000224 seconds
2015-04-14T20:29:26.134-0100: 1656.946: [GC (Allocation Failure) 
Desired survivor size 524288 bytes, new threshold 1 (max 15)
[PSYoungGen: 2336K->256K(2560K)] 13006K->10966K(13824K), 0.0009831 secs] [Times: user=0.01 sys=0.00, real=0.00 secs] 
2015-04-14T20:29:26.135-0100: 1656.947: Total time for which application threads were stopped: 0.0011783 seconds, Stopping threads took: 0.0000267 seconds
2015-04-14T20:29:27.108-0100: 1657.921: [GC (Allocation Failure) 
Desired survivor size 524288 bytes, new threshold 1 (max 15)
[PSYoungGen: 2304K->256K(2560K)] 13014K->11014K(13824K), 0.0011084 secs] [Times: user=0.00 sys=0.01, real=0.00 secs] 
2015-04-14T20:29:27.110-0100: 1657.922: Total time for which application threads were stopped: 0.0012885 seconds, Stopping threads took: 0.0000228 seconds
2015-04-14T20:29:28.111-0100: 1658.924: [GC (Allocation Failure) 
Desired survivor size 524288 bytes, new threshold 1 (max 15)
[PSYoungGen: 2304K->288K(2560K)] 13062K->11070K(13824K), 0.0011299 secs] [Times: user=0.01 sys=0.01, real=0.00 secs] 
2015-04-14T20:29:28.113-0100: 1658.925: Total time for which application threads were stopped: 0.0013225 seconds, Stopping threads took: 0.0000230 seconds
2015-04-14T20:29:29.114-0100: 1659.927: [GC (Allocation Failure) 
Desired survivor size 524288 bytes, new threshold 1 (max 15)
[PSYoungGen: 2336K->288K(2560K)] 13118K->11102K(13824K), 0.0009149 secs] [Times: user=0.00 sys=0.00, real=0.00 secs] 
2015-04-14T20:29:29.115-0100: 1659.927: Total time for which application threads were stopped: 0.0010949 seconds, Stopping threads took: 0.0000213 seconds
2015-04-14T20:29:30.198-0100: 1661.011: [GC (Allocation Failure) 
Desired survivor size 524288 bytes, new threshold 1 (max 15)
[PSYoungGen: 2336K->288K(2560K)] 13150K->11126K(13824K), 0.0011193 secs] [Times: user=0.00 sys=0.01, real=0.00 secs] 
2015-04-14T20:29:30.200-0100: 1661.012: Total time for which application threads were stopped: 0.0014202 seconds, Stopping threads took: 0.0000376 seconds
2015-04-14T20:29:31.170-0100: 1661.983: [GC (Allocation Failure) 
Desired survivor size 524288 bytes, new threshold 1 (max 15)
[PSYoungGen: 2336K->288K(2560K)] 13174K->11150K(13824K), 0.0010928 secs] [Times: user=0.00 sys=0.01, real=0.00 secs] 
2015-04-14T20:29:31.171-0100: 1661.984: Total time for which application threads were stopped: 0.0012825 seconds, Stopping threads took: 0.0000221 seconds
2015-04-14T20:29:32.207-0100: 1663.020: [GC (Allocation Failure) 
Desired survivor size 524288 bytes, new threshold 1 (max 15)
[PSYoungGen: 2336K->256K(2560K)] 13198K->11150K(13824K), 0.0010834 secs] [Times: user=0.01 sys=0.00, real=0.00 secs] 
2015-04-14T20:29:32.208-0100: 1663.021: Total time for which application threads were stopped: 0.0012883 seconds, Stopping threads took: 0.0000241 seconds
2015-04-14T20:29:33.208-0100: 1664.020: [GC (Allocation Failure) 
Desired survivor size 524288 bytes, new threshold 1 (max 15)
[PSYoungGen: 2304K->288K(2560K)] 13198K->11198K(13824K), 0.0010299 secs] [Times: user=0.01 sys=0.00, real=0.00 secs] 
2015-04-14T20:29:33.209-0100: 1664.021: Total time for which application threads were stopped: 0.0012370 seconds, Stopping threads took: 0.0000276 seconds
2015-04-14T20:29:34.231-0100: 1665.043: [GC (Allocation Failure) 
Desired survivor size 524288 bytes, new threshold 1 (max 15)
[PSYoungGen: 2336K->288K(2560K)] 13246K->11214K(13824K), 0.0009938 secs] [Times: user=0.01 sys=0.00, real=0.00 secs] 
2015-04-14T20:29:34.232-0100: 1665.044: Total time for which application threads were stopped: 0.0011852 seconds, Stopping threads took: 0.0000219 seconds
2015-04-14T20:29:35.250-0100: 1666.063: [GC (Allocation Failure) 
Desired survivor size 524288 bytes, new threshold 1 (max 15)
[PSYoungGen: 2336K->288K(2560K)] 13262K->11238K(13824K), 0.0010669 secs] [Times: user=0.01 sys=0.00, real=0.00 secs] 
2015-04-14T20:29:35.252-0100: 1666.064: Total time for which application threads were stopped: 0.0012724 seconds, Stopping threads took: 0.0000232 seconds
2015-04-14T20:29:36.320-0100: 1667.132: [GC (Allocation Failure) 
Desired survivor size 524288 bytes, new threshold 1 (max 15)
[PSYoungGen: 2336K->256K(2560K)] 13286K->11238K(13824K), 0.0010565 secs] [Times: user=0.00 sys=0.00, real=0.00 secs] 
2015-04-14T20:29:36.321-0100: 1667.134: Total time for which application threads were stopped: 0.0012711 seconds, Stopping threads took: 0.0000217 seconds
2015-04-14T20:29:37.404-0100: 1668.217: [GC (Allocation Failure) 
Desired survivor size 524288 bytes, new threshold 1 (max 15)
[PSYoungGen: 2304K->256K(2560K)] 13286K->11270K(13824K), 0.0010092 secs] [Times: user=0.01 sys=0.00, real=0.00 secs] 
2015-04-14T20:29:37.406-0100: 1668.218: Total time for which application threads were stopped: 0.0012378 seconds, Stopping threads took: 0.0000276 seconds
2015-04-14T20:29:38.427-0100: 1669.240: [GC (Allocation Failure) 
Desired survivor size 524288 bytes, new threshold 1 (max 15)
[PSYoungGen: 2304K->256K(2560K)] 13318K->11294K(13824K), 0.0010341 secs] [Times: user=0.00 sys=0.00, real=0.00 secs] 
2015-04-14T20:29:38.428-0100: 1669.241: Total time for which application threads were stopped: 0.0012279 seconds, Stopping threads took: 0.0000244 seconds
2015-04-14T20:29:39.463-0100: 1670.275: [GC (Allocation Failure) 
Desired survivor size 524288 bytes, new threshold 1 (max 15)
[PSYoungGen: 2304K->256K(2560K)] 13342K->11310K(13824K), 0.0010796 secs] [Times: user=0.00 sys=0.00, real=0.00 secs] 
2015-04-14T20:29:39.464-0100: 1670.276: Total time for which application threads were stopped: 0.0012703 seconds, Stopping threads took: 0.0000211 seconds
2015-04-14T20:29:40.483-0100: 1671.296: [GC (Allocation Failure) 
Desired survivor size 524288 bytes, new threshold 1 (max 15)
[PSYoungGen: 2304K->256K(2560K)] 13358K->11334K(13824K), 0.0010440 secs] [Times: user=0.01 sys=0.00, real=0.00 secs] 
2015-04-14T20:29:40.484-0100: 1671.297: Total time for which application threads were stopped: 0.0012332 seconds, Stopping threads took: 0.0000219 seconds
2015-04-14T20:29:41.416-0100: 1672.229: [GC (Allocation Failure) 
Desired survivor size 524288 bytes, new threshold 1 (max 15)
[PSYoungGen: 2304K->224K(2560K)] 13382K->11326K(13824K), 0.0009656 secs] [Times: user=0.00 sys=0.00, real=0.00 secs] 
2015-04-14T20:29:41.417-0100: 1672.230: Total time for which application threads were stopped: 0.0011359 seconds, Stopping threads took: 0.0000180 seconds
2015-04-14T20:29:42.355-0100: 1673.168: [GC (Allocation Failure) 
Desired survivor size 524288 bytes, new threshold 1 (max 15)
[PSYoungGen: 2272K->256K(2560K)] 13374K->11390K(13824K), 0.0011235 secs] [Times: user=0.00 sys=0.00, real=0.00 secs] 
2015-04-14T20:29:42.356-0100: 1673.169: Total time for which application threads were stopped: 0.0013177 seconds, Stopping threads took: 0.0000228 seconds
2015-04-14T20:29:43.206-0100: 1674.019: [GC (Allocation Failure) 
Desired survivor size 524288 bytes, new threshold 1 (max 15)
[PSYoungGen: 2304K->224K(2560K)] 13438K->11390K(13824K), 0.0011269 secs] [Times: user=0.00 sys=0.00, real=0.00 secs] 
2015-04-14T20:29:43.207-0100: 1674.020: Total time for which application threads were stopped: 0.0013267 seconds, Stopping threads took: 0.0000286 seconds
2015-04-14T20:29:44.028-0100: 1674.841: [GC (Allocation Failure) 
Desired survivor size 524288 bytes, new threshold 1 (max 15)
[PSYoungGen: 2272K->256K(2560K)] 13438K->11446K(13824K), 0.0011033 secs] [Times: user=0.00 sys=0.00, real=0.00 secs] 
2015-04-14T20:29:44.029-0100: 1674.842: Total time for which application threads were stopped: 0.0012944 seconds, Stopping threads took: 0.0000218 seconds
2015-04-14T20:29:44.911-0100: 1675.724: [GC (Allocation Failure) 
Desired survivor size 524288 bytes, new threshold 1 (max 15)
[PSYoungGen: 2304K->224K(2560K)] 13494K->11446K(13824K), 0.0007951 secs] [Times: user=0.01 sys=0.01, real=0.00 secs] 
2015-04-14T20:29:44.912-0100: 1675.724: [Full GC (Ergonomics) [PSYoungGen: 224K->0K(2560K)] [ParOldGen: 11222K->8370K(11264K)] 11446K->8370K(13824K), [Metaspace: 17884K->17884K(1064960K)], 0.0170678 secs] [Times: user=0.04 sys=0.00, real=0.01 secs] 
2015-04-14T20:29:44.929-0100: 1675.742: Total time for which application threads were stopped: 0.0181013 seconds, Stopping threads took: 0.0000161 seconds
2015-04-14T20:29:45.832-0100: 1676.644: [GC (Allocation Failure) 
Desired survivor size 524288 bytes, new threshold 1 (max 15)
[PSYoungGen: 2048K->288K(2560K)] 10418K->8658K(13824K), 0.0011114 secs] [Times: user=0.00 sys=0.00, real=0.00 secs] 
2015-04-14T20:29:45.833-0100: 1676.646: Total time for which application threads were stopped: 0.0013019 seconds, Stopping threads took: 0.0000222 seconds
2015-04-14T20:29:46.670-0100: 1677.483: [GC (Allocation Failure) 
Desired survivor size 524288 bytes, new threshold 1 (max 15)
[PSYoungGen: 2336K->256K(2560K)] 10706K->8658K(13824K), 0.0010081 secs] [Times: user=0.00 sys=0.00, real=0.00 secs] 
2015-04-14T20:29:46.671-0100: 1677.484: Total time for which application threads were stopped: 0.0011946 seconds, Stopping threads took: 0.0000243 seconds
2015-04-14T20:29:47.552-0100: 1678.365: [GC (Allocation Failure) 
Desired survivor size 524288 bytes, new threshold 1 (max 15)
[PSYoungGen: 2304K->256K(2560K)] 10706K->8698K(13824K), 0.0010272 secs] [Times: user=0.01 sys=0.00, real=0.00 secs] 
2015-04-14T20:29:47.553-0100: 1678.366: Total time for which application threads were stopped: 0.0012345 seconds, Stopping threads took: 0.0000277 seconds
2015-04-14T20:29:48.491-0100: 1679.304: [GC (Allocation Failure) 
Desired survivor size 524288 bytes, new threshold 1 (max 15)
[PSYoungGen: 2304K->288K(2560K)] 10746K->8762K(13824K), 0.0011232 secs] [Times: user=0.00 sys=0.00, real=0.00 secs] 
2015-04-14T20:29:48.492-0100: 1679.305: Total time for which application threads were stopped: 0.0013173 seconds, Stopping threads took: 0.0000231 seconds
2015-04-14T20:29:49.410-0100: 1680.223: [GC (Allocation Failure) 
Desired survivor size 524288 bytes, new threshold 1 (max 15)
[PSYoungGen: 2336K->256K(2560K)] 10810K->8762K(13824K), 0.0010061 secs] [Times: user=0.01 sys=0.00, real=0.00 secs] 
2015-04-14T20:29:49.411-0100: 1680.224: Total time for which application threads were stopped: 0.0012068 seconds, Stopping threads took: 0.0000228 seconds
2015-04-14T20:29:50.332-0100: 1681.145: [GC (Allocation Failure) 
Desired survivor size 524288 bytes, new threshold 1 (max 15)
[PSYoungGen: 2304K->256K(2560K)] 10810K->8794K(13824K), 0.0010084 secs] [Times: user=0.00 sys=0.00, real=0.00 secs] 
2015-04-14T20:29:50.333-0100: 1681.146: Total time for which application threads were stopped: 0.0011948 seconds, Stopping threads took: 0.0000248 seconds
2015-04-14T20:29:51.400-0100: 1682.213: [GC (Allocation Failure) 
Desired survivor size 524288 bytes, new threshold 1 (max 15)
[PSYoungGen: 2304K->288K(2560K)] 10842K->8858K(13824K), 0.0010412 secs] [Times: user=0.00 sys=0.00, real=0.00 secs] 
2015-04-14T20:29:51.401-0100: 1682.214: Total time for which application threads were stopped: 0.0012328 seconds, Stopping threads took: 0.0000197 seconds
2015-04-14T20:29:52.403-0100: 1683.215: [GC (Allocation Failure) 
Desired survivor size 524288 bytes, new threshold 1 (max 15)
[PSYoungGen: 2336K->256K(2560K)] 10906K->8858K(13824K), 0.0008908 secs] [Times: user=0.00 sys=0.00, real=0.00 secs] 
2015-04-14T20:29:52.404-0100: 1683.216: Total time for which application threads were stopped: 0.0010728 seconds, Stopping threads took: 0.0000190 seconds
2015-04-14T20:29:53.470-0100: 1684.283: [GC (Allocation Failure) 
Desired survivor size 524288 bytes, new threshold 1 (max 15)
[PSYoungGen: 2304K->160K(2560K)] 10906K->8778K(13824K), 0.0007724 secs] [Times: user=0.00 sys=0.01, real=0.00 secs] 
2015-04-14T20:29:53.471-0100: 1684.284: Total time for which application threads were stopped: 0.0009217 seconds, Stopping threads took: 0.0000264 seconds
2015-04-14T20:29:54.460-0100: 1685.273: [GC (Allocation Failure) 
Desired survivor size 524288 bytes, new threshold 1 (max 15)
[PSYoungGen: 2208K->160K(2560K)] 10826K->8802K(13824K), 0.0012503 secs] [Times: user=0.01 sys=0.00, real=0.00 secs] 
2015-04-14T20:29:54.462-0100: 1685.274: Total time for which application threads were stopped: 0.0014723 seconds, Stopping threads took: 0.0000226 seconds
2015-04-14T20:29:55.479-0100: 1686.292: [GC (Allocation Failure) 
Desired survivor size 524288 bytes, new threshold 1 (max 15)
[PSYoungGen: 2208K->288K(2560K)] 10850K->8962K(13824K), 0.0010583 secs] [Times: user=0.00 sys=0.00, real=0.01 secs] 
2015-04-14T20:29:55.480-0100: 1686.293: Total time for which application threads were stopped: 0.0012717 seconds, Stopping threads took: 0.0000236 seconds
2015-04-14T20:29:56.500-0100: 1687.312: [GC (Allocation Failure) 
Desired survivor size 524288 bytes, new threshold 1 (max 15)
[PSYoungGen: 2336K->288K(2560K)] 11010K->8994K(13824K), 0.0010381 secs] [Times: user=0.00 sys=0.00, real=0.00 secs] 
2015-04-14T20:29:56.501-0100: 1687.313: Total time for which application threads were stopped: 0.0012244 seconds, Stopping threads took: 0.0000212 seconds
2015-04-14T20:29:57.534-0100: 1688.347: [GC (Allocation Failure) 
Desired survivor size 524288 bytes, new threshold 1 (max 15)
[PSYoungGen: 2336K->256K(2560K)] 11042K->8994K(13824K), 0.0010927 secs] [Times: user=0.00 sys=0.00, real=0.00 secs] 
2015-04-14T20:29:57.535-0100: 1688.348: Total time for which application threads were stopped: 0.0013240 seconds, Stopping threads took: 0.0000247 seconds
2015-04-14T20:29:58.572-0100: 1689.385: [GC (Allocation Failure) 
Desired survivor size 524288 bytes, new threshold 1 (max 15)
[PSYoungGen: 2304K->288K(2560K)] 11042K->9066K(13824K), 0.0009942 secs] [Times: user=0.00 sys=0.00, real=0.00 secs] 
2015-04-14T20:29:58.574-0100: 1689.386: Total time for which application threads were stopped: 0.0011827 seconds, Stopping threads took: 0.0000211 seconds
2015-04-14T20:29:59.593-0100: 1690.406: [GC (Allocation Failure) 
Desired survivor size 524288 bytes, new threshold 1 (max 15)
[PSYoungGen: 2336K->256K(2560K)] 11114K->9074K(13824K), 0.0009602 secs] [Times: user=0.00 sys=0.00, real=0.00 secs] 
2015-04-14T20:29:59.594-0100: 1690.407: Total time for which application threads were stopped: 0.0011238 seconds, Stopping threads took: 0.0000192 seconds
2015-04-14T20:30:00.479-0100: 1691.292: [GC (Allocation Failure) 
Desired survivor size 524288 bytes, new threshold 1 (max 15)
[PSYoungGen: 2304K->256K(2560K)] 11122K->9098K(13824K), 0.0010212 secs] [Times: user=0.01 sys=0.00, real=0.01 secs] 
2015-04-14T20:30:00.480-0100: 1691.293: Total time for which application threads were stopped: 0.0012115 seconds, Stopping threads took: 0.0000207 seconds
2015-04-14T20:30:01.497-0100: 1692.310: [GC (Allocation Failure) 
Desired survivor size 524288 bytes, new threshold 1 (max 15)
[PSYoungGen: 2304K->256K(2560K)] 11146K->9130K(13824K), 0.0010813 secs] [Times: user=0.01 sys=0.00, real=0.00 secs] 
2015-04-14T20:30:01.498-0100: 1692.311: Total time for which application threads were stopped: 0.0012839 seconds, Stopping threads took: 0.0000251 seconds
2015-04-14T20:30:02.503-0100: 1693.316: [GC (Allocation Failure) 
Desired survivor size 524288 bytes, new threshold 1 (max 15)
[PSYoungGen: 2304K->256K(2560K)] 11178K->9162K(13824K), 0.0010323 secs] [Times: user=0.01 sys=0.00, real=0.00 secs] 
2015-04-14T20:30:02.504-0100: 1693.317: Total time for which application threads were stopped: 0.0012226 seconds, Stopping threads took: 0.0000223 seconds
2015-04-14T20:30:03.539-0100: 1694.352: [GC (Allocation Failure) 
Desired survivor size 524288 bytes, new threshold 1 (max 15)
[PSYoungGen: 2304K->288K(2560K)] 11210K->9218K(13824K), 0.0010650 secs] [Times: user=0.00 sys=0.00, real=0.01 secs] 
2015-04-14T20:30:03.541-0100: 1694.353: Total time for which application threads were stopped: 0.0012928 seconds, Stopping threads took: 0.0000243 seconds
2015-04-14T20:30:04.574-0100: 1695.387: [GC (Allocation Failure) 
Desired survivor size 524288 bytes, new threshold 1 (max 15)
[PSYoungGen: 2336K->288K(2560K)] 11266K->9250K(13824K), 0.0012136 secs] [Times: user=0.01 sys=0.00, real=0.00 secs] 
2015-04-14T20:30:04.575-0100: 1695.388: Total time for which application threads were stopped: 0.0014298 seconds, Stopping threads took: 0.0000238 seconds
2015-04-14T20:30:05.626-0100: 1696.439: [GC (Allocation Failure) 
Desired survivor size 524288 bytes, new threshold 1 (max 15)
[PSYoungGen: 2336K->256K(2560K)] 11298K->9258K(13824K), 0.0010328 secs] [Times: user=0.00 sys=0.00, real=0.00 secs] 
2015-04-14T20:30:05.628-0100: 1696.440: Total time for which application threads were stopped: 0.0012621 seconds, Stopping threads took: 0.0000303 seconds
2015-04-14T20:30:06.616-0100: 1697.429: [GC (Allocation Failure) 
Desired survivor size 524288 bytes, new threshold 1 (max 15)
[PSYoungGen: 2304K->288K(2560K)] 11306K->9322K(13824K), 0.0011550 secs] [Times: user=0.00 sys=0.00, real=0.00 secs] 
2015-04-14T20:30:06.617-0100: 1697.430: Total time for which application threads were stopped: 0.0013547 seconds, Stopping threads took: 0.0000242 seconds
2015-04-14T20:30:07.635-0100: 1698.448: [GC (Allocation Failure) 
Desired survivor size 524288 bytes, new threshold 1 (max 15)
[PSYoungGen: 2336K->256K(2560K)] 11370K->9314K(13824K), 0.0011136 secs] [Times: user=0.01 sys=0.00, real=0.00 secs] 
2015-04-14T20:30:07.637-0100: 1698.450: Total time for which application threads were stopped: 0.0013260 seconds, Stopping threads took: 0.0000240 seconds
2015-04-14T20:30:08.705-0100: 1699.518: [GC (Allocation Failure) 
Desired survivor size 524288 bytes, new threshold 1 (max 15)
[PSYoungGen: 2304K->256K(2560K)] 11362K->9338K(13824K), 0.0010053 secs] [Times: user=0.01 sys=0.00, real=0.00 secs] 
2015-04-14T20:30:08.706-0100: 1699.519: Total time for which application threads were stopped: 0.0012003 seconds, Stopping threads took: 0.0000233 seconds
2015-04-14T20:30:09.737-0100: 1700.550: [GC (Allocation Failure) 
Desired survivor size 524288 bytes, new threshold 1 (max 15)
[PSYoungGen: 2304K->256K(2560K)] 11386K->9362K(13824K), 0.0010344 secs] [Times: user=0.00 sys=0.00, real=0.00 secs] 
2015-04-14T20:30:09.739-0100: 1700.551: Total time for which application threads were stopped: 0.0013097 seconds, Stopping threads took: 0.0000278 seconds
2015-04-14T20:30:10.728-0100: 1701.541: [GC (Allocation Failure) 
Desired survivor size 524288 bytes, new threshold 1 (max 15)
[PSYoungGen: 2304K->256K(2560K)] 11410K->9394K(13824K), 0.0009196 secs] [Times: user=0.00 sys=0.00, real=0.00 secs] 
2015-04-14T20:30:10.729-0100: 1701.542: Total time for which application threads were stopped: 0.0010844 seconds, Stopping threads took: 0.0000189 seconds
2015-04-14T20:30:11.747-0100: 1702.560: [GC (Allocation Failure) 
Desired survivor size 524288 bytes, new threshold 1 (max 15)
[PSYoungGen: 2304K->288K(2560K)] 11442K->9466K(13824K), 0.0010108 secs] [Times: user=0.00 sys=0.00, real=0.00 secs] 
2015-04-14T20:30:11.748-0100: 1702.561: Total time for which application threads were stopped: 0.0011941 seconds, Stopping threads took: 0.0000218 seconds
2015-04-14T20:30:12.782-0100: 1703.595: [GC (Allocation Failure) 
Desired survivor size 524288 bytes, new threshold 1 (max 15)
[PSYoungGen: 2336K->288K(2560K)] 11514K->9506K(13824K), 0.0010332 secs] [Times: user=0.00 sys=0.00, real=0.00 secs] 
2015-04-14T20:30:12.783-0100: 1703.596: Total time for which application threads were stopped: 0.0012387 seconds, Stopping threads took: 0.0000236 seconds
2015-04-14T20:30:13.788-0100: 1704.601: [GC (Allocation Failure) 
Desired survivor size 524288 bytes, new threshold 1 (max 15)
[PSYoungGen: 2336K->288K(2560K)] 11554K->9530K(13824K), 0.0010457 secs] [Times: user=0.00 sys=0.00, real=0.00 secs] 
2015-04-14T20:30:13.789-0100: 1704.602: Total time for which application threads were stopped: 0.0012221 seconds, Stopping threads took: 0.0000227 seconds
2015-04-14T20:30:14.858-0100: 1705.671: [GC (Allocation Failure) 
Desired survivor size 524288 bytes, new threshold 1 (max 15)
[PSYoungGen: 2336K->256K(2560K)] 11578K->9522K(13824K), 0.0011026 secs] [Times: user=0.00 sys=0.00, real=0.00 secs] 
2015-04-14T20:30:14.859-0100: 1705.672: Total time for which application threads were stopped: 0.0012900 seconds, Stopping threads took: 0.0000214 seconds
2015-04-14T20:30:15.895-0100: 1706.708: [GC (Allocation Failure) 
Desired survivor size 524288 bytes, new threshold 1 (max 15)
[PSYoungGen: 2304K->288K(2560K)] 11570K->9586K(13824K), 0.0010278 secs] [Times: user=0.00 sys=0.00, real=0.00 secs] 
2015-04-14T20:30:15.896-0100: 1706.709: Total time for which application threads were stopped: 0.0012225 seconds, Stopping threads took: 0.0000224 seconds
2015-04-14T20:30:16.912-0100: 1707.725: [GC (Allocation Failure) 
Desired survivor size 524288 bytes, new threshold 1 (max 15)
[PSYoungGen: 2336K->288K(2560K)] 11634K->9610K(13824K), 0.0010563 secs] [Times: user=0.00 sys=0.00, real=0.00 secs] 
2015-04-14T20:30:16.913-0100: 1707.726: Total time for which application threads were stopped: 0.0012515 seconds, Stopping threads took: 0.0000258 seconds
2015-04-14T20:30:17.933-0100: 1708.746: [GC (Allocation Failure) 
Desired survivor size 524288 bytes, new threshold 1 (max 15)
[PSYoungGen: 2336K->256K(2560K)] 11658K->9610K(13824K), 0.0011026 secs] [Times: user=0.01 sys=0.00, real=0.00 secs] 
2015-04-14T20:30:17.934-0100: 1708.747: Total time for which application threads were stopped: 0.0012898 seconds, Stopping threads took: 0.0000219 seconds
2015-04-14T20:30:18.971-0100: 1709.784: [GC (Allocation Failure) 
Desired survivor size 524288 bytes, new threshold 1 (max 15)
[PSYoungGen: 2304K->256K(2560K)] 11658K->9642K(13824K), 0.0010614 secs] [Times: user=0.01 sys=0.00, real=0.00 secs] 
2015-04-14T20:30:18.972-0100: 1709.785: Total time for which application threads were stopped: 0.0012501 seconds, Stopping threads took: 0.0000224 seconds
2015-04-14T20:30:19.989-0100: 1710.802: [GC (Allocation Failure) 
Desired survivor size 524288 bytes, new threshold 1 (max 15)
[PSYoungGen: 2304K->256K(2560K)] 11690K->9674K(13824K), 0.0009452 secs] [Times: user=0.01 sys=0.00, real=0.01 secs] 
2015-04-14T20:30:19.990-0100: 1710.803: Total time for which application threads were stopped: 0.0011367 seconds, Stopping threads took: 0.0000195 seconds
2015-04-14T20:30:21.024-0100: 1711.837: [GC (Allocation Failure) 
Desired survivor size 524288 bytes, new threshold 1 (max 15)
[PSYoungGen: 2304K->288K(2560K)] 11722K->9730K(13824K), 0.0010712 secs] [Times: user=0.00 sys=0.00, real=0.00 secs] 
2015-04-14T20:30:21.026-0100: 1711.839: Total time for which application threads were stopped: 0.0013007 seconds, Stopping threads took: 0.0000285 seconds
2015-04-14T20:30:22.078-0100: 1712.892: [GC (Allocation Failure) 
Desired survivor size 524288 bytes, new threshold 1 (max 15)
[PSYoungGen: 2336K->256K(2560K)] 11778K->9722K(13824K), 0.0009726 secs] [Times: user=0.00 sys=0.00, real=0.00 secs] 
2015-04-14T20:30:22.079-0100: 1712.893: Total time for which application threads were stopped: 0.0011715 seconds, Stopping threads took: 0.0000203 seconds
2015-04-14T20:30:23.100-0100: 1713.914: [GC (Allocation Failure) 
Desired survivor size 524288 bytes, new threshold 1 (max 15)
[PSYoungGen: 2304K->256K(2560K)] 11770K->9754K(13824K), 0.0010905 secs] [Times: user=0.00 sys=0.00, real=0.00 secs] 
2015-04-14T20:30:23.102-0100: 1713.915: Total time for which application threads were stopped: 0.0012710 seconds, Stopping threads took: 0.0000198 seconds
2015-04-14T20:30:24.084-0100: 1714.897: [GC (Allocation Failure) 
Desired survivor size 524288 bytes, new threshold 1 (max 15)
[PSYoungGen: 2304K->288K(2560K)] 11802K->9810K(13824K), 0.0009720 secs] [Times: user=0.00 sys=0.01, real=0.00 secs] 
2015-04-14T20:30:24.085-0100: 1714.898: Total time for which application threads were stopped: 0.0012003 seconds, Stopping threads took: 0.0000262 seconds
2015-04-14T20:30:25.090-0100: 1715.903: [GC (Allocation Failure) 
Desired survivor size 524288 bytes, new threshold 1 (max 15)
[PSYoungGen: 2336K->288K(2560K)] 11858K->9826K(13824K), 0.0010127 secs] [Times: user=0.00 sys=0.00, real=0.00 secs] 
2015-04-14T20:30:25.091-0100: 1715.904: Total time for which application threads were stopped: 0.0011983 seconds, Stopping threads took: 0.0000213 seconds
2015-04-14T20:30:26.111-0100: 1716.924: [GC (Allocation Failure) 
Desired survivor size 524288 bytes, new threshold 1 (max 15)
[PSYoungGen: 2336K->288K(2560K)] 11874K->9858K(13824K), 0.0010256 secs] [Times: user=0.00 sys=0.00, real=0.00 secs] 
2015-04-14T20:30:26.112-0100: 1716.925: Total time for which application threads were stopped: 0.0012339 seconds, Stopping threads took: 0.0000229 seconds
2015-04-14T20:30:27.163-0100: 1717.977: [GC (Allocation Failure) 
Desired survivor size 524288 bytes, new threshold 1 (max 15)
[PSYoungGen: 2336K->256K(2560K)] 11906K->9858K(13824K), 0.0010959 secs] [Times: user=0.00 sys=0.00, real=0.00 secs] 
2015-04-14T20:30:27.164-0100: 1717.978: Total time for which application threads were stopped: 0.0013092 seconds, Stopping threads took: 0.0000245 seconds
2015-04-14T20:30:28.164-0100: 1718.977: [GC (Allocation Failure) 
Desired survivor size 524288 bytes, new threshold 1 (max 15)
[PSYoungGen: 2304K->256K(2560K)] 11906K->9906K(13824K), 0.0010710 secs] [Times: user=0.01 sys=0.00, real=0.00 secs] 
2015-04-14T20:30:28.165-0100: 1718.978: Total time for which application threads were stopped: 0.0012826 seconds, Stopping threads took: 0.0000271 seconds
2015-04-14T20:30:29.170-0100: 1719.983: [GC (Allocation Failure) 
Desired survivor size 524288 bytes, new threshold 1 (max 15)
[PSYoungGen: 2304K->256K(2560K)] 11954K->9938K(13824K), 0.0010529 secs] [Times: user=0.00 sys=0.00, real=0.00 secs] 
2015-04-14T20:30:29.171-0100: 1719.984: Total time for which application threads were stopped: 0.0012466 seconds, Stopping threads took: 0.0000226 seconds
2015-04-14T20:30:30.222-0100: 1721.035: [GC (Allocation Failure) 
Desired survivor size 524288 bytes, new threshold 1 (max 15)
[PSYoungGen: 2304K->256K(2560K)] 11986K->9970K(13824K), 0.0010034 secs] [Times: user=0.00 sys=0.00, real=0.00 secs] 
2015-04-14T20:30:30.223-0100: 1721.036: Total time for which application threads were stopped: 0.0012002 seconds, Stopping threads took: 0.0000230 seconds
2015-04-14T20:30:31.209-0100: 1722.022: [GC (Allocation Failure) 
Desired survivor size 524288 bytes, new threshold 1 (max 15)
[PSYoungGen: 2304K->256K(2560K)] 12018K->9994K(13824K), 0.0010558 secs] [Times: user=0.00 sys=0.01, real=0.01 secs] 
2015-04-14T20:30:31.210-0100: 1722.024: Total time for which application threads were stopped: 0.0012607 seconds, Stopping threads took: 0.0000237 seconds
2015-04-14T20:30:32.242-0100: 1723.056: [GC (Allocation Failure) 
Desired survivor size 524288 bytes, new threshold 1 (max 15)
[PSYoungGen: 2304K->256K(2560K)] 12042K->10018K(13824K), 0.0010438 secs] [Times: user=0.01 sys=0.00, real=0.00 secs] 
2015-04-14T20:30:32.244-0100: 1723.057: Total time for which application threads were stopped: 0.0012464 seconds, Stopping threads took: 0.0000223 seconds
2015-04-14T20:30:33.266-0100: 1724.079: [GC (Allocation Failure) 
Desired survivor size 524288 bytes, new threshold 1 (max 15)
[PSYoungGen: 2304K->288K(2560K)] 12066K->10090K(13824K), 0.0010797 secs] [Times: user=0.01 sys=0.01, real=0.00 secs] 
2015-04-14T20:30:33.267-0100: 1724.080: Total time for which application threads were stopped: 0.0012646 seconds, Stopping threads took: 0.0000233 seconds
2015-04-14T20:30:34.269-0100: 1725.083: [GC (Allocation Failure) 
Desired survivor size 524288 bytes, new threshold 1 (max 15)
[PSYoungGen: 2336K->192K(2560K)] 12138K->10018K(13824K), 0.0010609 secs] [Times: user=0.00 sys=0.00, real=0.01 secs] 
2015-04-14T20:30:34.270-0100: 1725.084: Total time for which application threads were stopped: 0.0012470 seconds, Stopping threads took: 0.0000220 seconds
2015-04-14T20:30:35.321-0100: 1726.135: [GC (Allocation Failure) 
Desired survivor size 524288 bytes, new threshold 1 (max 15)
[PSYoungGen: 2240K->256K(2560K)] 12066K->10106K(13824K), 0.0010554 secs] [Times: user=0.01 sys=0.00, real=0.00 secs] 
2015-04-14T20:30:35.322-0100: 1726.136: Total time for which application threads were stopped: 0.0012431 seconds, Stopping threads took: 0.0000217 seconds
2015-04-14T20:30:36.323-0100: 1727.136: [GC (Allocation Failure) 
Desired survivor size 524288 bytes, new threshold 1 (max 15)
[PSYoungGen: 2304K->256K(2560K)] 12154K->10130K(13824K), 0.0010642 secs] [Times: user=0.01 sys=0.00, real=0.00 secs] 
2015-04-14T20:30:36.324-0100: 1727.137: Total time for which application threads were stopped: 0.0012655 seconds, Stopping threads took: 0.0000266 seconds
2015-04-14T20:30:37.327-0100: 1728.140: [GC (Allocation Failure) 
Desired survivor size 524288 bytes, new threshold 1 (max 15)
[PSYoungGen: 2304K->256K(2560K)] 12178K->10170K(13824K), 0.0009641 secs] [Times: user=0.01 sys=0.00, real=0.00 secs] 
2015-04-14T20:30:37.328-0100: 1728.141: Total time for which application threads were stopped: 0.0011584 seconds, Stopping threads took: 0.0000215 seconds
2015-04-14T20:30:38.349-0100: 1729.162: [GC (Allocation Failure) 
Desired survivor size 524288 bytes, new threshold 1 (max 15)
[PSYoungGen: 2304K->288K(2560K)] 12218K->10234K(13824K), 0.0010078 secs] [Times: user=0.01 sys=0.00, real=0.01 secs] 
2015-04-14T20:30:38.350-0100: 1729.163: Total time for which application threads were stopped: 0.0011935 seconds, Stopping threads took: 0.0000224 seconds
2015-04-14T20:30:39.368-0100: 1730.182: [GC (Allocation Failure) 
Desired survivor size 524288 bytes, new threshold 1 (max 15)
[PSYoungGen: 2336K->256K(2560K)] 12282K->10234K(13824K), 0.0010357 secs] [Times: user=0.01 sys=0.00, real=0.00 secs] 
2015-04-14T20:30:39.369-0100: 1730.183: Total time for which application threads were stopped: 0.0012458 seconds, Stopping threads took: 0.0000228 seconds
2015-04-14T20:30:40.353-0100: 1731.166: [GC (Allocation Failure) 
Desired survivor size 524288 bytes, new threshold 1 (max 15)
[PSYoungGen: 2304K->256K(2560K)] 12282K->10266K(13824K), 0.0009617 secs] [Times: user=0.00 sys=0.00, real=0.00 secs] 
2015-04-14T20:30:40.354-0100: 1731.167: Total time for which application threads were stopped: 0.0011483 seconds, Stopping threads took: 0.0000214 seconds
2015-04-14T20:30:41.257-0100: 1732.071: [GC (Allocation Failure) 
Desired survivor size 524288 bytes, new threshold 1 (max 15)
[PSYoungGen: 2304K->288K(2560K)] 12314K->10330K(13824K), 0.0011119 secs] [Times: user=0.01 sys=0.00, real=0.00 secs] 
2015-04-14T20:30:41.258-0100: 1732.072: Total time for which application threads were stopped: 0.0013008 seconds, Stopping threads took: 0.0000211 seconds
2015-04-14T20:30:42.190-0100: 1733.004: [GC (Allocation Failure) 
Desired survivor size 524288 bytes, new threshold 1 (max 15)
[PSYoungGen: 2336K->288K(2560K)] 12378K->10354K(13824K), 0.0010651 secs] [Times: user=0.00 sys=0.00, real=0.00 secs] 
2015-04-14T20:30:42.191-0100: 1733.005: Total time for which application threads were stopped: 0.0012469 seconds, Stopping threads took: 0.0000212 seconds
2015-04-14T20:30:43.109-0100: 1733.923: [GC (Allocation Failure) 
Desired survivor size 524288 bytes, new threshold 1 (max 15)
[PSYoungGen: 2336K->256K(2560K)] 12402K->10362K(13824K), 0.0010320 secs] [Times: user=0.01 sys=0.00, real=0.01 secs] 
2015-04-14T20:30:43.110-0100: 1733.924: Total time for which application threads were stopped: 0.0012258 seconds, Stopping threads took: 0.0000219 seconds
2015-04-14T20:30:43.947-0100: 1734.761: [GC (Allocation Failure) 
Desired survivor size 524288 bytes, new threshold 1 (max 15)
[PSYoungGen: 2304K->256K(2560K)] 12410K->10394K(13824K), 0.0009607 secs] [Times: user=0.00 sys=0.00, real=0.00 secs] 
2015-04-14T20:30:43.948-0100: 1734.762: Total time for which application threads were stopped: 0.0011362 seconds, Stopping threads took: 0.0000199 seconds
2015-04-14T20:30:44.818-0100: 1735.632: [GC (Allocation Failure) 
Desired survivor size 524288 bytes, new threshold 1 (max 15)
[PSYoungGen: 2304K->288K(2560K)] 12442K->10466K(13824K), 0.0010592 secs] [Times: user=0.01 sys=0.01, real=0.00 secs] 
2015-04-14T20:30:44.820-0100: 1735.633: Total time for which application threads were stopped: 0.0012637 seconds, Stopping threads took: 0.0000239 seconds
2015-04-14T20:30:45.653-0100: 1736.467: [GC (Allocation Failure) 
Desired survivor size 524288 bytes, new threshold 1 (max 15)
[PSYoungGen: 2336K->288K(2560K)] 12514K->10506K(13824K), 0.0010092 secs] [Times: user=0.00 sys=0.00, real=0.00 secs] 
2015-04-14T20:30:45.654-0100: 1736.468: Total time for which application threads were stopped: 0.0012002 seconds, Stopping threads took: 0.0000222 seconds
2015-04-14T20:30:46.476-0100: 1737.290: [GC (Allocation Failure) 
Desired survivor size 524288 bytes, new threshold 1 (max 15)
[PSYoungGen: 2336K->288K(2560K)] 12554K->10538K(13824K), 0.0010193 secs] [Times: user=0.00 sys=0.00, real=0.00 secs] 
2015-04-14T20:30:46.478-0100: 1737.291: Total time for which application threads were stopped: 0.0012278 seconds, Stopping threads took: 0.0000180 seconds
2015-04-14T20:30:47.343-0100: 1738.157: [GC (Allocation Failure) 
Desired survivor size 524288 bytes, new threshold 1 (max 15)
[PSYoungGen: 2336K->256K(2560K)] 12586K->10538K(13824K), 0.0010418 secs] [Times: user=0.01 sys=0.00, real=0.00 secs] 
2015-04-14T20:30:47.345-0100: 1738.158: Total time for which application threads were stopped: 0.0012422 seconds, Stopping threads took: 0.0000232 seconds
2015-04-14T20:30:48.247-0100: 1739.061: [GC (Allocation Failure) 
Desired survivor size 524288 bytes, new threshold 1 (max 15)
[PSYoungGen: 2304K->256K(2560K)] 12586K->10562K(13824K), 0.0011161 secs] [Times: user=0.01 sys=0.00, real=0.00 secs] 
2015-04-14T20:30:48.248-0100: 1739.062: Total time for which application threads were stopped: 0.0013381 seconds, Stopping threads took: 0.0000229 seconds
2015-04-14T20:30:49.181-0100: 1739.995: [GC (Allocation Failure) 
Desired survivor size 524288 bytes, new threshold 1 (max 15)
[PSYoungGen: 2304K->256K(2560K)] 12610K->10594K(13824K), 0.0009867 secs] [Times: user=0.01 sys=0.00, real=0.00 secs] 
2015-04-14T20:30:49.182-0100: 1739.996: Total time for which application threads were stopped: 0.0011676 seconds, Stopping threads took: 0.0000189 seconds
2015-04-14T20:30:50.085-0100: 1740.898: [GC (Allocation Failure) 
Desired survivor size 524288 bytes, new threshold 1 (max 15)
[PSYoungGen: 2304K->256K(2560K)] 12642K->10618K(13824K), 0.0011309 secs] [Times: user=0.00 sys=0.00, real=0.00 secs] 
2015-04-14T20:30:50.086-0100: 1740.899: Total time for which application threads were stopped: 0.0013301 seconds, Stopping threads took: 0.0000228 seconds
2015-04-14T20:30:51.088-0100: 1741.902: [GC (Allocation Failure) 
Desired survivor size 524288 bytes, new threshold 1 (max 15)
[PSYoungGen: 2304K->256K(2560K)] 12666K->10650K(13824K), 0.0010077 secs] [Times: user=0.00 sys=0.00, real=0.00 secs] 
2015-04-14T20:30:51.089-0100: 1741.903: Total time for which application threads were stopped: 0.0012013 seconds, Stopping threads took: 0.0000219 seconds
2015-04-14T20:30:52.106-0100: 1742.920: [GC (Allocation Failure) 
Desired survivor size 524288 bytes, new threshold 1 (max 15)
[PSYoungGen: 2304K->256K(2560K)] 12698K->10682K(13824K), 0.0010277 secs] [Times: user=0.00 sys=0.00, real=0.00 secs] 
2015-04-14T20:30:52.107-0100: 1742.921: Total time for which application threads were stopped: 0.0012162 seconds, Stopping threads took: 0.0000199 seconds
2015-04-14T20:30:53.124-0100: 1743.937: [GC (Allocation Failure) 
Desired survivor size 524288 bytes, new threshold 1 (max 15)
[PSYoungGen: 2304K->288K(2560K)] 12730K->10738K(13824K), 0.0009818 secs] [Times: user=0.00 sys=0.00, real=0.00 secs] 
2015-04-14T20:30:53.125-0100: 1743.938: Total time for which application threads were stopped: 0.0011657 seconds, Stopping threads took: 0.0000244 seconds
2015-04-14T20:30:54.145-0100: 1744.959: [GC (Allocation Failure) 
Desired survivor size 524288 bytes, new threshold 1 (max 15)
[PSYoungGen: 2336K->256K(2560K)] 12786K->10738K(13824K), 0.0009838 secs] [Times: user=0.00 sys=0.00, real=0.00 secs] 
2015-04-14T20:30:54.146-0100: 1744.960: Total time for which application threads were stopped: 0.0011960 seconds, Stopping threads took: 0.0000281 seconds
2015-04-14T20:30:55.152-0100: 1745.965: [GC (Allocation Failure) 
Desired survivor size 524288 bytes, new threshold 1 (max 15)
[PSYoungGen: 2304K->288K(2560K)] 12786K->10802K(13824K), 0.0009211 secs] [Times: user=0.00 sys=0.00, real=0.00 secs] 
2015-04-14T20:30:55.153-0100: 1745.966: Total time for which application threads were stopped: 0.0010957 seconds, Stopping threads took: 0.0000220 seconds
2015-04-14T20:30:56.152-0100: 1746.965: [GC (Allocation Failure) 
Desired survivor size 524288 bytes, new threshold 1 (max 15)
[PSYoungGen: 2336K->256K(2560K)] 12850K->10794K(13824K), 0.0009257 secs] [Times: user=0.01 sys=0.00, real=0.00 secs] 
2015-04-14T20:30:56.153-0100: 1746.966: Total time for which application threads were stopped: 0.0011003 seconds, Stopping threads took: 0.0000245 seconds
2015-04-14T20:30:57.174-0100: 1747.988: [GC (Allocation Failure) 
Desired survivor size 524288 bytes, new threshold 1 (max 15)
[PSYoungGen: 2304K->288K(2560K)] 12842K->10858K(13824K), 0.0010931 secs] [Times: user=0.00 sys=0.00, real=0.00 secs] 
2015-04-14T20:30:57.176-0100: 1747.989: Total time for which application threads were stopped: 0.0012873 seconds, Stopping threads took: 0.0000225 seconds
2015-04-14T20:30:58.194-0100: 1749.008: [GC (Allocation Failure) 
Desired survivor size 524288 bytes, new threshold 1 (max 15)
[PSYoungGen: 2336K->288K(2560K)] 12906K->10890K(13824K), 0.0010087 secs] [Times: user=0.00 sys=0.00, real=0.00 secs] 
2015-04-14T20:30:58.195-0100: 1749.009: Total time for which application threads were stopped: 0.0012086 seconds, Stopping threads took: 0.0000248 seconds
2015-04-14T20:30:59.214-0100: 1750.027: [GC (Allocation Failure) 
Desired survivor size 524288 bytes, new threshold 1 (max 15)
[PSYoungGen: 2336K->256K(2560K)] 12938K->10882K(13824K), 0.0009807 secs] [Times: user=0.00 sys=0.00, real=0.00 secs] 
2015-04-14T20:30:59.215-0100: 1750.029: Total time for which application threads were stopped: 0.0011649 seconds, Stopping threads took: 0.0000207 seconds
2015-04-14T20:31:00.115-0100: 1750.929: [GC (Allocation Failure) 
Desired survivor size 524288 bytes, new threshold 1 (max 15)
[PSYoungGen: 2304K->192K(2560K)] 12930K->10842K(13824K), 0.0009442 secs] [Times: user=0.00 sys=0.00, real=0.00 secs] 
2015-04-14T20:31:00.116-0100: 1750.930: Total time for which application threads were stopped: 0.0011189 seconds, Stopping threads took: 0.0000182 seconds
2015-04-14T20:31:01.051-0100: 1751.864: [GC (Allocation Failure) 
Desired survivor size 524288 bytes, new threshold 1 (max 15)
[PSYoungGen: 2240K->192K(2560K)] 12890K->10874K(13824K), 0.0010906 secs] [Times: user=0.00 sys=0.00, real=0.00 secs] 
2015-04-14T20:31:01.052-0100: 1751.866: Total time for which application threads were stopped: 0.0012936 seconds, Stopping threads took: 0.0000228 seconds
2015-04-14T20:31:02.057-0100: 1752.871: [GC (Allocation Failure) 
Desired survivor size 524288 bytes, new threshold 1 (max 15)
[PSYoungGen: 2240K->288K(2560K)] 12922K->11010K(13824K), 0.0010098 secs] [Times: user=0.01 sys=0.00, real=0.00 secs] 
2015-04-14T20:31:02.058-0100: 1752.872: Total time for which application threads were stopped: 0.0011858 seconds, Stopping threads took: 0.0000221 seconds
2015-04-14T20:31:03.079-0100: 1753.893: [GC (Allocation Failure) 
Desired survivor size 524288 bytes, new threshold 1 (max 15)
[PSYoungGen: 2335K->256K(2560K)] 13058K->11002K(13824K), 0.0009022 secs] [Times: user=0.00 sys=0.00, real=0.01 secs] 
2015-04-14T20:31:03.080-0100: 1753.894: Total time for which application threads were stopped: 0.0010789 seconds, Stopping threads took: 0.0000194 seconds
2015-04-14T20:31:04.112-0100: 1754.926: [GC (Allocation Failure) 
Desired survivor size 524288 bytes, new threshold 1 (max 15)
[PSYoungGen: 2304K->256K(2560K)] 13050K->11026K(13824K), 0.0008652 secs] [Times: user=0.01 sys=0.00, real=0.00 secs] 
2015-04-14T20:31:04.113-0100: 1754.927: Total time for which application threads were stopped: 0.0010503 seconds, Stopping threads took: 0.0000266 seconds
2015-04-14T20:31:05.231-0100: 1756.045: [GC (Allocation Failure) 
Desired survivor size 524288 bytes, new threshold 1 (max 15)
[PSYoungGen: 2304K->256K(2560K)] 13074K->11058K(13824K), 0.0010792 secs] [Times: user=0.01 sys=0.00, real=0.00 secs] 
2015-04-14T20:31:05.232-0100: 1756.046: Total time for which application threads were stopped: 0.0012681 seconds, Stopping threads took: 0.0000211 seconds
2015-04-14T20:31:06.299-0100: 1757.113: [GC (Allocation Failure) 
Desired survivor size 524288 bytes, new threshold 1 (max 15)
[PSYoungGen: 2304K->288K(2560K)] 13106K->11114K(13824K), 0.0010714 secs] [Times: user=0.00 sys=0.00, real=0.01 secs] 
2015-04-14T20:31:06.300-0100: 1757.114: Total time for which application threads were stopped: 0.0012703 seconds, Stopping threads took: 0.0000225 seconds
2015-04-14T20:31:07.306-0100: 1758.120: [GC (Allocation Failure) 
Desired survivor size 524288 bytes, new threshold 1 (max 15)
[PSYoungGen: 2336K->256K(2560K)] 13162K->11114K(13824K), 0.0010227 secs] [Times: user=0.01 sys=0.00, real=0.00 secs] 
2015-04-14T20:31:07.307-0100: 1758.121: Total time for which application threads were stopped: 0.0012135 seconds, Stopping threads took: 0.0000218 seconds
2015-04-14T20:31:08.309-0100: 1759.123: [GC (Allocation Failure) 
Desired survivor size 524288 bytes, new threshold 1 (max 15)
[PSYoungGen: 2304K->256K(2560K)] 13162K->11138K(13824K), 0.0010394 secs] [Times: user=0.01 sys=0.00, real=0.01 secs] 
2015-04-14T20:31:08.310-0100: 1759.124: Total time for which application threads were stopped: 0.0012302 seconds, Stopping threads took: 0.0000224 seconds
2015-04-14T20:31:09.329-0100: 1760.143: [GC (Allocation Failure) 
Desired survivor size 524288 bytes, new threshold 1 (max 15)
[PSYoungGen: 2304K->288K(2560K)] 13186K->11194K(13824K), 0.0010004 secs] [Times: user=0.00 sys=0.00, real=0.01 secs] 
2015-04-14T20:31:09.330-0100: 1760.144: Total time for which application threads were stopped: 0.0011907 seconds, Stopping threads took: 0.0000211 seconds
2015-04-14T20:31:10.348-0100: 1761.162: [GC (Allocation Failure) 
Desired survivor size 524288 bytes, new threshold 1 (max 15)
[PSYoungGen: 2336K->256K(2560K)] 13242K->11186K(13824K), 0.0010997 secs] [Times: user=0.00 sys=0.00, real=0.00 secs] 
2015-04-14T20:31:10.349-0100: 1761.163: Total time for which application threads were stopped: 0.0013018 seconds, Stopping threads took: 0.0000224 seconds
2015-04-14T20:31:11.379-0100: 1762.193: [GC (Allocation Failure) 
Desired survivor size 524288 bytes, new threshold 1 (max 15)
[PSYoungGen: 2304K->256K(2560K)] 13234K->11218K(13824K), 0.0011313 secs] [Times: user=0.00 sys=0.00, real=0.01 secs] 
2015-04-14T20:31:11.381-0100: 1762.195: Total time for which application threads were stopped: 0.0013169 seconds, Stopping threads took: 0.0000208 seconds
2015-04-14T20:31:12.372-0100: 1763.186: [GC (Allocation Failure) 
Desired survivor size 524288 bytes, new threshold 1 (max 15)
[PSYoungGen: 2304K->288K(2560K)] 13266K->11274K(13824K), 0.0010816 secs] [Times: user=0.00 sys=0.00, real=0.00 secs] 
2015-04-14T20:31:12.373-0100: 1763.187: Total time for which application threads were stopped: 0.0012722 seconds, Stopping threads took: 0.0000232 seconds
2015-04-14T20:31:13.391-0100: 1764.205: [GC (Allocation Failure) 
Desired survivor size 524288 bytes, new threshold 1 (max 15)
[PSYoungGen: 2336K->288K(2560K)] 13322K->11298K(13824K), 0.0010691 secs] [Times: user=0.00 sys=0.00, real=0.00 secs] 
2015-04-14T20:31:13.392-0100: 1764.206: Total time for which application threads were stopped: 0.0012667 seconds, Stopping threads took: 0.0000226 seconds
2015-04-14T20:31:14.411-0100: 1765.225: [GC (Allocation Failure) 
Desired survivor size 524288 bytes, new threshold 1 (max 15)
[PSYoungGen: 2336K->256K(2560K)] 13346K->11290K(13824K), 0.0010803 secs] [Times: user=0.00 sys=0.00, real=0.00 secs] 
2015-04-14T20:31:14.412-0100: 1765.226: Total time for which application threads were stopped: 0.0012742 seconds, Stopping threads took: 0.0000221 seconds
2015-04-14T20:31:15.478-0100: 1766.292: [GC (Allocation Failure) 
Desired survivor size 524288 bytes, new threshold 1 (max 15)
[PSYoungGen: 2304K->288K(2560K)] 13338K->11354K(13824K), 0.0011027 secs] [Times: user=0.00 sys=0.00, real=0.00 secs] 
2015-04-14T20:31:15.479-0100: 1766.293: Total time for which application threads were stopped: 0.0012966 seconds, Stopping threads took: 0.0000245 seconds
2015-04-14T20:31:16.451-0100: 1767.265: [GC (Allocation Failure) 
Desired survivor size 524288 bytes, new threshold 1 (max 15)
[PSYoungGen: 2336K->256K(2560K)] 13402K->11354K(13824K), 0.0010710 secs] [Times: user=0.01 sys=0.00, real=0.00 secs] 
2015-04-14T20:31:16.453-0100: 1767.267: Total time for which application threads were stopped: 0.0012678 seconds, Stopping threads took: 0.0000221 seconds
2015-04-14T20:31:17.471-0100: 1768.285: [GC (Allocation Failure) 
Desired survivor size 524288 bytes, new threshold 1 (max 15)
[PSYoungGen: 2304K->256K(2560K)] 13402K->11378K(13824K), 0.0009376 secs] [Times: user=0.00 sys=0.00, real=0.00 secs] 
2015-04-14T20:31:17.472-0100: 1768.286: Total time for which application threads were stopped: 0.0011400 seconds, Stopping threads took: 0.0000208 seconds
2015-04-14T20:31:18.491-0100: 1769.305: [GC (Allocation Failure) 
Desired survivor size 524288 bytes, new threshold 1 (max 15)
[PSYoungGen: 2304K->288K(2560K)] 13426K->11434K(13824K), 0.0010189 secs] [Times: user=0.00 sys=0.00, real=0.00 secs] 
2015-04-14T20:31:18.492-0100: 1769.306: Total time for which application threads were stopped: 0.0012116 seconds, Stopping threads took: 0.0000238 seconds
2015-04-14T20:31:19.492-0100: 1770.306: [GC (Allocation Failure) 
Desired survivor size 524288 bytes, new threshold 1 (max 15)
[PSYoungGen: 2336K->256K(2560K)] 13482K->11442K(13824K), 0.0010292 secs] [Times: user=0.01 sys=0.00, real=0.00 secs] 
2015-04-14T20:31:19.493-0100: 1770.307: Total time for which application threads were stopped: 0.0012398 seconds, Stopping threads took: 0.0000272 seconds
2015-04-14T20:31:20.515-0100: 1771.329: [GC (Allocation Failure) 
Desired survivor size 524288 bytes, new threshold 1 (max 15)
[PSYoungGen: 2304K->288K(2560K)] 13490K->11498K(13824K), 0.0010563 secs] [Times: user=0.01 sys=0.00, real=0.00 secs] 
2015-04-14T20:31:20.516-0100: 1771.330: Total time for which application threads were stopped: 0.0012471 seconds, Stopping threads took: 0.0000237 seconds
2015-04-14T20:31:21.549-0100: 1772.363: [GC (Allocation Failure) 
Desired survivor size 524288 bytes, new threshold 1 (max 15)
[PSYoungGen: 2336K->288K(2560K)] 13546K->11530K(13824K), 0.0010752 secs] [Times: user=0.00 sys=0.00, real=0.01 secs] 
2015-04-14T20:31:21.550-0100: 1772.364: [Full GC (Ergonomics) [PSYoungGen: 288K->0K(2560K)] [ParOldGen: 11242K->8370K(11264K)] 11530K->8370K(13824K), [Metaspace: 17884K->17884K(1064960K)], 0.0182068 secs] [Times: user=0.05 sys=0.00, real=0.01 secs] 
2015-04-14T20:31:21.569-0100: 1772.383: Total time for which application threads were stopped: 0.0195800 seconds, Stopping threads took: 0.0000229 seconds
2015-04-14T20:31:22.635-0100: 1773.449: [GC (Allocation Failure) 
Desired survivor size 524288 bytes, new threshold 1 (max 15)
[PSYoungGen: 2048K->288K(2560K)] 10418K->8658K(13824K), 0.0011393 secs] [Times: user=0.00 sys=0.00, real=0.00 secs] 
2015-04-14T20:31:22.636-0100: 1773.450: Total time for which application threads were stopped: 0.0013626 seconds, Stopping threads took: 0.0000219 seconds
2015-04-14T20:31:23.658-0100: 1774.472: [GC (Allocation Failure) 
Desired survivor size 524288 bytes, new threshold 1 (max 15)
[PSYoungGen: 2336K->288K(2560K)] 10706K->8690K(13824K), 0.0010557 secs] [Times: user=0.01 sys=0.00, real=0.00 secs] 
2015-04-14T20:31:23.659-0100: 1774.473: Total time for which application threads were stopped: 0.0012363 seconds, Stopping threads took: 0.0000226 seconds
2015-04-14T20:31:24.675-0100: 1775.490: [GC (Allocation Failure) 
Desired survivor size 524288 bytes, new threshold 1 (max 15)
[PSYoungGen: 2336K->288K(2560K)] 10738K->8722K(13824K), 0.0010325 secs] [Times: user=0.01 sys=0.00, real=0.00 secs] 
2015-04-14T20:31:24.677-0100: 1775.491: Total time for which application threads were stopped: 0.0012283 seconds, Stopping threads took: 0.0000234 seconds
2015-04-14T20:31:25.714-0100: 1776.528: [GC (Allocation Failure) 
Desired survivor size 524288 bytes, new threshold 1 (max 15)
[PSYoungGen: 2336K->256K(2560K)] 10770K->8730K(13824K), 0.0010677 secs] [Times: user=0.01 sys=0.00, real=0.00 secs] 
2015-04-14T20:31:25.715-0100: 1776.529: Total time for which application threads were stopped: 0.0012811 seconds, Stopping threads took: 0.0000216 seconds
2015-04-14T20:31:26.743-0100: 1777.558: [GC (Allocation Failure) 
Desired survivor size 524288 bytes, new threshold 1 (max 15)
[PSYoungGen: 2304K->256K(2560K)] 10778K->8754K(13824K), 0.0010495 secs] [Times: user=0.01 sys=0.00, real=0.00 secs] 
2015-04-14T20:31:26.745-0100: 1777.559: Total time for which application threads were stopped: 0.0013033 seconds, Stopping threads took: 0.0000458 seconds
2015-04-14T20:31:27.752-0100: 1778.566: [GC (Allocation Failure) 
Desired survivor size 524288 bytes, new threshold 1 (max 15)
[PSYoungGen: 2304K->256K(2560K)] 10802K->8786K(13824K), 0.0010514 secs] [Times: user=0.00 sys=0.00, real=0.00 secs] 
2015-04-14T20:31:27.753-0100: 1778.567: Total time for which application threads were stopped: 0.0012411 seconds, Stopping threads took: 0.0000222 seconds
2015-04-14T20:31:28.773-0100: 1779.588: [GC (Allocation Failure) 
Desired survivor size 524288 bytes, new threshold 1 (max 15)
[PSYoungGen: 2304K->256K(2560K)] 10834K->8810K(13824K), 0.0010874 secs] [Times: user=0.00 sys=0.00, real=0.00 secs] 
2015-04-14T20:31:28.775-0100: 1779.589: Total time for which application threads were stopped: 0.0012783 seconds, Stopping threads took: 0.0000216 seconds
2015-04-14T20:31:29.776-0100: 1780.590: [GC (Allocation Failure) 
Desired survivor size 524288 bytes, new threshold 1 (max 15)
[PSYoungGen: 2304K->256K(2560K)] 10858K->8842K(13824K), 0.0010305 secs] [Times: user=0.01 sys=0.00, real=0.00 secs] 
2015-04-14T20:31:29.777-0100: 1780.591: Total time for which application threads were stopped: 0.0012213 seconds, Stopping threads took: 0.0000212 seconds
2015-04-14T20:31:30.792-0100: 1781.606: [GC (Allocation Failure) 
Desired survivor size 524288 bytes, new threshold 1 (max 15)
[PSYoungGen: 2304K->288K(2560K)] 10890K->8906K(13824K), 0.0010318 secs] [Times: user=0.00 sys=0.00, real=0.00 secs] 
2015-04-14T20:31:30.793-0100: 1781.607: Total time for which application threads were stopped: 0.0012178 seconds, Stopping threads took: 0.0000202 seconds
2015-04-14T20:31:31.799-0100: 1782.613: [GC (Allocation Failure) 
Desired survivor size 524288 bytes, new threshold 1 (max 15)
[PSYoungGen: 2336K->288K(2560K)] 10954K->8930K(13824K), 0.0011056 secs] [Times: user=0.00 sys=0.00, real=0.01 secs] 
2015-04-14T20:31:31.800-0100: 1782.614: Total time for which application threads were stopped: 0.0012847 seconds, Stopping threads took: 0.0000200 seconds
2015-04-14T20:31:32.783-0100: 1783.598: [GC (Allocation Failure) 
Desired survivor size 524288 bytes, new threshold 1 (max 15)
[PSYoungGen: 2336K->160K(2560K)] 10978K->8834K(13824K), 0.0011515 secs] [Times: user=0.00 sys=0.00, real=0.00 secs] 
2015-04-14T20:31:32.785-0100: 1783.599: Total time for which application threads were stopped: 0.0013222 seconds, Stopping threads took: 0.0000155 seconds
2015-04-14T20:31:33.786-0100: 1784.600: [GC (Allocation Failure) 
Desired survivor size 524288 bytes, new threshold 1 (max 15)
[PSYoungGen: 2208K->256K(2560K)] 10882K->8962K(13824K), 0.0007653 secs] [Times: user=0.00 sys=0.00, real=0.00 secs] 
2015-04-14T20:31:33.787-0100: 1784.601: Total time for which application threads were stopped: 0.0009080 seconds, Stopping threads took: 0.0000153 seconds
2015-04-14T20:31:34.789-0100: 1785.603: [GC (Allocation Failure) 
Desired survivor size 524288 bytes, new threshold 1 (max 15)
[PSYoungGen: 2304K->288K(2560K)] 11010K->9018K(13824K), 0.0010385 secs] [Times: user=0.00 sys=0.00, real=0.01 secs] 
2015-04-14T20:31:34.790-0100: 1785.604: Total time for which application threads were stopped: 0.0012477 seconds, Stopping threads took: 0.0000249 seconds
2015-04-14T20:31:35.860-0100: 1786.674: [GC (Allocation Failure) 
Desired survivor size 524288 bytes, new threshold 1 (max 15)
[PSYoungGen: 2336K->256K(2560K)] 11066K->9026K(13824K), 0.0009965 secs] [Times: user=0.00 sys=0.00, real=0.00 secs] 
2015-04-14T20:31:35.861-0100: 1786.676: Total time for which application threads were stopped: 0.0011814 seconds, Stopping threads took: 0.0000267 seconds
2015-04-14T20:31:36.865-0100: 1787.679: [GC (Allocation Failure) 
Desired survivor size 524288 bytes, new threshold 1 (max 15)
[PSYoungGen: 2304K->288K(2560K)] 11074K->9082K(13824K), 0.0008924 secs] [Times: user=0.00 sys=0.00, real=0.00 secs] 
2015-04-14T20:31:36.866-0100: 1787.680: Total time for which application threads were stopped: 0.0010691 seconds, Stopping threads took: 0.0000212 seconds
2015-04-14T20:31:37.882-0100: 1788.696: [GC (Allocation Failure) 
Desired survivor size 524288 bytes, new threshold 1 (max 15)
[PSYoungGen: 2336K->288K(2560K)] 11130K->9098K(13824K), 0.0009423 secs] [Times: user=0.00 sys=0.00, real=0.00 secs] 
2015-04-14T20:31:37.883-0100: 1788.697: Total time for which application threads were stopped: 0.0011240 seconds, Stopping threads took: 0.0000247 seconds
2015-04-14T20:31:38.871-0100: 1789.685: [GC (Allocation Failure) 
Desired survivor size 524288 bytes, new threshold 1 (max 15)
[PSYoungGen: 2336K->288K(2560K)] 11146K->9122K(13824K), 0.0008786 secs] [Times: user=0.00 sys=0.00, real=0.00 secs] 
2015-04-14T20:31:38.871-0100: 1789.686: Total time for which application threads were stopped: 0.0010465 seconds, Stopping threads took: 0.0000215 seconds
2015-04-14T20:31:39.874-0100: 1790.688: [GC (Allocation Failure) 
Desired survivor size 524288 bytes, new threshold 1 (max 15)
[PSYoungGen: 2336K->256K(2560K)] 11170K->9114K(13824K), 0.0008062 secs] [Times: user=0.00 sys=0.00, real=0.00 secs] 
2015-04-14T20:31:39.875-0100: 1790.689: Total time for which application threads were stopped: 0.0009664 seconds, Stopping threads took: 0.0000159 seconds
2015-04-14T20:31:40.776-0100: 1791.591: [GC (Allocation Failure) 
Desired survivor size 524288 bytes, new threshold 1 (max 15)
[PSYoungGen: 2304K->288K(2560K)] 11162K->9178K(13824K), 0.0008580 secs] [Times: user=0.00 sys=0.00, real=0.00 secs] 
2015-04-14T20:31:40.777-0100: 1791.591: Total time for which application threads were stopped: 0.0010069 seconds, Stopping threads took: 0.0000167 seconds
2015-04-14T20:31:41.695-0100: 1792.509: [GC (Allocation Failure) 
Desired survivor size 524288 bytes, new threshold 1 (max 15)
[PSYoungGen: 2336K->288K(2560K)] 11226K->9202K(13824K), 0.0010265 secs] [Times: user=0.01 sys=0.00, real=0.00 secs] 
2015-04-14T20:31:41.696-0100: 1792.510: Total time for which application threads were stopped: 0.0012082 seconds, Stopping threads took: 0.0000226 seconds
2015-04-14T20:31:42.633-0100: 1793.448: [GC (Allocation Failure) 
Desired survivor size 524288 bytes, new threshold 1 (max 15)
[PSYoungGen: 2336K->288K(2560K)] 11250K->9234K(13824K), 0.0012034 secs] [Times: user=0.01 sys=0.00, real=0.00 secs] 
2015-04-14T20:31:42.634-0100: 1793.449: Total time for which application threads were stopped: 0.0014111 seconds, Stopping threads took: 0.0000229 seconds
2015-04-14T20:31:43.517-0100: 1794.332: [GC (Allocation Failure) 
Desired survivor size 524288 bytes, new threshold 1 (max 15)
[PSYoungGen: 2336K->256K(2560K)] 11282K->9234K(13824K), 0.0011206 secs] [Times: user=0.00 sys=0.00, real=0.00 secs] 
2015-04-14T20:31:43.518-0100: 1794.333: Total time for which application threads were stopped: 0.0013206 seconds, Stopping threads took: 0.0000228 seconds
2015-04-14T20:31:44.373-0100: 1795.187: [GC (Allocation Failure) 
Desired survivor size 524288 bytes, new threshold 1 (max 15)
[PSYoungGen: 2304K->256K(2560K)] 11282K->9258K(13824K), 0.0010367 secs] [Times: user=0.00 sys=0.00, real=0.00 secs] 
2015-04-14T20:31:44.374-0100: 1795.188: Total time for which application threads were stopped: 0.0012425 seconds, Stopping threads took: 0.0000233 seconds
2015-04-14T20:31:45.275-0100: 1796.090: [GC (Allocation Failure) 
Desired survivor size 524288 bytes, new threshold 1 (max 15)
[PSYoungGen: 2304K->288K(2560K)] 11306K->9330K(13824K), 0.0010383 secs] [Times: user=0.01 sys=0.00, real=0.00 secs] 
2015-04-14T20:31:45.277-0100: 1796.091: Total time for which application threads were stopped: 0.0012396 seconds, Stopping threads took: 0.0000247 seconds
2015-04-14T20:31:46.127-0100: 1796.942: [GC (Allocation Failure) 
Desired survivor size 524288 bytes, new threshold 1 (max 15)
[PSYoungGen: 2336K->288K(2560K)] 11378K->9362K(13824K), 0.0010209 secs] [Times: user=0.00 sys=0.00, real=0.00 secs] 
2015-04-14T20:31:46.128-0100: 1796.943: Total time for which application threads were stopped: 0.0012128 seconds, Stopping threads took: 0.0000221 seconds
2015-04-14T20:31:46.961-0100: 1797.776: [GC (Allocation Failure) 
Desired survivor size 524288 bytes, new threshold 1 (max 15)
[PSYoungGen: 2336K->256K(2560K)] 11410K->9362K(13824K), 0.0010822 secs] [Times: user=0.00 sys=0.00, real=0.00 secs] 
2015-04-14T20:31:46.962-0100: 1797.777: Total time for which application threads were stopped: 0.0013308 seconds, Stopping threads took: 0.0000269 seconds
2015-04-14T20:31:47.863-0100: 1798.678: [GC (Allocation Failure) 
Desired survivor size 524288 bytes, new threshold 1 (max 15)
[PSYoungGen: 2304K->256K(2560K)] 11410K->9394K(13824K), 0.0007823 secs] [Times: user=0.00 sys=0.00, real=0.00 secs] 
2015-04-14T20:31:47.864-0100: 1798.679: Total time for which application threads were stopped: 0.0009326 seconds, Stopping threads took: 0.0000144 seconds
2015-04-14T20:31:48.787-0100: 1799.601: [GC (Allocation Failure) 
Desired survivor size 524288 bytes, new threshold 1 (max 15)
[PSYoungGen: 2304K->256K(2560K)] 11442K->9434K(13824K), 0.0010476 secs] [Times: user=0.01 sys=0.00, real=0.00 secs] 
2015-04-14T20:31:48.788-0100: 1799.602: Total time for which application threads were stopped: 0.0012559 seconds, Stopping threads took: 0.0000227 seconds
2015-04-14T20:31:49.755-0100: 1800.570: [GC (Allocation Failure) 
Desired survivor size 524288 bytes, new threshold 1 (max 15)
[PSYoungGen: 2304K->288K(2560K)] 11482K->9498K(13824K), 0.0010630 secs] [Times: user=0.00 sys=0.01, real=0.00 secs] 
2015-04-14T20:31:49.756-0100: 1800.571: Total time for which application threads were stopped: 0.0012476 seconds, Stopping threads took: 0.0000226 seconds
2015-04-14T20:31:50.772-0100: 1801.587: [GC (Allocation Failure) 
Desired survivor size 524288 bytes, new threshold 1 (max 15)
[PSYoungGen: 2336K->224K(2560K)] 11546K->9458K(13824K), 0.0011738 secs] [Times: user=0.01 sys=0.00, real=0.00 secs] 
2015-04-14T20:31:50.773-0100: 1801.588: Total time for which application threads were stopped: 0.0013806 seconds, Stopping threads took: 0.0000231 seconds
2015-04-14T20:31:51.746-0100: 1802.560: [GC (Allocation Failure) 
Desired survivor size 524288 bytes, new threshold 1 (max 15)
[PSYoungGen: 2272K->256K(2560K)] 11506K->9530K(13824K), 0.0009865 secs] [Times: user=0.00 sys=0.00, real=0.00 secs] 
2015-04-14T20:31:51.747-0100: 1802.561: Total time for which application threads were stopped: 0.0012100 seconds, Stopping threads took: 0.0000230 seconds
2015-04-14T20:31:52.778-0100: 1803.592: [GC (Allocation Failure) 
Desired survivor size 524288 bytes, new threshold 1 (max 15)
[PSYoungGen: 2304K->288K(2560K)] 11578K->9586K(13824K), 0.0010362 secs] [Times: user=0.00 sys=0.00, real=0.00 secs] 
2015-04-14T20:31:52.779-0100: 1803.593: Total time for which application threads were stopped: 0.0012453 seconds, Stopping threads took: 0.0000243 seconds
2015-04-14T20:31:53.786-0100: 1804.600: [GC (Allocation Failure) 
Desired survivor size 524288 bytes, new threshold 1 (max 15)
[PSYoungGen: 2336K->256K(2560K)] 11634K->9578K(13824K), 0.0010704 secs] [Times: user=0.00 sys=0.00, real=0.00 secs] 
2015-04-14T20:31:53.787-0100: 1804.601: Total time for which application threads were stopped: 0.0012408 seconds, Stopping threads took: 0.0000225 seconds
2015-04-14T20:31:54.789-0100: 1805.603: [GC (Allocation Failure) 
Desired survivor size 524288 bytes, new threshold 1 (max 15)
[PSYoungGen: 2304K->288K(2560K)] 11626K->9642K(13824K), 0.0010829 secs] [Times: user=0.00 sys=0.00, real=0.01 secs] 
2015-04-14T20:31:54.790-0100: 1805.604: Total time for which application threads were stopped: 0.0012968 seconds, Stopping threads took: 0.0000222 seconds
2015-04-14T20:31:55.909-0100: 1806.723: [GC (Allocation Failure) 
Desired survivor size 524288 bytes, new threshold 1 (max 15)
[PSYoungGen: 2336K->256K(2560K)] 11690K->9634K(13824K), 0.0009703 secs] [Times: user=0.00 sys=0.00, real=0.01 secs] 
2015-04-14T20:31:55.910-0100: 1806.724: Total time for which application threads were stopped: 0.0011571 seconds, Stopping threads took: 0.0000213 seconds
2015-04-14T20:31:56.925-0100: 1807.740: [GC (Allocation Failure) 
Desired survivor size 524288 bytes, new threshold 1 (max 15)
[PSYoungGen: 2304K->288K(2560K)] 11682K->9690K(13824K), 0.0010452 secs] [Times: user=0.01 sys=0.00, real=0.00 secs] 
2015-04-14T20:31:56.926-0100: 1807.741: Total time for which application threads were stopped: 0.0012417 seconds, Stopping threads took: 0.0000348 seconds
2015-04-14T20:31:57.913-0100: 1808.727: [GC (Allocation Failure) 
Desired survivor size 524288 bytes, new threshold 1 (max 15)
[PSYoungGen: 2336K->192K(2560K)] 11738K->9618K(13824K), 0.0009279 secs] [Times: user=0.00 sys=0.00, real=0.00 secs] 
2015-04-14T20:31:57.914-0100: 1808.728: Total time for which application threads were stopped: 0.0010889 seconds, Stopping threads took: 0.0000163 seconds
2015-04-14T20:31:58.935-0100: 1809.750: [GC (Allocation Failure) 
Desired survivor size 524288 bytes, new threshold 1 (max 15)
[PSYoungGen: 2240K->256K(2560K)] 11666K->9714K(13824K), 0.0010018 secs] [Times: user=0.01 sys=0.00, real=0.00 secs] 
2015-04-14T20:31:58.936-0100: 1809.751: Total time for which application threads were stopped: 0.0011922 seconds, Stopping threads took: 0.0000208 seconds
2015-04-14T20:31:59.970-0100: 1810.785: [GC (Allocation Failure) 
Desired survivor size 524288 bytes, new threshold 1 (max 15)
[PSYoungGen: 2304K->288K(2560K)] 11762K->9770K(13824K), 0.0010561 secs] [Times: user=0.00 sys=0.00, real=0.00 secs] 
2015-04-14T20:31:59.972-0100: 1810.786: Total time for which application threads were stopped: 0.0012548 seconds, Stopping threads took: 0.0000222 seconds
2015-04-14T20:32:00.771-0100: 1811.586: [GC (Allocation Failure) 
Desired survivor size 524288 bytes, new threshold 1 (max 15)
[PSYoungGen: 2336K->256K(2560K)] 11818K->9770K(13824K), 0.0010107 secs] [Times: user=0.00 sys=0.00, real=0.00 secs] 
2015-04-14T20:32:00.772-0100: 1811.587: Total time for which application threads were stopped: 0.0012724 seconds, Stopping threads took: 0.0000948 seconds
2015-04-14T20:32:01.794-0100: 1812.609: [GC (Allocation Failure) 
Desired survivor size 524288 bytes, new threshold 1 (max 15)
[PSYoungGen: 2304K->288K(2560K)] 11818K->9842K(13824K), 0.0011230 secs] [Times: user=0.01 sys=0.00, real=0.00 secs] 
2015-04-14T20:32:01.795-0100: 1812.610: Total time for which application threads were stopped: 0.0013223 seconds, Stopping threads took: 0.0000205 seconds
2015-04-14T20:32:02.811-0100: 1813.626: [GC (Allocation Failure) 
Desired survivor size 524288 bytes, new threshold 1 (max 15)
[PSYoungGen: 2336K->288K(2560K)] 11890K->9882K(13824K), 0.0010720 secs] [Times: user=0.00 sys=0.00, real=0.00 secs] 
2015-04-14T20:32:02.812-0100: 1813.627: Total time for which application threads were stopped: 0.0012831 seconds, Stopping threads took: 0.0000274 seconds
2015-04-14T20:32:03.814-0100: 1814.629: [GC (Allocation Failure) 
Desired survivor size 524288 bytes, new threshold 1 (max 15)
[PSYoungGen: 2336K->256K(2560K)] 11930K->9882K(13824K), 0.0010433 secs] [Times: user=0.00 sys=0.00, real=0.00 secs] 
2015-04-14T20:32:03.815-0100: 1814.630: Total time for which application threads were stopped: 0.0012463 seconds, Stopping threads took: 0.0000282 seconds
2015-04-14T20:32:04.787-0100: 1815.602: [GC (Allocation Failure) 
Desired survivor size 524288 bytes, new threshold 1 (max 15)
[PSYoungGen: 2304K->256K(2560K)] 11930K->9914K(13824K), 0.0010556 secs] [Times: user=0.00 sys=0.00, real=0.00 secs] 
2015-04-14T20:32:04.788-0100: 1815.603: Total time for which application threads were stopped: 0.0012378 seconds, Stopping threads took: 0.0000227 seconds
2015-04-14T20:32:05.835-0100: 1816.650: [GC (Allocation Failure) 
Desired survivor size 524288 bytes, new threshold 1 (max 15)
[PSYoungGen: 2304K->256K(2560K)] 11962K->9946K(13824K), 0.0011559 secs] [Times: user=0.01 sys=0.00, real=0.00 secs] 
2015-04-14T20:32:05.837-0100: 1816.651: Total time for which application threads were stopped: 0.0013935 seconds, Stopping threads took: 0.0000513 seconds
2015-04-14T20:32:06.891-0100: 1817.706: [GC (Allocation Failure) 
Desired survivor size 524288 bytes, new threshold 1 (max 15)
[PSYoungGen: 2304K->288K(2560K)] 11994K->10018K(13824K), 0.0010717 secs] [Times: user=0.01 sys=0.00, real=0.00 secs] 
2015-04-14T20:32:06.893-0100: 1817.707: Total time for which application threads were stopped: 0.0012668 seconds, Stopping threads took: 0.0000218 seconds
2015-04-14T20:32:07.945-0100: 1818.760: [GC (Allocation Failure) 
Desired survivor size 524288 bytes, new threshold 1 (max 15)
[PSYoungGen: 2336K->256K(2560K)] 12066K->10010K(13824K), 0.0008279 secs] [Times: user=0.00 sys=0.00, real=0.00 secs] 
2015-04-14T20:32:07.946-0100: 1818.761: Total time for which application threads were stopped: 0.0009924 seconds, Stopping threads took: 0.0000159 seconds
2015-04-14T20:32:08.947-0100: 1819.762: [GC (Allocation Failure) 
Desired survivor size 524288 bytes, new threshold 1 (max 15)
[PSYoungGen: 2304K->224K(2560K)] 12058K->10002K(13824K), 0.0008929 secs] [Times: user=0.00 sys=0.00, real=0.00 secs] 
2015-04-14T20:32:08.948-0100: 1819.763: Total time for which application threads were stopped: 0.0010689 seconds, Stopping threads took: 0.0000236 seconds
2015-04-14T20:32:09.951-0100: 1820.766: [GC (Allocation Failure) 
Desired survivor size 524288 bytes, new threshold 1 (max 15)
[PSYoungGen: 2272K->288K(2560K)] 12050K->10090K(13824K), 0.0010923 secs] [Times: user=0.01 sys=0.00, real=0.00 secs] 
2015-04-14T20:32:09.952-0100: 1820.767: Total time for which application threads were stopped: 0.0012910 seconds, Stopping threads took: 0.0000208 seconds
2015-04-14T20:32:11.021-0100: 1821.836: [GC (Allocation Failure) 
Desired survivor size 524288 bytes, new threshold 1 (max 15)
[PSYoungGen: 2336K->256K(2560K)] 12138K->10098K(13824K), 0.0011042 secs] [Times: user=0.00 sys=0.00, real=0.00 secs] 
2015-04-14T20:32:11.023-0100: 1821.837: Total time for which application threads were stopped: 0.0013135 seconds, Stopping threads took: 0.0000236 seconds
2015-04-14T20:32:12.007-0100: 1822.822: [GC (Allocation Failure) 
Desired survivor size 524288 bytes, new threshold 1 (max 15)
[PSYoungGen: 2304K->288K(2560K)] 12146K->10154K(13824K), 0.0011682 secs] [Times: user=0.00 sys=0.00, real=0.00 secs] 
2015-04-14T20:32:12.009-0100: 1822.824: Total time for which application threads were stopped: 0.0013684 seconds, Stopping threads took: 0.0000221 seconds
2015-04-14T20:32:13.026-0100: 1823.841: [GC (Allocation Failure) 
Desired survivor size 524288 bytes, new threshold 1 (max 15)
[PSYoungGen: 2336K->256K(2560K)] 12202K->10154K(13824K), 0.0010505 secs] [Times: user=0.00 sys=0.00, real=0.00 secs] 
2015-04-14T20:32:13.027-0100: 1823.842: Total time for which application threads were stopped: 0.0012320 seconds, Stopping threads took: 0.0000230 seconds
2015-04-14T20:32:14.016-0100: 1824.831: [GC (Allocation Failure) 
Desired survivor size 524288 bytes, new threshold 1 (max 15)
[PSYoungGen: 2304K->256K(2560K)] 12202K->10178K(13824K), 0.0010194 secs] [Times: user=0.00 sys=0.00, real=0.00 secs] 
2015-04-14T20:32:14.017-0100: 1824.832: Total time for which application threads were stopped: 0.0012144 seconds, Stopping threads took: 0.0000234 seconds
2015-04-14T20:32:15.036-0100: 1825.851: [GC (Allocation Failure) 
Desired survivor size 524288 bytes, new threshold 1 (max 15)
[PSYoungGen: 2304K->256K(2560K)] 12226K->10210K(13824K), 0.0010799 secs] [Times: user=0.00 sys=0.00, real=0.00 secs] 
2015-04-14T20:32:15.037-0100: 1825.852: Total time for which application threads were stopped: 0.0012785 seconds, Stopping threads took: 0.0000246 seconds
2015-04-14T20:32:16.120-0100: 1826.935: [GC (Allocation Failure) 
Desired survivor size 524288 bytes, new threshold 1 (max 15)
[PSYoungGen: 2304K->256K(2560K)] 12258K->10242K(13824K), 0.0010875 secs] [Times: user=0.00 sys=0.00, real=0.00 secs] 
2015-04-14T20:32:16.121-0100: 1826.936: Total time for which application threads were stopped: 0.0012712 seconds, Stopping threads took: 0.0000188 seconds
2015-04-14T20:32:17.138-0100: 1827.953: [GC (Allocation Failure) 
Desired survivor size 524288 bytes, new threshold 1 (max 15)
[PSYoungGen: 2304K->288K(2560K)] 12290K->10290K(13824K), 0.0010755 secs] [Times: user=0.00 sys=0.00, real=0.00 secs] 
2015-04-14T20:32:17.139-0100: 1827.954: Total time for which application threads were stopped: 0.0012883 seconds, Stopping threads took: 0.0000264 seconds
2015-04-14T20:32:18.159-0100: 1828.974: [GC (Allocation Failure) 
Desired survivor size 524288 bytes, new threshold 1 (max 15)
[PSYoungGen: 2336K->224K(2560K)] 12338K->10250K(13824K), 0.0007707 secs] [Times: user=0.00 sys=0.00, real=0.01 secs] 
2015-04-14T20:32:18.160-0100: 1828.975: Total time for which application threads were stopped: 0.0009291 seconds, Stopping threads took: 0.0000162 seconds
2015-04-14T20:32:19.198-0100: 1830.013: [GC (Allocation Failure) 
Desired survivor size 524288 bytes, new threshold 1 (max 15)
[PSYoungGen: 2272K->256K(2560K)] 12298K->10314K(13824K), 0.0011065 secs] [Times: user=0.00 sys=0.00, real=0.00 secs] 
2015-04-14T20:32:19.199-0100: 1830.014: Total time for which application threads were stopped: 0.0012969 seconds, Stopping threads took: 0.0000213 seconds
2015-04-14T20:32:20.218-0100: 1831.033: [GC (Allocation Failure) 
Desired survivor size 524288 bytes, new threshold 1 (max 15)
[PSYoungGen: 2304K->288K(2560K)] 12362K->10362K(13824K), 0.0009940 secs] [Times: user=0.00 sys=0.00, real=0.00 secs] 
2015-04-14T20:32:20.219-0100: 1831.034: Total time for which application threads were stopped: 0.0012082 seconds, Stopping threads took: 0.0000222 seconds
2015-04-14T20:32:21.252-0100: 1832.067: [GC (Allocation Failure) 
Desired survivor size 524288 bytes, new threshold 1 (max 15)
[PSYoungGen: 2336K->288K(2560K)] 12410K->10394K(13824K), 0.0010276 secs] [Times: user=0.00 sys=0.00, real=0.00 secs] 
2015-04-14T20:32:21.254-0100: 1832.069: Total time for which application threads were stopped: 0.0012542 seconds, Stopping threads took: 0.0000292 seconds
2015-04-14T20:32:22.258-0100: 1833.073: [GC (Allocation Failure) 
Desired survivor size 524288 bytes, new threshold 1 (max 15)
[PSYoungGen: 2336K->288K(2560K)] 12442K->10426K(13824K), 0.0010825 secs] [Times: user=0.01 sys=0.00, real=0.00 secs] 
2015-04-14T20:32:22.259-0100: 1833.074: Total time for which application threads were stopped: 0.0012706 seconds, Stopping threads took: 0.0000220 seconds
2015-04-14T20:32:23.294-0100: 1834.109: [GC (Allocation Failure) 
Desired survivor size 524288 bytes, new threshold 1 (max 15)
[PSYoungGen: 2336K->288K(2560K)] 12474K->10466K(13824K), 0.0011137 secs] [Times: user=0.01 sys=0.00, real=0.00 secs] 
2015-04-14T20:32:23.295-0100: 1834.111: Total time for which application threads were stopped: 0.0013076 seconds, Stopping threads took: 0.0000214 seconds
2015-04-14T20:32:24.330-0100: 1835.145: [GC (Allocation Failure) 
Desired survivor size 524288 bytes, new threshold 1 (max 15)
[PSYoungGen: 2336K->256K(2560K)] 12514K->10466K(13824K), 0.0010168 secs] [Times: user=0.00 sys=0.00, real=0.00 secs] 
2015-04-14T20:32:24.331-0100: 1835.146: Total time for which application threads were stopped: 0.0012042 seconds, Stopping threads took: 0.0000223 seconds
2015-04-14T20:32:25.332-0100: 1836.147: [GC (Allocation Failure) 
Desired survivor size 524288 bytes, new threshold 1 (max 15)
[PSYoungGen: 2304K->224K(2560K)] 12514K->10458K(13824K), 0.0009595 secs] [Times: user=0.00 sys=0.00, real=0.00 secs] 
2015-04-14T20:32:25.333-0100: 1836.148: Total time for which application threads were stopped: 0.0012492 seconds, Stopping threads took: 0.0000423 seconds
2015-04-14T20:32:26.302-0100: 1837.118: [GC (Allocation Failure) 
Desired survivor size 524288 bytes, new threshold 1 (max 15)
[PSYoungGen: 2272K->256K(2560K)] 12506K->10514K(13824K), 0.0010766 secs] [Times: user=0.00 sys=0.00, real=0.00 secs] 
2015-04-14T20:32:26.304-0100: 1837.119: Total time for which application threads were stopped: 0.0012632 seconds, Stopping threads took: 0.0000217 seconds
2015-04-14T20:32:27.340-0100: 1838.155: [GC (Allocation Failure) 
Desired survivor size 524288 bytes, new threshold 1 (max 15)
[PSYoungGen: 2304K->256K(2560K)] 12562K->10538K(13824K), 0.0010828 secs] [Times: user=0.00 sys=0.00, real=0.00 secs] 
2015-04-14T20:32:27.341-0100: 1838.156: Total time for which application threads were stopped: 0.0012712 seconds, Stopping threads took: 0.0000209 seconds
2015-04-14T20:32:28.440-0100: 1839.255: [GC (Allocation Failure) 
Desired survivor size 524288 bytes, new threshold 1 (max 15)
[PSYoungGen: 2304K->224K(2560K)] 12586K->10530K(13824K), 0.0008268 secs] [Times: user=0.00 sys=0.00, real=0.00 secs] 
2015-04-14T20:32:28.441-0100: 1839.256: Total time for which application threads were stopped: 0.0010197 seconds, Stopping threads took: 0.0000194 seconds
2015-04-14T20:32:29.448-0100: 1840.263: [GC (Allocation Failure) 
Desired survivor size 524288 bytes, new threshold 1 (max 15)
[PSYoungGen: 2272K->288K(2560K)] 12578K->10626K(13824K), 0.0010132 secs] [Times: user=0.00 sys=0.00, real=0.00 secs] 
2015-04-14T20:32:29.449-0100: 1840.264: Total time for which application threads were stopped: 0.0011927 seconds, Stopping threads took: 0.0000215 seconds
2015-04-14T20:32:30.467-0100: 1841.283: [GC (Allocation Failure) 
Desired survivor size 524288 bytes, new threshold 1 (max 15)
[PSYoungGen: 2336K->288K(2560K)] 12674K->10642K(13824K), 0.0010098 secs] [Times: user=0.01 sys=0.00, real=0.00 secs] 
2015-04-14T20:32:30.469-0100: 1841.284: Total time for which application threads were stopped: 0.0012015 seconds, Stopping threads took: 0.0000225 seconds
2015-04-14T20:32:31.487-0100: 1842.302: [GC (Allocation Failure) 
Desired survivor size 524288 bytes, new threshold 1 (max 15)
[PSYoungGen: 2336K->256K(2560K)] 12690K->10642K(13824K), 0.0010390 secs] [Times: user=0.01 sys=0.01, real=0.00 secs] 
2015-04-14T20:32:31.488-0100: 1842.303: Total time for which application threads were stopped: 0.0012297 seconds, Stopping threads took: 0.0000215 seconds
2015-04-14T20:32:32.521-0100: 1843.336: [GC (Allocation Failure) 
Desired survivor size 524288 bytes, new threshold 1 (max 15)
[PSYoungGen: 2304K->288K(2560K)] 12690K->10698K(13824K), 0.0010344 secs] [Times: user=0.00 sys=0.00, real=0.00 secs] 
2015-04-14T20:32:32.522-0100: 1843.337: Total time for which application threads were stopped: 0.0012512 seconds, Stopping threads took: 0.0000272 seconds
2015-04-14T20:32:33.527-0100: 1844.342: [GC (Allocation Failure) 
Desired survivor size 524288 bytes, new threshold 1 (max 15)
[PSYoungGen: 2336K->256K(2560K)] 12746K->10690K(13824K), 0.0010725 secs] [Times: user=0.01 sys=0.00, real=0.00 secs] 
2015-04-14T20:32:33.528-0100: 1844.343: Total time for which application threads were stopped: 0.0012710 seconds, Stopping threads took: 0.0000233 seconds
2015-04-14T20:32:34.530-0100: 1845.345: [GC (Allocation Failure) 
Desired survivor size 524288 bytes, new threshold 1 (max 15)
[PSYoungGen: 2304K->288K(2560K)] 12738K->10754K(13824K), 0.0009991 secs] [Times: user=0.00 sys=0.00, real=0.00 secs] 
2015-04-14T20:32:34.531-0100: 1845.346: Total time for which application threads were stopped: 0.0011943 seconds, Stopping threads took: 0.0000226 seconds
2015-04-14T20:32:35.533-0100: 1846.348: [GC (Allocation Failure) 
Desired survivor size 524288 bytes, new threshold 1 (max 15)
[PSYoungGen: 2336K->256K(2560K)] 12802K->10762K(13824K), 0.0010154 secs] [Times: user=0.01 sys=0.00, real=0.00 secs] 
2015-04-14T20:32:35.534-0100: 1846.349: Total time for which application threads were stopped: 0.0012069 seconds, Stopping threads took: 0.0000237 seconds
2015-04-14T20:32:36.550-0100: 1847.366: [GC (Allocation Failure) 
Desired survivor size 524288 bytes, new threshold 1 (max 15)
[PSYoungGen: 2304K->128K(2560K)] 12810K->10650K(13824K), 0.0010404 secs] [Times: user=0.01 sys=0.00, real=0.00 secs] 
2015-04-14T20:32:36.551-0100: 1847.367: Total time for which application threads were stopped: 0.0012535 seconds, Stopping threads took: 0.0000272 seconds
2015-04-14T20:32:37.573-0100: 1848.389: [GC (Allocation Failure) 
Desired survivor size 524288 bytes, new threshold 1 (max 15)
[PSYoungGen: 2176K->256K(2560K)] 12698K->10810K(13824K), 0.0009636 secs] [Times: user=0.00 sys=0.00, real=0.00 secs] 
2015-04-14T20:32:37.574-0100: 1848.390: Total time for which application threads were stopped: 0.0011358 seconds, Stopping threads took: 0.0000214 seconds
2015-04-14T20:32:38.591-0100: 1849.407: [GC (Allocation Failure) 
Desired survivor size 524288 bytes, new threshold 1 (max 15)
[PSYoungGen: 2304K->224K(2560K)] 12858K->10794K(13824K), 0.0007920 secs] [Times: user=0.01 sys=0.00, real=0.00 secs] 
2015-04-14T20:32:38.592-0100: 1849.408: Total time for which application threads were stopped: 0.0009336 seconds, Stopping threads took: 0.0000144 seconds
2015-04-14T20:32:39.610-0100: 1850.426: [GC (Allocation Failure) 
Desired survivor size 524288 bytes, new threshold 1 (max 15)
[PSYoungGen: 2272K->256K(2560K)] 12842K->10850K(13824K), 0.0007818 secs] [Times: user=0.00 sys=0.00, real=0.00 secs] 
2015-04-14T20:32:39.611-0100: 1850.426: Total time for which application threads were stopped: 0.0009183 seconds, Stopping threads took: 0.0000149 seconds
2015-04-14T20:32:40.578-0100: 1851.393: [GC (Allocation Failure) 
Desired survivor size 524288 bytes, new threshold 1 (max 15)
[PSYoungGen: 2304K->256K(2560K)] 12898K->10882K(13824K), 0.0010703 secs] [Times: user=0.01 sys=0.00, real=0.00 secs] 
2015-04-14T20:32:40.579-0100: 1851.395: Total time for which application threads were stopped: 0.0012573 seconds, Stopping threads took: 0.0000216 seconds
2015-04-14T20:32:41.515-0100: 1852.331: [GC (Allocation Failure) 
Desired survivor size 524288 bytes, new threshold 1 (max 15)
[PSYoungGen: 2304K->288K(2560K)] 12930K->10946K(13824K), 0.0007890 secs] [Times: user=0.00 sys=0.00, real=0.00 secs] 
2015-04-14T20:32:41.516-0100: 1852.332: Total time for which application threads were stopped: 0.0009313 seconds, Stopping threads took: 0.0000148 seconds
2015-04-14T20:32:42.452-0100: 1853.268: [GC (Allocation Failure) 
Desired survivor size 524288 bytes, new threshold 1 (max 15)
[PSYoungGen: 2336K->224K(2560K)] 12994K->10914K(13824K), 0.0010680 secs] [Times: user=0.00 sys=0.00, real=0.00 secs] 
2015-04-14T20:32:42.453-0100: 1853.269: Total time for which application threads were stopped: 0.0012546 seconds, Stopping threads took: 0.0000231 seconds
2015-04-14T20:32:43.288-0100: 1854.104: [GC (Allocation Failure) 
Desired survivor size 524288 bytes, new threshold 1 (max 15)
[PSYoungGen: 2272K->224K(2560K)] 12962K->10938K(13824K), 0.0008919 secs] [Times: user=0.00 sys=0.00, real=0.00 secs] 
2015-04-14T20:32:43.289-0100: 1854.105: Total time for which application threads were stopped: 0.0010622 seconds, Stopping threads took: 0.0000178 seconds
2015-04-14T20:32:44.161-0100: 1854.976: [GC (Allocation Failure) 
Desired survivor size 524288 bytes, new threshold 1 (max 15)
[PSYoungGen: 2272K->224K(2560K)] 12986K->10970K(13824K), 0.0011150 secs] [Times: user=0.01 sys=0.00, real=0.00 secs] 
2015-04-14T20:32:44.162-0100: 1854.977: Total time for which application threads were stopped: 0.0013288 seconds, Stopping threads took: 0.0000230 seconds
2015-04-14T20:32:45.013-0100: 1855.828: [GC (Allocation Failure) 
Desired survivor size 524288 bytes, new threshold 1 (max 15)
[PSYoungGen: 2272K->288K(2560K)] 13018K->11058K(13824K), 0.0010863 secs] [Times: user=0.01 sys=0.00, real=0.00 secs] 
2015-04-14T20:32:45.014-0100: 1855.829: Total time for which application threads were stopped: 0.0012856 seconds, Stopping threads took: 0.0000254 seconds
2015-04-14T20:32:45.846-0100: 1856.661: [GC (Allocation Failure) 
Desired survivor size 524288 bytes, new threshold 1 (max 15)
[PSYoungGen: 2336K->288K(2560K)] 13106K->11082K(13824K), 0.0011156 secs] [Times: user=0.01 sys=0.00, real=0.00 secs] 
2015-04-14T20:32:45.847-0100: 1856.662: Total time for which application threads were stopped: 0.0013079 seconds, Stopping threads took: 0.0000220 seconds
2015-04-14T20:32:46.733-0100: 1857.549: [GC (Allocation Failure) 
Desired survivor size 524288 bytes, new threshold 1 (max 15)
[PSYoungGen: 2336K->288K(2560K)] 13130K->11106K(13824K), 0.0010572 secs] [Times: user=0.01 sys=0.00, real=0.00 secs] 
2015-04-14T20:32:46.734-0100: 1857.550: Total time for which application threads were stopped: 0.0012519 seconds, Stopping threads took: 0.0000227 seconds
2015-04-14T20:32:47.587-0100: 1858.402: [GC (Allocation Failure) 
Desired survivor size 524288 bytes, new threshold 1 (max 15)
[PSYoungGen: 2336K->224K(2560K)] 13154K->11066K(13824K), 0.0011704 secs] [Times: user=0.00 sys=0.00, real=0.00 secs] 
2015-04-14T20:32:47.588-0100: 1858.403: Total time for which application threads were stopped: 0.0013659 seconds, Stopping threads took: 0.0000211 seconds
2015-04-14T20:32:48.490-0100: 1859.306: [GC (Allocation Failure) 
Desired survivor size 524288 bytes, new threshold 1 (max 15)
[PSYoungGen: 2272K->256K(2560K)] 13114K->11130K(13824K), 0.0011132 secs] [Times: user=0.01 sys=0.00, real=0.00 secs] 
2015-04-14T20:32:48.491-0100: 1859.307: Total time for which application threads were stopped: 0.0013207 seconds, Stopping threads took: 0.0000244 seconds
2015-04-14T20:32:49.458-0100: 1860.274: [GC (Allocation Failure) 
Desired survivor size 524288 bytes, new threshold 1 (max 15)
[PSYoungGen: 2304K->256K(2560K)] 13178K->11162K(13824K), 0.0010194 secs] [Times: user=0.00 sys=0.00, real=0.01 secs] 
2015-04-14T20:32:49.460-0100: 1860.275: Total time for which application threads were stopped: 0.0012145 seconds, Stopping threads took: 0.0000226 seconds
2015-04-14T20:32:50.394-0100: 1861.210: [GC (Allocation Failure) 
Desired survivor size 524288 bytes, new threshold 1 (max 15)
[PSYoungGen: 2304K->288K(2560K)] 13210K->11218K(13824K), 0.0011203 secs] [Times: user=0.00 sys=0.00, real=0.00 secs] 
2015-04-14T20:32:50.396-0100: 1861.211: Total time for which application threads were stopped: 0.0013096 seconds, Stopping threads took: 0.0000217 seconds
2015-04-14T20:32:51.447-0100: 1862.262: [GC (Allocation Failure) 
Desired survivor size 524288 bytes, new threshold 1 (max 15)
[PSYoungGen: 2336K->256K(2560K)] 13266K->11218K(13824K), 0.0009858 secs] [Times: user=0.01 sys=0.00, real=0.00 secs] 
2015-04-14T20:32:51.448-0100: 1862.263: Total time for which application threads were stopped: 0.0011781 seconds, Stopping threads took: 0.0000245 seconds
2015-04-14T20:32:52.435-0100: 1863.251: [GC (Allocation Failure) 
Desired survivor size 524288 bytes, new threshold 1 (max 15)
[PSYoungGen: 2304K->288K(2560K)] 13266K->11290K(13824K), 0.0011381 secs] [Times: user=0.00 sys=0.00, real=0.00 secs] 
2015-04-14T20:32:52.437-0100: 1863.252: Total time for which application threads were stopped: 0.0013331 seconds, Stopping threads took: 0.0000222 seconds
2015-04-14T20:32:53.456-0100: 1864.272: [GC (Allocation Failure) 
Desired survivor size 524288 bytes, new threshold 1 (max 15)
[PSYoungGen: 2336K->256K(2560K)] 13338K->11290K(13824K), 0.0010359 secs] [Times: user=0.00 sys=0.00, real=0.00 secs] 
2015-04-14T20:32:53.458-0100: 1864.273: Total time for which application threads were stopped: 0.0012243 seconds, Stopping threads took: 0.0000233 seconds
2015-04-14T20:32:54.488-0100: 1865.304: [GC (Allocation Failure) 
Desired survivor size 524288 bytes, new threshold 1 (max 15)
[PSYoungGen: 2304K->192K(2560K)] 13338K->11242K(13824K), 0.0011151 secs] [Times: user=0.00 sys=0.00, real=0.00 secs] 
2015-04-14T20:32:54.489-0100: 1865.305: Total time for which application threads were stopped: 0.0013017 seconds, Stopping threads took: 0.0000219 seconds
2015-04-14T20:32:55.528-0100: 1866.343: [GC (Allocation Failure) 
Desired survivor size 524288 bytes, new threshold 1 (max 15)
[PSYoungGen: 2240K->256K(2560K)] 13290K->11330K(13824K), 0.0011073 secs] [Times: user=0.00 sys=0.00, real=0.00 secs] 
2015-04-14T20:32:55.529-0100: 1866.344: Total time for which application threads were stopped: 0.0013214 seconds, Stopping threads took: 0.0000220 seconds
2015-04-14T20:32:56.633-0100: 1867.448: [GC (Allocation Failure) 
Desired survivor size 524288 bytes, new threshold 1 (max 15)
[PSYoungGen: 2304K->256K(2560K)] 13378K->11346K(13824K), 0.0010219 secs] [Times: user=0.00 sys=0.00, real=0.00 secs] 
2015-04-14T20:32:56.634-0100: 1867.449: Total time for which application threads were stopped: 0.0012124 seconds, Stopping threads took: 0.0000224 seconds
2015-04-14T20:32:57.650-0100: 1868.466: [GC (Allocation Failure) 
Desired survivor size 524288 bytes, new threshold 1 (max 15)
[PSYoungGen: 2304K->288K(2560K)] 13394K->11410K(13824K), 0.0009890 secs] [Times: user=0.01 sys=0.00, real=0.00 secs] 
2015-04-14T20:32:57.651-0100: 1868.467: Total time for which application threads were stopped: 0.0011962 seconds, Stopping threads took: 0.0000246 seconds
2015-04-14T20:32:58.637-0100: 1869.453: [GC (Allocation Failure) 
Desired survivor size 524288 bytes, new threshold 1 (max 15)
[PSYoungGen: 2336K->288K(2560K)] 13458K->11450K(13824K), 0.0010394 secs] [Times: user=0.01 sys=0.00, real=0.00 secs] 
2015-04-14T20:32:58.639-0100: 1869.454: Total time for which application threads were stopped: 0.0012280 seconds, Stopping threads took: 0.0000211 seconds
2015-04-14T20:32:59.657-0100: 1870.473: [GC (Allocation Failure) 
Desired survivor size 524288 bytes, new threshold 1 (max 15)
[PSYoungGen: 2336K->288K(2560K)] 13498K->11474K(13824K), 0.0010819 secs] [Times: user=0.00 sys=0.00, real=0.00 secs] 
2015-04-14T20:32:59.659-0100: 1870.474: Total time for which application threads were stopped: 0.0012786 seconds, Stopping threads took: 0.0000207 seconds
2015-04-14T20:33:00.525-0100: 1871.341: [GC (Allocation Failure) 
Desired survivor size 524288 bytes, new threshold 1 (max 15)
[PSYoungGen: 2336K->288K(2560K)] 13522K->11506K(13824K), 0.0011231 secs] [Times: user=0.01 sys=0.00, real=0.00 secs] 
2015-04-14T20:33:00.526-0100: 1871.342: [Full GC (Ergonomics) [PSYoungGen: 288K->0K(2560K)] [ParOldGen: 11218K->8372K(11264K)] 11506K->8372K(13824K), [Metaspace: 17884K->17884K(1064960K)], 0.0185749 secs] [Times: user=0.05 sys=0.00, real=0.02 secs] 
2015-04-14T20:33:00.545-0100: 1871.361: Total time for which application threads were stopped: 0.0199813 seconds, Stopping threads took: 0.0000224 seconds
2015-04-14T20:33:01.556-0100: 1872.372: [GC (Allocation Failure) 
Desired survivor size 524288 bytes, new threshold 1 (max 15)
[PSYoungGen: 2048K->256K(2560K)] 10420K->8628K(13824K), 0.0010931 secs] [Times: user=0.01 sys=0.00, real=0.00 secs] 
2015-04-14T20:33:01.558-0100: 1872.373: Total time for which application threads were stopped: 0.0013070 seconds, Stopping threads took: 0.0000252 seconds
2015-04-14T20:33:02.567-0100: 1873.382: [GC (Allocation Failure) 
Desired survivor size 524288 bytes, new threshold 1 (max 15)
[PSYoungGen: 2304K->288K(2560K)] 10676K->8692K(13824K), 0.0010668 secs] [Times: user=0.00 sys=0.00, real=0.00 secs] 
2015-04-14T20:33:02.568-0100: 1873.384: Total time for which application threads were stopped: 0.0012654 seconds, Stopping threads took: 0.0000234 seconds
2015-04-14T20:33:03.635-0100: 1874.451: [GC (Allocation Failure) 
Desired survivor size 524288 bytes, new threshold 1 (max 15)
[PSYoungGen: 2336K->288K(2560K)] 10740K->8724K(13824K), 0.0011067 secs] [Times: user=0.00 sys=0.00, real=0.00 secs] 
2015-04-14T20:33:03.636-0100: 1874.452: Total time for which application threads were stopped: 0.0013193 seconds, Stopping threads took: 0.0000242 seconds
2015-04-14T20:33:04.622-0100: 1875.438: [GC (Allocation Failure) 
Desired survivor size 524288 bytes, new threshold 1 (max 15)
[PSYoungGen: 2336K->256K(2560K)] 10772K->8732K(13824K), 0.0010864 secs] [Times: user=0.00 sys=0.00, real=0.00 secs] 
2015-04-14T20:33:04.623-0100: 1875.439: Total time for which application threads were stopped: 0.0012943 seconds, Stopping threads took: 0.0000293 seconds
2015-04-14T20:33:05.624-0100: 1876.440: [GC (Allocation Failure) 
Desired survivor size 524288 bytes, new threshold 1 (max 15)
[PSYoungGen: 2304K->256K(2560K)] 10780K->8756K(13824K), 0.0010530 secs] [Times: user=0.00 sys=0.00, real=0.00 secs] 
2015-04-14T20:33:05.625-0100: 1876.441: Total time for which application threads were stopped: 0.0012905 seconds, Stopping threads took: 0.0000572 seconds
2015-04-14T20:33:06.629-0100: 1877.445: [GC (Allocation Failure) 
Desired survivor size 524288 bytes, new threshold 1 (max 15)
[PSYoungGen: 2304K->288K(2560K)] 10804K->8820K(13824K), 0.0010323 secs] [Times: user=0.00 sys=0.00, real=0.01 secs] 
2015-04-14T20:33:06.630-0100: 1877.446: Total time for which application threads were stopped: 0.0012253 seconds, Stopping threads took: 0.0000202 seconds
2015-04-14T20:33:07.657-0100: 1878.473: [GC (Allocation Failure) 
Desired survivor size 524288 bytes, new threshold 1 (max 15)
[PSYoungGen: 2335K->256K(2560K)] 10868K->8812K(13824K), 0.0010882 secs] [Times: user=0.01 sys=0.00, real=0.00 secs] 
2015-04-14T20:33:07.658-0100: 1878.474: Total time for which application threads were stopped: 0.0013447 seconds, Stopping threads took: 0.0000358 seconds
2015-04-14T20:33:08.670-0100: 1879.486: [GC (Allocation Failure) 
Desired survivor size 524288 bytes, new threshold 1 (max 15)
[PSYoungGen: 2304K->288K(2560K)] 10860K->8868K(13824K), 0.0010468 secs] [Times: user=0.00 sys=0.00, real=0.00 secs] 
2015-04-14T20:33:08.671-0100: 1879.487: Total time for which application threads were stopped: 0.0012233 seconds, Stopping threads took: 0.0000218 seconds
2015-04-14T20:33:09.673-0100: 1880.489: [GC (Allocation Failure) 
Desired survivor size 524288 bytes, new threshold 1 (max 15)
[PSYoungGen: 2336K->160K(2560K)] 10916K->8756K(13824K), 0.0010379 secs] [Times: user=0.00 sys=0.00, real=0.00 secs] 
2015-04-14T20:33:09.674-0100: 1880.490: Total time for which application threads were stopped: 0.0012335 seconds, Stopping threads took: 0.0000225 seconds
2015-04-14T20:33:10.693-0100: 1881.509: [GC (Allocation Failure) 
Desired survivor size 524288 bytes, new threshold 1 (max 15)
[PSYoungGen: 2208K->256K(2560K)] 10804K->8884K(13824K), 0.0010210 secs] [Times: user=0.01 sys=0.00, real=0.00 secs] 
2015-04-14T20:33:10.694-0100: 1881.510: Total time for which application threads were stopped: 0.0012226 seconds, Stopping threads took: 0.0000224 seconds
2015-04-14T20:33:11.744-0100: 1882.560: [GC (Allocation Failure) 
Desired survivor size 524288 bytes, new threshold 1 (max 15)
[PSYoungGen: 2304K->256K(2560K)] 10932K->8924K(13824K), 0.0010911 secs] [Times: user=0.01 sys=0.00, real=0.00 secs] 
2015-04-14T20:33:11.745-0100: 1882.561: Total time for which application threads were stopped: 0.0013046 seconds, Stopping threads took: 0.0000278 seconds
2015-04-14T20:33:12.767-0100: 1883.583: [GC (Allocation Failure) 
Desired survivor size 524288 bytes, new threshold 1 (max 15)
[PSYoungGen: 2304K->256K(2560K)] 10972K->8956K(13824K), 0.0010232 secs] [Times: user=0.00 sys=0.00, real=0.00 secs] 
2015-04-14T20:33:12.768-0100: 1883.584: Total time for which application threads were stopped: 0.0012096 seconds, Stopping threads took: 0.0000227 seconds
2015-04-14T20:33:13.769-0100: 1884.585: [GC (Allocation Failure) 
Desired survivor size 524288 bytes, new threshold 1 (max 15)
[PSYoungGen: 2304K->256K(2560K)] 11004K->8996K(13824K), 0.0010561 secs] [Times: user=0.00 sys=0.00, real=0.01 secs] 
2015-04-14T20:33:13.770-0100: 1884.586: Total time for which application threads were stopped: 0.0012442 seconds, Stopping threads took: 0.0000232 seconds
2015-04-14T20:33:14.823-0100: 1885.639: [GC (Allocation Failure) 
Desired survivor size 524288 bytes, new threshold 1 (max 15)
[PSYoungGen: 2304K->288K(2560K)] 11044K->9052K(13824K), 0.0010143 secs] [Times: user=0.01 sys=0.00, real=0.00 secs] 
2015-04-14T20:33:14.824-0100: 1885.640: Total time for which application threads were stopped: 0.0012257 seconds, Stopping threads took: 0.0000227 seconds
2015-04-14T20:33:15.823-0100: 1886.639: [GC (Allocation Failure) 
Desired survivor size 524288 bytes, new threshold 1 (max 15)
[PSYoungGen: 2336K->256K(2560K)] 11100K->9052K(13824K), 0.0009883 secs] [Times: user=0.01 sys=0.00, real=0.00 secs] 
2015-04-14T20:33:15.825-0100: 1886.641: Total time for which application threads were stopped: 0.0011844 seconds, Stopping threads took: 0.0000285 seconds
2015-04-14T20:33:16.863-0100: 1887.679: [GC (Allocation Failure) 
Desired survivor size 524288 bytes, new threshold 1 (max 15)
[PSYoungGen: 2304K->256K(2560K)] 11100K->9084K(13824K), 0.0010073 secs] [Times: user=0.00 sys=0.00, real=0.00 secs] 
2015-04-14T20:33:16.864-0100: 1887.680: Total time for which application threads were stopped: 0.0012208 seconds, Stopping threads took: 0.0000234 seconds
2015-04-14T20:33:17.882-0100: 1888.699: [GC (Allocation Failure) 
Desired survivor size 524288 bytes, new threshold 1 (max 15)
[PSYoungGen: 2304K->288K(2560K)] 11132K->9140K(13824K), 0.0009966 secs] [Times: user=0.00 sys=0.00, real=0.00 secs] 
2015-04-14T20:33:17.884-0100: 1888.700: Total time for which application threads were stopped: 0.0011936 seconds, Stopping threads took: 0.0000221 seconds
2015-04-14T20:33:18.916-0100: 1889.732: [GC (Allocation Failure) 
Desired survivor size 524288 bytes, new threshold 1 (max 15)
[PSYoungGen: 2336K->256K(2560K)] 11188K->9140K(13824K), 0.0011633 secs] [Times: user=0.00 sys=0.00, real=0.00 secs] 
2015-04-14T20:33:18.917-0100: 1889.733: Total time for which application threads were stopped: 0.0013741 seconds, Stopping threads took: 0.0000265 seconds
2015-04-14T20:33:19.906-0100: 1890.722: [GC (Allocation Failure) 
Desired survivor size 524288 bytes, new threshold 1 (max 15)
[PSYoungGen: 2304K->256K(2560K)] 11188K->9180K(13824K), 0.0010642 secs] [Times: user=0.01 sys=0.00, real=0.00 secs] 
2015-04-14T20:33:19.907-0100: 1890.723: Total time for which application threads were stopped: 0.0012556 seconds, Stopping threads took: 0.0000216 seconds
2015-04-14T20:33:20.907-0100: 1891.723: [GC (Allocation Failure) 
Desired survivor size 524288 bytes, new threshold 1 (max 15)
[PSYoungGen: 2304K->288K(2560K)] 11228K->9244K(13824K), 0.0010678 secs] [Times: user=0.00 sys=0.00, real=0.00 secs] 
2015-04-14T20:33:20.908-0100: 1891.724: Total time for which application threads were stopped: 0.0012677 seconds, Stopping threads took: 0.0000233 seconds
2015-04-14T20:33:21.959-0100: 1892.775: [GC (Allocation Failure) 
Desired survivor size 524288 bytes, new threshold 1 (max 15)
[PSYoungGen: 2336K->256K(2560K)] 11292K->9236K(13824K), 0.0011039 secs] [Times: user=0.01 sys=0.00, real=0.01 secs] 
2015-04-14T20:33:21.961-0100: 1892.777: Total time for which application threads were stopped: 0.0013231 seconds, Stopping threads took: 0.0000238 seconds
2015-04-14T20:33:22.999-0100: 1893.815: [GC (Allocation Failure) 
Desired survivor size 524288 bytes, new threshold 1 (max 15)
[PSYoungGen: 2304K->288K(2560K)] 11284K->9308K(13824K), 0.0010310 secs] [Times: user=0.00 sys=0.00, real=0.01 secs] 
2015-04-14T20:33:23.000-0100: 1893.816: Total time for which application threads were stopped: 0.0012434 seconds, Stopping threads took: 0.0000212 seconds
2015-04-14T20:33:24.017-0100: 1894.833: [GC (Allocation Failure) 
Desired survivor size 524288 bytes, new threshold 1 (max 15)
[PSYoungGen: 2336K->256K(2560K)] 11356K->9308K(13824K), 0.0010990 secs] [Times: user=0.00 sys=0.01, real=0.00 secs] 
2015-04-14T20:33:24.018-0100: 1894.834: Total time for which application threads were stopped: 0.0012963 seconds, Stopping threads took: 0.0000224 seconds
2015-04-14T20:33:25.053-0100: 1895.869: [GC (Allocation Failure) 
Desired survivor size 524288 bytes, new threshold 1 (max 15)
[PSYoungGen: 2303K->256K(2560K)] 11356K->9340K(13824K), 0.0010025 secs] [Times: user=0.00 sys=0.00, real=0.00 secs] 
2015-04-14T20:33:25.054-0100: 1895.871: Total time for which application threads were stopped: 0.0012053 seconds, Stopping threads took: 0.0000228 seconds
2015-04-14T20:33:26.072-0100: 1896.889: [GC (Allocation Failure) 
Desired survivor size 524288 bytes, new threshold 1 (max 15)
[PSYoungGen: 2304K->256K(2560K)] 11388K->9372K(13824K), 0.0011565 secs] [Times: user=0.00 sys=0.00, real=0.00 secs] 
2015-04-14T20:33:26.074-0100: 1896.890: Total time for which application threads were stopped: 0.0014465 seconds, Stopping threads took: 0.0000450 seconds
2015-04-14T20:33:27.045-0100: 1897.861: [GC (Allocation Failure) 
Desired survivor size 524288 bytes, new threshold 1 (max 15)
[PSYoungGen: 2304K->256K(2560K)] 11420K->9396K(13824K), 0.0010047 secs] [Times: user=0.01 sys=0.00, real=0.00 secs] 
2015-04-14T20:33:27.046-0100: 1897.862: Total time for which application threads were stopped: 0.0012001 seconds, Stopping threads took: 0.0000214 seconds
2015-04-14T20:33:28.098-0100: 1898.914: [GC (Allocation Failure) 
Desired survivor size 524288 bytes, new threshold 1 (max 15)
[PSYoungGen: 2303K->256K(2560K)] 11444K->9420K(13824K), 0.0010337 secs] [Times: user=0.01 sys=0.00, real=0.00 secs] 
2015-04-14T20:33:28.099-0100: 1898.915: Total time for which application threads were stopped: 0.0012337 seconds, Stopping threads took: 0.0000221 seconds
2015-04-14T20:33:29.082-0100: 1899.898: [GC (Allocation Failure) 
Desired survivor size 524288 bytes, new threshold 1 (max 15)
[PSYoungGen: 2304K->256K(2560K)] 11468K->9460K(13824K), 0.0010221 secs] [Times: user=0.00 sys=0.00, real=0.00 secs] 
2015-04-14T20:33:29.083-0100: 1899.899: Total time for which application threads were stopped: 0.0012585 seconds, Stopping threads took: 0.0000262 seconds
2015-04-14T20:33:30.070-0100: 1900.886: [GC (Allocation Failure) 
Desired survivor size 524288 bytes, new threshold 1 (max 15)
[PSYoungGen: 2304K->256K(2560K)] 11508K->9500K(13824K), 0.0010696 secs] [Times: user=0.01 sys=0.00, real=0.00 secs] 
2015-04-14T20:33:30.071-0100: 1900.888: Total time for which application threads were stopped: 0.0012495 seconds, Stopping threads took: 0.0000212 seconds
2015-04-14T20:33:31.123-0100: 1901.939: [GC (Allocation Failure) 
Desired survivor size 524288 bytes, new threshold 1 (max 15)
[PSYoungGen: 2304K->288K(2560K)] 11548K->9572K(13824K), 0.0010522 secs] [Times: user=0.01 sys=0.00, real=0.00 secs] 
2015-04-14T20:33:31.124-0100: 1901.941: Total time for which application threads were stopped: 0.0012674 seconds, Stopping threads took: 0.0000237 seconds
2015-04-14T20:33:32.125-0100: 1902.942: [GC (Allocation Failure) 
Desired survivor size 524288 bytes, new threshold 1 (max 15)
[PSYoungGen: 2336K->288K(2560K)] 11620K->9612K(13824K), 0.0009908 secs] [Times: user=0.01 sys=0.00, real=0.00 secs] 
2015-04-14T20:33:32.126-0100: 1902.943: Total time for which application threads were stopped: 0.0011810 seconds, Stopping threads took: 0.0000211 seconds
2015-04-14T20:33:33.145-0100: 1903.961: [GC (Allocation Failure) 
Desired survivor size 524288 bytes, new threshold 1 (max 15)
[PSYoungGen: 2336K->256K(2560K)] 11660K->9612K(13824K), 0.0010122 secs] [Times: user=0.00 sys=0.00, real=0.00 secs] 
2015-04-14T20:33:33.146-0100: 1903.962: Total time for which application threads were stopped: 0.0012309 seconds, Stopping threads took: 0.0000280 seconds
2015-04-14T20:33:34.184-0100: 1905.000: [GC (Allocation Failure) 
Desired survivor size 524288 bytes, new threshold 1 (max 15)
[PSYoungGen: 2304K->288K(2560K)] 11660K->9676K(13824K), 0.0010520 secs] [Times: user=0.00 sys=0.00, real=0.00 secs] 
2015-04-14T20:33:34.185-0100: 1905.002: Total time for which application threads were stopped: 0.0012475 seconds, Stopping threads took: 0.0000227 seconds
2015-04-14T20:33:35.253-0100: 1906.069: [GC (Allocation Failure) 
Desired survivor size 524288 bytes, new threshold 1 (max 15)
[PSYoungGen: 2336K->256K(2560K)] 11724K->9676K(13824K), 0.0010863 secs] [Times: user=0.01 sys=0.00, real=0.00 secs] 
2015-04-14T20:33:35.254-0100: 1906.071: Total time for which application threads were stopped: 0.0012817 seconds, Stopping threads took: 0.0000243 seconds
2015-04-14T20:33:36.276-0100: 1907.092: [GC (Allocation Failure) 
Desired survivor size 524288 bytes, new threshold 1 (max 15)
[PSYoungGen: 2304K->288K(2560K)] 11724K->9732K(13824K), 0.0009253 secs] [Times: user=0.00 sys=0.00, real=0.00 secs] 
2015-04-14T20:33:36.277-0100: 1907.093: Total time for which application threads were stopped: 0.0010992 seconds, Stopping threads took: 0.0000223 seconds
2015-04-14T20:33:37.294-0100: 1908.110: [GC (Allocation Failure) 
Desired survivor size 524288 bytes, new threshold 1 (max 15)
[PSYoungGen: 2336K->256K(2560K)] 11780K->9732K(13824K), 0.0010104 secs] [Times: user=0.01 sys=0.00, real=0.00 secs] 
2015-04-14T20:33:37.295-0100: 1908.111: Total time for which application threads were stopped: 0.0012096 seconds, Stopping threads took: 0.0000235 seconds
2015-04-14T20:33:38.297-0100: 1909.113: [GC (Allocation Failure) 
Desired survivor size 524288 bytes, new threshold 1 (max 15)
[PSYoungGen: 2304K->256K(2560K)] 11780K->9756K(13824K), 0.0010061 secs] [Times: user=0.00 sys=0.00, real=0.00 secs] 
2015-04-14T20:33:38.298-0100: 1909.114: Total time for which application threads were stopped: 0.0011964 seconds, Stopping threads took: 0.0000207 seconds
2015-04-14T20:33:39.331-0100: 1910.147: [GC (Allocation Failure) 
Desired survivor size 524288 bytes, new threshold 1 (max 15)
[PSYoungGen: 2304K->256K(2560K)] 11804K->9780K(13824K), 0.0010555 secs] [Times: user=0.00 sys=0.00, real=0.00 secs] 
2015-04-14T20:33:39.332-0100: 1910.148: Total time for which application threads were stopped: 0.0013052 seconds, Stopping threads took: 0.0000270 seconds
2015-04-14T20:33:40.268-0100: 1911.084: [GC (Allocation Failure) 
Desired survivor size 524288 bytes, new threshold 1 (max 15)
[PSYoungGen: 2304K->256K(2560K)] 11828K->9820K(13824K), 0.0010441 secs] [Times: user=0.01 sys=0.00, real=0.00 secs] 
2015-04-14T20:33:40.269-0100: 1911.086: Total time for which application threads were stopped: 0.0012393 seconds, Stopping threads took: 0.0000228 seconds
2015-04-14T20:33:41.300-0100: 1912.117: [GC (Allocation Failure) 
Desired survivor size 524288 bytes, new threshold 1 (max 15)
[PSYoungGen: 2304K->256K(2560K)] 11868K->9860K(13824K), 0.0011731 secs] [Times: user=0.00 sys=0.00, real=0.00 secs] 
2015-04-14T20:33:41.301-0100: 1912.118: Total time for which application threads were stopped: 0.0014518 seconds, Stopping threads took: 0.0000350 seconds
2015-04-14T20:33:42.242-0100: 1913.058: [GC (Allocation Failure) 
Desired survivor size 524288 bytes, new threshold 1 (max 15)
[PSYoungGen: 2304K->256K(2560K)] 11908K->9892K(13824K), 0.0010229 secs] [Times: user=0.00 sys=0.00, real=0.00 secs] 
2015-04-14T20:33:42.243-0100: 1913.059: Total time for which application threads were stopped: 0.0012084 seconds, Stopping threads took: 0.0000226 seconds
2015-04-14T20:33:43.127-0100: 1913.944: [GC (Allocation Failure) 
Desired survivor size 524288 bytes, new threshold 1 (max 15)
[PSYoungGen: 2304K->288K(2560K)] 11940K->9964K(13824K), 0.0010783 secs] [Times: user=0.01 sys=0.00, real=0.00 secs] 
2015-04-14T20:33:43.129-0100: 1913.945: Total time for which application threads were stopped: 0.0012627 seconds, Stopping threads took: 0.0000213 seconds
2015-04-14T20:33:43.960-0100: 1914.777: [GC (Allocation Failure) 
Desired survivor size 524288 bytes, new threshold 1 (max 15)
[PSYoungGen: 2336K->256K(2560K)] 12012K->9972K(13824K), 0.0010748 secs] [Times: user=0.00 sys=0.00, real=0.00 secs] 
2015-04-14T20:33:43.961-0100: 1914.778: Total time for which application threads were stopped: 0.0013472 seconds, Stopping threads took: 0.0000392 seconds
2015-04-14T20:33:44.849-0100: 1915.665: [GC (Allocation Failure) 
Desired survivor size 524288 bytes, new threshold 1 (max 15)
[PSYoungGen: 2304K->256K(2560K)] 12020K->9996K(13824K), 0.0009345 secs] [Times: user=0.00 sys=0.00, real=0.01 secs] 
2015-04-14T20:33:44.850-0100: 1915.666: Total time for which application threads were stopped: 0.0011233 seconds, Stopping threads took: 0.0000244 seconds
2015-04-14T20:33:45.718-0100: 1916.535: [GC (Allocation Failure) 
Desired survivor size 524288 bytes, new threshold 1 (max 15)
[PSYoungGen: 2304K->256K(2560K)] 12044K->10036K(13824K), 0.0011168 secs] [Times: user=0.01 sys=0.00, real=0.00 secs] 
2015-04-14T20:33:45.719-0100: 1916.536: Total time for which application threads were stopped: 0.0013126 seconds, Stopping threads took: 0.0000222 seconds
2015-04-14T20:33:46.603-0100: 1917.420: [GC (Allocation Failure) 
Desired survivor size 524288 bytes, new threshold 1 (max 15)
[PSYoungGen: 2304K->256K(2560K)] 12084K->10068K(13824K), 0.0011177 secs] [Times: user=0.01 sys=0.00, real=0.00 secs] 
2015-04-14T20:33:46.605-0100: 1917.421: Total time for which application threads were stopped: 0.0013120 seconds, Stopping threads took: 0.0000228 seconds
2015-04-14T20:33:47.426-0100: 1918.243: [GC (Allocation Failure) 
Desired survivor size 524288 bytes, new threshold 1 (max 15)
[PSYoungGen: 2304K->288K(2560K)] 12116K->10132K(13824K), 0.0010892 secs] [Times: user=0.01 sys=0.00, real=0.00 secs] 
2015-04-14T20:33:47.427-0100: 1918.244: Total time for which application threads were stopped: 0.0012831 seconds, Stopping threads took: 0.0000224 seconds
2015-04-14T20:33:48.378-0100: 1919.194: [GC (Allocation Failure) 
Desired survivor size 524288 bytes, new threshold 1 (max 15)
[PSYoungGen: 2336K->256K(2560K)] 12180K->10124K(13824K), 0.0010555 secs] [Times: user=0.00 sys=0.00, real=0.00 secs] 
2015-04-14T20:33:48.379-0100: 1919.195: Total time for which application threads were stopped: 0.0012471 seconds, Stopping threads took: 0.0000223 seconds
2015-04-14T20:33:49.282-0100: 1920.098: [GC (Allocation Failure) 
Desired survivor size 524288 bytes, new threshold 1 (max 15)
[PSYoungGen: 2304K->256K(2560K)] 12172K->10156K(13824K), 0.0011388 secs] [Times: user=0.00 sys=0.00, real=0.00 secs] 
2015-04-14T20:33:49.283-0100: 1920.099: Total time for which application threads were stopped: 0.0013311 seconds, Stopping threads took: 0.0000223 seconds
2015-04-14T20:33:50.216-0100: 1921.033: [GC (Allocation Failure) 
Desired survivor size 524288 bytes, new threshold 1 (max 15)
[PSYoungGen: 2304K->256K(2560K)] 12204K->10196K(13824K), 0.0010526 secs] [Times: user=0.00 sys=0.00, real=0.00 secs] 
2015-04-14T20:33:50.218-0100: 1921.034: Total time for which application threads were stopped: 0.0012424 seconds, Stopping threads took: 0.0000208 seconds
2015-04-14T20:33:51.218-0100: 1922.035: [GC (Allocation Failure) 
Desired survivor size 524288 bytes, new threshold 1 (max 15)
[PSYoungGen: 2304K->288K(2560K)] 12244K->10260K(13824K), 0.0011255 secs] [Times: user=0.00 sys=0.00, real=0.00 secs] 
2015-04-14T20:33:51.219-0100: 1922.036: Total time for which application threads were stopped: 0.0013520 seconds, Stopping threads took: 0.0000237 seconds
2015-04-14T20:33:52.222-0100: 1923.039: [GC (Allocation Failure) 
Desired survivor size 524288 bytes, new threshold 1 (max 15)
[PSYoungGen: 2336K->256K(2560K)] 12308K->10252K(13824K), 0.0010634 secs] [Times: user=0.01 sys=0.00, real=0.00 secs] 
2015-04-14T20:33:52.223-0100: 1923.040: Total time for which application threads were stopped: 0.0012506 seconds, Stopping threads took: 0.0000216 seconds
2015-04-14T20:33:53.227-0100: 1924.043: [GC (Allocation Failure) 
Desired survivor size 524288 bytes, new threshold 1 (max 15)
[PSYoungGen: 2304K->256K(2560K)] 12300K->10284K(13824K), 0.0009247 secs] [Times: user=0.00 sys=0.00, real=0.00 secs] 
2015-04-14T20:33:53.228-0100: 1924.044: Total time for which application threads were stopped: 0.0010925 seconds, Stopping threads took: 0.0000167 seconds
2015-04-14T20:33:54.244-0100: 1925.061: [GC (Allocation Failure) 
Desired survivor size 524288 bytes, new threshold 1 (max 15)
[PSYoungGen: 2304K->256K(2560K)] 12332K->10316K(13824K), 0.0009890 secs] [Times: user=0.00 sys=0.00, real=0.00 secs] 
2015-04-14T20:33:54.245-0100: 1925.062: Total time for which application threads were stopped: 0.0012001 seconds, Stopping threads took: 0.0000276 seconds
2015-04-14T20:33:55.249-0100: 1926.065: [GC (Allocation Failure) 
Desired survivor size 524288 bytes, new threshold 1 (max 15)
[PSYoungGen: 2304K->288K(2560K)] 12364K->10380K(13824K), 0.0009982 secs] [Times: user=0.01 sys=0.00, real=0.01 secs] 
2015-04-14T20:33:55.250-0100: 1926.066: Total time for which application threads were stopped: 0.0011777 seconds, Stopping threads took: 0.0000222 seconds
2015-04-14T20:33:56.286-0100: 1927.103: [GC (Allocation Failure) 
Desired survivor size 524288 bytes, new threshold 1 (max 15)
[PSYoungGen: 2336K->288K(2560K)] 12428K->10420K(13824K), 0.0010529 secs] [Times: user=0.01 sys=0.00, real=0.00 secs] 
2015-04-14T20:33:56.287-0100: 1927.104: Total time for which application threads were stopped: 0.0012453 seconds, Stopping threads took: 0.0000214 seconds
2015-04-14T20:33:57.454-0100: 1928.270: [GC (Allocation Failure) 
Desired survivor size 524288 bytes, new threshold 1 (max 15)
[PSYoungGen: 2336K->256K(2560K)] 12468K->10420K(13824K), 0.0010693 secs] [Times: user=0.00 sys=0.00, real=0.00 secs] 
2015-04-14T20:33:57.455-0100: 1928.271: Total time for which application threads were stopped: 0.0012704 seconds, Stopping threads took: 0.0000241 seconds
2015-04-14T20:33:58.459-0100: 1929.275: [GC (Allocation Failure) 
Desired survivor size 524288 bytes, new threshold 1 (max 15)
[PSYoungGen: 2304K->256K(2560K)] 12468K->10452K(13824K), 0.0010042 secs] [Times: user=0.01 sys=0.00, real=0.01 secs] 
2015-04-14T20:33:58.460-0100: 1929.277: Total time for which application threads were stopped: 0.0011835 seconds, Stopping threads took: 0.0000224 seconds
2015-04-14T20:33:59.514-0100: 1930.330: [GC (Allocation Failure) 
Desired survivor size 524288 bytes, new threshold 1 (max 15)
[PSYoungGen: 2304K->256K(2560K)] 12500K->10484K(13824K), 0.0011070 secs] [Times: user=0.01 sys=0.00, real=0.00 secs] 
2015-04-14T20:33:59.515-0100: 1930.332: Total time for which application threads were stopped: 0.0013138 seconds, Stopping threads took: 0.0000230 seconds
2015-04-14T20:34:00.348-0100: 1931.165: [GC (Allocation Failure) 
Desired survivor size 524288 bytes, new threshold 1 (max 15)
[PSYoungGen: 2304K->256K(2560K)] 12532K->10524K(13824K), 0.0010407 secs] [Times: user=0.00 sys=0.00, real=0.00 secs] 
2015-04-14T20:34:00.349-0100: 1931.166: Total time for which application threads were stopped: 0.0012331 seconds, Stopping threads took: 0.0000232 seconds
2015-04-14T20:34:01.365-0100: 1932.182: [GC (Allocation Failure) 
Desired survivor size 524288 bytes, new threshold 1 (max 15)
[PSYoungGen: 2304K->256K(2560K)] 12572K->10564K(13824K), 0.0010361 secs] [Times: user=0.01 sys=0.00, real=0.00 secs] 
2015-04-14T20:34:01.367-0100: 1932.183: Total time for which application threads were stopped: 0.0013233 seconds, Stopping threads took: 0.0001155 seconds
2015-04-14T20:34:02.455-0100: 1933.272: [GC (Allocation Failure) 
Desired survivor size 524288 bytes, new threshold 1 (max 15)
[PSYoungGen: 2304K->288K(2560K)] 12612K->10612K(13824K), 0.0010660 secs] [Times: user=0.01 sys=0.00, real=0.00 secs] 
2015-04-14T20:34:02.456-0100: 1933.273: Total time for which application threads were stopped: 0.0012634 seconds, Stopping threads took: 0.0000218 seconds
2015-04-14T20:34:03.458-0100: 1934.275: [GC (Allocation Failure) 
Desired survivor size 524288 bytes, new threshold 1 (max 15)
[PSYoungGen: 2336K->256K(2560K)] 12660K->10612K(13824K), 0.0010204 secs] [Times: user=0.00 sys=0.00, real=0.00 secs] 
2015-04-14T20:34:03.459-0100: 1934.276: Total time for which application threads were stopped: 0.0012117 seconds, Stopping threads took: 0.0000197 seconds
2015-04-14T20:34:04.443-0100: 1935.260: [GC (Allocation Failure) 
Desired survivor size 524288 bytes, new threshold 1 (max 15)
[PSYoungGen: 2304K->256K(2560K)] 12660K->10636K(13824K), 0.0009912 secs] [Times: user=0.00 sys=0.00, real=0.00 secs] 
2015-04-14T20:34:04.444-0100: 1935.261: Total time for which application threads were stopped: 0.0011885 seconds, Stopping threads took: 0.0000257 seconds
2015-04-14T20:34:05.433-0100: 1936.249: [GC (Allocation Failure) 
Desired survivor size 524288 bytes, new threshold 1 (max 15)
[PSYoungGen: 2304K->256K(2560K)] 12684K->10676K(13824K), 0.0011245 secs] [Times: user=0.00 sys=0.00, real=0.00 secs] 
2015-04-14T20:34:05.434-0100: 1936.251: Total time for which application threads were stopped: 0.0013047 seconds, Stopping threads took: 0.0000240 seconds
2015-04-14T20:34:06.452-0100: 1937.269: [GC (Allocation Failure) 
Desired survivor size 524288 bytes, new threshold 1 (max 15)
[PSYoungGen: 2304K->256K(2560K)] 12724K->10700K(13824K), 0.0010918 secs] [Times: user=0.00 sys=0.00, real=0.00 secs] 
2015-04-14T20:34:06.453-0100: 1937.270: Total time for which application threads were stopped: 0.0012745 seconds, Stopping threads took: 0.0000229 seconds
2015-04-14T20:34:07.556-0100: 1938.372: [GC (Allocation Failure) 
Desired survivor size 524288 bytes, new threshold 1 (max 15)
[PSYoungGen: 2303K->256K(2560K)] 12748K->10724K(13824K), 0.0010638 secs] [Times: user=0.00 sys=0.00, real=0.00 secs] 
2015-04-14T20:34:07.557-0100: 1938.374: Total time for which application threads were stopped: 0.0012500 seconds, Stopping threads took: 0.0000218 seconds
2015-04-14T20:34:08.573-0100: 1939.390: [GC (Allocation Failure) 
Desired survivor size 524288 bytes, new threshold 1 (max 15)
[PSYoungGen: 2304K->256K(2560K)] 12772K->10740K(13824K), 0.0010440 secs] [Times: user=0.00 sys=0.00, real=0.00 secs] 
2015-04-14T20:34:08.574-0100: 1939.391: Total time for which application threads were stopped: 0.0012462 seconds, Stopping threads took: 0.0000264 seconds
2015-04-14T20:34:09.645-0100: 1940.462: [GC (Allocation Failure) 
Desired survivor size 524288 bytes, new threshold 1 (max 15)
[PSYoungGen: 2304K->224K(2560K)] 12788K->10732K(13824K), 0.0009965 secs] [Times: user=0.01 sys=0.00, real=0.00 secs] 
2015-04-14T20:34:09.647-0100: 1940.463: Total time for which application threads were stopped: 0.0012151 seconds, Stopping threads took: 0.0000223 seconds
2015-04-14T20:34:10.665-0100: 1941.482: [GC (Allocation Failure) 
Desired survivor size 524288 bytes, new threshold 1 (max 15)
[PSYoungGen: 2272K->256K(2560K)] 12780K->10796K(13824K), 0.0009914 secs] [Times: user=0.00 sys=0.00, real=0.00 secs] 
2015-04-14T20:34:10.666-0100: 1941.483: Total time for which application threads were stopped: 0.0011694 seconds, Stopping threads took: 0.0000208 seconds
2015-04-14T20:34:11.684-0100: 1942.500: [GC (Allocation Failure) 
Desired survivor size 524288 bytes, new threshold 1 (max 15)
[PSYoungGen: 2304K->256K(2560K)] 12844K->10820K(13824K), 0.0010518 secs] [Times: user=0.00 sys=0.00, real=0.00 secs] 
2015-04-14T20:34:11.685-0100: 1942.502: Total time for which application threads were stopped: 0.0012589 seconds, Stopping threads took: 0.0000202 seconds
2015-04-14T20:34:12.752-0100: 1943.569: [GC (Allocation Failure) 
Desired survivor size 524288 bytes, new threshold 1 (max 15)
[PSYoungGen: 2304K->224K(2560K)] 12868K->10812K(13824K), 0.0010844 secs] [Times: user=0.00 sys=0.00, real=0.00 secs] 
2015-04-14T20:34:12.754-0100: 1943.570: Total time for which application threads were stopped: 0.0012887 seconds, Stopping threads took: 0.0000245 seconds
2015-04-14T20:34:13.775-0100: 1944.592: [GC (Allocation Failure) 
Desired survivor size 524288 bytes, new threshold 1 (max 15)
[PSYoungGen: 2272K->288K(2560K)] 12860K->10908K(13824K), 0.0010725 secs] [Times: user=0.00 sys=0.00, real=0.00 secs] 
2015-04-14T20:34:13.776-0100: 1944.593: Total time for which application threads were stopped: 0.0012638 seconds, Stopping threads took: 0.0000226 seconds
2015-04-14T20:34:14.795-0100: 1945.612: [GC (Allocation Failure) 
Desired survivor size 524288 bytes, new threshold 1 (max 15)
[PSYoungGen: 2336K->288K(2560K)] 12956K->10940K(13824K), 0.0010395 secs] [Times: user=0.01 sys=0.00, real=0.00 secs] 
2015-04-14T20:34:14.796-0100: 1945.613: Total time for which application threads were stopped: 0.0012350 seconds, Stopping threads took: 0.0000223 seconds
2015-04-14T20:34:15.831-0100: 1946.648: [GC (Allocation Failure) 
Desired survivor size 524288 bytes, new threshold 1 (max 15)
[PSYoungGen: 2336K->256K(2560K)] 12988K->10932K(13824K), 0.0011137 secs] [Times: user=0.00 sys=0.00, real=0.00 secs] 
2015-04-14T20:34:15.832-0100: 1946.649: Total time for which application threads were stopped: 0.0013082 seconds, Stopping threads took: 0.0000229 seconds
2015-04-14T20:34:16.832-0100: 1947.649: [GC (Allocation Failure) 
Desired survivor size 524288 bytes, new threshold 1 (max 15)
[PSYoungGen: 2304K->224K(2560K)] 12980K->10932K(13824K), 0.0010125 secs] [Times: user=0.01 sys=0.00, real=0.00 secs] 
2015-04-14T20:34:16.833-0100: 1947.650: Total time for which application threads were stopped: 0.0012320 seconds, Stopping threads took: 0.0000244 seconds
2015-04-14T20:34:17.855-0100: 1948.672: [GC (Allocation Failure) 
Desired survivor size 524288 bytes, new threshold 1 (max 15)
[PSYoungGen: 2272K->256K(2560K)] 12980K->10996K(13824K), 0.0010475 secs] [Times: user=0.01 sys=0.00, real=0.00 secs] 
2015-04-14T20:34:17.856-0100: 1948.673: Total time for which application threads were stopped: 0.0012425 seconds, Stopping threads took: 0.0000222 seconds
2015-04-14T20:34:18.891-0100: 1949.708: [GC (Allocation Failure) 
Desired survivor size 524288 bytes, new threshold 1 (max 15)
[PSYoungGen: 2304K->256K(2560K)] 13044K->11028K(13824K), 0.0010386 secs] [Times: user=0.01 sys=0.00, real=0.00 secs] 
2015-04-14T20:34:18.892-0100: 1949.709: Total time for which application threads were stopped: 0.0012390 seconds, Stopping threads took: 0.0000228 seconds
2015-04-14T20:34:19.910-0100: 1950.727: [GC (Allocation Failure) 
Desired survivor size 524288 bytes, new threshold 1 (max 15)
[PSYoungGen: 2304K->224K(2560K)] 13076K->11020K(13824K), 0.0009280 secs] [Times: user=0.00 sys=0.00, real=0.00 secs] 
2015-04-14T20:34:19.911-0100: 1950.728: Total time for which application threads were stopped: 0.0011203 seconds, Stopping threads took: 0.0000185 seconds
2015-04-14T20:34:20.931-0100: 1951.748: [GC (Allocation Failure) 
Desired survivor size 524288 bytes, new threshold 1 (max 15)
[PSYoungGen: 2272K->256K(2560K)] 13068K->11084K(13824K), 0.0010032 secs] [Times: user=0.01 sys=0.00, real=0.00 secs] 
2015-04-14T20:34:20.932-0100: 1951.749: Total time for which application threads were stopped: 0.0011866 seconds, Stopping threads took: 0.0000225 seconds
2015-04-14T20:34:21.946-0100: 1952.763: [GC (Allocation Failure) 
Desired survivor size 524288 bytes, new threshold 1 (max 15)
[PSYoungGen: 2304K->288K(2560K)] 13132K->11140K(13824K), 0.0010739 secs] [Times: user=0.01 sys=0.00, real=0.00 secs] 
2015-04-14T20:34:21.947-0100: 1952.764: Total time for which application threads were stopped: 0.0012794 seconds, Stopping threads took: 0.0000260 seconds
2015-04-14T20:34:22.936-0100: 1953.753: [GC (Allocation Failure) 
Desired survivor size 524288 bytes, new threshold 1 (max 15)
[PSYoungGen: 2336K->256K(2560K)] 13188K->11132K(13824K), 0.0010666 secs] [Times: user=0.00 sys=0.00, real=0.00 secs] 
2015-04-14T20:34:22.937-0100: 1953.754: Total time for which application threads were stopped: 0.0012550 seconds, Stopping threads took: 0.0000210 seconds
2015-04-14T20:34:23.974-0100: 1954.791: [GC (Allocation Failure) 
Desired survivor size 524288 bytes, new threshold 1 (max 15)
[PSYoungGen: 2304K->288K(2560K)] 13180K->11196K(13824K), 0.0010147 secs] [Times: user=0.00 sys=0.00, real=0.00 secs] 
2015-04-14T20:34:23.975-0100: 1954.792: Total time for which application threads were stopped: 0.0012167 seconds, Stopping threads took: 0.0000199 seconds
2015-04-14T20:34:25.008-0100: 1955.825: [GC (Allocation Failure) 
Desired survivor size 524288 bytes, new threshold 1 (max 15)
[PSYoungGen: 2336K->288K(2560K)] 13244K->11220K(13824K), 0.0010621 secs] [Times: user=0.00 sys=0.00, real=0.00 secs] 
2015-04-14T20:34:25.009-0100: 1955.826: Total time for which application threads were stopped: 0.0012508 seconds, Stopping threads took: 0.0000214 seconds
2015-04-14T20:34:26.111-0100: 1956.928: [GC (Allocation Failure) 
Desired survivor size 524288 bytes, new threshold 1 (max 15)
[PSYoungGen: 2336K->256K(2560K)] 13268K->11212K(13824K), 0.0010653 secs] [Times: user=0.00 sys=0.00, real=0.00 secs] 
2015-04-14T20:34:26.112-0100: 1956.929: Total time for which application threads were stopped: 0.0012784 seconds, Stopping threads took: 0.0000260 seconds
2015-04-14T20:34:27.116-0100: 1957.933: [GC (Allocation Failure) 
Desired survivor size 524288 bytes, new threshold 1 (max 15)
[PSYoungGen: 2304K->288K(2560K)] 13260K->11276K(13824K), 0.0009811 secs] [Times: user=0.01 sys=0.00, real=0.00 secs] 
2015-04-14T20:34:27.117-0100: 1957.934: Total time for which application threads were stopped: 0.0011712 seconds, Stopping threads took: 0.0000222 seconds
2015-04-14T20:34:28.135-0100: 1958.952: [GC (Allocation Failure) 
Desired survivor size 524288 bytes, new threshold 1 (max 15)
[PSYoungGen: 2336K->256K(2560K)] 13324K->11276K(13824K), 0.0009255 secs] [Times: user=0.00 sys=0.00, real=0.00 secs] 
2015-04-14T20:34:28.136-0100: 1958.953: Total time for which application threads were stopped: 0.0010896 seconds, Stopping threads took: 0.0000201 seconds
2015-04-14T20:34:29.122-0100: 1959.939: [GC (Allocation Failure) 
Desired survivor size 524288 bytes, new threshold 1 (max 15)
[PSYoungGen: 2304K->288K(2560K)] 13324K->11340K(13824K), 0.0010049 secs] [Times: user=0.00 sys=0.00, real=0.00 secs] 
2015-04-14T20:34:29.123-0100: 1959.940: Total time for which application threads were stopped: 0.0011966 seconds, Stopping threads took: 0.0000214 seconds
2015-04-14T20:34:30.155-0100: 1960.972: [GC (Allocation Failure) 
Desired survivor size 524288 bytes, new threshold 1 (max 15)
[PSYoungGen: 2336K->256K(2560K)] 13388K->11332K(13824K), 0.0010175 secs] [Times: user=0.01 sys=0.01, real=0.00 secs] 
2015-04-14T20:34:30.156-0100: 1960.973: Total time for which application threads were stopped: 0.0012722 seconds, Stopping threads took: 0.0000580 seconds
2015-04-14T20:34:31.145-0100: 1961.963: [GC (Allocation Failure) 
Desired survivor size 524288 bytes, new threshold 1 (max 15)
[PSYoungGen: 2304K->288K(2560K)] 13380K->11396K(13824K), 0.0010441 secs] [Times: user=0.01 sys=0.00, real=0.00 secs] 
2015-04-14T20:34:31.147-0100: 1961.964: Total time for which application threads were stopped: 0.0012436 seconds, Stopping threads took: 0.0000232 seconds
2015-04-14T20:34:32.165-0100: 1962.982: [GC (Allocation Failure) 
Desired survivor size 524288 bytes, new threshold 1 (max 15)
[PSYoungGen: 2336K->256K(2560K)] 13444K->11396K(13824K), 0.0010996 secs] [Times: user=0.01 sys=0.00, real=0.00 secs] 
2015-04-14T20:34:32.166-0100: 1962.984: Total time for which application threads were stopped: 0.0013044 seconds, Stopping threads took: 0.0000227 seconds
2015-04-14T20:34:33.200-0100: 1964.017: [GC (Allocation Failure) 
Desired survivor size 524288 bytes, new threshold 1 (max 15)
[PSYoungGen: 2304K->288K(2560K)] 13444K->11460K(13824K), 0.0010237 secs] [Times: user=0.01 sys=0.00, real=0.00 secs] 
2015-04-14T20:34:33.201-0100: 1964.018: Total time for which application threads were stopped: 0.0012364 seconds, Stopping threads took: 0.0000269 seconds
2015-04-14T20:34:34.187-0100: 1965.004: [GC (Allocation Failure) 
Desired survivor size 524288 bytes, new threshold 1 (max 15)
[PSYoungGen: 2336K->224K(2560K)] 13508K->11420K(13824K), 0.0007939 secs] [Times: user=0.01 sys=0.00, real=0.00 secs] 
2015-04-14T20:34:34.187-0100: 1965.005: Total time for which application threads were stopped: 0.0009381 seconds, Stopping threads took: 0.0000193 seconds
2015-04-14T20:34:35.225-0100: 1966.042: [GC (Allocation Failure) 
Desired survivor size 524288 bytes, new threshold 1 (max 15)
[PSYoungGen: 2272K->256K(2560K)] 13468K->11484K(13824K), 0.0009950 secs] [Times: user=0.01 sys=0.00, real=0.00 secs] 
2015-04-14T20:34:35.226-0100: 1966.043: [Full GC (Ergonomics) [PSYoungGen: 256K->0K(2560K)] [ParOldGen: 11228K->8369K(11264K)] 11484K->8369K(13824K), [Metaspace: 17884K->17884K(1064960K)], 0.0176488 secs] [Times: user=0.05 sys=0.00, real=0.02 secs] 
2015-04-14T20:34:35.244-0100: 1966.061: Total time for which application threads were stopped: 0.0189289 seconds, Stopping threads took: 0.0000211 seconds
2015-04-14T20:34:36.277-0100: 1967.095: [GC (Allocation Failure) 
Desired survivor size 524288 bytes, new threshold 1 (max 15)
[PSYoungGen: 2048K->256K(2560K)] 10417K->8625K(13824K), 0.0010618 secs] [Times: user=0.00 sys=0.00, real=0.00 secs] 
2015-04-14T20:34:36.279-0100: 1967.096: Total time for which application threads were stopped: 0.0012496 seconds, Stopping threads took: 0.0000210 seconds
2015-04-14T20:34:37.312-0100: 1968.130: [GC (Allocation Failure) 
Desired survivor size 524288 bytes, new threshold 1 (max 15)
[PSYoungGen: 2304K->256K(2560K)] 10673K->8657K(13824K), 0.0010701 secs] [Times: user=0.01 sys=0.00, real=0.00 secs] 
2015-04-14T20:34:37.314-0100: 1968.131: Total time for which application threads were stopped: 0.0013693 seconds, Stopping threads took: 0.0000549 seconds
2015-04-14T20:34:38.336-0100: 1969.153: [GC (Allocation Failure) 
Desired survivor size 524288 bytes, new threshold 1 (max 15)
[PSYoungGen: 2304K->288K(2560K)] 10705K->8721K(13824K), 0.0010020 secs] [Times: user=0.00 sys=0.00, real=0.00 secs] 
2015-04-14T20:34:38.337-0100: 1969.154: Total time for which application threads were stopped: 0.0012029 seconds, Stopping threads took: 0.0000198 seconds
2015-04-14T20:34:39.322-0100: 1970.139: [GC (Allocation Failure) 
Desired survivor size 524288 bytes, new threshold 1 (max 15)
[PSYoungGen: 2336K->288K(2560K)] 10769K->8745K(13824K), 0.0011078 secs] [Times: user=0.01 sys=0.00, real=0.00 secs] 
2015-04-14T20:34:39.323-0100: 1970.140: Total time for which application threads were stopped: 0.0013158 seconds, Stopping threads took: 0.0000235 seconds
2015-04-14T20:34:40.374-0100: 1971.191: [GC (Allocation Failure) 
Desired survivor size 524288 bytes, new threshold 1 (max 15)
[PSYoungGen: 2336K->256K(2560K)] 10793K->8745K(13824K), 0.0010707 secs] [Times: user=0.01 sys=0.00, real=0.00 secs] 
2015-04-14T20:34:40.375-0100: 1971.192: Total time for which application threads were stopped: 0.0012890 seconds, Stopping threads took: 0.0000214 seconds
2015-04-14T20:34:41.328-0100: 1972.145: [GC (Allocation Failure) 
Desired survivor size 524288 bytes, new threshold 1 (max 15)
[PSYoungGen: 2304K->256K(2560K)] 10793K->8785K(13824K), 0.0010004 secs] [Times: user=0.00 sys=0.01, real=0.00 secs] 
2015-04-14T20:34:41.329-0100: 1972.146: Total time for which application threads were stopped: 0.0012011 seconds, Stopping threads took: 0.0000235 seconds
2015-04-14T20:34:42.296-0100: 1973.113: [GC (Allocation Failure) 
Desired survivor size 524288 bytes, new threshold 1 (max 15)
[PSYoungGen: 2304K->256K(2560K)] 10833K->8817K(13824K), 0.0011137 secs] [Times: user=0.00 sys=0.00, real=0.00 secs] 
2015-04-14T20:34:42.297-0100: 1973.114: Total time for which application threads were stopped: 0.0013028 seconds, Stopping threads took: 0.0000224 seconds
2015-04-14T20:34:43.135-0100: 1973.952: [GC (Allocation Failure) 
Desired survivor size 524288 bytes, new threshold 1 (max 15)
[PSYoungGen: 2304K->288K(2560K)] 10865K->8881K(13824K), 0.0010976 secs] [Times: user=0.00 sys=0.00, real=0.00 secs] 
2015-04-14T20:34:43.136-0100: 1973.953: Total time for which application threads were stopped: 0.0012886 seconds, Stopping threads took: 0.0000208 seconds
2015-04-14T20:34:43.969-0100: 1974.786: [GC (Allocation Failure) 
Desired survivor size 524288 bytes, new threshold 1 (max 15)
[PSYoungGen: 2336K->288K(2560K)] 10929K->8913K(13824K), 0.0010701 secs] [Times: user=0.01 sys=0.00, real=0.01 secs] 
2015-04-14T20:34:43.970-0100: 1974.787: Total time for which application threads were stopped: 0.0012683 seconds, Stopping threads took: 0.0000225 seconds
2015-04-14T20:34:44.837-0100: 1975.654: [GC (Allocation Failure) 
Desired survivor size 524288 bytes, new threshold 1 (max 15)
[PSYoungGen: 2336K->288K(2560K)] 10961K->8945K(13824K), 0.0011145 secs] [Times: user=0.00 sys=0.00, real=0.00 secs] 
2015-04-14T20:34:44.838-0100: 1975.656: Total time for which application threads were stopped: 0.0013139 seconds, Stopping threads took: 0.0000225 seconds
2015-04-14T20:34:45.706-0100: 1976.523: [GC (Allocation Failure) 
Desired survivor size 524288 bytes, new threshold 1 (max 15)
[PSYoungGen: 2336K->160K(2560K)] 10993K->8825K(13824K), 0.0010261 secs] [Times: user=0.00 sys=0.00, real=0.00 secs] 
2015-04-14T20:34:45.707-0100: 1976.524: Total time for which application threads were stopped: 0.0012239 seconds, Stopping threads took: 0.0000243 seconds
2015-04-14T20:34:46.545-0100: 1977.363: [GC (Allocation Failure) 
Desired survivor size 524288 bytes, new threshold 1 (max 15)
[PSYoungGen: 2208K->256K(2560K)] 10873K->8961K(13824K), 0.0010652 secs] [Times: user=0.01 sys=0.00, real=0.00 secs] 
2015-04-14T20:34:46.546-0100: 1977.364: Total time for which application threads were stopped: 0.0012627 seconds, Stopping threads took: 0.0000244 seconds
2015-04-14T20:34:47.397-0100: 1978.214: [GC (Allocation Failure) 
Desired survivor size 524288 bytes, new threshold 1 (max 15)
[PSYoungGen: 2304K->288K(2560K)] 11009K->9025K(13824K), 0.0009909 secs] [Times: user=0.00 sys=0.00, real=0.00 secs] 
2015-04-14T20:34:47.398-0100: 1978.215: Total time for which application threads were stopped: 0.0011787 seconds, Stopping threads took: 0.0000208 seconds
2015-04-14T20:34:48.331-0100: 1979.148: [GC (Allocation Failure) 
Desired survivor size 524288 bytes, new threshold 1 (max 15)
[PSYoungGen: 2336K->256K(2560K)] 11073K->9017K(13824K), 0.0009544 secs] [Times: user=0.01 sys=0.00, real=0.00 secs] 
2015-04-14T20:34:48.332-0100: 1979.149: Total time for which application threads were stopped: 0.0011316 seconds, Stopping threads took: 0.0000220 seconds
2015-04-14T20:34:49.235-0100: 1980.052: [GC (Allocation Failure) 
Desired survivor size 524288 bytes, new threshold 1 (max 15)
[PSYoungGen: 2304K->288K(2560K)] 11065K->9081K(13824K), 0.0010222 secs] [Times: user=0.01 sys=0.00, real=0.00 secs] 
2015-04-14T20:34:49.236-0100: 1980.053: Total time for which application threads were stopped: 0.0012104 seconds, Stopping threads took: 0.0000222 seconds
2015-04-14T20:34:50.156-0100: 1980.974: [GC (Allocation Failure) 
Desired survivor size 524288 bytes, new threshold 1 (max 15)
[PSYoungGen: 2336K->256K(2560K)] 11129K->9081K(13824K), 0.0009961 secs] [Times: user=0.01 sys=0.00, real=0.00 secs] 
2015-04-14T20:34:50.157-0100: 1980.975: Total time for which application threads were stopped: 0.0011715 seconds, Stopping threads took: 0.0000219 seconds
2015-04-14T20:34:51.172-0100: 1981.990: [GC (Allocation Failure) 
Desired survivor size 524288 bytes, new threshold 1 (max 15)
[PSYoungGen: 2304K->224K(2560K)] 11129K->9073K(13824K), 0.0008249 secs] [Times: user=0.00 sys=0.00, real=0.00 secs] 
2015-04-14T20:34:51.173-0100: 1981.991: Total time for which application threads were stopped: 0.0009976 seconds, Stopping threads took: 0.0000184 seconds
2015-04-14T20:34:52.163-0100: 1982.980: [GC (Allocation Failure) 
Desired survivor size 524288 bytes, new threshold 1 (max 15)
[PSYoungGen: 2272K->128K(2560K)] 11121K->8985K(13824K), 0.0011702 secs] [Times: user=0.00 sys=0.00, real=0.00 secs] 
2015-04-14T20:34:52.164-0100: 1982.981: Total time for which application threads were stopped: 0.0013613 seconds, Stopping threads took: 0.0000208 seconds
2015-04-14T20:34:53.245-0100: 1984.062: [GC (Allocation Failure) 
Desired survivor size 524288 bytes, new threshold 1 (max 15)
[PSYoungGen: 2176K->256K(2560K)] 11033K->9137K(13824K), 0.0009971 secs] [Times: user=0.00 sys=0.00, real=0.00 secs] 
2015-04-14T20:34:53.246-0100: 1984.064: Total time for which application threads were stopped: 0.0011946 seconds, Stopping threads took: 0.0000248 seconds
2015-04-14T20:34:54.285-0100: 1985.103: [GC (Allocation Failure) 
Desired survivor size 524288 bytes, new threshold 1 (max 15)
[PSYoungGen: 2304K->160K(2560K)] 11185K->9057K(13824K), 0.0010150 secs] [Times: user=0.00 sys=0.00, real=0.00 secs] 
2015-04-14T20:34:54.286-0100: 1985.104: Total time for which application threads were stopped: 0.0012135 seconds, Stopping threads took: 0.0000229 seconds
2015-04-14T20:34:55.305-0100: 1986.123: [GC (Allocation Failure) 
Desired survivor size 524288 bytes, new threshold 1 (max 15)
[PSYoungGen: 2208K->288K(2560K)] 11105K->9217K(13824K), 0.0010106 secs] [Times: user=0.00 sys=0.00, real=0.00 secs] 
2015-04-14T20:34:55.306-0100: 1986.124: Total time for which application threads were stopped: 0.0012083 seconds, Stopping threads took: 0.0000229 seconds
2015-04-14T20:34:56.325-0100: 1987.143: [GC (Allocation Failure) 
Desired survivor size 524288 bytes, new threshold 1 (max 15)
[PSYoungGen: 2336K->256K(2560K)] 11265K->9209K(13824K), 0.0010723 secs] [Times: user=0.00 sys=0.00, real=0.00 secs] 
2015-04-14T20:34:56.326-0100: 1987.144: Total time for which application threads were stopped: 0.0012637 seconds, Stopping threads took: 0.0000234 seconds
2015-04-14T20:34:57.342-0100: 1988.160: [GC (Allocation Failure) 
Desired survivor size 524288 bytes, new threshold 1 (max 15)
[PSYoungGen: 2304K->256K(2560K)] 11257K->9233K(13824K), 0.0010057 secs] [Times: user=0.00 sys=0.00, real=0.00 secs] 
2015-04-14T20:34:57.343-0100: 1988.161: Total time for which application threads were stopped: 0.0011997 seconds, Stopping threads took: 0.0000284 seconds
2015-04-14T20:34:58.331-0100: 1989.149: [GC (Allocation Failure) 
Desired survivor size 524288 bytes, new threshold 1 (max 15)
[PSYoungGen: 2304K->256K(2560K)] 11281K->9257K(13824K), 0.0010093 secs] [Times: user=0.00 sys=0.00, real=0.00 secs] 
2015-04-14T20:34:58.332-0100: 1989.150: Total time for which application threads were stopped: 0.0011999 seconds, Stopping threads took: 0.0000234 seconds
2015-04-14T20:34:59.367-0100: 1990.185: [GC (Allocation Failure) 
Desired survivor size 524288 bytes, new threshold 1 (max 15)
[PSYoungGen: 2304K->256K(2560K)] 11305K->9273K(13824K), 0.0010147 secs] [Times: user=0.00 sys=0.00, real=0.00 secs] 
2015-04-14T20:34:59.368-0100: 1990.186: Total time for which application threads were stopped: 0.0012029 seconds, Stopping threads took: 0.0000194 seconds
2015-04-14T20:35:00.236-0100: 1991.054: [GC (Allocation Failure) 
Desired survivor size 524288 bytes, new threshold 1 (max 15)
[PSYoungGen: 2304K->256K(2560K)] 11321K->9313K(13824K), 0.0010338 secs] [Times: user=0.00 sys=0.00, real=0.00 secs] 
2015-04-14T20:35:00.237-0100: 1991.055: Total time for which application threads were stopped: 0.0012514 seconds, Stopping threads took: 0.0000230 seconds
2015-04-14T20:35:01.255-0100: 1992.072: [GC (Allocation Failure) 
Desired survivor size 524288 bytes, new threshold 1 (max 15)
[PSYoungGen: 2304K->256K(2560K)] 11361K->9353K(13824K), 0.0010635 secs] [Times: user=0.00 sys=0.00, real=0.00 secs] 
2015-04-14T20:35:01.256-0100: 1992.074: Total time for which application threads were stopped: 0.0013161 seconds, Stopping threads took: 0.0000338 seconds
2015-04-14T20:35:02.225-0100: 1993.043: [GC (Allocation Failure) 
Desired survivor size 524288 bytes, new threshold 1 (max 15)
[PSYoungGen: 2304K->256K(2560K)] 11401K->9385K(13824K), 0.0010296 secs] [Times: user=0.00 sys=0.00, real=0.00 secs] 
2015-04-14T20:35:02.227-0100: 1993.044: Total time for which application threads were stopped: 0.0012362 seconds, Stopping threads took: 0.0000215 seconds
2015-04-14T20:35:03.261-0100: 1994.079: [GC (Allocation Failure) 
Desired survivor size 524288 bytes, new threshold 1 (max 15)
[PSYoungGen: 2304K->256K(2560K)] 11433K->9425K(13824K), 0.0010440 secs] [Times: user=0.00 sys=0.00, real=0.00 secs] 
2015-04-14T20:35:03.262-0100: 1994.080: Total time for which application threads were stopped: 0.0012465 seconds, Stopping threads took: 0.0000244 seconds
2015-04-14T20:35:04.300-0100: 1995.118: [GC (Allocation Failure) 
Desired survivor size 524288 bytes, new threshold 1 (max 15)
[PSYoungGen: 2304K->256K(2560K)] 11473K->9449K(13824K), 0.0010891 secs] [Times: user=0.00 sys=0.00, real=0.00 secs] 
2015-04-14T20:35:04.301-0100: 1995.119: Total time for which application threads were stopped: 0.0012767 seconds, Stopping threads took: 0.0000222 seconds
2015-04-14T20:35:05.303-0100: 1996.121: [GC (Allocation Failure) 
Desired survivor size 524288 bytes, new threshold 1 (max 15)
[PSYoungGen: 2304K->288K(2560K)] 11497K->9505K(13824K), 0.0010220 secs] [Times: user=0.01 sys=0.00, real=0.00 secs] 
2015-04-14T20:35:05.305-0100: 1996.122: Total time for which application threads were stopped: 0.0012220 seconds, Stopping threads took: 0.0000227 seconds
2015-04-14T20:35:06.356-0100: 1997.174: [GC (Allocation Failure) 
Desired survivor size 524288 bytes, new threshold 1 (max 15)
[PSYoungGen: 2336K->288K(2560K)] 11553K->9529K(13824K), 0.0010570 secs] [Times: user=0.00 sys=0.00, real=0.00 secs] 
2015-04-14T20:35:06.357-0100: 1997.175: Total time for which application threads were stopped: 0.0012425 seconds, Stopping threads took: 0.0000229 seconds
2015-04-14T20:35:07.372-0100: 1998.190: [GC (Allocation Failure) 
Desired survivor size 524288 bytes, new threshold 1 (max 15)
[PSYoungGen: 2336K->256K(2560K)] 11577K->9537K(13824K), 0.0010052 secs] [Times: user=0.00 sys=0.00, real=0.00 secs] 
2015-04-14T20:35:07.374-0100: 1998.191: Total time for which application threads were stopped: 0.0012121 seconds, Stopping threads took: 0.0000218 seconds
2015-04-14T20:35:08.395-0100: 1999.212: [GC (Allocation Failure) 
Desired survivor size 524288 bytes, new threshold 1 (max 15)
[PSYoungGen: 2304K->288K(2560K)] 11585K->9601K(13824K), 0.0008983 secs] [Times: user=0.00 sys=0.00, real=0.00 secs] 
2015-04-14T20:35:08.396-0100: 1999.213: Total time for which application threads were stopped: 0.0010607 seconds, Stopping threads took: 0.0000215 seconds
2015-04-14T20:35:09.465-0100: 2000.283: [GC (Allocation Failure) 
Desired survivor size 524288 bytes, new threshold 1 (max 15)
[PSYoungGen: 2336K->256K(2560K)] 11649K->9601K(13824K), 0.0010684 secs] [Times: user=0.00 sys=0.00, real=0.00 secs] 
2015-04-14T20:35:09.467-0100: 2000.284: Total time for which application threads were stopped: 0.0012708 seconds, Stopping threads took: 0.0000204 seconds
2015-04-14T20:35:10.486-0100: 2001.304: [GC (Allocation Failure) 
Desired survivor size 524288 bytes, new threshold 1 (max 15)
[PSYoungGen: 2304K->256K(2560K)] 11649K->9625K(13824K), 0.0010042 secs] [Times: user=0.01 sys=0.00, real=0.00 secs] 
2015-04-14T20:35:10.487-0100: 2001.305: Total time for which application threads were stopped: 0.0012232 seconds, Stopping threads took: 0.0000223 seconds
2015-04-14T20:35:11.515-0100: 2002.333: [GC (Allocation Failure) 
Desired survivor size 524288 bytes, new threshold 1 (max 15)
[PSYoungGen: 2304K->288K(2560K)] 11673K->9681K(13824K), 0.0011225 secs] [Times: user=0.01 sys=0.00, real=0.00 secs] 
2015-04-14T20:35:11.516-0100: 2002.334: Total time for which application threads were stopped: 0.0013472 seconds, Stopping threads took: 0.0000239 seconds
2015-04-14T20:35:12.542-0100: 2003.360: [GC (Allocation Failure) 
Desired survivor size 524288 bytes, new threshold 1 (max 15)
[PSYoungGen: 2336K->256K(2560K)] 11729K->9681K(13824K), 0.0010540 secs] [Times: user=0.00 sys=0.00, real=0.00 secs] 
2015-04-14T20:35:12.543-0100: 2003.361: Total time for which application threads were stopped: 0.0012307 seconds, Stopping threads took: 0.0000229 seconds
2015-04-14T20:35:13.613-0100: 2004.431: [GC (Allocation Failure) 
Desired survivor size 524288 bytes, new threshold 1 (max 15)
[PSYoungGen: 2304K->288K(2560K)] 11729K->9745K(13824K), 0.0011277 secs] [Times: user=0.01 sys=0.00, real=0.00 secs] 
2015-04-14T20:35:13.614-0100: 2004.432: Total time for which application threads were stopped: 0.0013397 seconds, Stopping threads took: 0.0000231 seconds
2015-04-14T20:35:14.633-0100: 2005.450: [GC (Allocation Failure) 
Desired survivor size 524288 bytes, new threshold 1 (max 15)
[PSYoungGen: 2336K->288K(2560K)] 11793K->9769K(13824K), 0.0010736 secs] [Times: user=0.00 sys=0.00, real=0.00 secs] 
2015-04-14T20:35:14.634-0100: 2005.452: Total time for which application threads were stopped: 0.0012741 seconds, Stopping threads took: 0.0000228 seconds
2015-04-14T20:35:15.652-0100: 2006.470: [GC (Allocation Failure) 
Desired survivor size 524288 bytes, new threshold 1 (max 15)
[PSYoungGen: 2336K->256K(2560K)] 11817K->9769K(13824K), 0.0009793 secs] [Times: user=0.01 sys=0.00, real=0.00 secs] 
2015-04-14T20:35:15.653-0100: 2006.471: Total time for which application threads were stopped: 0.0011640 seconds, Stopping threads took: 0.0000245 seconds
2015-04-14T20:35:16.673-0100: 2007.491: [GC (Allocation Failure) 
Desired survivor size 524288 bytes, new threshold 1 (max 15)
[PSYoungGen: 2304K->256K(2560K)] 11817K->9793K(13824K), 0.0010006 secs] [Times: user=0.00 sys=0.00, real=0.00 secs] 
2015-04-14T20:35:16.674-0100: 2007.492: Total time for which application threads were stopped: 0.0011827 seconds, Stopping threads took: 0.0000204 seconds
2015-04-14T20:35:17.675-0100: 2008.493: [GC (Allocation Failure) 
Desired survivor size 524288 bytes, new threshold 1 (max 15)
[PSYoungGen: 2304K->256K(2560K)] 11841K->9825K(13824K), 0.0011221 secs] [Times: user=0.00 sys=0.00, real=0.00 secs] 
2015-04-14T20:35:17.676-0100: 2008.494: Total time for which application threads were stopped: 0.0013161 seconds, Stopping threads took: 0.0000221 seconds
2015-04-14T20:35:18.692-0100: 2009.510: [GC (Allocation Failure) 
Desired survivor size 524288 bytes, new threshold 1 (max 15)
[PSYoungGen: 2304K->256K(2560K)] 11873K->9857K(13824K), 0.0009841 secs] [Times: user=0.00 sys=0.00, real=0.00 secs] 
2015-04-14T20:35:18.693-0100: 2009.511: Total time for which application threads were stopped: 0.0011850 seconds, Stopping threads took: 0.0000224 seconds
2015-04-14T20:35:19.698-0100: 2010.516: [GC (Allocation Failure) 
Desired survivor size 524288 bytes, new threshold 1 (max 15)
[PSYoungGen: 2304K->256K(2560K)] 11905K->9897K(13824K), 0.0009846 secs] [Times: user=0.00 sys=0.00, real=0.00 secs] 
2015-04-14T20:35:19.699-0100: 2010.517: Total time for which application threads were stopped: 0.0011572 seconds, Stopping threads took: 0.0000231 seconds
2015-04-14T20:35:20.734-0100: 2011.552: [GC (Allocation Failure) 
Desired survivor size 524288 bytes, new threshold 1 (max 15)
[PSYoungGen: 2304K->256K(2560K)] 11945K->9929K(13824K), 0.0010977 secs] [Times: user=0.00 sys=0.00, real=0.00 secs] 
2015-04-14T20:35:20.735-0100: 2011.553: Total time for which application threads were stopped: 0.0013113 seconds, Stopping threads took: 0.0000207 seconds
2015-04-14T20:35:21.771-0100: 2012.589: [GC (Allocation Failure) 
Desired survivor size 524288 bytes, new threshold 1 (max 15)
[PSYoungGen: 2304K->224K(2560K)] 11977K->9921K(13824K), 0.0007785 secs] [Times: user=0.00 sys=0.00, real=0.00 secs] 
2015-04-14T20:35:21.771-0100: 2012.589: Total time for which application threads were stopped: 0.0009151 seconds, Stopping threads took: 0.0000134 seconds
2015-04-14T20:35:22.772-0100: 2013.590: [GC (Allocation Failure) 
Desired survivor size 524288 bytes, new threshold 1 (max 15)
[PSYoungGen: 2272K->256K(2560K)] 11969K->9985K(13824K), 0.0011242 secs] [Times: user=0.01 sys=0.00, real=0.00 secs] 
2015-04-14T20:35:22.774-0100: 2013.592: Total time for which application threads were stopped: 0.0014335 seconds, Stopping threads took: 0.0000363 seconds
2015-04-14T20:35:23.778-0100: 2014.597: [GC (Allocation Failure) 
Desired survivor size 524288 bytes, new threshold 1 (max 15)
[PSYoungGen: 2304K->256K(2560K)] 12033K->10017K(13824K), 0.0009863 secs] [Times: user=0.01 sys=0.00, real=0.00 secs] 
2015-04-14T20:35:23.779-0100: 2014.598: Total time for which application threads were stopped: 0.0011771 seconds, Stopping threads took: 0.0000192 seconds
2015-04-14T20:35:24.815-0100: 2015.633: [GC (Allocation Failure) 
Desired survivor size 524288 bytes, new threshold 1 (max 15)
[PSYoungGen: 2304K->288K(2560K)] 12065K->10081K(13824K), 0.0010071 secs] [Times: user=0.01 sys=0.00, real=0.00 secs] 
2015-04-14T20:35:24.816-0100: 2015.634: Total time for which application threads were stopped: 0.0012098 seconds, Stopping threads took: 0.0000220 seconds
2015-04-14T20:35:25.817-0100: 2016.635: [GC (Allocation Failure) 
Desired survivor size 524288 bytes, new threshold 1 (max 15)
[PSYoungGen: 2336K->256K(2560K)] 12129K->10073K(13824K), 0.0010567 secs] [Times: user=0.00 sys=0.00, real=0.00 secs] 
2015-04-14T20:35:25.818-0100: 2016.636: Total time for which application threads were stopped: 0.0012530 seconds, Stopping threads took: 0.0000218 seconds
2015-04-14T20:35:26.834-0100: 2017.652: [GC (Allocation Failure) 
Desired survivor size 524288 bytes, new threshold 1 (max 15)
[PSYoungGen: 2304K->256K(2560K)] 12121K->10105K(13824K), 0.0010244 secs] [Times: user=0.00 sys=0.00, real=0.00 secs] 
2015-04-14T20:35:26.835-0100: 2017.653: Total time for which application threads were stopped: 0.0012111 seconds, Stopping threads took: 0.0000250 seconds
2015-04-14T20:35:27.872-0100: 2018.690: [GC (Allocation Failure) 
Desired survivor size 524288 bytes, new threshold 1 (max 15)
[PSYoungGen: 2304K->288K(2560K)] 12153K->10161K(13824K), 0.0011115 secs] [Times: user=0.00 sys=0.00, real=0.00 secs] 
2015-04-14T20:35:27.873-0100: 2018.691: Total time for which application threads were stopped: 0.0013903 seconds, Stopping threads took: 0.0000405 seconds
2015-04-14T20:35:28.844-0100: 2019.663: [GC (Allocation Failure) 
Desired survivor size 524288 bytes, new threshold 1 (max 15)
[PSYoungGen: 2336K->128K(2560K)] 12209K->10017K(13824K), 0.0011486 secs] [Times: user=0.00 sys=0.00, real=0.00 secs] 
2015-04-14T20:35:28.846-0100: 2019.664: Total time for which application threads were stopped: 0.0013355 seconds, Stopping threads took: 0.0000221 seconds
2015-04-14T20:35:29.928-0100: 2020.746: [GC (Allocation Failure) 
Desired survivor size 524288 bytes, new threshold 1 (max 15)
[PSYoungGen: 2176K->256K(2560K)] 12065K->10169K(13824K), 0.0010831 secs] [Times: user=0.00 sys=0.00, real=0.00 secs] 
2015-04-14T20:35:29.929-0100: 2020.748: Total time for which application threads were stopped: 0.0012908 seconds, Stopping threads took: 0.0000270 seconds
2015-04-14T20:35:30.917-0100: 2021.736: [GC (Allocation Failure) 
Desired survivor size 524288 bytes, new threshold 1 (max 15)
[PSYoungGen: 2304K->288K(2560K)] 12217K->10225K(13824K), 0.0010920 secs] [Times: user=0.00 sys=0.00, real=0.00 secs] 
2015-04-14T20:35:30.919-0100: 2021.737: Total time for which application threads were stopped: 0.0012786 seconds, Stopping threads took: 0.0000237 seconds
2015-04-14T20:35:31.971-0100: 2022.789: [GC (Allocation Failure) 
Desired survivor size 524288 bytes, new threshold 1 (max 15)
[PSYoungGen: 2336K->256K(2560K)] 12273K->10225K(13824K), 0.0012001 secs] [Times: user=0.00 sys=0.00, real=0.00 secs] 
2015-04-14T20:35:31.972-0100: 2022.790: Total time for which application threads were stopped: 0.0013914 seconds, Stopping threads took: 0.0000211 seconds
2015-04-14T20:35:33.038-0100: 2023.856: [GC (Allocation Failure) 
Desired survivor size 524288 bytes, new threshold 1 (max 15)
[PSYoungGen: 2304K->256K(2560K)] 12273K->10249K(13824K), 0.0008857 secs] [Times: user=0.01 sys=0.00, real=0.00 secs] 
2015-04-14T20:35:33.039-0100: 2023.857: Total time for which application threads were stopped: 0.0010701 seconds, Stopping threads took: 0.0000260 seconds
2015-04-14T20:35:34.044-0100: 2024.862: [GC (Allocation Failure) 
Desired survivor size 524288 bytes, new threshold 1 (max 15)
[PSYoungGen: 2304K->288K(2560K)] 12297K->10305K(13824K), 0.0010909 secs] [Times: user=0.01 sys=0.00, real=0.00 secs] 
2015-04-14T20:35:34.045-0100: 2024.863: Total time for which application threads were stopped: 0.0012871 seconds, Stopping threads took: 0.0000236 seconds
2015-04-14T20:35:35.080-0100: 2025.898: [GC (Allocation Failure) 
Desired survivor size 524288 bytes, new threshold 1 (max 15)
[PSYoungGen: 2336K->288K(2560K)] 12353K->10345K(13824K), 0.0010365 secs] [Times: user=0.01 sys=0.00, real=0.00 secs] 
2015-04-14T20:35:35.081-0100: 2025.900: Total time for which application threads were stopped: 0.0012342 seconds, Stopping threads took: 0.0000229 seconds
2015-04-14T20:35:36.083-0100: 2026.902: [GC (Allocation Failure) 
Desired survivor size 524288 bytes, new threshold 1 (max 15)
[PSYoungGen: 2336K->256K(2560K)] 12393K->10345K(13824K), 0.0010035 secs] [Times: user=0.01 sys=0.00, real=0.00 secs] 
2015-04-14T20:35:36.084-0100: 2026.903: Total time for which application threads were stopped: 0.0011904 seconds, Stopping threads took: 0.0000221 seconds
2015-04-14T20:35:37.116-0100: 2027.934: [GC (Allocation Failure) 
Desired survivor size 524288 bytes, new threshold 1 (max 15)
[PSYoungGen: 2304K->288K(2560K)] 12393K->10409K(13824K), 0.0009939 secs] [Times: user=0.00 sys=0.00, real=0.00 secs] 
2015-04-14T20:35:37.117-0100: 2027.936: Total time for which application threads were stopped: 0.0012118 seconds, Stopping threads took: 0.0000283 seconds
2015-04-14T20:35:38.121-0100: 2028.940: [GC (Allocation Failure) 
Desired survivor size 524288 bytes, new threshold 1 (max 15)
[PSYoungGen: 2336K->256K(2560K)] 12457K->10409K(13824K), 0.0008769 secs] [Times: user=0.00 sys=0.00, real=0.00 secs] 
2015-04-14T20:35:38.122-0100: 2028.941: Total time for which application threads were stopped: 0.0010504 seconds, Stopping threads took: 0.0000208 seconds
2015-04-14T20:35:39.124-0100: 2029.943: [GC (Allocation Failure) 
Desired survivor size 524288 bytes, new threshold 1 (max 15)
[PSYoungGen: 2304K->256K(2560K)] 12457K->10433K(13824K), 0.0010276 secs] [Times: user=0.00 sys=0.00, real=0.00 secs] 
2015-04-14T20:35:39.126-0100: 2029.944: Total time for which application threads were stopped: 0.0012120 seconds, Stopping threads took: 0.0000220 seconds
2015-04-14T20:35:40.111-0100: 2030.930: [GC (Allocation Failure) 
Desired survivor size 524288 bytes, new threshold 1 (max 15)
[PSYoungGen: 2304K->256K(2560K)] 12481K->10465K(13824K), 0.0010811 secs] [Times: user=0.01 sys=0.00, real=0.00 secs] 
2015-04-14T20:35:40.112-0100: 2030.931: Total time for which application threads were stopped: 0.0012697 seconds, Stopping threads took: 0.0000219 seconds
2015-04-14T20:35:41.032-0100: 2031.851: [GC (Allocation Failure) 
Desired survivor size 524288 bytes, new threshold 1 (max 15)
[PSYoungGen: 2304K->256K(2560K)] 12513K->10497K(13824K), 0.0010108 secs] [Times: user=0.00 sys=0.00, real=0.00 secs] 
2015-04-14T20:35:41.034-0100: 2031.852: Total time for which application threads were stopped: 0.0012006 seconds, Stopping threads took: 0.0000205 seconds
2015-04-14T20:35:41.966-0100: 2032.784: [GC (Allocation Failure) 
Desired survivor size 524288 bytes, new threshold 1 (max 15)
[PSYoungGen: 2304K->256K(2560K)] 12545K->10529K(13824K), 0.0010973 secs] [Times: user=0.01 sys=0.00, real=0.00 secs] 
2015-04-14T20:35:41.967-0100: 2032.785: Total time for which application threads were stopped: 0.0012858 seconds, Stopping threads took: 0.0000212 seconds
2015-04-14T20:35:42.886-0100: 2033.704: [GC (Allocation Failure) 
Desired survivor size 524288 bytes, new threshold 1 (max 15)
[PSYoungGen: 2304K->288K(2560K)] 12577K->10585K(13824K), 0.0009852 secs] [Times: user=0.00 sys=0.00, real=0.00 secs] 
2015-04-14T20:35:42.887-0100: 2033.705: Total time for which application threads were stopped: 0.0011884 seconds, Stopping threads took: 0.0000205 seconds
2015-04-14T20:35:43.724-0100: 2034.543: [GC (Allocation Failure) 
Desired survivor size 524288 bytes, new threshold 1 (max 15)
[PSYoungGen: 2336K->288K(2560K)] 12633K->10617K(13824K), 0.0010615 secs] [Times: user=0.01 sys=0.00, real=0.00 secs] 
2015-04-14T20:35:43.726-0100: 2034.544: Total time for which application threads were stopped: 0.0012601 seconds, Stopping threads took: 0.0000237 seconds
2015-04-14T20:35:44.576-0100: 2035.395: [GC (Allocation Failure) 
Desired survivor size 524288 bytes, new threshold 1 (max 15)
[PSYoungGen: 2336K->288K(2560K)] 12665K->10649K(13824K), 0.0010851 secs] [Times: user=0.01 sys=0.00, real=0.00 secs] 
2015-04-14T20:35:44.577-0100: 2035.396: Total time for which application threads were stopped: 0.0012766 seconds, Stopping threads took: 0.0000217 seconds
2015-04-14T20:35:45.428-0100: 2036.246: [GC (Allocation Failure) 
Desired survivor size 524288 bytes, new threshold 1 (max 15)
[PSYoungGen: 2336K->288K(2560K)] 12697K->10689K(13824K), 0.0009809 secs] [Times: user=0.00 sys=0.00, real=0.00 secs] 
2015-04-14T20:35:45.429-0100: 2036.247: Total time for which application threads were stopped: 0.0011708 seconds, Stopping threads took: 0.0000237 seconds
2015-04-14T20:35:46.262-0100: 2037.081: [GC (Allocation Failure) 
Desired survivor size 524288 bytes, new threshold 1 (max 15)
[PSYoungGen: 2336K->256K(2560K)] 12737K->10689K(13824K), 0.0009855 secs] [Times: user=0.00 sys=0.00, real=0.00 secs] 
2015-04-14T20:35:46.264-0100: 2037.082: Total time for which application threads were stopped: 0.0011887 seconds, Stopping threads took: 0.0000300 seconds
2015-04-14T20:35:47.101-0100: 2037.920: [GC (Allocation Failure) 
Desired survivor size 524288 bytes, new threshold 1 (max 15)
[PSYoungGen: 2304K->256K(2560K)] 12737K->10705K(13824K), 0.0013940 secs] [Times: user=0.00 sys=0.00, real=0.00 secs] 
2015-04-14T20:35:47.103-0100: 2037.921: Total time for which application threads were stopped: 0.0016118 seconds, Stopping threads took: 0.0000254 seconds
2015-04-14T20:35:48.021-0100: 2038.840: [GC (Allocation Failure) 
Desired survivor size 524288 bytes, new threshold 1 (max 15)
[PSYoungGen: 2304K->256K(2560K)] 12753K->10737K(13824K), 0.0010766 secs] [Times: user=0.00 sys=0.00, real=0.00 secs] 
2015-04-14T20:35:48.023-0100: 2038.841: Total time for which application threads were stopped: 0.0012609 seconds, Stopping threads took: 0.0000231 seconds
2015-04-14T20:35:48.973-0100: 2039.792: [GC (Allocation Failure) 
Desired survivor size 524288 bytes, new threshold 1 (max 15)
[PSYoungGen: 2304K->256K(2560K)] 12785K->10769K(13824K), 0.0010202 secs] [Times: user=0.01 sys=0.00, real=0.00 secs] 
2015-04-14T20:35:48.974-0100: 2039.793: Total time for which application threads were stopped: 0.0012124 seconds, Stopping threads took: 0.0000227 seconds
2015-04-14T20:35:49.877-0100: 2040.696: [GC (Allocation Failure) 
Desired survivor size 524288 bytes, new threshold 1 (max 15)
[PSYoungGen: 2304K->256K(2560K)] 12817K->10801K(13824K), 0.0010727 secs] [Times: user=0.00 sys=0.00, real=0.00 secs] 
2015-04-14T20:35:49.878-0100: 2040.697: Total time for which application threads were stopped: 0.0012572 seconds, Stopping threads took: 0.0000220 seconds
2015-04-14T20:35:50.894-0100: 2041.712: [GC (Allocation Failure) 
Desired survivor size 524288 bytes, new threshold 1 (max 15)
[PSYoungGen: 2304K->288K(2560K)] 12849K->10865K(13824K), 0.0010860 secs] [Times: user=0.00 sys=0.00, real=0.00 secs] 
2015-04-14T20:35:50.895-0100: 2041.714: Total time for which application threads were stopped: 0.0013050 seconds, Stopping threads took: 0.0000223 seconds
2015-04-14T20:35:51.897-0100: 2042.716: [GC (Allocation Failure) 
Desired survivor size 524288 bytes, new threshold 1 (max 15)
[PSYoungGen: 2336K->288K(2560K)] 12913K->10897K(13824K), 0.0010997 secs] [Times: user=0.00 sys=0.00, real=0.00 secs] 
2015-04-14T20:35:51.898-0100: 2042.717: Total time for which application threads were stopped: 0.0013047 seconds, Stopping threads took: 0.0000216 seconds
2015-04-14T20:35:52.904-0100: 2043.722: [GC (Allocation Failure) 
Desired survivor size 524288 bytes, new threshold 1 (max 15)
[PSYoungGen: 2336K->256K(2560K)] 12945K->10897K(13824K), 0.0010635 secs] [Times: user=0.00 sys=0.00, real=0.00 secs] 
2015-04-14T20:35:52.905-0100: 2043.723: Total time for which application threads were stopped: 0.0012643 seconds, Stopping threads took: 0.0000204 seconds
2015-04-14T20:35:53.970-0100: 2044.789: [GC (Allocation Failure) 
Desired survivor size 524288 bytes, new threshold 1 (max 15)
[PSYoungGen: 2304K->256K(2560K)] 12945K->10921K(13824K), 0.0010907 secs] [Times: user=0.00 sys=0.00, real=0.00 secs] 
2015-04-14T20:35:53.971-0100: 2044.790: Total time for which application threads were stopped: 0.0012963 seconds, Stopping threads took: 0.0000246 seconds
2015-04-14T20:35:54.960-0100: 2045.778: [GC (Allocation Failure) 
Desired survivor size 524288 bytes, new threshold 1 (max 15)
[PSYoungGen: 2304K->288K(2560K)] 12969K->10993K(13824K), 0.0010507 secs] [Times: user=0.01 sys=0.00, real=0.00 secs] 
2015-04-14T20:35:54.961-0100: 2045.779: Total time for which application threads were stopped: 0.0012227 seconds, Stopping threads took: 0.0000229 seconds
2015-04-14T20:35:55.996-0100: 2046.815: [GC (Allocation Failure) 
Desired survivor size 524288 bytes, new threshold 1 (max 15)
[PSYoungGen: 2336K->256K(2560K)] 13041K->10985K(13824K), 0.0009326 secs] [Times: user=0.00 sys=0.00, real=0.00 secs] 
2015-04-14T20:35:55.997-0100: 2046.816: Total time for which application threads were stopped: 0.0011073 seconds, Stopping threads took: 0.0000211 seconds
2015-04-14T20:35:57.015-0100: 2047.833: [GC (Allocation Failure) 
Desired survivor size 524288 bytes, new threshold 1 (max 15)
[PSYoungGen: 2304K->288K(2560K)] 13033K->11041K(13824K), 0.0010468 secs] [Times: user=0.01 sys=0.00, real=0.00 secs] 
2015-04-14T20:35:57.016-0100: 2047.834: Total time for which application threads were stopped: 0.0012426 seconds, Stopping threads took: 0.0000223 seconds
2015-04-14T20:35:58.049-0100: 2048.868: [GC (Allocation Failure) 
Desired survivor size 524288 bytes, new threshold 1 (max 15)
[PSYoungGen: 2336K->256K(2560K)] 13089K->11033K(13824K), 0.0011016 secs] [Times: user=0.01 sys=0.00, real=0.01 secs] 
2015-04-14T20:35:58.050-0100: 2048.869: Total time for which application threads were stopped: 0.0013106 seconds, Stopping threads took: 0.0000248 seconds
2015-04-14T20:35:59.022-0100: 2049.841: [GC (Allocation Failure) 
Desired survivor size 524288 bytes, new threshold 1 (max 15)
[PSYoungGen: 2304K->256K(2560K)] 13081K->11073K(13824K), 0.0010344 secs] [Times: user=0.00 sys=0.00, real=0.00 secs] 
2015-04-14T20:35:59.024-0100: 2049.842: Total time for which application threads were stopped: 0.0012015 seconds, Stopping threads took: 0.0000208 seconds
2015-04-14T20:36:00.024-0100: 2050.843: [GC (Allocation Failure) 
Desired survivor size 524288 bytes, new threshold 1 (max 15)
[PSYoungGen: 2304K->256K(2560K)] 13121K->11105K(13824K), 0.0010641 secs] [Times: user=0.01 sys=0.00, real=0.00 secs] 
2015-04-14T20:36:00.025-0100: 2050.844: Total time for which application threads were stopped: 0.0012626 seconds, Stopping threads took: 0.0000224 seconds
2015-04-14T20:36:00.909-0100: 2051.728: [GC (Allocation Failure) 
Desired survivor size 524288 bytes, new threshold 1 (max 15)
[PSYoungGen: 2304K->256K(2560K)] 13153K->11129K(13824K), 0.0011104 secs] [Times: user=0.00 sys=0.00, real=0.01 secs] 
2015-04-14T20:36:00.910-0100: 2051.729: Total time for which application threads were stopped: 0.0013375 seconds, Stopping threads took: 0.0000226 seconds
2015-04-14T20:36:01.912-0100: 2052.730: [GC (Allocation Failure) 
Desired survivor size 524288 bytes, new threshold 1 (max 15)
[PSYoungGen: 2304K->256K(2560K)] 13177K->11161K(13824K), 0.0011193 secs] [Times: user=0.01 sys=0.00, real=0.00 secs] 
2015-04-14T20:36:01.913-0100: 2052.732: Total time for which application threads were stopped: 0.0013254 seconds, Stopping threads took: 0.0000241 seconds
2015-04-14T20:36:02.884-0100: 2053.703: [GC (Allocation Failure) 
Desired survivor size 524288 bytes, new threshold 1 (max 15)
[PSYoungGen: 2304K->256K(2560K)] 13209K->11193K(13824K), 0.0010823 secs] [Times: user=0.00 sys=0.01, real=0.00 secs] 
2015-04-14T20:36:02.885-0100: 2053.704: Total time for which application threads were stopped: 0.0012766 seconds, Stopping threads took: 0.0000221 seconds
2015-04-14T20:36:03.954-0100: 2054.773: [GC (Allocation Failure) 
Desired survivor size 524288 bytes, new threshold 1 (max 15)
[PSYoungGen: 2304K->256K(2560K)] 13241K->11209K(13824K), 0.0010794 secs] [Times: user=0.00 sys=0.00, real=0.00 secs] 
2015-04-14T20:36:03.955-0100: 2054.774: Total time for which application threads were stopped: 0.0012735 seconds, Stopping threads took: 0.0000211 seconds
2015-04-14T20:36:04.987-0100: 2055.806: [GC (Allocation Failure) 
Desired survivor size 524288 bytes, new threshold 1 (max 15)
[PSYoungGen: 2304K->288K(2560K)] 13257K->11265K(13824K), 0.0010015 secs] [Times: user=0.01 sys=0.00, real=0.00 secs] 
2015-04-14T20:36:04.988-0100: 2055.807: Total time for which application threads were stopped: 0.0012089 seconds, Stopping threads took: 0.0000263 seconds
2015-04-14T20:36:06.027-0100: 2056.845: [GC (Allocation Failure) 
Desired survivor size 524288 bytes, new threshold 1 (max 15)
[PSYoungGen: 2336K->256K(2560K)] 13313K->11265K(13824K), 0.0010741 secs] [Times: user=0.01 sys=0.00, real=0.00 secs] 
2015-04-14T20:36:06.028-0100: 2056.847: Total time for which application threads were stopped: 0.0012706 seconds, Stopping threads took: 0.0000232 seconds
2015-04-14T20:36:07.030-0100: 2057.849: [GC (Allocation Failure) 
Desired survivor size 524288 bytes, new threshold 1 (max 15)
[PSYoungGen: 2304K->288K(2560K)] 13313K->11329K(13824K), 0.0010338 secs] [Times: user=0.00 sys=0.00, real=0.00 secs] 
2015-04-14T20:36:07.032-0100: 2057.850: Total time for which application threads were stopped: 0.0012198 seconds, Stopping threads took: 0.0000228 seconds
2015-04-14T20:36:08.055-0100: 2058.873: [GC (Allocation Failure) 
Desired survivor size 524288 bytes, new threshold 1 (max 15)
[PSYoungGen: 2336K->288K(2560K)] 13377K->11361K(13824K), 0.0012159 secs] [Times: user=0.00 sys=0.00, real=0.00 secs] 
2015-04-14T20:36:08.056-0100: 2058.875: Total time for which application threads were stopped: 0.0014478 seconds, Stopping threads took: 0.0000245 seconds
2015-04-14T20:36:09.070-0100: 2059.889: [GC (Allocation Failure) 
Desired survivor size 524288 bytes, new threshold 1 (max 15)
[PSYoungGen: 2336K->288K(2560K)] 13409K->11385K(13824K), 0.0009726 secs] [Times: user=0.01 sys=0.00, real=0.00 secs] 
2015-04-14T20:36:09.071-0100: 2059.890: Total time for which application threads were stopped: 0.0011634 seconds, Stopping threads took: 0.0000212 seconds
2015-04-14T20:36:10.156-0100: 2060.975: [GC (Allocation Failure) 
Desired survivor size 524288 bytes, new threshold 1 (max 15)
[PSYoungGen: 2336K->256K(2560K)] 13433K->11377K(13824K), 0.0010587 secs] [Times: user=0.00 sys=0.00, real=0.00 secs] 
2015-04-14T20:36:10.157-0100: 2060.976: Total time for which application threads were stopped: 0.0012643 seconds, Stopping threads took: 0.0000222 seconds
2015-04-14T20:36:11.173-0100: 2061.992: [GC (Allocation Failure) 
Desired survivor size 524288 bytes, new threshold 1 (max 15)
[PSYoungGen: 2304K->288K(2560K)] 13425K->11441K(13824K), 0.0010181 secs] [Times: user=0.01 sys=0.00, real=0.00 secs] 
2015-04-14T20:36:11.174-0100: 2061.993: Total time for which application threads were stopped: 0.0012130 seconds, Stopping threads took: 0.0000244 seconds
2015-04-14T20:36:12.214-0100: 2063.033: [GC (Allocation Failure) 
Desired survivor size 524288 bytes, new threshold 1 (max 15)
[PSYoungGen: 2336K->288K(2560K)] 13489K->11481K(13824K), 0.0011911 secs] [Times: user=0.01 sys=0.00, real=0.00 secs] 
2015-04-14T20:36:12.215-0100: 2063.034: Total time for which application threads were stopped: 0.0013870 seconds, Stopping threads took: 0.0000240 seconds
2015-04-14T20:36:13.233-0100: 2064.052: [GC (Allocation Failure) 
Desired survivor size 524288 bytes, new threshold 1 (max 15)
[PSYoungGen: 2336K->256K(2560K)] 13529K->11481K(13824K), 0.0010544 secs] [Times: user=0.00 sys=0.00, real=0.00 secs] 
2015-04-14T20:36:13.234-0100: 2064.053: [Full GC (Ergonomics) [PSYoungGen: 256K->0K(2560K)] [ParOldGen: 11225K->8374K(11264K)] 11481K->8374K(13824K), [Metaspace: 17884K->17884K(1064960K)], 0.0181525 secs] [Times: user=0.06 sys=0.00, real=0.02 secs] 
2015-04-14T20:36:13.253-0100: 2064.072: Total time for which application threads were stopped: 0.0194958 seconds, Stopping threads took: 0.0000215 seconds
2015-04-14T20:36:14.301-0100: 2065.120: [GC (Allocation Failure) 
Desired survivor size 524288 bytes, new threshold 1 (max 15)
[PSYoungGen: 2048K->256K(2560K)] 10422K->8630K(13824K), 0.0010261 secs] [Times: user=0.01 sys=0.00, real=0.00 secs] 
2015-04-14T20:36:14.302-0100: 2065.121: Total time for which application threads were stopped: 0.0012391 seconds, Stopping threads took: 0.0000262 seconds
2015-04-14T20:36:15.290-0100: 2066.109: [GC (Allocation Failure) 
Desired survivor size 524288 bytes, new threshold 1 (max 15)
[PSYoungGen: 2304K->288K(2560K)] 10678K->8686K(13824K), 0.0009830 secs] [Times: user=0.00 sys=0.00, real=0.00 secs] 
2015-04-14T20:36:15.291-0100: 2066.110: Total time for which application threads were stopped: 0.0011708 seconds, Stopping threads took: 0.0000226 seconds
2015-04-14T20:36:16.309-0100: 2067.128: [GC (Allocation Failure) 
Desired survivor size 524288 bytes, new threshold 1 (max 15)
[PSYoungGen: 2336K->288K(2560K)] 10734K->8726K(13824K), 0.0010824 secs] [Times: user=0.00 sys=0.00, real=0.01 secs] 
2015-04-14T20:36:16.310-0100: 2067.129: Total time for which application threads were stopped: 0.0012606 seconds, Stopping threads took: 0.0000207 seconds
2015-04-14T20:36:17.396-0100: 2068.215: [GC (Allocation Failure) 
Desired survivor size 524288 bytes, new threshold 1 (max 15)
[PSYoungGen: 2336K->256K(2560K)] 10774K->8726K(13824K), 0.0010617 secs] [Times: user=0.00 sys=0.00, real=0.00 secs] 
2015-04-14T20:36:17.397-0100: 2068.216: Total time for which application threads were stopped: 0.0012559 seconds, Stopping threads took: 0.0000216 seconds
2015-04-14T20:36:18.397-0100: 2069.216: [GC (Allocation Failure) 
Desired survivor size 524288 bytes, new threshold 1 (max 15)
[PSYoungGen: 2304K->288K(2560K)] 10774K->8790K(13824K), 0.0010571 secs] [Times: user=0.00 sys=0.00, real=0.00 secs] 
2015-04-14T20:36:18.398-0100: 2069.217: Total time for which application threads were stopped: 0.0012611 seconds, Stopping threads took: 0.0000228 seconds
2015-04-14T20:36:19.385-0100: 2070.204: [GC (Allocation Failure) 
Desired survivor size 524288 bytes, new threshold 1 (max 15)
[PSYoungGen: 2336K->256K(2560K)] 10838K->8790K(13824K), 0.0010954 secs] [Times: user=0.00 sys=0.00, real=0.00 secs] 
2015-04-14T20:36:19.386-0100: 2070.205: Total time for which application threads were stopped: 0.0012908 seconds, Stopping threads took: 0.0000242 seconds
2015-04-14T20:36:20.406-0100: 2071.225: [GC (Allocation Failure) 
Desired survivor size 524288 bytes, new threshold 1 (max 15)
[PSYoungGen: 2304K->256K(2560K)] 10838K->8822K(13824K), 0.0010585 secs] [Times: user=0.00 sys=0.00, real=0.00 secs] 
2015-04-14T20:36:20.407-0100: 2071.226: Total time for which application threads were stopped: 0.0012489 seconds, Stopping threads took: 0.0000240 seconds
2015-04-14T20:36:21.426-0100: 2072.245: [GC (Allocation Failure) 
Desired survivor size 524288 bytes, new threshold 1 (max 15)
[PSYoungGen: 2304K->288K(2560K)] 10870K->8886K(13824K), 0.0010079 secs] [Times: user=0.00 sys=0.00, real=0.00 secs] 
2015-04-14T20:36:21.427-0100: 2072.246: Total time for which application threads were stopped: 0.0012209 seconds, Stopping threads took: 0.0000226 seconds
2015-04-14T20:36:22.456-0100: 2073.275: [GC (Allocation Failure) 
Desired survivor size 524288 bytes, new threshold 1 (max 15)
[PSYoungGen: 2336K->288K(2560K)] 10934K->8918K(13824K), 0.0010945 secs] [Times: user=0.00 sys=0.00, real=0.00 secs] 
2015-04-14T20:36:22.457-0100: 2073.276: Total time for which application threads were stopped: 0.0013201 seconds, Stopping threads took: 0.0000245 seconds
2015-04-14T20:36:23.533-0100: 2074.352: [GC (Allocation Failure) 
Desired survivor size 524288 bytes, new threshold 1 (max 15)
[PSYoungGen: 2336K->256K(2560K)] 10966K->8918K(13824K), 0.0010838 secs] [Times: user=0.00 sys=0.00, real=0.00 secs] 
2015-04-14T20:36:23.534-0100: 2074.353: Total time for which application threads were stopped: 0.0012666 seconds, Stopping threads took: 0.0000208 seconds
2015-04-14T20:36:24.569-0100: 2075.388: [GC (Allocation Failure) 
Desired survivor size 524288 bytes, new threshold 1 (max 15)
[PSYoungGen: 2304K->256K(2560K)] 10966K->8950K(13824K), 0.0010479 secs] [Times: user=0.01 sys=0.00, real=0.01 secs] 
2015-04-14T20:36:24.570-0100: 2075.389: Total time for which application threads were stopped: 0.0012466 seconds, Stopping threads took: 0.0000228 seconds
2015-04-14T20:36:25.587-0100: 2076.406: [GC (Allocation Failure) 
Desired survivor size 524288 bytes, new threshold 1 (max 15)
[PSYoungGen: 2303K->256K(2560K)] 10997K->8974K(13824K), 0.0007959 secs] [Times: user=0.00 sys=0.00, real=0.00 secs] 
2015-04-14T20:36:25.588-0100: 2076.407: Total time for which application threads were stopped: 0.0009425 seconds, Stopping threads took: 0.0000167 seconds
2015-04-14T20:36:26.670-0100: 2077.490: [GC (Allocation Failure) 
Desired survivor size 524288 bytes, new threshold 1 (max 15)
[PSYoungGen: 2304K->256K(2560K)] 11022K->9006K(13824K), 0.0010165 secs] [Times: user=0.00 sys=0.00, real=0.00 secs] 
2015-04-14T20:36:26.672-0100: 2077.491: Total time for which application threads were stopped: 0.0011988 seconds, Stopping threads took: 0.0000203 seconds
2015-04-14T20:36:27.644-0100: 2078.463: [GC (Allocation Failure) 
Desired survivor size 524288 bytes, new threshold 1 (max 15)
[PSYoungGen: 2304K->288K(2560K)] 11054K->9078K(13824K), 0.0009360 secs] [Times: user=0.01 sys=0.00, real=0.00 secs] 
2015-04-14T20:36:27.645-0100: 2078.464: Total time for which application threads were stopped: 0.0011072 seconds, Stopping threads took: 0.0000231 seconds
2015-04-14T20:36:28.648-0100: 2079.468: [GC (Allocation Failure) 
Desired survivor size 524288 bytes, new threshold 1 (max 15)
[PSYoungGen: 2336K->288K(2560K)] 11126K->9102K(13824K), 0.0010817 secs] [Times: user=0.00 sys=0.00, real=0.01 secs] 
2015-04-14T20:36:28.650-0100: 2079.469: Total time for which application threads were stopped: 0.0012729 seconds, Stopping threads took: 0.0000210 seconds
2015-04-14T20:36:29.668-0100: 2080.487: [GC (Allocation Failure) 
Desired survivor size 524288 bytes, new threshold 1 (max 15)
[PSYoungGen: 2336K->256K(2560K)] 11150K->9102K(13824K), 0.0010215 secs] [Times: user=0.01 sys=0.00, real=0.00 secs] 
2015-04-14T20:36:29.669-0100: 2080.488: Total time for which application threads were stopped: 0.0012160 seconds, Stopping threads took: 0.0000230 seconds
2015-04-14T20:36:30.672-0100: 2081.491: [GC (Allocation Failure) 
Desired survivor size 524288 bytes, new threshold 1 (max 15)
[PSYoungGen: 2304K->256K(2560K)] 11150K->9134K(13824K), 0.0009977 secs] [Times: user=0.01 sys=0.00, real=0.00 secs] 
2015-04-14T20:36:30.673-0100: 2081.492: Total time for which application threads were stopped: 0.0011908 seconds, Stopping threads took: 0.0000214 seconds
2015-04-14T20:36:31.671-0100: 2082.490: [GC (Allocation Failure) 
Desired survivor size 524288 bytes, new threshold 1 (max 15)
[PSYoungGen: 2304K->288K(2560K)] 11182K->9198K(13824K), 0.0010331 secs] [Times: user=0.00 sys=0.00, real=0.00 secs] 
2015-04-14T20:36:31.672-0100: 2082.491: Total time for which application threads were stopped: 0.0012922 seconds, Stopping threads took: 0.0000303 seconds
2015-04-14T20:36:32.695-0100: 2083.514: [GC (Allocation Failure) 
Desired survivor size 524288 bytes, new threshold 1 (max 15)
[PSYoungGen: 2336K->256K(2560K)] 11246K->9198K(13824K), 0.0010419 secs] [Times: user=0.00 sys=0.00, real=0.00 secs] 
2015-04-14T20:36:32.696-0100: 2083.515: Total time for which application threads were stopped: 0.0012395 seconds, Stopping threads took: 0.0000270 seconds
2015-04-14T20:36:33.746-0100: 2084.565: [GC (Allocation Failure) 
Desired survivor size 524288 bytes, new threshold 1 (max 15)
[PSYoungGen: 2304K->256K(2560K)] 11246K->9230K(13824K), 0.0010021 secs] [Times: user=0.01 sys=0.00, real=0.00 secs] 
2015-04-14T20:36:33.747-0100: 2084.566: Total time for which application threads were stopped: 0.0011779 seconds, Stopping threads took: 0.0000221 seconds
2015-04-14T20:36:34.751-0100: 2085.570: [GC (Allocation Failure) 
Desired survivor size 524288 bytes, new threshold 1 (max 15)
[PSYoungGen: 2304K->288K(2560K)] 11278K->9294K(13824K), 0.0010525 secs] [Times: user=0.01 sys=0.00, real=0.00 secs] 
2015-04-14T20:36:34.752-0100: 2085.571: Total time for which application threads were stopped: 0.0012494 seconds, Stopping threads took: 0.0000223 seconds
2015-04-14T20:36:35.751-0100: 2086.570: [GC (Allocation Failure) 
Desired survivor size 524288 bytes, new threshold 1 (max 15)
[PSYoungGen: 2336K->256K(2560K)] 11342K->9286K(13824K), 0.0010892 secs] [Times: user=0.01 sys=0.00, real=0.00 secs] 
2015-04-14T20:36:35.752-0100: 2086.571: Total time for which application threads were stopped: 0.0012945 seconds, Stopping threads took: 0.0000243 seconds
2015-04-14T20:36:36.756-0100: 2087.575: [GC (Allocation Failure) 
Desired survivor size 524288 bytes, new threshold 1 (max 15)
[PSYoungGen: 2304K->288K(2560K)] 11334K->9342K(13824K), 0.0010789 secs] [Times: user=0.01 sys=0.00, real=0.00 secs] 
2015-04-14T20:36:36.757-0100: 2087.577: Total time for which application threads were stopped: 0.0012602 seconds, Stopping threads took: 0.0000223 seconds
2015-04-14T20:36:37.776-0100: 2088.595: [GC (Allocation Failure) 
Desired survivor size 524288 bytes, new threshold 1 (max 15)
[PSYoungGen: 2336K->288K(2560K)] 11390K->9374K(13824K), 0.0011738 secs] [Times: user=0.01 sys=0.00, real=0.00 secs] 
2015-04-14T20:36:37.777-0100: 2088.597: Total time for which application threads were stopped: 0.0013725 seconds, Stopping threads took: 0.0000226 seconds
2015-04-14T20:36:38.830-0100: 2089.649: [GC (Allocation Failure) 
Desired survivor size 524288 bytes, new threshold 1 (max 15)
[PSYoungGen: 2336K->256K(2560K)] 11422K->9366K(13824K), 0.0010582 secs] [Times: user=0.00 sys=0.00, real=0.00 secs] 
2015-04-14T20:36:38.831-0100: 2089.650: Total time for which application threads were stopped: 0.0012672 seconds, Stopping threads took: 0.0000205 seconds
2015-04-14T20:36:39.847-0100: 2090.667: [GC (Allocation Failure) 
Desired survivor size 524288 bytes, new threshold 1 (max 15)
[PSYoungGen: 2304K->224K(2560K)] 11414K->9366K(13824K), 0.0010862 secs] [Times: user=0.01 sys=0.00, real=0.00 secs] 
2015-04-14T20:36:39.849-0100: 2090.668: Total time for which application threads were stopped: 0.0012831 seconds, Stopping threads took: 0.0000211 seconds
2015-04-14T20:36:40.819-0100: 2091.638: [GC (Allocation Failure) 
Desired survivor size 524288 bytes, new threshold 1 (max 15)
[PSYoungGen: 2272K->256K(2560K)] 11414K->9430K(13824K), 0.0010621 secs] [Times: user=0.00 sys=0.00, real=0.01 secs] 
2015-04-14T20:36:40.820-0100: 2091.640: Total time for which application threads were stopped: 0.0012471 seconds, Stopping threads took: 0.0000221 seconds
2015-04-14T20:36:41.723-0100: 2092.542: [GC (Allocation Failure) 
Desired survivor size 524288 bytes, new threshold 1 (max 15)
[PSYoungGen: 2304K->256K(2560K)] 11478K->9470K(13824K), 0.0011145 secs] [Times: user=0.00 sys=0.00, real=0.00 secs] 
2015-04-14T20:36:41.724-0100: 2092.544: Total time for which application threads were stopped: 0.0013049 seconds, Stopping threads took: 0.0000219 seconds
2015-04-14T20:36:42.643-0100: 2093.462: [GC (Allocation Failure) 
Desired survivor size 524288 bytes, new threshold 1 (max 15)
[PSYoungGen: 2304K->256K(2560K)] 11518K->9494K(13824K), 0.0010512 secs] [Times: user=0.00 sys=0.00, real=0.00 secs] 
2015-04-14T20:36:42.644-0100: 2093.463: Total time for which application threads were stopped: 0.0012509 seconds, Stopping threads took: 0.0000245 seconds
2015-04-14T20:36:43.544-0100: 2094.363: [GC (Allocation Failure) 
Desired survivor size 524288 bytes, new threshold 1 (max 15)
[PSYoungGen: 2304K->256K(2560K)] 11542K->9518K(13824K), 0.0009015 secs] [Times: user=0.01 sys=0.00, real=0.00 secs] 
2015-04-14T20:36:43.545-0100: 2094.364: Total time for which application threads were stopped: 0.0010707 seconds, Stopping threads took: 0.0000167 seconds
2015-04-14T20:36:44.379-0100: 2095.198: [GC (Allocation Failure) 
Desired survivor size 524288 bytes, new threshold 1 (max 15)
[PSYoungGen: 2304K->256K(2560K)] 11566K->9550K(13824K), 0.0010450 secs] [Times: user=0.00 sys=0.00, real=0.01 secs] 
2015-04-14T20:36:44.380-0100: 2095.199: Total time for which application threads were stopped: 0.0012425 seconds, Stopping threads took: 0.0000231 seconds
2015-04-14T20:36:45.249-0100: 2096.068: [GC (Allocation Failure) 
Desired survivor size 524288 bytes, new threshold 1 (max 15)
[PSYoungGen: 2304K->288K(2560K)] 11598K->9614K(13824K), 0.0010967 secs] [Times: user=0.00 sys=0.00, real=0.01 secs] 
2015-04-14T20:36:45.250-0100: 2096.069: Total time for which application threads were stopped: 0.0012877 seconds, Stopping threads took: 0.0000230 seconds
2015-04-14T20:36:46.085-0100: 2096.905: [GC (Allocation Failure) 
Desired survivor size 524288 bytes, new threshold 1 (max 15)
[PSYoungGen: 2336K->256K(2560K)] 11662K->9606K(13824K), 0.0009293 secs] [Times: user=0.00 sys=0.00, real=0.00 secs] 
2015-04-14T20:36:46.086-0100: 2096.906: Total time for which application threads were stopped: 0.0011234 seconds, Stopping threads took: 0.0000216 seconds
2015-04-14T20:36:46.914-0100: 2097.733: [GC (Allocation Failure) 
Desired survivor size 524288 bytes, new threshold 1 (max 15)
[PSYoungGen: 2304K->256K(2560K)] 11654K->9630K(13824K), 0.0010314 secs] [Times: user=0.01 sys=0.00, real=0.00 secs] 
2015-04-14T20:36:46.915-0100: 2097.734: Total time for which application threads were stopped: 0.0013070 seconds, Stopping threads took: 0.0000363 seconds
2015-04-14T20:36:47.807-0100: 2098.626: [GC (Allocation Failure) 
Desired survivor size 524288 bytes, new threshold 1 (max 15)
[PSYoungGen: 2304K->288K(2560K)] 11678K->9694K(13824K), 0.0010533 secs] [Times: user=0.00 sys=0.00, real=0.00 secs] 
2015-04-14T20:36:47.808-0100: 2098.627: Total time for which application threads were stopped: 0.0012445 seconds, Stopping threads took: 0.0000229 seconds
2015-04-14T20:36:48.743-0100: 2099.563: [GC (Allocation Failure) 
Desired survivor size 524288 bytes, new threshold 1 (max 15)
[PSYoungGen: 2336K->256K(2560K)] 11742K->9686K(13824K), 0.0010276 secs] [Times: user=0.00 sys=0.00, real=0.00 secs] 
2015-04-14T20:36:48.744-0100: 2099.564: Total time for which application threads were stopped: 0.0012273 seconds, Stopping threads took: 0.0000219 seconds
2015-04-14T20:36:49.696-0100: 2100.515: [GC (Allocation Failure) 
Desired survivor size 524288 bytes, new threshold 1 (max 15)
[PSYoungGen: 2304K->288K(2560K)] 11734K->9758K(13824K), 0.0010223 secs] [Times: user=0.00 sys=0.00, real=0.00 secs] 
2015-04-14T20:36:49.697-0100: 2100.516: Total time for which application threads were stopped: 0.0012328 seconds, Stopping threads took: 0.0000207 seconds
2015-04-14T20:36:50.718-0100: 2101.537: [GC (Allocation Failure) 
Desired survivor size 524288 bytes, new threshold 1 (max 15)
[PSYoungGen: 2336K->256K(2560K)] 11806K->9750K(13824K), 0.0010473 secs] [Times: user=0.01 sys=0.00, real=0.00 secs] 
2015-04-14T20:36:50.719-0100: 2101.538: Total time for which application threads were stopped: 0.0012363 seconds, Stopping threads took: 0.0000218 seconds
2015-04-14T20:36:51.700-0100: 2102.519: [GC (Allocation Failure) 
Desired survivor size 524288 bytes, new threshold 1 (max 15)
[PSYoungGen: 2304K->256K(2560K)] 11798K->9782K(13824K), 0.0010685 secs] [Times: user=0.00 sys=0.00, real=0.00 secs] 
2015-04-14T20:36:51.701-0100: 2102.520: Total time for which application threads were stopped: 0.0012868 seconds, Stopping threads took: 0.0000229 seconds
2015-04-14T20:36:52.738-0100: 2103.558: [GC (Allocation Failure) 
Desired survivor size 524288 bytes, new threshold 1 (max 15)
[PSYoungGen: 2304K->256K(2560K)] 11830K->9822K(13824K), 0.0010909 secs] [Times: user=0.00 sys=0.00, real=0.00 secs] 
2015-04-14T20:36:52.739-0100: 2103.559: Total time for which application threads were stopped: 0.0013597 seconds, Stopping threads took: 0.0000551 seconds
2015-04-14T20:36:53.775-0100: 2104.595: [GC (Allocation Failure) 
Desired survivor size 524288 bytes, new threshold 1 (max 15)
[PSYoungGen: 2304K->224K(2560K)] 11870K->9814K(13824K), 0.0008460 secs] [Times: user=0.00 sys=0.00, real=0.00 secs] 
2015-04-14T20:36:53.776-0100: 2104.596: Total time for which application threads were stopped: 0.0010073 seconds, Stopping threads took: 0.0000163 seconds
2015-04-14T20:36:54.811-0100: 2105.630: [GC (Allocation Failure) 
Desired survivor size 524288 bytes, new threshold 1 (max 15)
[PSYoungGen: 2272K->256K(2560K)] 11862K->9878K(13824K), 0.0010652 secs] [Times: user=0.00 sys=0.00, real=0.00 secs] 
2015-04-14T20:36:54.812-0100: 2105.632: Total time for which application threads were stopped: 0.0013227 seconds, Stopping threads took: 0.0000232 seconds
2015-04-14T20:36:55.816-0100: 2106.635: [GC (Allocation Failure) 
Desired survivor size 524288 bytes, new threshold 1 (max 15)
[PSYoungGen: 2304K->288K(2560K)] 11926K->9942K(13824K), 0.0010664 secs] [Times: user=0.01 sys=0.00, real=0.00 secs] 
2015-04-14T20:36:55.817-0100: 2106.636: Total time for which application threads were stopped: 0.0012570 seconds, Stopping threads took: 0.0000215 seconds
2015-04-14T20:36:56.803-0100: 2107.623: [GC (Allocation Failure) 
Desired survivor size 524288 bytes, new threshold 1 (max 15)
[PSYoungGen: 2336K->288K(2560K)] 11990K->9982K(13824K), 0.0010067 secs] [Times: user=0.00 sys=0.00, real=0.00 secs] 
2015-04-14T20:36:56.804-0100: 2107.624: Total time for which application threads were stopped: 0.0011994 seconds, Stopping threads took: 0.0000234 seconds
2015-04-14T20:36:57.805-0100: 2108.625: [GC (Allocation Failure) 
Desired survivor size 524288 bytes, new threshold 1 (max 15)
[PSYoungGen: 2336K->256K(2560K)] 12030K->9990K(13824K), 0.0010538 secs] [Times: user=0.00 sys=0.00, real=0.00 secs] 
2015-04-14T20:36:57.806-0100: 2108.626: Total time for which application threads were stopped: 0.0012512 seconds, Stopping threads took: 0.0000239 seconds
2015-04-14T20:36:58.807-0100: 2109.627: [GC (Allocation Failure) 
Desired survivor size 524288 bytes, new threshold 1 (max 15)
[PSYoungGen: 2304K->288K(2560K)] 12038K->10054K(13824K), 0.0011415 secs] [Times: user=0.01 sys=0.00, real=0.00 secs] 
2015-04-14T20:36:58.808-0100: 2109.628: Total time for which application threads were stopped: 0.0013515 seconds, Stopping threads took: 0.0000251 seconds
2015-04-14T20:36:59.811-0100: 2110.631: [GC (Allocation Failure) 
Desired survivor size 524288 bytes, new threshold 1 (max 15)
[PSYoungGen: 2336K->256K(2560K)] 12102K->10054K(13824K), 0.0008111 secs] [Times: user=0.00 sys=0.00, real=0.00 secs] 
2015-04-14T20:36:59.812-0100: 2110.632: Total time for which application threads were stopped: 0.0009569 seconds, Stopping threads took: 0.0000162 seconds
2015-04-14T20:37:00.682-0100: 2111.502: [GC (Allocation Failure) 
Desired survivor size 524288 bytes, new threshold 1 (max 15)
[PSYoungGen: 2304K->256K(2560K)] 12102K->10086K(13824K), 0.0010466 secs] [Times: user=0.00 sys=0.00, real=0.00 secs] 
2015-04-14T20:37:00.683-0100: 2111.503: Total time for which application threads were stopped: 0.0012486 seconds, Stopping threads took: 0.0000214 seconds
2015-04-14T20:37:01.712-0100: 2112.532: [GC (Allocation Failure) 
Desired survivor size 524288 bytes, new threshold 1 (max 15)
[PSYoungGen: 2304K->288K(2560K)] 12134K->10158K(13824K), 0.0009204 secs] [Times: user=0.01 sys=0.00, real=0.00 secs] 
2015-04-14T20:37:01.713-0100: 2112.533: Total time for which application threads were stopped: 0.0011253 seconds, Stopping threads took: 0.0000186 seconds
2015-04-14T20:37:02.755-0100: 2113.575: [GC (Allocation Failure) 
Desired survivor size 524288 bytes, new threshold 1 (max 15)
[PSYoungGen: 2336K->288K(2560K)] 12206K->10190K(13824K), 0.0011310 secs] [Times: user=0.01 sys=0.00, real=0.00 secs] 
2015-04-14T20:37:02.757-0100: 2113.576: Total time for which application threads were stopped: 0.0013148 seconds, Stopping threads took: 0.0000222 seconds
2015-04-14T20:37:03.775-0100: 2114.594: [GC (Allocation Failure) 
Desired survivor size 524288 bytes, new threshold 1 (max 15)
[PSYoungGen: 2336K->256K(2560K)] 12238K->10190K(13824K), 0.0009406 secs] [Times: user=0.01 sys=0.00, real=0.00 secs] 
2015-04-14T20:37:03.776-0100: 2114.595: Total time for which application threads were stopped: 0.0011116 seconds, Stopping threads took: 0.0000180 seconds
2015-04-14T20:37:04.843-0100: 2115.663: [GC (Allocation Failure) 
Desired survivor size 524288 bytes, new threshold 1 (max 15)
[PSYoungGen: 2304K->256K(2560K)] 12238K->10222K(13824K), 0.0011267 secs] [Times: user=0.00 sys=0.00, real=0.00 secs] 
2015-04-14T20:37:04.844-0100: 2115.664: Total time for which application threads were stopped: 0.0013186 seconds, Stopping threads took: 0.0000260 seconds
2015-04-14T20:37:05.848-0100: 2116.668: [GC (Allocation Failure) 
Desired survivor size 524288 bytes, new threshold 1 (max 15)
[PSYoungGen: 2304K->288K(2560K)] 12270K->10286K(13824K), 0.0010909 secs] [Times: user=0.01 sys=0.00, real=0.00 secs] 
2015-04-14T20:37:05.849-0100: 2116.669: Total time for which application threads were stopped: 0.0012791 seconds, Stopping threads took: 0.0000207 seconds
2015-04-14T20:37:06.883-0100: 2117.703: [GC (Allocation Failure) 
Desired survivor size 524288 bytes, new threshold 1 (max 15)
[PSYoungGen: 2336K->256K(2560K)] 12334K->10294K(13824K), 0.0010747 secs] [Times: user=0.00 sys=0.00, real=0.00 secs] 
2015-04-14T20:37:06.885-0100: 2117.704: Total time for which application threads were stopped: 0.0012731 seconds, Stopping threads took: 0.0000215 seconds
2015-04-14T20:37:07.903-0100: 2118.723: [GC (Allocation Failure) 
Desired survivor size 524288 bytes, new threshold 1 (max 15)
[PSYoungGen: 2304K->288K(2560K)] 12342K->10350K(13824K), 0.0010221 secs] [Times: user=0.00 sys=0.00, real=0.00 secs] 
2015-04-14T20:37:07.904-0100: 2118.724: Total time for which application threads were stopped: 0.0012228 seconds, Stopping threads took: 0.0000222 seconds
2015-04-14T20:37:08.906-0100: 2119.725: [GC (Allocation Failure) 
Desired survivor size 524288 bytes, new threshold 1 (max 15)
[PSYoungGen: 2336K->256K(2560K)] 12398K->10334K(13824K), 0.0010840 secs] [Times: user=0.01 sys=0.00, real=0.00 secs] 
2015-04-14T20:37:08.907-0100: 2119.727: Total time for which application threads were stopped: 0.0012989 seconds, Stopping threads took: 0.0000267 seconds
2015-04-14T20:37:09.893-0100: 2120.713: [GC (Allocation Failure) 
Desired survivor size 524288 bytes, new threshold 1 (max 15)
[PSYoungGen: 2304K->256K(2560K)] 12382K->10366K(13824K), 0.0009851 secs] [Times: user=0.00 sys=0.00, real=0.00 secs] 
2015-04-14T20:37:09.894-0100: 2120.714: Total time for which application threads were stopped: 0.0011642 seconds, Stopping threads took: 0.0000228 seconds
2015-04-14T20:37:10.913-0100: 2121.733: [GC (Allocation Failure) 
Desired survivor size 524288 bytes, new threshold 1 (max 15)
[PSYoungGen: 2304K->256K(2560K)] 12414K->10398K(13824K), 0.0010852 secs] [Times: user=0.01 sys=0.00, real=0.00 secs] 
2015-04-14T20:37:10.914-0100: 2121.734: Total time for which application threads were stopped: 0.0012758 seconds, Stopping threads took: 0.0000209 seconds
2015-04-14T20:37:11.900-0100: 2122.720: [GC (Allocation Failure) 
Desired survivor size 524288 bytes, new threshold 1 (max 15)
[PSYoungGen: 2304K->256K(2560K)] 12446K->10430K(13824K), 0.0009280 secs] [Times: user=0.01 sys=0.00, real=0.00 secs] 
2015-04-14T20:37:11.901-0100: 2122.721: Total time for which application threads were stopped: 0.0011216 seconds, Stopping threads took: 0.0000193 seconds
2015-04-14T20:37:12.930-0100: 2123.750: [GC (Allocation Failure) 
Desired survivor size 524288 bytes, new threshold 1 (max 15)
[PSYoungGen: 2304K->288K(2560K)] 12478K->10510K(13824K), 0.0011788 secs] [Times: user=0.00 sys=0.00, real=0.00 secs] 
2015-04-14T20:37:12.932-0100: 2123.751: Total time for which application threads were stopped: 0.0014728 seconds, Stopping threads took: 0.0000407 seconds
2015-04-14T20:37:13.923-0100: 2124.743: [GC (Allocation Failure) 
Desired survivor size 524288 bytes, new threshold 1 (max 15)
[PSYoungGen: 2336K->256K(2560K)] 12558K->10510K(13824K), 0.0010493 secs] [Times: user=0.00 sys=0.00, real=0.00 secs] 
2015-04-14T20:37:13.924-0100: 2124.744: Total time for which application threads were stopped: 0.0012442 seconds, Stopping threads took: 0.0000226 seconds
2015-04-14T20:37:14.927-0100: 2125.747: [GC (Allocation Failure) 
Desired survivor size 524288 bytes, new threshold 1 (max 15)
[PSYoungGen: 2304K->256K(2560K)] 12558K->10550K(13824K), 0.0010670 secs] [Times: user=0.00 sys=0.00, real=0.00 secs] 
2015-04-14T20:37:14.928-0100: 2125.748: Total time for which application threads were stopped: 0.0012598 seconds, Stopping threads took: 0.0000232 seconds
2015-04-14T20:37:15.945-0100: 2126.765: [GC (Allocation Failure) 
Desired survivor size 524288 bytes, new threshold 1 (max 15)
[PSYoungGen: 2304K->256K(2560K)] 12598K->10574K(13824K), 0.0007739 secs] [Times: user=0.00 sys=0.00, real=0.00 secs] 
2015-04-14T20:37:15.946-0100: 2126.766: Total time for which application threads were stopped: 0.0009226 seconds, Stopping threads took: 0.0000158 seconds
2015-04-14T20:37:16.997-0100: 2127.817: [GC (Allocation Failure) 
Desired survivor size 524288 bytes, new threshold 1 (max 15)
[PSYoungGen: 2304K->288K(2560K)] 12622K->10638K(13824K), 0.0007794 secs] [Times: user=0.00 sys=0.00, real=0.00 secs] 
2015-04-14T20:37:16.998-0100: 2127.818: Total time for which application threads were stopped: 0.0009138 seconds, Stopping threads took: 0.0000150 seconds
2015-04-14T20:37:18.035-0100: 2128.855: [GC (Allocation Failure) 
Desired survivor size 524288 bytes, new threshold 1 (max 15)
[PSYoungGen: 2336K->256K(2560K)] 12686K->10638K(13824K), 0.0009517 secs] [Times: user=0.01 sys=0.00, real=0.00 secs] 
2015-04-14T20:37:18.036-0100: 2128.856: Total time for which application threads were stopped: 0.0011320 seconds, Stopping threads took: 0.0000194 seconds
2015-04-14T20:37:19.056-0100: 2129.876: [GC (Allocation Failure) 
Desired survivor size 524288 bytes, new threshold 1 (max 15)
[PSYoungGen: 2304K->288K(2560K)] 12686K->10686K(13824K), 0.0010728 secs] [Times: user=0.00 sys=0.00, real=0.00 secs] 
2015-04-14T20:37:19.057-0100: 2129.877: Total time for which application threads were stopped: 0.0012578 seconds, Stopping threads took: 0.0000205 seconds
2015-04-14T20:37:20.060-0100: 2130.880: [GC (Allocation Failure) 
Desired survivor size 524288 bytes, new threshold 1 (max 15)
[PSYoungGen: 2336K->288K(2560K)] 12734K->10718K(13824K), 0.0010037 secs] [Times: user=0.00 sys=0.01, real=0.00 secs] 
2015-04-14T20:37:20.061-0100: 2130.881: Total time for which application threads were stopped: 0.0011970 seconds, Stopping threads took: 0.0000230 seconds
2015-04-14T20:37:21.093-0100: 2131.913: [GC (Allocation Failure) 
Desired survivor size 524288 bytes, new threshold 1 (max 15)
[PSYoungGen: 2336K->256K(2560K)] 12766K->10710K(13824K), 0.0011291 secs] [Times: user=0.00 sys=0.00, real=0.00 secs] 
2015-04-14T20:37:21.094-0100: 2131.914: Total time for which application threads were stopped: 0.0014367 seconds, Stopping threads took: 0.0000394 seconds
2015-04-14T20:37:22.065-0100: 2132.885: [GC (Allocation Failure) 
Desired survivor size 524288 bytes, new threshold 1 (max 15)
[PSYoungGen: 2304K->256K(2560K)] 12758K->10734K(13824K), 0.0008765 secs] [Times: user=0.00 sys=0.00, real=0.00 secs] 
2015-04-14T20:37:22.066-0100: 2132.886: Total time for which application threads were stopped: 0.0010240 seconds, Stopping threads took: 0.0000181 seconds
2015-04-14T20:37:23.101-0100: 2133.921: [GC (Allocation Failure) 
Desired survivor size 524288 bytes, new threshold 1 (max 15)
[PSYoungGen: 2303K->288K(2560K)] 12781K->10798K(13824K), 0.0013133 secs] [Times: user=0.00 sys=0.00, real=0.00 secs] 
2015-04-14T20:37:23.103-0100: 2133.923: Total time for which application threads were stopped: 0.0015818 seconds, Stopping threads took: 0.0000228 seconds
2015-04-14T20:37:24.133-0100: 2134.953: [GC (Allocation Failure) 
Desired survivor size 524288 bytes, new threshold 1 (max 15)
[PSYoungGen: 2336K->256K(2560K)] 12846K->10790K(13824K), 0.0010643 secs] [Times: user=0.01 sys=0.00, real=0.00 secs] 
2015-04-14T20:37:24.134-0100: 2134.954: Total time for which application threads were stopped: 0.0012625 seconds, Stopping threads took: 0.0000238 seconds
2015-04-14T20:37:25.126-0100: 2135.946: [GC (Allocation Failure) 
Desired survivor size 524288 bytes, new threshold 1 (max 15)
[PSYoungGen: 2304K->256K(2560K)] 12838K->10806K(13824K), 0.0009977 secs] [Times: user=0.01 sys=0.00, real=0.00 secs] 
2015-04-14T20:37:25.127-0100: 2135.947: Total time for which application threads were stopped: 0.0012047 seconds, Stopping threads took: 0.0000222 seconds
2015-04-14T20:37:26.146-0100: 2136.966: [GC (Allocation Failure) 
Desired survivor size 524288 bytes, new threshold 1 (max 15)
[PSYoungGen: 2304K->256K(2560K)] 12854K->10838K(13824K), 0.0010602 secs] [Times: user=0.00 sys=0.01, real=0.00 secs] 
2015-04-14T20:37:26.147-0100: 2136.967: Total time for which application threads were stopped: 0.0012597 seconds, Stopping threads took: 0.0000225 seconds
2015-04-14T20:37:27.165-0100: 2137.985: [GC (Allocation Failure) 
Desired survivor size 524288 bytes, new threshold 1 (max 15)
[PSYoungGen: 2304K->288K(2560K)] 12886K->10894K(13824K), 0.0010385 secs] [Times: user=0.00 sys=0.00, real=0.00 secs] 
2015-04-14T20:37:27.166-0100: 2137.986: Total time for which application threads were stopped: 0.0012456 seconds, Stopping threads took: 0.0000230 seconds
2015-04-14T20:37:28.196-0100: 2139.016: [GC (Allocation Failure) 
Desired survivor size 524288 bytes, new threshold 1 (max 15)
[PSYoungGen: 2336K->256K(2560K)] 12942K->10902K(13824K), 0.0011403 secs] [Times: user=0.00 sys=0.00, real=0.00 secs] 
2015-04-14T20:37:28.197-0100: 2139.018: Total time for which application threads were stopped: 0.0013966 seconds, Stopping threads took: 0.0000336 seconds
2015-04-14T20:37:29.272-0100: 2140.092: [GC (Allocation Failure) 
Desired survivor size 524288 bytes, new threshold 1 (max 15)
[PSYoungGen: 2304K->256K(2560K)] 12950K->10934K(13824K), 0.0011057 secs] [Times: user=0.00 sys=0.01, real=0.00 secs] 
2015-04-14T20:37:29.273-0100: 2140.093: Total time for which application threads were stopped: 0.0013141 seconds, Stopping threads took: 0.0000243 seconds
2015-04-14T20:37:30.259-0100: 2141.079: [GC (Allocation Failure) 
Desired survivor size 524288 bytes, new threshold 1 (max 15)
[PSYoungGen: 2304K->256K(2560K)] 12982K->10974K(13824K), 0.0010702 secs] [Times: user=0.00 sys=0.00, real=0.01 secs] 
2015-04-14T20:37:30.260-0100: 2141.080: Total time for which application threads were stopped: 0.0012566 seconds, Stopping threads took: 0.0000239 seconds
2015-04-14T20:37:31.291-0100: 2142.111: [GC (Allocation Failure) 
Desired survivor size 524288 bytes, new threshold 1 (max 15)
[PSYoungGen: 2304K->256K(2560K)] 13022K->11006K(13824K), 0.0010013 secs] [Times: user=0.00 sys=0.00, real=0.00 secs] 
2015-04-14T20:37:31.292-0100: 2142.112: Total time for which application threads were stopped: 0.0011876 seconds, Stopping threads took: 0.0000236 seconds
2015-04-14T20:37:32.315-0100: 2143.135: [GC (Allocation Failure) 
Desired survivor size 524288 bytes, new threshold 1 (max 15)
[PSYoungGen: 2304K->256K(2560K)] 13054K->11046K(13824K), 0.0009427 secs] [Times: user=0.01 sys=0.00, real=0.00 secs] 
2015-04-14T20:37:32.316-0100: 2143.136: Total time for which application threads were stopped: 0.0011183 seconds, Stopping threads took: 0.0000190 seconds
2015-04-14T20:37:33.302-0100: 2144.122: [GC (Allocation Failure) 
Desired survivor size 524288 bytes, new threshold 1 (max 15)
[PSYoungGen: 2304K->256K(2560K)] 13094K->11070K(13824K), 0.0011490 secs] [Times: user=0.01 sys=0.00, real=0.00 secs] 
2015-04-14T20:37:33.303-0100: 2144.123: Total time for which application threads were stopped: 0.0013466 seconds, Stopping threads took: 0.0000234 seconds
2015-04-14T20:37:34.405-0100: 2145.225: [GC (Allocation Failure) 
Desired survivor size 524288 bytes, new threshold 1 (max 15)
[PSYoungGen: 2304K->288K(2560K)] 13118K->11134K(13824K), 0.0010962 secs] [Times: user=0.00 sys=0.00, real=0.00 secs] 
2015-04-14T20:37:34.406-0100: 2145.226: Total time for which application threads were stopped: 0.0012868 seconds, Stopping threads took: 0.0000222 seconds
2015-04-14T20:37:35.433-0100: 2146.253: [GC (Allocation Failure) 
Desired survivor size 524288 bytes, new threshold 1 (max 15)
[PSYoungGen: 2336K->224K(2560K)] 13182K->11102K(13824K), 0.0010635 secs] [Times: user=0.00 sys=0.00, real=0.00 secs] 
2015-04-14T20:37:35.434-0100: 2146.254: Total time for which application threads were stopped: 0.0013241 seconds, Stopping threads took: 0.0000522 seconds
2015-04-14T20:37:36.445-0100: 2147.265: [GC (Allocation Failure) 
Desired survivor size 524288 bytes, new threshold 1 (max 15)
[PSYoungGen: 2272K->256K(2560K)] 13150K->11158K(13824K), 0.0010962 secs] [Times: user=0.00 sys=0.00, real=0.00 secs] 
2015-04-14T20:37:36.446-0100: 2147.266: Total time for which application threads were stopped: 0.0012887 seconds, Stopping threads took: 0.0000224 seconds
2015-04-14T20:37:37.481-0100: 2148.301: [GC (Allocation Failure) 
Desired survivor size 524288 bytes, new threshold 1 (max 15)
[PSYoungGen: 2304K->256K(2560K)] 13206K->11182K(13824K), 0.0009204 secs] [Times: user=0.00 sys=0.00, real=0.00 secs] 
2015-04-14T20:37:37.482-0100: 2148.302: Total time for which application threads were stopped: 0.0011013 seconds, Stopping threads took: 0.0000201 seconds
2015-04-14T20:37:38.515-0100: 2149.335: [GC (Allocation Failure) 
Desired survivor size 524288 bytes, new threshold 1 (max 15)
[PSYoungGen: 2304K->288K(2560K)] 13230K->11246K(13824K), 0.0011258 secs] [Times: user=0.01 sys=0.00, real=0.00 secs] 
2015-04-14T20:37:38.516-0100: 2149.336: Total time for which application threads were stopped: 0.0013492 seconds, Stopping threads took: 0.0000256 seconds
2015-04-14T20:37:39.570-0100: 2150.391: [GC (Allocation Failure) 
Desired survivor size 524288 bytes, new threshold 1 (max 15)
[PSYoungGen: 2336K->256K(2560K)] 13294K->11254K(13824K), 0.0009235 secs] [Times: user=0.01 sys=0.00, real=0.00 secs] 
2015-04-14T20:37:39.571-0100: 2150.392: Total time for which application threads were stopped: 0.0010916 seconds, Stopping threads took: 0.0000195 seconds
2015-04-14T20:37:40.506-0100: 2151.326: [GC (Allocation Failure) 
Desired survivor size 524288 bytes, new threshold 1 (max 15)
[PSYoungGen: 2304K->288K(2560K)] 13302K->11310K(13824K), 0.0010321 secs] [Times: user=0.01 sys=0.00, real=0.00 secs] 
2015-04-14T20:37:40.507-0100: 2151.327: Total time for which application threads were stopped: 0.0012292 seconds, Stopping threads took: 0.0000225 seconds
2015-04-14T20:37:41.410-0100: 2152.231: [GC (Allocation Failure) 
Desired survivor size 524288 bytes, new threshold 1 (max 15)
[PSYoungGen: 2336K->256K(2560K)] 13358K->11310K(13824K), 0.0010698 secs] [Times: user=0.01 sys=0.00, real=0.00 secs] 
2015-04-14T20:37:41.411-0100: 2152.232: Total time for which application threads were stopped: 0.0012685 seconds, Stopping threads took: 0.0000243 seconds
2015-04-14T20:37:42.343-0100: 2153.164: [GC (Allocation Failure) 
Desired survivor size 524288 bytes, new threshold 1 (max 15)
[PSYoungGen: 2304K->288K(2560K)] 13358K->11382K(13824K), 0.0010880 secs] [Times: user=0.00 sys=0.00, real=0.00 secs] 
2015-04-14T20:37:42.345-0100: 2153.165: Total time for which application threads were stopped: 0.0012753 seconds, Stopping threads took: 0.0000217 seconds
2015-04-14T20:37:43.281-0100: 2154.101: [GC (Allocation Failure) 
Desired survivor size 524288 bytes, new threshold 1 (max 15)
[PSYoungGen: 2336K->256K(2560K)] 13430K->11374K(13824K), 0.0007640 secs] [Times: user=0.00 sys=0.00, real=0.00 secs] 
2015-04-14T20:37:43.281-0100: 2154.102: Total time for which application threads were stopped: 0.0009326 seconds, Stopping threads took: 0.0000147 seconds
2015-04-14T20:37:44.148-0100: 2154.969: [GC (Allocation Failure) 
Desired survivor size 524288 bytes, new threshold 1 (max 15)
[PSYoungGen: 2304K->288K(2560K)] 13422K->11422K(13824K), 0.0007614 secs] [Times: user=0.00 sys=0.00, real=0.00 secs] 
2015-04-14T20:37:44.149-0100: 2154.969: Total time for which application threads were stopped: 0.0008938 seconds, Stopping threads took: 0.0000144 seconds
2015-04-14T20:37:45.035-0100: 2155.856: [GC (Allocation Failure) 
Desired survivor size 524288 bytes, new threshold 1 (max 15)
[PSYoungGen: 2336K->256K(2560K)] 13470K->11422K(13824K), 0.0010520 secs] [Times: user=0.00 sys=0.00, real=0.00 secs] 
2015-04-14T20:37:45.037-0100: 2155.857: Total time for which application threads were stopped: 0.0012425 seconds, Stopping threads took: 0.0000220 seconds
2015-04-14T20:37:45.858-0100: 2156.678: [GC (Allocation Failure) 
Desired survivor size 524288 bytes, new threshold 1 (max 15)
[PSYoungGen: 2304K->288K(2560K)] 13470K->11486K(13824K), 0.0010901 secs] [Times: user=0.00 sys=0.00, real=0.00 secs] 
2015-04-14T20:37:45.859-0100: 2156.679: Total time for which application threads were stopped: 0.0012920 seconds, Stopping threads took: 0.0000237 seconds
2015-04-14T20:37:46.710-0100: 2157.530: [GC (Allocation Failure) 
Desired survivor size 524288 bytes, new threshold 1 (max 15)
[PSYoungGen: 2336K->288K(2560K)] 13534K->11518K(13824K), 0.0011037 secs] [Times: user=0.00 sys=0.00, real=0.00 secs] 
2015-04-14T20:37:46.711-0100: 2157.531: [Full GC (Ergonomics) [PSYoungGen: 288K->0K(2560K)] [ParOldGen: 11230K->8370K(11264K)] 11518K->8370K(13824K), [Metaspace: 17884K->17884K(1064960K)], 0.0182420 secs] [Times: user=0.06 sys=0.00, real=0.01 secs] 
2015-04-14T20:37:46.729-0100: 2157.550: Total time for which application threads were stopped: 0.0196475 seconds, Stopping threads took: 0.0000209 seconds
2015-04-14T20:37:47.560-0100: 2158.380: [GC (Allocation Failure) 
Desired survivor size 524288 bytes, new threshold 1 (max 15)
[PSYoungGen: 2048K->256K(2560K)] 10418K->8626K(13824K), 0.0008318 secs] [Times: user=0.00 sys=0.00, real=0.00 secs] 
2015-04-14T20:37:47.561-0100: 2158.381: Total time for which application threads were stopped: 0.0009890 seconds, Stopping threads took: 0.0000176 seconds
2015-04-14T20:37:48.481-0100: 2159.301: [GC (Allocation Failure) 
Desired survivor size 524288 bytes, new threshold 1 (max 15)
[PSYoungGen: 2304K->256K(2560K)] 10674K->8666K(13824K), 0.0010710 secs] [Times: user=0.00 sys=0.00, real=0.00 secs] 
2015-04-14T20:37:48.482-0100: 2159.302: Total time for which application threads were stopped: 0.0012838 seconds, Stopping threads took: 0.0000223 seconds
2015-04-14T20:37:49.448-0100: 2160.268: [GC (Allocation Failure) 
Desired survivor size 524288 bytes, new threshold 1 (max 15)
[PSYoungGen: 2304K->224K(2560K)] 10714K->8666K(13824K), 0.0011131 secs] [Times: user=0.01 sys=0.00, real=0.00 secs] 
2015-04-14T20:37:49.449-0100: 2160.269: Total time for which application threads were stopped: 0.0013229 seconds, Stopping threads took: 0.0000302 seconds
2015-04-14T20:37:50.386-0100: 2161.207: [GC (Allocation Failure) 
Desired survivor size 524288 bytes, new threshold 1 (max 15)
[PSYoungGen: 2272K->288K(2560K)] 10714K->8754K(13824K), 0.0011510 secs] [Times: user=0.00 sys=0.00, real=0.00 secs] 
2015-04-14T20:37:50.387-0100: 2161.208: Total time for which application threads were stopped: 0.0013417 seconds, Stopping threads took: 0.0000225 seconds
2015-04-14T20:37:51.455-0100: 2162.275: [GC (Allocation Failure) 
Desired survivor size 524288 bytes, new threshold 1 (max 15)
[PSYoungGen: 2336K->256K(2560K)] 10802K->8762K(13824K), 0.0010257 secs] [Times: user=0.00 sys=0.00, real=0.00 secs] 
2015-04-14T20:37:51.456-0100: 2162.276: Total time for which application threads were stopped: 0.0012303 seconds, Stopping threads took: 0.0000250 seconds
2015-04-14T20:37:52.445-0100: 2163.266: [GC (Allocation Failure) 
Desired survivor size 524288 bytes, new threshold 1 (max 15)
[PSYoungGen: 2304K->256K(2560K)] 10810K->8786K(13824K), 0.0010451 secs] [Times: user=0.01 sys=0.00, real=0.00 secs] 
2015-04-14T20:37:52.446-0100: 2163.267: Total time for which application threads were stopped: 0.0012436 seconds, Stopping threads took: 0.0000226 seconds
2015-04-14T20:37:53.445-0100: 2164.266: [GC (Allocation Failure) 
Desired survivor size 524288 bytes, new threshold 1 (max 15)
[PSYoungGen: 2304K->256K(2560K)] 10834K->8818K(13824K), 0.0010900 secs] [Times: user=0.00 sys=0.00, real=0.00 secs] 
2015-04-14T20:37:53.446-0100: 2164.267: Total time for which application threads were stopped: 0.0012941 seconds, Stopping threads took: 0.0000278 seconds
2015-04-14T20:37:54.452-0100: 2165.272: [GC (Allocation Failure) 
Desired survivor size 524288 bytes, new threshold 1 (max 15)
[PSYoungGen: 2304K->256K(2560K)] 10866K->8842K(13824K), 0.0010169 secs] [Times: user=0.00 sys=0.00, real=0.00 secs] 
2015-04-14T20:37:54.453-0100: 2165.273: Total time for which application threads were stopped: 0.0012052 seconds, Stopping threads took: 0.0000232 seconds
2015-04-14T20:37:55.471-0100: 2166.292: [GC (Allocation Failure) 
Desired survivor size 524288 bytes, new threshold 1 (max 15)
[PSYoungGen: 2304K->256K(2560K)] 10890K->8874K(13824K), 0.0010186 secs] [Times: user=0.01 sys=0.00, real=0.00 secs] 
2015-04-14T20:37:55.472-0100: 2166.293: Total time for which application threads were stopped: 0.0012114 seconds, Stopping threads took: 0.0000210 seconds
2015-04-14T20:37:56.490-0100: 2167.311: [GC (Allocation Failure) 
Desired survivor size 524288 bytes, new threshold 1 (max 15)
[PSYoungGen: 2304K->256K(2560K)] 10922K->8898K(13824K), 0.0010136 secs] [Times: user=0.01 sys=0.00, real=0.00 secs] 
2015-04-14T20:37:56.491-0100: 2167.312: Total time for which application threads were stopped: 0.0012248 seconds, Stopping threads took: 0.0000221 seconds
2015-04-14T20:37:57.525-0100: 2168.346: [GC (Allocation Failure) 
Desired survivor size 524288 bytes, new threshold 1 (max 15)
[PSYoungGen: 2304K->288K(2560K)] 10946K->8962K(13824K), 0.0010305 secs] [Times: user=0.00 sys=0.00, real=0.00 secs] 
2015-04-14T20:37:57.526-0100: 2168.347: Total time for which application threads were stopped: 0.0012169 seconds, Stopping threads took: 0.0000240 seconds
2015-04-14T20:37:58.513-0100: 2169.333: [GC (Allocation Failure) 
Desired survivor size 524288 bytes, new threshold 1 (max 15)
[PSYoungGen: 2336K->256K(2560K)] 11010K->8970K(13824K), 0.0010477 secs] [Times: user=0.00 sys=0.00, real=0.00 secs] 
2015-04-14T20:37:58.514-0100: 2169.334: Total time for which application threads were stopped: 0.0012324 seconds, Stopping threads took: 0.0000220 seconds
2015-04-14T20:37:59.499-0100: 2170.319: [GC (Allocation Failure) 
Desired survivor size 524288 bytes, new threshold 1 (max 15)
[PSYoungGen: 2304K->256K(2560K)] 11018K->9002K(13824K), 0.0010724 secs] [Times: user=0.01 sys=0.00, real=0.01 secs] 
2015-04-14T20:37:59.500-0100: 2170.321: Total time for which application threads were stopped: 0.0012874 seconds, Stopping threads took: 0.0000235 seconds
2015-04-14T20:38:00.318-0100: 2171.138: [GC (Allocation Failure) 
Desired survivor size 524288 bytes, new threshold 1 (max 15)
[PSYoungGen: 2304K->256K(2560K)] 11050K->9034K(13824K), 0.0010095 secs] [Times: user=0.00 sys=0.00, real=0.00 secs] 
2015-04-14T20:38:00.319-0100: 2171.139: Total time for which application threads were stopped: 0.0012013 seconds, Stopping threads took: 0.0000224 seconds
2015-04-14T20:38:01.321-0100: 2172.142: [GC (Allocation Failure) 
Desired survivor size 524288 bytes, new threshold 1 (max 15)
[PSYoungGen: 2304K->288K(2560K)] 11082K->9106K(13824K), 0.0010896 secs] [Times: user=0.01 sys=0.00, real=0.00 secs] 
2015-04-14T20:38:01.322-0100: 2172.143: Total time for which application threads were stopped: 0.0012866 seconds, Stopping threads took: 0.0000223 seconds
2015-04-14T20:38:02.338-0100: 2173.159: [GC (Allocation Failure) 
Desired survivor size 524288 bytes, new threshold 1 (max 15)
[PSYoungGen: 2336K->288K(2560K)] 11154K->9138K(13824K), 0.0010121 secs] [Times: user=0.00 sys=0.00, real=0.00 secs] 
2015-04-14T20:38:02.339-0100: 2173.160: Total time for which application threads were stopped: 0.0012259 seconds, Stopping threads took: 0.0000234 seconds
2015-04-14T20:38:03.330-0100: 2174.150: [GC (Allocation Failure) 
Desired survivor size 524288 bytes, new threshold 1 (max 15)
[PSYoungGen: 2336K->256K(2560K)] 11186K->9154K(13824K), 0.0010471 secs] [Times: user=0.01 sys=0.01, real=0.00 secs] 
2015-04-14T20:38:03.331-0100: 2174.151: Total time for which application threads were stopped: 0.0012338 seconds, Stopping threads took: 0.0000213 seconds
2015-04-14T20:38:04.361-0100: 2175.182: [GC (Allocation Failure) 
Desired survivor size 524288 bytes, new threshold 1 (max 15)
[PSYoungGen: 2304K->256K(2560K)] 11202K->9170K(13824K), 0.0009011 secs] [Times: user=0.00 sys=0.00, real=0.00 secs] 
2015-04-14T20:38:04.362-0100: 2175.183: Total time for which application threads were stopped: 0.0010842 seconds, Stopping threads took: 0.0000255 seconds
2015-04-14T20:38:05.366-0100: 2176.187: [GC (Allocation Failure) 
Desired survivor size 524288 bytes, new threshold 1 (max 15)
[PSYoungGen: 2304K->288K(2560K)] 11218K->9226K(13824K), 0.0007928 secs] [Times: user=0.01 sys=0.00, real=0.00 secs] 
2015-04-14T20:38:05.367-0100: 2176.188: Total time for which application threads were stopped: 0.0009344 seconds, Stopping threads took: 0.0000151 seconds
2015-04-14T20:38:06.405-0100: 2177.225: [GC (Allocation Failure) 
Desired survivor size 524288 bytes, new threshold 1 (max 15)
[PSYoungGen: 2336K->224K(2560K)] 11274K->9186K(13824K), 0.0011215 secs] [Times: user=0.01 sys=0.00, real=0.00 secs] 
2015-04-14T20:38:06.406-0100: 2177.227: Total time for which application threads were stopped: 0.0013100 seconds, Stopping threads took: 0.0000210 seconds
2015-04-14T20:38:07.472-0100: 2178.293: [GC (Allocation Failure) 
Desired survivor size 524288 bytes, new threshold 1 (max 15)
[PSYoungGen: 2272K->288K(2560K)] 11234K->9282K(13824K), 0.0009509 secs] [Times: user=0.00 sys=0.00, real=0.00 secs] 
2015-04-14T20:38:07.473-0100: 2178.294: Total time for which application threads were stopped: 0.0011287 seconds, Stopping threads took: 0.0000227 seconds
2015-04-14T20:38:08.495-0100: 2179.316: [GC (Allocation Failure) 
Desired survivor size 524288 bytes, new threshold 1 (max 15)
[PSYoungGen: 2336K->256K(2560K)] 11330K->9274K(13824K), 0.0010900 secs] [Times: user=0.01 sys=0.00, real=0.00 secs] 
2015-04-14T20:38:08.496-0100: 2179.317: Total time for which application threads were stopped: 0.0013019 seconds, Stopping threads took: 0.0000228 seconds
2015-04-14T20:38:09.532-0100: 2180.353: [GC (Allocation Failure) 
Desired survivor size 524288 bytes, new threshold 1 (max 15)
[PSYoungGen: 2304K->288K(2560K)] 11322K->9330K(13824K), 0.0010196 secs] [Times: user=0.00 sys=0.00, real=0.00 secs] 
2015-04-14T20:38:09.533-0100: 2180.354: Total time for which application threads were stopped: 0.0012158 seconds, Stopping threads took: 0.0000205 seconds
2015-04-14T20:38:10.534-0100: 2181.355: [GC (Allocation Failure) 
Desired survivor size 524288 bytes, new threshold 1 (max 15)
[PSYoungGen: 2336K->288K(2560K)] 11378K->9362K(13824K), 0.0010974 secs] [Times: user=0.01 sys=0.00, real=0.00 secs] 
2015-04-14T20:38:10.535-0100: 2181.356: Total time for which application threads were stopped: 0.0013037 seconds, Stopping threads took: 0.0000230 seconds
2015-04-14T20:38:11.586-0100: 2182.406: [GC (Allocation Failure) 
Desired survivor size 524288 bytes, new threshold 1 (max 15)
[PSYoungGen: 2336K->288K(2560K)] 11410K->9402K(13824K), 0.0010902 secs] [Times: user=0.00 sys=0.00, real=0.00 secs] 
2015-04-14T20:38:11.587-0100: 2182.408: Total time for which application threads were stopped: 0.0012974 seconds, Stopping threads took: 0.0000237 seconds
2015-04-14T20:38:12.558-0100: 2183.379: [GC (Allocation Failure) 
Desired survivor size 524288 bytes, new threshold 1 (max 15)
[PSYoungGen: 2336K->288K(2560K)] 11450K->9426K(13824K), 0.0009658 secs] [Times: user=0.00 sys=0.00, real=0.00 secs] 
2015-04-14T20:38:12.559-0100: 2183.380: Total time for which application threads were stopped: 0.0011756 seconds, Stopping threads took: 0.0000212 seconds
2015-04-14T20:38:13.643-0100: 2184.463: [GC (Allocation Failure) 
Desired survivor size 524288 bytes, new threshold 1 (max 15)
[PSYoungGen: 2336K->288K(2560K)] 11474K->9458K(13824K), 0.0010639 secs] [Times: user=0.00 sys=0.00, real=0.00 secs] 
2015-04-14T20:38:13.644-0100: 2184.465: Total time for which application threads were stopped: 0.0012540 seconds, Stopping threads took: 0.0000231 seconds
2015-04-14T20:38:14.661-0100: 2185.482: [GC (Allocation Failure) 
Desired survivor size 524288 bytes, new threshold 1 (max 15)
[PSYoungGen: 2336K->256K(2560K)] 11506K->9450K(13824K), 0.0011226 secs] [Times: user=0.00 sys=0.00, real=0.00 secs] 
2015-04-14T20:38:14.663-0100: 2185.483: Total time for which application threads were stopped: 0.0013208 seconds, Stopping threads took: 0.0000278 seconds
2015-04-14T20:38:15.651-0100: 2186.472: [GC (Allocation Failure) 
Desired survivor size 524288 bytes, new threshold 1 (max 15)
[PSYoungGen: 2304K->256K(2560K)] 11498K->9482K(13824K), 0.0010002 secs] [Times: user=0.00 sys=0.00, real=0.00 secs] 
2015-04-14T20:38:15.652-0100: 2186.473: Total time for which application threads were stopped: 0.0011828 seconds, Stopping threads took: 0.0000234 seconds
2015-04-14T20:38:16.688-0100: 2187.509: [GC (Allocation Failure) 
Desired survivor size 524288 bytes, new threshold 1 (max 15)
[PSYoungGen: 2304K->288K(2560K)] 11530K->9538K(13824K), 0.0010056 secs] [Times: user=0.01 sys=0.00, real=0.00 secs] 
2015-04-14T20:38:16.689-0100: 2187.510: Total time for which application threads were stopped: 0.0012178 seconds, Stopping threads took: 0.0000238 seconds
2015-04-14T20:38:17.691-0100: 2188.512: [GC (Allocation Failure) 
Desired survivor size 524288 bytes, new threshold 1 (max 15)
[PSYoungGen: 2336K->256K(2560K)] 11586K->9538K(13824K), 0.0010547 secs] [Times: user=0.01 sys=0.00, real=0.00 secs] 
2015-04-14T20:38:17.692-0100: 2188.513: Total time for which application threads were stopped: 0.0012534 seconds, Stopping threads took: 0.0000245 seconds
2015-04-14T20:38:18.708-0100: 2189.529: [GC (Allocation Failure) 
Desired survivor size 524288 bytes, new threshold 1 (max 15)
[PSYoungGen: 2304K->288K(2560K)] 11586K->9594K(13824K), 0.0010522 secs] [Times: user=0.00 sys=0.00, real=0.00 secs] 
2015-04-14T20:38:18.709-0100: 2189.530: Total time for which application threads were stopped: 0.0012636 seconds, Stopping threads took: 0.0000238 seconds
2015-04-14T20:38:19.729-0100: 2190.550: [GC (Allocation Failure) 
Desired survivor size 524288 bytes, new threshold 1 (max 15)
[PSYoungGen: 2336K->256K(2560K)] 11642K->9586K(13824K), 0.0008698 secs] [Times: user=0.00 sys=0.00, real=0.01 secs] 
2015-04-14T20:38:19.730-0100: 2190.551: Total time for which application threads were stopped: 0.0010324 seconds, Stopping threads took: 0.0000180 seconds
2015-04-14T20:38:20.732-0100: 2191.553: [GC (Allocation Failure) 
Desired survivor size 524288 bytes, new threshold 1 (max 15)
[PSYoungGen: 2304K->288K(2560K)] 11634K->9658K(13824K), 0.0010402 secs] [Times: user=0.01 sys=0.00, real=0.00 secs] 
2015-04-14T20:38:20.733-0100: 2191.554: Total time for which application threads were stopped: 0.0012370 seconds, Stopping threads took: 0.0000220 seconds
2015-04-14T20:38:21.787-0100: 2192.608: [GC (Allocation Failure) 
Desired survivor size 524288 bytes, new threshold 1 (max 15)
[PSYoungGen: 2336K->256K(2560K)] 11706K->9650K(13824K), 0.0010981 secs] [Times: user=0.01 sys=0.00, real=0.00 secs] 
2015-04-14T20:38:21.788-0100: 2192.609: Total time for which application threads were stopped: 0.0012988 seconds, Stopping threads took: 0.0000236 seconds
2015-04-14T20:38:22.804-0100: 2193.625: [GC (Allocation Failure) 
Desired survivor size 524288 bytes, new threshold 1 (max 15)
[PSYoungGen: 2304K->288K(2560K)] 11698K->9706K(13824K), 0.0009825 secs] [Times: user=0.00 sys=0.00, real=0.00 secs] 
2015-04-14T20:38:22.805-0100: 2193.626: Total time for which application threads were stopped: 0.0011861 seconds, Stopping threads took: 0.0000271 seconds
2015-04-14T20:38:23.827-0100: 2194.648: [GC (Allocation Failure) 
Desired survivor size 524288 bytes, new threshold 1 (max 15)
[PSYoungGen: 2336K->288K(2560K)] 11754K->9730K(13824K), 0.0009711 secs] [Times: user=0.00 sys=0.00, real=0.00 secs] 
2015-04-14T20:38:23.828-0100: 2194.649: Total time for which application threads were stopped: 0.0011590 seconds, Stopping threads took: 0.0000216 seconds
2015-04-14T20:38:24.847-0100: 2195.668: [GC (Allocation Failure) 
Desired survivor size 524288 bytes, new threshold 1 (max 15)
[PSYoungGen: 2336K->256K(2560K)] 11778K->9738K(13824K), 0.0010904 secs] [Times: user=0.01 sys=0.01, real=0.00 secs] 
2015-04-14T20:38:24.848-0100: 2195.669: Total time for which application threads were stopped: 0.0012835 seconds, Stopping threads took: 0.0000235 seconds
2015-04-14T20:38:25.849-0100: 2196.671: [GC (Allocation Failure) 
Desired survivor size 524288 bytes, new threshold 1 (max 15)
[PSYoungGen: 2304K->224K(2560K)] 11786K->9730K(13824K), 0.0008395 secs] [Times: user=0.00 sys=0.00, real=0.01 secs] 
2015-04-14T20:38:25.850-0100: 2196.671: Total time for which application threads were stopped: 0.0010125 seconds, Stopping threads took: 0.0000208 seconds
2015-04-14T20:38:26.870-0100: 2197.691: [GC (Allocation Failure) 
Desired survivor size 524288 bytes, new threshold 1 (max 15)
[PSYoungGen: 2272K->288K(2560K)] 11778K->9826K(13824K), 0.0010647 secs] [Times: user=0.00 sys=0.00, real=0.00 secs] 
2015-04-14T20:38:26.871-0100: 2197.692: Total time for which application threads were stopped: 0.0012552 seconds, Stopping threads took: 0.0000230 seconds
2015-04-14T20:38:27.887-0100: 2198.708: [GC (Allocation Failure) 
Desired survivor size 524288 bytes, new threshold 1 (max 15)
[PSYoungGen: 2335K->224K(2560K)] 11874K->9794K(13824K), 0.0010982 secs] [Times: user=0.00 sys=0.00, real=0.00 secs] 
2015-04-14T20:38:27.888-0100: 2198.709: Total time for which application threads were stopped: 0.0013141 seconds, Stopping threads took: 0.0000249 seconds
2015-04-14T20:38:28.909-0100: 2199.730: [GC (Allocation Failure) 
Desired survivor size 524288 bytes, new threshold 1 (max 15)
[PSYoungGen: 2272K->256K(2560K)] 11842K->9850K(13824K), 0.0010823 secs] [Times: user=0.00 sys=0.00, real=0.01 secs] 
2015-04-14T20:38:28.910-0100: 2199.731: Total time for which application threads were stopped: 0.0012735 seconds, Stopping threads took: 0.0000242 seconds
2015-04-14T20:38:29.929-0100: 2200.750: [GC (Allocation Failure) 
Desired survivor size 524288 bytes, new threshold 1 (max 15)
[PSYoungGen: 2304K->256K(2560K)] 11898K->9874K(13824K), 0.0010408 secs] [Times: user=0.00 sys=0.00, real=0.01 secs] 
2015-04-14T20:38:29.930-0100: 2200.752: Total time for which application threads were stopped: 0.0012140 seconds, Stopping threads took: 0.0000199 seconds
2015-04-14T20:38:30.932-0100: 2201.753: [GC (Allocation Failure) 
Desired survivor size 524288 bytes, new threshold 1 (max 15)
[PSYoungGen: 2304K->288K(2560K)] 11922K->9946K(13824K), 0.0010232 secs] [Times: user=0.01 sys=0.00, real=0.00 secs] 
2015-04-14T20:38:30.933-0100: 2201.754: Total time for which application threads were stopped: 0.0012150 seconds, Stopping threads took: 0.0000208 seconds
2015-04-14T20:38:31.971-0100: 2202.793: [GC (Allocation Failure) 
Desired survivor size 524288 bytes, new threshold 1 (max 15)
[PSYoungGen: 2336K->256K(2560K)] 11994K->9954K(13824K), 0.0009982 secs] [Times: user=0.01 sys=0.00, real=0.00 secs] 
2015-04-14T20:38:31.973-0100: 2202.794: Total time for which application threads were stopped: 0.0011809 seconds, Stopping threads took: 0.0000219 seconds
2015-04-14T20:38:32.972-0100: 2203.793: [GC (Allocation Failure) 
Desired survivor size 524288 bytes, new threshold 1 (max 15)
[PSYoungGen: 2304K->224K(2560K)] 12002K->9954K(13824K), 0.0010403 secs] [Times: user=0.00 sys=0.00, real=0.00 secs] 
2015-04-14T20:38:32.973-0100: 2203.794: Total time for which application threads were stopped: 0.0012320 seconds, Stopping threads took: 0.0000226 seconds
2015-04-14T20:38:33.991-0100: 2204.812: [GC (Allocation Failure) 
Desired survivor size 524288 bytes, new threshold 1 (max 15)
[PSYoungGen: 2272K->288K(2560K)] 12002K->10042K(13824K), 0.0009400 secs] [Times: user=0.00 sys=0.00, real=0.00 secs] 
2015-04-14T20:38:33.992-0100: 2204.813: Total time for which application threads were stopped: 0.0011076 seconds, Stopping threads took: 0.0000178 seconds
2015-04-14T20:38:34.991-0100: 2205.812: [GC (Allocation Failure) 
Desired survivor size 524288 bytes, new threshold 1 (max 15)
[PSYoungGen: 2336K->288K(2560K)] 12090K->10074K(13824K), 0.0011194 secs] [Times: user=0.00 sys=0.01, real=0.00 secs] 
2015-04-14T20:38:34.992-0100: 2205.814: Total time for which application threads were stopped: 0.0013468 seconds, Stopping threads took: 0.0000233 seconds
2015-04-14T20:38:35.980-0100: 2206.801: [GC (Allocation Failure) 
Desired survivor size 524288 bytes, new threshold 1 (max 15)
[PSYoungGen: 2336K->288K(2560K)] 12122K->10114K(13824K), 0.0011085 secs] [Times: user=0.00 sys=0.00, real=0.00 secs] 
2015-04-14T20:38:35.981-0100: 2206.803: Total time for which application threads were stopped: 0.0012844 seconds, Stopping threads took: 0.0000220 seconds
2015-04-14T20:38:37.001-0100: 2207.823: [GC (Allocation Failure) 
Desired survivor size 524288 bytes, new threshold 1 (max 15)
[PSYoungGen: 2336K->288K(2560K)] 12162K->10146K(13824K), 0.0011053 secs] [Times: user=0.00 sys=0.00, real=0.00 secs] 
2015-04-14T20:38:37.003-0100: 2207.824: Total time for which application threads were stopped: 0.0013007 seconds, Stopping threads took: 0.0000206 seconds
2015-04-14T20:38:38.003-0100: 2208.825: [GC (Allocation Failure) 
Desired survivor size 524288 bytes, new threshold 1 (max 15)
[PSYoungGen: 2336K->256K(2560K)] 12194K->10138K(13824K), 0.0009645 secs] [Times: user=0.00 sys=0.00, real=0.00 secs] 
2015-04-14T20:38:38.004-0100: 2208.826: Total time for which application threads were stopped: 0.0011475 seconds, Stopping threads took: 0.0000208 seconds
2015-04-14T20:38:39.021-0100: 2209.842: [GC (Allocation Failure) 
Desired survivor size 524288 bytes, new threshold 1 (max 15)
[PSYoungGen: 2304K->256K(2560K)] 12186K->10162K(13824K), 0.0009489 secs] [Times: user=0.00 sys=0.01, real=0.00 secs] 
2015-04-14T20:38:39.022-0100: 2209.843: Total time for which application threads were stopped: 0.0011296 seconds, Stopping threads took: 0.0000252 seconds
2015-04-14T20:38:40.027-0100: 2210.848: [GC (Allocation Failure) 
Desired survivor size 524288 bytes, new threshold 1 (max 15)
[PSYoungGen: 2304K->256K(2560K)] 12210K->10194K(13824K), 0.0010479 secs] [Times: user=0.01 sys=0.00, real=0.00 secs] 
2015-04-14T20:38:40.028-0100: 2210.849: Total time for which application threads were stopped: 0.0012424 seconds, Stopping threads took: 0.0000215 seconds
2015-04-14T20:38:40.949-0100: 2211.770: [GC (Allocation Failure) 
Desired survivor size 524288 bytes, new threshold 1 (max 15)
[PSYoungGen: 2304K->288K(2560K)] 12242K->10250K(13824K), 0.0009319 secs] [Times: user=0.00 sys=0.00, real=0.01 secs] 
2015-04-14T20:38:40.950-0100: 2211.771: Total time for which application threads were stopped: 0.0010938 seconds, Stopping threads took: 0.0000192 seconds
2015-04-14T20:38:41.899-0100: 2212.720: [GC (Allocation Failure) 
Desired survivor size 524288 bytes, new threshold 1 (max 15)
[PSYoungGen: 2336K->256K(2560K)] 12298K->10250K(13824K), 0.0010005 secs] [Times: user=0.00 sys=0.01, real=0.01 secs] 
2015-04-14T20:38:41.900-0100: 2212.722: Total time for which application threads were stopped: 0.0011944 seconds, Stopping threads took: 0.0000224 seconds
2015-04-14T20:38:42.851-0100: 2213.673: [GC (Allocation Failure) 
Desired survivor size 524288 bytes, new threshold 1 (max 15)
[PSYoungGen: 2304K->256K(2560K)] 12298K->10282K(13824K), 0.0009742 secs] [Times: user=0.00 sys=0.00, real=0.00 secs] 
2015-04-14T20:38:42.852-0100: 2213.674: Total time for which application threads were stopped: 0.0011614 seconds, Stopping threads took: 0.0000229 seconds
2015-04-14T20:38:43.688-0100: 2214.509: [GC (Allocation Failure) 
Desired survivor size 524288 bytes, new threshold 1 (max 15)
[PSYoungGen: 2304K->256K(2560K)] 12330K->10314K(13824K), 0.0010927 secs] [Times: user=0.01 sys=0.00, real=0.00 secs] 
2015-04-14T20:38:43.689-0100: 2214.510: Total time for which application threads were stopped: 0.0013098 seconds, Stopping threads took: 0.0000212 seconds
2015-04-14T20:38:44.539-0100: 2215.361: [GC (Allocation Failure) 
Desired survivor size 524288 bytes, new threshold 1 (max 15)
[PSYoungGen: 2304K->288K(2560K)] 12362K->10370K(13824K), 0.0010716 secs] [Times: user=0.00 sys=0.00, real=0.01 secs] 
2015-04-14T20:38:44.541-0100: 2215.362: Total time for which application threads were stopped: 0.0012787 seconds, Stopping threads took: 0.0000232 seconds
2015-04-14T20:38:45.394-0100: 2216.215: [GC (Allocation Failure) 
Desired survivor size 524288 bytes, new threshold 1 (max 15)
[PSYoungGen: 2336K->288K(2560K)] 12418K->10402K(13824K), 0.0009988 secs] [Times: user=0.00 sys=0.00, real=0.00 secs] 
2015-04-14T20:38:45.395-0100: 2216.217: Total time for which application threads were stopped: 0.0011996 seconds, Stopping threads took: 0.0000221 seconds
2015-04-14T20:38:46.280-0100: 2217.101: [GC (Allocation Failure) 
Desired survivor size 524288 bytes, new threshold 1 (max 15)
[PSYoungGen: 2336K->288K(2560K)] 12450K->10426K(13824K), 0.0010296 secs] [Times: user=0.01 sys=0.00, real=0.00 secs] 
2015-04-14T20:38:46.281-0100: 2217.102: Total time for which application threads were stopped: 0.0012321 seconds, Stopping threads took: 0.0000234 seconds
2015-04-14T20:38:47.149-0100: 2217.970: [GC (Allocation Failure) 
Desired survivor size 524288 bytes, new threshold 1 (max 15)
[PSYoungGen: 2336K->288K(2560K)] 12474K->10458K(13824K), 0.0009997 secs] [Times: user=0.00 sys=0.00, real=0.01 secs] 
2015-04-14T20:38:47.150-0100: 2217.972: Total time for which application threads were stopped: 0.0011857 seconds, Stopping threads took: 0.0000226 seconds
2015-04-14T20:38:48.069-0100: 2218.891: [GC (Allocation Failure) 
Desired survivor size 524288 bytes, new threshold 1 (max 15)
[PSYoungGen: 2336K->256K(2560K)] 12506K->10458K(13824K), 0.0010229 secs] [Times: user=0.01 sys=0.00, real=0.01 secs] 
2015-04-14T20:38:48.070-0100: 2218.892: Total time for which application threads were stopped: 0.0012378 seconds, Stopping threads took: 0.0000238 seconds
2015-04-14T20:38:48.972-0100: 2219.794: [GC (Allocation Failure) 
Desired survivor size 524288 bytes, new threshold 1 (max 15)
[PSYoungGen: 2304K->288K(2560K)] 12506K->10522K(13824K), 0.0010988 secs] [Times: user=0.00 sys=0.00, real=0.00 secs] 
2015-04-14T20:38:48.973-0100: 2219.795: Total time for which application threads were stopped: 0.0013205 seconds, Stopping threads took: 0.0000226 seconds
2015-04-14T20:38:49.908-0100: 2220.730: [GC (Allocation Failure) 
Desired survivor size 524288 bytes, new threshold 1 (max 15)
[PSYoungGen: 2336K->288K(2560K)] 12570K->10554K(13824K), 0.0010259 secs] [Times: user=0.01 sys=0.00, real=0.00 secs] 
2015-04-14T20:38:49.909-0100: 2220.731: Total time for which application threads were stopped: 0.0012209 seconds, Stopping threads took: 0.0000226 seconds
2015-04-14T20:38:50.926-0100: 2221.747: [GC (Allocation Failure) 
Desired survivor size 524288 bytes, new threshold 1 (max 15)
[PSYoungGen: 2336K->256K(2560K)] 12602K->10546K(13824K), 0.0011428 secs] [Times: user=0.00 sys=0.00, real=0.00 secs] 
2015-04-14T20:38:50.927-0100: 2221.748: Total time for which application threads were stopped: 0.0013489 seconds, Stopping threads took: 0.0000231 seconds
2015-04-14T20:38:51.998-0100: 2222.819: [GC (Allocation Failure) 
Desired survivor size 524288 bytes, new threshold 1 (max 15)
[PSYoungGen: 2304K->288K(2560K)] 12594K->10618K(13824K), 0.0010563 secs] [Times: user=0.00 sys=0.00, real=0.00 secs] 
2015-04-14T20:38:51.999-0100: 2222.820: Total time for which application threads were stopped: 0.0012358 seconds, Stopping threads took: 0.0000209 seconds
2015-04-14T20:38:53.002-0100: 2223.823: [GC (Allocation Failure) 
Desired survivor size 524288 bytes, new threshold 1 (max 15)
[PSYoungGen: 2336K->256K(2560K)] 12666K->10618K(13824K), 0.0008804 secs] [Times: user=0.00 sys=0.00, real=0.00 secs] 
2015-04-14T20:38:53.004-0100: 2223.825: Total time for which application threads were stopped: 0.0021295 seconds, Stopping threads took: 0.0000221 seconds
2015-04-14T20:38:54.000-0100: 2224.822: [GC (Allocation Failure) 
Desired survivor size 524288 bytes, new threshold 1 (max 15)
[PSYoungGen: 2304K->256K(2560K)] 12666K->10642K(13824K), 0.0010587 secs] [Times: user=0.01 sys=0.00, real=0.00 secs] 
2015-04-14T20:38:54.002-0100: 2224.823: Total time for which application threads were stopped: 0.0012656 seconds, Stopping threads took: 0.0000272 seconds
2015-04-14T20:38:54.990-0100: 2225.812: [GC (Allocation Failure) 
Desired survivor size 524288 bytes, new threshold 1 (max 15)
[PSYoungGen: 2304K->256K(2560K)] 12690K->10674K(13824K), 0.0010039 secs] [Times: user=0.01 sys=0.00, real=0.00 secs] 
2015-04-14T20:38:54.991-0100: 2225.813: Total time for which application threads were stopped: 0.0011955 seconds, Stopping threads took: 0.0000210 seconds
2015-04-14T20:38:56.012-0100: 2226.833: [GC (Allocation Failure) 
Desired survivor size 524288 bytes, new threshold 1 (max 15)
[PSYoungGen: 2304K->256K(2560K)] 12722K->10698K(13824K), 0.0010721 secs] [Times: user=0.01 sys=0.00, real=0.00 secs] 
2015-04-14T20:38:56.013-0100: 2226.834: Total time for which application threads were stopped: 0.0012678 seconds, Stopping threads took: 0.0000221 seconds
2015-04-14T20:38:57.063-0100: 2227.884: [GC (Allocation Failure) 
Desired survivor size 524288 bytes, new threshold 1 (max 15)
[PSYoungGen: 2304K->288K(2560K)] 12746K->10754K(13824K), 0.0010588 secs] [Times: user=0.00 sys=0.00, real=0.00 secs] 
2015-04-14T20:38:57.064-0100: 2227.885: Total time for which application threads were stopped: 0.0012641 seconds, Stopping threads took: 0.0000217 seconds
2015-04-14T20:38:58.094-0100: 2228.916: [GC (Allocation Failure) 
Desired survivor size 524288 bytes, new threshold 1 (max 15)
[PSYoungGen: 2336K->288K(2560K)] 12802K->10794K(13824K), 0.0011796 secs] [Times: user=0.00 sys=0.00, real=0.00 secs] 
2015-04-14T20:38:58.096-0100: 2228.917: Total time for which application threads were stopped: 0.0013883 seconds, Stopping threads took: 0.0000238 seconds
2015-04-14T20:38:59.087-0100: 2229.908: [GC (Allocation Failure) 
Desired survivor size 524288 bytes, new threshold 1 (max 15)
[PSYoungGen: 2336K->256K(2560K)] 12842K->10786K(13824K), 0.0009903 secs] [Times: user=0.00 sys=0.00, real=0.00 secs] 
2015-04-14T20:38:59.088-0100: 2229.909: Total time for which application threads were stopped: 0.0011624 seconds, Stopping threads took: 0.0000228 seconds
2015-04-14T20:39:00.039-0100: 2230.861: [GC (Allocation Failure) 
Desired survivor size 524288 bytes, new threshold 1 (max 15)
[PSYoungGen: 2304K->288K(2560K)] 12834K->10850K(13824K), 0.0011019 secs] [Times: user=0.00 sys=0.00, real=0.01 secs] 
2015-04-14T20:39:00.040-0100: 2230.862: Total time for which application threads were stopped: 0.0013116 seconds, Stopping threads took: 0.0000236 seconds
2015-04-14T20:39:00.924-0100: 2231.745: [GC (Allocation Failure) 
Desired survivor size 524288 bytes, new threshold 1 (max 15)
[PSYoungGen: 2336K->256K(2560K)] 12898K->10850K(13824K), 0.0009503 secs] [Times: user=0.00 sys=0.00, real=0.00 secs] 
2015-04-14T20:39:00.925-0100: 2231.746: Total time for which application threads were stopped: 0.0011538 seconds, Stopping threads took: 0.0000294 seconds
2015-04-14T20:39:01.961-0100: 2232.783: [GC (Allocation Failure) 
Desired survivor size 524288 bytes, new threshold 1 (max 15)
[PSYoungGen: 2304K->288K(2560K)] 12898K->10914K(13824K), 0.0010685 secs] [Times: user=0.00 sys=0.00, real=0.00 secs] 
2015-04-14T20:39:01.962-0100: 2232.784: Total time for which application threads were stopped: 0.0012683 seconds, Stopping threads took: 0.0000214 seconds
2015-04-14T20:39:02.996-0100: 2233.818: [GC (Allocation Failure) 
Desired survivor size 524288 bytes, new threshold 1 (max 15)
[PSYoungGen: 2336K->256K(2560K)] 12962K->10914K(13824K), 0.0010380 secs] [Times: user=0.01 sys=0.00, real=0.00 secs] 
2015-04-14T20:39:02.998-0100: 2233.819: Total time for which application threads were stopped: 0.0012212 seconds, Stopping threads took: 0.0000247 seconds
2015-04-14T20:39:03.987-0100: 2234.808: [GC (Allocation Failure) 
Desired survivor size 524288 bytes, new threshold 1 (max 15)
[PSYoungGen: 2304K->256K(2560K)] 12962K->10954K(13824K), 0.0009913 secs] [Times: user=0.00 sys=0.00, real=0.00 secs] 
2015-04-14T20:39:03.988-0100: 2234.809: Total time for which application threads were stopped: 0.0011669 seconds, Stopping threads took: 0.0000217 seconds
2015-04-14T20:39:05.005-0100: 2235.826: [GC (Allocation Failure) 
Desired survivor size 524288 bytes, new threshold 1 (max 15)
[PSYoungGen: 2304K->256K(2560K)] 13002K->10986K(13824K), 0.0010677 secs] [Times: user=0.00 sys=0.00, real=0.00 secs] 
2015-04-14T20:39:05.006-0100: 2235.827: Total time for which application threads were stopped: 0.0012531 seconds, Stopping threads took: 0.0000239 seconds
2015-04-14T20:39:06.026-0100: 2236.848: [GC (Allocation Failure) 
Desired survivor size 524288 bytes, new threshold 1 (max 15)
[PSYoungGen: 2304K->256K(2560K)] 13034K->11010K(13824K), 0.0010239 secs] [Times: user=0.00 sys=0.00, real=0.00 secs] 
2015-04-14T20:39:06.027-0100: 2236.849: Total time for which application threads were stopped: 0.0012373 seconds, Stopping threads took: 0.0000233 seconds
2015-04-14T20:39:07.055-0100: 2237.877: [GC (Allocation Failure) 
Desired survivor size 524288 bytes, new threshold 1 (max 15)
[PSYoungGen: 2304K->256K(2560K)] 13058K->11042K(13824K), 0.0011499 secs] [Times: user=0.00 sys=0.00, real=0.00 secs] 
2015-04-14T20:39:07.056-0100: 2237.878: Total time for which application threads were stopped: 0.0014106 seconds, Stopping threads took: 0.0000346 seconds
2015-04-14T20:39:08.082-0100: 2238.904: [GC (Allocation Failure) 
Desired survivor size 524288 bytes, new threshold 1 (max 15)
[PSYoungGen: 2304K->256K(2560K)] 13090K->11074K(13824K), 0.0009962 secs] [Times: user=0.00 sys=0.00, real=0.00 secs] 
2015-04-14T20:39:08.083-0100: 2238.905: Total time for which application threads were stopped: 0.0011965 seconds, Stopping threads took: 0.0000231 seconds
2015-04-14T20:39:09.119-0100: 2239.941: [GC (Allocation Failure) 
Desired survivor size 524288 bytes, new threshold 1 (max 15)
[PSYoungGen: 2304K->288K(2560K)] 13122K->11138K(13824K), 0.0010646 secs] [Times: user=0.01 sys=0.00, real=0.01 secs] 
2015-04-14T20:39:09.120-0100: 2239.942: Total time for which application threads were stopped: 0.0012571 seconds, Stopping threads took: 0.0000208 seconds
2015-04-14T20:39:10.136-0100: 2240.958: [GC (Allocation Failure) 
Desired survivor size 524288 bytes, new threshold 1 (max 15)
[PSYoungGen: 2336K->288K(2560K)] 13186K->11162K(13824K), 0.0010596 secs] [Times: user=0.00 sys=0.00, real=0.00 secs] 
2015-04-14T20:39:10.137-0100: 2240.959: Total time for which application threads were stopped: 0.0012696 seconds, Stopping threads took: 0.0000287 seconds
2015-04-14T20:39:11.141-0100: 2241.963: [GC (Allocation Failure) 
Desired survivor size 524288 bytes, new threshold 1 (max 15)
[PSYoungGen: 2336K->256K(2560K)] 13210K->11154K(13824K), 0.0010587 secs] [Times: user=0.00 sys=0.00, real=0.00 secs] 
2015-04-14T20:39:11.142-0100: 2241.964: Total time for which application threads were stopped: 0.0012536 seconds, Stopping threads took: 0.0000235 seconds
2015-04-14T20:39:12.161-0100: 2242.983: [GC (Allocation Failure) 
Desired survivor size 524288 bytes, new threshold 1 (max 15)
[PSYoungGen: 2304K->288K(2560K)] 13202K->11226K(13824K), 0.0010345 secs] [Times: user=0.00 sys=0.00, real=0.00 secs] 
2015-04-14T20:39:12.162-0100: 2242.984: Total time for which application threads were stopped: 0.0012347 seconds, Stopping threads took: 0.0000233 seconds
2015-04-14T20:39:13.164-0100: 2243.986: [GC (Allocation Failure) 
Desired survivor size 524288 bytes, new threshold 1 (max 15)
[PSYoungGen: 2336K->256K(2560K)] 13274K->11226K(13824K), 0.0010693 secs] [Times: user=0.00 sys=0.00, real=0.00 secs] 
2015-04-14T20:39:13.165-0100: 2243.987: Total time for which application threads were stopped: 0.0012648 seconds, Stopping threads took: 0.0000221 seconds
2015-04-14T20:39:14.181-0100: 2245.003: [GC (Allocation Failure) 
Desired survivor size 524288 bytes, new threshold 1 (max 15)
[PSYoungGen: 2304K->224K(2560K)] 13274K->11226K(13824K), 0.0010375 secs] [Times: user=0.00 sys=0.00, real=0.00 secs] 
2015-04-14T20:39:14.182-0100: 2245.004: Total time for which application threads were stopped: 0.0012123 seconds, Stopping threads took: 0.0000206 seconds
2015-04-14T20:39:15.205-0100: 2246.027: [GC (Allocation Failure) 
Desired survivor size 524288 bytes, new threshold 1 (max 15)
[PSYoungGen: 2272K->256K(2560K)] 13274K->11290K(13824K), 0.0010780 secs] [Times: user=0.00 sys=0.00, real=0.00 secs] 
2015-04-14T20:39:15.206-0100: 2246.028: Total time for which application threads were stopped: 0.0012623 seconds, Stopping threads took: 0.0000232 seconds
2015-04-14T20:39:16.241-0100: 2247.063: [GC (Allocation Failure) 
Desired survivor size 524288 bytes, new threshold 1 (max 15)
[PSYoungGen: 2304K->288K(2560K)] 13338K->11354K(13824K), 0.0010543 secs] [Times: user=0.00 sys=0.00, real=0.00 secs] 
2015-04-14T20:39:16.242-0100: 2247.064: Total time for which application threads were stopped: 0.0012561 seconds, Stopping threads took: 0.0000223 seconds
2015-04-14T20:39:17.243-0100: 2248.065: [GC (Allocation Failure) 
Desired survivor size 524288 bytes, new threshold 1 (max 15)
[PSYoungGen: 2336K->288K(2560K)] 13402K->11394K(13824K), 0.0011176 secs] [Times: user=0.00 sys=0.00, real=0.00 secs] 
2015-04-14T20:39:17.244-0100: 2248.066: Total time for which application threads were stopped: 0.0013103 seconds, Stopping threads took: 0.0000233 seconds
2015-04-14T20:39:18.260-0100: 2249.082: [GC (Allocation Failure) 
Desired survivor size 524288 bytes, new threshold 1 (max 15)
[PSYoungGen: 2336K->256K(2560K)] 13442K->11394K(13824K), 0.0009817 secs] [Times: user=0.01 sys=0.00, real=0.00 secs] 
2015-04-14T20:39:18.261-0100: 2249.083: Total time for which application threads were stopped: 0.0011810 seconds, Stopping threads took: 0.0000264 seconds
2015-04-14T20:39:19.351-0100: 2250.173: [GC (Allocation Failure) 
Desired survivor size 524288 bytes, new threshold 1 (max 15)
[PSYoungGen: 2304K->288K(2560K)] 13442K->11458K(13824K), 0.0011250 secs] [Times: user=0.00 sys=0.00, real=0.00 secs] 
2015-04-14T20:39:19.352-0100: 2250.174: Total time for which application threads were stopped: 0.0013113 seconds, Stopping threads took: 0.0000226 seconds
2015-04-14T20:39:20.471-0100: 2251.292: [GC (Allocation Failure) 
Desired survivor size 524288 bytes, new threshold 1 (max 15)
[PSYoungGen: 2336K->256K(2560K)] 13506K->11450K(13824K), 0.0010957 secs] [Times: user=0.00 sys=0.00, real=0.00 secs] 
2015-04-14T20:39:20.472-0100: 2251.294: Total time for which application threads were stopped: 0.0013052 seconds, Stopping threads took: 0.0000222 seconds
2015-04-14T20:39:21.538-0100: 2252.360: [GC (Allocation Failure) 
Desired survivor size 524288 bytes, new threshold 1 (max 15)
[PSYoungGen: 2304K->256K(2560K)] 13498K->11490K(13824K), 0.0010780 secs] [Times: user=0.00 sys=0.00, real=0.00 secs] 
2015-04-14T20:39:21.539-0100: 2252.361: [Full GC (Ergonomics) [PSYoungGen: 256K->0K(2560K)] [ParOldGen: 11234K->8368K(11264K)] 11490K->8368K(13824K), [Metaspace: 17885K->17885K(1064960K)], 0.0198989 secs] [Times: user=0.07 sys=0.00, real=0.02 secs] 
2015-04-14T20:39:21.559-0100: 2252.381: Total time for which application threads were stopped: 0.0212785 seconds, Stopping threads took: 0.0000262 seconds
2015-04-14T20:39:22.544-0100: 2253.366: [GC (Allocation Failure) 
Desired survivor size 524288 bytes, new threshold 1 (max 15)
[PSYoungGen: 2048K->256K(2560K)] 10416K->8624K(13824K), 0.0010649 secs] [Times: user=0.01 sys=0.00, real=0.00 secs] 
2015-04-14T20:39:22.545-0100: 2253.367: Total time for which application threads were stopped: 0.0012646 seconds, Stopping threads took: 0.0000233 seconds
2015-04-14T20:39:23.581-0100: 2254.403: [GC (Allocation Failure) 
Desired survivor size 524288 bytes, new threshold 1 (max 15)
[PSYoungGen: 2304K->256K(2560K)] 10672K->8656K(13824K), 0.0010739 secs] [Times: user=0.00 sys=0.00, real=0.00 secs] 
2015-04-14T20:39:23.582-0100: 2254.404: Total time for which application threads were stopped: 0.0013002 seconds, Stopping threads took: 0.0000227 seconds
2015-04-14T20:39:24.647-0100: 2255.469: [GC (Allocation Failure) 
Desired survivor size 524288 bytes, new threshold 1 (max 15)
[PSYoungGen: 2304K->256K(2560K)] 10704K->8680K(13824K), 0.0010431 secs] [Times: user=0.00 sys=0.00, real=0.00 secs] 
2015-04-14T20:39:24.648-0100: 2255.470: Total time for which application threads were stopped: 0.0012573 seconds, Stopping threads took: 0.0000250 seconds
2015-04-14T20:39:25.619-0100: 2256.441: [GC (Allocation Failure) 
Desired survivor size 524288 bytes, new threshold 1 (max 15)
[PSYoungGen: 2304K->288K(2560K)] 10728K->8744K(13824K), 0.0010070 secs] [Times: user=0.00 sys=0.00, real=0.01 secs] 
2015-04-14T20:39:25.620-0100: 2256.442: Total time for which application threads were stopped: 0.0011787 seconds, Stopping threads took: 0.0000217 seconds
2015-04-14T20:39:26.657-0100: 2257.479: [GC (Allocation Failure) 
Desired survivor size 524288 bytes, new threshold 1 (max 15)
[PSYoungGen: 2336K->288K(2560K)] 10792K->8776K(13824K), 0.0010307 secs] [Times: user=0.00 sys=0.00, real=0.00 secs] 
2015-04-14T20:39:26.659-0100: 2257.481: Total time for which application threads were stopped: 0.0012250 seconds, Stopping threads took: 0.0000238 seconds
2015-04-14T20:39:27.660-0100: 2258.483: [GC (Allocation Failure) 
Desired survivor size 524288 bytes, new threshold 1 (max 15)
[PSYoungGen: 2336K->288K(2560K)] 10824K->8800K(13824K), 0.0010704 secs] [Times: user=0.00 sys=0.00, real=0.00 secs] 
2015-04-14T20:39:27.662-0100: 2258.484: Total time for which application threads were stopped: 0.0012651 seconds, Stopping threads took: 0.0000218 seconds
2015-04-14T20:39:28.688-0100: 2259.510: [GC (Allocation Failure) 
Desired survivor size 524288 bytes, new threshold 1 (max 15)
[PSYoungGen: 2336K->256K(2560K)] 10848K->8800K(13824K), 0.0011326 secs] [Times: user=0.00 sys=0.00, real=0.00 secs] 
2015-04-14T20:39:28.689-0100: 2259.511: Total time for which application threads were stopped: 0.0014290 seconds, Stopping threads took: 0.0000383 seconds
2015-04-14T20:39:29.751-0100: 2260.573: [GC (Allocation Failure) 
Desired survivor size 524288 bytes, new threshold 1 (max 15)
[PSYoungGen: 2304K->256K(2560K)] 10848K->8824K(13824K), 0.0009967 secs] [Times: user=0.00 sys=0.00, real=0.00 secs] 
2015-04-14T20:39:29.752-0100: 2260.574: Total time for which application threads were stopped: 0.0011855 seconds, Stopping threads took: 0.0000218 seconds
2015-04-14T20:39:30.869-0100: 2261.691: [GC (Allocation Failure) 
Desired survivor size 524288 bytes, new threshold 1 (max 15)
[PSYoungGen: 2304K->256K(2560K)] 10872K->8856K(13824K), 0.0010556 secs] [Times: user=0.01 sys=0.00, real=0.01 secs] 
2015-04-14T20:39:30.870-0100: 2261.693: Total time for which application threads were stopped: 0.0012754 seconds, Stopping threads took: 0.0000230 seconds
2015-04-14T20:39:31.908-0100: 2262.731: [GC (Allocation Failure) 
Desired survivor size 524288 bytes, new threshold 1 (max 15)
[PSYoungGen: 2304K->288K(2560K)] 10904K->8920K(13824K), 0.0010329 secs] [Times: user=0.00 sys=0.00, real=0.00 secs] 
2015-04-14T20:39:31.910-0100: 2262.732: Total time for which application threads were stopped: 0.0012492 seconds, Stopping threads took: 0.0000260 seconds
2015-04-14T20:39:32.911-0100: 2263.733: [GC (Allocation Failure) 
Desired survivor size 524288 bytes, new threshold 1 (max 15)
[PSYoungGen: 2336K->256K(2560K)] 10968K->8920K(13824K), 0.0010715 secs] [Times: user=0.00 sys=0.00, real=0.00 secs] 
2015-04-14T20:39:32.912-0100: 2263.734: Total time for which application threads were stopped: 0.0012688 seconds, Stopping threads took: 0.0000208 seconds
2015-04-14T20:39:33.913-0100: 2264.735: [GC (Allocation Failure) 
Desired survivor size 524288 bytes, new threshold 1 (max 15)
[PSYoungGen: 2304K->288K(2560K)] 10968K->8992K(13824K), 0.0010743 secs] [Times: user=0.00 sys=0.00, real=0.00 secs] 
2015-04-14T20:39:33.914-0100: 2264.736: Total time for which application threads were stopped: 0.0012688 seconds, Stopping threads took: 0.0000214 seconds
2015-04-14T20:39:34.933-0100: 2265.755: [GC (Allocation Failure) 
Desired survivor size 524288 bytes, new threshold 1 (max 15)
[PSYoungGen: 2336K->256K(2560K)] 11040K->8984K(13824K), 0.0010500 secs] [Times: user=0.00 sys=0.00, real=0.00 secs] 
2015-04-14T20:39:34.934-0100: 2265.756: Total time for which application threads were stopped: 0.0012618 seconds, Stopping threads took: 0.0000230 seconds
2015-04-14T20:39:35.984-0100: 2266.806: [GC (Allocation Failure) 
Desired survivor size 524288 bytes, new threshold 1 (max 15)
[PSYoungGen: 2304K->256K(2560K)] 11032K->9016K(13824K), 0.0012903 secs] [Times: user=0.00 sys=0.00, real=0.00 secs] 
2015-04-14T20:39:35.985-0100: 2266.807: Total time for which application threads were stopped: 0.0014899 seconds, Stopping threads took: 0.0000229 seconds
2015-04-14T20:39:37.006-0100: 2267.829: [GC (Allocation Failure) 
Desired survivor size 524288 bytes, new threshold 1 (max 15)
[PSYoungGen: 2304K->256K(2560K)] 11064K->9048K(13824K), 0.0009245 secs] [Times: user=0.00 sys=0.00, real=0.00 secs] 
2015-04-14T20:39:37.007-0100: 2267.830: Total time for which application threads were stopped: 0.0010854 seconds, Stopping threads took: 0.0000207 seconds
2015-04-14T20:39:38.027-0100: 2268.849: [GC (Allocation Failure) 
Desired survivor size 524288 bytes, new threshold 1 (max 15)
[PSYoungGen: 2304K->256K(2560K)] 11096K->9072K(13824K), 0.0011044 secs] [Times: user=0.00 sys=0.00, real=0.00 secs] 
2015-04-14T20:39:38.028-0100: 2268.850: Total time for which application threads were stopped: 0.0013033 seconds, Stopping threads took: 0.0000224 seconds
2015-04-14T20:39:39.045-0100: 2269.867: [GC (Allocation Failure) 
Desired survivor size 524288 bytes, new threshold 1 (max 15)
[PSYoungGen: 2304K->256K(2560K)] 11120K->9104K(13824K), 0.0010224 secs] [Times: user=0.00 sys=0.00, real=0.00 secs] 
2015-04-14T20:39:39.046-0100: 2269.868: Total time for which application threads were stopped: 0.0012224 seconds, Stopping threads took: 0.0000242 seconds
2015-04-14T20:39:40.049-0100: 2270.871: [GC (Allocation Failure) 
Desired survivor size 524288 bytes, new threshold 1 (max 15)
[PSYoungGen: 2304K->256K(2560K)] 11152K->9128K(13824K), 0.0010128 secs] [Times: user=0.00 sys=0.00, real=0.01 secs] 
2015-04-14T20:39:40.050-0100: 2270.872: Total time for which application threads were stopped: 0.0011939 seconds, Stopping threads took: 0.0000208 seconds
2015-04-14T20:39:40.951-0100: 2271.773: [GC (Allocation Failure) 
Desired survivor size 524288 bytes, new threshold 1 (max 15)
[PSYoungGen: 2304K->256K(2560K)] 11176K->9160K(13824K), 0.0011078 secs] [Times: user=0.00 sys=0.00, real=0.00 secs] 
2015-04-14T20:39:40.952-0100: 2271.775: Total time for which application threads were stopped: 0.0013087 seconds, Stopping threads took: 0.0000224 seconds
2015-04-14T20:39:41.904-0100: 2272.726: [GC (Allocation Failure) 
Desired survivor size 524288 bytes, new threshold 1 (max 15)
[PSYoungGen: 2304K->288K(2560K)] 11208K->9224K(13824K), 0.0009978 secs] [Times: user=0.00 sys=0.00, real=0.00 secs] 
2015-04-14T20:39:41.905-0100: 2272.727: Total time for which application threads were stopped: 0.0011818 seconds, Stopping threads took: 0.0000214 seconds
2015-04-14T20:39:42.824-0100: 2273.647: [GC (Allocation Failure) 
Desired survivor size 524288 bytes, new threshold 1 (max 15)
[PSYoungGen: 2336K->288K(2560K)] 11272K->9264K(13824K), 0.0011172 secs] [Times: user=0.01 sys=0.00, real=0.00 secs] 
2015-04-14T20:39:42.825-0100: 2273.648: Total time for which application threads were stopped: 0.0013360 seconds, Stopping threads took: 0.0000237 seconds
2015-04-14T20:39:43.676-0100: 2274.498: [GC (Allocation Failure) 
Desired survivor size 524288 bytes, new threshold 1 (max 15)
[PSYoungGen: 2336K->288K(2560K)] 11312K->9304K(13824K), 0.0010892 secs] [Times: user=0.00 sys=0.00, real=0.00 secs] 
2015-04-14T20:39:43.677-0100: 2274.500: Total time for which application threads were stopped: 0.0012864 seconds, Stopping threads took: 0.0000234 seconds
2015-04-14T20:39:44.514-0100: 2275.336: [GC (Allocation Failure) 
Desired survivor size 524288 bytes, new threshold 1 (max 15)
[PSYoungGen: 2336K->288K(2560K)] 11352K->9344K(13824K), 0.0010619 secs] [Times: user=0.00 sys=0.00, real=0.00 secs] 
2015-04-14T20:39:44.515-0100: 2275.337: Total time for which application threads were stopped: 0.0012588 seconds, Stopping threads took: 0.0000232 seconds
2015-04-14T20:39:45.383-0100: 2276.205: [GC (Allocation Failure) 
Desired survivor size 524288 bytes, new threshold 1 (max 15)
[PSYoungGen: 2335K->256K(2560K)] 11392K->9336K(13824K), 0.0010887 secs] [Times: user=0.01 sys=0.00, real=0.00 secs] 
2015-04-14T20:39:45.384-0100: 2276.206: Total time for which application threads were stopped: 0.0012878 seconds, Stopping threads took: 0.0000247 seconds
2015-04-14T20:39:46.251-0100: 2277.074: [GC (Allocation Failure) 
Desired survivor size 524288 bytes, new threshold 1 (max 15)
[PSYoungGen: 2304K->288K(2560K)] 11384K->9384K(13824K), 0.0010638 secs] [Times: user=0.00 sys=0.00, real=0.00 secs] 
2015-04-14T20:39:46.253-0100: 2277.075: Total time for which application threads were stopped: 0.0012514 seconds, Stopping threads took: 0.0000206 seconds
2015-04-14T20:39:47.119-0100: 2277.941: [GC (Allocation Failure) 
Desired survivor size 524288 bytes, new threshold 1 (max 15)
[PSYoungGen: 2336K->288K(2560K)] 11432K->9424K(13824K), 0.0010917 secs] [Times: user=0.00 sys=0.00, real=0.01 secs] 
2015-04-14T20:39:47.120-0100: 2277.942: Total time for which application threads were stopped: 0.0012954 seconds, Stopping threads took: 0.0000239 seconds
2015-04-14T20:39:48.122-0100: 2278.944: [GC (Allocation Failure) 
Desired survivor size 524288 bytes, new threshold 1 (max 15)
[PSYoungGen: 2336K->288K(2560K)] 11472K->9472K(13824K), 0.0010348 secs] [Times: user=0.00 sys=0.00, real=0.00 secs] 
2015-04-14T20:39:48.123-0100: 2278.945: Total time for which application threads were stopped: 0.0012309 seconds, Stopping threads took: 0.0000235 seconds
2015-04-14T20:39:49.043-0100: 2279.865: [GC (Allocation Failure) 
Desired survivor size 524288 bytes, new threshold 1 (max 15)
[PSYoungGen: 2336K->256K(2560K)] 11520K->9472K(13824K), 0.0008991 secs] [Times: user=0.01 sys=0.00, real=0.00 secs] 
2015-04-14T20:39:49.044-0100: 2279.866: Total time for which application threads were stopped: 0.0010772 seconds, Stopping threads took: 0.0000206 seconds
2015-04-14T20:39:49.996-0100: 2280.818: [GC (Allocation Failure) 
Desired survivor size 524288 bytes, new threshold 1 (max 15)
[PSYoungGen: 2304K->256K(2560K)] 11520K->9496K(13824K), 0.0011417 secs] [Times: user=0.00 sys=0.00, real=0.00 secs] 
2015-04-14T20:39:49.997-0100: 2280.820: Total time for which application threads were stopped: 0.0013370 seconds, Stopping threads took: 0.0000219 seconds
2015-04-14T20:39:50.999-0100: 2281.822: [GC (Allocation Failure) 
Desired survivor size 524288 bytes, new threshold 1 (max 15)
[PSYoungGen: 2304K->288K(2560K)] 11544K->9560K(13824K), 0.0009240 secs] [Times: user=0.01 sys=0.00, real=0.01 secs] 
2015-04-14T20:39:51.000-0100: 2281.823: Total time for which application threads were stopped: 0.0010888 seconds, Stopping threads took: 0.0000191 seconds
2015-04-14T20:39:52.034-0100: 2282.857: [GC (Allocation Failure) 
Desired survivor size 524288 bytes, new threshold 1 (max 15)
[PSYoungGen: 2336K->256K(2560K)] 11608K->9552K(13824K), 0.0009300 secs] [Times: user=0.01 sys=0.00, real=0.00 secs] 
2015-04-14T20:39:52.035-0100: 2282.858: Total time for which application threads were stopped: 0.0011266 seconds, Stopping threads took: 0.0000231 seconds
2015-04-14T20:39:53.091-0100: 2283.913: [GC (Allocation Failure) 
Desired survivor size 524288 bytes, new threshold 1 (max 15)
[PSYoungGen: 2304K->256K(2560K)] 11600K->9584K(13824K), 0.0010640 secs] [Times: user=0.00 sys=0.00, real=0.00 secs] 
2015-04-14T20:39:53.092-0100: 2283.914: Total time for which application threads were stopped: 0.0012571 seconds, Stopping threads took: 0.0000224 seconds
2015-04-14T20:39:54.124-0100: 2284.947: [GC (Allocation Failure) 
Desired survivor size 524288 bytes, new threshold 1 (max 15)
[PSYoungGen: 2304K->224K(2560K)] 11632K->9576K(13824K), 0.0010960 secs] [Times: user=0.01 sys=0.00, real=0.00 secs] 
2015-04-14T20:39:54.126-0100: 2284.948: Total time for which application threads were stopped: 0.0013399 seconds, Stopping threads took: 0.0000225 seconds
2015-04-14T20:39:55.127-0100: 2285.949: [GC (Allocation Failure) 
Desired survivor size 524288 bytes, new threshold 1 (max 15)
[PSYoungGen: 2272K->256K(2560K)] 11624K->9632K(13824K), 0.0010452 secs] [Times: user=0.01 sys=0.00, real=0.00 secs] 
2015-04-14T20:39:55.128-0100: 2285.950: Total time for which application threads were stopped: 0.0012459 seconds, Stopping threads took: 0.0000240 seconds
2015-04-14T20:39:56.150-0100: 2286.972: [GC (Allocation Failure) 
Desired survivor size 524288 bytes, new threshold 1 (max 15)
[PSYoungGen: 2304K->288K(2560K)] 11680K->9688K(13824K), 0.0008791 secs] [Times: user=0.00 sys=0.00, real=0.00 secs] 
2015-04-14T20:39:56.151-0100: 2286.973: Total time for which application threads were stopped: 0.0010368 seconds, Stopping threads took: 0.0000193 seconds
2015-04-14T20:39:57.200-0100: 2288.023: [GC (Allocation Failure) 
Desired survivor size 524288 bytes, new threshold 1 (max 15)
[PSYoungGen: 2336K->288K(2560K)] 11736K->9704K(13824K), 0.0010821 secs] [Times: user=0.00 sys=0.00, real=0.00 secs] 
2015-04-14T20:39:57.201-0100: 2288.024: Total time for which application threads were stopped: 0.0012732 seconds, Stopping threads took: 0.0000235 seconds
2015-04-14T20:39:58.223-0100: 2289.045: [GC (Allocation Failure) 
Desired survivor size 524288 bytes, new threshold 1 (max 15)
[PSYoungGen: 2336K->256K(2560K)] 11752K->9704K(13824K), 0.0011000 secs] [Times: user=0.01 sys=0.00, real=0.00 secs] 
2015-04-14T20:39:58.224-0100: 2289.046: Total time for which application threads were stopped: 0.0012896 seconds, Stopping threads took: 0.0000215 seconds
2015-04-14T20:39:59.275-0100: 2290.098: [GC (Allocation Failure) 
Desired survivor size 524288 bytes, new threshold 1 (max 15)
[PSYoungGen: 2304K->256K(2560K)] 11752K->9736K(13824K), 0.0009614 secs] [Times: user=0.00 sys=0.00, real=0.00 secs] 
2015-04-14T20:39:59.276-0100: 2290.099: Total time for which application threads were stopped: 0.0011456 seconds, Stopping threads took: 0.0000238 seconds
2015-04-14T20:40:00.130-0100: 2290.952: [GC (Allocation Failure) 
Desired survivor size 524288 bytes, new threshold 1 (max 15)
[PSYoungGen: 2304K->288K(2560K)] 11784K->9800K(13824K), 0.0010045 secs] [Times: user=0.01 sys=0.00, real=0.00 secs] 
2015-04-14T20:40:00.131-0100: 2290.953: Total time for which application threads were stopped: 0.0012080 seconds, Stopping threads took: 0.0000220 seconds
2015-04-14T20:40:01.129-0100: 2291.952: [GC (Allocation Failure) 
Desired survivor size 524288 bytes, new threshold 1 (max 15)
[PSYoungGen: 2336K->288K(2560K)] 11848K->9824K(13824K), 0.0010379 secs] [Times: user=0.00 sys=0.00, real=0.01 secs] 
2015-04-14T20:40:01.131-0100: 2291.953: Total time for which application threads were stopped: 0.0012416 seconds, Stopping threads took: 0.0000214 seconds
2015-04-14T20:40:02.148-0100: 2292.971: [GC (Allocation Failure) 
Desired survivor size 524288 bytes, new threshold 1 (max 15)
[PSYoungGen: 2336K->288K(2560K)] 11872K->9856K(13824K), 0.0010634 secs] [Times: user=0.00 sys=0.00, real=0.00 secs] 
2015-04-14T20:40:02.149-0100: 2292.972: Total time for which application threads were stopped: 0.0012581 seconds, Stopping threads took: 0.0000259 seconds
2015-04-14T20:40:03.186-0100: 2294.009: [GC (Allocation Failure) 
Desired survivor size 524288 bytes, new threshold 1 (max 15)
[PSYoungGen: 2336K->256K(2560K)] 11904K->9848K(13824K), 0.0010646 secs] [Times: user=0.00 sys=0.00, real=0.00 secs] 
2015-04-14T20:40:03.187-0100: 2294.010: Total time for which application threads were stopped: 0.0013478 seconds, Stopping threads took: 0.0000448 seconds
2015-04-14T20:40:04.240-0100: 2295.063: [GC (Allocation Failure) 
Desired survivor size 524288 bytes, new threshold 1 (max 15)
[PSYoungGen: 2304K->288K(2560K)] 11896K->9912K(13824K), 0.0010690 secs] [Times: user=0.00 sys=0.00, real=0.00 secs] 
2015-04-14T20:40:04.241-0100: 2295.064: Total time for which application threads were stopped: 0.0012459 seconds, Stopping threads took: 0.0000211 seconds
2015-04-14T20:40:05.276-0100: 2296.099: [GC (Allocation Failure) 
Desired survivor size 524288 bytes, new threshold 1 (max 15)
[PSYoungGen: 2336K->256K(2560K)] 11960K->9912K(13824K), 0.0010214 secs] [Times: user=0.00 sys=0.00, real=0.00 secs] 
2015-04-14T20:40:05.277-0100: 2296.100: Total time for which application threads were stopped: 0.0012290 seconds, Stopping threads took: 0.0000288 seconds
2015-04-14T20:40:06.265-0100: 2297.088: [GC (Allocation Failure) 
Desired survivor size 524288 bytes, new threshold 1 (max 15)
[PSYoungGen: 2304K->256K(2560K)] 11960K->9944K(13824K), 0.0010706 secs] [Times: user=0.00 sys=0.00, real=0.00 secs] 
2015-04-14T20:40:06.267-0100: 2297.089: Total time for which application threads were stopped: 0.0012547 seconds, Stopping threads took: 0.0000233 seconds
2015-04-14T20:40:07.269-0100: 2298.091: [GC (Allocation Failure) 
Desired survivor size 524288 bytes, new threshold 1 (max 15)
[PSYoungGen: 2304K->288K(2560K)] 11992K->10008K(13824K), 0.0010223 secs] [Times: user=0.00 sys=0.00, real=0.01 secs] 
2015-04-14T20:40:07.270-0100: 2298.092: Total time for which application threads were stopped: 0.0012144 seconds, Stopping threads took: 0.0000226 seconds
2015-04-14T20:40:08.320-0100: 2299.142: [GC (Allocation Failure) 
Desired survivor size 524288 bytes, new threshold 1 (max 15)
[PSYoungGen: 2336K->288K(2560K)] 12056K->10032K(13824K), 0.0010219 secs] [Times: user=0.01 sys=0.00, real=0.00 secs] 
2015-04-14T20:40:08.321-0100: 2299.144: Total time for which application threads were stopped: 0.0012119 seconds, Stopping threads took: 0.0000200 seconds
2015-04-14T20:40:09.339-0100: 2300.161: [GC (Allocation Failure) 
Desired survivor size 524288 bytes, new threshold 1 (max 15)
[PSYoungGen: 2336K->256K(2560K)] 12080K->10024K(13824K), 0.0009935 secs] [Times: user=0.01 sys=0.00, real=0.01 secs] 
2015-04-14T20:40:09.340-0100: 2300.162: Total time for which application threads were stopped: 0.0011989 seconds, Stopping threads took: 0.0000266 seconds
2015-04-14T20:40:10.361-0100: 2301.184: [GC (Allocation Failure) 
Desired survivor size 524288 bytes, new threshold 1 (max 15)
[PSYoungGen: 2304K->288K(2560K)] 12072K->10088K(13824K), 0.0009529 secs] [Times: user=0.00 sys=0.00, real=0.00 secs] 
2015-04-14T20:40:10.362-0100: 2301.185: Total time for which application threads were stopped: 0.0011229 seconds, Stopping threads took: 0.0000213 seconds
2015-04-14T20:40:11.380-0100: 2302.203: [GC (Allocation Failure) 
Desired survivor size 524288 bytes, new threshold 1 (max 15)
[PSYoungGen: 2336K->256K(2560K)] 12136K->10088K(13824K), 0.0010545 secs] [Times: user=0.00 sys=0.00, real=0.00 secs] 
2015-04-14T20:40:11.381-0100: 2302.204: Total time for which application threads were stopped: 0.0012519 seconds, Stopping threads took: 0.0000222 seconds
2015-04-14T20:40:12.385-0100: 2303.207: [GC (Allocation Failure) 
Desired survivor size 524288 bytes, new threshold 1 (max 15)
[PSYoungGen: 2304K->288K(2560K)] 12136K->10152K(13824K), 0.0010021 secs] [Times: user=0.00 sys=0.00, real=0.00 secs] 
2015-04-14T20:40:12.386-0100: 2303.209: Total time for which application threads were stopped: 0.0012037 seconds, Stopping threads took: 0.0000260 seconds
2015-04-14T20:40:13.407-0100: 2304.230: [GC (Allocation Failure) 
Desired survivor size 524288 bytes, new threshold 1 (max 15)
[PSYoungGen: 2336K->288K(2560K)] 12200K->10184K(13824K), 0.0010773 secs] [Times: user=0.01 sys=0.00, real=0.00 secs] 
2015-04-14T20:40:13.408-0100: 2304.231: Total time for which application threads were stopped: 0.0013059 seconds, Stopping threads took: 0.0000204 seconds
2015-04-14T20:40:14.408-0100: 2305.231: [GC (Allocation Failure) 
Desired survivor size 524288 bytes, new threshold 1 (max 15)
[PSYoungGen: 2336K->256K(2560K)] 12232K->10176K(13824K), 0.0010704 secs] [Times: user=0.00 sys=0.00, real=0.00 secs] 
2015-04-14T20:40:14.409-0100: 2305.232: Total time for which application threads were stopped: 0.0012411 seconds, Stopping threads took: 0.0000209 seconds
2015-04-14T20:40:15.442-0100: 2306.265: [GC (Allocation Failure) 
Desired survivor size 524288 bytes, new threshold 1 (max 15)
[PSYoungGen: 2304K->256K(2560K)] 12224K->10216K(13824K), 0.0011133 secs] [Times: user=0.01 sys=0.00, real=0.00 secs] 
2015-04-14T20:40:15.443-0100: 2306.266: Total time for which application threads were stopped: 0.0013087 seconds, Stopping threads took: 0.0000233 seconds
2015-04-14T20:40:16.479-0100: 2307.302: [GC (Allocation Failure) 
Desired survivor size 524288 bytes, new threshold 1 (max 15)
[PSYoungGen: 2304K->288K(2560K)] 12264K->10288K(13824K), 0.0010961 secs] [Times: user=0.00 sys=0.00, real=0.01 secs] 
2015-04-14T20:40:16.481-0100: 2307.303: Total time for which application threads were stopped: 0.0012969 seconds, Stopping threads took: 0.0000226 seconds
2015-04-14T20:40:17.507-0100: 2308.329: [GC (Allocation Failure) 
Desired survivor size 524288 bytes, new threshold 1 (max 15)
[PSYoungGen: 2336K->288K(2560K)] 12336K->10320K(13824K), 0.0009672 secs] [Times: user=0.00 sys=0.00, real=0.00 secs] 
2015-04-14T20:40:17.508-0100: 2308.331: Total time for which application threads were stopped: 0.0011889 seconds, Stopping threads took: 0.0000373 seconds
2015-04-14T20:40:18.521-0100: 2309.344: [GC (Allocation Failure) 
Desired survivor size 524288 bytes, new threshold 1 (max 15)
[PSYoungGen: 2336K->256K(2560K)] 12368K->10328K(13824K), 0.0010411 secs] [Times: user=0.01 sys=0.01, real=0.00 secs] 
2015-04-14T20:40:18.522-0100: 2309.345: Total time for which application threads were stopped: 0.0012330 seconds, Stopping threads took: 0.0000213 seconds
2015-04-14T20:40:19.572-0100: 2310.395: [GC (Allocation Failure) 
Desired survivor size 524288 bytes, new threshold 1 (max 15)
[PSYoungGen: 2304K->288K(2560K)] 12376K->10384K(13824K), 0.0010454 secs] [Times: user=0.00 sys=0.00, real=0.00 secs] 
2015-04-14T20:40:19.573-0100: 2310.396: Total time for which application threads were stopped: 0.0012379 seconds, Stopping threads took: 0.0000230 seconds
2015-04-14T20:40:20.592-0100: 2311.415: [GC (Allocation Failure) 
Desired survivor size 524288 bytes, new threshold 1 (max 15)
[PSYoungGen: 2336K->256K(2560K)] 12432K->10376K(13824K), 0.0010817 secs] [Times: user=0.00 sys=0.00, real=0.00 secs] 
2015-04-14T20:40:20.593-0100: 2311.416: Total time for which application threads were stopped: 0.0012696 seconds, Stopping threads took: 0.0000216 seconds
2015-04-14T20:40:21.659-0100: 2312.482: [GC (Allocation Failure) 
Desired survivor size 524288 bytes, new threshold 1 (max 15)
[PSYoungGen: 2304K->256K(2560K)] 12424K->10408K(13824K), 0.0009207 secs] [Times: user=0.00 sys=0.00, real=0.01 secs] 
2015-04-14T20:40:21.660-0100: 2312.483: Total time for which application threads were stopped: 0.0010968 seconds, Stopping threads took: 0.0000242 seconds
2015-04-14T20:40:22.700-0100: 2313.523: [GC (Allocation Failure) 
Desired survivor size 524288 bytes, new threshold 1 (max 15)
[PSYoungGen: 2304K->288K(2560K)] 12456K->10472K(13824K), 0.0010685 secs] [Times: user=0.01 sys=0.00, real=0.00 secs] 
2015-04-14T20:40:22.701-0100: 2313.524: Total time for which application threads were stopped: 0.0012571 seconds, Stopping threads took: 0.0000222 seconds
2015-04-14T20:40:23.702-0100: 2314.525: [GC (Allocation Failure) 
Desired survivor size 524288 bytes, new threshold 1 (max 15)
[PSYoungGen: 2336K->256K(2560K)] 12520K->10472K(13824K), 0.0011058 secs] [Times: user=0.01 sys=0.00, real=0.00 secs] 
2015-04-14T20:40:23.703-0100: 2314.526: Total time for which application threads were stopped: 0.0013105 seconds, Stopping threads took: 0.0000235 seconds
2015-04-14T20:40:24.754-0100: 2315.577: [GC (Allocation Failure) 
Desired survivor size 524288 bytes, new threshold 1 (max 15)
[PSYoungGen: 2304K->192K(2560K)] 12520K->10424K(13824K), 0.0010318 secs] [Times: user=0.00 sys=0.00, real=0.00 secs] 
2015-04-14T20:40:24.755-0100: 2315.578: Total time for which application threads were stopped: 0.0012281 seconds, Stopping threads took: 0.0000280 seconds
2015-04-14T20:40:25.810-0100: 2316.633: [GC (Allocation Failure) 
Desired survivor size 524288 bytes, new threshold 1 (max 15)
[PSYoungGen: 2240K->256K(2560K)] 12472K->10520K(13824K), 0.0010705 secs] [Times: user=0.01 sys=0.00, real=0.00 secs] 
2015-04-14T20:40:25.811-0100: 2316.634: Total time for which application threads were stopped: 0.0012695 seconds, Stopping threads took: 0.0000201 seconds
2015-04-14T20:40:26.926-0100: 2317.749: [GC (Allocation Failure) 
Desired survivor size 524288 bytes, new threshold 1 (max 15)
[PSYoungGen: 2304K->288K(2560K)] 12568K->10584K(13824K), 0.0011101 secs] [Times: user=0.00 sys=0.00, real=0.00 secs] 
2015-04-14T20:40:26.927-0100: 2317.750: Total time for which application threads were stopped: 0.0013527 seconds, Stopping threads took: 0.0000402 seconds
2015-04-14T20:40:27.900-0100: 2318.723: [GC (Allocation Failure) 
Desired survivor size 524288 bytes, new threshold 1 (max 15)
[PSYoungGen: 2336K->256K(2560K)] 12632K->10584K(13824K), 0.0010066 secs] [Times: user=0.00 sys=0.00, real=0.00 secs] 
2015-04-14T20:40:27.901-0100: 2318.724: Total time for which application threads were stopped: 0.0011938 seconds, Stopping threads took: 0.0000223 seconds
2015-04-14T20:40:28.920-0100: 2319.743: [GC (Allocation Failure) 
Desired survivor size 524288 bytes, new threshold 1 (max 15)
[PSYoungGen: 2304K->288K(2560K)] 12632K->10648K(13824K), 0.0009872 secs] [Times: user=0.00 sys=0.00, real=0.00 secs] 
2015-04-14T20:40:28.921-0100: 2319.744: Total time for which application threads were stopped: 0.0011872 seconds, Stopping threads took: 0.0000228 seconds
2015-04-14T20:40:30.022-0100: 2320.845: [GC (Allocation Failure) 
Desired survivor size 524288 bytes, new threshold 1 (max 15)
[PSYoungGen: 2336K->256K(2560K)] 12696K->10648K(13824K), 0.0010626 secs] [Times: user=0.01 sys=0.00, real=0.00 secs] 
2015-04-14T20:40:30.023-0100: 2320.846: Total time for which application threads were stopped: 0.0012592 seconds, Stopping threads took: 0.0000233 seconds
2015-04-14T20:40:31.089-0100: 2321.912: [GC (Allocation Failure) 
Desired survivor size 524288 bytes, new threshold 1 (max 15)
[PSYoungGen: 2304K->288K(2560K)] 12696K->10712K(13824K), 0.0010169 secs] [Times: user=0.01 sys=0.00, real=0.01 secs] 
2015-04-14T20:40:31.090-0100: 2321.913: Total time for which application threads were stopped: 0.0012274 seconds, Stopping threads took: 0.0000272 seconds
2015-04-14T20:40:32.079-0100: 2322.902: [GC (Allocation Failure) 
Desired survivor size 524288 bytes, new threshold 1 (max 15)
[PSYoungGen: 2336K->288K(2560K)] 12760K->10744K(13824K), 0.0010918 secs] [Times: user=0.00 sys=0.00, real=0.01 secs] 
2015-04-14T20:40:32.080-0100: 2322.903: Total time for which application threads were stopped: 0.0012898 seconds, Stopping threads took: 0.0000235 seconds
2015-04-14T20:40:33.082-0100: 2323.905: [GC (Allocation Failure) 
Desired survivor size 524288 bytes, new threshold 1 (max 15)
[PSYoungGen: 2336K->288K(2560K)] 12792K->10768K(13824K), 0.0010473 secs] [Times: user=0.00 sys=0.00, real=0.00 secs] 
2015-04-14T20:40:33.083-0100: 2323.906: Total time for which application threads were stopped: 0.0012391 seconds, Stopping threads took: 0.0000225 seconds
2015-04-14T20:40:34.085-0100: 2324.908: [GC (Allocation Failure) 
Desired survivor size 524288 bytes, new threshold 1 (max 15)
[PSYoungGen: 2336K->256K(2560K)] 12816K->10760K(13824K), 0.0007692 secs] [Times: user=0.00 sys=0.00, real=0.00 secs] 
2015-04-14T20:40:34.086-0100: 2324.909: Total time for which application threads were stopped: 0.0009193 seconds, Stopping threads took: 0.0000150 seconds
2015-04-14T20:40:35.101-0100: 2325.924: [GC (Allocation Failure) 
Desired survivor size 524288 bytes, new threshold 1 (max 15)
[PSYoungGen: 2304K->256K(2560K)] 12808K->10792K(13824K), 0.0010497 secs] [Times: user=0.00 sys=0.00, real=0.00 secs] 
2015-04-14T20:40:35.102-0100: 2325.925: Total time for which application threads were stopped: 0.0012475 seconds, Stopping threads took: 0.0000226 seconds
2015-04-14T20:40:36.125-0100: 2326.949: Total time for which application threads were stopped: 0.0001001 seconds, Stopping threads took: 0.0000256 seconds
2015-04-14T20:40:36.126-0100: 2326.949: [GC (GCLocker Initiated GC) 
Desired survivor size 524288 bytes, new threshold 1 (max 15)
[PSYoungGen: 2304K->288K(2560K)] 12840K->10856K(13824K), 0.0009977 secs] [Times: user=0.00 sys=0.00, real=0.00 secs] 
2015-04-14T20:40:36.127-0100: 2326.950: Total time for which application threads were stopped: 0.0011532 seconds, Stopping threads took: 0.0000149 seconds
2015-04-14T20:40:37.144-0100: 2327.967: [GC (Allocation Failure) 
Desired survivor size 524288 bytes, new threshold 1 (max 15)
[PSYoungGen: 2336K->256K(2560K)] 12907K->10851K(13824K), 0.0011163 secs] [Times: user=0.01 sys=0.00, real=0.00 secs] 
2015-04-14T20:40:37.145-0100: 2327.968: Total time for which application threads were stopped: 0.0013171 seconds, Stopping threads took: 0.0000222 seconds
2015-04-14T20:40:38.179-0100: 2329.002: [GC (Allocation Failure) 
Desired survivor size 524288 bytes, new threshold 1 (max 15)
[PSYoungGen: 2304K->288K(2560K)] 12899K->10907K(13824K), 0.0009562 secs] [Times: user=0.01 sys=0.00, real=0.01 secs] 
2015-04-14T20:40:38.180-0100: 2329.003: Total time for which application threads were stopped: 0.0011729 seconds, Stopping threads took: 0.0000275 seconds
2015-04-14T20:40:39.202-0100: 2330.025: [GC (Allocation Failure) 
Desired survivor size 524288 bytes, new threshold 1 (max 15)
[PSYoungGen: 2336K->256K(2560K)] 12955K->10915K(13824K), 0.0009765 secs] [Times: user=0.00 sys=0.00, real=0.00 secs] 
2015-04-14T20:40:39.203-0100: 2330.026: Total time for which application threads were stopped: 0.0011665 seconds, Stopping threads took: 0.0000223 seconds
2015-04-14T20:40:40.189-0100: 2331.012: [GC (Allocation Failure) 
Desired survivor size 524288 bytes, new threshold 1 (max 15)
[PSYoungGen: 2304K->256K(2560K)] 12963K->10955K(13824K), 0.0010849 secs] [Times: user=0.00 sys=0.00, real=0.01 secs] 
2015-04-14T20:40:40.190-0100: 2331.013: Total time for which application threads were stopped: 0.0012747 seconds, Stopping threads took: 0.0000217 seconds
2015-04-14T20:40:41.124-0100: 2331.947: [GC (Allocation Failure) 
Desired survivor size 524288 bytes, new threshold 1 (max 15)
[PSYoungGen: 2304K->288K(2560K)] 13003K->11019K(13824K), 0.0010603 secs] [Times: user=0.01 sys=0.00, real=0.00 secs] 
2015-04-14T20:40:41.125-0100: 2331.948: Total time for which application threads were stopped: 0.0012536 seconds, Stopping threads took: 0.0000232 seconds
2015-04-14T20:40:42.028-0100: 2332.851: [GC (Allocation Failure) 
Desired survivor size 524288 bytes, new threshold 1 (max 15)
[PSYoungGen: 2336K->256K(2560K)] 13067K->11027K(13824K), 0.0010899 secs] [Times: user=0.01 sys=0.00, real=0.00 secs] 
2015-04-14T20:40:42.029-0100: 2332.852: Total time for which application threads were stopped: 0.0012822 seconds, Stopping threads took: 0.0000202 seconds
2015-04-14T20:40:42.929-0100: 2333.753: [GC (Allocation Failure) 
Desired survivor size 524288 bytes, new threshold 1 (max 15)
[PSYoungGen: 2304K->256K(2560K)] 13075K->11059K(13824K), 0.0010118 secs] [Times: user=0.01 sys=0.00, real=0.01 secs] 
2015-04-14T20:40:42.930-0100: 2333.754: Total time for which application threads were stopped: 0.0012039 seconds, Stopping threads took: 0.0000219 seconds
2015-04-14T20:40:43.765-0100: 2334.588: [GC (Allocation Failure) 
Desired survivor size 524288 bytes, new threshold 1 (max 15)
[PSYoungGen: 2304K->256K(2560K)] 13107K->11091K(13824K), 0.0011309 secs] [Times: user=0.01 sys=0.00, real=0.00 secs] 
2015-04-14T20:40:43.766-0100: 2334.589: Total time for which application threads were stopped: 0.0013183 seconds, Stopping threads took: 0.0000229 seconds
2015-04-14T20:40:44.617-0100: 2335.440: [GC (Allocation Failure) 
Desired survivor size 524288 bytes, new threshold 1 (max 15)
[PSYoungGen: 2304K->256K(2560K)] 13139K->11123K(13824K), 0.0010270 secs] [Times: user=0.00 sys=0.00, real=0.00 secs] 
2015-04-14T20:40:44.618-0100: 2335.441: Total time for which application threads were stopped: 0.0012131 seconds, Stopping threads took: 0.0000216 seconds
2015-04-14T20:40:45.489-0100: 2336.312: [GC (Allocation Failure) 
Desired survivor size 524288 bytes, new threshold 1 (max 15)
[PSYoungGen: 2304K->256K(2560K)] 13171K->11147K(13824K), 0.0010007 secs] [Times: user=0.01 sys=0.00, real=0.01 secs] 
2015-04-14T20:40:45.490-0100: 2336.313: Total time for which application threads were stopped: 0.0012346 seconds, Stopping threads took: 0.0000208 seconds
2015-04-14T20:40:46.340-0100: 2337.164: [GC (Allocation Failure) 
Desired survivor size 524288 bytes, new threshold 1 (max 15)
[PSYoungGen: 2304K->256K(2560K)] 13195K->11187K(13824K), 0.0009980 secs] [Times: user=0.00 sys=0.00, real=0.00 secs] 
2015-04-14T20:40:46.341-0100: 2337.165: Total time for which application threads were stopped: 0.0011863 seconds, Stopping threads took: 0.0000229 seconds
2015-04-14T20:40:47.167-0100: 2337.990: [GC (Allocation Failure) 
Desired survivor size 524288 bytes, new threshold 1 (max 15)
[PSYoungGen: 2304K->256K(2560K)] 13235K->11219K(13824K), 0.0011353 secs] [Times: user=0.00 sys=0.00, real=0.00 secs] 
2015-04-14T20:40:47.168-0100: 2337.991: Total time for which application threads were stopped: 0.0013931 seconds, Stopping threads took: 0.0000364 seconds
2015-04-14T20:40:48.078-0100: 2338.901: [GC (Allocation Failure) 
Desired survivor size 524288 bytes, new threshold 1 (max 15)
[PSYoungGen: 2304K->256K(2560K)] 13267K->11243K(13824K), 0.0010916 secs] [Times: user=0.01 sys=0.01, real=0.00 secs] 
2015-04-14T20:40:48.079-0100: 2338.902: Total time for which application threads were stopped: 0.0012905 seconds, Stopping threads took: 0.0000233 seconds
2015-04-14T20:40:48.996-0100: 2339.820: [GC (Allocation Failure) 
Desired survivor size 524288 bytes, new threshold 1 (max 15)
[PSYoungGen: 2304K->224K(2560K)] 13291K->11227K(13824K), 0.0010809 secs] [Times: user=0.00 sys=0.00, real=0.00 secs] 
2015-04-14T20:40:48.998-0100: 2339.821: Total time for which application threads were stopped: 0.0012848 seconds, Stopping threads took: 0.0000284 seconds
2015-04-14T20:40:49.901-0100: 2340.724: [GC (Allocation Failure) 
Desired survivor size 524288 bytes, new threshold 1 (max 15)
[PSYoungGen: 2272K->256K(2560K)] 13275K->11291K(13824K), 0.0010046 secs] [Times: user=0.00 sys=0.00, real=0.00 secs] 
2015-04-14T20:40:49.902-0100: 2340.725: Total time for which application threads were stopped: 0.0012057 seconds, Stopping threads took: 0.0000225 seconds
2015-04-14T20:40:50.905-0100: 2341.729: [GC (Allocation Failure) 
Desired survivor size 524288 bytes, new threshold 1 (max 15)
[PSYoungGen: 2304K->256K(2560K)] 13339K->11323K(13824K), 0.0009515 secs] [Times: user=0.01 sys=0.00, real=0.00 secs] 
2015-04-14T20:40:50.906-0100: 2341.730: Total time for which application threads were stopped: 0.0011489 seconds, Stopping threads took: 0.0000216 seconds
2015-04-14T20:40:51.922-0100: 2342.746: [GC (Allocation Failure) 
Desired survivor size 524288 bytes, new threshold 1 (max 15)
[PSYoungGen: 2304K->288K(2560K)] 13371K->11387K(13824K), 0.0011018 secs] [Times: user=0.00 sys=0.00, real=0.00 secs] 
2015-04-14T20:40:51.924-0100: 2342.747: Total time for which application threads were stopped: 0.0013132 seconds, Stopping threads took: 0.0000278 seconds
2015-04-14T20:40:52.929-0100: 2343.752: [GC (Allocation Failure) 
Desired survivor size 524288 bytes, new threshold 1 (max 15)
[PSYoungGen: 2336K->256K(2560K)] 13435K->11387K(13824K), 0.0010811 secs] [Times: user=0.00 sys=0.00, real=0.01 secs] 
2015-04-14T20:40:52.930-0100: 2343.753: Total time for which application threads were stopped: 0.0012758 seconds, Stopping threads took: 0.0000236 seconds
2015-04-14T20:40:53.982-0100: 2344.805: [GC (Allocation Failure) 
Desired survivor size 524288 bytes, new threshold 1 (max 15)
[PSYoungGen: 2304K->288K(2560K)] 13435K->11451K(13824K), 0.0010576 secs] [Times: user=0.01 sys=0.00, real=0.00 secs] 
2015-04-14T20:40:53.983-0100: 2344.806: Total time for which application threads were stopped: 0.0012431 seconds, Stopping threads took: 0.0000217 seconds
2015-04-14T20:40:55.068-0100: 2345.892: [GC (Allocation Failure) 
Desired survivor size 524288 bytes, new threshold 1 (max 15)
[PSYoungGen: 2336K->256K(2560K)] 13499K->11451K(13824K), 0.0010488 secs] [Times: user=0.00 sys=0.00, real=0.00 secs] 
2015-04-14T20:40:55.069-0100: 2345.893: Total time for which application threads were stopped: 0.0012767 seconds, Stopping threads took: 0.0000231 seconds
2015-04-14T20:40:56.086-0100: 2346.909: [GC (Allocation Failure) 
Desired survivor size 524288 bytes, new threshold 1 (max 15)
[PSYoungGen: 2304K->288K(2560K)] 13499K->11515K(13824K), 0.0010584 secs] [Times: user=0.00 sys=0.00, real=0.00 secs] 
2015-04-14T20:40:56.087-0100: 2346.910: [Full GC (Ergonomics) [PSYoungGen: 288K->0K(2560K)] [ParOldGen: 11227K->8370K(11264K)] 11515K->8370K(13824K), [Metaspace: 17885K->17885K(1064960K)], 0.0191514 secs] [Times: user=0.06 sys=0.00, real=0.02 secs] 
2015-04-14T20:40:56.106-0100: 2346.929: Total time for which application threads were stopped: 0.0205314 seconds, Stopping threads took: 0.0000255 seconds
2015-04-14T20:40:57.090-0100: 2347.913: [GC (Allocation Failure) 
Desired survivor size 524288 bytes, new threshold 1 (max 15)
[PSYoungGen: 2048K->256K(2560K)] 10418K->8626K(13824K), 0.0010235 secs] [Times: user=0.00 sys=0.00, real=0.00 secs] 
2015-04-14T20:40:57.091-0100: 2347.914: Total time for which application threads were stopped: 0.0011980 seconds, Stopping threads took: 0.0000207 seconds
2015-04-14T20:40:58.112-0100: 2348.935: [GC (Allocation Failure) 
Desired survivor size 524288 bytes, new threshold 1 (max 15)
[PSYoungGen: 2304K->288K(2560K)] 10674K->8706K(13824K), 0.0010971 secs] [Times: user=0.00 sys=0.00, real=0.00 secs] 
2015-04-14T20:40:58.113-0100: 2348.936: Total time for which application threads were stopped: 0.0012925 seconds, Stopping threads took: 0.0000234 seconds
2015-04-14T20:40:59.164-0100: 2349.988: [GC (Allocation Failure) 
Desired survivor size 524288 bytes, new threshold 1 (max 15)
[PSYoungGen: 2336K->256K(2560K)] 10754K->8706K(13824K), 0.0010413 secs] [Times: user=0.00 sys=0.00, real=0.00 secs] 
2015-04-14T20:40:59.166-0100: 2349.989: Total time for which application threads were stopped: 0.0012197 seconds, Stopping threads took: 0.0000224 seconds
2015-04-14T20:41:00.083-0100: 2350.907: [GC (Allocation Failure) 
Desired survivor size 524288 bytes, new threshold 1 (max 15)
[PSYoungGen: 2304K->288K(2560K)] 10754K->8770K(13824K), 0.0009356 secs] [Times: user=0.00 sys=0.00, real=0.00 secs] 
2015-04-14T20:41:00.084-0100: 2350.908: Total time for which application threads were stopped: 0.0011019 seconds, Stopping threads took: 0.0000185 seconds
2015-04-14T20:41:00.969-0100: 2351.793: [GC (Allocation Failure) 
Desired survivor size 524288 bytes, new threshold 1 (max 15)
[PSYoungGen: 2336K->288K(2560K)] 10818K->8802K(13824K), 0.0010793 secs] [Times: user=0.00 sys=0.00, real=0.01 secs] 
2015-04-14T20:41:00.970-0100: 2351.794: Total time for which application threads were stopped: 0.0012748 seconds, Stopping threads took: 0.0000195 seconds
2015-04-14T20:41:01.971-0100: 2352.794: [GC (Allocation Failure) 
Desired survivor size 524288 bytes, new threshold 1 (max 15)
[PSYoungGen: 2336K->256K(2560K)] 10850K->8810K(13824K), 0.0011263 secs] [Times: user=0.00 sys=0.00, real=0.00 secs] 
2015-04-14T20:41:01.972-0100: 2352.795: Total time for which application threads were stopped: 0.0013419 seconds, Stopping threads took: 0.0000231 seconds
2015-04-14T20:41:02.992-0100: 2353.815: [GC (Allocation Failure) 
Desired survivor size 524288 bytes, new threshold 1 (max 15)
[PSYoungGen: 2304K->256K(2560K)] 10858K->8850K(13824K), 0.0010730 secs] [Times: user=0.01 sys=0.00, real=0.00 secs] 
2015-04-14T20:41:02.993-0100: 2353.816: Total time for which application threads were stopped: 0.0012629 seconds, Stopping threads took: 0.0000216 seconds
2015-04-14T20:41:03.980-0100: 2354.803: [GC (Allocation Failure) 
Desired survivor size 524288 bytes, new threshold 1 (max 15)
[PSYoungGen: 2304K->288K(2560K)] 10898K->8914K(13824K), 0.0010774 secs] [Times: user=0.01 sys=0.00, real=0.00 secs] 
2015-04-14T20:41:03.981-0100: 2354.804: Total time for which application threads were stopped: 0.0012893 seconds, Stopping threads took: 0.0000223 seconds
2015-04-14T20:41:04.982-0100: 2355.805: [GC (Allocation Failure) 
Desired survivor size 524288 bytes, new threshold 1 (max 15)
[PSYoungGen: 2336K->288K(2560K)] 10962K->8946K(13824K), 0.0010048 secs] [Times: user=0.00 sys=0.00, real=0.00 secs] 
2015-04-14T20:41:04.983-0100: 2355.806: Total time for which application threads were stopped: 0.0012046 seconds, Stopping threads took: 0.0000215 seconds
2015-04-14T20:41:06.018-0100: 2356.842: [GC (Allocation Failure) 
Desired survivor size 524288 bytes, new threshold 1 (max 15)
[PSYoungGen: 2336K->288K(2560K)] 10994K->8978K(13824K), 0.0008743 secs] [Times: user=0.00 sys=0.00, real=0.00 secs] 
2015-04-14T20:41:06.019-0100: 2356.843: Total time for which application threads were stopped: 0.0010374 seconds, Stopping threads took: 0.0000205 seconds
2015-04-14T20:41:07.049-0100: 2357.873: [GC (Allocation Failure) 
Desired survivor size 524288 bytes, new threshold 1 (max 15)
[PSYoungGen: 2336K->288K(2560K)] 11026K->9002K(13824K), 0.0007864 secs] [Times: user=0.00 sys=0.00, real=0.01 secs] 
2015-04-14T20:41:07.050-0100: 2357.874: Total time for which application threads were stopped: 0.0009255 seconds, Stopping threads took: 0.0000162 seconds
2015-04-14T20:41:08.059-0100: 2358.883: [GC (Allocation Failure) 
Desired survivor size 524288 bytes, new threshold 1 (max 15)
[PSYoungGen: 2336K->256K(2560K)] 11050K->8994K(13824K), 0.0010267 secs] [Times: user=0.00 sys=0.01, real=0.01 secs] 
2015-04-14T20:41:08.061-0100: 2358.884: Total time for which application threads were stopped: 0.0012054 seconds, Stopping threads took: 0.0000223 seconds
2015-04-14T20:41:09.095-0100: 2359.918: [GC (Allocation Failure) 
Desired survivor size 524288 bytes, new threshold 1 (max 15)
[PSYoungGen: 2304K->256K(2560K)] 11042K->9026K(13824K), 0.0008272 secs] [Times: user=0.01 sys=0.00, real=0.00 secs] 
2015-04-14T20:41:09.095-0100: 2359.919: Total time for which application threads were stopped: 0.0009849 seconds, Stopping threads took: 0.0000147 seconds
2015-04-14T20:41:10.128-0100: 2360.952: [GC (Allocation Failure) 
Desired survivor size 524288 bytes, new threshold 1 (max 15)
[PSYoungGen: 2303K->288K(2560K)] 11074K->9090K(13824K), 0.0010702 secs] [Times: user=0.00 sys=0.00, real=0.01 secs] 
2015-04-14T20:41:10.130-0100: 2360.953: Total time for which application threads were stopped: 0.0012745 seconds, Stopping threads took: 0.0000265 seconds
2015-04-14T20:41:11.202-0100: 2362.025: [GC (Allocation Failure) 
Desired survivor size 524288 bytes, new threshold 1 (max 15)
[PSYoungGen: 2336K->288K(2560K)] 11138K->9114K(13824K), 0.0010634 secs] [Times: user=0.00 sys=0.00, real=0.00 secs] 
2015-04-14T20:41:11.203-0100: 2362.026: Total time for which application threads were stopped: 0.0012528 seconds, Stopping threads took: 0.0000222 seconds
2015-04-14T20:41:12.205-0100: 2363.029: [GC (Allocation Failure) 
Desired survivor size 524288 bytes, new threshold 1 (max 15)
[PSYoungGen: 2335K->256K(2560K)] 11162K->9098K(13824K), 0.0011103 secs] [Times: user=0.01 sys=0.00, real=0.00 secs] 
2015-04-14T20:41:12.206-0100: 2363.030: Total time for which application threads were stopped: 0.0013088 seconds, Stopping threads took: 0.0000242 seconds
2015-04-14T20:41:13.206-0100: 2364.030: [GC (Allocation Failure) 
Desired survivor size 524288 bytes, new threshold 1 (max 15)
[PSYoungGen: 2304K->256K(2560K)] 11146K->9122K(13824K), 0.0011622 secs] [Times: user=0.01 sys=0.00, real=0.00 secs] 
2015-04-14T20:41:13.207-0100: 2364.031: Total time for which application threads were stopped: 0.0013687 seconds, Stopping threads took: 0.0000229 seconds
2015-04-14T20:41:14.195-0100: 2365.019: [GC (Allocation Failure) 
Desired survivor size 524288 bytes, new threshold 1 (max 15)
[PSYoungGen: 2304K->256K(2560K)] 11170K->9146K(13824K), 0.0010446 secs] [Times: user=0.01 sys=0.00, real=0.00 secs] 
2015-04-14T20:41:14.197-0100: 2365.020: Total time for which application threads were stopped: 0.0012370 seconds, Stopping threads took: 0.0000232 seconds
2015-04-14T20:41:15.246-0100: 2366.069: [GC (Allocation Failure) 
Desired survivor size 524288 bytes, new threshold 1 (max 15)
[PSYoungGen: 2304K->256K(2560K)] 11194K->9178K(13824K), 0.0007585 secs] [Times: user=0.00 sys=0.00, real=0.00 secs] 
2015-04-14T20:41:15.246-0100: 2366.070: Total time for which application threads were stopped: 0.0009170 seconds, Stopping threads took: 0.0000158 seconds
2015-04-14T20:41:16.333-0100: 2367.157: [GC (Allocation Failure) 
Desired survivor size 524288 bytes, new threshold 1 (max 15)
[PSYoungGen: 2303K->256K(2560K)] 11226K->9194K(13824K), 0.0009603 secs] [Times: user=0.00 sys=0.00, real=0.00 secs] 
2015-04-14T20:41:16.334-0100: 2367.158: Total time for which application threads were stopped: 0.0011390 seconds, Stopping threads took: 0.0000217 seconds
2015-04-14T20:41:17.352-0100: 2368.176: [GC (Allocation Failure) 
Desired survivor size 524288 bytes, new threshold 1 (max 15)
[PSYoungGen: 2304K->256K(2560K)] 11242K->9226K(13824K), 0.0010274 secs] [Times: user=0.01 sys=0.00, real=0.00 secs] 
2015-04-14T20:41:17.354-0100: 2368.177: Total time for which application threads were stopped: 0.0012407 seconds, Stopping threads took: 0.0000276 seconds
2015-04-14T20:41:18.342-0100: 2369.165: [GC (Allocation Failure) 
Desired survivor size 524288 bytes, new threshold 1 (max 15)
[PSYoungGen: 2304K->256K(2560K)] 11274K->9266K(13824K), 0.0009925 secs] [Times: user=0.00 sys=0.00, real=0.00 secs] 
2015-04-14T20:41:18.343-0100: 2369.167: Total time for which application threads were stopped: 0.0011809 seconds, Stopping threads took: 0.0000231 seconds
2015-04-14T20:41:19.378-0100: 2370.202: [GC (Allocation Failure) 
Desired survivor size 524288 bytes, new threshold 1 (max 15)
[PSYoungGen: 2304K->256K(2560K)] 11314K->9298K(13824K), 0.0010020 secs] [Times: user=0.00 sys=0.00, real=0.00 secs] 
2015-04-14T20:41:19.379-0100: 2370.203: Total time for which application threads were stopped: 0.0011772 seconds, Stopping threads took: 0.0000212 seconds
2015-04-14T20:41:20.431-0100: 2371.255: [GC (Allocation Failure) 
Desired survivor size 524288 bytes, new threshold 1 (max 15)
[PSYoungGen: 2304K->256K(2560K)] 11346K->9330K(13824K), 0.0010783 secs] [Times: user=0.00 sys=0.00, real=0.00 secs] 
2015-04-14T20:41:20.432-0100: 2371.256: Total time for which application threads were stopped: 0.0012793 seconds, Stopping threads took: 0.0000220 seconds
2015-04-14T20:41:21.467-0100: 2372.291: [GC (Allocation Failure) 
Desired survivor size 524288 bytes, new threshold 1 (max 15)
[PSYoungGen: 2304K->256K(2560K)] 11378K->9370K(13824K), 0.0010203 secs] [Times: user=0.00 sys=0.00, real=0.00 secs] 
2015-04-14T20:41:21.468-0100: 2372.292: Total time for which application threads were stopped: 0.0012176 seconds, Stopping threads took: 0.0000214 seconds
2015-04-14T20:41:22.520-0100: 2373.344: [GC (Allocation Failure) 
Desired survivor size 524288 bytes, new threshold 1 (max 15)
[PSYoungGen: 2304K->288K(2560K)] 11418K->9434K(13824K), 0.0010737 secs] [Times: user=0.00 sys=0.00, real=0.00 secs] 
2015-04-14T20:41:22.521-0100: 2373.345: Total time for which application threads were stopped: 0.0012633 seconds, Stopping threads took: 0.0000207 seconds
2015-04-14T20:41:23.548-0100: 2374.372: [GC (Allocation Failure) 
Desired survivor size 524288 bytes, new threshold 1 (max 15)
[PSYoungGen: 2336K->224K(2560K)] 11482K->9410K(13824K), 0.0010839 secs] [Times: user=0.00 sys=0.00, real=0.01 secs] 
2015-04-14T20:41:23.550-0100: 2374.374: Total time for which application threads were stopped: 0.0013018 seconds, Stopping threads took: 0.0000279 seconds
2015-04-14T20:41:24.559-0100: 2375.383: [GC (Allocation Failure) 
Desired survivor size 524288 bytes, new threshold 1 (max 15)
[PSYoungGen: 2272K->256K(2560K)] 11458K->9458K(13824K), 0.0009966 secs] [Times: user=0.00 sys=0.00, real=0.01 secs] 
2015-04-14T20:41:24.560-0100: 2375.384: Total time for which application threads were stopped: 0.0011897 seconds, Stopping threads took: 0.0000238 seconds
2015-04-14T20:41:25.595-0100: 2376.419: [GC (Allocation Failure) 
Desired survivor size 524288 bytes, new threshold 1 (max 15)
[PSYoungGen: 2304K->128K(2560K)] 11506K->9346K(13824K), 0.0009925 secs] [Times: user=0.00 sys=0.00, real=0.00 secs] 
2015-04-14T20:41:25.596-0100: 2376.420: Total time for which application threads were stopped: 0.0011998 seconds, Stopping threads took: 0.0000274 seconds
2015-04-14T20:41:26.617-0100: 2377.441: [GC (Allocation Failure) 
Desired survivor size 524288 bytes, new threshold 1 (max 15)
[PSYoungGen: 2176K->256K(2560K)] 11394K->9506K(13824K), 0.0010754 secs] [Times: user=0.00 sys=0.00, real=0.00 secs] 
2015-04-14T20:41:26.618-0100: 2377.442: Total time for which application threads were stopped: 0.0012728 seconds, Stopping threads took: 0.0000235 seconds
2015-04-14T20:41:27.618-0100: 2378.443: [GC (Allocation Failure) 
Desired survivor size 524288 bytes, new threshold 1 (max 15)
[PSYoungGen: 2304K->256K(2560K)] 11554K->9530K(13824K), 0.0010176 secs] [Times: user=0.00 sys=0.00, real=0.01 secs] 
2015-04-14T20:41:27.620-0100: 2378.444: Total time for which application threads were stopped: 0.0012091 seconds, Stopping threads took: 0.0000215 seconds
2015-04-14T20:41:28.657-0100: 2379.481: [GC (Allocation Failure) 
Desired survivor size 524288 bytes, new threshold 1 (max 15)
[PSYoungGen: 2304K->256K(2560K)] 11578K->9570K(13824K), 0.0011181 secs] [Times: user=0.00 sys=0.00, real=0.00 secs] 
2015-04-14T20:41:28.658-0100: 2379.482: Total time for which application threads were stopped: 0.0013218 seconds, Stopping threads took: 0.0000239 seconds
2015-04-14T20:41:29.656-0100: 2380.480: [GC (Allocation Failure) 
Desired survivor size 524288 bytes, new threshold 1 (max 15)
[PSYoungGen: 2304K->256K(2560K)] 11618K->9602K(13824K), 0.0011144 secs] [Times: user=0.00 sys=0.00, real=0.00 secs] 
2015-04-14T20:41:29.657-0100: 2380.481: Total time for which application threads were stopped: 0.0013445 seconds, Stopping threads took: 0.0000279 seconds
2015-04-14T20:41:30.662-0100: 2381.486: [GC (Allocation Failure) 
Desired survivor size 524288 bytes, new threshold 1 (max 15)
[PSYoungGen: 2304K->288K(2560K)] 11650K->9658K(13824K), 0.0010644 secs] [Times: user=0.00 sys=0.00, real=0.00 secs] 
2015-04-14T20:41:30.663-0100: 2381.487: Total time for which application threads were stopped: 0.0012488 seconds, Stopping threads took: 0.0000230 seconds
2015-04-14T20:41:31.684-0100: 2382.508: [GC (Allocation Failure) 
Desired survivor size 524288 bytes, new threshold 1 (max 15)
[PSYoungGen: 2336K->256K(2560K)] 11706K->9658K(13824K), 0.0010900 secs] [Times: user=0.00 sys=0.00, real=0.00 secs] 
2015-04-14T20:41:31.685-0100: 2382.509: Total time for which application threads were stopped: 0.0012741 seconds, Stopping threads took: 0.0000217 seconds
2015-04-14T20:41:32.686-0100: 2383.510: [GC (Allocation Failure) 
Desired survivor size 524288 bytes, new threshold 1 (max 15)
[PSYoungGen: 2304K->288K(2560K)] 11706K->9714K(13824K), 0.0011032 secs] [Times: user=0.00 sys=0.00, real=0.00 secs] 
2015-04-14T20:41:32.688-0100: 2383.512: Total time for which application threads were stopped: 0.0012981 seconds, Stopping threads took: 0.0000213 seconds
2015-04-14T20:41:33.729-0100: 2384.553: [GC (Allocation Failure) 
Desired survivor size 524288 bytes, new threshold 1 (max 15)
[PSYoungGen: 2336K->224K(2560K)] 11762K->9674K(13824K), 0.0010542 secs] [Times: user=0.01 sys=0.00, real=0.01 secs] 
2015-04-14T20:41:33.730-0100: 2384.554: Total time for which application threads were stopped: 0.0013557 seconds, Stopping threads took: 0.0000385 seconds
2015-04-14T20:41:34.727-0100: 2385.551: [GC (Allocation Failure) 
Desired survivor size 524288 bytes, new threshold 1 (max 15)
[PSYoungGen: 2272K->288K(2560K)] 11722K->9770K(13824K), 0.0011123 secs] [Times: user=0.00 sys=0.00, real=0.00 secs] 
2015-04-14T20:41:34.728-0100: 2385.552: Total time for which application threads were stopped: 0.0013065 seconds, Stopping threads took: 0.0000243 seconds
2015-04-14T20:41:35.746-0100: 2386.570: [GC (Allocation Failure) 
Desired survivor size 524288 bytes, new threshold 1 (max 15)
[PSYoungGen: 2336K->224K(2560K)] 11818K->9738K(13824K), 0.0011982 secs] [Times: user=0.00 sys=0.00, real=0.00 secs] 
2015-04-14T20:41:35.748-0100: 2386.572: Total time for which application threads were stopped: 0.0014034 seconds, Stopping threads took: 0.0000210 seconds
2015-04-14T20:41:36.763-0100: 2387.587: [GC (Allocation Failure) 
Desired survivor size 524288 bytes, new threshold 1 (max 15)
[PSYoungGen: 2272K->224K(2560K)] 11786K->9770K(13824K), 0.0009116 secs] [Times: user=0.01 sys=0.00, real=0.00 secs] 
2015-04-14T20:41:36.764-0100: 2387.588: Total time for which application threads were stopped: 0.0010858 seconds, Stopping threads took: 0.0000183 seconds
2015-04-14T20:41:37.751-0100: 2388.576: [GC (Allocation Failure) 
Desired survivor size 524288 bytes, new threshold 1 (max 15)
[PSYoungGen: 2272K->256K(2560K)] 11818K->9826K(13824K), 0.0007764 secs] [Times: user=0.00 sys=0.00, real=0.00 secs] 
2015-04-14T20:41:37.752-0100: 2388.576: Total time for which application threads were stopped: 0.0009292 seconds, Stopping threads took: 0.0000154 seconds
2015-04-14T20:41:38.838-0100: 2389.662: [GC (Allocation Failure) 
Desired survivor size 524288 bytes, new threshold 1 (max 15)
[PSYoungGen: 2304K->256K(2560K)] 11874K->9858K(13824K), 0.0010407 secs] [Times: user=0.00 sys=0.00, real=0.00 secs] 
2015-04-14T20:41:38.839-0100: 2389.663: Total time for which application threads were stopped: 0.0012386 seconds, Stopping threads took: 0.0000225 seconds
2015-04-14T20:41:39.874-0100: 2390.698: [GC (Allocation Failure) 
Desired survivor size 524288 bytes, new threshold 1 (max 15)
[PSYoungGen: 2304K->256K(2560K)] 11906K->9898K(13824K), 0.0010790 secs] [Times: user=0.01 sys=0.00, real=0.00 secs] 
2015-04-14T20:41:39.875-0100: 2390.699: Total time for which application threads were stopped: 0.0012728 seconds, Stopping threads took: 0.0000217 seconds
2015-04-14T20:41:40.778-0100: 2391.602: [GC (Allocation Failure) 
Desired survivor size 524288 bytes, new threshold 1 (max 15)
[PSYoungGen: 2304K->256K(2560K)] 11946K->9938K(13824K), 0.0010090 secs] [Times: user=0.00 sys=0.00, real=0.00 secs] 
2015-04-14T20:41:40.779-0100: 2391.604: Total time for which application threads were stopped: 0.0012238 seconds, Stopping threads took: 0.0000230 seconds
2015-04-14T20:41:41.697-0100: 2392.521: [GC (Allocation Failure) 
Desired survivor size 524288 bytes, new threshold 1 (max 15)
[PSYoungGen: 2304K->256K(2560K)] 11986K->9970K(13824K), 0.0010286 secs] [Times: user=0.00 sys=0.00, real=0.00 secs] 
2015-04-14T20:41:41.698-0100: 2392.522: Total time for which application threads were stopped: 0.0012245 seconds, Stopping threads took: 0.0000239 seconds
2015-04-14T20:41:42.616-0100: 2393.441: [GC (Allocation Failure) 
Desired survivor size 524288 bytes, new threshold 1 (max 15)
[PSYoungGen: 2304K->256K(2560K)] 12018K->10002K(13824K), 0.0010543 secs] [Times: user=0.00 sys=0.00, real=0.00 secs] 
2015-04-14T20:41:42.618-0100: 2393.442: Total time for which application threads were stopped: 0.0012641 seconds, Stopping threads took: 0.0000243 seconds
2015-04-14T20:41:43.488-0100: 2394.312: [GC (Allocation Failure) 
Desired survivor size 524288 bytes, new threshold 1 (max 15)
[PSYoungGen: 2304K->256K(2560K)] 12050K->10034K(13824K), 0.0010720 secs] [Times: user=0.00 sys=0.00, real=0.00 secs] 
2015-04-14T20:41:43.489-0100: 2394.314: Total time for which application threads were stopped: 0.0012675 seconds, Stopping threads took: 0.0000225 seconds
2015-04-14T20:41:44.321-0100: 2395.146: [GC (Allocation Failure) 
Desired survivor size 524288 bytes, new threshold 1 (max 15)
[PSYoungGen: 2304K->256K(2560K)] 12082K->10066K(13824K), 0.0010187 secs] [Times: user=0.00 sys=0.00, real=0.00 secs] 
2015-04-14T20:41:44.323-0100: 2395.147: Total time for which application threads were stopped: 0.0012186 seconds, Stopping threads took: 0.0000226 seconds
2015-04-14T20:41:45.224-0100: 2396.049: [GC (Allocation Failure) 
Desired survivor size 524288 bytes, new threshold 1 (max 15)
[PSYoungGen: 2304K->288K(2560K)] 12114K->10122K(13824K), 0.0010983 secs] [Times: user=0.00 sys=0.01, real=0.00 secs] 
2015-04-14T20:41:45.226-0100: 2396.050: Total time for which application threads were stopped: 0.0013009 seconds, Stopping threads took: 0.0000259 seconds
2015-04-14T20:41:46.075-0100: 2396.899: [GC (Allocation Failure) 
Desired survivor size 524288 bytes, new threshold 1 (max 15)
[PSYoungGen: 2336K->256K(2560K)] 12170K->10114K(13824K), 0.0008415 secs] [Times: user=0.00 sys=0.00, real=0.00 secs] 
2015-04-14T20:41:46.076-0100: 2396.900: Total time for which application threads were stopped: 0.0009877 seconds, Stopping threads took: 0.0000155 seconds
2015-04-14T20:41:46.912-0100: 2397.736: [GC (Allocation Failure) 
Desired survivor size 524288 bytes, new threshold 1 (max 15)
[PSYoungGen: 2304K->288K(2560K)] 12162K->10170K(13824K), 0.0009952 secs] [Times: user=0.00 sys=0.00, real=0.00 secs] 
2015-04-14T20:41:46.913-0100: 2397.737: Total time for which application threads were stopped: 0.0011908 seconds, Stopping threads took: 0.0000249 seconds
2015-04-14T20:41:47.783-0100: 2398.607: [GC (Allocation Failure) 
Desired survivor size 524288 bytes, new threshold 1 (max 15)
[PSYoungGen: 2336K->288K(2560K)] 12218K->10194K(13824K), 0.0010018 secs] [Times: user=0.00 sys=0.00, real=0.00 secs] 
2015-04-14T20:41:47.784-0100: 2398.608: Total time for which application threads were stopped: 0.0012595 seconds, Stopping threads took: 0.0000251 seconds
2015-04-14T20:41:48.751-0100: 2399.576: [GC (Allocation Failure) 
Desired survivor size 524288 bytes, new threshold 1 (max 15)
[PSYoungGen: 2336K->256K(2560K)] 12242K->10194K(13824K), 0.0011729 secs] [Times: user=0.01 sys=0.00, real=0.00 secs] 
2015-04-14T20:41:48.753-0100: 2399.577: Total time for which application threads were stopped: 0.0014087 seconds, Stopping threads took: 0.0000244 seconds
2015-04-14T20:41:49.671-0100: 2400.495: [GC (Allocation Failure) 
Desired survivor size 524288 bytes, new threshold 1 (max 15)
[PSYoungGen: 2304K->256K(2560K)] 12242K->10218K(13824K), 0.0010438 secs] [Times: user=0.00 sys=0.00, real=0.00 secs] 
2015-04-14T20:41:49.672-0100: 2400.496: Total time for which application threads were stopped: 0.0012525 seconds, Stopping threads took: 0.0000208 seconds
2015-04-14T20:41:50.707-0100: 2401.531: [GC (Allocation Failure) 
Desired survivor size 524288 bytes, new threshold 1 (max 15)
[PSYoungGen: 2304K->288K(2560K)] 12266K->10282K(13824K), 0.0011620 secs] [Times: user=0.00 sys=0.00, real=0.00 secs] 
2015-04-14T20:41:50.708-0100: 2401.533: Total time for which application threads were stopped: 0.0013758 seconds, Stopping threads took: 0.0000235 seconds
2015-04-14T20:41:51.729-0100: 2402.553: [GC (Allocation Failure) 
Desired survivor size 524288 bytes, new threshold 1 (max 15)
[PSYoungGen: 2336K->256K(2560K)] 12330K->10282K(13824K), 0.0010548 secs] [Times: user=0.00 sys=0.00, real=0.01 secs] 
2015-04-14T20:41:51.730-0100: 2402.554: Total time for which application threads were stopped: 0.0012621 seconds, Stopping threads took: 0.0000213 seconds
2015-04-14T20:41:52.716-0100: 2403.541: [GC (Allocation Failure) 
Desired survivor size 524288 bytes, new threshold 1 (max 15)
[PSYoungGen: 2304K->288K(2560K)] 12330K->10330K(13824K), 0.0010927 secs] [Times: user=0.01 sys=0.00, real=0.00 secs] 
2015-04-14T20:41:52.717-0100: 2403.542: Total time for which application threads were stopped: 0.0013005 seconds, Stopping threads took: 0.0000222 seconds
2015-04-14T20:41:53.783-0100: 2404.608: [GC (Allocation Failure) 
Desired survivor size 524288 bytes, new threshold 1 (max 15)
[PSYoungGen: 2336K->288K(2560K)] 12378K->10370K(13824K), 0.0010283 secs] [Times: user=0.00 sys=0.00, real=0.00 secs] 
2015-04-14T20:41:53.784-0100: 2404.609: Total time for which application threads were stopped: 0.0012392 seconds, Stopping threads took: 0.0000250 seconds
2015-04-14T20:41:54.786-0100: 2405.611: [GC (Allocation Failure) 
Desired survivor size 524288 bytes, new threshold 1 (max 15)
[PSYoungGen: 2336K->256K(2560K)] 12418K->10370K(13824K), 0.0010972 secs] [Times: user=0.01 sys=0.00, real=0.00 secs] 
2015-04-14T20:41:54.788-0100: 2405.612: Total time for which application threads were stopped: 0.0013073 seconds, Stopping threads took: 0.0000238 seconds
2015-04-14T20:41:55.807-0100: 2406.631: [GC (Allocation Failure) 
Desired survivor size 524288 bytes, new threshold 1 (max 15)
[PSYoungGen: 2304K->96K(2560K)] 12418K->10218K(13824K), 0.0009516 secs] [Times: user=0.00 sys=0.00, real=0.00 secs] 
2015-04-14T20:41:55.808-0100: 2406.632: Total time for which application threads were stopped: 0.0011338 seconds, Stopping threads took: 0.0000180 seconds
2015-04-14T20:41:56.826-0100: 2407.650: [GC (Allocation Failure) 
Desired survivor size 524288 bytes, new threshold 1 (max 15)
[PSYoungGen: 2144K->288K(2560K)] 12266K->10442K(13824K), 0.0010719 secs] [Times: user=0.01 sys=0.00, real=0.00 secs] 
2015-04-14T20:41:56.827-0100: 2407.651: Total time for which application threads were stopped: 0.0012942 seconds, Stopping threads took: 0.0000248 seconds
2015-04-14T20:41:57.816-0100: 2408.640: [GC (Allocation Failure) 
Desired survivor size 524288 bytes, new threshold 1 (max 15)
[PSYoungGen: 2336K->288K(2560K)] 12490K->10474K(13824K), 0.0011327 secs] [Times: user=0.01 sys=0.00, real=0.00 secs] 
2015-04-14T20:41:57.817-0100: 2408.641: Total time for which application threads were stopped: 0.0013297 seconds, Stopping threads took: 0.0000241 seconds
2015-04-14T20:41:58.850-0100: 2409.675: [GC (Allocation Failure) 
Desired survivor size 524288 bytes, new threshold 1 (max 15)
[PSYoungGen: 2336K->288K(2560K)] 12522K->10506K(13824K), 0.0011098 secs] [Times: user=0.00 sys=0.00, real=0.00 secs] 
2015-04-14T20:41:58.852-0100: 2409.676: Total time for which application threads were stopped: 0.0013046 seconds, Stopping threads took: 0.0000217 seconds
2015-04-14T20:41:59.855-0100: 2410.679: [GC (Allocation Failure) 
Desired survivor size 524288 bytes, new threshold 1 (max 15)
[PSYoungGen: 2336K->256K(2560K)] 12554K->10498K(13824K), 0.0010259 secs] [Times: user=0.00 sys=0.00, real=0.00 secs] 
2015-04-14T20:41:59.856-0100: 2410.680: Total time for which application threads were stopped: 0.0012361 seconds, Stopping threads took: 0.0000222 seconds
2015-04-14T20:42:00.607-0100: 2411.432: [GC (Allocation Failure) 
Desired survivor size 524288 bytes, new threshold 1 (max 15)
[PSYoungGen: 2304K->256K(2560K)] 12546K->10514K(13824K), 0.0010619 secs] [Times: user=0.00 sys=0.00, real=0.00 secs] 
2015-04-14T20:42:00.608-0100: 2411.433: Total time for which application threads were stopped: 0.0012463 seconds, Stopping threads took: 0.0000205 seconds
2015-04-14T20:42:01.675-0100: 2412.499: [GC (Allocation Failure) 
Desired survivor size 524288 bytes, new threshold 1 (max 15)
[PSYoungGen: 2304K->192K(2560K)] 12562K->10482K(13824K), 0.0010616 secs] [Times: user=0.00 sys=0.00, real=0.00 secs] 
2015-04-14T20:42:01.676-0100: 2412.500: Total time for which application threads were stopped: 0.0012795 seconds, Stopping threads took: 0.0000269 seconds
2015-04-14T20:42:02.664-0100: 2413.489: [GC (Allocation Failure) 
Desired survivor size 524288 bytes, new threshold 1 (max 15)
[PSYoungGen: 2240K->256K(2560K)] 12530K->10578K(13824K), 0.0010101 secs] [Times: user=0.00 sys=0.00, real=0.00 secs] 
2015-04-14T20:42:02.665-0100: 2413.490: Total time for which application threads were stopped: 0.0012014 seconds, Stopping threads took: 0.0000219 seconds
2015-04-14T20:42:03.684-0100: 2414.509: [GC (Allocation Failure) 
Desired survivor size 524288 bytes, new threshold 1 (max 15)
[PSYoungGen: 2304K->288K(2560K)] 12626K->10642K(13824K), 0.0011247 secs] [Times: user=0.00 sys=0.00, real=0.00 secs] 
2015-04-14T20:42:03.685-0100: 2414.510: Total time for which application threads were stopped: 0.0013337 seconds, Stopping threads took: 0.0000242 seconds
2015-04-14T20:42:04.754-0100: 2415.578: [GC (Allocation Failure) 
Desired survivor size 524288 bytes, new threshold 1 (max 15)
[PSYoungGen: 2336K->256K(2560K)] 12690K->10634K(13824K), 0.0011442 secs] [Times: user=0.00 sys=0.01, real=0.00 secs] 
2015-04-14T20:42:04.755-0100: 2415.580: Total time for which application threads were stopped: 0.0013464 seconds, Stopping threads took: 0.0000234 seconds
2015-04-14T20:42:05.788-0100: 2416.612: [GC (Allocation Failure) 
Desired survivor size 524288 bytes, new threshold 1 (max 15)
[PSYoungGen: 2304K->288K(2560K)] 12682K->10706K(13824K), 0.0011101 secs] [Times: user=0.00 sys=0.00, real=0.00 secs] 
2015-04-14T20:42:05.789-0100: 2416.613: Total time for which application threads were stopped: 0.0013326 seconds, Stopping threads took: 0.0000326 seconds
2015-04-14T20:42:06.844-0100: 2417.668: [GC (Allocation Failure) 
Desired survivor size 524288 bytes, new threshold 1 (max 15)
[PSYoungGen: 2336K->288K(2560K)] 12754K->10730K(13824K), 0.0010642 secs] [Times: user=0.01 sys=0.00, real=0.00 secs] 
2015-04-14T20:42:06.845-0100: 2417.670: Total time for which application threads were stopped: 0.0012785 seconds, Stopping threads took: 0.0000242 seconds
2015-04-14T20:42:07.863-0100: 2418.688: [GC (Allocation Failure) 
Desired survivor size 524288 bytes, new threshold 1 (max 15)
[PSYoungGen: 2336K->288K(2560K)] 12778K->10754K(13824K), 0.0010705 secs] [Times: user=0.00 sys=0.00, real=0.00 secs] 
2015-04-14T20:42:07.865-0100: 2418.689: Total time for which application threads were stopped: 0.0012610 seconds, Stopping threads took: 0.0000208 seconds
2015-04-14T20:42:08.864-0100: 2419.689: [GC (Allocation Failure) 
Desired survivor size 524288 bytes, new threshold 1 (max 15)
[PSYoungGen: 2336K->288K(2560K)] 12802K->10794K(13824K), 0.0011233 secs] [Times: user=0.00 sys=0.00, real=0.00 secs] 
2015-04-14T20:42:08.865-0100: 2419.690: Total time for which application threads were stopped: 0.0013225 seconds, Stopping threads took: 0.0000248 seconds
2015-04-14T20:42:09.904-0100: 2420.728: [GC (Allocation Failure) 
Desired survivor size 524288 bytes, new threshold 1 (max 15)
[PSYoungGen: 2336K->256K(2560K)] 12842K->10786K(13824K), 0.0009585 secs] [Times: user=0.00 sys=0.00, real=0.00 secs] 
2015-04-14T20:42:09.905-0100: 2420.729: Total time for which application threads were stopped: 0.0011465 seconds, Stopping threads took: 0.0000243 seconds
2015-04-14T20:42:10.906-0100: 2421.730: [GC (Allocation Failure) 
Desired survivor size 524288 bytes, new threshold 1 (max 15)
[PSYoungGen: 2304K->256K(2560K)] 12834K->10810K(13824K), 0.0010485 secs] [Times: user=0.01 sys=0.00, real=0.00 secs] 
2015-04-14T20:42:10.907-0100: 2421.731: Total time for which application threads were stopped: 0.0012230 seconds, Stopping threads took: 0.0000210 seconds
2015-04-14T20:42:11.926-0100: 2422.751: [GC (Allocation Failure) 
Desired survivor size 524288 bytes, new threshold 1 (max 15)
[PSYoungGen: 2304K->160K(2560K)] 12858K->10730K(13824K), 0.0011074 secs] [Times: user=0.00 sys=0.00, real=0.00 secs] 
2015-04-14T20:42:11.927-0100: 2422.752: Total time for which application threads were stopped: 0.0013071 seconds, Stopping threads took: 0.0000227 seconds
2015-04-14T20:42:12.944-0100: 2423.768: [GC (Allocation Failure) 
Desired survivor size 524288 bytes, new threshold 1 (max 15)
[PSYoungGen: 2208K->256K(2560K)] 12778K->10850K(13824K), 0.0010138 secs] [Times: user=0.01 sys=0.00, real=0.00 secs] 
2015-04-14T20:42:12.945-0100: 2423.769: Total time for which application threads were stopped: 0.0012206 seconds, Stopping threads took: 0.0000235 seconds
2015-04-14T20:42:13.949-0100: 2424.773: [GC (Allocation Failure) 
Desired survivor size 524288 bytes, new threshold 1 (max 15)
[PSYoungGen: 2304K->256K(2560K)] 12898K->10890K(13824K), 0.0010479 secs] [Times: user=0.01 sys=0.00, real=0.01 secs] 
2015-04-14T20:42:13.950-0100: 2424.775: Total time for which application threads were stopped: 0.0012373 seconds, Stopping threads took: 0.0000228 seconds
2015-04-14T20:42:15.001-0100: 2425.826: [GC (Allocation Failure) 
Desired survivor size 524288 bytes, new threshold 1 (max 15)
[PSYoungGen: 2304K->288K(2560K)] 12938K->10954K(13824K), 0.0011031 secs] [Times: user=0.00 sys=0.00, real=0.00 secs] 
2015-04-14T20:42:15.003-0100: 2425.827: Total time for which application threads were stopped: 0.0012970 seconds, Stopping threads took: 0.0000223 seconds
2015-04-14T20:42:16.088-0100: 2426.913: [GC (Allocation Failure) 
Desired survivor size 524288 bytes, new threshold 1 (max 15)
[PSYoungGen: 2336K->256K(2560K)] 13002K->10954K(13824K), 0.0010354 secs] [Times: user=0.00 sys=0.00, real=0.00 secs] 
2015-04-14T20:42:16.089-0100: 2426.914: Total time for which application threads were stopped: 0.0012255 seconds, Stopping threads took: 0.0000205 seconds
2015-04-14T20:42:17.106-0100: 2427.931: [GC (Allocation Failure) 
Desired survivor size 524288 bytes, new threshold 1 (max 15)
[PSYoungGen: 2304K->256K(2560K)] 13002K->10994K(13824K), 0.0009741 secs] [Times: user=0.00 sys=0.00, real=0.00 secs] 
2015-04-14T20:42:17.107-0100: 2427.932: Total time for which application threads were stopped: 0.0011677 seconds, Stopping threads took: 0.0000227 seconds
2015-04-14T20:42:18.095-0100: 2428.920: [GC (Allocation Failure) 
Desired survivor size 524288 bytes, new threshold 1 (max 15)
[PSYoungGen: 2304K->256K(2560K)] 13042K->11018K(13824K), 0.0008598 secs] [Times: user=0.00 sys=0.00, real=0.00 secs] 
2015-04-14T20:42:18.096-0100: 2428.921: Total time for which application threads were stopped: 0.0010209 seconds, Stopping threads took: 0.0000185 seconds
2015-04-14T20:42:19.116-0100: 2429.941: [GC (Allocation Failure) 
Desired survivor size 524288 bytes, new threshold 1 (max 15)
[PSYoungGen: 2304K->288K(2560K)] 13066K->11082K(13824K), 0.0011301 secs] [Times: user=0.00 sys=0.00, real=0.00 secs] 
2015-04-14T20:42:19.117-0100: 2429.942: Total time for which application threads were stopped: 0.0013237 seconds, Stopping threads took: 0.0000218 seconds
2015-04-14T20:42:20.135-0100: 2430.960: [GC (Allocation Failure) 
Desired survivor size 524288 bytes, new threshold 1 (max 15)
[PSYoungGen: 2336K->256K(2560K)] 13130K->11082K(13824K), 0.0010363 secs] [Times: user=0.00 sys=0.00, real=0.00 secs] 
2015-04-14T20:42:20.137-0100: 2430.961: Total time for which application threads were stopped: 0.0012286 seconds, Stopping threads took: 0.0000225 seconds
2015-04-14T20:42:21.138-0100: 2431.963: [GC (Allocation Failure) 
Desired survivor size 524288 bytes, new threshold 1 (max 15)
[PSYoungGen: 2304K->288K(2560K)] 13130K->11138K(13824K), 0.0009727 secs] [Times: user=0.01 sys=0.00, real=0.00 secs] 
2015-04-14T20:42:21.139-0100: 2431.964: Total time for which application threads were stopped: 0.0011455 seconds, Stopping threads took: 0.0000205 seconds
2015-04-14T20:42:22.138-0100: 2432.963: [GC (Allocation Failure) 
Desired survivor size 524288 bytes, new threshold 1 (max 15)
[PSYoungGen: 2336K->256K(2560K)] 13186K->11130K(13824K), 0.0009724 secs] [Times: user=0.00 sys=0.01, real=0.00 secs] 
2015-04-14T20:42:22.139-0100: 2432.964: Total time for which application threads were stopped: 0.0011793 seconds, Stopping threads took: 0.0000263 seconds
2015-04-14T20:42:23.177-0100: 2434.002: [GC (Allocation Failure) 
Desired survivor size 524288 bytes, new threshold 1 (max 15)
[PSYoungGen: 2304K->256K(2560K)] 13178K->11154K(13824K), 0.0009982 secs] [Times: user=0.00 sys=0.01, real=0.00 secs] 
2015-04-14T20:42:23.178-0100: 2434.003: Total time for which application threads were stopped: 0.0011862 seconds, Stopping threads took: 0.0000220 seconds
2015-04-14T20:42:24.181-0100: 2435.006: [GC (Allocation Failure) 
Desired survivor size 524288 bytes, new threshold 1 (max 15)
[PSYoungGen: 2304K->256K(2560K)] 13202K->11178K(13824K), 0.0009686 secs] [Times: user=0.00 sys=0.00, real=0.00 secs] 
2015-04-14T20:42:24.183-0100: 2435.007: Total time for which application threads were stopped: 0.0011602 seconds, Stopping threads took: 0.0000230 seconds
2015-04-14T20:42:25.200-0100: 2436.025: [GC (Allocation Failure) 
Desired survivor size 524288 bytes, new threshold 1 (max 15)
[PSYoungGen: 2304K->288K(2560K)] 13226K->11242K(13824K), 0.0010673 secs] [Times: user=0.00 sys=0.00, real=0.00 secs] 
2015-04-14T20:42:25.201-0100: 2436.026: Total time for which application threads were stopped: 0.0012439 seconds, Stopping threads took: 0.0000189 seconds
2015-04-14T20:42:26.202-0100: 2437.027: [GC (Allocation Failure) 
Desired survivor size 524288 bytes, new threshold 1 (max 15)
[PSYoungGen: 2336K->256K(2560K)] 13290K->11242K(13824K), 0.0013907 secs] [Times: user=0.01 sys=0.00, real=0.00 secs] 
2015-04-14T20:42:26.203-0100: 2437.028: Total time for which application threads were stopped: 0.0016150 seconds, Stopping threads took: 0.0000271 seconds
2015-04-14T20:42:27.240-0100: 2438.065: [GC (Allocation Failure) 
Desired survivor size 524288 bytes, new threshold 1 (max 15)
[PSYoungGen: 2304K->288K(2560K)] 13290K->11298K(13824K), 0.0009856 secs] [Times: user=0.01 sys=0.00, real=0.00 secs] 
2015-04-14T20:42:27.241-0100: 2438.066: Total time for which application threads were stopped: 0.0011811 seconds, Stopping threads took: 0.0000209 seconds
2015-04-14T20:42:28.244-0100: 2439.069: [GC (Allocation Failure) 
Desired survivor size 524288 bytes, new threshold 1 (max 15)
[PSYoungGen: 2336K->256K(2560K)] 13346K->11306K(13824K), 0.0009823 secs] [Times: user=0.00 sys=0.00, real=0.00 secs] 
2015-04-14T20:42:28.245-0100: 2439.070: Total time for which application threads were stopped: 0.0011532 seconds, Stopping threads took: 0.0000199 seconds
2015-04-14T20:42:29.345-0100: 2440.170: [GC (Allocation Failure) 
Desired survivor size 524288 bytes, new threshold 1 (max 15)
[PSYoungGen: 2304K->256K(2560K)] 13354K->11322K(13824K), 0.0011048 secs] [Times: user=0.01 sys=0.00, real=0.00 secs] 
2015-04-14T20:42:29.346-0100: 2440.171: Total time for which application threads were stopped: 0.0013252 seconds, Stopping threads took: 0.0000261 seconds
2015-04-14T20:42:30.334-0100: 2441.160: [GC (Allocation Failure) 
Desired survivor size 524288 bytes, new threshold 1 (max 15)
[PSYoungGen: 2304K->256K(2560K)] 13370K->11354K(13824K), 0.0011212 secs] [Times: user=0.00 sys=0.00, real=0.00 secs] 
2015-04-14T20:42:30.336-0100: 2441.161: Total time for which application threads were stopped: 0.0013072 seconds, Stopping threads took: 0.0000228 seconds
2015-04-14T20:42:31.338-0100: 2442.163: [GC (Allocation Failure) 
Desired survivor size 524288 bytes, new threshold 1 (max 15)
[PSYoungGen: 2304K->256K(2560K)] 13402K->11370K(13824K), 0.0010003 secs] [Times: user=0.00 sys=0.00, real=0.00 secs] 
2015-04-14T20:42:31.339-0100: 2442.164: Total time for which application threads were stopped: 0.0011975 seconds, Stopping threads took: 0.0000231 seconds
2015-04-14T20:42:32.391-0100: 2443.216: [GC (Allocation Failure) 
Desired survivor size 524288 bytes, new threshold 1 (max 15)
[PSYoungGen: 2304K->256K(2560K)] 13418K->11394K(13824K), 0.0010599 secs] [Times: user=0.00 sys=0.00, real=0.00 secs] 
2015-04-14T20:42:32.392-0100: 2443.217: Total time for which application threads were stopped: 0.0012530 seconds, Stopping threads took: 0.0000226 seconds
2015-04-14T20:42:33.457-0100: 2444.282: [GC (Allocation Failure) 
Desired survivor size 524288 bytes, new threshold 1 (max 15)
[PSYoungGen: 2304K->256K(2560K)] 13442K->11434K(13824K), 0.0010610 secs] [Times: user=0.00 sys=0.00, real=0.00 secs] 
2015-04-14T20:42:33.458-0100: 2444.283: Total time for which application threads were stopped: 0.0012663 seconds, Stopping threads took: 0.0000234 seconds
2015-04-14T20:42:34.448-0100: 2445.273: [GC (Allocation Failure) 
Desired survivor size 524288 bytes, new threshold 1 (max 15)
[PSYoungGen: 2304K->256K(2560K)] 13482K->11458K(13824K), 0.0010295 secs] [Times: user=0.01 sys=0.00, real=0.00 secs] 
2015-04-14T20:42:34.449-0100: 2445.274: Total time for which application threads were stopped: 0.0012182 seconds, Stopping threads took: 0.0000196 seconds
2015-04-14T20:42:35.449-0100: 2446.274: [GC (Allocation Failure) 
Desired survivor size 524288 bytes, new threshold 1 (max 15)
[PSYoungGen: 2304K->288K(2560K)] 13506K->11530K(13824K), 0.0010704 secs] [Times: user=0.01 sys=0.00, real=0.01 secs] 
2015-04-14T20:42:35.450-0100: 2446.275: [Full GC (Ergonomics) [PSYoungGen: 288K->0K(2560K)] [ParOldGen: 11242K->8371K(11264K)] 11530K->8371K(13824K), [Metaspace: 17886K->17886K(1064960K)], 0.0191050 secs] [Times: user=0.05 sys=0.00, real=0.02 secs] 
2015-04-14T20:42:35.470-0100: 2446.295: Total time for which application threads were stopped: 0.0204827 seconds, Stopping threads took: 0.0000207 seconds
2015-04-14T20:42:36.437-0100: 2447.262: [GC (Allocation Failure) 
Desired survivor size 524288 bytes, new threshold 1 (max 15)
[PSYoungGen: 2048K->256K(2560K)] 10419K->8627K(13824K), 0.0010739 secs] [Times: user=0.00 sys=0.00, real=0.00 secs] 
2015-04-14T20:42:36.438-0100: 2447.263: Total time for which application threads were stopped: 0.0012749 seconds, Stopping threads took: 0.0000220 seconds
2015-04-14T20:42:37.452-0100: 2448.277: [GC (Allocation Failure) 
Desired survivor size 524288 bytes, new threshold 1 (max 15)
[PSYoungGen: 2304K->256K(2560K)] 10675K->8659K(13824K), 0.0010953 secs] [Times: user=0.00 sys=0.00, real=0.00 secs] 
2015-04-14T20:42:37.453-0100: 2448.278: Total time for which application threads were stopped: 0.0013150 seconds, Stopping threads took: 0.0000259 seconds
2015-04-14T20:42:38.493-0100: 2449.319: [GC (Allocation Failure) 
Desired survivor size 524288 bytes, new threshold 1 (max 15)
[PSYoungGen: 2304K->288K(2560K)] 10707K->8731K(13824K), 0.0010059 secs] [Times: user=0.00 sys=0.00, real=0.00 secs] 
2015-04-14T20:42:38.495-0100: 2449.320: Total time for which application threads were stopped: 0.0011942 seconds, Stopping threads took: 0.0000230 seconds
2015-04-14T20:42:39.547-0100: 2450.372: [GC (Allocation Failure) 
Desired survivor size 524288 bytes, new threshold 1 (max 15)
[PSYoungGen: 2336K->288K(2560K)] 10779K->8763K(13824K), 0.0010393 secs] [Times: user=0.00 sys=0.00, real=0.00 secs] 
2015-04-14T20:42:39.548-0100: 2450.373: Total time for which application threads were stopped: 0.0012414 seconds, Stopping threads took: 0.0000221 seconds
2015-04-14T20:42:40.498-0100: 2451.323: [GC (Allocation Failure) 
Desired survivor size 524288 bytes, new threshold 1 (max 15)
[PSYoungGen: 2336K->256K(2560K)] 10811K->8755K(13824K), 0.0010156 secs] [Times: user=0.00 sys=0.00, real=0.00 secs] 
2015-04-14T20:42:40.499-0100: 2451.324: Total time for which application threads were stopped: 0.0012173 seconds, Stopping threads took: 0.0000214 seconds
2015-04-14T20:42:41.417-0100: 2452.242: [GC (Allocation Failure) 
Desired survivor size 524288 bytes, new threshold 1 (max 15)
[PSYoungGen: 2304K->288K(2560K)] 10803K->8819K(13824K), 0.0008719 secs] [Times: user=0.00 sys=0.00, real=0.00 secs] 
2015-04-14T20:42:41.418-0100: 2452.243: Total time for which application threads were stopped: 0.0010353 seconds, Stopping threads took: 0.0000187 seconds
2015-04-14T20:42:42.387-0100: 2453.212: [GC (Allocation Failure) 
Desired survivor size 524288 bytes, new threshold 1 (max 15)
[PSYoungGen: 2336K->288K(2560K)] 10867K->8851K(13824K), 0.0010336 secs] [Times: user=0.01 sys=0.00, real=0.00 secs] 
2015-04-14T20:42:42.388-0100: 2453.213: Total time for which application threads were stopped: 0.0012368 seconds, Stopping threads took: 0.0000238 seconds
2015-04-14T20:42:43.225-0100: 2454.050: [GC (Allocation Failure) 
Desired survivor size 524288 bytes, new threshold 1 (max 15)
[PSYoungGen: 2336K->256K(2560K)] 10899K->8851K(13824K), 0.0010171 secs] [Times: user=0.00 sys=0.00, real=0.00 secs] 
2015-04-14T20:42:43.226-0100: 2454.051: Total time for which application threads were stopped: 0.0012075 seconds, Stopping threads took: 0.0000223 seconds
2015-04-14T20:42:44.110-0100: 2454.935: [GC (Allocation Failure) 
Desired survivor size 524288 bytes, new threshold 1 (max 15)
[PSYoungGen: 2304K->256K(2560K)] 10899K->8883K(13824K), 0.0009761 secs] [Times: user=0.01 sys=0.01, real=0.00 secs] 
2015-04-14T20:42:44.111-0100: 2454.936: Total time for which application threads were stopped: 0.0011740 seconds, Stopping threads took: 0.0000238 seconds
2015-04-14T20:42:44.961-0100: 2455.786: [GC (Allocation Failure) 
Desired survivor size 524288 bytes, new threshold 1 (max 15)
[PSYoungGen: 2304K->288K(2560K)] 10931K->8947K(13824K), 0.0011006 secs] [Times: user=0.01 sys=0.00, real=0.00 secs] 
2015-04-14T20:42:44.962-0100: 2455.787: Total time for which application threads were stopped: 0.0013021 seconds, Stopping threads took: 0.0000221 seconds
2015-04-14T20:42:45.800-0100: 2456.625: [GC (Allocation Failure) 
Desired survivor size 524288 bytes, new threshold 1 (max 15)
[PSYoungGen: 2336K->256K(2560K)] 10995K->8955K(13824K), 0.0011206 secs] [Times: user=0.01 sys=0.00, real=0.00 secs] 
2015-04-14T20:42:45.801-0100: 2456.626: Total time for which application threads were stopped: 0.0013177 seconds, Stopping threads took: 0.0000245 seconds
2015-04-14T20:42:46.666-0100: 2457.492: [GC (Allocation Failure) 
Desired survivor size 524288 bytes, new threshold 1 (max 15)
[PSYoungGen: 2304K->288K(2560K)] 11003K->9027K(13824K), 0.0010456 secs] [Times: user=0.00 sys=0.00, real=0.00 secs] 
2015-04-14T20:42:46.668-0100: 2457.493: Total time for which application threads were stopped: 0.0012379 seconds, Stopping threads took: 0.0000232 seconds
2015-04-14T20:42:47.519-0100: 2458.345: [GC (Allocation Failure) 
Desired survivor size 524288 bytes, new threshold 1 (max 15)
[PSYoungGen: 2336K->256K(2560K)] 11075K->9027K(13824K), 0.0010566 secs] [Times: user=0.01 sys=0.00, real=0.01 secs] 
2015-04-14T20:42:47.521-0100: 2458.346: Total time for which application threads were stopped: 0.0012700 seconds, Stopping threads took: 0.0000237 seconds
2015-04-14T20:42:48.455-0100: 2459.281: [GC (Allocation Failure) 
Desired survivor size 524288 bytes, new threshold 1 (max 15)
[PSYoungGen: 2304K->256K(2560K)] 11075K->9067K(13824K), 0.0011034 secs] [Times: user=0.01 sys=0.00, real=0.00 secs] 
2015-04-14T20:42:48.456-0100: 2459.282: Total time for which application threads were stopped: 0.0013052 seconds, Stopping threads took: 0.0000247 seconds
2015-04-14T20:42:49.408-0100: 2460.233: [GC (Allocation Failure) 
Desired survivor size 524288 bytes, new threshold 1 (max 15)
[PSYoungGen: 2304K->224K(2560K)] 11115K->9059K(13824K), 0.0011980 secs] [Times: user=0.01 sys=0.00, real=0.00 secs] 
2015-04-14T20:42:49.409-0100: 2460.234: Total time for which application threads were stopped: 0.0014467 seconds, Stopping threads took: 0.0000290 seconds
2015-04-14T20:42:50.446-0100: 2461.271: [GC (Allocation Failure) 
Desired survivor size 524288 bytes, new threshold 1 (max 15)
[PSYoungGen: 2272K->288K(2560K)] 11107K->9147K(13824K), 0.0009611 secs] [Times: user=0.00 sys=0.00, real=0.00 secs] 
2015-04-14T20:42:50.447-0100: 2461.272: Total time for which application threads were stopped: 0.0011315 seconds, Stopping threads took: 0.0000195 seconds
2015-04-14T20:42:51.496-0100: 2462.321: [GC (Allocation Failure) 
Desired survivor size 524288 bytes, new threshold 1 (max 15)
[PSYoungGen: 2336K->256K(2560K)] 11195K->9147K(13824K), 0.0009948 secs] [Times: user=0.00 sys=0.00, real=0.00 secs] 
2015-04-14T20:42:51.497-0100: 2462.322: Total time for which application threads were stopped: 0.0011797 seconds, Stopping threads took: 0.0000238 seconds
2015-04-14T20:42:52.504-0100: 2463.330: [GC (Allocation Failure) 
Desired survivor size 524288 bytes, new threshold 1 (max 15)
[PSYoungGen: 2304K->256K(2560K)] 11195K->9179K(13824K), 0.0010877 secs] [Times: user=0.00 sys=0.00, real=0.00 secs] 
2015-04-14T20:42:52.505-0100: 2463.331: Total time for which application threads were stopped: 0.0012775 seconds, Stopping threads took: 0.0000220 seconds
2015-04-14T20:42:53.521-0100: 2464.346: [GC (Allocation Failure) 
Desired survivor size 524288 bytes, new threshold 1 (max 15)
[PSYoungGen: 2304K->256K(2560K)] 11227K->9203K(13824K), 0.0010354 secs] [Times: user=0.00 sys=0.00, real=0.00 secs] 
2015-04-14T20:42:53.522-0100: 2464.348: Total time for which application threads were stopped: 0.0012381 seconds, Stopping threads took: 0.0000244 seconds
2015-04-14T20:42:54.559-0100: 2465.384: [GC (Allocation Failure) 
Desired survivor size 524288 bytes, new threshold 1 (max 15)
[PSYoungGen: 2304K->288K(2560K)] 11251K->9259K(13824K), 0.0007832 secs] [Times: user=0.00 sys=0.00, real=0.01 secs] 
2015-04-14T20:42:54.560-0100: 2465.385: Total time for which application threads were stopped: 0.0009300 seconds, Stopping threads took: 0.0000168 seconds
2015-04-14T20:42:55.645-0100: 2466.470: [GC (Allocation Failure) 
Desired survivor size 524288 bytes, new threshold 1 (max 15)
[PSYoungGen: 2336K->224K(2560K)] 11307K->9219K(13824K), 0.0009338 secs] [Times: user=0.00 sys=0.00, real=0.00 secs] 
2015-04-14T20:42:55.646-0100: 2466.471: Total time for which application threads were stopped: 0.0011071 seconds, Stopping threads took: 0.0000188 seconds
2015-04-14T20:42:56.664-0100: 2467.490: [GC (Allocation Failure) 
Desired survivor size 524288 bytes, new threshold 1 (max 15)
[PSYoungGen: 2272K->224K(2560K)] 11267K->9251K(13824K), 0.0010565 secs] [Times: user=0.00 sys=0.00, real=0.00 secs] 
2015-04-14T20:42:56.666-0100: 2467.491: Total time for which application threads were stopped: 0.0012693 seconds, Stopping threads took: 0.0000206 seconds
2015-04-14T20:42:57.687-0100: 2468.513: [GC (Allocation Failure) 
Desired survivor size 524288 bytes, new threshold 1 (max 15)
[PSYoungGen: 2272K->288K(2560K)] 11299K->9355K(13824K), 0.0010184 secs] [Times: user=0.01 sys=0.00, real=0.00 secs] 
2015-04-14T20:42:57.688-0100: 2468.514: Total time for which application threads were stopped: 0.0012156 seconds, Stopping threads took: 0.0000222 seconds
2015-04-14T20:42:58.688-0100: 2469.513: [GC (Allocation Failure) 
Desired survivor size 524288 bytes, new threshold 1 (max 15)
[PSYoungGen: 2336K->288K(2560K)] 11403K->9395K(13824K), 0.0010268 secs] [Times: user=0.01 sys=0.00, real=0.00 secs] 
2015-04-14T20:42:58.689-0100: 2469.514: Total time for which application threads were stopped: 0.0012097 seconds, Stopping threads took: 0.0000209 seconds
2015-04-14T20:42:59.709-0100: 2470.535: [GC (Allocation Failure) 
Desired survivor size 524288 bytes, new threshold 1 (max 15)
[PSYoungGen: 2336K->256K(2560K)] 11443K->9387K(13824K), 0.0011006 secs] [Times: user=0.01 sys=0.00, real=0.01 secs] 
2015-04-14T20:42:59.710-0100: 2470.536: Total time for which application threads were stopped: 0.0013118 seconds, Stopping threads took: 0.0000239 seconds
2015-04-14T20:43:00.460-0100: 2471.286: [GC (Allocation Failure) 
Desired survivor size 524288 bytes, new threshold 1 (max 15)
[PSYoungGen: 2304K->256K(2560K)] 11435K->9403K(13824K), 0.0010882 secs] [Times: user=0.00 sys=0.00, real=0.00 secs] 
2015-04-14T20:43:00.461-0100: 2471.287: Total time for which application threads were stopped: 0.0012791 seconds, Stopping threads took: 0.0000222 seconds
2015-04-14T20:43:01.480-0100: 2472.305: [GC (Allocation Failure) 
Desired survivor size 524288 bytes, new threshold 1 (max 15)
[PSYoungGen: 2304K->256K(2560K)] 11451K->9451K(13824K), 0.0008037 secs] [Times: user=0.00 sys=0.00, real=0.00 secs] 
2015-04-14T20:43:01.481-0100: 2472.306: Total time for which application threads were stopped: 0.0009467 seconds, Stopping threads took: 0.0000197 seconds
2015-04-14T20:43:02.499-0100: 2473.325: [GC (Allocation Failure) 
Desired survivor size 524288 bytes, new threshold 1 (max 15)
[PSYoungGen: 2304K->288K(2560K)] 11499K->9523K(13824K), 0.0010139 secs] [Times: user=0.00 sys=0.00, real=0.01 secs] 
2015-04-14T20:43:02.500-0100: 2473.326: Total time for which application threads were stopped: 0.0012312 seconds, Stopping threads took: 0.0000266 seconds
2015-04-14T20:43:03.486-0100: 2474.312: [GC (Allocation Failure) 
Desired survivor size 524288 bytes, new threshold 1 (max 15)
[PSYoungGen: 2336K->256K(2560K)] 11571K->9523K(13824K), 0.0009416 secs] [Times: user=0.00 sys=0.00, real=0.00 secs] 
2015-04-14T20:43:03.487-0100: 2474.313: Total time for which application threads were stopped: 0.0010990 seconds, Stopping threads took: 0.0000206 seconds
2015-04-14T20:43:04.475-0100: 2475.300: [GC (Allocation Failure) 
Desired survivor size 524288 bytes, new threshold 1 (max 15)
[PSYoungGen: 2304K->288K(2560K)] 11571K->9579K(13824K), 0.0009249 secs] [Times: user=0.00 sys=0.00, real=0.00 secs] 
2015-04-14T20:43:04.476-0100: 2475.301: Total time for which application threads were stopped: 0.0010910 seconds, Stopping threads took: 0.0000176 seconds
2015-04-14T20:43:05.476-0100: 2476.302: [GC (Allocation Failure) 
Desired survivor size 524288 bytes, new threshold 1 (max 15)
[PSYoungGen: 2336K->288K(2560K)] 11627K->9611K(13824K), 0.0009438 secs] [Times: user=0.00 sys=0.00, real=0.00 secs] 
2015-04-14T20:43:05.477-0100: 2476.303: Total time for which application threads were stopped: 0.0011115 seconds, Stopping threads took: 0.0000179 seconds
2015-04-14T20:43:06.478-0100: 2477.304: [GC (Allocation Failure) 
Desired survivor size 524288 bytes, new threshold 1 (max 15)
[PSYoungGen: 2336K->288K(2560K)] 11659K->9643K(13824K), 0.0009684 secs] [Times: user=0.00 sys=0.00, real=0.00 secs] 
2015-04-14T20:43:06.480-0100: 2477.305: Total time for which application threads were stopped: 0.0011858 seconds, Stopping threads took: 0.0000226 seconds
2015-04-14T20:43:07.516-0100: 2478.342: [GC (Allocation Failure) 
Desired survivor size 524288 bytes, new threshold 1 (max 15)
[PSYoungGen: 2336K->256K(2560K)] 11691K->9635K(13824K), 0.0010932 secs] [Times: user=0.00 sys=0.00, real=0.00 secs] 
2015-04-14T20:43:07.518-0100: 2478.343: Total time for which application threads were stopped: 0.0012921 seconds, Stopping threads took: 0.0000226 seconds
2015-04-14T20:43:08.587-0100: 2479.413: [GC (Allocation Failure) 
Desired survivor size 524288 bytes, new threshold 1 (max 15)
[PSYoungGen: 2304K->256K(2560K)] 11683K->9675K(13824K), 0.0009952 secs] [Times: user=0.00 sys=0.00, real=0.00 secs] 
2015-04-14T20:43:08.588-0100: 2479.414: Total time for which application threads were stopped: 0.0011995 seconds, Stopping threads took: 0.0000208 seconds
2015-04-14T20:43:09.605-0100: 2480.430: [GC (Allocation Failure) 
Desired survivor size 524288 bytes, new threshold 1 (max 15)
[PSYoungGen: 2304K->256K(2560K)] 11723K->9707K(13824K), 0.0010709 secs] [Times: user=0.01 sys=0.00, real=0.00 secs] 
2015-04-14T20:43:09.606-0100: 2480.431: Total time for which application threads were stopped: 0.0012811 seconds, Stopping threads took: 0.0000217 seconds
2015-04-14T20:43:10.611-0100: 2481.436: [GC (Allocation Failure) 
Desired survivor size 524288 bytes, new threshold 1 (max 15)
[PSYoungGen: 2304K->288K(2560K)] 11755K->9779K(13824K), 0.0010739 secs] [Times: user=0.00 sys=0.00, real=0.00 secs] 
2015-04-14T20:43:10.612-0100: 2481.438: Total time for which application threads were stopped: 0.0012475 seconds, Stopping threads took: 0.0000235 seconds
2015-04-14T20:43:11.628-0100: 2482.453: [GC (Allocation Failure) 
Desired survivor size 524288 bytes, new threshold 1 (max 15)
[PSYoungGen: 2336K->224K(2560K)] 11827K->9739K(13824K), 0.0007857 secs] [Times: user=0.00 sys=0.00, real=0.00 secs] 
2015-04-14T20:43:11.629-0100: 2482.454: Total time for which application threads were stopped: 0.0009274 seconds, Stopping threads took: 0.0000150 seconds
2015-04-14T20:43:12.699-0100: 2483.525: [GC (Allocation Failure) 
Desired survivor size 524288 bytes, new threshold 1 (max 15)
[PSYoungGen: 2272K->288K(2560K)] 11787K->9827K(13824K), 0.0009286 secs] [Times: user=0.01 sys=0.00, real=0.01 secs] 
2015-04-14T20:43:12.700-0100: 2483.526: Total time for which application threads were stopped: 0.0011190 seconds, Stopping threads took: 0.0000240 seconds
2015-04-14T20:43:13.784-0100: 2484.610: [GC (Allocation Failure) 
Desired survivor size 524288 bytes, new threshold 1 (max 15)
[PSYoungGen: 2336K->256K(2560K)] 11875K->9827K(13824K), 0.0011121 secs] [Times: user=0.00 sys=0.00, real=0.00 secs] 
2015-04-14T20:43:13.786-0100: 2484.611: Total time for which application threads were stopped: 0.0013236 seconds, Stopping threads took: 0.0000254 seconds
2015-04-14T20:43:14.756-0100: 2485.581: [GC (Allocation Failure) 
Desired survivor size 524288 bytes, new threshold 1 (max 15)
[PSYoungGen: 2304K->256K(2560K)] 11875K->9859K(13824K), 0.0010149 secs] [Times: user=0.01 sys=0.00, real=0.00 secs] 
2015-04-14T20:43:14.757-0100: 2485.582: Total time for which application threads were stopped: 0.0012098 seconds, Stopping threads took: 0.0000222 seconds
2015-04-14T20:43:15.759-0100: 2486.585: [GC (Allocation Failure) 
Desired survivor size 524288 bytes, new threshold 1 (max 15)
[PSYoungGen: 2304K->256K(2560K)] 11907K->9891K(13824K), 0.0010581 secs] [Times: user=0.00 sys=0.00, real=0.01 secs] 
2015-04-14T20:43:15.760-0100: 2486.586: Total time for which application threads were stopped: 0.0012555 seconds, Stopping threads took: 0.0000224 seconds
2015-04-14T20:43:16.780-0100: 2487.605: [GC (Allocation Failure) 
Desired survivor size 524288 bytes, new threshold 1 (max 15)
[PSYoungGen: 2304K->256K(2560K)] 11939K->9923K(13824K), 0.0010505 secs] [Times: user=0.00 sys=0.00, real=0.00 secs] 
2015-04-14T20:43:16.781-0100: 2487.606: Total time for which application threads were stopped: 0.0012436 seconds, Stopping threads took: 0.0000207 seconds
2015-04-14T20:43:17.880-0100: 2488.706: [GC (Allocation Failure) 
Desired survivor size 524288 bytes, new threshold 1 (max 15)
[PSYoungGen: 2304K->256K(2560K)] 11971K->9955K(13824K), 0.0009194 secs] [Times: user=0.00 sys=0.00, real=0.00 secs] 
2015-04-14T20:43:17.881-0100: 2488.707: Total time for which application threads were stopped: 0.0011047 seconds, Stopping threads took: 0.0000358 seconds
2015-04-14T20:43:18.869-0100: 2489.695: [GC (Allocation Failure) 
Desired survivor size 524288 bytes, new threshold 1 (max 15)
[PSYoungGen: 2304K->288K(2560K)] 12003K->10011K(13824K), 0.0009799 secs] [Times: user=0.00 sys=0.00, real=0.00 secs] 
2015-04-14T20:43:18.871-0100: 2489.696: Total time for which application threads were stopped: 0.0011684 seconds, Stopping threads took: 0.0000221 seconds
2015-04-14T20:43:19.906-0100: 2490.732: Total time for which application threads were stopped: 0.0000990 seconds, Stopping threads took: 0.0000217 seconds
2015-04-14T20:43:19.907-0100: 2490.732: [GC (GCLocker Initiated GC) 
Desired survivor size 524288 bytes, new threshold 1 (max 15)
[PSYoungGen: 2336K->256K(2560K)] 12059K->10011K(13824K), 0.0010417 secs] [Times: user=0.00 sys=0.00, real=0.00 secs] 
2015-04-14T20:43:19.908-0100: 2490.734: Total time for which application threads were stopped: 0.0011812 seconds, Stopping threads took: 0.0000091 seconds
2015-04-14T20:43:20.909-0100: 2491.735: [GC (Allocation Failure) 
Desired survivor size 524288 bytes, new threshold 1 (max 15)
[PSYoungGen: 2304K->256K(2560K)] 12062K->10054K(13824K), 0.0010518 secs] [Times: user=0.00 sys=0.00, real=0.01 secs] 
2015-04-14T20:43:20.910-0100: 2491.736: Total time for which application threads were stopped: 0.0012429 seconds, Stopping threads took: 0.0000220 seconds
2015-04-14T20:43:21.960-0100: 2492.786: [GC (Allocation Failure) 
Desired survivor size 524288 bytes, new threshold 1 (max 15)
[PSYoungGen: 2304K->288K(2560K)] 12102K->10110K(13824K), 0.0010402 secs] [Times: user=0.00 sys=0.00, real=0.00 secs] 
2015-04-14T20:43:21.961-0100: 2492.787: Total time for which application threads were stopped: 0.0012379 seconds, Stopping threads took: 0.0000208 seconds
2015-04-14T20:43:23.000-0100: 2493.826: [GC (Allocation Failure) 
Desired survivor size 524288 bytes, new threshold 1 (max 15)
[PSYoungGen: 2336K->288K(2560K)] 12158K->10142K(13824K), 0.0010936 secs] [Times: user=0.00 sys=0.00, real=0.00 secs] 
2015-04-14T20:43:23.001-0100: 2493.827: Total time for which application threads were stopped: 0.0012887 seconds, Stopping threads took: 0.0000226 seconds
2015-04-14T20:43:24.035-0100: 2494.861: [GC (Allocation Failure) 
Desired survivor size 524288 bytes, new threshold 1 (max 15)
[PSYoungGen: 2336K->256K(2560K)] 12190K->10150K(13824K), 0.0009032 secs] [Times: user=0.00 sys=0.01, real=0.00 secs] 
2015-04-14T20:43:24.036-0100: 2494.862: Total time for which application threads were stopped: 0.0010656 seconds, Stopping threads took: 0.0000187 seconds
2015-04-14T20:43:25.053-0100: 2495.879: [GC (Allocation Failure) 
Desired survivor size 524288 bytes, new threshold 1 (max 15)
[PSYoungGen: 2304K->256K(2560K)] 12198K->10166K(13824K), 0.0010052 secs] [Times: user=0.00 sys=0.01, real=0.00 secs] 
2015-04-14T20:43:25.054-0100: 2495.880: Total time for which application threads were stopped: 0.0012072 seconds, Stopping threads took: 0.0000267 seconds
2015-04-14T20:43:26.042-0100: 2496.868: [GC (Allocation Failure) 
Desired survivor size 524288 bytes, new threshold 1 (max 15)
[PSYoungGen: 2304K->256K(2560K)] 12214K->10190K(13824K), 0.0009235 secs] [Times: user=0.00 sys=0.00, real=0.00 secs] 
2015-04-14T20:43:26.043-0100: 2496.869: Total time for which application threads were stopped: 0.0011222 seconds, Stopping threads took: 0.0000238 seconds
2015-04-14T20:43:27.046-0100: 2497.872: [GC (Allocation Failure) 
Desired survivor size 524288 bytes, new threshold 1 (max 15)
[PSYoungGen: 2304K->288K(2560K)] 12238K->10246K(13824K), 0.0010089 secs] [Times: user=0.00 sys=0.01, real=0.00 secs] 
2015-04-14T20:43:27.047-0100: 2497.873: Total time for which application threads were stopped: 0.0011959 seconds, Stopping threads took: 0.0000215 seconds
2015-04-14T20:43:28.049-0100: 2498.875: [GC (Allocation Failure) 
Desired survivor size 524288 bytes, new threshold 1 (max 15)
[PSYoungGen: 2336K->256K(2560K)] 12294K->10238K(13824K), 0.0010522 secs] [Times: user=0.00 sys=0.00, real=0.01 secs] 
2015-04-14T20:43:28.050-0100: 2498.876: Total time for which application threads were stopped: 0.0012281 seconds, Stopping threads took: 0.0000218 seconds
2015-04-14T20:43:29.114-0100: 2499.940: [GC (Allocation Failure) 
Desired survivor size 524288 bytes, new threshold 1 (max 15)
[PSYoungGen: 2304K->256K(2560K)] 12286K->10270K(13824K), 0.0010714 secs] [Times: user=0.00 sys=0.00, real=0.00 secs] 
2015-04-14T20:43:29.115-0100: 2499.941: Total time for which application threads were stopped: 0.0012745 seconds, Stopping threads took: 0.0000274 seconds
2015-04-14T20:43:30.139-0100: 2500.965: [GC (Allocation Failure) 
Desired survivor size 524288 bytes, new threshold 1 (max 15)
[PSYoungGen: 2304K->288K(2560K)] 12318K->10326K(13824K), 0.0009076 secs] [Times: user=0.01 sys=0.00, real=0.01 secs] 
2015-04-14T20:43:30.140-0100: 2500.966: Total time for which application threads were stopped: 0.0011058 seconds, Stopping threads took: 0.0000222 seconds
2015-04-14T20:43:31.157-0100: 2501.983: [GC (Allocation Failure) 
Desired survivor size 524288 bytes, new threshold 1 (max 15)
[PSYoungGen: 2336K->288K(2560K)] 12374K->10358K(13824K), 0.0010281 secs] [Times: user=0.01 sys=0.01, real=0.00 secs] 
2015-04-14T20:43:31.158-0100: 2501.984: Total time for which application threads were stopped: 0.0012195 seconds, Stopping threads took: 0.0000226 seconds
2015-04-14T20:43:32.162-0100: 2502.988: [GC (Allocation Failure) 
Desired survivor size 524288 bytes, new threshold 1 (max 15)
[PSYoungGen: 2336K->256K(2560K)] 12406K->10358K(13824K), 0.0011846 secs] [Times: user=0.01 sys=0.00, real=0.00 secs] 
2015-04-14T20:43:32.163-0100: 2502.989: Total time for which application threads were stopped: 0.0013875 seconds, Stopping threads took: 0.0000241 seconds
2015-04-14T20:43:33.195-0100: 2504.021: [GC (Allocation Failure) 
Desired survivor size 524288 bytes, new threshold 1 (max 15)
[PSYoungGen: 2304K->256K(2560K)] 12406K->10382K(13824K), 0.0010564 secs] [Times: user=0.01 sys=0.00, real=0.00 secs] 
2015-04-14T20:43:33.196-0100: 2504.022: Total time for which application threads were stopped: 0.0012364 seconds, Stopping threads took: 0.0000220 seconds
2015-04-14T20:43:34.235-0100: 2505.061: [GC (Allocation Failure) 
Desired survivor size 524288 bytes, new threshold 1 (max 15)
[PSYoungGen: 2304K->256K(2560K)] 12430K->10406K(13824K), 0.0010350 secs] [Times: user=0.01 sys=0.00, real=0.00 secs] 
2015-04-14T20:43:34.236-0100: 2505.062: Total time for which application threads were stopped: 0.0012465 seconds, Stopping threads took: 0.0000238 seconds
2015-04-14T20:43:35.304-0100: 2506.130: [GC (Allocation Failure) 
Desired survivor size 524288 bytes, new threshold 1 (max 15)
[PSYoungGen: 2304K->288K(2560K)] 12454K->10470K(13824K), 0.0010740 secs] [Times: user=0.00 sys=0.00, real=0.00 secs] 
2015-04-14T20:43:35.305-0100: 2506.131: Total time for which application threads were stopped: 0.0012788 seconds, Stopping threads took: 0.0000240 seconds
2015-04-14T20:43:36.321-0100: 2507.147: [GC (Allocation Failure) 
Desired survivor size 524288 bytes, new threshold 1 (max 15)
[PSYoungGen: 2336K->224K(2560K)] 12518K->10438K(13824K), 0.0011115 secs] [Times: user=0.00 sys=0.00, real=0.00 secs] 
2015-04-14T20:43:36.322-0100: 2507.148: Total time for which application threads were stopped: 0.0013286 seconds, Stopping threads took: 0.0000244 seconds
2015-04-14T20:43:37.295-0100: 2508.121: [GC (Allocation Failure) 
Desired survivor size 524288 bytes, new threshold 1 (max 15)
[PSYoungGen: 2272K->288K(2560K)] 12486K->10534K(13824K), 0.0010886 secs] [Times: user=0.01 sys=0.00, real=0.00 secs] 
2015-04-14T20:43:37.296-0100: 2508.122: Total time for which application threads were stopped: 0.0012831 seconds, Stopping threads took: 0.0000221 seconds
2015-04-14T20:43:38.380-0100: 2509.206: [GC (Allocation Failure) 
Desired survivor size 524288 bytes, new threshold 1 (max 15)
[PSYoungGen: 2336K->288K(2560K)] 12582K->10566K(13824K), 0.0011188 secs] [Times: user=0.00 sys=0.01, real=0.00 secs] 
2015-04-14T20:43:38.381-0100: 2509.207: Total time for which application threads were stopped: 0.0013145 seconds, Stopping threads took: 0.0000238 seconds
2015-04-14T20:43:39.410-0100: 2510.236: [GC (Allocation Failure) 
Desired survivor size 524288 bytes, new threshold 1 (max 15)
[PSYoungGen: 2336K->256K(2560K)] 12614K->10566K(13824K), 0.0011005 secs] [Times: user=0.00 sys=0.00, real=0.00 secs] 
2015-04-14T20:43:39.411-0100: 2510.237: Total time for which application threads were stopped: 0.0013704 seconds, Stopping threads took: 0.0000348 seconds
2015-04-14T20:43:40.384-0100: 2511.210: [GC (Allocation Failure) 
Desired survivor size 524288 bytes, new threshold 1 (max 15)
[PSYoungGen: 2304K->256K(2560K)] 12614K->10590K(13824K), 0.0011007 secs] [Times: user=0.01 sys=0.00, real=0.00 secs] 
2015-04-14T20:43:40.385-0100: 2511.212: Total time for which application threads were stopped: 0.0014048 seconds, Stopping threads took: 0.0000397 seconds
2015-04-14T20:43:41.339-0100: 2512.165: [GC (Allocation Failure) 
Desired survivor size 524288 bytes, new threshold 1 (max 15)
[PSYoungGen: 2304K->256K(2560K)] 12638K->10614K(13824K), 0.0010468 secs] [Times: user=0.01 sys=0.00, real=0.01 secs] 
2015-04-14T20:43:41.340-0100: 2512.166: Total time for which application threads were stopped: 0.0012372 seconds, Stopping threads took: 0.0000215 seconds
2015-04-14T20:43:42.243-0100: 2513.069: [GC (Allocation Failure) 
Desired survivor size 524288 bytes, new threshold 1 (max 15)
[PSYoungGen: 2304K->224K(2560K)] 12662K->10606K(13824K), 0.0007548 secs] [Times: user=0.00 sys=0.00, real=0.00 secs] 
2015-04-14T20:43:42.243-0100: 2513.070: Total time for which application threads were stopped: 0.0008937 seconds, Stopping threads took: 0.0000143 seconds
2015-04-14T20:43:43.129-0100: 2513.955: [GC (Allocation Failure) 
Desired survivor size 524288 bytes, new threshold 1 (max 15)
[PSYoungGen: 2272K->288K(2560K)] 12654K->10702K(13824K), 0.0010142 secs] [Times: user=0.00 sys=0.00, real=0.01 secs] 
2015-04-14T20:43:43.130-0100: 2513.956: Total time for which application threads were stopped: 0.0012024 seconds, Stopping threads took: 0.0000209 seconds
2015-04-14T20:43:43.981-0100: 2514.807: [GC (Allocation Failure) 
Desired survivor size 524288 bytes, new threshold 1 (max 15)
[PSYoungGen: 2336K->288K(2560K)] 12750K->10742K(13824K), 0.0011091 secs] [Times: user=0.01 sys=0.00, real=0.00 secs] 
2015-04-14T20:43:43.982-0100: 2514.809: Total time for which application threads were stopped: 0.0013004 seconds, Stopping threads took: 0.0000241 seconds
2015-04-14T20:43:44.833-0100: 2515.659: [GC (Allocation Failure) 
Desired survivor size 524288 bytes, new threshold 1 (max 15)
[PSYoungGen: 2336K->288K(2560K)] 12790K->10758K(13824K), 0.0010082 secs] [Times: user=0.01 sys=0.00, real=0.00 secs] 
2015-04-14T20:43:44.834-0100: 2515.660: Total time for which application threads were stopped: 0.0011997 seconds, Stopping threads took: 0.0000228 seconds
2015-04-14T20:43:45.704-0100: 2516.531: [GC (Allocation Failure) 
Desired survivor size 524288 bytes, new threshold 1 (max 15)
[PSYoungGen: 2336K->288K(2560K)] 12806K->10782K(13824K), 0.0010527 secs] [Times: user=0.01 sys=0.00, real=0.00 secs] 
2015-04-14T20:43:45.706-0100: 2516.532: Total time for which application threads were stopped: 0.0012407 seconds, Stopping threads took: 0.0000232 seconds
2015-04-14T20:43:46.572-0100: 2517.399: [GC (Allocation Failure) 
Desired survivor size 524288 bytes, new threshold 1 (max 15)
[PSYoungGen: 2336K->288K(2560K)] 12830K->10806K(13824K), 0.0011128 secs] [Times: user=0.00 sys=0.00, real=0.00 secs] 
2015-04-14T20:43:46.574-0100: 2517.400: Total time for which application threads were stopped: 0.0013100 seconds, Stopping threads took: 0.0000236 seconds
2015-04-14T20:43:47.442-0100: 2518.269: [GC (Allocation Failure) 
Desired survivor size 524288 bytes, new threshold 1 (max 15)
[PSYoungGen: 2336K->256K(2560K)] 12854K->10806K(13824K), 0.0010323 secs] [Times: user=0.00 sys=0.00, real=0.00 secs] 
2015-04-14T20:43:47.443-0100: 2518.270: Total time for which application threads were stopped: 0.0012378 seconds, Stopping threads took: 0.0000238 seconds
2015-04-14T20:43:48.345-0100: 2519.171: [GC (Allocation Failure) 
Desired survivor size 524288 bytes, new threshold 1 (max 15)
[PSYoungGen: 2304K->288K(2560K)] 12854K->10870K(13824K), 0.0010032 secs] [Times: user=0.00 sys=0.00, real=0.00 secs] 
2015-04-14T20:43:48.346-0100: 2519.172: Total time for which application threads were stopped: 0.0011942 seconds, Stopping threads took: 0.0000214 seconds
2015-04-14T20:43:49.263-0100: 2520.089: [GC (Allocation Failure) 
Desired survivor size 524288 bytes, new threshold 1 (max 15)
[PSYoungGen: 2336K->256K(2560K)] 12918K->10870K(13824K), 0.0010998 secs] [Times: user=0.00 sys=0.00, real=0.00 secs] 
2015-04-14T20:43:49.264-0100: 2520.090: Total time for which application threads were stopped: 0.0013745 seconds, Stopping threads took: 0.0000268 seconds
2015-04-14T20:43:50.168-0100: 2520.994: [GC (Allocation Failure) 
Desired survivor size 524288 bytes, new threshold 1 (max 15)
[PSYoungGen: 2304K->288K(2560K)] 12918K->10942K(13824K), 0.0010486 secs] [Times: user=0.00 sys=0.00, real=0.00 secs] 
2015-04-14T20:43:50.169-0100: 2520.995: Total time for which application threads were stopped: 0.0012466 seconds, Stopping threads took: 0.0000223 seconds
2015-04-14T20:43:51.206-0100: 2522.033: [GC (Allocation Failure) 
Desired survivor size 524288 bytes, new threshold 1 (max 15)
[PSYoungGen: 2336K->256K(2560K)] 12990K->10934K(13824K), 0.0009839 secs] [Times: user=0.00 sys=0.00, real=0.00 secs] 
2015-04-14T20:43:51.207-0100: 2522.034: Total time for which application threads were stopped: 0.0011620 seconds, Stopping threads took: 0.0000218 seconds
2015-04-14T20:43:52.206-0100: 2523.032: [GC (Allocation Failure) 
Desired survivor size 524288 bytes, new threshold 1 (max 15)
[PSYoungGen: 2304K->288K(2560K)] 12982K->11006K(13824K), 0.0010067 secs] [Times: user=0.00 sys=0.00, real=0.00 secs] 
2015-04-14T20:43:52.207-0100: 2523.034: Total time for which application threads were stopped: 0.0011943 seconds, Stopping threads took: 0.0000213 seconds
2015-04-14T20:43:53.227-0100: 2524.053: [GC (Allocation Failure) 
Desired survivor size 524288 bytes, new threshold 1 (max 15)
[PSYoungGen: 2336K->256K(2560K)] 13054K->10998K(13824K), 0.0010493 secs] [Times: user=0.01 sys=0.00, real=0.00 secs] 
2015-04-14T20:43:53.228-0100: 2524.054: Total time for which application threads were stopped: 0.0012499 seconds, Stopping threads took: 0.0000256 seconds
2015-04-14T20:43:54.215-0100: 2525.041: [GC (Allocation Failure) 
Desired survivor size 524288 bytes, new threshold 1 (max 15)
[PSYoungGen: 2304K->288K(2560K)] 13046K->11054K(13824K), 0.0012490 secs] [Times: user=0.01 sys=0.00, real=0.00 secs] 
2015-04-14T20:43:54.216-0100: 2525.042: Total time for which application threads were stopped: 0.0014471 seconds, Stopping threads took: 0.0000222 seconds
2015-04-14T20:43:55.247-0100: 2526.073: [GC (Allocation Failure) 
Desired survivor size 524288 bytes, new threshold 1 (max 15)
[PSYoungGen: 2336K->128K(2560K)] 13102K->10902K(13824K), 0.0010175 secs] [Times: user=0.00 sys=0.00, real=0.00 secs] 
2015-04-14T20:43:55.248-0100: 2526.075: Total time for which application threads were stopped: 0.0011985 seconds, Stopping threads took: 0.0000197 seconds
2015-04-14T20:43:56.287-0100: 2527.113: [GC (Allocation Failure) 
Desired survivor size 524288 bytes, new threshold 1 (max 15)
[PSYoungGen: 2176K->288K(2560K)] 12950K->11086K(13824K), 0.0010593 secs] [Times: user=0.01 sys=0.00, real=0.00 secs] 
2015-04-14T20:43:56.288-0100: 2527.114: Total time for which application threads were stopped: 0.0012653 seconds, Stopping threads took: 0.0000220 seconds
2015-04-14T20:43:57.338-0100: 2528.165: [GC (Allocation Failure) 
Desired survivor size 524288 bytes, new threshold 1 (max 15)
[PSYoungGen: 2336K->256K(2560K)] 13134K->11086K(13824K), 0.0010387 secs] [Times: user=0.01 sys=0.00, real=0.00 secs] 
2015-04-14T20:43:57.339-0100: 2528.166: Total time for which application threads were stopped: 0.0012556 seconds, Stopping threads took: 0.0000228 seconds
2015-04-14T20:43:58.391-0100: 2529.218: [GC (Allocation Failure) 
Desired survivor size 524288 bytes, new threshold 1 (max 15)
[PSYoungGen: 2304K->256K(2560K)] 13134K->11118K(13824K), 0.0010108 secs] [Times: user=0.01 sys=0.00, real=0.00 secs] 
2015-04-14T20:43:58.392-0100: 2529.219: Total time for which application threads were stopped: 0.0012193 seconds, Stopping threads took: 0.0000308 seconds
2015-04-14T20:43:59.378-0100: 2530.205: [GC (Allocation Failure) 
Desired survivor size 524288 bytes, new threshold 1 (max 15)
[PSYoungGen: 2304K->288K(2560K)] 13166K->11182K(13824K), 0.0009234 secs] [Times: user=0.01 sys=0.00, real=0.00 secs] 
2015-04-14T20:43:59.379-0100: 2530.206: Total time for which application threads were stopped: 0.0010894 seconds, Stopping threads took: 0.0000206 seconds
2015-04-14T20:44:00.150-0100: 2530.976: [GC (Allocation Failure) 
Desired survivor size 524288 bytes, new threshold 1 (max 15)
[PSYoungGen: 2336K->256K(2560K)] 13230K->11174K(13824K), 0.0009446 secs] [Times: user=0.00 sys=0.00, real=0.00 secs] 
2015-04-14T20:44:00.151-0100: 2530.977: Total time for which application threads were stopped: 0.0011085 seconds, Stopping threads took: 0.0000200 seconds
2015-04-14T20:44:01.150-0100: 2531.976: [GC (Allocation Failure) 
Desired survivor size 524288 bytes, new threshold 1 (max 15)
[PSYoungGen: 2304K->288K(2560K)] 13222K->11238K(13824K), 0.0010712 secs] [Times: user=0.01 sys=0.00, real=0.00 secs] 
2015-04-14T20:44:01.151-0100: 2531.978: Total time for which application threads were stopped: 0.0012731 seconds, Stopping threads took: 0.0000231 seconds
2015-04-14T20:44:02.219-0100: 2533.046: [GC (Allocation Failure) 
Desired survivor size 524288 bytes, new threshold 1 (max 15)
[PSYoungGen: 2336K->256K(2560K)] 13286K->11246K(13824K), 0.0010875 secs] [Times: user=0.01 sys=0.00, real=0.01 secs] 
2015-04-14T20:44:02.220-0100: 2533.047: Total time for which application threads were stopped: 0.0013002 seconds, Stopping threads took: 0.0000270 seconds
2015-04-14T20:44:03.274-0100: 2534.101: [GC (Allocation Failure) 
Desired survivor size 524288 bytes, new threshold 1 (max 15)
[PSYoungGen: 2304K->256K(2560K)] 13294K->11286K(13824K), 0.0011123 secs] [Times: user=0.00 sys=0.00, real=0.00 secs] 
2015-04-14T20:44:03.276-0100: 2534.102: Total time for which application threads were stopped: 0.0012997 seconds, Stopping threads took: 0.0000216 seconds
2015-04-14T20:44:04.304-0100: 2535.130: [GC (Allocation Failure) 
Desired survivor size 524288 bytes, new threshold 1 (max 15)
[PSYoungGen: 2304K->256K(2560K)] 13334K->11318K(13824K), 0.0010218 secs] [Times: user=0.00 sys=0.00, real=0.00 secs] 
2015-04-14T20:44:04.305-0100: 2535.131: Total time for which application threads were stopped: 0.0014316 seconds, Stopping threads took: 0.0000629 seconds
2015-04-14T20:44:05.316-0100: 2536.143: [GC (Allocation Failure) 
Desired survivor size 524288 bytes, new threshold 1 (max 15)
[PSYoungGen: 2304K->288K(2560K)] 13366K->11374K(13824K), 0.0010945 secs] [Times: user=0.01 sys=0.00, real=0.00 secs] 
2015-04-14T20:44:05.317-0100: 2536.144: Total time for which application threads were stopped: 0.0012851 seconds, Stopping threads took: 0.0000222 seconds
2015-04-14T20:44:06.367-0100: 2537.194: [GC (Allocation Failure) 
Desired survivor size 524288 bytes, new threshold 1 (max 15)
[PSYoungGen: 2336K->256K(2560K)] 13422K->11358K(13824K), 0.0010086 secs] [Times: user=0.01 sys=0.00, real=0.00 secs] 
2015-04-14T20:44:06.368-0100: 2537.195: Total time for which application threads were stopped: 0.0012066 seconds, Stopping threads took: 0.0000221 seconds
2015-04-14T20:44:07.386-0100: 2538.212: [GC (Allocation Failure) 
Desired survivor size 524288 bytes, new threshold 1 (max 15)
[PSYoungGen: 2304K->256K(2560K)] 13406K->11390K(13824K), 0.0009331 secs] [Times: user=0.00 sys=0.00, real=0.00 secs] 
2015-04-14T20:44:07.387-0100: 2538.213: Total time for which application threads were stopped: 0.0011389 seconds, Stopping threads took: 0.0000205 seconds
2015-04-14T20:44:08.375-0100: 2539.202: [GC (Allocation Failure) 
Desired survivor size 524288 bytes, new threshold 1 (max 15)
[PSYoungGen: 2304K->256K(2560K)] 13438K->11414K(13824K), 0.0010068 secs] [Times: user=0.01 sys=0.00, real=0.00 secs] 
2015-04-14T20:44:08.376-0100: 2539.203: Total time for which application threads were stopped: 0.0012041 seconds, Stopping threads took: 0.0000227 seconds
2015-04-14T20:44:09.460-0100: 2540.287: [GC (Allocation Failure) 
Desired survivor size 524288 bytes, new threshold 1 (max 15)
[PSYoungGen: 2304K->256K(2560K)] 13462K->11438K(13824K), 0.0010106 secs] [Times: user=0.00 sys=0.00, real=0.00 secs] 
2015-04-14T20:44:09.461-0100: 2540.288: Total time for which application threads were stopped: 0.0012159 seconds, Stopping threads took: 0.0000211 seconds
2015-04-14T20:44:10.465-0100: 2541.292: [GC (Allocation Failure) 
Desired survivor size 524288 bytes, new threshold 1 (max 15)
[PSYoungGen: 2304K->256K(2560K)] 13486K->11470K(13824K), 0.0010165 secs] [Times: user=0.00 sys=0.00, real=0.00 secs] 
2015-04-14T20:44:10.466-0100: 2541.293: Total time for which application threads were stopped: 0.0011954 seconds, Stopping threads took: 0.0000194 seconds
2015-04-14T20:44:11.482-0100: 2542.309: [GC (Allocation Failure) 
Desired survivor size 524288 bytes, new threshold 1 (max 15)
[PSYoungGen: 2304K->256K(2560K)] 13518K->11502K(13824K), 0.0010528 secs] [Times: user=0.00 sys=0.01, real=0.00 secs] 
2015-04-14T20:44:11.483-0100: 2542.310: [Full GC (Ergonomics) [PSYoungGen: 256K->0K(2560K)] [ParOldGen: 11246K->8370K(11264K)] 11502K->8370K(13824K), [Metaspace: 17886K->17886K(1064960K)], 0.0186681 secs] [Times: user=0.06 sys=0.00, real=0.02 secs] 
2015-04-14T20:44:11.502-0100: 2542.329: Total time for which application threads were stopped: 0.0200144 seconds, Stopping threads took: 0.0000240 seconds
2015-04-14T20:44:12.522-0100: 2543.349: [GC (Allocation Failure) 
Desired survivor size 524288 bytes, new threshold 1 (max 15)
[PSYoungGen: 2048K->288K(2560K)] 10418K->8658K(13824K), 0.0010805 secs] [Times: user=0.00 sys=0.00, real=0.00 secs] 
2015-04-14T20:44:12.523-0100: 2543.350: Total time for which application threads were stopped: 0.0012677 seconds, Stopping threads took: 0.0000219 seconds
2015-04-14T20:44:13.592-0100: 2544.419: [GC (Allocation Failure) 
Desired survivor size 524288 bytes, new threshold 1 (max 15)
[PSYoungGen: 2336K->256K(2560K)] 10706K->8666K(13824K), 0.0010792 secs] [Times: user=0.00 sys=0.00, real=0.00 secs] 
2015-04-14T20:44:13.593-0100: 2544.420: Total time for which application threads were stopped: 0.0012724 seconds, Stopping threads took: 0.0000231 seconds
2015-04-14T20:44:14.645-0100: 2545.472: [GC (Allocation Failure) 
Desired survivor size 524288 bytes, new threshold 1 (max 15)
[PSYoungGen: 2304K->256K(2560K)] 10714K->8706K(13824K), 0.0010807 secs] [Times: user=0.00 sys=0.01, real=0.00 secs] 
2015-04-14T20:44:14.646-0100: 2545.473: Total time for which application threads were stopped: 0.0012751 seconds, Stopping threads took: 0.0000210 seconds
2015-04-14T20:44:15.643-0100: 2546.470: [GC (Allocation Failure) 
Desired survivor size 524288 bytes, new threshold 1 (max 15)
[PSYoungGen: 2304K->288K(2560K)] 10754K->8770K(13824K), 0.0011216 secs] [Times: user=0.00 sys=0.00, real=0.00 secs] 
2015-04-14T20:44:15.645-0100: 2546.471: Total time for which application threads were stopped: 0.0013415 seconds, Stopping threads took: 0.0000245 seconds
2015-04-14T20:44:16.667-0100: 2547.493: [GC (Allocation Failure) 
Desired survivor size 524288 bytes, new threshold 1 (max 15)
[PSYoungGen: 2336K->256K(2560K)] 10818K->8770K(13824K), 0.0010062 secs] [Times: user=0.00 sys=0.00, real=0.00 secs] 
2015-04-14T20:44:16.668-0100: 2547.495: Total time for which application threads were stopped: 0.0011921 seconds, Stopping threads took: 0.0000221 seconds
2015-04-14T20:44:17.705-0100: 2548.531: [GC (Allocation Failure) 
Desired survivor size 524288 bytes, new threshold 1 (max 15)
[PSYoungGen: 2304K->256K(2560K)] 10818K->8794K(13824K), 0.0010635 secs] [Times: user=0.01 sys=0.00, real=0.00 secs] 
2015-04-14T20:44:17.706-0100: 2548.532: Total time for which application threads were stopped: 0.0012752 seconds, Stopping threads took: 0.0000220 seconds
2015-04-14T20:44:18.741-0100: 2549.568: [GC (Allocation Failure) 
Desired survivor size 524288 bytes, new threshold 1 (max 15)
[PSYoungGen: 2304K->256K(2560K)] 10842K->8826K(13824K), 0.0010108 secs] [Times: user=0.01 sys=0.00, real=0.00 secs] 
2015-04-14T20:44:18.742-0100: 2549.569: Total time for which application threads were stopped: 0.0012000 seconds, Stopping threads took: 0.0000214 seconds
2015-04-14T20:44:19.808-0100: 2550.635: [GC (Allocation Failure) 
Desired survivor size 524288 bytes, new threshold 1 (max 15)
[PSYoungGen: 2304K->288K(2560K)] 10874K->8882K(13824K), 0.0011120 secs] [Times: user=0.00 sys=0.00, real=0.01 secs] 
2015-04-14T20:44:19.810-0100: 2550.636: Total time for which application threads were stopped: 0.0013237 seconds, Stopping threads took: 0.0000248 seconds
2015-04-14T20:44:20.815-0100: 2551.642: [GC (Allocation Failure) 
Desired survivor size 524288 bytes, new threshold 1 (max 15)
[PSYoungGen: 2336K->256K(2560K)] 10930K->8882K(13824K), 0.0011013 secs] [Times: user=0.01 sys=0.00, real=0.00 secs] 
2015-04-14T20:44:20.816-0100: 2551.643: Total time for which application threads were stopped: 0.0012911 seconds, Stopping threads took: 0.0000219 seconds
2015-04-14T20:44:21.866-0100: 2552.693: [GC (Allocation Failure) 
Desired survivor size 524288 bytes, new threshold 1 (max 15)
[PSYoungGen: 2304K->288K(2560K)] 10930K->8954K(13824K), 0.0010353 secs] [Times: user=0.01 sys=0.00, real=0.00 secs] 
2015-04-14T20:44:21.867-0100: 2552.694: Total time for which application threads were stopped: 0.0012307 seconds, Stopping threads took: 0.0000221 seconds
2015-04-14T20:44:22.902-0100: 2553.729: [GC (Allocation Failure) 
Desired survivor size 524288 bytes, new threshold 1 (max 15)
[PSYoungGen: 2336K->224K(2560K)] 11002K->8922K(13824K), 0.0009657 secs] [Times: user=0.00 sys=0.00, real=0.00 secs] 
2015-04-14T20:44:22.903-0100: 2553.730: Total time for which application threads were stopped: 0.0011808 seconds, Stopping threads took: 0.0000244 seconds
2015-04-14T20:44:23.874-0100: 2554.701: [GC (Allocation Failure) 
Desired survivor size 524288 bytes, new threshold 1 (max 15)
[PSYoungGen: 2272K->288K(2560K)] 10970K->9018K(13824K), 0.0009936 secs] [Times: user=0.00 sys=0.00, real=0.00 secs] 
2015-04-14T20:44:23.875-0100: 2554.702: Total time for which application threads were stopped: 0.0011782 seconds, Stopping threads took: 0.0000236 seconds
2015-04-14T20:44:24.960-0100: 2555.787: [GC (Allocation Failure) 
Desired survivor size 524288 bytes, new threshold 1 (max 15)
[PSYoungGen: 2336K->288K(2560K)] 11066K->9050K(13824K), 0.0008662 secs] [Times: user=0.00 sys=0.00, real=0.00 secs] 
2015-04-14T20:44:24.961-0100: 2555.788: Total time for which application threads were stopped: 0.0010320 seconds, Stopping threads took: 0.0000195 seconds
2015-04-14T20:44:25.964-0100: 2556.791: [GC (Allocation Failure) 
Desired survivor size 524288 bytes, new threshold 1 (max 15)
[PSYoungGen: 2336K->256K(2560K)] 11098K->9050K(13824K), 0.0010790 secs] [Times: user=0.00 sys=0.00, real=0.00 secs] 
2015-04-14T20:44:25.965-0100: 2556.792: Total time for which application threads were stopped: 0.0012809 seconds, Stopping threads took: 0.0000207 seconds
2015-04-14T20:44:26.963-0100: 2557.790: [GC (Allocation Failure) 
Desired survivor size 524288 bytes, new threshold 1 (max 15)
[PSYoungGen: 2304K->288K(2560K)] 11098K->9114K(13824K), 0.0011047 secs] [Times: user=0.01 sys=0.00, real=0.00 secs] 
2015-04-14T20:44:26.964-0100: 2557.791: Total time for which application threads were stopped: 0.0013150 seconds, Stopping threads took: 0.0000250 seconds
2015-04-14T20:44:27.954-0100: 2558.781: [GC (Allocation Failure) 
Desired survivor size 524288 bytes, new threshold 1 (max 15)
[PSYoungGen: 2336K->288K(2560K)] 11162K->9138K(13824K), 0.0010793 secs] [Times: user=0.00 sys=0.00, real=0.00 secs] 
2015-04-14T20:44:27.955-0100: 2558.782: Total time for which application threads were stopped: 0.0012901 seconds, Stopping threads took: 0.0000244 seconds
2015-04-14T20:44:29.007-0100: 2559.834: [GC (Allocation Failure) 
Desired survivor size 524288 bytes, new threshold 1 (max 15)
[PSYoungGen: 2336K->256K(2560K)] 11186K->9138K(13824K), 0.0011111 secs] [Times: user=0.00 sys=0.00, real=0.00 secs] 
2015-04-14T20:44:29.008-0100: 2559.835: Total time for which application threads were stopped: 0.0013052 seconds, Stopping threads took: 0.0000218 seconds
2015-04-14T20:44:30.025-0100: 2560.852: [GC (Allocation Failure) 
Desired survivor size 524288 bytes, new threshold 1 (max 15)
[PSYoungGen: 2304K->256K(2560K)] 11186K->9170K(13824K), 0.0010080 secs] [Times: user=0.00 sys=0.00, real=0.00 secs] 
2015-04-14T20:44:30.026-0100: 2560.853: Total time for which application threads were stopped: 0.0011965 seconds, Stopping threads took: 0.0000239 seconds
2015-04-14T20:44:31.044-0100: 2561.871: [GC (Allocation Failure) 
Desired survivor size 524288 bytes, new threshold 1 (max 15)
[PSYoungGen: 2304K->256K(2560K)] 11218K->9194K(13824K), 0.0007804 secs] [Times: user=0.00 sys=0.00, real=0.00 secs] 
2015-04-14T20:44:31.045-0100: 2561.871: Total time for which application threads were stopped: 0.0009195 seconds, Stopping threads took: 0.0000143 seconds
2015-04-14T20:44:32.045-0100: 2562.872: [GC (Allocation Failure) 
Desired survivor size 524288 bytes, new threshold 1 (max 15)
[PSYoungGen: 2304K->288K(2560K)] 11242K->9258K(13824K), 0.0010414 secs] [Times: user=0.01 sys=0.00, real=0.00 secs] 
2015-04-14T20:44:32.046-0100: 2562.873: Total time for which application threads were stopped: 0.0012177 seconds, Stopping threads took: 0.0000179 seconds
2015-04-14T20:44:33.018-0100: 2563.845: [GC (Allocation Failure) 
Desired survivor size 524288 bytes, new threshold 1 (max 15)
[PSYoungGen: 2336K->288K(2560K)] 11306K->9290K(13824K), 0.0009223 secs] [Times: user=0.01 sys=0.00, real=0.00 secs] 
2015-04-14T20:44:33.019-0100: 2563.846: Total time for which application threads were stopped: 0.0010934 seconds, Stopping threads took: 0.0000180 seconds
2015-04-14T20:44:34.020-0100: 2564.847: [GC (Allocation Failure) 
Desired survivor size 524288 bytes, new threshold 1 (max 15)
[PSYoungGen: 2336K->256K(2560K)] 11338K->9282K(13824K), 0.0010465 secs] [Times: user=0.01 sys=0.00, real=0.00 secs] 
2015-04-14T20:44:34.021-0100: 2564.848: Total time for which application threads were stopped: 0.0012739 seconds, Stopping threads took: 0.0000283 seconds
2015-04-14T20:44:35.023-0100: 2565.850: [GC (Allocation Failure) 
Desired survivor size 524288 bytes, new threshold 1 (max 15)
[PSYoungGen: 2304K->288K(2560K)] 11330K->9346K(13824K), 0.0011021 secs] [Times: user=0.00 sys=0.00, real=0.00 secs] 
2015-04-14T20:44:35.024-0100: 2565.851: Total time for which application threads were stopped: 0.0013633 seconds, Stopping threads took: 0.0000269 seconds
2015-04-14T20:44:35.995-0100: 2566.822: [GC (Allocation Failure) 
Desired survivor size 524288 bytes, new threshold 1 (max 15)
[PSYoungGen: 2336K->256K(2560K)] 11394K->9346K(13824K), 0.0010291 secs] [Times: user=0.00 sys=0.00, real=0.00 secs] 
2015-04-14T20:44:35.996-0100: 2566.823: Total time for which application threads were stopped: 0.0012040 seconds, Stopping threads took: 0.0000212 seconds
2015-04-14T20:44:37.082-0100: 2567.909: [GC (Allocation Failure) 
Desired survivor size 524288 bytes, new threshold 1 (max 15)
[PSYoungGen: 2304K->256K(2560K)] 11394K->9378K(13824K), 0.0009275 secs] [Times: user=0.00 sys=0.00, real=0.00 secs] 
2015-04-14T20:44:37.083-0100: 2567.910: Total time for which application threads were stopped: 0.0010905 seconds, Stopping threads took: 0.0000204 seconds
2015-04-14T20:44:38.082-0100: 2568.909: [GC (Allocation Failure) 
Desired survivor size 524288 bytes, new threshold 1 (max 15)
[PSYoungGen: 2304K->256K(2560K)] 11426K->9418K(13824K), 0.0007562 secs] [Times: user=0.00 sys=0.00, real=0.00 secs] 
2015-04-14T20:44:38.083-0100: 2568.910: Total time for which application threads were stopped: 0.0008980 seconds, Stopping threads took: 0.0000170 seconds
2015-04-14T20:44:39.055-0100: 2569.882: [GC (Allocation Failure) 
Desired survivor size 524288 bytes, new threshold 1 (max 15)
[PSYoungGen: 2304K->256K(2560K)] 11466K->9450K(13824K), 0.0011589 secs] [Times: user=0.00 sys=0.00, real=0.00 secs] 
2015-04-14T20:44:39.056-0100: 2569.884: Total time for which application threads were stopped: 0.0013515 seconds, Stopping threads took: 0.0000187 seconds
2015-04-14T20:44:40.074-0100: 2570.901: [GC (Allocation Failure) 
Desired survivor size 524288 bytes, new threshold 1 (max 15)
[PSYoungGen: 2304K->288K(2560K)] 11498K->9506K(13824K), 0.0010537 secs] [Times: user=0.00 sys=0.00, real=0.00 secs] 
2015-04-14T20:44:40.075-0100: 2570.902: Total time for which application threads were stopped: 0.0012436 seconds, Stopping threads took: 0.0000223 seconds
2015-04-14T20:44:40.995-0100: 2571.822: [GC (Allocation Failure) 
Desired survivor size 524288 bytes, new threshold 1 (max 15)
[PSYoungGen: 2336K->256K(2560K)] 11554K->9506K(13824K), 0.0010355 secs] [Times: user=0.01 sys=0.00, real=0.00 secs] 
2015-04-14T20:44:40.996-0100: 2571.823: Total time for which application threads were stopped: 0.0012317 seconds, Stopping threads took: 0.0000240 seconds
2015-04-14T20:44:41.928-0100: 2572.755: [GC (Allocation Failure) 
Desired survivor size 524288 bytes, new threshold 1 (max 15)
[PSYoungGen: 2304K->256K(2560K)] 11554K->9530K(13824K), 0.0010111 secs] [Times: user=0.00 sys=0.00, real=0.00 secs] 
2015-04-14T20:44:41.929-0100: 2572.756: Total time for which application threads were stopped: 0.0012047 seconds, Stopping threads took: 0.0000225 seconds
2015-04-14T20:44:42.881-0100: 2573.708: [GC (Allocation Failure) 
Desired survivor size 524288 bytes, new threshold 1 (max 15)
[PSYoungGen: 2304K->288K(2560K)] 11578K->9602K(13824K), 0.0010757 secs] [Times: user=0.00 sys=0.01, real=0.00 secs] 
2015-04-14T20:44:42.882-0100: 2573.709: Total time for which application threads were stopped: 0.0012748 seconds, Stopping threads took: 0.0000202 seconds
2015-04-14T20:44:43.717-0100: 2574.544: [GC (Allocation Failure) 
Desired survivor size 524288 bytes, new threshold 1 (max 15)
[PSYoungGen: 2336K->288K(2560K)] 11650K->9626K(13824K), 0.0010397 secs] [Times: user=0.00 sys=0.00, real=0.00 secs] 
2015-04-14T20:44:43.718-0100: 2574.545: Total time for which application threads were stopped: 0.0012365 seconds, Stopping threads took: 0.0000230 seconds
2015-04-14T20:44:44.539-0100: 2575.366: [GC (Allocation Failure) 
Desired survivor size 524288 bytes, new threshold 1 (max 15)
[PSYoungGen: 2336K->256K(2560K)] 11674K->9626K(13824K), 0.0010552 secs] [Times: user=0.00 sys=0.00, real=0.01 secs] 
2015-04-14T20:44:44.540-0100: 2575.367: Total time for which application threads were stopped: 0.0012484 seconds, Stopping threads took: 0.0000220 seconds
2015-04-14T20:44:45.375-0100: 2576.202: [GC (Allocation Failure) 
Desired survivor size 524288 bytes, new threshold 1 (max 15)
[PSYoungGen: 2304K->256K(2560K)] 11674K->9658K(13824K), 0.0011022 secs] [Times: user=0.00 sys=0.00, real=0.00 secs] 
2015-04-14T20:44:45.376-0100: 2576.203: Total time for which application threads were stopped: 0.0012875 seconds, Stopping threads took: 0.0000226 seconds
2015-04-14T20:44:46.260-0100: 2577.087: [GC (Allocation Failure) 
Desired survivor size 524288 bytes, new threshold 1 (max 15)
[PSYoungGen: 2304K->288K(2560K)] 11706K->9722K(13824K), 0.0010348 secs] [Times: user=0.00 sys=0.00, real=0.00 secs] 
2015-04-14T20:44:46.261-0100: 2577.088: Total time for which application threads were stopped: 0.0012259 seconds, Stopping threads took: 0.0000217 seconds
2015-04-14T20:44:47.094-0100: 2577.921: [GC (Allocation Failure) 
Desired survivor size 524288 bytes, new threshold 1 (max 15)
[PSYoungGen: 2336K->256K(2560K)] 11770K->9714K(13824K), 0.0009265 secs] [Times: user=0.00 sys=0.00, real=0.00 secs] 
2015-04-14T20:44:47.095-0100: 2577.922: Total time for which application threads were stopped: 0.0011058 seconds, Stopping threads took: 0.0000213 seconds
2015-04-14T20:44:47.981-0100: 2578.809: [GC (Allocation Failure) 
Desired survivor size 524288 bytes, new threshold 1 (max 15)
[PSYoungGen: 2304K->288K(2560K)] 11762K->9778K(13824K), 0.0011195 secs] [Times: user=0.01 sys=0.00, real=0.00 secs] 
2015-04-14T20:44:47.983-0100: 2578.810: Total time for which application threads were stopped: 0.0013190 seconds, Stopping threads took: 0.0000244 seconds
2015-04-14T20:44:48.932-0100: 2579.760: [GC (Allocation Failure) 
Desired survivor size 524288 bytes, new threshold 1 (max 15)
[PSYoungGen: 2336K->256K(2560K)] 11826K->9786K(13824K), 0.0009050 secs] [Times: user=0.00 sys=0.00, real=0.00 secs] 
2015-04-14T20:44:48.933-0100: 2579.761: Total time for which application threads were stopped: 0.0010752 seconds, Stopping threads took: 0.0000231 seconds
2015-04-14T20:44:49.837-0100: 2580.664: [GC (Allocation Failure) 
Desired survivor size 524288 bytes, new threshold 1 (max 15)
[PSYoungGen: 2304K->288K(2560K)] 11834K->9858K(13824K), 0.0008630 secs] [Times: user=0.00 sys=0.00, real=0.00 secs] 
2015-04-14T20:44:49.838-0100: 2580.665: Total time for which application threads were stopped: 0.0010233 seconds, Stopping threads took: 0.0000184 seconds
2015-04-14T20:44:50.805-0100: 2581.632: [GC (Allocation Failure) 
Desired survivor size 524288 bytes, new threshold 1 (max 15)
[PSYoungGen: 2336K->256K(2560K)] 11906K->9850K(13824K), 0.0010410 secs] [Times: user=0.00 sys=0.00, real=0.00 secs] 
2015-04-14T20:44:50.806-0100: 2581.633: Total time for which application threads were stopped: 0.0012472 seconds, Stopping threads took: 0.0000232 seconds
2015-04-14T20:44:51.796-0100: 2582.623: [GC (Allocation Failure) 
Desired survivor size 524288 bytes, new threshold 1 (max 15)
[PSYoungGen: 2304K->288K(2560K)] 11898K->9922K(13824K), 0.0009907 secs] [Times: user=0.00 sys=0.00, real=0.00 secs] 
2015-04-14T20:44:51.797-0100: 2582.624: Total time for which application threads were stopped: 0.0011576 seconds, Stopping threads took: 0.0000213 seconds
2015-04-14T20:44:52.829-0100: 2583.656: [GC (Allocation Failure) 
Desired survivor size 524288 bytes, new threshold 1 (max 15)
[PSYoungGen: 2336K->288K(2560K)] 11970K->9946K(13824K), 0.0010420 secs] [Times: user=0.01 sys=0.00, real=0.01 secs] 
2015-04-14T20:44:52.830-0100: 2583.657: Total time for which application threads were stopped: 0.0012504 seconds, Stopping threads took: 0.0000248 seconds
2015-04-14T20:44:53.835-0100: 2584.662: [GC (Allocation Failure) 
Desired survivor size 524288 bytes, new threshold 1 (max 15)
[PSYoungGen: 2336K->256K(2560K)] 11994K->9962K(13824K), 0.0010181 secs] [Times: user=0.00 sys=0.00, real=0.00 secs] 
2015-04-14T20:44:53.836-0100: 2584.664: Total time for which application threads were stopped: 0.0011936 seconds, Stopping threads took: 0.0000211 seconds
2015-04-14T20:44:54.838-0100: 2585.665: [GC (Allocation Failure) 
Desired survivor size 524288 bytes, new threshold 1 (max 15)
[PSYoungGen: 2304K->288K(2560K)] 12010K->10018K(13824K), 0.0010351 secs] [Times: user=0.01 sys=0.00, real=0.00 secs] 
2015-04-14T20:44:54.839-0100: 2585.667: Total time for which application threads were stopped: 0.0012161 seconds, Stopping threads took: 0.0000220 seconds
2015-04-14T20:44:55.841-0100: 2586.668: [GC (Allocation Failure) 
Desired survivor size 524288 bytes, new threshold 1 (max 15)
[PSYoungGen: 2336K->224K(2560K)] 12066K->9978K(13824K), 0.0010959 secs] [Times: user=0.00 sys=0.00, real=0.00 secs] 
2015-04-14T20:44:55.842-0100: 2586.670: Total time for which application threads were stopped: 0.0013003 seconds, Stopping threads took: 0.0000213 seconds
2015-04-14T20:44:56.875-0100: 2587.702: [GC (Allocation Failure) 
Desired survivor size 524288 bytes, new threshold 1 (max 15)
[PSYoungGen: 2272K->256K(2560K)] 12026K->10034K(13824K), 0.0009089 secs] [Times: user=0.00 sys=0.00, real=0.00 secs] 
2015-04-14T20:44:56.876-0100: 2587.703: Total time for which application threads were stopped: 0.0011065 seconds, Stopping threads took: 0.0000256 seconds
2015-04-14T20:44:57.864-0100: 2588.692: [GC (Allocation Failure) 
Desired survivor size 524288 bytes, new threshold 1 (max 15)
[PSYoungGen: 2304K->288K(2560K)] 12082K->10090K(13824K), 0.0010783 secs] [Times: user=0.00 sys=0.00, real=0.00 secs] 
2015-04-14T20:44:57.866-0100: 2588.693: Total time for which application threads were stopped: 0.0012947 seconds, Stopping threads took: 0.0000212 seconds
2015-04-14T20:44:58.900-0100: 2589.728: [GC (Allocation Failure) 
Desired survivor size 524288 bytes, new threshold 1 (max 15)
[PSYoungGen: 2336K->288K(2560K)] 12138K->10106K(13824K), 0.0009982 secs] [Times: user=0.01 sys=0.00, real=0.00 secs] 
2015-04-14T20:44:58.901-0100: 2589.729: Total time for which application threads were stopped: 0.0011614 seconds, Stopping threads took: 0.0000207 seconds
2015-04-14T20:44:59.935-0100: 2590.763: [GC (Allocation Failure) 
Desired survivor size 524288 bytes, new threshold 1 (max 15)
[PSYoungGen: 2336K->256K(2560K)] 12154K->10106K(13824K), 0.0009122 secs] [Times: user=0.01 sys=0.00, real=0.00 secs] 
2015-04-14T20:44:59.936-0100: 2590.764: Total time for which application threads were stopped: 0.0010902 seconds, Stopping threads took: 0.0000205 seconds
2015-04-14T20:45:00.672-0100: 2591.500: [GC (Allocation Failure) 
Desired survivor size 524288 bytes, new threshold 1 (max 15)
[PSYoungGen: 2304K->288K(2560K)] 12154K->10170K(13824K), 0.0011030 secs] [Times: user=0.01 sys=0.00, real=0.00 secs] 
2015-04-14T20:45:00.673-0100: 2591.501: Total time for which application threads were stopped: 0.0012980 seconds, Stopping threads took: 0.0000232 seconds
2015-04-14T20:45:01.755-0100: 2592.582: [GC (Allocation Failure) 
Desired survivor size 524288 bytes, new threshold 1 (max 15)
[PSYoungGen: 2336K->288K(2560K)] 12218K->10202K(13824K), 0.0009211 secs] [Times: user=0.01 sys=0.00, real=0.00 secs] 
2015-04-14T20:45:01.756-0100: 2592.583: Total time for which application threads were stopped: 0.0011186 seconds, Stopping threads took: 0.0000220 seconds
2015-04-14T20:45:02.779-0100: 2593.606: [GC (Allocation Failure) 
Desired survivor size 524288 bytes, new threshold 1 (max 15)
[PSYoungGen: 2336K->256K(2560K)] 12250K->10202K(13824K), 0.0011336 secs] [Times: user=0.01 sys=0.00, real=0.01 secs] 
2015-04-14T20:45:02.780-0100: 2593.607: Total time for which application threads were stopped: 0.0013138 seconds, Stopping threads took: 0.0000217 seconds
2015-04-14T20:45:03.795-0100: 2594.623: [GC (Allocation Failure) 
Desired survivor size 524288 bytes, new threshold 1 (max 15)
[PSYoungGen: 2304K->256K(2560K)] 12250K->10218K(13824K), 0.0008735 secs] [Times: user=0.00 sys=0.00, real=0.00 secs] 
2015-04-14T20:45:03.796-0100: 2594.624: Total time for which application threads were stopped: 0.0010410 seconds, Stopping threads took: 0.0000204 seconds
2015-04-14T20:45:04.800-0100: 2595.627: [GC (Allocation Failure) 
Desired survivor size 524288 bytes, new threshold 1 (max 15)
[PSYoungGen: 2304K->256K(2560K)] 12266K->10250K(13824K), 0.0010848 secs] [Times: user=0.00 sys=0.00, real=0.00 secs] 
2015-04-14T20:45:04.801-0100: 2595.629: Total time for which application threads were stopped: 0.0012898 seconds, Stopping threads took: 0.0000234 seconds
2015-04-14T20:45:05.772-0100: 2596.600: [GC (Allocation Failure) 
Desired survivor size 524288 bytes, new threshold 1 (max 15)
[PSYoungGen: 2304K->256K(2560K)] 12298K->10282K(13824K), 0.0009999 secs] [Times: user=0.00 sys=0.00, real=0.00 secs] 
2015-04-14T20:45:05.774-0100: 2596.601: Total time for which application threads were stopped: 0.0011840 seconds, Stopping threads took: 0.0000212 seconds
2015-04-14T20:45:06.776-0100: 2597.603: [GC (Allocation Failure) 
Desired survivor size 524288 bytes, new threshold 1 (max 15)
[PSYoungGen: 2304K->256K(2560K)] 12330K->10314K(13824K), 0.0010334 secs] [Times: user=0.00 sys=0.00, real=0.00 secs] 
2015-04-14T20:45:06.777-0100: 2597.604: Total time for which application threads were stopped: 0.0012295 seconds, Stopping threads took: 0.0000220 seconds
2015-04-14T20:45:07.802-0100: 2598.630: [GC (Allocation Failure) 
Desired survivor size 524288 bytes, new threshold 1 (max 15)
[PSYoungGen: 2304K->256K(2560K)] 12362K->10330K(13824K), 0.0011433 secs] [Times: user=0.00 sys=0.00, real=0.00 secs] 
2015-04-14T20:45:07.804-0100: 2598.631: Total time for which application threads were stopped: 0.0014800 seconds, Stopping threads took: 0.0000405 seconds
2015-04-14T20:45:08.866-0100: 2599.693: [GC (Allocation Failure) 
Desired survivor size 524288 bytes, new threshold 1 (max 15)
[PSYoungGen: 2304K->256K(2560K)] 12378K->10370K(13824K), 0.0010825 secs] [Times: user=0.00 sys=0.00, real=0.00 secs] 
2015-04-14T20:45:08.867-0100: 2599.694: Total time for which application threads were stopped: 0.0012679 seconds, Stopping threads took: 0.0000209 seconds
2015-04-14T20:45:09.900-0100: 2600.728: [GC (Allocation Failure) 
Desired survivor size 524288 bytes, new threshold 1 (max 15)
[PSYoungGen: 2304K->256K(2560K)] 12418K->10394K(13824K), 0.0010212 secs] [Times: user=0.01 sys=0.00, real=0.00 secs] 
2015-04-14T20:45:09.901-0100: 2600.729: Total time for which application threads were stopped: 0.0012004 seconds, Stopping threads took: 0.0000214 seconds
2015-04-14T20:45:10.919-0100: 2601.747: [GC (Allocation Failure) 
Desired survivor size 524288 bytes, new threshold 1 (max 15)
[PSYoungGen: 2304K->256K(2560K)] 12442K->10434K(13824K), 0.0011352 secs] [Times: user=0.00 sys=0.00, real=0.01 secs] 
2015-04-14T20:45:10.920-0100: 2601.748: Total time for which application threads were stopped: 0.0013651 seconds, Stopping threads took: 0.0000264 seconds
2015-04-14T20:45:11.925-0100: 2602.753: [GC (Allocation Failure) 
Desired survivor size 524288 bytes, new threshold 1 (max 15)
[PSYoungGen: 2304K->288K(2560K)] 12482K->10506K(13824K), 0.0010861 secs] [Times: user=0.01 sys=0.00, real=0.00 secs] 
2015-04-14T20:45:11.926-0100: 2602.754: Total time for which application threads were stopped: 0.0012873 seconds, Stopping threads took: 0.0000213 seconds
2015-04-14T20:45:12.961-0100: 2603.789: [GC (Allocation Failure) 
Desired survivor size 524288 bytes, new threshold 1 (max 15)
[PSYoungGen: 2336K->288K(2560K)] 12554K->10530K(13824K), 0.0010333 secs] [Times: user=0.00 sys=0.00, real=0.00 secs] 
2015-04-14T20:45:12.962-0100: 2603.790: Total time for which application threads were stopped: 0.0012385 seconds, Stopping threads took: 0.0000220 seconds
2015-04-14T20:45:14.012-0100: 2604.840: [GC (Allocation Failure) 
Desired survivor size 524288 bytes, new threshold 1 (max 15)
[PSYoungGen: 2336K->256K(2560K)] 12578K->10522K(13824K), 0.0008422 secs] [Times: user=0.00 sys=0.00, real=0.00 secs] 
2015-04-14T20:45:14.013-0100: 2604.841: Total time for which application threads were stopped: 0.0010156 seconds, Stopping threads took: 0.0000215 seconds
2015-04-14T20:45:15.067-0100: 2605.895: [GC (Allocation Failure) 
Desired survivor size 524288 bytes, new threshold 1 (max 15)
[PSYoungGen: 2304K->288K(2560K)] 12570K->10586K(13824K), 0.0010440 secs] [Times: user=0.00 sys=0.00, real=0.00 secs] 
2015-04-14T20:45:15.068-0100: 2605.896: Total time for which application threads were stopped: 0.0012425 seconds, Stopping threads took: 0.0000223 seconds
2015-04-14T20:45:16.055-0100: 2606.882: [GC (Allocation Failure) 
Desired survivor size 524288 bytes, new threshold 1 (max 15)
[PSYoungGen: 2336K->288K(2560K)] 12634K->10610K(13824K), 0.0010823 secs] [Times: user=0.00 sys=0.00, real=0.00 secs] 
2015-04-14T20:45:16.056-0100: 2606.884: Total time for which application threads were stopped: 0.0012798 seconds, Stopping threads took: 0.0000223 seconds
2015-04-14T20:45:17.072-0100: 2607.900: [GC (Allocation Failure) 
Desired survivor size 524288 bytes, new threshold 1 (max 15)
[PSYoungGen: 2336K->256K(2560K)] 12658K->10602K(13824K), 0.0009478 secs] [Times: user=0.01 sys=0.00, real=0.00 secs] 
2015-04-14T20:45:17.073-0100: 2607.901: Total time for which application threads were stopped: 0.0011465 seconds, Stopping threads took: 0.0000311 seconds
2015-04-14T20:45:18.061-0100: 2608.889: [GC (Allocation Failure) 
Desired survivor size 524288 bytes, new threshold 1 (max 15)
[PSYoungGen: 2304K->256K(2560K)] 12650K->10626K(13824K), 0.0010580 secs] [Times: user=0.00 sys=0.00, real=0.00 secs] 
2015-04-14T20:45:18.062-0100: 2608.890: Total time for which application threads were stopped: 0.0012386 seconds, Stopping threads took: 0.0000205 seconds
2015-04-14T20:45:19.097-0100: 2609.924: [GC (Allocation Failure) 
Desired survivor size 524288 bytes, new threshold 1 (max 15)
[PSYoungGen: 2304K->256K(2560K)] 12674K->10666K(13824K), 0.0009275 secs] [Times: user=0.00 sys=0.00, real=0.00 secs] 
2015-04-14T20:45:19.098-0100: 2609.925: Total time for which application threads were stopped: 0.0010968 seconds, Stopping threads took: 0.0000201 seconds
2015-04-14T20:45:20.122-0100: 2610.950: [GC (Allocation Failure) 
Desired survivor size 524288 bytes, new threshold 1 (max 15)
[PSYoungGen: 2304K->256K(2560K)] 12714K->10690K(13824K), 0.0009926 secs] [Times: user=0.00 sys=0.01, real=0.00 secs] 
2015-04-14T20:45:20.123-0100: 2610.951: Total time for which application threads were stopped: 0.0011865 seconds, Stopping threads took: 0.0000248 seconds
2015-04-14T20:45:21.152-0100: 2611.980: [GC (Allocation Failure) 
Desired survivor size 524288 bytes, new threshold 1 (max 15)
[PSYoungGen: 2304K->256K(2560K)] 12738K->10714K(13824K), 0.0010714 secs] [Times: user=0.01 sys=0.00, real=0.00 secs] 
2015-04-14T20:45:21.153-0100: 2611.981: Total time for which application threads were stopped: 0.0012759 seconds, Stopping threads took: 0.0000214 seconds
2015-04-14T20:45:22.189-0100: 2613.017: [GC (Allocation Failure) 
Desired survivor size 524288 bytes, new threshold 1 (max 15)
[PSYoungGen: 2304K->256K(2560K)] 12762K->10738K(13824K), 0.0009250 secs] [Times: user=0.01 sys=0.00, real=0.01 secs] 
2015-04-14T20:45:22.190-0100: 2613.018: Total time for which application threads were stopped: 0.0010947 seconds, Stopping threads took: 0.0000201 seconds
2015-04-14T20:45:23.241-0100: 2614.069: [GC (Allocation Failure) 
Desired survivor size 524288 bytes, new threshold 1 (max 15)
[PSYoungGen: 2304K->288K(2560K)] 12786K->10802K(13824K), 0.0010218 secs] [Times: user=0.00 sys=0.00, real=0.00 secs] 
2015-04-14T20:45:23.243-0100: 2614.070: Total time for which application threads were stopped: 0.0012273 seconds, Stopping threads took: 0.0000243 seconds
2015-04-14T20:45:24.264-0100: 2615.092: [GC (Allocation Failure) 
Desired survivor size 524288 bytes, new threshold 1 (max 15)
[PSYoungGen: 2336K->256K(2560K)] 12850K->10802K(13824K), 0.0008311 secs] [Times: user=0.00 sys=0.00, real=0.00 secs] 
2015-04-14T20:45:24.265-0100: 2615.092: Total time for which application threads were stopped: 0.0009973 seconds, Stopping threads took: 0.0000194 seconds
2015-04-14T20:45:25.300-0100: 2616.128: [GC (Allocation Failure) 
Desired survivor size 524288 bytes, new threshold 1 (max 15)
[PSYoungGen: 2304K->256K(2560K)] 12850K->10826K(13824K), 0.0010061 secs] [Times: user=0.00 sys=0.00, real=0.00 secs] 
2015-04-14T20:45:25.301-0100: 2616.129: Total time for which application threads were stopped: 0.0012154 seconds, Stopping threads took: 0.0000226 seconds
2015-04-14T20:45:26.335-0100: 2617.163: [GC (Allocation Failure) 
Desired survivor size 524288 bytes, new threshold 1 (max 15)
[PSYoungGen: 2304K->256K(2560K)] 12874K->10866K(13824K), 0.0010750 secs] [Times: user=0.00 sys=0.00, real=0.00 secs] 
2015-04-14T20:45:26.336-0100: 2617.164: Total time for which application threads were stopped: 0.0012727 seconds, Stopping threads took: 0.0000231 seconds
2015-04-14T20:45:27.354-0100: 2618.182: [GC (Allocation Failure) 
Desired survivor size 524288 bytes, new threshold 1 (max 15)
[PSYoungGen: 2304K->288K(2560K)] 12914K->10938K(13824K), 0.0009262 secs] [Times: user=0.00 sys=0.00, real=0.00 secs] 
2015-04-14T20:45:27.355-0100: 2618.183: Total time for which application threads were stopped: 0.0011092 seconds, Stopping threads took: 0.0000241 seconds
2015-04-14T20:45:28.374-0100: 2619.202: [GC (Allocation Failure) 
Desired survivor size 524288 bytes, new threshold 1 (max 15)
[PSYoungGen: 2336K->288K(2560K)] 12986K->10962K(13824K), 0.0009392 secs] [Times: user=0.00 sys=0.00, real=0.00 secs] 
2015-04-14T20:45:28.375-0100: 2619.203: Total time for which application threads were stopped: 0.0011026 seconds, Stopping threads took: 0.0000200 seconds
2015-04-14T20:45:29.395-0100: 2620.223: [GC (Allocation Failure) 
Desired survivor size 524288 bytes, new threshold 1 (max 15)
[PSYoungGen: 2336K->256K(2560K)] 13010K->10970K(13824K), 0.0010847 secs] [Times: user=0.00 sys=0.00, real=0.00 secs] 
2015-04-14T20:45:29.396-0100: 2620.224: Total time for which application threads were stopped: 0.0012829 seconds, Stopping threads took: 0.0000230 seconds
2015-04-14T20:45:30.415-0100: 2621.243: [GC (Allocation Failure) 
Desired survivor size 524288 bytes, new threshold 1 (max 15)
[PSYoungGen: 2304K->288K(2560K)] 13018K->11034K(13824K), 0.0010243 secs] [Times: user=0.01 sys=0.00, real=0.00 secs] 
2015-04-14T20:45:30.416-0100: 2621.244: Total time for which application threads were stopped: 0.0012315 seconds, Stopping threads took: 0.0000228 seconds
2015-04-14T20:45:31.435-0100: 2622.263: [GC (Allocation Failure) 
Desired survivor size 524288 bytes, new threshold 1 (max 15)
[PSYoungGen: 2336K->192K(2560K)] 13082K->10954K(13824K), 0.0010711 secs] [Times: user=0.00 sys=0.00, real=0.00 secs] 
2015-04-14T20:45:31.436-0100: 2622.264: Total time for which application threads were stopped: 0.0013069 seconds, Stopping threads took: 0.0000214 seconds
2015-04-14T20:45:32.502-0100: 2623.330: [GC (Allocation Failure) 
Desired survivor size 524288 bytes, new threshold 1 (max 15)
[PSYoungGen: 2240K->256K(2560K)] 13002K->11042K(13824K), 0.0007551 secs] [Times: user=0.00 sys=0.00, real=0.00 secs] 
2015-04-14T20:45:32.503-0100: 2623.331: Total time for which application threads were stopped: 0.0008854 seconds, Stopping threads took: 0.0000144 seconds
2015-04-14T20:45:33.475-0100: 2624.303: [GC (Allocation Failure) 
Desired survivor size 524288 bytes, new threshold 1 (max 15)
[PSYoungGen: 2304K->256K(2560K)] 13090K->11082K(13824K), 0.0010122 secs] [Times: user=0.01 sys=0.00, real=0.00 secs] 
2015-04-14T20:45:33.476-0100: 2624.304: Total time for which application threads were stopped: 0.0012087 seconds, Stopping threads took: 0.0000226 seconds
2015-04-14T20:45:34.477-0100: 2625.305: [GC (Allocation Failure) 
Desired survivor size 524288 bytes, new threshold 1 (max 15)
[PSYoungGen: 2304K->224K(2560K)] 13130K->11074K(13824K), 0.0007850 secs] [Times: user=0.00 sys=0.00, real=0.00 secs] 
2015-04-14T20:45:34.477-0100: 2625.305: Total time for which application threads were stopped: 0.0009321 seconds, Stopping threads took: 0.0000150 seconds
2015-04-14T20:45:35.497-0100: 2626.325: [GC (Allocation Failure) 
Desired survivor size 524288 bytes, new threshold 1 (max 15)
[PSYoungGen: 2272K->256K(2560K)] 13122K->11130K(13824K), 0.0010282 secs] [Times: user=0.00 sys=0.00, real=0.00 secs] 
2015-04-14T20:45:35.498-0100: 2626.326: Total time for which application threads were stopped: 0.0012137 seconds, Stopping threads took: 0.0000234 seconds
2015-04-14T20:45:36.564-0100: 2627.392: [GC (Allocation Failure) 
Desired survivor size 524288 bytes, new threshold 1 (max 15)
[PSYoungGen: 2304K->288K(2560K)] 13178K->11186K(13824K), 0.0010044 secs] [Times: user=0.00 sys=0.00, real=0.00 secs] 
2015-04-14T20:45:36.565-0100: 2627.394: Total time for which application threads were stopped: 0.0011954 seconds, Stopping threads took: 0.0000226 seconds
2015-04-14T20:45:37.639-0100: 2628.467: [GC (Allocation Failure) 
Desired survivor size 524288 bytes, new threshold 1 (max 15)
[PSYoungGen: 2336K->256K(2560K)] 13234K->11178K(13824K), 0.0010994 secs] [Times: user=0.00 sys=0.00, real=0.01 secs] 
2015-04-14T20:45:37.640-0100: 2628.468: Total time for which application threads were stopped: 0.0013009 seconds, Stopping threads took: 0.0000224 seconds
2015-04-14T20:45:38.675-0100: 2629.503: [GC (Allocation Failure) 
Desired survivor size 524288 bytes, new threshold 1 (max 15)
[PSYoungGen: 2303K->256K(2560K)] 13226K->11210K(13824K), 0.0009520 secs] [Times: user=0.00 sys=0.00, real=0.00 secs] 
2015-04-14T20:45:38.676-0100: 2629.504: Total time for which application threads were stopped: 0.0011354 seconds, Stopping threads took: 0.0000189 seconds
2015-04-14T20:45:39.693-0100: 2630.521: [GC (Allocation Failure) 
Desired survivor size 524288 bytes, new threshold 1 (max 15)
[PSYoungGen: 2304K->288K(2560K)] 13258K->11266K(13824K), 0.0011551 secs] [Times: user=0.01 sys=0.00, real=0.00 secs] 
2015-04-14T20:45:39.694-0100: 2630.522: Total time for which application threads were stopped: 0.0014078 seconds, Stopping threads took: 0.0000248 seconds
2015-04-14T20:45:40.597-0100: 2631.425: [GC (Allocation Failure) 
Desired survivor size 524288 bytes, new threshold 1 (max 15)
[PSYoungGen: 2336K->256K(2560K)] 13314K->11266K(13824K), 0.0010260 secs] [Times: user=0.01 sys=0.00, real=0.00 secs] 
2015-04-14T20:45:40.598-0100: 2631.426: Total time for which application threads were stopped: 0.0012420 seconds, Stopping threads took: 0.0000235 seconds
2015-04-14T20:45:41.533-0100: 2632.361: [GC (Allocation Failure) 
Desired survivor size 524288 bytes, new threshold 1 (max 15)
[PSYoungGen: 2304K->256K(2560K)] 13314K->11306K(13824K), 0.0010266 secs] [Times: user=0.01 sys=0.01, real=0.00 secs] 
2015-04-14T20:45:41.534-0100: 2632.362: Total time for which application threads were stopped: 0.0012307 seconds, Stopping threads took: 0.0000243 seconds
2015-04-14T20:45:42.470-0100: 2633.299: [GC (Allocation Failure) 
Desired survivor size 524288 bytes, new threshold 1 (max 15)
[PSYoungGen: 2304K->256K(2560K)] 13354K->11322K(13824K), 0.0009217 secs] [Times: user=0.01 sys=0.00, real=0.00 secs] 
2015-04-14T20:45:42.471-0100: 2633.300: Total time for which application threads were stopped: 0.0010991 seconds, Stopping threads took: 0.0000199 seconds
2015-04-14T20:45:43.390-0100: 2634.218: [GC (Allocation Failure) 
Desired survivor size 524288 bytes, new threshold 1 (max 15)
[PSYoungGen: 2304K->224K(2560K)] 13370K->11330K(13824K), 0.0010855 secs] [Times: user=0.00 sys=0.01, real=0.00 secs] 
2015-04-14T20:45:43.391-0100: 2634.220: Total time for which application threads were stopped: 0.0012724 seconds, Stopping threads took: 0.0000222 seconds
2015-04-14T20:45:44.257-0100: 2635.085: [GC (Allocation Failure) 
Desired survivor size 524288 bytes, new threshold 1 (max 15)
[PSYoungGen: 2272K->288K(2560K)] 13378K->11426K(13824K), 0.0010246 secs] [Times: user=0.00 sys=0.00, real=0.00 secs] 
2015-04-14T20:45:44.258-0100: 2635.086: Total time for which application threads were stopped: 0.0012158 seconds, Stopping threads took: 0.0000201 seconds
2015-04-14T20:45:45.093-0100: 2635.921: [GC (Allocation Failure) 
Desired survivor size 524288 bytes, new threshold 1 (max 15)
[PSYoungGen: 2336K->288K(2560K)] 13474K->11458K(13824K), 0.0011059 secs] [Times: user=0.01 sys=0.00, real=0.00 secs] 
2015-04-14T20:45:45.094-0100: 2635.922: Total time for which application threads were stopped: 0.0013012 seconds, Stopping threads took: 0.0000249 seconds
2015-04-14T20:45:45.932-0100: 2636.761: [GC (Allocation Failure) 
Desired survivor size 524288 bytes, new threshold 1 (max 15)
[PSYoungGen: 2336K->256K(2560K)] 13506K->11458K(13824K), 0.0010215 secs] [Times: user=0.01 sys=0.00, real=0.00 secs] 
2015-04-14T20:45:45.934-0100: 2636.762: Total time for which application threads were stopped: 0.0012184 seconds, Stopping threads took: 0.0000224 seconds
2015-04-14T20:45:46.784-0100: 2637.612: [GC (Allocation Failure) 
Desired survivor size 524288 bytes, new threshold 1 (max 15)
[PSYoungGen: 2304K->256K(2560K)] 13506K->11498K(13824K), 0.0009791 secs] [Times: user=0.00 sys=0.00, real=0.00 secs] 
2015-04-14T20:45:46.785-0100: 2637.614: [Full GC (Ergonomics) [PSYoungGen: 256K->0K(2560K)] [ParOldGen: 11242K->8349K(11264K)] 11498K->8349K(13824K), [Metaspace: 17886K->17886K(1064960K)], 0.0409995 secs] [Times: user=0.22 sys=0.00, real=0.04 secs] 
2015-04-14T20:45:46.826-0100: 2637.655: Total time for which application threads were stopped: 0.0422785 seconds, Stopping threads took: 0.0000218 seconds
2015-04-14T20:45:47.717-0100: 2638.546: [GC (Allocation Failure) 
Desired survivor size 524288 bytes, new threshold 1 (max 15)
[PSYoungGen: 2048K->256K(2560K)] 10397K->8605K(13824K), 0.0010415 secs] [Times: user=0.00 sys=0.00, real=0.00 secs] 
2015-04-14T20:45:47.719-0100: 2638.547: Total time for which application threads were stopped: 0.0012392 seconds, Stopping threads took: 0.0000271 seconds
2015-04-14T20:45:48.656-0100: 2639.484: [GC (Allocation Failure) 
Desired survivor size 524288 bytes, new threshold 1 (max 15)
[PSYoungGen: 2304K->288K(2560K)] 10653K->8677K(13824K), 0.0011400 secs] [Times: user=0.00 sys=0.00, real=0.00 secs] 
2015-04-14T20:45:48.657-0100: 2639.485: Total time for which application threads were stopped: 0.0013359 seconds, Stopping threads took: 0.0000234 seconds
2015-04-14T20:45:49.577-0100: 2640.405: [GC (Allocation Failure) 
Desired survivor size 524288 bytes, new threshold 1 (max 15)
[PSYoungGen: 2336K->256K(2560K)] 10725K->8669K(13824K), 0.0009841 secs] [Times: user=0.01 sys=0.00, real=0.00 secs] 
2015-04-14T20:45:49.578-0100: 2640.406: Total time for which application threads were stopped: 0.0011732 seconds, Stopping threads took: 0.0000235 seconds
2015-04-14T20:45:50.560-0100: 2641.389: [GC (Allocation Failure) 
Desired survivor size 524288 bytes, new threshold 1 (max 15)
[PSYoungGen: 2304K->256K(2560K)] 10717K->8693K(13824K), 0.0010921 secs] [Times: user=0.01 sys=0.00, real=0.00 secs] 
2015-04-14T20:45:50.561-0100: 2641.390: Total time for which application threads were stopped: 0.0013018 seconds, Stopping threads took: 0.0000218 seconds
2015-04-14T20:45:51.565-0100: 2642.393: [GC (Allocation Failure) 
Desired survivor size 524288 bytes, new threshold 1 (max 15)
[PSYoungGen: 2304K->224K(2560K)] 10741K->8693K(13824K), 0.0011124 secs] [Times: user=0.01 sys=0.00, real=0.00 secs] 
2015-04-14T20:45:51.566-0100: 2642.395: Total time for which application threads were stopped: 0.0013152 seconds, Stopping threads took: 0.0000210 seconds
2015-04-14T20:45:52.553-0100: 2643.381: [GC (Allocation Failure) 
Desired survivor size 524288 bytes, new threshold 1 (max 15)
[PSYoungGen: 2272K->224K(2560K)] 10741K->8717K(13824K), 0.0010529 secs] [Times: user=0.00 sys=0.00, real=0.00 secs] 
2015-04-14T20:45:52.554-0100: 2643.382: Total time for which application threads were stopped: 0.0012436 seconds, Stopping threads took: 0.0000229 seconds
2015-04-14T20:45:53.551-0100: 2644.380: [GC (Allocation Failure) 
Desired survivor size 524288 bytes, new threshold 1 (max 15)
[PSYoungGen: 2272K->288K(2560K)] 10765K->8813K(13824K), 0.0010759 secs] [Times: user=0.01 sys=0.00, real=0.00 secs] 
2015-04-14T20:45:53.553-0100: 2644.381: Total time for which application threads were stopped: 0.0012770 seconds, Stopping threads took: 0.0000287 seconds
2015-04-14T20:45:54.607-0100: 2645.435: [GC (Allocation Failure) 
Desired survivor size 524288 bytes, new threshold 1 (max 15)
[PSYoungGen: 2336K->256K(2560K)] 10861K->8813K(13824K), 0.0011789 secs] [Times: user=0.00 sys=0.00, real=0.00 secs] 
2015-04-14T20:45:54.608-0100: 2645.437: Total time for which application threads were stopped: 0.0013748 seconds, Stopping threads took: 0.0000223 seconds
2015-04-14T20:45:55.612-0100: 2646.441: [GC (Allocation Failure) 
Desired survivor size 524288 bytes, new threshold 1 (max 15)
[PSYoungGen: 2304K->256K(2560K)] 10861K->8845K(13824K), 0.0010392 secs] [Times: user=0.01 sys=0.00, real=0.00 secs] 
2015-04-14T20:45:55.613-0100: 2646.442: Total time for which application threads were stopped: 0.0012329 seconds, Stopping threads took: 0.0000210 seconds
2015-04-14T20:45:56.614-0100: 2647.443: [GC (Allocation Failure) 
Desired survivor size 524288 bytes, new threshold 1 (max 15)
[PSYoungGen: 2304K->256K(2560K)] 10893K->8877K(13824K), 0.0010825 secs] [Times: user=0.01 sys=0.00, real=0.00 secs] 
2015-04-14T20:45:56.616-0100: 2647.444: Total time for which application threads were stopped: 0.0012911 seconds, Stopping threads took: 0.0000225 seconds
2015-04-14T20:45:57.641-0100: 2648.470: [GC (Allocation Failure) 
Desired survivor size 524288 bytes, new threshold 1 (max 15)
[PSYoungGen: 2304K->288K(2560K)] 10925K->8949K(13824K), 0.0011490 secs] [Times: user=0.00 sys=0.00, real=0.00 secs] 
2015-04-14T20:45:57.642-0100: 2648.471: Total time for which application threads were stopped: 0.0013660 seconds, Stopping threads took: 0.0000267 seconds
2015-04-14T20:45:58.639-0100: 2649.467: [GC (Allocation Failure) 
Desired survivor size 524288 bytes, new threshold 1 (max 15)
[PSYoungGen: 2336K->256K(2560K)] 10997K->8965K(13824K), 0.0010486 secs] [Times: user=0.01 sys=0.00, real=0.01 secs] 
2015-04-14T20:45:58.640-0100: 2649.468: Total time for which application threads were stopped: 0.0012487 seconds, Stopping threads took: 0.0000227 seconds
2015-04-14T20:45:59.724-0100: 2650.552: [GC (Allocation Failure) 
Desired survivor size 524288 bytes, new threshold 1 (max 15)
[PSYoungGen: 2304K->256K(2560K)] 11013K->9005K(13824K), 0.0010149 secs] [Times: user=0.00 sys=0.00, real=0.00 secs] 
2015-04-14T20:45:59.725-0100: 2650.554: Total time for which application threads were stopped: 0.0012056 seconds, Stopping threads took: 0.0000209 seconds
2015-04-14T20:46:00.360-0100: 2651.189: [GC (Allocation Failure) 
Desired survivor size 524288 bytes, new threshold 1 (max 15)
[PSYoungGen: 2304K->256K(2560K)] 11053K->9029K(13824K), 0.0008851 secs] [Times: user=0.00 sys=0.00, real=0.00 secs] 
2015-04-14T20:46:00.361-0100: 2651.190: Total time for which application threads were stopped: 0.0010504 seconds, Stopping threads took: 0.0000179 seconds
2015-04-14T20:46:01.360-0100: 2652.188: [GC (Allocation Failure) 
Desired survivor size 524288 bytes, new threshold 1 (max 15)
[PSYoungGen: 2304K->224K(2560K)] 11077K->9029K(13824K), 0.0008532 secs] [Times: user=0.00 sys=0.00, real=0.00 secs] 
2015-04-14T20:46:01.361-0100: 2652.189: Total time for which application threads were stopped: 0.0010625 seconds, Stopping threads took: 0.0000180 seconds
2015-04-14T20:46:02.331-0100: 2653.159: [GC (Allocation Failure) 
Desired survivor size 524288 bytes, new threshold 1 (max 15)
[PSYoungGen: 2272K->288K(2560K)] 11077K->9125K(13824K), 0.0007832 secs] [Times: user=0.00 sys=0.00, real=0.00 secs] 
2015-04-14T20:46:02.332-0100: 2653.160: Total time for which application threads were stopped: 0.0009171 seconds, Stopping threads took: 0.0000144 seconds
2015-04-14T20:46:03.354-0100: 2654.182: [GC (Allocation Failure) 
Desired survivor size 524288 bytes, new threshold 1 (max 15)
[PSYoungGen: 2336K->256K(2560K)] 11173K->9125K(13824K), 0.0010639 secs] [Times: user=0.01 sys=0.00, real=0.00 secs] 
2015-04-14T20:46:03.355-0100: 2654.183: Total time for which application threads were stopped: 0.0012691 seconds, Stopping threads took: 0.0000223 seconds
2015-04-14T20:46:04.352-0100: 2655.181: [GC (Allocation Failure) 
Desired survivor size 524288 bytes, new threshold 1 (max 15)
[PSYoungGen: 2304K->224K(2560K)] 11173K->9117K(13824K), 0.0010341 secs] [Times: user=0.00 sys=0.00, real=0.00 secs] 
2015-04-14T20:46:04.353-0100: 2655.182: Total time for which application threads were stopped: 0.0013604 seconds, Stopping threads took: 0.0000410 seconds
2015-04-14T20:46:05.343-0100: 2656.172: [GC (Allocation Failure) 
Desired survivor size 524288 bytes, new threshold 1 (max 15)
[PSYoungGen: 2272K->288K(2560K)] 11165K->9213K(13824K), 0.0010733 secs] [Times: user=0.01 sys=0.00, real=0.00 secs] 
2015-04-14T20:46:05.344-0100: 2656.173: Total time for which application threads were stopped: 0.0012634 seconds, Stopping threads took: 0.0000222 seconds
2015-04-14T20:46:06.346-0100: 2657.175: [GC (Allocation Failure) 
Desired survivor size 524288 bytes, new threshold 1 (max 15)
[PSYoungGen: 2336K->288K(2560K)] 11261K->9237K(13824K), 0.0010441 secs] [Times: user=0.01 sys=0.00, real=0.00 secs] 
2015-04-14T20:46:06.347-0100: 2657.176: Total time for which application threads were stopped: 0.0012413 seconds, Stopping threads took: 0.0000237 seconds
2015-04-14T20:46:07.364-0100: 2658.193: [GC (Allocation Failure) 
Desired survivor size 524288 bytes, new threshold 1 (max 15)
[PSYoungGen: 2336K->288K(2560K)] 11285K->9261K(13824K), 0.0010524 secs] [Times: user=0.01 sys=0.00, real=0.00 secs] 
2015-04-14T20:46:07.365-0100: 2658.194: Total time for which application threads were stopped: 0.0012499 seconds, Stopping threads took: 0.0000232 seconds
2015-04-14T20:46:08.352-0100: 2659.181: [GC (Allocation Failure) 
Desired survivor size 524288 bytes, new threshold 1 (max 15)
[PSYoungGen: 2336K->256K(2560K)] 11309K->9269K(13824K), 0.0011232 secs] [Times: user=0.00 sys=0.00, real=0.00 secs] 
2015-04-14T20:46:08.353-0100: 2659.182: Total time for which application threads were stopped: 0.0013492 seconds, Stopping threads took: 0.0000219 seconds
2015-04-14T20:46:09.386-0100: 2660.215: [GC (Allocation Failure) 
Desired survivor size 524288 bytes, new threshold 1 (max 15)
[PSYoungGen: 2304K->256K(2560K)] 11317K->9301K(13824K), 0.0010393 secs] [Times: user=0.01 sys=0.00, real=0.00 secs] 
2015-04-14T20:46:09.387-0100: 2660.216: Total time for which application threads were stopped: 0.0012660 seconds, Stopping threads took: 0.0000248 seconds
2015-04-14T20:46:10.375-0100: 2661.203: [GC (Allocation Failure) 
Desired survivor size 524288 bytes, new threshold 1 (max 15)
[PSYoungGen: 2304K->256K(2560K)] 11349K->9325K(13824K), 0.0011033 secs] [Times: user=0.00 sys=0.00, real=0.00 secs] 
2015-04-14T20:46:10.376-0100: 2661.205: Total time for which application threads were stopped: 0.0012958 seconds, Stopping threads took: 0.0000224 seconds
2015-04-14T20:46:11.429-0100: 2662.257: [GC (Allocation Failure) 
Desired survivor size 524288 bytes, new threshold 1 (max 15)
[PSYoungGen: 2304K->256K(2560K)] 11373K->9357K(13824K), 0.0013310 secs] [Times: user=0.01 sys=0.00, real=0.01 secs] 
2015-04-14T20:46:11.430-0100: 2662.259: Total time for which application threads were stopped: 0.0015671 seconds, Stopping threads took: 0.0000230 seconds
2015-04-14T20:46:12.413-0100: 2663.242: [GC (Allocation Failure) 
Desired survivor size 524288 bytes, new threshold 1 (max 15)
[PSYoungGen: 2304K->256K(2560K)] 11405K->9381K(13824K), 0.0010745 secs] [Times: user=0.00 sys=0.00, real=0.00 secs] 
2015-04-14T20:46:12.415-0100: 2663.243: Total time for which application threads were stopped: 0.0012701 seconds, Stopping threads took: 0.0000241 seconds
2015-04-14T20:46:13.446-0100: 2664.275: [GC (Allocation Failure) 
Desired survivor size 524288 bytes, new threshold 1 (max 15)
[PSYoungGen: 2304K->256K(2560K)] 11429K->9405K(13824K), 0.0009586 secs] [Times: user=0.00 sys=0.01, real=0.00 secs] 
2015-04-14T20:46:13.448-0100: 2664.276: Total time for which application threads were stopped: 0.0011508 seconds, Stopping threads took: 0.0000224 seconds
2015-04-14T20:46:14.470-0100: 2665.298: [GC (Allocation Failure) 
Desired survivor size 524288 bytes, new threshold 1 (max 15)
[PSYoungGen: 2304K->256K(2560K)] 11453K->9437K(13824K), 0.0009080 secs] [Times: user=0.01 sys=0.01, real=0.00 secs] 
2015-04-14T20:46:14.470-0100: 2665.299: Total time for which application threads were stopped: 0.0010809 seconds, Stopping threads took: 0.0000190 seconds
2015-04-14T20:46:15.540-0100: 2666.369: [GC (Allocation Failure) 
Desired survivor size 524288 bytes, new threshold 1 (max 15)
[PSYoungGen: 2304K->256K(2560K)] 11485K->9477K(13824K), 0.0010728 secs] [Times: user=0.00 sys=0.00, real=0.00 secs] 
2015-04-14T20:46:15.541-0100: 2666.370: Total time for which application threads were stopped: 0.0012522 seconds, Stopping threads took: 0.0000217 seconds
2015-04-14T20:46:16.575-0100: 2667.404: [GC (Allocation Failure) 
Desired survivor size 524288 bytes, new threshold 1 (max 15)
[PSYoungGen: 2304K->256K(2560K)] 11525K->9509K(13824K), 0.0008674 secs] [Times: user=0.00 sys=0.00, real=0.00 secs] 
2015-04-14T20:46:16.576-0100: 2667.405: Total time for which application threads were stopped: 0.0010256 seconds, Stopping threads took: 0.0000177 seconds
2015-04-14T20:46:17.581-0100: 2668.410: [GC (Allocation Failure) 
Desired survivor size 524288 bytes, new threshold 1 (max 15)
[PSYoungGen: 2304K->288K(2560K)] 11557K->9573K(13824K), 0.0010726 secs] [Times: user=0.00 sys=0.01, real=0.00 secs] 
2015-04-14T20:46:17.583-0100: 2668.411: Total time for which application threads were stopped: 0.0012450 seconds, Stopping threads took: 0.0000209 seconds
2015-04-14T20:46:18.616-0100: 2669.445: [GC (Allocation Failure) 
Desired survivor size 524288 bytes, new threshold 1 (max 15)
[PSYoungGen: 2336K->288K(2560K)] 11621K->9605K(13824K), 0.0007775 secs] [Times: user=0.00 sys=0.00, real=0.00 secs] 
2015-04-14T20:46:18.617-0100: 2669.446: Total time for which application threads were stopped: 0.0009259 seconds, Stopping threads took: 0.0000194 seconds
2015-04-14T20:46:19.618-0100: 2670.447: [GC (Allocation Failure) 
Desired survivor size 524288 bytes, new threshold 1 (max 15)
[PSYoungGen: 2336K->256K(2560K)] 11653K->9605K(13824K), 0.0011029 secs] [Times: user=0.01 sys=0.00, real=0.00 secs] 
2015-04-14T20:46:19.619-0100: 2670.448: Total time for which application threads were stopped: 0.0013161 seconds, Stopping threads took: 0.0000264 seconds
2015-04-14T20:46:20.641-0100: 2671.470: [GC (Allocation Failure) 
Desired survivor size 524288 bytes, new threshold 1 (max 15)
[PSYoungGen: 2304K->256K(2560K)] 11653K->9621K(13824K), 0.0009943 secs] [Times: user=0.00 sys=0.00, real=0.00 secs] 
2015-04-14T20:46:20.642-0100: 2671.471: Total time for which application threads were stopped: 0.0011696 seconds, Stopping threads took: 0.0000219 seconds
2015-04-14T20:46:21.677-0100: 2672.506: [GC (Allocation Failure) 
Desired survivor size 524288 bytes, new threshold 1 (max 15)
[PSYoungGen: 2304K->256K(2560K)] 11669K->9645K(13824K), 0.0009995 secs] [Times: user=0.00 sys=0.00, real=0.00 secs] 
2015-04-14T20:46:21.678-0100: 2672.507: Total time for which application threads were stopped: 0.0011987 seconds, Stopping threads took: 0.0000217 seconds
2015-04-14T20:46:22.761-0100: 2673.590: [GC (Allocation Failure) 
Desired survivor size 524288 bytes, new threshold 1 (max 15)
[PSYoungGen: 2304K->256K(2560K)] 11693K->9669K(13824K), 0.0010946 secs] [Times: user=0.00 sys=0.00, real=0.00 secs] 
2015-04-14T20:46:22.762-0100: 2673.591: Total time for which application threads were stopped: 0.0012922 seconds, Stopping threads took: 0.0000227 seconds
2015-04-14T20:46:23.751-0100: 2674.580: [GC (Allocation Failure) 
Desired survivor size 524288 bytes, new threshold 1 (max 15)
[PSYoungGen: 2304K->288K(2560K)] 11717K->9733K(13824K), 0.0010928 secs] [Times: user=0.01 sys=0.00, real=0.00 secs] 
2015-04-14T20:46:23.752-0100: 2674.581: Total time for which application threads were stopped: 0.0012808 seconds, Stopping threads took: 0.0000215 seconds
2015-04-14T20:46:24.754-0100: 2675.583: [GC (Allocation Failure) 
Desired survivor size 524288 bytes, new threshold 1 (max 15)
[PSYoungGen: 2336K->288K(2560K)] 11781K->9765K(13824K), 0.0010418 secs] [Times: user=0.00 sys=0.00, real=0.00 secs] 
2015-04-14T20:46:24.755-0100: 2675.584: Total time for which application threads were stopped: 0.0012296 seconds, Stopping threads took: 0.0000205 seconds
2015-04-14T20:46:25.774-0100: 2676.602: [GC (Allocation Failure) 
Desired survivor size 524288 bytes, new threshold 1 (max 15)
[PSYoungGen: 2336K->288K(2560K)] 11813K->9789K(13824K), 0.0010775 secs] [Times: user=0.00 sys=0.00, real=0.00 secs] 
2015-04-14T20:46:25.775-0100: 2676.604: Total time for which application threads were stopped: 0.0012693 seconds, Stopping threads took: 0.0000221 seconds
2015-04-14T20:46:26.841-0100: 2677.670: [GC (Allocation Failure) 
Desired survivor size 524288 bytes, new threshold 1 (max 15)
[PSYoungGen: 2336K->224K(2560K)] 11837K->9757K(13824K), 0.0010347 secs] [Times: user=0.00 sys=0.00, real=0.00 secs] 
2015-04-14T20:46:26.842-0100: 2677.671: Total time for which application threads were stopped: 0.0012332 seconds, Stopping threads took: 0.0000241 seconds
2015-04-14T20:46:27.946-0100: 2678.775: [GC (Allocation Failure) 
Desired survivor size 524288 bytes, new threshold 1 (max 15)
[PSYoungGen: 2272K->288K(2560K)] 11805K->9845K(13824K), 0.0011232 secs] [Times: user=0.00 sys=0.00, real=0.00 secs] 
2015-04-14T20:46:27.947-0100: 2678.776: Total time for which application threads were stopped: 0.0013208 seconds, Stopping threads took: 0.0000217 seconds
2015-04-14T20:46:28.950-0100: 2679.779: [GC (Allocation Failure) 
Desired survivor size 524288 bytes, new threshold 1 (max 15)
[PSYoungGen: 2336K->256K(2560K)] 11893K->9845K(13824K), 0.0010668 secs] [Times: user=0.00 sys=0.00, real=0.00 secs] 
2015-04-14T20:46:28.951-0100: 2679.780: Total time for which application threads were stopped: 0.0012567 seconds, Stopping threads took: 0.0000229 seconds
2015-04-14T20:46:29.951-0100: 2680.780: [GC (Allocation Failure) 
Desired survivor size 524288 bytes, new threshold 1 (max 15)
[PSYoungGen: 2304K->256K(2560K)] 11893K->9869K(13824K), 0.0010258 secs] [Times: user=0.00 sys=0.00, real=0.00 secs] 
2015-04-14T20:46:29.952-0100: 2680.781: Total time for which application threads were stopped: 0.0012319 seconds, Stopping threads took: 0.0000287 seconds
2015-04-14T20:46:30.972-0100: 2681.801: [GC (Allocation Failure) 
Desired survivor size 524288 bytes, new threshold 1 (max 15)
[PSYoungGen: 2304K->256K(2560K)] 11917K->9893K(13824K), 0.0010593 secs] [Times: user=0.00 sys=0.00, real=0.00 secs] 
2015-04-14T20:46:30.973-0100: 2681.802: Total time for which application threads were stopped: 0.0012731 seconds, Stopping threads took: 0.0000200 seconds
2015-04-14T20:46:31.993-0100: 2682.822: [GC (Allocation Failure) 
Desired survivor size 524288 bytes, new threshold 1 (max 15)
[PSYoungGen: 2304K->256K(2560K)] 11941K->9933K(13824K), 0.0010817 secs] [Times: user=0.00 sys=0.00, real=0.00 secs] 
2015-04-14T20:46:31.995-0100: 2682.824: Total time for which application threads were stopped: 0.0012736 seconds, Stopping threads took: 0.0000215 seconds
2015-04-14T20:46:33.095-0100: 2683.924: [GC (Allocation Failure) 
Desired survivor size 524288 bytes, new threshold 1 (max 15)
[PSYoungGen: 2304K->256K(2560K)] 11981K->9973K(13824K), 0.0010151 secs] [Times: user=0.00 sys=0.00, real=0.00 secs] 
2015-04-14T20:46:33.096-0100: 2683.925: Total time for which application threads were stopped: 0.0011890 seconds, Stopping threads took: 0.0000197 seconds
2015-04-14T20:46:34.125-0100: 2684.954: [GC (Allocation Failure) 
Desired survivor size 524288 bytes, new threshold 1 (max 15)
[PSYoungGen: 2304K->256K(2560K)] 12021K->10005K(13824K), 0.0009728 secs] [Times: user=0.00 sys=0.00, real=0.00 secs] 
2015-04-14T20:46:34.126-0100: 2684.955: Total time for which application threads were stopped: 0.0011576 seconds, Stopping threads took: 0.0000210 seconds
2015-04-14T20:46:35.136-0100: 2685.965: [GC (Allocation Failure) 
Desired survivor size 524288 bytes, new threshold 1 (max 15)
[PSYoungGen: 2304K->288K(2560K)] 12053K->10077K(13824K), 0.0010666 secs] [Times: user=0.01 sys=0.00, real=0.00 secs] 
2015-04-14T20:46:35.137-0100: 2685.966: Total time for which application threads were stopped: 0.0012638 seconds, Stopping threads took: 0.0000215 seconds
2015-04-14T20:46:36.206-0100: 2687.035: [GC (Allocation Failure) 
Desired survivor size 524288 bytes, new threshold 1 (max 15)
[PSYoungGen: 2336K->288K(2560K)] 12125K->10109K(13824K), 0.0010866 secs] [Times: user=0.00 sys=0.00, real=0.00 secs] 
2015-04-14T20:46:36.207-0100: 2687.036: Total time for which application threads were stopped: 0.0012802 seconds, Stopping threads took: 0.0000228 seconds
2015-04-14T20:46:37.222-0100: 2688.051: [GC (Allocation Failure) 
Desired survivor size 524288 bytes, new threshold 1 (max 15)
[PSYoungGen: 2336K->160K(2560K)] 12157K->9997K(13824K), 0.0010903 secs] [Times: user=0.01 sys=0.00, real=0.00 secs] 
2015-04-14T20:46:37.223-0100: 2688.052: Total time for which application threads were stopped: 0.0013041 seconds, Stopping threads took: 0.0000244 seconds
2015-04-14T20:46:38.196-0100: 2689.025: [GC (Allocation Failure) 
Desired survivor size 524288 bytes, new threshold 1 (max 15)
[PSYoungGen: 2208K->256K(2560K)] 12045K->10117K(13824K), 0.0010057 secs] [Times: user=0.00 sys=0.00, real=0.00 secs] 
2015-04-14T20:46:38.197-0100: 2689.026: Total time for which application threads were stopped: 0.0012041 seconds, Stopping threads took: 0.0000229 seconds
2015-04-14T20:46:39.199-0100: 2690.028: [GC (Allocation Failure) 
Desired survivor size 524288 bytes, new threshold 1 (max 15)
[PSYoungGen: 2304K->256K(2560K)] 12165K->10149K(13824K), 0.0011240 secs] [Times: user=0.01 sys=0.00, real=0.01 secs] 
2015-04-14T20:46:39.200-0100: 2690.030: Total time for which application threads were stopped: 0.0013247 seconds, Stopping threads took: 0.0000239 seconds
2015-04-14T20:46:40.151-0100: 2690.980: [GC (Allocation Failure) 
Desired survivor size 524288 bytes, new threshold 1 (max 15)
[PSYoungGen: 2304K->256K(2560K)] 12197K->10165K(13824K), 0.0007852 secs] [Times: user=0.01 sys=0.00, real=0.00 secs] 
2015-04-14T20:46:40.152-0100: 2690.981: Total time for which application threads were stopped: 0.0009434 seconds, Stopping threads took: 0.0000148 seconds
2015-04-14T20:46:41.104-0100: 2691.933: [GC (Allocation Failure) 
Desired survivor size 524288 bytes, new threshold 1 (max 15)
[PSYoungGen: 2304K->256K(2560K)] 12213K->10197K(13824K), 0.0010637 secs] [Times: user=0.00 sys=0.00, real=0.00 secs] 
2015-04-14T20:46:41.105-0100: 2691.934: Total time for which application threads were stopped: 0.0012500 seconds, Stopping threads took: 0.0000212 seconds
2015-04-14T20:46:42.006-0100: 2692.835: [GC (Allocation Failure) 
Desired survivor size 524288 bytes, new threshold 1 (max 15)
[PSYoungGen: 2304K->288K(2560K)] 12245K->10261K(13824K), 0.0010681 secs] [Times: user=0.00 sys=0.00, real=0.00 secs] 
2015-04-14T20:46:42.007-0100: 2692.836: Total time for which application threads were stopped: 0.0012550 seconds, Stopping threads took: 0.0000218 seconds
2015-04-14T20:46:42.891-0100: 2693.720: [GC (Allocation Failure) 
Desired survivor size 524288 bytes, new threshold 1 (max 15)
[PSYoungGen: 2336K->192K(2560K)] 12309K->10181K(13824K), 0.0007917 secs] [Times: user=0.00 sys=0.00, real=0.00 secs] 
2015-04-14T20:46:42.892-0100: 2693.721: Total time for which application threads were stopped: 0.0009331 seconds, Stopping threads took: 0.0000149 seconds
2015-04-14T20:46:43.812-0100: 2694.641: [GC (Allocation Failure) 
Desired survivor size 524288 bytes, new threshold 1 (max 15)
[PSYoungGen: 2240K->256K(2560K)] 12229K->10277K(13824K), 0.0009395 secs] [Times: user=0.00 sys=0.00, real=0.00 secs] 
2015-04-14T20:46:43.813-0100: 2694.642: Total time for which application threads were stopped: 0.0011083 seconds, Stopping threads took: 0.0000201 seconds
2015-04-14T20:46:44.731-0100: 2695.560: [GC (Allocation Failure) 
Desired survivor size 524288 bytes, new threshold 1 (max 15)
[PSYoungGen: 2304K->256K(2560K)] 12325K->10301K(13824K), 0.0010536 secs] [Times: user=0.00 sys=0.00, real=0.00 secs] 
2015-04-14T20:46:44.732-0100: 2695.562: Total time for which application threads were stopped: 0.0012629 seconds, Stopping threads took: 0.0000233 seconds
2015-04-14T20:46:45.553-0100: 2696.382: [GC (Allocation Failure) 
Desired survivor size 524288 bytes, new threshold 1 (max 15)
[PSYoungGen: 2304K->256K(2560K)] 12349K->10333K(13824K), 0.0010705 secs] [Times: user=0.00 sys=0.00, real=0.00 secs] 
2015-04-14T20:46:45.554-0100: 2696.383: Total time for which application threads were stopped: 0.0012558 seconds, Stopping threads took: 0.0000227 seconds
2015-04-14T20:46:46.405-0100: 2697.234: [GC (Allocation Failure) 
Desired survivor size 524288 bytes, new threshold 1 (max 15)
[PSYoungGen: 2304K->256K(2560K)] 12381K->10357K(13824K), 0.0010507 secs] [Times: user=0.00 sys=0.00, real=0.00 secs] 
2015-04-14T20:46:46.406-0100: 2697.235: Total time for which application threads were stopped: 0.0012429 seconds, Stopping threads took: 0.0000217 seconds
2015-04-14T20:46:47.255-0100: 2698.084: [GC (Allocation Failure) 
Desired survivor size 524288 bytes, new threshold 1 (max 15)
[PSYoungGen: 2304K->256K(2560K)] 12405K->10389K(13824K), 0.0010393 secs] [Times: user=0.00 sys=0.00, real=0.00 secs] 
2015-04-14T20:46:47.256-0100: 2698.086: Total time for which application threads were stopped: 0.0012507 seconds, Stopping threads took: 0.0000227 seconds
2015-04-14T20:46:48.175-0100: 2699.004: [GC (Allocation Failure) 
Desired survivor size 524288 bytes, new threshold 1 (max 15)
[PSYoungGen: 2304K->256K(2560K)] 12437K->10421K(13824K), 0.0010195 secs] [Times: user=0.00 sys=0.00, real=0.00 secs] 
2015-04-14T20:46:48.176-0100: 2699.005: Total time for which application threads were stopped: 0.0012204 seconds, Stopping threads took: 0.0000260 seconds
2015-04-14T20:46:49.163-0100: 2699.992: [GC (Allocation Failure) 
Desired survivor size 524288 bytes, new threshold 1 (max 15)
[PSYoungGen: 2304K->256K(2560K)] 12469K->10461K(13824K), 0.0011029 secs] [Times: user=0.00 sys=0.00, real=0.00 secs] 
2015-04-14T20:46:49.164-0100: 2699.993: Total time for which application threads were stopped: 0.0013312 seconds, Stopping threads took: 0.0000230 seconds
2015-04-14T20:46:50.117-0100: 2700.946: [GC (Allocation Failure) 
Desired survivor size 524288 bytes, new threshold 1 (max 15)
[PSYoungGen: 2304K->256K(2560K)] 12509K->10493K(13824K), 0.0009917 secs] [Times: user=0.00 sys=0.00, real=0.00 secs] 
2015-04-14T20:46:50.118-0100: 2700.947: Total time for which application threads were stopped: 0.0011841 seconds, Stopping threads took: 0.0000222 seconds
2015-04-14T20:46:51.134-0100: 2701.963: [GC (Allocation Failure) 
Desired survivor size 524288 bytes, new threshold 1 (max 15)
[PSYoungGen: 2304K->256K(2560K)] 12541K->10501K(13824K), 0.0010411 secs] [Times: user=0.01 sys=0.00, real=0.00 secs] 
2015-04-14T20:46:51.135-0100: 2701.964: Total time for which application threads were stopped: 0.0012494 seconds, Stopping threads took: 0.0000257 seconds
2015-04-14T20:46:52.137-0100: 2702.966: [GC (Allocation Failure) 
Desired survivor size 524288 bytes, new threshold 1 (max 15)
[PSYoungGen: 2304K->288K(2560K)] 12549K->10565K(13824K), 0.0010113 secs] [Times: user=0.00 sys=0.00, real=0.00 secs] 
2015-04-14T20:46:52.138-0100: 2702.967: Total time for which application threads were stopped: 0.0012291 seconds, Stopping threads took: 0.0000255 seconds
2015-04-14T20:46:53.109-0100: 2703.939: [GC (Allocation Failure) 
Desired survivor size 524288 bytes, new threshold 1 (max 15)
[PSYoungGen: 2336K->256K(2560K)] 12613K->10565K(13824K), 0.0009837 secs] [Times: user=0.00 sys=0.00, real=0.01 secs] 
2015-04-14T20:46:53.110-0100: 2703.940: Total time for which application threads were stopped: 0.0011616 seconds, Stopping threads took: 0.0000221 seconds
2015-04-14T20:46:54.176-0100: 2705.005: [GC (Allocation Failure) 
Desired survivor size 524288 bytes, new threshold 1 (max 15)
[PSYoungGen: 2304K->288K(2560K)] 12613K->10637K(13824K), 0.0010418 secs] [Times: user=0.00 sys=0.00, real=0.00 secs] 
2015-04-14T20:46:54.177-0100: 2705.007: Total time for which application threads were stopped: 0.0012600 seconds, Stopping threads took: 0.0000266 seconds
2015-04-14T20:46:55.183-0100: 2706.013: [GC (Allocation Failure) 
Desired survivor size 524288 bytes, new threshold 1 (max 15)
[PSYoungGen: 2336K->256K(2560K)] 12685K->10621K(13824K), 0.0010355 secs] [Times: user=0.00 sys=0.00, real=0.00 secs] 
2015-04-14T20:46:55.184-0100: 2706.014: Total time for which application threads were stopped: 0.0012132 seconds, Stopping threads took: 0.0000210 seconds
2015-04-14T20:46:56.202-0100: 2707.031: [GC (Allocation Failure) 
Desired survivor size 524288 bytes, new threshold 1 (max 15)
[PSYoungGen: 2304K->256K(2560K)] 12669K->10645K(13824K), 0.0008845 secs] [Times: user=0.01 sys=0.00, real=0.00 secs] 
2015-04-14T20:46:56.203-0100: 2707.032: Total time for which application threads were stopped: 0.0010291 seconds, Stopping threads took: 0.0000159 seconds
2015-04-14T20:46:57.223-0100: 2708.052: [GC (Allocation Failure) 
Desired survivor size 524288 bytes, new threshold 1 (max 15)
[PSYoungGen: 2304K->256K(2560K)] 12693K->10669K(13824K), 0.0010834 secs] [Times: user=0.00 sys=0.00, real=0.00 secs] 
2015-04-14T20:46:57.224-0100: 2708.053: Total time for which application threads were stopped: 0.0012763 seconds, Stopping threads took: 0.0000225 seconds
2015-04-14T20:46:58.262-0100: 2709.091: [GC (Allocation Failure) 
Desired survivor size 524288 bytes, new threshold 1 (max 15)
[PSYoungGen: 2304K->288K(2560K)] 12717K->10733K(13824K), 0.0010491 secs] [Times: user=0.01 sys=0.00, real=0.00 secs] 
2015-04-14T20:46:58.263-0100: 2709.093: Total time for which application threads were stopped: 0.0012474 seconds, Stopping threads took: 0.0000220 seconds
2015-04-14T20:46:59.279-0100: 2710.109: [GC (Allocation Failure) 
Desired survivor size 524288 bytes, new threshold 1 (max 15)
[PSYoungGen: 2336K->256K(2560K)] 12781K->10733K(13824K), 0.0010186 secs] [Times: user=0.00 sys=0.00, real=0.01 secs] 
2015-04-14T20:46:59.280-0100: 2710.110: Total time for which application threads were stopped: 0.0011930 seconds, Stopping threads took: 0.0000221 seconds
2015-04-14T20:47:00.082-0100: 2710.911: [GC (Allocation Failure) 
Desired survivor size 524288 bytes, new threshold 1 (max 15)
[PSYoungGen: 2304K->256K(2560K)] 12781K->10765K(13824K), 0.0009568 secs] [Times: user=0.00 sys=0.00, real=0.00 secs] 
2015-04-14T20:47:00.083-0100: 2710.912: Total time for which application threads were stopped: 0.0011218 seconds, Stopping threads took: 0.0000180 seconds
2015-04-14T20:47:00.931-0100: 2711.761: [GC (Allocation Failure) 
Desired survivor size 524288 bytes, new threshold 1 (max 15)
[PSYoungGen: 2304K->256K(2560K)] 12813K->10805K(13824K), 0.0010240 secs] [Times: user=0.00 sys=0.00, real=0.00 secs] 
2015-04-14T20:47:00.932-0100: 2711.762: Total time for which application threads were stopped: 0.0012237 seconds, Stopping threads took: 0.0000229 seconds
2015-04-14T20:47:02.018-0100: 2712.847: [GC (Allocation Failure) 
Desired survivor size 524288 bytes, new threshold 1 (max 15)
[PSYoungGen: 2304K->256K(2560K)] 12853K->10829K(13824K), 0.0010833 secs] [Times: user=0.01 sys=0.00, real=0.00 secs] 
2015-04-14T20:47:02.019-0100: 2712.848: Total time for which application threads were stopped: 0.0012987 seconds, Stopping threads took: 0.0000216 seconds
2015-04-14T20:47:03.056-0100: 2713.885: [GC (Allocation Failure) 
Desired survivor size 524288 bytes, new threshold 1 (max 15)
[PSYoungGen: 2304K->288K(2560K)] 12877K->10885K(13824K), 0.0010861 secs] [Times: user=0.01 sys=0.00, real=0.00 secs] 
2015-04-14T20:47:03.057-0100: 2713.886: Total time for which application threads were stopped: 0.0012848 seconds, Stopping threads took: 0.0000233 seconds
2015-04-14T20:47:04.079-0100: 2714.909: [GC (Allocation Failure) 
Desired survivor size 524288 bytes, new threshold 1 (max 15)
[PSYoungGen: 2336K->288K(2560K)] 12933K->10917K(13824K), 0.0011462 secs] [Times: user=0.00 sys=0.00, real=0.01 secs] 
2015-04-14T20:47:04.081-0100: 2714.910: Total time for which application threads were stopped: 0.0013659 seconds, Stopping threads took: 0.0000267 seconds
2015-04-14T20:47:05.181-0100: 2716.010: [GC (Allocation Failure) 
Desired survivor size 524288 bytes, new threshold 1 (max 15)
[PSYoungGen: 2336K->256K(2560K)] 12965K->10925K(13824K), 0.0011682 secs] [Times: user=0.00 sys=0.00, real=0.00 secs] 
2015-04-14T20:47:05.182-0100: 2716.011: Total time for which application threads were stopped: 0.0013739 seconds, Stopping threads took: 0.0000216 seconds
2015-04-14T20:47:06.215-0100: 2717.045: [GC (Allocation Failure) 
Desired survivor size 524288 bytes, new threshold 1 (max 15)
[PSYoungGen: 2304K->256K(2560K)] 12973K->10957K(13824K), 0.0010683 secs] [Times: user=0.00 sys=0.00, real=0.00 secs] 
2015-04-14T20:47:06.216-0100: 2717.046: Total time for which application threads were stopped: 0.0012631 seconds, Stopping threads took: 0.0000224 seconds
2015-04-14T20:47:07.268-0100: 2718.097: [GC (Allocation Failure) 
Desired survivor size 524288 bytes, new threshold 1 (max 15)
[PSYoungGen: 2304K->288K(2560K)] 13005K->11021K(13824K), 0.0010409 secs] [Times: user=0.00 sys=0.00, real=0.00 secs] 
2015-04-14T20:47:07.269-0100: 2718.098: Total time for which application threads were stopped: 0.0012556 seconds, Stopping threads took: 0.0000275 seconds
2015-04-14T20:47:08.256-0100: 2719.085: [GC (Allocation Failure) 
Desired survivor size 524288 bytes, new threshold 1 (max 15)
[PSYoungGen: 2336K->256K(2560K)] 13069K->11013K(13824K), 0.0011274 secs] [Times: user=0.00 sys=0.00, real=0.00 secs] 
2015-04-14T20:47:08.257-0100: 2719.086: Total time for which application threads were stopped: 0.0013165 seconds, Stopping threads took: 0.0000214 seconds
2015-04-14T20:47:09.260-0100: 2720.090: [GC (Allocation Failure) 
Desired survivor size 524288 bytes, new threshold 1 (max 15)
[PSYoungGen: 2304K->288K(2560K)] 13061K->11085K(13824K), 0.0010706 secs] [Times: user=0.00 sys=0.00, real=0.00 secs] 
2015-04-14T20:47:09.261-0100: 2720.091: Total time for which application threads were stopped: 0.0012633 seconds, Stopping threads took: 0.0000230 seconds
2015-04-14T20:47:10.295-0100: 2721.125: [GC (Allocation Failure) 
Desired survivor size 524288 bytes, new threshold 1 (max 15)
[PSYoungGen: 2336K->256K(2560K)] 13133K->11085K(13824K), 0.0011402 secs] [Times: user=0.00 sys=0.00, real=0.00 secs] 
2015-04-14T20:47:10.296-0100: 2721.126: Total time for which application threads were stopped: 0.0013454 seconds, Stopping threads took: 0.0000238 seconds
2015-04-14T20:47:11.313-0100: 2722.142: [GC (Allocation Failure) 
Desired survivor size 524288 bytes, new threshold 1 (max 15)
[PSYoungGen: 2304K->256K(2560K)] 13133K->11109K(13824K), 0.0009385 secs] [Times: user=0.00 sys=0.00, real=0.00 secs] 
2015-04-14T20:47:11.314-0100: 2722.143: Total time for which application threads were stopped: 0.0011273 seconds, Stopping threads took: 0.0000263 seconds
2015-04-14T20:47:12.420-0100: 2723.250: [GC (Allocation Failure) 
Desired survivor size 524288 bytes, new threshold 1 (max 15)
[PSYoungGen: 2304K->288K(2560K)] 13157K->11173K(13824K), 0.0010546 secs] [Times: user=0.00 sys=0.00, real=0.00 secs] 
2015-04-14T20:47:12.421-0100: 2723.251: Total time for which application threads were stopped: 0.0012318 seconds, Stopping threads took: 0.0000203 seconds
2015-04-14T20:47:13.456-0100: 2724.286: [GC (Allocation Failure) 
Desired survivor size 524288 bytes, new threshold 1 (max 15)
[PSYoungGen: 2336K->288K(2560K)] 13221K->11221K(13824K), 0.0010502 secs] [Times: user=0.00 sys=0.00, real=0.00 secs] 
2015-04-14T20:47:13.457-0100: 2724.287: Total time for which application threads were stopped: 0.0012412 seconds, Stopping threads took: 0.0000227 seconds
2015-04-14T20:47:14.457-0100: 2725.287: [GC (Allocation Failure) 
Desired survivor size 524288 bytes, new threshold 1 (max 15)
[PSYoungGen: 2336K->256K(2560K)] 13269K->11205K(13824K), 0.0011061 secs] [Times: user=0.00 sys=0.00, real=0.00 secs] 
2015-04-14T20:47:14.458-0100: 2725.288: Total time for which application threads were stopped: 0.0013588 seconds, Stopping threads took: 0.0000270 seconds
2015-04-14T20:47:15.464-0100: 2726.293: [GC (Allocation Failure) 
Desired survivor size 524288 bytes, new threshold 1 (max 15)
[PSYoungGen: 2304K->256K(2560K)] 13253K->11237K(13824K), 0.0010254 secs] [Times: user=0.00 sys=0.00, real=0.00 secs] 
2015-04-14T20:47:15.465-0100: 2726.294: Total time for which application threads were stopped: 0.0012145 seconds, Stopping threads took: 0.0000223 seconds
2015-04-14T20:47:16.532-0100: 2727.362: [GC (Allocation Failure) 
Desired survivor size 524288 bytes, new threshold 1 (max 15)
[PSYoungGen: 2304K->224K(2560K)] 13285K->11229K(13824K), 0.0008380 secs] [Times: user=0.00 sys=0.00, real=0.00 secs] 
2015-04-14T20:47:16.533-0100: 2727.363: Total time for which application threads were stopped: 0.0009896 seconds, Stopping threads took: 0.0000163 seconds
2015-04-14T20:47:17.535-0100: 2728.365: [GC (Allocation Failure) 
Desired survivor size 524288 bytes, new threshold 1 (max 15)
[PSYoungGen: 2272K->256K(2560K)] 13277K->11285K(13824K), 0.0009922 secs] [Times: user=0.00 sys=0.00, real=0.00 secs] 
2015-04-14T20:47:17.536-0100: 2728.366: Total time for which application threads were stopped: 0.0011612 seconds, Stopping threads took: 0.0000200 seconds
2015-04-14T20:47:18.563-0100: 2729.393: [GC (Allocation Failure) 
Desired survivor size 524288 bytes, new threshold 1 (max 15)
[PSYoungGen: 2304K->288K(2560K)] 13333K->11349K(13824K), 0.0009969 secs] [Times: user=0.01 sys=0.00, real=0.00 secs] 
2015-04-14T20:47:18.564-0100: 2729.394: Total time for which application threads were stopped: 0.0012638 seconds, Stopping threads took: 0.0000451 seconds
2015-04-14T20:47:19.559-0100: 2730.389: [GC (Allocation Failure) 
Desired survivor size 524288 bytes, new threshold 1 (max 15)
[PSYoungGen: 2336K->256K(2560K)] 13397K->11341K(13824K), 0.0010621 secs] [Times: user=0.01 sys=0.00, real=0.01 secs] 
2015-04-14T20:47:19.561-0100: 2730.390: Total time for which application threads were stopped: 0.0012522 seconds, Stopping threads took: 0.0000218 seconds
2015-04-14T20:47:20.595-0100: 2731.425: [GC (Allocation Failure) 
Desired survivor size 524288 bytes, new threshold 1 (max 15)
[PSYoungGen: 2304K->256K(2560K)] 13389K->11373K(13824K), 0.0010002 secs] [Times: user=0.01 sys=0.00, real=0.00 secs] 
2015-04-14T20:47:20.596-0100: 2731.426: Total time for which application threads were stopped: 0.0011953 seconds, Stopping threads took: 0.0000216 seconds
2015-04-14T20:47:21.612-0100: 2732.442: [GC (Allocation Failure) 
Desired survivor size 524288 bytes, new threshold 1 (max 15)
[PSYoungGen: 2304K->256K(2560K)] 13421K->11389K(13824K), 0.0009864 secs] [Times: user=0.01 sys=0.00, real=0.00 secs] 
2015-04-14T20:47:21.614-0100: 2732.443: Total time for which application threads were stopped: 0.0011593 seconds, Stopping threads took: 0.0000221 seconds
2015-04-14T20:47:22.619-0100: 2733.449: [GC (Allocation Failure) 
Desired survivor size 524288 bytes, new threshold 1 (max 15)
[PSYoungGen: 2304K->256K(2560K)] 13437K->11421K(13824K), 0.0010660 secs] [Times: user=0.01 sys=0.00, real=0.01 secs] 
2015-04-14T20:47:22.620-0100: 2733.450: Total time for which application threads were stopped: 0.0012833 seconds, Stopping threads took: 0.0000225 seconds
2015-04-14T20:47:23.672-0100: 2734.501: [GC (Allocation Failure) 
Desired survivor size 524288 bytes, new threshold 1 (max 15)
[PSYoungGen: 2304K->256K(2560K)] 13469K->11453K(13824K), 0.0009175 secs] [Times: user=0.00 sys=0.00, real=0.00 secs] 
2015-04-14T20:47:23.672-0100: 2734.502: Total time for which application threads were stopped: 0.0010827 seconds, Stopping threads took: 0.0000188 seconds
2015-04-14T20:47:24.689-0100: 2735.519: [GC (Allocation Failure) 
Desired survivor size 524288 bytes, new threshold 1 (max 15)
[PSYoungGen: 2303K->256K(2560K)] 13501K->11493K(13824K), 0.0010591 secs] [Times: user=0.01 sys=0.00, real=0.01 secs] 
2015-04-14T20:47:24.690-0100: 2735.520: [Full GC (Ergonomics) [PSYoungGen: 256K->0K(2560K)] [ParOldGen: 11237K->8349K(11264K)] 11493K->8349K(13824K), [Metaspace: 17886K->17886K(1064960K)], 0.0188508 secs] [Times: user=0.06 sys=0.00, real=0.01 secs] 
2015-04-14T20:47:24.709-0100: 2735.539: Total time for which application threads were stopped: 0.0202268 seconds, Stopping threads took: 0.0000289 seconds
2015-04-14T20:47:25.694-0100: 2736.523: [GC (Allocation Failure) 
Desired survivor size 524288 bytes, new threshold 1 (max 15)
[PSYoungGen: 2048K->256K(2560K)] 10397K->8605K(13824K), 0.0010606 secs] [Times: user=0.00 sys=0.00, real=0.00 secs] 
2015-04-14T20:47:25.695-0100: 2736.525: Total time for which application threads were stopped: 0.0012532 seconds, Stopping threads took: 0.0000224 seconds
2015-04-14T20:47:26.715-0100: 2737.545: [GC (Allocation Failure) 
Desired survivor size 524288 bytes, new threshold 1 (max 15)
[PSYoungGen: 2304K->256K(2560K)] 10653K->8637K(13824K), 0.0009510 secs] [Times: user=0.00 sys=0.00, real=0.00 secs] 
2015-04-14T20:47:26.716-0100: 2737.546: Total time for which application threads were stopped: 0.0011167 seconds, Stopping threads took: 0.0000182 seconds
2015-04-14T20:47:27.802-0100: 2738.632: [GC (Allocation Failure) 
Desired survivor size 524288 bytes, new threshold 1 (max 15)
[PSYoungGen: 2304K->256K(2560K)] 10685K->8661K(13824K), 0.0010716 secs] [Times: user=0.01 sys=0.00, real=0.00 secs] 
2015-04-14T20:47:27.803-0100: 2738.633: Total time for which application threads were stopped: 0.0012709 seconds, Stopping threads took: 0.0000206 seconds
2015-04-14T20:47:28.840-0100: 2739.670: [GC (Allocation Failure) 
Desired survivor size 524288 bytes, new threshold 1 (max 15)
[PSYoungGen: 2304K->224K(2560K)] 10709K->8653K(13824K), 0.0009446 secs] [Times: user=0.00 sys=0.00, real=0.00 secs] 
2015-04-14T20:47:28.841-0100: 2739.671: Total time for which application threads were stopped: 0.0011402 seconds, Stopping threads took: 0.0000228 seconds
2015-04-14T20:47:29.858-0100: 2740.688: [GC (Allocation Failure) 
Desired survivor size 524288 bytes, new threshold 1 (max 15)
[PSYoungGen: 2272K->256K(2560K)] 10701K->8717K(13824K), 0.0010924 secs] [Times: user=0.00 sys=0.00, real=0.00 secs] 
2015-04-14T20:47:29.859-0100: 2740.689: Total time for which application threads were stopped: 0.0012801 seconds, Stopping threads took: 0.0000225 seconds
2015-04-14T20:47:30.861-0100: 2741.691: [GC (Allocation Failure) 
Desired survivor size 524288 bytes, new threshold 1 (max 15)
[PSYoungGen: 2304K->256K(2560K)] 10765K->8749K(13824K), 0.0011355 secs] [Times: user=0.00 sys=0.00, real=0.00 secs] 
2015-04-14T20:47:30.863-0100: 2741.693: Total time for which application threads were stopped: 0.0013283 seconds, Stopping threads took: 0.0000220 seconds
2015-04-14T20:47:31.862-0100: 2742.692: [GC (Allocation Failure) 
Desired survivor size 524288 bytes, new threshold 1 (max 15)
[PSYoungGen: 2304K->288K(2560K)] 10797K->8805K(13824K), 0.0011129 secs] [Times: user=0.00 sys=0.00, real=0.00 secs] 
2015-04-14T20:47:31.864-0100: 2742.694: Total time for which application threads were stopped: 0.0013225 seconds, Stopping threads took: 0.0000222 seconds
2015-04-14T20:47:32.898-0100: 2743.728: [GC (Allocation Failure) 
Desired survivor size 524288 bytes, new threshold 1 (max 15)
[PSYoungGen: 2336K->288K(2560K)] 10853K->8837K(13824K), 0.0010668 secs] [Times: user=0.00 sys=0.00, real=0.01 secs] 
2015-04-14T20:47:32.900-0100: 2743.730: Total time for which application threads were stopped: 0.0013253 seconds, Stopping threads took: 0.0000639 seconds
2015-04-14T20:47:33.938-0100: 2744.768: [GC (Allocation Failure) 
Desired survivor size 524288 bytes, new threshold 1 (max 15)
[PSYoungGen: 2336K->224K(2560K)] 10885K->8797K(13824K), 0.0010910 secs] [Times: user=0.01 sys=0.00, real=0.00 secs] 
2015-04-14T20:47:33.939-0100: 2744.769: Total time for which application threads were stopped: 0.0012768 seconds, Stopping threads took: 0.0000227 seconds
2015-04-14T20:47:35.041-0100: 2745.871: [GC (Allocation Failure) 
Desired survivor size 524288 bytes, new threshold 1 (max 15)
[PSYoungGen: 2272K->256K(2560K)] 10845K->8853K(13824K), 0.0010815 secs] [Times: user=0.01 sys=0.00, real=0.00 secs] 
2015-04-14T20:47:35.043-0100: 2745.873: Total time for which application threads were stopped: 0.0012864 seconds, Stopping threads took: 0.0000216 seconds
2015-04-14T20:47:36.043-0100: 2746.873: [GC (Allocation Failure) 
Desired survivor size 524288 bytes, new threshold 1 (max 15)
[PSYoungGen: 2304K->256K(2560K)] 10901K->8885K(13824K), 0.0010206 secs] [Times: user=0.01 sys=0.00, real=0.00 secs] 
2015-04-14T20:47:36.044-0100: 2746.874: Total time for which application threads were stopped: 0.0012097 seconds, Stopping threads took: 0.0000204 seconds
2015-04-14T20:47:37.076-0100: 2747.906: [GC (Allocation Failure) 
Desired survivor size 524288 bytes, new threshold 1 (max 15)
[PSYoungGen: 2304K->288K(2560K)] 10933K->8941K(13824K), 0.0008951 secs] [Times: user=0.00 sys=0.00, real=0.00 secs] 
2015-04-14T20:47:37.077-0100: 2747.907: Total time for which application threads were stopped: 0.0010565 seconds, Stopping threads took: 0.0000141 seconds
2015-04-14T20:47:38.083-0100: 2748.913: [GC (Allocation Failure) 
Desired survivor size 524288 bytes, new threshold 1 (max 15)
[PSYoungGen: 2336K->288K(2560K)] 10989K->8981K(13824K), 0.0009681 secs] [Times: user=0.00 sys=0.00, real=0.00 secs] 
2015-04-14T20:47:38.084-0100: 2748.914: Total time for which application threads were stopped: 0.0011415 seconds, Stopping threads took: 0.0000204 seconds
2015-04-14T20:47:39.153-0100: 2749.983: [GC (Allocation Failure) 
Desired survivor size 524288 bytes, new threshold 1 (max 15)
[PSYoungGen: 2336K->256K(2560K)] 11029K->8973K(13824K), 0.0010191 secs] [Times: user=0.00 sys=0.00, real=0.00 secs] 
2015-04-14T20:47:39.154-0100: 2749.984: Total time for which application threads were stopped: 0.0012265 seconds, Stopping threads took: 0.0000217 seconds
2015-04-14T20:47:40.141-0100: 2750.971: [GC (Allocation Failure) 
Desired survivor size 524288 bytes, new threshold 1 (max 15)
[PSYoungGen: 2304K->256K(2560K)] 11021K->8997K(13824K), 0.0009721 secs] [Times: user=0.00 sys=0.00, real=0.00 secs] 
2015-04-14T20:47:40.142-0100: 2750.972: Total time for which application threads were stopped: 0.0011524 seconds, Stopping threads took: 0.0000213 seconds
2015-04-14T20:47:41.059-0100: 2751.889: [GC (Allocation Failure) 
Desired survivor size 524288 bytes, new threshold 1 (max 15)
[PSYoungGen: 2304K->288K(2560K)] 11045K->9053K(13824K), 0.0010512 secs] [Times: user=0.01 sys=0.00, real=0.01 secs] 
2015-04-14T20:47:41.060-0100: 2751.890: Total time for which application threads were stopped: 0.0012675 seconds, Stopping threads took: 0.0000218 seconds
2015-04-14T20:47:41.979-0100: 2752.809: [GC (Allocation Failure) 
Desired survivor size 524288 bytes, new threshold 1 (max 15)
[PSYoungGen: 2336K->256K(2560K)] 11101K->9053K(13824K), 0.0009336 secs] [Times: user=0.01 sys=0.00, real=0.01 secs] 
2015-04-14T20:47:41.980-0100: 2752.810: Total time for which application threads were stopped: 0.0011130 seconds, Stopping threads took: 0.0000192 seconds
2015-04-14T20:47:42.899-0100: 2753.729: [GC (Allocation Failure) 
Desired survivor size 524288 bytes, new threshold 1 (max 15)
[PSYoungGen: 2304K->288K(2560K)] 11101K->9109K(13824K), 0.0010864 secs] [Times: user=0.00 sys=0.00, real=0.01 secs] 
2015-04-14T20:47:42.900-0100: 2753.730: Total time for which application threads were stopped: 0.0012918 seconds, Stopping threads took: 0.0000217 seconds
2015-04-14T20:47:43.801-0100: 2754.631: [GC (Allocation Failure) 
Desired survivor size 524288 bytes, new threshold 1 (max 15)
[PSYoungGen: 2336K->288K(2560K)] 11157K->9133K(13824K), 0.0010015 secs] [Times: user=0.01 sys=0.00, real=0.00 secs] 
2015-04-14T20:47:43.802-0100: 2754.632: Total time for which application threads were stopped: 0.0012081 seconds, Stopping threads took: 0.0000231 seconds
2015-04-14T20:47:44.720-0100: 2755.550: [GC (Allocation Failure) 
Desired survivor size 524288 bytes, new threshold 1 (max 15)
[PSYoungGen: 2336K->256K(2560K)] 11181K->9133K(13824K), 0.0010596 secs] [Times: user=0.00 sys=0.00, real=0.00 secs] 
2015-04-14T20:47:44.721-0100: 2755.551: Total time for which application threads were stopped: 0.0012692 seconds, Stopping threads took: 0.0000239 seconds
2015-04-14T20:47:45.541-0100: 2756.372: [GC (Allocation Failure) 
Desired survivor size 524288 bytes, new threshold 1 (max 15)
[PSYoungGen: 2304K->288K(2560K)] 11181K->9189K(13824K), 0.0010304 secs] [Times: user=0.00 sys=0.00, real=0.00 secs] 
2015-04-14T20:47:45.543-0100: 2756.373: Total time for which application threads were stopped: 0.0012390 seconds, Stopping threads took: 0.0000237 seconds
2015-04-14T20:47:46.444-0100: 2757.274: [GC (Allocation Failure) 
Desired survivor size 524288 bytes, new threshold 1 (max 15)
[PSYoungGen: 2336K->288K(2560K)] 11237K->9221K(13824K), 0.0010642 secs] [Times: user=0.00 sys=0.00, real=0.00 secs] 
2015-04-14T20:47:46.445-0100: 2757.275: Total time for which application threads were stopped: 0.0012592 seconds, Stopping threads took: 0.0000235 seconds
2015-04-14T20:47:47.278-0100: 2758.108: [GC (Allocation Failure) 
Desired survivor size 524288 bytes, new threshold 1 (max 15)
[PSYoungGen: 2336K->224K(2560K)] 11269K->9189K(13824K), 0.0007722 secs] [Times: user=0.00 sys=0.00, real=0.00 secs] 
2015-04-14T20:47:47.279-0100: 2758.109: Total time for which application threads were stopped: 0.0009083 seconds, Stopping threads took: 0.0000145 seconds
2015-04-14T20:47:48.196-0100: 2759.027: [GC (Allocation Failure) 
Desired survivor size 524288 bytes, new threshold 1 (max 15)
[PSYoungGen: 2272K->288K(2560K)] 11237K->9293K(13824K), 0.0011172 secs] [Times: user=0.01 sys=0.00, real=0.00 secs] 
2015-04-14T20:47:48.198-0100: 2759.028: Total time for which application threads were stopped: 0.0013451 seconds, Stopping threads took: 0.0000270 seconds
2015-04-14T20:47:49.101-0100: 2759.931: [GC (Allocation Failure) 
Desired survivor size 524288 bytes, new threshold 1 (max 15)
[PSYoungGen: 2336K->288K(2560K)] 11341K->9325K(13824K), 0.0011139 secs] [Times: user=0.01 sys=0.00, real=0.00 secs] 
2015-04-14T20:47:49.102-0100: 2759.933: Total time for which application threads were stopped: 0.0013015 seconds, Stopping threads took: 0.0000207 seconds
2015-04-14T20:47:50.022-0100: 2760.852: [GC (Allocation Failure) 
Desired survivor size 524288 bytes, new threshold 1 (max 15)
[PSYoungGen: 2336K->256K(2560K)] 11373K->9333K(13824K), 0.0010349 secs] [Times: user=0.01 sys=0.00, real=0.00 secs] 
2015-04-14T20:47:50.023-0100: 2760.854: Total time for which application threads were stopped: 0.0012357 seconds, Stopping threads took: 0.0000221 seconds
2015-04-14T20:47:51.105-0100: 2761.936: [GC (Allocation Failure) 
Desired survivor size 524288 bytes, new threshold 1 (max 15)
[PSYoungGen: 2304K->288K(2560K)] 11381K->9389K(13824K), 0.0011565 secs] [Times: user=0.01 sys=0.00, real=0.00 secs] 
2015-04-14T20:47:51.107-0100: 2761.937: Total time for which application threads were stopped: 0.0013730 seconds, Stopping threads took: 0.0000246 seconds
2015-04-14T20:47:52.109-0100: 2762.939: [GC (Allocation Failure) 
Desired survivor size 524288 bytes, new threshold 1 (max 15)
[PSYoungGen: 2336K->256K(2560K)] 11437K->9389K(13824K), 0.0009953 secs] [Times: user=0.00 sys=0.00, real=0.01 secs] 
2015-04-14T20:47:52.110-0100: 2762.940: Total time for which application threads were stopped: 0.0012330 seconds, Stopping threads took: 0.0000342 seconds
2015-04-14T20:47:53.112-0100: 2763.942: [GC (Allocation Failure) 
Desired survivor size 524288 bytes, new threshold 1 (max 15)
[PSYoungGen: 2304K->256K(2560K)] 11437K->9421K(13824K), 0.0007957 secs] [Times: user=0.00 sys=0.00, real=0.00 secs] 
2015-04-14T20:47:53.112-0100: 2763.943: Total time for which application threads were stopped: 0.0009356 seconds, Stopping threads took: 0.0000174 seconds
2015-04-14T20:47:54.114-0100: 2764.944: [GC (Allocation Failure) 
Desired survivor size 524288 bytes, new threshold 1 (max 15)
[PSYoungGen: 2304K->224K(2560K)] 11469K->9413K(13824K), 0.0011158 secs] [Times: user=0.00 sys=0.00, real=0.00 secs] 
2015-04-14T20:47:54.115-0100: 2764.945: Total time for which application threads were stopped: 0.0013002 seconds, Stopping threads took: 0.0000226 seconds
2015-04-14T20:47:55.121-0100: 2765.952: [GC (Allocation Failure) 
Desired survivor size 524288 bytes, new threshold 1 (max 15)
[PSYoungGen: 2272K->256K(2560K)] 11461K->9477K(13824K), 0.0010311 secs] [Times: user=0.00 sys=0.00, real=0.00 secs] 
2015-04-14T20:47:55.122-0100: 2765.953: Total time for which application threads were stopped: 0.0012272 seconds, Stopping threads took: 0.0000213 seconds
2015-04-14T20:47:56.173-0100: 2767.003: [GC (Allocation Failure) 
Desired survivor size 524288 bytes, new threshold 1 (max 15)
[PSYoungGen: 2304K->288K(2560K)] 11525K->9533K(13824K), 0.0010386 secs] [Times: user=0.00 sys=0.00, real=0.00 secs] 
2015-04-14T20:47:56.174-0100: 2767.004: Total time for which application threads were stopped: 0.0012306 seconds, Stopping threads took: 0.0000237 seconds
2015-04-14T20:47:57.244-0100: 2768.074: [GC (Allocation Failure) 
Desired survivor size 524288 bytes, new threshold 1 (max 15)
[PSYoungGen: 2335K->256K(2560K)] 11580K->9525K(13824K), 0.0010911 secs] [Times: user=0.00 sys=0.00, real=0.00 secs] 
2015-04-14T20:47:57.245-0100: 2768.075: Total time for which application threads were stopped: 0.0012921 seconds, Stopping threads took: 0.0000222 seconds
2015-04-14T20:47:58.278-0100: 2769.108: [GC (Allocation Failure) 
Desired survivor size 524288 bytes, new threshold 1 (max 15)
[PSYoungGen: 2304K->288K(2560K)] 11573K->9581K(13824K), 0.0013423 secs] [Times: user=0.01 sys=0.00, real=0.00 secs] 
2015-04-14T20:47:58.279-0100: 2769.110: Total time for which application threads were stopped: 0.0015501 seconds, Stopping threads took: 0.0000233 seconds
2015-04-14T20:47:59.318-0100: 2770.148: [GC (Allocation Failure) 
Desired survivor size 524288 bytes, new threshold 1 (max 15)
[PSYoungGen: 2336K->256K(2560K)] 11629K->9573K(13824K), 0.0011022 secs] [Times: user=0.01 sys=0.01, real=0.00 secs] 
2015-04-14T20:47:59.319-0100: 2770.149: Total time for which application threads were stopped: 0.0013042 seconds, Stopping threads took: 0.0000244 seconds
2015-04-14T20:48:00.121-0100: 2770.952: [GC (Allocation Failure) 
Desired survivor size 524288 bytes, new threshold 1 (max 15)
[PSYoungGen: 2304K->256K(2560K)] 11621K->9605K(13824K), 0.0010063 secs] [Times: user=0.00 sys=0.00, real=0.00 secs] 
2015-04-14T20:48:00.122-0100: 2770.953: Total time for which application threads were stopped: 0.0012240 seconds, Stopping threads took: 0.0000223 seconds
2015-04-14T20:48:01.070-0100: 2771.901: [GC (Allocation Failure) 
Desired survivor size 524288 bytes, new threshold 1 (max 15)
[PSYoungGen: 2304K->288K(2560K)] 11653K->9661K(13824K), 0.0010067 secs] [Times: user=0.01 sys=0.00, real=0.00 secs] 
2015-04-14T20:48:01.071-0100: 2771.902: Total time for which application threads were stopped: 0.0012109 seconds, Stopping threads took: 0.0000224 seconds
2015-04-14T20:48:02.140-0100: 2772.970: [GC (Allocation Failure) 
Desired survivor size 524288 bytes, new threshold 1 (max 15)
[PSYoungGen: 2336K->160K(2560K)] 11709K->9557K(13824K), 0.0011463 secs] [Times: user=0.01 sys=0.00, real=0.00 secs] 
2015-04-14T20:48:02.141-0100: 2772.972: Total time for which application threads were stopped: 0.0013548 seconds, Stopping threads took: 0.0000263 seconds
2015-04-14T20:48:03.146-0100: 2773.976: [GC (Allocation Failure) 
Desired survivor size 524288 bytes, new threshold 1 (max 15)
[PSYoungGen: 2208K->256K(2560K)] 11605K->9685K(13824K), 0.0010423 secs] [Times: user=0.00 sys=0.01, real=0.00 secs] 
2015-04-14T20:48:03.147-0100: 2773.977: Total time for which application threads were stopped: 0.0012315 seconds, Stopping threads took: 0.0000239 seconds
2015-04-14T20:48:04.199-0100: 2775.030: [GC (Allocation Failure) 
Desired survivor size 524288 bytes, new threshold 1 (max 15)
[PSYoungGen: 2304K->256K(2560K)] 11733K->9717K(13824K), 0.0010719 secs] [Times: user=0.00 sys=0.00, real=0.00 secs] 
2015-04-14T20:48:04.201-0100: 2775.031: Total time for which application threads were stopped: 0.0012649 seconds, Stopping threads took: 0.0000214 seconds
2015-04-14T20:48:05.219-0100: 2776.050: [GC (Allocation Failure) 
Desired survivor size 524288 bytes, new threshold 1 (max 15)
[PSYoungGen: 2304K->288K(2560K)] 11765K->9781K(13824K), 0.0010836 secs] [Times: user=0.00 sys=0.00, real=0.01 secs] 
2015-04-14T20:48:05.221-0100: 2776.051: Total time for which application threads were stopped: 0.0012851 seconds, Stopping threads took: 0.0000235 seconds
2015-04-14T20:48:06.239-0100: 2777.070: [GC (Allocation Failure) 
Desired survivor size 524288 bytes, new threshold 1 (max 15)
[PSYoungGen: 2336K->256K(2560K)] 11829K->9781K(13824K), 0.0010733 secs] [Times: user=0.00 sys=0.00, real=0.01 secs] 
2015-04-14T20:48:06.240-0100: 2777.071: Total time for which application threads were stopped: 0.0012706 seconds, Stopping threads took: 0.0000233 seconds
2015-04-14T20:48:07.355-0100: 2778.185: [GC (Allocation Failure) 
Desired survivor size 524288 bytes, new threshold 1 (max 15)
[PSYoungGen: 2304K->256K(2560K)] 11829K->9805K(13824K), 0.0010031 secs] [Times: user=0.00 sys=0.00, real=0.00 secs] 
2015-04-14T20:48:07.356-0100: 2778.186: Total time for which application threads were stopped: 0.0011890 seconds, Stopping threads took: 0.0000214 seconds
2015-04-14T20:48:08.362-0100: 2779.193: [GC (Allocation Failure) 
Desired survivor size 524288 bytes, new threshold 1 (max 15)
[PSYoungGen: 2304K->256K(2560K)] 11853K->9837K(13824K), 0.0010800 secs] [Times: user=0.00 sys=0.00, real=0.00 secs] 
2015-04-14T20:48:08.363-0100: 2779.194: Total time for which application threads were stopped: 0.0012767 seconds, Stopping threads took: 0.0000213 seconds
2015-04-14T20:48:09.349-0100: 2780.180: [GC (Allocation Failure) 
Desired survivor size 524288 bytes, new threshold 1 (max 15)
[PSYoungGen: 2304K->256K(2560K)] 11885K->9869K(13824K), 0.0010157 secs] [Times: user=0.01 sys=0.00, real=0.01 secs] 
2015-04-14T20:48:09.350-0100: 2780.181: Total time for which application threads were stopped: 0.0012187 seconds, Stopping threads took: 0.0000236 seconds
2015-04-14T20:48:10.352-0100: 2781.182: [GC (Allocation Failure) 
Desired survivor size 524288 bytes, new threshold 1 (max 15)
[PSYoungGen: 2304K->288K(2560K)] 11917K->9941K(13824K), 0.0010146 secs] [Times: user=0.01 sys=0.00, real=0.00 secs] 
2015-04-14T20:48:10.353-0100: 2781.184: Total time for which application threads were stopped: 0.0012030 seconds, Stopping threads took: 0.0000212 seconds
2015-04-14T20:48:11.386-0100: 2782.216: [GC (Allocation Failure) 
Desired survivor size 524288 bytes, new threshold 1 (max 15)
[PSYoungGen: 2336K->256K(2560K)] 11989K->9941K(13824K), 0.0011050 secs] [Times: user=0.00 sys=0.00, real=0.00 secs] 
2015-04-14T20:48:11.387-0100: 2782.217: Total time for which application threads were stopped: 0.0013279 seconds, Stopping threads took: 0.0000266 seconds
2015-04-14T20:48:12.392-0100: 2783.223: [GC (Allocation Failure) 
Desired survivor size 524288 bytes, new threshold 1 (max 15)
[PSYoungGen: 2304K->256K(2560K)] 11989K->9981K(13824K), 0.0010226 secs] [Times: user=0.00 sys=0.00, real=0.00 secs] 
2015-04-14T20:48:12.393-0100: 2783.224: Total time for which application threads were stopped: 0.0012149 seconds, Stopping threads took: 0.0000222 seconds
2015-04-14T20:48:13.495-0100: 2784.326: [GC (Allocation Failure) 
Desired survivor size 524288 bytes, new threshold 1 (max 15)
[PSYoungGen: 2304K->256K(2560K)] 12029K->10013K(13824K), 0.0010803 secs] [Times: user=0.01 sys=0.00, real=0.00 secs] 
2015-04-14T20:48:13.496-0100: 2784.327: Total time for which application threads were stopped: 0.0012732 seconds, Stopping threads took: 0.0000215 seconds
2015-04-14T20:48:14.546-0100: 2785.376: [GC (Allocation Failure) 
Desired survivor size 524288 bytes, new threshold 1 (max 15)
[PSYoungGen: 2304K->160K(2560K)] 12061K->9933K(13824K), 0.0010288 secs] [Times: user=0.00 sys=0.00, real=0.00 secs] 
2015-04-14T20:48:14.547-0100: 2785.377: Total time for which application threads were stopped: 0.0012258 seconds, Stopping threads took: 0.0000267 seconds
2015-04-14T20:48:15.585-0100: 2786.415: [GC (Allocation Failure) 
Desired survivor size 524288 bytes, new threshold 1 (max 15)
[PSYoungGen: 2208K->256K(2560K)] 11981K->10061K(13824K), 0.0010947 secs] [Times: user=0.00 sys=0.00, real=0.00 secs] 
2015-04-14T20:48:15.586-0100: 2786.416: Total time for which application threads were stopped: 0.0012908 seconds, Stopping threads took: 0.0000223 seconds
2015-04-14T20:48:16.638-0100: 2787.469: [GC (Allocation Failure) 
Desired survivor size 524288 bytes, new threshold 1 (max 15)
[PSYoungGen: 2304K->288K(2560K)] 12109K->10125K(13824K), 0.0009809 secs] [Times: user=0.00 sys=0.00, real=0.00 secs] 
2015-04-14T20:48:16.639-0100: 2787.470: Total time for which application threads were stopped: 0.0011741 seconds, Stopping threads took: 0.0000212 seconds
2015-04-14T20:48:17.739-0100: 2788.570: [GC (Allocation Failure) 
Desired survivor size 524288 bytes, new threshold 1 (max 15)
[PSYoungGen: 2336K->160K(2560K)] 12173K->10013K(13824K), 0.0010608 secs] [Times: user=0.01 sys=0.00, real=0.01 secs] 
2015-04-14T20:48:17.740-0100: 2788.571: Total time for which application threads were stopped: 0.0012649 seconds, Stopping threads took: 0.0000240 seconds
2015-04-14T20:48:18.777-0100: 2789.608: [GC (Allocation Failure) 
Desired survivor size 524288 bytes, new threshold 1 (max 15)
[PSYoungGen: 2208K->288K(2560K)] 12061K->10181K(13824K), 0.0010797 secs] [Times: user=0.01 sys=0.00, real=0.00 secs] 
2015-04-14T20:48:18.778-0100: 2789.609: Total time for which application threads were stopped: 0.0012710 seconds, Stopping threads took: 0.0000222 seconds
2015-04-14T20:48:19.848-0100: 2790.679: [GC (Allocation Failure) 
Desired survivor size 524288 bytes, new threshold 1 (max 15)
[PSYoungGen: 2336K->288K(2560K)] 12229K->10205K(13824K), 0.0010713 secs] [Times: user=0.01 sys=0.00, real=0.01 secs] 
2015-04-14T20:48:19.850-0100: 2790.680: Total time for which application threads were stopped: 0.0012651 seconds, Stopping threads took: 0.0000213 seconds
2015-04-14T20:48:20.851-0100: 2791.682: [GC (Allocation Failure) 
Desired survivor size 524288 bytes, new threshold 1 (max 15)
[PSYoungGen: 2336K->288K(2560K)] 12253K->10229K(13824K), 0.0009290 secs] [Times: user=0.00 sys=0.00, real=0.00 secs] 
2015-04-14T20:48:20.852-0100: 2791.683: Total time for which application threads were stopped: 0.0011006 seconds, Stopping threads took: 0.0000205 seconds
2015-04-14T20:48:21.885-0100: 2792.715: [GC (Allocation Failure) 
Desired survivor size 524288 bytes, new threshold 1 (max 15)
[PSYoungGen: 2336K->256K(2560K)] 12277K->10221K(13824K), 0.0011173 secs] [Times: user=0.00 sys=0.00, real=0.00 secs] 
2015-04-14T20:48:21.886-0100: 2792.717: Total time for which application threads were stopped: 0.0013367 seconds, Stopping threads took: 0.0000277 seconds
2015-04-14T20:48:22.908-0100: 2793.739: [GC (Allocation Failure) 
Desired survivor size 524288 bytes, new threshold 1 (max 15)
[PSYoungGen: 2304K->288K(2560K)] 12269K->10285K(13824K), 0.0010336 secs] [Times: user=0.00 sys=0.00, real=0.00 secs] 
2015-04-14T20:48:22.909-0100: 2793.740: Total time for which application threads were stopped: 0.0012265 seconds, Stopping threads took: 0.0000226 seconds
2015-04-14T20:48:23.961-0100: 2794.792: [GC (Allocation Failure) 
Desired survivor size 524288 bytes, new threshold 1 (max 15)
[PSYoungGen: 2335K->288K(2560K)] 12332K->10309K(13824K), 0.0010443 secs] [Times: user=0.00 sys=0.00, real=0.00 secs] 
2015-04-14T20:48:23.962-0100: 2794.793: Total time for which application threads were stopped: 0.0012415 seconds, Stopping threads took: 0.0000218 seconds
2015-04-14T20:48:24.979-0100: 2795.810: [GC (Allocation Failure) 
Desired survivor size 524288 bytes, new threshold 1 (max 15)
[PSYoungGen: 2336K->256K(2560K)] 12357K->10301K(13824K), 0.0010647 secs] [Times: user=0.00 sys=0.00, real=0.01 secs] 
2015-04-14T20:48:24.980-0100: 2795.811: Total time for which application threads were stopped: 0.0012675 seconds, Stopping threads took: 0.0000248 seconds
2015-04-14T20:48:25.951-0100: 2796.782: [GC (Allocation Failure) 
Desired survivor size 524288 bytes, new threshold 1 (max 15)
[PSYoungGen: 2304K->256K(2560K)] 12349K->10325K(13824K), 0.0010762 secs] [Times: user=0.00 sys=0.00, real=0.00 secs] 
2015-04-14T20:48:25.952-0100: 2796.783: Total time for which application threads were stopped: 0.0012769 seconds, Stopping threads took: 0.0000233 seconds
2015-04-14T20:48:26.952-0100: 2797.783: [GC (Allocation Failure) 
Desired survivor size 524288 bytes, new threshold 1 (max 15)
[PSYoungGen: 2304K->256K(2560K)] 12373K->10357K(13824K), 0.0010475 secs] [Times: user=0.00 sys=0.00, real=0.00 secs] 
2015-04-14T20:48:26.954-0100: 2797.784: Total time for which application threads were stopped: 0.0012410 seconds, Stopping threads took: 0.0000220 seconds
2015-04-14T20:48:27.974-0100: 2798.805: [GC (Allocation Failure) 
Desired survivor size 524288 bytes, new threshold 1 (max 15)
[PSYoungGen: 2304K->256K(2560K)] 12405K->10389K(13824K), 0.0010364 secs] [Times: user=0.00 sys=0.00, real=0.00 secs] 
2015-04-14T20:48:27.975-0100: 2798.806: Total time for which application threads were stopped: 0.0012242 seconds, Stopping threads took: 0.0000216 seconds
2015-04-14T20:48:29.040-0100: 2799.871: [GC (Allocation Failure) 
Desired survivor size 524288 bytes, new threshold 1 (max 15)
[PSYoungGen: 2304K->256K(2560K)] 12437K->10421K(13824K), 0.0011506 secs] [Times: user=0.00 sys=0.00, real=0.00 secs] 
2015-04-14T20:48:29.041-0100: 2799.872: Total time for which application threads were stopped: 0.0013504 seconds, Stopping threads took: 0.0000248 seconds
2015-04-14T20:48:30.014-0100: 2800.845: [GC (Allocation Failure) 
Desired survivor size 524288 bytes, new threshold 1 (max 15)
[PSYoungGen: 2304K->288K(2560K)] 12469K->10485K(13824K), 0.0010033 secs] [Times: user=0.01 sys=0.00, real=0.00 secs] 
2015-04-14T20:48:30.015-0100: 2800.846: Total time for which application threads were stopped: 0.0011953 seconds, Stopping threads took: 0.0000223 seconds
2015-04-14T20:48:31.082-0100: 2801.913: [GC (Allocation Failure) 
Desired survivor size 524288 bytes, new threshold 1 (max 15)
[PSYoungGen: 2336K->256K(2560K)] 12533K->10485K(13824K), 0.0010768 secs] [Times: user=0.00 sys=0.00, real=0.00 secs] 
2015-04-14T20:48:31.083-0100: 2801.914: Total time for which application threads were stopped: 0.0012694 seconds, Stopping threads took: 0.0000210 seconds
2015-04-14T20:48:32.102-0100: 2802.933: [GC (Allocation Failure) 
Desired survivor size 524288 bytes, new threshold 1 (max 15)
[PSYoungGen: 2304K->256K(2560K)] 12533K->10517K(13824K), 0.0010032 secs] [Times: user=0.00 sys=0.00, real=0.00 secs] 
2015-04-14T20:48:32.103-0100: 2802.934: Total time for which application threads were stopped: 0.0012162 seconds, Stopping threads took: 0.0000223 seconds
2015-04-14T20:48:33.121-0100: 2803.952: [GC (Allocation Failure) 
Desired survivor size 524288 bytes, new threshold 1 (max 15)
[PSYoungGen: 2304K->256K(2560K)] 12565K->10541K(13824K), 0.0010335 secs] [Times: user=0.00 sys=0.00, real=0.00 secs] 
2015-04-14T20:48:33.122-0100: 2803.953: Total time for which application threads were stopped: 0.0012235 seconds, Stopping threads took: 0.0000229 seconds
2015-04-14T20:48:34.160-0100: 2804.991: [GC (Allocation Failure) 
Desired survivor size 524288 bytes, new threshold 1 (max 15)
[PSYoungGen: 2304K->288K(2560K)] 12589K->10605K(13824K), 0.0010467 secs] [Times: user=0.00 sys=0.00, real=0.00 secs] 
2015-04-14T20:48:34.162-0100: 2804.993: Total time for which application threads were stopped: 0.0012384 seconds, Stopping threads took: 0.0000217 seconds
2015-04-14T20:48:35.212-0100: 2806.043: [GC (Allocation Failure) 
Desired survivor size 524288 bytes, new threshold 1 (max 15)
[PSYoungGen: 2336K->256K(2560K)] 12653K->10589K(13824K), 0.0009913 secs] [Times: user=0.01 sys=0.00, real=0.00 secs] 
2015-04-14T20:48:35.213-0100: 2806.044: Total time for which application threads were stopped: 0.0011833 seconds, Stopping threads took: 0.0000211 seconds
2015-04-14T20:48:36.247-0100: 2807.078: [GC (Allocation Failure) 
Desired survivor size 524288 bytes, new threshold 1 (max 15)
[PSYoungGen: 2304K->256K(2560K)] 12637K->10613K(13824K), 0.0010942 secs] [Times: user=0.00 sys=0.00, real=0.00 secs] 
2015-04-14T20:48:36.248-0100: 2807.079: Total time for which application threads were stopped: 0.0013054 seconds, Stopping threads took: 0.0000292 seconds
2015-04-14T20:48:37.234-0100: 2808.066: [GC (Allocation Failure) 
Desired survivor size 524288 bytes, new threshold 1 (max 15)
[PSYoungGen: 2304K->288K(2560K)] 12661K->10669K(13824K), 0.0009138 secs] [Times: user=0.00 sys=0.00, real=0.00 secs] 
2015-04-14T20:48:37.235-0100: 2808.066: Total time for which application threads were stopped: 0.0010753 seconds, Stopping threads took: 0.0000183 seconds
2015-04-14T20:48:38.270-0100: 2809.102: [GC (Allocation Failure) 
Desired survivor size 524288 bytes, new threshold 1 (max 15)
[PSYoungGen: 2336K->256K(2560K)] 12717K->10661K(13824K), 0.0009413 secs] [Times: user=0.00 sys=0.00, real=0.00 secs] 
2015-04-14T20:48:38.271-0100: 2809.103: Total time for which application threads were stopped: 0.0011039 seconds, Stopping threads took: 0.0000158 seconds
2015-04-14T20:48:39.292-0100: 2810.124: [GC (Allocation Failure) 
Desired survivor size 524288 bytes, new threshold 1 (max 15)
[PSYoungGen: 2304K->224K(2560K)] 12709K->10661K(13824K), 0.0010258 secs] [Times: user=0.00 sys=0.00, real=0.00 secs] 
2015-04-14T20:48:39.294-0100: 2810.125: Total time for which application threads were stopped: 0.0012180 seconds, Stopping threads took: 0.0000215 seconds
2015-04-14T20:48:40.309-0100: 2811.140: [GC (Allocation Failure) 
Desired survivor size 524288 bytes, new threshold 1 (max 15)
[PSYoungGen: 2272K->256K(2560K)] 12709K->10717K(13824K), 0.0009543 secs] [Times: user=0.01 sys=0.00, real=0.01 secs] 
2015-04-14T20:48:40.310-0100: 2811.141: Total time for which application threads were stopped: 0.0011486 seconds, Stopping threads took: 0.0000253 seconds
2015-04-14T20:48:41.229-0100: 2812.060: [GC (Allocation Failure) 
Desired survivor size 524288 bytes, new threshold 1 (max 15)
[PSYoungGen: 2304K->256K(2560K)] 12765K->10741K(13824K), 0.0010811 secs] [Times: user=0.01 sys=0.00, real=0.01 secs] 
2015-04-14T20:48:41.231-0100: 2812.062: Total time for which application threads were stopped: 0.0012706 seconds, Stopping threads took: 0.0000207 seconds
2015-04-14T20:48:42.135-0100: 2812.966: [GC (Allocation Failure) 
Desired survivor size 524288 bytes, new threshold 1 (max 15)
[PSYoungGen: 2304K->256K(2560K)] 12789K->10781K(13824K), 0.0010863 secs] [Times: user=0.00 sys=0.00, real=0.00 secs] 
2015-04-14T20:48:42.136-0100: 2812.968: Total time for which application threads were stopped: 0.0013091 seconds, Stopping threads took: 0.0000228 seconds
2015-04-14T20:48:43.020-0100: 2813.851: [GC (Allocation Failure) 
Desired survivor size 524288 bytes, new threshold 1 (max 15)
[PSYoungGen: 2304K->256K(2560K)] 12829K->10821K(13824K), 0.0010210 secs] [Times: user=0.00 sys=0.00, real=0.00 secs] 
2015-04-14T20:48:43.021-0100: 2813.852: Total time for which application threads were stopped: 0.0012077 seconds, Stopping threads took: 0.0000200 seconds
2015-04-14T20:48:43.841-0100: 2814.672: [GC (Allocation Failure) 
Desired survivor size 524288 bytes, new threshold 1 (max 15)
[PSYoungGen: 2304K->288K(2560K)] 12869K->10885K(13824K), 0.0009639 secs] [Times: user=0.00 sys=0.00, real=0.00 secs] 
2015-04-14T20:48:43.842-0100: 2814.673: Total time for which application threads were stopped: 0.0011457 seconds, Stopping threads took: 0.0000221 seconds
2015-04-14T20:48:44.708-0100: 2815.539: [GC (Allocation Failure) 
Desired survivor size 524288 bytes, new threshold 1 (max 15)
[PSYoungGen: 2336K->288K(2560K)] 12933K->10917K(13824K), 0.0011202 secs] [Times: user=0.00 sys=0.00, real=0.00 secs] 
2015-04-14T20:48:44.709-0100: 2815.540: Total time for which application threads were stopped: 0.0013180 seconds, Stopping threads took: 0.0000222 seconds
2015-04-14T20:48:45.561-0100: 2816.392: [GC (Allocation Failure) 
Desired survivor size 524288 bytes, new threshold 1 (max 15)
[PSYoungGen: 2336K->288K(2560K)] 12965K->10957K(13824K), 0.0011019 secs] [Times: user=0.00 sys=0.00, real=0.00 secs] 
2015-04-14T20:48:45.562-0100: 2816.393: Total time for which application threads were stopped: 0.0013132 seconds, Stopping threads took: 0.0000238 seconds
2015-04-14T20:48:46.429-0100: 2817.260: [GC (Allocation Failure) 
Desired survivor size 524288 bytes, new threshold 1 (max 15)
[PSYoungGen: 2336K->256K(2560K)] 13005K->10965K(13824K), 0.0010252 secs] [Times: user=0.01 sys=0.00, real=0.01 secs] 
2015-04-14T20:48:46.430-0100: 2817.261: Total time for which application threads were stopped: 0.0012116 seconds, Stopping threads took: 0.0000217 seconds
2015-04-14T20:48:47.302-0100: 2818.133: [GC (Allocation Failure) 
Desired survivor size 524288 bytes, new threshold 1 (max 15)
[PSYoungGen: 2304K->256K(2560K)] 13013K->11005K(13824K), 0.0010271 secs] [Times: user=0.00 sys=0.00, real=0.00 secs] 
2015-04-14T20:48:47.303-0100: 2818.134: Total time for which application threads were stopped: 0.0012311 seconds, Stopping threads took: 0.0000215 seconds
2015-04-14T20:48:48.188-0100: 2819.019: [GC (Allocation Failure) 
Desired survivor size 524288 bytes, new threshold 1 (max 15)
[PSYoungGen: 2304K->288K(2560K)] 13053K->11069K(13824K), 0.0011161 secs] [Times: user=0.00 sys=0.00, real=0.00 secs] 
2015-04-14T20:48:48.189-0100: 2819.020: Total time for which application threads were stopped: 0.0013276 seconds, Stopping threads took: 0.0000224 seconds
2015-04-14T20:48:49.121-0100: 2819.952: [GC (Allocation Failure) 
Desired survivor size 524288 bytes, new threshold 1 (max 15)
[PSYoungGen: 2336K->288K(2560K)] 13117K->11101K(13824K), 0.0011082 secs] [Times: user=0.00 sys=0.00, real=0.00 secs] 
2015-04-14T20:48:49.122-0100: 2819.953: Total time for which application threads were stopped: 0.0013035 seconds, Stopping threads took: 0.0000219 seconds
2015-04-14T20:48:50.009-0100: 2820.841: [GC (Allocation Failure) 
Desired survivor size 524288 bytes, new threshold 1 (max 15)
[PSYoungGen: 2336K->256K(2560K)] 13149K->11101K(13824K), 0.0011006 secs] [Times: user=0.00 sys=0.00, real=0.01 secs] 
2015-04-14T20:48:50.011-0100: 2820.842: Total time for which application threads were stopped: 0.0012975 seconds, Stopping threads took: 0.0000235 seconds
2015-04-14T20:48:51.009-0100: 2821.840: [GC (Allocation Failure) 
Desired survivor size 524288 bytes, new threshold 1 (max 15)
[PSYoungGen: 2304K->288K(2560K)] 13149K->11157K(13824K), 0.0010594 secs] [Times: user=0.00 sys=0.00, real=0.01 secs] 
2015-04-14T20:48:51.010-0100: 2821.841: Total time for which application threads were stopped: 0.0012704 seconds, Stopping threads took: 0.0000323 seconds
2015-04-14T20:48:52.016-0100: 2822.847: [GC (Allocation Failure) 
Desired survivor size 524288 bytes, new threshold 1 (max 15)
[PSYoungGen: 2336K->224K(2560K)] 13205K->11117K(13824K), 0.0009811 secs] [Times: user=0.00 sys=0.00, real=0.00 secs] 
2015-04-14T20:48:52.017-0100: 2822.849: Total time for which application threads were stopped: 0.0011740 seconds, Stopping threads took: 0.0000180 seconds
2015-04-14T20:48:53.051-0100: 2823.883: [GC (Allocation Failure) 
Desired survivor size 524288 bytes, new threshold 1 (max 15)
[PSYoungGen: 2272K->256K(2560K)] 13165K->11173K(13824K), 0.0010541 secs] [Times: user=0.00 sys=0.00, real=0.00 secs] 
2015-04-14T20:48:53.053-0100: 2823.884: Total time for which application threads were stopped: 0.0012736 seconds, Stopping threads took: 0.0000216 seconds
2015-04-14T20:48:54.053-0100: 2824.885: [GC (Allocation Failure) 
Desired survivor size 524288 bytes, new threshold 1 (max 15)
[PSYoungGen: 2304K->256K(2560K)] 13221K->11205K(13824K), 0.0011127 secs] [Times: user=0.00 sys=0.00, real=0.00 secs] 
2015-04-14T20:48:54.054-0100: 2824.886: Total time for which application threads were stopped: 0.0013226 seconds, Stopping threads took: 0.0000251 seconds
2015-04-14T20:48:55.077-0100: 2825.908: [GC (Allocation Failure) 
Desired survivor size 524288 bytes, new threshold 1 (max 15)
[PSYoungGen: 2304K->256K(2560K)] 13253K->11237K(13824K), 0.0009401 secs] [Times: user=0.00 sys=0.00, real=0.00 secs] 
2015-04-14T20:48:55.078-0100: 2825.909: Total time for which application threads were stopped: 0.0010955 seconds, Stopping threads took: 0.0000184 seconds
2015-04-14T20:48:56.094-0100: 2826.926: [GC (Allocation Failure) 
Desired survivor size 524288 bytes, new threshold 1 (max 15)
[PSYoungGen: 2304K->288K(2560K)] 13285K->11293K(13824K), 0.0009984 secs] [Times: user=0.00 sys=0.00, real=0.00 secs] 
2015-04-14T20:48:56.096-0100: 2826.927: Total time for which application threads were stopped: 0.0011805 seconds, Stopping threads took: 0.0000234 seconds
2015-04-14T20:48:57.129-0100: 2827.960: [GC (Allocation Failure) 
Desired survivor size 524288 bytes, new threshold 1 (max 15)
[PSYoungGen: 2336K->256K(2560K)] 13341K->11285K(13824K), 0.0010873 secs] [Times: user=0.01 sys=0.00, real=0.01 secs] 
2015-04-14T20:48:57.130-0100: 2827.961: Total time for which application threads were stopped: 0.0012918 seconds, Stopping threads took: 0.0000276 seconds
2015-04-14T20:48:58.134-0100: 2828.965: [GC (Allocation Failure) 
Desired survivor size 524288 bytes, new threshold 1 (max 15)
[PSYoungGen: 2304K->256K(2560K)] 13333K->11309K(13824K), 0.0010227 secs] [Times: user=0.00 sys=0.00, real=0.00 secs] 
2015-04-14T20:48:58.135-0100: 2828.966: Total time for which application threads were stopped: 0.0012130 seconds, Stopping threads took: 0.0000223 seconds
2015-04-14T20:48:59.154-0100: 2829.985: [GC (Allocation Failure) 
Desired survivor size 524288 bytes, new threshold 1 (max 15)
[PSYoungGen: 2304K->288K(2560K)] 13357K->11373K(13824K), 0.0010196 secs] [Times: user=0.01 sys=0.00, real=0.00 secs] 
2015-04-14T20:48:59.155-0100: 2829.986: Total time for which application threads were stopped: 0.0012006 seconds, Stopping threads took: 0.0000216 seconds
2015-04-14T20:49:00.056-0100: 2830.888: [GC (Allocation Failure) 
Desired survivor size 524288 bytes, new threshold 1 (max 15)
[PSYoungGen: 2336K->288K(2560K)] 13421K->11405K(13824K), 0.0010711 secs] [Times: user=0.00 sys=0.00, real=0.00 secs] 
2015-04-14T20:49:00.057-0100: 2830.889: Total time for which application threads were stopped: 0.0012790 seconds, Stopping threads took: 0.0000233 seconds
2015-04-14T20:49:00.910-0100: 2831.742: [GC (Allocation Failure) 
Desired survivor size 524288 bytes, new threshold 1 (max 15)
[PSYoungGen: 2336K->288K(2560K)] 13453K->11437K(13824K), 0.0010853 secs] [Times: user=0.00 sys=0.01, real=0.00 secs] 
2015-04-14T20:49:00.912-0100: 2831.743: Total time for which application threads were stopped: 0.0012846 seconds, Stopping threads took: 0.0000225 seconds
2015-04-14T20:49:01.994-0100: 2832.826: [GC (Allocation Failure) 
Desired survivor size 524288 bytes, new threshold 1 (max 15)
[PSYoungGen: 2336K->288K(2560K)] 13485K->11469K(13824K), 0.0009820 secs] [Times: user=0.00 sys=0.00, real=0.00 secs] 
2015-04-14T20:49:01.995-0100: 2832.827: Total time for which application threads were stopped: 0.0011688 seconds, Stopping threads took: 0.0000213 seconds
2015-04-14T20:49:03.034-0100: 2833.865: [GC (Allocation Failure) 
Desired survivor size 524288 bytes, new threshold 1 (max 15)
[PSYoungGen: 2336K->256K(2560K)] 13517K->11469K(13824K), 0.0010602 secs] [Times: user=0.00 sys=0.00, real=0.00 secs] 
2015-04-14T20:49:03.035-0100: 2833.866: Total time for which application threads were stopped: 0.0012459 seconds, Stopping threads took: 0.0000220 seconds
2015-04-14T20:49:04.053-0100: 2834.884: [GC (Allocation Failure) 
Desired survivor size 524288 bytes, new threshold 1 (max 15)
[PSYoungGen: 2304K->288K(2560K)] 13517K->11541K(13824K), 0.0009302 secs] [Times: user=0.01 sys=0.00, real=0.00 secs] 
2015-04-14T20:49:04.054-0100: 2834.885: [Full GC (Ergonomics) [PSYoungGen: 288K->0K(2560K)] [ParOldGen: 11253K->8351K(11264K)] 11541K->8351K(13824K), [Metaspace: 17886K->17886K(1064960K)], 0.0179416 secs] [Times: user=0.05 sys=0.00, real=0.02 secs] 
2015-04-14T20:49:04.072-0100: 2834.903: Total time for which application threads were stopped: 0.0191610 seconds, Stopping threads took: 0.0000199 seconds
2015-04-14T20:49:05.071-0100: 2835.903: [GC (Allocation Failure) 
Desired survivor size 524288 bytes, new threshold 1 (max 15)
[PSYoungGen: 2048K->288K(2560K)] 10399K->8639K(13824K), 0.0010010 secs] [Times: user=0.00 sys=0.00, real=0.00 secs] 
2015-04-14T20:49:05.072-0100: 2835.904: Total time for which application threads were stopped: 0.0012640 seconds, Stopping threads took: 0.0000376 seconds
2015-04-14T20:49:06.060-0100: 2836.892: [GC (Allocation Failure) 
Desired survivor size 524288 bytes, new threshold 1 (max 15)
[PSYoungGen: 2336K->288K(2560K)] 10687K->8679K(13824K), 0.0011127 secs] [Times: user=0.00 sys=0.00, real=0.00 secs] 
2015-04-14T20:49:06.061-0100: 2836.893: Total time for which application threads were stopped: 0.0013066 seconds, Stopping threads took: 0.0000215 seconds
2015-04-14T20:49:07.097-0100: 2837.928: [GC (Allocation Failure) 
Desired survivor size 524288 bytes, new threshold 1 (max 15)
[PSYoungGen: 2336K->288K(2560K)] 10727K->8711K(13824K), 0.0010664 secs] [Times: user=0.01 sys=0.00, real=0.00 secs] 
2015-04-14T20:49:07.098-0100: 2837.929: Total time for which application threads were stopped: 0.0012453 seconds, Stopping threads took: 0.0000194 seconds
2015-04-14T20:49:08.133-0100: 2838.964: [GC (Allocation Failure) 
Desired survivor size 524288 bytes, new threshold 1 (max 15)
[PSYoungGen: 2336K->288K(2560K)] 10759K->8727K(13824K), 0.0009910 secs] [Times: user=0.01 sys=0.00, real=0.00 secs] 
2015-04-14T20:49:08.134-0100: 2838.965: Total time for which application threads were stopped: 0.0011910 seconds, Stopping threads took: 0.0000223 seconds
2015-04-14T20:49:09.166-0100: 2839.997: [GC (Allocation Failure) 
Desired survivor size 524288 bytes, new threshold 1 (max 15)
[PSYoungGen: 2336K->256K(2560K)] 10775K->8719K(13824K), 0.0010668 secs] [Times: user=0.01 sys=0.00, real=0.00 secs] 
2015-04-14T20:49:09.167-0100: 2839.999: Total time for which application threads were stopped: 0.0012888 seconds, Stopping threads took: 0.0000258 seconds
2015-04-14T20:49:10.190-0100: 2841.022: [GC (Allocation Failure) 
Desired survivor size 524288 bytes, new threshold 1 (max 15)
[PSYoungGen: 2304K->256K(2560K)] 10767K->8751K(13824K), 0.0010577 secs] [Times: user=0.01 sys=0.00, real=0.00 secs] 
2015-04-14T20:49:10.191-0100: 2841.023: Total time for which application threads were stopped: 0.0012541 seconds, Stopping threads took: 0.0000213 seconds
2015-04-14T20:49:11.260-0100: 2842.091: [GC (Allocation Failure) 
Desired survivor size 524288 bytes, new threshold 1 (max 15)
[PSYoungGen: 2304K->288K(2560K)] 10799K->8815K(13824K), 0.0010565 secs] [Times: user=0.00 sys=0.00, real=0.00 secs] 
2015-04-14T20:49:11.261-0100: 2842.092: Total time for which application threads were stopped: 0.0012620 seconds, Stopping threads took: 0.0000199 seconds
2015-04-14T20:49:12.280-0100: 2843.111: [GC (Allocation Failure) 
Desired survivor size 524288 bytes, new threshold 1 (max 15)
[PSYoungGen: 2336K->256K(2560K)] 10863K->8807K(13824K), 0.0011199 secs] [Times: user=0.00 sys=0.00, real=0.00 secs] 
2015-04-14T20:49:12.281-0100: 2843.112: Total time for which application threads were stopped: 0.0013052 seconds, Stopping threads took: 0.0000211 seconds
2015-04-14T20:49:13.296-0100: 2844.128: [GC (Allocation Failure) 
Desired survivor size 524288 bytes, new threshold 1 (max 15)
[PSYoungGen: 2304K->256K(2560K)] 10855K->8831K(13824K), 0.0011182 secs] [Times: user=0.01 sys=0.00, real=0.00 secs] 
2015-04-14T20:49:13.297-0100: 2844.129: Total time for which application threads were stopped: 0.0013460 seconds, Stopping threads took: 0.0000239 seconds
2015-04-14T20:49:14.285-0100: 2845.117: [GC (Allocation Failure) 
Desired survivor size 524288 bytes, new threshold 1 (max 15)
[PSYoungGen: 2304K->288K(2560K)] 10879K->8903K(13824K), 0.0010740 secs] [Times: user=0.00 sys=0.00, real=0.00 secs] 
2015-04-14T20:49:14.286-0100: 2845.118: Total time for which application threads were stopped: 0.0012572 seconds, Stopping threads took: 0.0000225 seconds
2015-04-14T20:49:15.290-0100: 2846.121: [GC (Allocation Failure) 
Desired survivor size 524288 bytes, new threshold 1 (max 15)
[PSYoungGen: 2336K->288K(2560K)] 10951K->8935K(13824K), 0.0011254 secs] [Times: user=0.00 sys=0.00, real=0.00 secs] 
2015-04-14T20:49:15.291-0100: 2846.122: Total time for which application threads were stopped: 0.0013200 seconds, Stopping threads took: 0.0000225 seconds
2015-04-14T20:49:16.309-0100: 2847.141: [GC (Allocation Failure) 
Desired survivor size 524288 bytes, new threshold 1 (max 15)
[PSYoungGen: 2336K->256K(2560K)] 10983K->8935K(13824K), 0.0010443 secs] [Times: user=0.00 sys=0.00, real=0.01 secs] 
2015-04-14T20:49:16.310-0100: 2847.142: Total time for which application threads were stopped: 0.0012355 seconds, Stopping threads took: 0.0000205 seconds
2015-04-14T20:49:17.311-0100: 2848.143: [GC (Allocation Failure) 
Desired survivor size 524288 bytes, new threshold 1 (max 15)
[PSYoungGen: 2304K->256K(2560K)] 10983K->8967K(13824K), 0.0010682 secs] [Times: user=0.00 sys=0.00, real=0.00 secs] 
2015-04-14T20:49:17.312-0100: 2848.144: Total time for which application threads were stopped: 0.0012578 seconds, Stopping threads took: 0.0000225 seconds
2015-04-14T20:49:18.312-0100: 2849.144: [GC (Allocation Failure) 
Desired survivor size 524288 bytes, new threshold 1 (max 15)
[PSYoungGen: 2304K->256K(2560K)] 11015K->8999K(13824K), 0.0010830 secs] [Times: user=0.00 sys=0.00, real=0.00 secs] 
2015-04-14T20:49:18.313-0100: 2849.145: Total time for which application threads were stopped: 0.0012980 seconds, Stopping threads took: 0.0000321 seconds
2015-04-14T20:49:19.319-0100: 2850.151: [GC (Allocation Failure) 
Desired survivor size 524288 bytes, new threshold 1 (max 15)
[PSYoungGen: 2304K->288K(2560K)] 11047K->9063K(13824K), 0.0010836 secs] [Times: user=0.00 sys=0.01, real=0.01 secs] 
2015-04-14T20:49:19.320-0100: 2850.152: Total time for which application threads were stopped: 0.0012707 seconds, Stopping threads took: 0.0000223 seconds
2015-04-14T20:49:20.321-0100: 2851.153: [GC (Allocation Failure) 
Desired survivor size 524288 bytes, new threshold 1 (max 15)
[PSYoungGen: 2336K->288K(2560K)] 11111K->9095K(13824K), 0.0010226 secs] [Times: user=0.00 sys=0.00, real=0.00 secs] 
2015-04-14T20:49:20.322-0100: 2851.154: Total time for which application threads were stopped: 0.0012140 seconds, Stopping threads took: 0.0000214 seconds
2015-04-14T20:49:21.342-0100: 2852.173: [GC (Allocation Failure) 
Desired survivor size 524288 bytes, new threshold 1 (max 15)
[PSYoungGen: 2336K->256K(2560K)] 11143K->9095K(13824K), 0.0010142 secs] [Times: user=0.00 sys=0.00, real=0.00 secs] 
2015-04-14T20:49:21.343-0100: 2852.174: Total time for which application threads were stopped: 0.0012104 seconds, Stopping threads took: 0.0000221 seconds
2015-04-14T20:49:22.357-0100: 2853.189: [GC (Allocation Failure) 
Desired survivor size 524288 bytes, new threshold 1 (max 15)
[PSYoungGen: 2304K->256K(2560K)] 11143K->9127K(13824K), 0.0019074 secs] [Times: user=0.01 sys=0.00, real=0.00 secs] 
2015-04-14T20:49:22.359-0100: 2853.191: Total time for which application threads were stopped: 0.0021249 seconds, Stopping threads took: 0.0000264 seconds
2015-04-14T20:49:23.398-0100: 2854.230: [GC (Allocation Failure) 
Desired survivor size 524288 bytes, new threshold 1 (max 15)
[PSYoungGen: 2304K->256K(2560K)] 11175K->9151K(13824K), 0.0011076 secs] [Times: user=0.01 sys=0.00, real=0.00 secs] 
2015-04-14T20:49:23.399-0100: 2854.231: Total time for which application threads were stopped: 0.0012983 seconds, Stopping threads took: 0.0000230 seconds
2015-04-14T20:49:24.467-0100: 2855.299: [GC (Allocation Failure) 
Desired survivor size 524288 bytes, new threshold 1 (max 15)
[PSYoungGen: 2304K->256K(2560K)] 11199K->9183K(13824K), 0.0010271 secs] [Times: user=0.01 sys=0.00, real=0.00 secs] 
2015-04-14T20:49:24.468-0100: 2855.300: Total time for which application threads were stopped: 0.0012154 seconds, Stopping threads took: 0.0000237 seconds
2015-04-14T20:49:25.535-0100: 2856.367: [GC (Allocation Failure) 
Desired survivor size 524288 bytes, new threshold 1 (max 15)
[PSYoungGen: 2304K->256K(2560K)] 11231K->9207K(13824K), 0.0011499 secs] [Times: user=0.00 sys=0.00, real=0.00 secs] 
2015-04-14T20:49:25.537-0100: 2856.368: Total time for which application threads were stopped: 0.0013506 seconds, Stopping threads took: 0.0000227 seconds
2015-04-14T20:49:26.558-0100: 2857.390: [GC (Allocation Failure) 
Desired survivor size 524288 bytes, new threshold 1 (max 15)
[PSYoungGen: 2304K->256K(2560K)] 11255K->9239K(13824K), 0.0010086 secs] [Times: user=0.00 sys=0.00, real=0.00 secs] 
2015-04-14T20:49:26.559-0100: 2857.391: Total time for which application threads were stopped: 0.0011875 seconds, Stopping threads took: 0.0000224 seconds
2015-04-14T20:49:27.561-0100: 2858.393: [GC (Allocation Failure) 
Desired survivor size 524288 bytes, new threshold 1 (max 15)
[PSYoungGen: 2304K->288K(2560K)] 11287K->9303K(13824K), 0.0010832 secs] [Times: user=0.00 sys=0.00, real=0.00 secs] 
2015-04-14T20:49:27.562-0100: 2858.394: Total time for which application threads were stopped: 0.0012832 seconds, Stopping threads took: 0.0000235 seconds
2015-04-14T20:49:28.598-0100: 2859.429: [GC (Allocation Failure) 
Desired survivor size 524288 bytes, new threshold 1 (max 15)
[PSYoungGen: 2336K->256K(2560K)] 11351K->9295K(13824K), 0.0010963 secs] [Times: user=0.00 sys=0.00, real=0.00 secs] 
2015-04-14T20:49:28.599-0100: 2859.431: Total time for which application threads were stopped: 0.0012899 seconds, Stopping threads took: 0.0000241 seconds
2015-04-14T20:49:29.614-0100: 2860.446: [GC (Allocation Failure) 
Desired survivor size 524288 bytes, new threshold 1 (max 15)
[PSYoungGen: 2304K->256K(2560K)] 11343K->9319K(13824K), 0.0010794 secs] [Times: user=0.01 sys=0.00, real=0.00 secs] 
2015-04-14T20:49:29.615-0100: 2860.447: Total time for which application threads were stopped: 0.0012833 seconds, Stopping threads took: 0.0000254 seconds
2015-04-14T20:49:30.621-0100: 2861.453: [GC (Allocation Failure) 
Desired survivor size 524288 bytes, new threshold 1 (max 15)
[PSYoungGen: 2304K->256K(2560K)] 11367K->9359K(13824K), 0.0010059 secs] [Times: user=0.01 sys=0.00, real=0.00 secs] 
2015-04-14T20:49:30.622-0100: 2861.454: Total time for which application threads were stopped: 0.0012097 seconds, Stopping threads took: 0.0000221 seconds
2015-04-14T20:49:31.657-0100: 2862.489: [GC (Allocation Failure) 
Desired survivor size 524288 bytes, new threshold 1 (max 15)
[PSYoungGen: 2304K->256K(2560K)] 11407K->9383K(13824K), 0.0010895 secs] [Times: user=0.00 sys=0.00, real=0.00 secs] 
2015-04-14T20:49:31.658-0100: 2862.490: Total time for which application threads were stopped: 0.0012760 seconds, Stopping threads took: 0.0000220 seconds
2015-04-14T20:49:32.660-0100: 2863.492: [GC (Allocation Failure) 
Desired survivor size 524288 bytes, new threshold 1 (max 15)
[PSYoungGen: 2304K->288K(2560K)] 11431K->9455K(13824K), 0.0011081 secs] [Times: user=0.01 sys=0.00, real=0.00 secs] 
2015-04-14T20:49:32.661-0100: 2863.493: Total time for which application threads were stopped: 0.0013428 seconds, Stopping threads took: 0.0000230 seconds
2015-04-14T20:49:33.678-0100: 2864.510: [GC (Allocation Failure) 
Desired survivor size 524288 bytes, new threshold 1 (max 15)
[PSYoungGen: 2336K->288K(2560K)] 11503K->9503K(13824K), 0.0010918 secs] [Times: user=0.01 sys=0.00, real=0.00 secs] 
2015-04-14T20:49:33.679-0100: 2864.511: Total time for which application threads were stopped: 0.0013256 seconds, Stopping threads took: 0.0000463 seconds
2015-04-14T20:49:34.684-0100: 2865.516: [GC (Allocation Failure) 
Desired survivor size 524288 bytes, new threshold 1 (max 15)
[PSYoungGen: 2336K->256K(2560K)] 11551K->9503K(13824K), 0.0009948 secs] [Times: user=0.00 sys=0.00, real=0.00 secs] 
2015-04-14T20:49:34.685-0100: 2865.517: Total time for which application threads were stopped: 0.0011664 seconds, Stopping threads took: 0.0000229 seconds
2015-04-14T20:49:35.719-0100: 2866.551: [GC (Allocation Failure) 
Desired survivor size 524288 bytes, new threshold 1 (max 15)
[PSYoungGen: 2304K->288K(2560K)] 11551K->9567K(13824K), 0.0010868 secs] [Times: user=0.00 sys=0.00, real=0.01 secs] 
2015-04-14T20:49:35.720-0100: 2866.552: Total time for which application threads were stopped: 0.0012782 seconds, Stopping threads took: 0.0000221 seconds
2015-04-14T20:49:36.773-0100: 2867.605: [GC (Allocation Failure) 
Desired survivor size 524288 bytes, new threshold 1 (max 15)
[PSYoungGen: 2336K->256K(2560K)] 11615K->9567K(13824K), 0.0010616 secs] [Times: user=0.00 sys=0.00, real=0.00 secs] 
2015-04-14T20:49:36.774-0100: 2867.606: Total time for which application threads were stopped: 0.0012591 seconds, Stopping threads took: 0.0000227 seconds
2015-04-14T20:49:37.790-0100: 2868.622: [GC (Allocation Failure) 
Desired survivor size 524288 bytes, new threshold 1 (max 15)
[PSYoungGen: 2304K->288K(2560K)] 11615K->9631K(13824K), 0.0010900 secs] [Times: user=0.01 sys=0.00, real=0.00 secs] 
2015-04-14T20:49:37.791-0100: 2868.623: Total time for which application threads were stopped: 0.0012940 seconds, Stopping threads took: 0.0000271 seconds
2015-04-14T20:49:38.780-0100: 2869.612: [GC (Allocation Failure) 
Desired survivor size 524288 bytes, new threshold 1 (max 15)
[PSYoungGen: 2336K->256K(2560K)] 11679K->9631K(13824K), 0.0010943 secs] [Times: user=0.00 sys=0.00, real=0.00 secs] 
2015-04-14T20:49:38.781-0100: 2869.613: Total time for which application threads were stopped: 0.0012834 seconds, Stopping threads took: 0.0000218 seconds
2015-04-14T20:49:39.831-0100: 2870.663: [GC (Allocation Failure) 
Desired survivor size 524288 bytes, new threshold 1 (max 15)
[PSYoungGen: 2304K->288K(2560K)] 11679K->9687K(13824K), 0.0009530 secs] [Times: user=0.01 sys=0.00, real=0.00 secs] 
2015-04-14T20:49:39.832-0100: 2870.664: Total time for which application threads were stopped: 0.0011443 seconds, Stopping threads took: 0.0000231 seconds
2015-04-14T20:49:40.799-0100: 2871.631: [GC (Allocation Failure) 
Desired survivor size 524288 bytes, new threshold 1 (max 15)
[PSYoungGen: 2336K->288K(2560K)] 11735K->9711K(13824K), 0.0010226 secs] [Times: user=0.01 sys=0.00, real=0.01 secs] 
2015-04-14T20:49:40.800-0100: 2871.632: Total time for which application threads were stopped: 0.0012351 seconds, Stopping threads took: 0.0000217 seconds
2015-04-14T20:49:41.705-0100: 2872.537: [GC (Allocation Failure) 
Desired survivor size 524288 bytes, new threshold 1 (max 15)
[PSYoungGen: 2336K->256K(2560K)] 11759K->9711K(13824K), 0.0010541 secs] [Times: user=0.01 sys=0.00, real=0.00 secs] 
2015-04-14T20:49:41.706-0100: 2872.538: Total time for which application threads were stopped: 0.0012509 seconds, Stopping threads took: 0.0000235 seconds
2015-04-14T20:49:42.674-0100: 2873.506: [GC (Allocation Failure) 
Desired survivor size 524288 bytes, new threshold 1 (max 15)
[PSYoungGen: 2304K->288K(2560K)] 11759K->9775K(13824K), 0.0010371 secs] [Times: user=0.01 sys=0.00, real=0.00 secs] 
2015-04-14T20:49:42.675-0100: 2873.507: Total time for which application threads were stopped: 0.0012452 seconds, Stopping threads took: 0.0000221 seconds
2015-04-14T20:49:43.526-0100: 2874.358: [GC (Allocation Failure) 
Desired survivor size 524288 bytes, new threshold 1 (max 15)
[PSYoungGen: 2336K->288K(2560K)] 11823K->9815K(13824K), 0.0010984 secs] [Times: user=0.00 sys=0.00, real=0.00 secs] 
2015-04-14T20:49:43.527-0100: 2874.359: Total time for which application threads were stopped: 0.0012969 seconds, Stopping threads took: 0.0000222 seconds
2015-04-14T20:49:44.379-0100: 2875.211: [GC (Allocation Failure) 
Desired survivor size 524288 bytes, new threshold 1 (max 15)
[PSYoungGen: 2336K->256K(2560K)] 11863K->9807K(13824K), 0.0010658 secs] [Times: user=0.00 sys=0.00, real=0.01 secs] 
2015-04-14T20:49:44.380-0100: 2875.212: Total time for which application threads were stopped: 0.0012503 seconds, Stopping threads took: 0.0000230 seconds
2015-04-14T20:49:45.214-0100: 2876.046: [GC (Allocation Failure) 
Desired survivor size 524288 bytes, new threshold 1 (max 15)
[PSYoungGen: 2304K->224K(2560K)] 11855K->9799K(13824K), 0.0009664 secs] [Times: user=0.00 sys=0.00, real=0.00 secs] 
2015-04-14T20:49:45.215-0100: 2876.047: Total time for which application threads were stopped: 0.0011575 seconds, Stopping threads took: 0.0000209 seconds
2015-04-14T20:49:46.050-0100: 2876.882: [GC (Allocation Failure) 
Desired survivor size 524288 bytes, new threshold 1 (max 15)
[PSYoungGen: 2272K->288K(2560K)] 11847K->9895K(13824K), 0.0010508 secs] [Times: user=0.00 sys=0.00, real=0.00 secs] 
2015-04-14T20:49:46.051-0100: 2876.883: Total time for which application threads were stopped: 0.0012473 seconds, Stopping threads took: 0.0000231 seconds
2015-04-14T20:49:46.937-0100: 2877.769: [GC (Allocation Failure) 
Desired survivor size 524288 bytes, new threshold 1 (max 15)
[PSYoungGen: 2336K->288K(2560K)] 11943K->9927K(13824K), 0.0010439 secs] [Times: user=0.01 sys=0.00, real=0.00 secs] 
2015-04-14T20:49:46.938-0100: 2877.770: Total time for which application threads were stopped: 0.0013438 seconds, Stopping threads took: 0.0000433 seconds
2015-04-14T20:49:47.856-0100: 2878.688: [GC (Allocation Failure) 
Desired survivor size 524288 bytes, new threshold 1 (max 15)
[PSYoungGen: 2336K->256K(2560K)] 11975K->9927K(13824K), 0.0010824 secs] [Times: user=0.00 sys=0.00, real=0.00 secs] 
2015-04-14T20:49:47.857-0100: 2878.689: Total time for which application threads were stopped: 0.0012836 seconds, Stopping threads took: 0.0000223 seconds
2015-04-14T20:49:48.777-0100: 2879.609: [GC (Allocation Failure) 
Desired survivor size 524288 bytes, new threshold 1 (max 15)
[PSYoungGen: 2304K->288K(2560K)] 11975K->9991K(13824K), 0.0010799 secs] [Times: user=0.00 sys=0.00, real=0.00 secs] 
2015-04-14T20:49:48.778-0100: 2879.610: Total time for which application threads were stopped: 0.0012598 seconds, Stopping threads took: 0.0000197 seconds
2015-04-14T20:49:49.696-0100: 2880.529: [GC (Allocation Failure) 
Desired survivor size 524288 bytes, new threshold 1 (max 15)
[PSYoungGen: 2336K->224K(2560K)] 12039K->9959K(13824K), 0.0008011 secs] [Times: user=0.00 sys=0.00, real=0.00 secs] 
2015-04-14T20:49:49.697-0100: 2880.529: Total time for which application threads were stopped: 0.0009545 seconds, Stopping threads took: 0.0000164 seconds
2015-04-14T20:49:50.698-0100: 2881.530: [GC (Allocation Failure) 
Desired survivor size 524288 bytes, new threshold 1 (max 15)
[PSYoungGen: 2271K->288K(2560K)] 12007K->10055K(13824K), 0.0011012 secs] [Times: user=0.01 sys=0.00, real=0.00 secs] 
2015-04-14T20:49:50.699-0100: 2881.531: Total time for which application threads were stopped: 0.0013417 seconds, Stopping threads took: 0.0000461 seconds
2015-04-14T20:49:51.671-0100: 2882.503: [GC (Allocation Failure) 
Desired survivor size 524288 bytes, new threshold 1 (max 15)
[PSYoungGen: 2336K->288K(2560K)] 12103K->10087K(13824K), 0.0009809 secs] [Times: user=0.00 sys=0.00, real=0.00 secs] 
2015-04-14T20:49:51.672-0100: 2882.504: Total time for which application threads were stopped: 0.0011793 seconds, Stopping threads took: 0.0000236 seconds
2015-04-14T20:49:52.687-0100: 2883.519: [GC (Allocation Failure) 
Desired survivor size 524288 bytes, new threshold 1 (max 15)
[PSYoungGen: 2336K->256K(2560K)] 12135K->10079K(13824K), 0.0010832 secs] [Times: user=0.01 sys=0.01, real=0.00 secs] 
2015-04-14T20:49:52.688-0100: 2883.520: Total time for which application threads were stopped: 0.0012910 seconds, Stopping threads took: 0.0000290 seconds
2015-04-14T20:49:53.710-0100: 2884.543: [GC (Allocation Failure) 
Desired survivor size 524288 bytes, new threshold 1 (max 15)
[PSYoungGen: 2304K->256K(2560K)] 12127K->10111K(13824K), 0.0009989 secs] [Times: user=0.00 sys=0.00, real=0.00 secs] 
2015-04-14T20:49:53.711-0100: 2884.544: Total time for which application threads were stopped: 0.0011851 seconds, Stopping threads took: 0.0000216 seconds
2015-04-14T20:49:54.730-0100: 2885.563: [GC (Allocation Failure) 
Desired survivor size 524288 bytes, new threshold 1 (max 15)
[PSYoungGen: 2304K->288K(2560K)] 12159K->10167K(13824K), 0.0011162 secs] [Times: user=0.00 sys=0.00, real=0.00 secs] 
2015-04-14T20:49:54.731-0100: 2885.564: Total time for which application threads were stopped: 0.0013188 seconds, Stopping threads took: 0.0000213 seconds
2015-04-14T20:49:55.800-0100: 2886.632: [GC (Allocation Failure) 
Desired survivor size 524288 bytes, new threshold 1 (max 15)
[PSYoungGen: 2336K->256K(2560K)] 12215K->10159K(13824K), 0.0011159 secs] [Times: user=0.00 sys=0.00, real=0.00 secs] 
2015-04-14T20:49:55.801-0100: 2886.633: Total time for which application threads were stopped: 0.0013081 seconds, Stopping threads took: 0.0000229 seconds
2015-04-14T20:49:56.836-0100: 2887.668: [GC (Allocation Failure) 
Desired survivor size 524288 bytes, new threshold 1 (max 15)
[PSYoungGen: 2304K->256K(2560K)] 12207K->10199K(13824K), 0.0011752 secs] [Times: user=0.01 sys=0.00, real=0.00 secs] 
2015-04-14T20:49:56.837-0100: 2887.670: Total time for which application threads were stopped: 0.0013889 seconds, Stopping threads took: 0.0000220 seconds
2015-04-14T20:49:57.903-0100: 2888.735: [GC (Allocation Failure) 
Desired survivor size 524288 bytes, new threshold 1 (max 15)
[PSYoungGen: 2304K->288K(2560K)] 12247K->10255K(13824K), 0.0010694 secs] [Times: user=0.00 sys=0.00, real=0.00 secs] 
2015-04-14T20:49:57.904-0100: 2888.736: Total time for which application threads were stopped: 0.0012679 seconds, Stopping threads took: 0.0000235 seconds
2015-04-14T20:49:58.908-0100: 2889.740: [GC (Allocation Failure) 
Desired survivor size 524288 bytes, new threshold 1 (max 15)
[PSYoungGen: 2336K->256K(2560K)] 12303K->10271K(13824K), 0.0010196 secs] [Times: user=0.00 sys=0.00, real=0.00 secs] 
2015-04-14T20:49:58.909-0100: 2889.741: Total time for which application threads were stopped: 0.0012006 seconds, Stopping threads took: 0.0000227 seconds
2015-04-14T20:49:59.928-0100: 2890.761: [GC (Allocation Failure) 
Desired survivor size 524288 bytes, new threshold 1 (max 15)
[PSYoungGen: 2304K->224K(2560K)] 12319K->10271K(13824K), 0.0007754 secs] [Times: user=0.00 sys=0.00, real=0.00 secs] 
2015-04-14T20:49:59.929-0100: 2890.761: Total time for which application threads were stopped: 0.0009239 seconds, Stopping threads took: 0.0000168 seconds
2015-04-14T20:50:00.629-0100: 2891.462: [GC (Allocation Failure) 
Desired survivor size 524288 bytes, new threshold 1 (max 15)
[PSYoungGen: 2272K->288K(2560K)] 12319K->10359K(13824K), 0.0011322 secs] [Times: user=0.01 sys=0.00, real=0.01 secs] 
2015-04-14T20:50:00.631-0100: 2891.463: Total time for which application threads were stopped: 0.0013326 seconds, Stopping threads took: 0.0000222 seconds
2015-04-14T20:50:01.650-0100: 2892.482: [GC (Allocation Failure) 
Desired survivor size 524288 bytes, new threshold 1 (max 15)
[PSYoungGen: 2336K->288K(2560K)] 12407K->10399K(13824K), 0.0010181 secs] [Times: user=0.00 sys=0.00, real=0.00 secs] 
2015-04-14T20:50:01.651-0100: 2892.483: Total time for which application threads were stopped: 0.0012082 seconds, Stopping threads took: 0.0000214 seconds
2015-04-14T20:50:02.652-0100: 2893.484: [GC (Allocation Failure) 
Desired survivor size 524288 bytes, new threshold 1 (max 15)
[PSYoungGen: 2336K->288K(2560K)] 12447K->10431K(13824K), 0.0011140 secs] [Times: user=0.00 sys=0.00, real=0.00 secs] 
2015-04-14T20:50:02.653-0100: 2893.486: Total time for which application threads were stopped: 0.0013245 seconds, Stopping threads took: 0.0000273 seconds
2015-04-14T20:50:03.673-0100: 2894.505: [GC (Allocation Failure) 
Desired survivor size 524288 bytes, new threshold 1 (max 15)
[PSYoungGen: 2336K->256K(2560K)] 12479K->10431K(13824K), 0.0010177 secs] [Times: user=0.00 sys=0.00, real=0.00 secs] 
2015-04-14T20:50:03.674-0100: 2894.507: Total time for which application threads were stopped: 0.0012037 seconds, Stopping threads took: 0.0000214 seconds
2015-04-14T20:50:04.725-0100: 2895.558: [GC (Allocation Failure) 
Desired survivor size 524288 bytes, new threshold 1 (max 15)
[PSYoungGen: 2304K->256K(2560K)] 12479K->10471K(13824K), 0.0010393 secs] [Times: user=0.01 sys=0.00, real=0.00 secs] 
2015-04-14T20:50:04.726-0100: 2895.559: Total time for which application threads were stopped: 0.0012712 seconds, Stopping threads took: 0.0000297 seconds
2015-04-14T20:50:05.713-0100: 2896.545: [GC (Allocation Failure) 
Desired survivor size 524288 bytes, new threshold 1 (max 15)
[PSYoungGen: 2304K->256K(2560K)] 12519K->10511K(13824K), 0.0010843 secs] [Times: user=0.01 sys=0.00, real=0.00 secs] 
2015-04-14T20:50:05.714-0100: 2896.546: Total time for which application threads were stopped: 0.0012885 seconds, Stopping threads took: 0.0000225 seconds
2015-04-14T20:50:06.717-0100: 2897.550: [GC (Allocation Failure) 
Desired survivor size 524288 bytes, new threshold 1 (max 15)
[PSYoungGen: 2304K->256K(2560K)] 12559K->10543K(13824K), 0.0010361 secs] [Times: user=0.00 sys=0.00, real=0.00 secs] 
2015-04-14T20:50:06.719-0100: 2897.551: Total time for which application threads were stopped: 0.0012344 seconds, Stopping threads took: 0.0000222 seconds
2015-04-14T20:50:07.753-0100: 2898.585: [GC (Allocation Failure) 
Desired survivor size 524288 bytes, new threshold 1 (max 15)
[PSYoungGen: 2304K->256K(2560K)] 12591K->10567K(13824K), 0.0007998 secs] [Times: user=0.00 sys=0.00, real=0.00 secs] 
2015-04-14T20:50:07.753-0100: 2898.586: Total time for which application threads were stopped: 0.0009457 seconds, Stopping threads took: 0.0000172 seconds
2015-04-14T20:50:08.754-0100: 2899.587: [GC (Allocation Failure) 
Desired survivor size 524288 bytes, new threshold 1 (max 15)
[PSYoungGen: 2304K->256K(2560K)] 12615K->10599K(13824K), 0.0010044 secs] [Times: user=0.00 sys=0.00, real=0.00 secs] 
2015-04-14T20:50:08.755-0100: 2899.588: Total time for which application threads were stopped: 0.0012168 seconds, Stopping threads took: 0.0000383 seconds
2015-04-14T20:50:09.776-0100: 2900.608: [GC (Allocation Failure) 
Desired survivor size 524288 bytes, new threshold 1 (max 15)
[PSYoungGen: 2304K->256K(2560K)] 12647K->10623K(13824K), 0.0010461 secs] [Times: user=0.00 sys=0.00, real=0.00 secs] 
2015-04-14T20:50:09.777-0100: 2900.609: Total time for which application threads were stopped: 0.0012303 seconds, Stopping threads took: 0.0000206 seconds
2015-04-14T20:50:10.830-0100: 2901.663: [GC (Allocation Failure) 
Desired survivor size 524288 bytes, new threshold 1 (max 15)
[PSYoungGen: 2304K->256K(2560K)] 12671K->10663K(13824K), 0.0010846 secs] [Times: user=0.00 sys=0.00, real=0.00 secs] 
2015-04-14T20:50:10.831-0100: 2901.664: Total time for which application threads were stopped: 0.0012821 seconds, Stopping threads took: 0.0000219 seconds
2015-04-14T20:50:11.832-0100: 2902.665: [GC (Allocation Failure) 
Desired survivor size 524288 bytes, new threshold 1 (max 15)
[PSYoungGen: 2304K->256K(2560K)] 12711K->10679K(13824K), 0.0011004 secs] [Times: user=0.00 sys=0.00, real=0.00 secs] 
2015-04-14T20:50:11.834-0100: 2902.666: Total time for which application threads were stopped: 0.0013122 seconds, Stopping threads took: 0.0000241 seconds
2015-04-14T20:50:12.834-0100: 2903.666: [GC (Allocation Failure) 
Desired survivor size 524288 bytes, new threshold 1 (max 15)
[PSYoungGen: 2304K->256K(2560K)] 12727K->10695K(13824K), 0.0009722 secs] [Times: user=0.00 sys=0.00, real=0.00 secs] 
2015-04-14T20:50:12.835-0100: 2903.668: Total time for which application threads were stopped: 0.0012003 seconds, Stopping threads took: 0.0000292 seconds
2015-04-14T20:50:13.874-0100: 2904.706: [GC (Allocation Failure) 
Desired survivor size 524288 bytes, new threshold 1 (max 15)
[PSYoungGen: 2304K->288K(2560K)] 12743K->10759K(13824K), 0.0010765 secs] [Times: user=0.00 sys=0.00, real=0.00 secs] 
2015-04-14T20:50:13.875-0100: 2904.707: Total time for which application threads were stopped: 0.0012745 seconds, Stopping threads took: 0.0000225 seconds
2015-04-14T20:50:14.942-0100: 2905.775: [GC (Allocation Failure) 
Desired survivor size 524288 bytes, new threshold 1 (max 15)
[PSYoungGen: 2336K->288K(2560K)] 12807K->10791K(13824K), 0.0010091 secs] [Times: user=0.01 sys=0.00, real=0.00 secs] 
2015-04-14T20:50:14.944-0100: 2905.776: Total time for which application threads were stopped: 0.0011966 seconds, Stopping threads took: 0.0000214 seconds
2015-04-14T20:50:15.980-0100: 2906.812: [GC (Allocation Failure) 
Desired survivor size 524288 bytes, new threshold 1 (max 15)
[PSYoungGen: 2336K->288K(2560K)] 12839K->10823K(13824K), 0.0010654 secs] [Times: user=0.01 sys=0.00, real=0.00 secs] 
2015-04-14T20:50:15.981-0100: 2906.813: Total time for which application threads were stopped: 0.0012750 seconds, Stopping threads took: 0.0000268 seconds
2015-04-14T20:50:16.964-0100: 2907.796: [GC (Allocation Failure) 
Desired survivor size 524288 bytes, new threshold 1 (max 15)
[PSYoungGen: 2336K->192K(2560K)] 12871K->10751K(13824K), 0.0010661 secs] [Times: user=0.00 sys=0.00, real=0.00 secs] 
2015-04-14T20:50:16.965-0100: 2907.797: Total time for which application threads were stopped: 0.0012825 seconds, Stopping threads took: 0.0000274 seconds
2015-04-14T20:50:17.952-0100: 2908.785: [GC (Allocation Failure) 
Desired survivor size 524288 bytes, new threshold 1 (max 15)
[PSYoungGen: 2240K->288K(2560K)] 12799K->10887K(13824K), 0.0010722 secs] [Times: user=0.00 sys=0.00, real=0.00 secs] 
2015-04-14T20:50:17.954-0100: 2908.786: Total time for which application threads were stopped: 0.0012688 seconds, Stopping threads took: 0.0000218 seconds
2015-04-14T20:50:18.956-0100: 2909.789: [GC (Allocation Failure) 
Desired survivor size 524288 bytes, new threshold 1 (max 15)
[PSYoungGen: 2336K->288K(2560K)] 12935K->10911K(13824K), 0.0010421 secs] [Times: user=0.01 sys=0.00, real=0.00 secs] 
2015-04-14T20:50:18.957-0100: 2909.790: Total time for which application threads were stopped: 0.0012424 seconds, Stopping threads took: 0.0000235 seconds
2015-04-14T20:50:19.959-0100: 2910.792: [GC (Allocation Failure) 
Desired survivor size 524288 bytes, new threshold 1 (max 15)
[PSYoungGen: 2336K->256K(2560K)] 12959K->10903K(13824K), 0.0010429 secs] [Times: user=0.00 sys=0.00, real=0.01 secs] 
2015-04-14T20:50:19.960-0100: 2910.793: Total time for which application threads were stopped: 0.0012320 seconds, Stopping threads took: 0.0000206 seconds
2015-04-14T20:50:21.043-0100: 2911.876: [GC (Allocation Failure) 
Desired survivor size 524288 bytes, new threshold 1 (max 15)
[PSYoungGen: 2304K->288K(2560K)] 12951K->10967K(13824K), 0.0011292 secs] [Times: user=0.01 sys=0.00, real=0.00 secs] 
2015-04-14T20:50:21.044-0100: 2911.877: Total time for which application threads were stopped: 0.0013441 seconds, Stopping threads took: 0.0000236 seconds
2015-04-14T20:50:22.099-0100: 2912.932: [GC (Allocation Failure) 
Desired survivor size 524288 bytes, new threshold 1 (max 15)
[PSYoungGen: 2336K->288K(2560K)] 13015K->11007K(13824K), 0.0010752 secs] [Times: user=0.00 sys=0.00, real=0.01 secs] 
2015-04-14T20:50:22.100-0100: 2912.933: Total time for which application threads were stopped: 0.0012829 seconds, Stopping threads took: 0.0000219 seconds
2015-04-14T20:50:23.100-0100: 2913.933: [GC (Allocation Failure) 
Desired survivor size 524288 bytes, new threshold 1 (max 15)
[PSYoungGen: 2336K->256K(2560K)] 13055K->11007K(13824K), 0.0010504 secs] [Times: user=0.00 sys=0.00, real=0.00 secs] 
2015-04-14T20:50:23.101-0100: 2913.934: Total time for which application threads were stopped: 0.0012628 seconds, Stopping threads took: 0.0000203 seconds
2015-04-14T20:50:24.120-0100: 2914.953: [GC (Allocation Failure) 
Desired survivor size 524288 bytes, new threshold 1 (max 15)
[PSYoungGen: 2304K->256K(2560K)] 13055K->11031K(13824K), 0.0010296 secs] [Times: user=0.01 sys=0.00, real=0.00 secs] 
2015-04-14T20:50:24.121-0100: 2914.954: Total time for which application threads were stopped: 0.0012371 seconds, Stopping threads took: 0.0000230 seconds
2015-04-14T20:50:25.156-0100: 2915.988: [GC (Allocation Failure) 
Desired survivor size 524288 bytes, new threshold 1 (max 15)
[PSYoungGen: 2304K->256K(2560K)] 13079K->11063K(13824K), 0.0010122 secs] [Times: user=0.00 sys=0.00, real=0.00 secs] 
2015-04-14T20:50:25.157-0100: 2915.990: Total time for which application threads were stopped: 0.0012469 seconds, Stopping threads took: 0.0000362 seconds
2015-04-14T20:50:26.210-0100: 2917.043: [GC (Allocation Failure) 
Desired survivor size 524288 bytes, new threshold 1 (max 15)
[PSYoungGen: 2304K->256K(2560K)] 13111K->11087K(13824K), 0.0010324 secs] [Times: user=0.00 sys=0.00, real=0.00 secs] 
2015-04-14T20:50:26.211-0100: 2917.044: Total time for which application threads were stopped: 0.0012233 seconds, Stopping threads took: 0.0000212 seconds
2015-04-14T20:50:27.248-0100: 2918.081: [GC (Allocation Failure) 
Desired survivor size 524288 bytes, new threshold 1 (max 15)
[PSYoungGen: 2304K->256K(2560K)] 13135K->11111K(13824K), 0.0010643 secs] [Times: user=0.01 sys=0.00, real=0.00 secs] 
2015-04-14T20:50:27.249-0100: 2918.082: Total time for which application threads were stopped: 0.0012595 seconds, Stopping threads took: 0.0000238 seconds
2015-04-14T20:50:28.281-0100: 2919.113: [GC (Allocation Failure) 
Desired survivor size 524288 bytes, new threshold 1 (max 15)
[PSYoungGen: 2304K->288K(2560K)] 13159K->11167K(13824K), 0.0010771 secs] [Times: user=0.00 sys=0.01, real=0.00 secs] 
2015-04-14T20:50:28.282-0100: 2919.115: Total time for which application threads were stopped: 0.0013445 seconds, Stopping threads took: 0.0000398 seconds
2015-04-14T20:50:29.289-0100: 2920.122: [GC (Allocation Failure) 
Desired survivor size 524288 bytes, new threshold 1 (max 15)
[PSYoungGen: 2336K->256K(2560K)] 13215K->11167K(13824K), 0.0010881 secs] [Times: user=0.01 sys=0.01, real=0.01 secs] 
2015-04-14T20:50:29.290-0100: 2920.123: Total time for which application threads were stopped: 0.0012869 seconds, Stopping threads took: 0.0000229 seconds
2015-04-14T20:50:30.306-0100: 2921.139: [GC (Allocation Failure) 
Desired survivor size 524288 bytes, new threshold 1 (max 15)
[PSYoungGen: 2304K->256K(2560K)] 13215K->11191K(13824K), 0.0011018 secs] [Times: user=0.01 sys=0.00, real=0.00 secs] 
2015-04-14T20:50:30.308-0100: 2921.140: Total time for which application threads were stopped: 0.0012936 seconds, Stopping threads took: 0.0000211 seconds
2015-04-14T20:50:31.360-0100: 2922.193: [GC (Allocation Failure) 
Desired survivor size 524288 bytes, new threshold 1 (max 15)
[PSYoungGen: 2304K->288K(2560K)] 13239K->11255K(13824K), 0.0010108 secs] [Times: user=0.00 sys=0.00, real=0.00 secs] 
2015-04-14T20:50:31.361-0100: 2922.194: Total time for which application threads were stopped: 0.0011994 seconds, Stopping threads took: 0.0000212 seconds
2015-04-14T20:50:32.429-0100: 2923.262: [GC (Allocation Failure) 
Desired survivor size 524288 bytes, new threshold 1 (max 15)
[PSYoungGen: 2336K->256K(2560K)] 13303K->11263K(13824K), 0.0010143 secs] [Times: user=0.01 sys=0.00, real=0.01 secs] 
2015-04-14T20:50:32.430-0100: 2923.263: Total time for which application threads were stopped: 0.0012058 seconds, Stopping threads took: 0.0000236 seconds
2015-04-14T20:50:33.450-0100: 2924.283: [GC (Allocation Failure) 
Desired survivor size 524288 bytes, new threshold 1 (max 15)
[PSYoungGen: 2304K->256K(2560K)] 13311K->11295K(13824K), 0.0010138 secs] [Times: user=0.01 sys=0.00, real=0.00 secs] 
2015-04-14T20:50:33.451-0100: 2924.284: Total time for which application threads were stopped: 0.0011903 seconds, Stopping threads took: 0.0000203 seconds
2015-04-14T20:50:34.453-0100: 2925.286: [GC (Allocation Failure) 
Desired survivor size 524288 bytes, new threshold 1 (max 15)
[PSYoungGen: 2304K->288K(2560K)] 13343K->11351K(13824K), 0.0010805 secs] [Times: user=0.01 sys=0.00, real=0.00 secs] 
2015-04-14T20:50:34.454-0100: 2925.287: Total time for which application threads were stopped: 0.0012652 seconds, Stopping threads took: 0.0000208 seconds
2015-04-14T20:50:35.491-0100: 2926.324: [GC (Allocation Failure) 
Desired survivor size 524288 bytes, new threshold 1 (max 15)
[PSYoungGen: 2336K->256K(2560K)] 13399K->11343K(13824K), 0.0010312 secs] [Times: user=0.01 sys=0.00, real=0.00 secs] 
2015-04-14T20:50:35.492-0100: 2926.325: Total time for which application threads were stopped: 0.0012230 seconds, Stopping threads took: 0.0000233 seconds
2015-04-14T20:50:36.492-0100: 2927.325: [GC (Allocation Failure) 
Desired survivor size 524288 bytes, new threshold 1 (max 15)
[PSYoungGen: 2304K->256K(2560K)] 13391K->11375K(13824K), 0.0010596 secs] [Times: user=0.00 sys=0.00, real=0.00 secs] 
2015-04-14T20:50:36.493-0100: 2927.326: Total time for which application threads were stopped: 0.0012545 seconds, Stopping threads took: 0.0000251 seconds
2015-04-14T20:50:37.498-0100: 2928.331: [GC (Allocation Failure) 
Desired survivor size 524288 bytes, new threshold 1 (max 15)
[PSYoungGen: 2304K->256K(2560K)] 13423K->11407K(13824K), 0.0011256 secs] [Times: user=0.00 sys=0.00, real=0.00 secs] 
2015-04-14T20:50:37.499-0100: 2928.332: Total time for which application threads were stopped: 0.0013070 seconds, Stopping threads took: 0.0000221 seconds
2015-04-14T20:50:38.534-0100: 2929.367: [GC (Allocation Failure) 
Desired survivor size 524288 bytes, new threshold 1 (max 15)
[PSYoungGen: 2304K->256K(2560K)] 13455K->11431K(13824K), 0.0010808 secs] [Times: user=0.01 sys=0.01, real=0.00 secs] 
2015-04-14T20:50:38.535-0100: 2929.368: Total time for which application threads were stopped: 0.0012638 seconds, Stopping threads took: 0.0000222 seconds
2015-04-14T20:50:39.568-0100: 2930.401: [GC (Allocation Failure) 
Desired survivor size 524288 bytes, new threshold 1 (max 15)
[PSYoungGen: 2304K->256K(2560K)] 13479K->11471K(13824K), 0.0011838 secs] [Times: user=0.00 sys=0.01, real=0.00 secs] 
2015-04-14T20:50:39.569-0100: 2930.402: Total time for which application threads were stopped: 0.0013831 seconds, Stopping threads took: 0.0000230 seconds
2015-04-14T20:50:40.488-0100: 2931.321: [GC (Allocation Failure) 
Desired survivor size 524288 bytes, new threshold 1 (max 15)
[PSYoungGen: 2304K->288K(2560K)] 13519K->11535K(13824K), 0.0010772 secs] [Times: user=0.00 sys=0.00, real=0.00 secs] 
2015-04-14T20:50:40.489-0100: 2931.322: [Full GC (Ergonomics) [PSYoungGen: 288K->0K(2560K)] [ParOldGen: 11247K->8348K(11264K)] 11535K->8348K(13824K), [Metaspace: 17886K->17886K(1064960K)], 0.0204290 secs] [Times: user=0.07 sys=0.00, real=0.03 secs] 
2015-04-14T20:50:40.510-0100: 2931.343: Total time for which application threads were stopped: 0.0217804 seconds, Stopping threads took: 0.0000177 seconds
2015-04-14T20:50:41.442-0100: 2932.275: [GC (Allocation Failure) 
Desired survivor size 524288 bytes, new threshold 1 (max 15)
[PSYoungGen: 2048K->256K(2560K)] 10396K->8604K(13824K), 0.0007771 secs] [Times: user=0.01 sys=0.00, real=0.00 secs] 
2015-04-14T20:50:41.443-0100: 2932.276: Total time for which application threads were stopped: 0.0009153 seconds, Stopping threads took: 0.0000142 seconds
2015-04-14T20:50:42.462-0100: 2933.295: [GC (Allocation Failure) 
Desired survivor size 524288 bytes, new threshold 1 (max 15)
[PSYoungGen: 2304K->256K(2560K)] 10652K->8628K(13824K), 0.0009751 secs] [Times: user=0.01 sys=0.00, real=0.00 secs] 
2015-04-14T20:50:42.463-0100: 2933.296: Total time for which application threads were stopped: 0.0011666 seconds, Stopping threads took: 0.0000228 seconds
2015-04-14T20:50:43.348-0100: 2934.181: [GC (Allocation Failure) 
Desired survivor size 524288 bytes, new threshold 1 (max 15)
[PSYoungGen: 2304K->288K(2560K)] 10676K->8684K(13824K), 0.0009255 secs] [Times: user=0.01 sys=0.00, real=0.00 secs] 
2015-04-14T20:50:43.349-0100: 2934.182: Total time for which application threads were stopped: 0.0011311 seconds, Stopping threads took: 0.0000202 seconds
2015-04-14T20:50:44.217-0100: 2935.050: [GC (Allocation Failure) 
Desired survivor size 524288 bytes, new threshold 1 (max 15)
[PSYoungGen: 2336K->224K(2560K)] 10732K->8652K(13824K), 0.0010424 secs] [Times: user=0.00 sys=0.00, real=0.00 secs] 
2015-04-14T20:50:44.218-0100: 2935.051: Total time for which application threads were stopped: 0.0012593 seconds, Stopping threads took: 0.0000228 seconds
2015-04-14T20:50:45.055-0100: 2935.888: [GC (Allocation Failure) 
Desired survivor size 524288 bytes, new threshold 1 (max 15)
[PSYoungGen: 2272K->256K(2560K)] 10700K->8724K(13824K), 0.0009160 secs] [Times: user=0.00 sys=0.00, real=0.00 secs] 
2015-04-14T20:50:45.056-0100: 2935.889: Total time for which application threads were stopped: 0.0010896 seconds, Stopping threads took: 0.0000224 seconds
2015-04-14T20:50:45.889-0100: 2936.722: [GC (Allocation Failure) 
Desired survivor size 524288 bytes, new threshold 1 (max 15)
[PSYoungGen: 2304K->256K(2560K)] 10772K->8756K(13824K), 0.0010858 secs] [Times: user=0.00 sys=0.00, real=0.01 secs] 
2015-04-14T20:50:45.890-0100: 2936.723: Total time for which application threads were stopped: 0.0012843 seconds, Stopping threads took: 0.0000225 seconds
2015-04-14T20:50:46.775-0100: 2937.608: [GC (Allocation Failure) 
Desired survivor size 524288 bytes, new threshold 1 (max 15)
[PSYoungGen: 2304K->256K(2560K)] 10804K->8788K(13824K), 0.0010811 secs] [Times: user=0.00 sys=0.01, real=0.00 secs] 
2015-04-14T20:50:46.777-0100: 2937.610: Total time for which application threads were stopped: 0.0012754 seconds, Stopping threads took: 0.0000226 seconds
2015-04-14T20:50:47.629-0100: 2938.463: [GC (Allocation Failure) 
Desired survivor size 524288 bytes, new threshold 1 (max 15)
[PSYoungGen: 2304K->256K(2560K)] 10836K->8820K(13824K), 0.0009663 secs] [Times: user=0.00 sys=0.00, real=0.01 secs] 
2015-04-14T20:50:47.630-0100: 2938.464: Total time for which application threads were stopped: 0.0011437 seconds, Stopping threads took: 0.0000223 seconds
2015-04-14T20:50:48.581-0100: 2939.414: [GC (Allocation Failure) 
Desired survivor size 524288 bytes, new threshold 1 (max 15)
[PSYoungGen: 2304K->256K(2560K)] 10868K->8868K(13824K), 0.0011358 secs] [Times: user=0.00 sys=0.00, real=0.00 secs] 
2015-04-14T20:50:48.582-0100: 2939.416: Total time for which application threads were stopped: 0.0013297 seconds, Stopping threads took: 0.0000218 seconds
2015-04-14T20:50:49.485-0100: 2940.318: [GC (Allocation Failure) 
Desired survivor size 524288 bytes, new threshold 1 (max 15)
[PSYoungGen: 2304K->288K(2560K)] 10916K->8932K(13824K), 0.0010786 secs] [Times: user=0.00 sys=0.00, real=0.00 secs] 
2015-04-14T20:50:49.486-0100: 2940.320: Total time for which application threads were stopped: 0.0012571 seconds, Stopping threads took: 0.0000229 seconds
2015-04-14T20:50:50.437-0100: 2941.271: [GC (Allocation Failure) 
Desired survivor size 524288 bytes, new threshold 1 (max 15)
[PSYoungGen: 2336K->256K(2560K)] 10980K->8924K(13824K), 0.0011071 secs] [Times: user=0.00 sys=0.00, real=0.00 secs] 
2015-04-14T20:50:50.438-0100: 2941.272: Total time for which application threads were stopped: 0.0012998 seconds, Stopping threads took: 0.0000233 seconds
2015-04-14T20:50:51.459-0100: 2942.292: [GC (Allocation Failure) 
Desired survivor size 524288 bytes, new threshold 1 (max 15)
[PSYoungGen: 2304K->288K(2560K)] 10972K->8988K(13824K), 0.0008821 secs] [Times: user=0.00 sys=0.00, real=0.01 secs] 
2015-04-14T20:50:51.460-0100: 2942.293: Total time for which application threads were stopped: 0.0010411 seconds, Stopping threads took: 0.0000171 seconds
2015-04-14T20:50:52.495-0100: 2943.328: [GC (Allocation Failure) 
Desired survivor size 524288 bytes, new threshold 1 (max 15)
[PSYoungGen: 2336K->288K(2560K)] 11036K->9020K(13824K), 0.0008927 secs] [Times: user=0.00 sys=0.00, real=0.00 secs] 
2015-04-14T20:50:52.496-0100: 2943.330: Total time for which application threads were stopped: 0.0018715 seconds, Stopping threads took: 0.0000196 seconds
2015-04-14T20:50:53.515-0100: 2944.348: [GC (Allocation Failure) 
Desired survivor size 524288 bytes, new threshold 1 (max 15)
[PSYoungGen: 2336K->224K(2560K)] 11068K->8988K(13824K), 0.0009386 secs] [Times: user=0.00 sys=0.00, real=0.00 secs] 
2015-04-14T20:50:53.516-0100: 2944.349: Total time for which application threads were stopped: 0.0011030 seconds, Stopping threads took: 0.0000200 seconds
2015-04-14T20:50:54.534-0100: 2945.368: [GC (Allocation Failure) 
Desired survivor size 524288 bytes, new threshold 1 (max 15)
[PSYoungGen: 2272K->288K(2560K)] 11036K->9084K(13824K), 0.0010763 secs] [Times: user=0.01 sys=0.00, real=0.00 secs] 
2015-04-14T20:50:54.535-0100: 2945.369: Total time for which application threads were stopped: 0.0012784 seconds, Stopping threads took: 0.0000212 seconds
2015-04-14T20:50:55.552-0100: 2946.385: [GC (Allocation Failure) 
Desired survivor size 524288 bytes, new threshold 1 (max 15)
[PSYoungGen: 2336K->288K(2560K)] 11132K->9116K(13824K), 0.0007841 secs] [Times: user=0.00 sys=0.00, real=0.00 secs] 
2015-04-14T20:50:55.553-0100: 2946.386: Total time for which application threads were stopped: 0.0009400 seconds, Stopping threads took: 0.0000187 seconds
2015-04-14T20:50:56.557-0100: 2947.390: [GC (Allocation Failure) 
Desired survivor size 524288 bytes, new threshold 1 (max 15)
[PSYoungGen: 2336K->288K(2560K)] 11164K->9140K(13824K), 0.0010976 secs] [Times: user=0.00 sys=0.00, real=0.00 secs] 
2015-04-14T20:50:56.558-0100: 2947.392: Total time for which application threads were stopped: 0.0012882 seconds, Stopping threads took: 0.0000229 seconds
2015-04-14T20:50:57.572-0100: 2948.406: [GC (Allocation Failure) 
Desired survivor size 524288 bytes, new threshold 1 (max 15)
[PSYoungGen: 2336K->256K(2560K)] 11188K->9132K(13824K), 0.0009714 secs] [Times: user=0.01 sys=0.00, real=0.00 secs] 
2015-04-14T20:50:57.573-0100: 2948.407: Total time for which application threads were stopped: 0.0011637 seconds, Stopping threads took: 0.0000205 seconds
2015-04-14T20:50:58.580-0100: 2949.413: [GC (Allocation Failure) 
Desired survivor size 524288 bytes, new threshold 1 (max 15)
[PSYoungGen: 2304K->256K(2560K)] 11180K->9156K(13824K), 0.0010395 secs] [Times: user=0.00 sys=0.00, real=0.00 secs] 
2015-04-14T20:50:58.581-0100: 2949.414: Total time for which application threads were stopped: 0.0012220 seconds, Stopping threads took: 0.0000166 seconds
2015-04-14T20:50:59.632-0100: 2950.465: [GC (Allocation Failure) 
Desired survivor size 524288 bytes, new threshold 1 (max 15)
[PSYoungGen: 2304K->256K(2560K)] 11204K->9196K(13824K), 0.0010685 secs] [Times: user=0.00 sys=0.00, real=0.00 secs] 
2015-04-14T20:50:59.633-0100: 2950.466: Total time for which application threads were stopped: 0.0012639 seconds, Stopping threads took: 0.0000222 seconds
2015-04-14T20:51:00.366-0100: 2951.199: [GC (Allocation Failure) 
Desired survivor size 524288 bytes, new threshold 1 (max 15)
[PSYoungGen: 2304K->256K(2560K)] 11244K->9220K(13824K), 0.0008163 secs] [Times: user=0.00 sys=0.00, real=0.00 secs] 
2015-04-14T20:51:00.367-0100: 2951.200: Total time for which application threads were stopped: 0.0009885 seconds, Stopping threads took: 0.0000202 seconds
2015-04-14T20:51:01.386-0100: 2952.220: [GC (Allocation Failure) 
Desired survivor size 524288 bytes, new threshold 1 (max 15)
[PSYoungGen: 2304K->256K(2560K)] 11268K->9260K(13824K), 0.0010999 secs] [Times: user=0.00 sys=0.00, real=0.00 secs] 
2015-04-14T20:51:01.388-0100: 2952.221: Total time for which application threads were stopped: 0.0013039 seconds, Stopping threads took: 0.0000277 seconds
2015-04-14T20:51:02.374-0100: 2953.208: [GC (Allocation Failure) 
Desired survivor size 524288 bytes, new threshold 1 (max 15)
[PSYoungGen: 2304K->224K(2560K)] 11308K->9252K(13824K), 0.0007940 secs] [Times: user=0.01 sys=0.00, real=0.00 secs] 
2015-04-14T20:51:02.375-0100: 2953.209: Total time for which application threads were stopped: 0.0009641 seconds, Stopping threads took: 0.0000193 seconds
2015-04-14T20:51:03.409-0100: 2954.242: [GC (Allocation Failure) 
Desired survivor size 524288 bytes, new threshold 1 (max 15)
[PSYoungGen: 2272K->256K(2560K)] 11300K->9308K(13824K), 0.0007902 secs] [Times: user=0.00 sys=0.00, real=0.01 secs] 
2015-04-14T20:51:03.410-0100: 2954.243: Total time for which application threads were stopped: 0.0009385 seconds, Stopping threads took: 0.0000173 seconds
2015-04-14T20:51:04.446-0100: 2955.279: [GC (Allocation Failure) 
Desired survivor size 524288 bytes, new threshold 1 (max 15)
[PSYoungGen: 2304K->256K(2560K)] 11356K->9348K(13824K), 0.0009214 secs] [Times: user=0.00 sys=0.00, real=0.00 secs] 
2015-04-14T20:51:04.447-0100: 2955.280: Total time for which application threads were stopped: 0.0010974 seconds, Stopping threads took: 0.0000281 seconds
2015-04-14T20:51:05.485-0100: 2956.319: [GC (Allocation Failure) 
Desired survivor size 524288 bytes, new threshold 1 (max 15)
[PSYoungGen: 2304K->256K(2560K)] 11396K->9380K(13824K), 0.0011569 secs] [Times: user=0.01 sys=0.00, real=0.00 secs] 
2015-04-14T20:51:05.486-0100: 2956.320: Total time for which application threads were stopped: 0.0013580 seconds, Stopping threads took: 0.0000241 seconds
2015-04-14T20:51:06.505-0100: 2957.338: [GC (Allocation Failure) 
Desired survivor size 524288 bytes, new threshold 1 (max 15)
[PSYoungGen: 2304K->256K(2560K)] 11428K->9404K(13824K), 0.0011000 secs] [Times: user=0.00 sys=0.00, real=0.00 secs] 
2015-04-14T20:51:06.506-0100: 2957.339: Total time for which application threads were stopped: 0.0012940 seconds, Stopping threads took: 0.0000235 seconds
2015-04-14T20:51:07.539-0100: 2958.372: [GC (Allocation Failure) 
Desired survivor size 524288 bytes, new threshold 1 (max 15)
[PSYoungGen: 2304K->256K(2560K)] 11452K->9444K(13824K), 0.0010938 secs] [Times: user=0.01 sys=0.00, real=0.01 secs] 
2015-04-14T20:51:07.540-0100: 2958.373: Total time for which application threads were stopped: 0.0013337 seconds, Stopping threads took: 0.0000584 seconds
2015-04-14T20:51:08.509-0100: 2959.343: [GC (Allocation Failure) 
Desired survivor size 524288 bytes, new threshold 1 (max 15)
[PSYoungGen: 2304K->288K(2560K)] 11492K->9508K(13824K), 0.0010463 secs] [Times: user=0.00 sys=0.00, real=0.01 secs] 
2015-04-14T20:51:08.511-0100: 2959.344: Total time for which application threads were stopped: 0.0012406 seconds, Stopping threads took: 0.0000220 seconds
2015-04-14T20:51:09.514-0100: 2960.348: [GC (Allocation Failure) 
Desired survivor size 524288 bytes, new threshold 1 (max 15)
[PSYoungGen: 2336K->256K(2560K)] 11556K->9508K(13824K), 0.0010638 secs] [Times: user=0.01 sys=0.00, real=0.00 secs] 
2015-04-14T20:51:09.516-0100: 2960.349: Total time for which application threads were stopped: 0.0012682 seconds, Stopping threads took: 0.0000209 seconds
2015-04-14T20:51:10.531-0100: 2961.364: [GC (Allocation Failure) 
Desired survivor size 524288 bytes, new threshold 1 (max 15)
[PSYoungGen: 2304K->256K(2560K)] 11556K->9540K(13824K), 0.0008843 secs] [Times: user=0.00 sys=0.00, real=0.00 secs] 
2015-04-14T20:51:10.532-0100: 2961.365: Total time for which application threads were stopped: 0.0010435 seconds, Stopping threads took: 0.0000195 seconds
2015-04-14T20:51:11.551-0100: 2962.385: [GC (Allocation Failure) 
Desired survivor size 524288 bytes, new threshold 1 (max 15)
[PSYoungGen: 2304K->256K(2560K)] 11588K->9572K(13824K), 0.0008595 secs] [Times: user=0.00 sys=0.00, real=0.00 secs] 
2015-04-14T20:51:11.552-0100: 2962.386: Total time for which application threads were stopped: 0.0010109 seconds, Stopping threads took: 0.0000133 seconds
2015-04-14T20:51:12.574-0100: 2963.408: [GC (Allocation Failure) 
Desired survivor size 524288 bytes, new threshold 1 (max 15)
[PSYoungGen: 2304K->256K(2560K)] 11620K->9604K(13824K), 0.0010351 secs] [Times: user=0.00 sys=0.00, real=0.00 secs] 
2015-04-14T20:51:12.575-0100: 2963.409: Total time for which application threads were stopped: 0.0012293 seconds, Stopping threads took: 0.0000233 seconds
2015-04-14T20:51:13.644-0100: 2964.478: [GC (Allocation Failure) 
Desired survivor size 524288 bytes, new threshold 1 (max 15)
[PSYoungGen: 2304K->288K(2560K)] 11652K->9668K(13824K), 0.0010931 secs] [Times: user=0.01 sys=0.00, real=0.00 secs] 
2015-04-14T20:51:13.645-0100: 2964.479: Total time for which application threads were stopped: 0.0012871 seconds, Stopping threads took: 0.0000230 seconds
2015-04-14T20:51:14.645-0100: 2965.478: [GC (Allocation Failure) 
Desired survivor size 524288 bytes, new threshold 1 (max 15)
[PSYoungGen: 2336K->288K(2560K)] 11716K->9700K(13824K), 0.0011231 secs] [Times: user=0.00 sys=0.00, real=0.00 secs] 
2015-04-14T20:51:14.646-0100: 2965.479: Total time for which application threads were stopped: 0.0013271 seconds, Stopping threads took: 0.0000290 seconds
2015-04-14T20:51:15.700-0100: 2966.533: [GC (Allocation Failure) 
Desired survivor size 524288 bytes, new threshold 1 (max 15)
[PSYoungGen: 2336K->288K(2560K)] 11748K->9732K(13824K), 0.0010484 secs] [Times: user=0.01 sys=0.00, real=0.00 secs] 
2015-04-14T20:51:15.701-0100: 2966.534: Total time for which application threads were stopped: 0.0012265 seconds, Stopping threads took: 0.0000216 seconds
2015-04-14T20:51:16.754-0100: 2967.587: [GC (Allocation Failure) 
Desired survivor size 524288 bytes, new threshold 1 (max 15)
[PSYoungGen: 2336K->288K(2560K)] 11780K->9756K(13824K), 0.0010939 secs] [Times: user=0.00 sys=0.00, real=0.00 secs] 
2015-04-14T20:51:16.755-0100: 2967.589: Total time for which application threads were stopped: 0.0012762 seconds, Stopping threads took: 0.0000186 seconds
2015-04-14T20:51:17.781-0100: 2968.614: [GC (Allocation Failure) 
Desired survivor size 524288 bytes, new threshold 1 (max 15)
[PSYoungGen: 2336K->256K(2560K)] 11804K->9756K(13824K), 0.0009060 secs] [Times: user=0.01 sys=0.00, real=0.00 secs] 
2015-04-14T20:51:17.782-0100: 2968.615: Total time for which application threads were stopped: 0.0010802 seconds, Stopping threads took: 0.0000183 seconds
2015-04-14T20:51:18.777-0100: 2969.611: [GC (Allocation Failure) 
Desired survivor size 524288 bytes, new threshold 1 (max 15)
[PSYoungGen: 2304K->256K(2560K)] 11804K->9788K(13824K), 0.0010282 secs] [Times: user=0.01 sys=0.00, real=0.00 secs] 
2015-04-14T20:51:18.778-0100: 2969.612: Total time for which application threads were stopped: 0.0012198 seconds, Stopping threads took: 0.0000204 seconds
2015-04-14T20:51:19.779-0100: 2970.613: [GC (Allocation Failure) 
Desired survivor size 524288 bytes, new threshold 1 (max 15)
[PSYoungGen: 2304K->256K(2560K)] 11836K->9812K(13824K), 0.0010652 secs] [Times: user=0.00 sys=0.00, real=0.01 secs] 
2015-04-14T20:51:19.780-0100: 2970.614: Total time for which application threads were stopped: 0.0012693 seconds, Stopping threads took: 0.0000211 seconds
2015-04-14T20:51:20.832-0100: 2971.666: [GC (Allocation Failure) 
Desired survivor size 524288 bytes, new threshold 1 (max 15)
[PSYoungGen: 2304K->288K(2560K)] 11860K->9884K(13824K), 0.0010851 secs] [Times: user=0.00 sys=0.00, real=0.00 secs] 
2015-04-14T20:51:20.833-0100: 2971.667: Total time for which application threads were stopped: 0.0012725 seconds, Stopping threads took: 0.0000215 seconds
2015-04-14T20:51:21.862-0100: 2972.696: [GC (Allocation Failure) 
Desired survivor size 524288 bytes, new threshold 1 (max 15)
[PSYoungGen: 2336K->256K(2560K)] 11932K->9884K(13824K), 0.0012649 secs] [Times: user=0.00 sys=0.00, real=0.00 secs] 
2015-04-14T20:51:21.864-0100: 2972.698: Total time for which application threads were stopped: 0.0015258 seconds, Stopping threads took: 0.0000469 seconds
2015-04-14T20:51:22.938-0100: 2973.772: [GC (Allocation Failure) 
Desired survivor size 524288 bytes, new threshold 1 (max 15)
[PSYoungGen: 2304K->288K(2560K)] 11932K->9948K(13824K), 0.0010925 secs] [Times: user=0.00 sys=0.00, real=0.00 secs] 
2015-04-14T20:51:22.939-0100: 2973.773: Total time for which application threads were stopped: 0.0012787 seconds, Stopping threads took: 0.0000216 seconds
2015-04-14T20:51:23.925-0100: 2974.759: [GC (Allocation Failure) 
Desired survivor size 524288 bytes, new threshold 1 (max 15)
[PSYoungGen: 2335K->256K(2560K)] 11996K->9956K(13824K), 0.0009700 secs] [Times: user=0.01 sys=0.00, real=0.00 secs] 
2015-04-14T20:51:23.926-0100: 2974.760: Total time for which application threads were stopped: 0.0011659 seconds, Stopping threads took: 0.0000190 seconds
2015-04-14T20:51:24.992-0100: 2975.826: [GC (Allocation Failure) 
Desired survivor size 524288 bytes, new threshold 1 (max 15)
[PSYoungGen: 2304K->288K(2560K)] 12004K->10020K(13824K), 0.0011170 secs] [Times: user=0.00 sys=0.00, real=0.00 secs] 
2015-04-14T20:51:24.993-0100: 2975.827: Total time for which application threads were stopped: 0.0013230 seconds, Stopping threads took: 0.0000255 seconds
2015-04-14T20:51:26.031-0100: 2976.865: [GC (Allocation Failure) 
Desired survivor size 524288 bytes, new threshold 1 (max 15)
[PSYoungGen: 2336K->288K(2560K)] 12068K->10052K(13824K), 0.0009928 secs] [Times: user=0.00 sys=0.00, real=0.00 secs] 
2015-04-14T20:51:26.032-0100: 2976.866: Total time for which application threads were stopped: 0.0011772 seconds, Stopping threads took: 0.0000223 seconds
2015-04-14T20:51:27.102-0100: 2977.936: [GC (Allocation Failure) 
Desired survivor size 524288 bytes, new threshold 1 (max 15)
[PSYoungGen: 2336K->256K(2560K)] 12100K->10052K(13824K), 0.0010281 secs] [Times: user=0.00 sys=0.00, real=0.00 secs] 
2015-04-14T20:51:27.103-0100: 2977.937: Total time for which application threads were stopped: 0.0012381 seconds, Stopping threads took: 0.0000214 seconds
2015-04-14T20:51:28.186-0100: 2979.020: [GC (Allocation Failure) 
Desired survivor size 524288 bytes, new threshold 1 (max 15)
[PSYoungGen: 2304K->288K(2560K)] 12100K->10108K(13824K), 0.0010607 secs] [Times: user=0.00 sys=0.00, real=0.00 secs] 
2015-04-14T20:51:28.188-0100: 2979.021: Total time for which application threads were stopped: 0.0012660 seconds, Stopping threads took: 0.0000272 seconds
2015-04-14T20:51:29.176-0100: 2980.010: [GC (Allocation Failure) 
Desired survivor size 524288 bytes, new threshold 1 (max 15)
[PSYoungGen: 2336K->288K(2560K)] 12156K->10148K(13824K), 0.0009940 secs] [Times: user=0.01 sys=0.00, real=0.00 secs] 
2015-04-14T20:51:29.177-0100: 2980.011: Total time for which application threads were stopped: 0.0011671 seconds, Stopping threads took: 0.0000205 seconds
2015-04-14T20:51:30.211-0100: 2981.045: [GC (Allocation Failure) 
Desired survivor size 524288 bytes, new threshold 1 (max 15)
[PSYoungGen: 2336K->256K(2560K)] 12196K->10140K(13824K), 0.0010294 secs] [Times: user=0.00 sys=0.00, real=0.00 secs] 
2015-04-14T20:51:30.213-0100: 2981.046: Total time for which application threads were stopped: 0.0012248 seconds, Stopping threads took: 0.0000225 seconds
2015-04-14T20:51:31.216-0100: 2982.050: [GC (Allocation Failure) 
Desired survivor size 524288 bytes, new threshold 1 (max 15)
[PSYoungGen: 2304K->256K(2560K)] 12188K->10164K(13824K), 0.0010159 secs] [Times: user=0.00 sys=0.00, real=0.00 secs] 
2015-04-14T20:51:31.217-0100: 2982.051: Total time for which application threads were stopped: 0.0012068 seconds, Stopping threads took: 0.0000216 seconds
2015-04-14T20:51:32.266-0100: 2983.100: [GC (Allocation Failure) 
Desired survivor size 524288 bytes, new threshold 1 (max 15)
[PSYoungGen: 2304K->256K(2560K)] 12212K->10196K(13824K), 0.0010345 secs] [Times: user=0.00 sys=0.00, real=0.00 secs] 
2015-04-14T20:51:32.267-0100: 2983.101: Total time for which application threads were stopped: 0.0012329 seconds, Stopping threads took: 0.0000274 seconds
2015-04-14T20:51:33.321-0100: 2984.155: [GC (Allocation Failure) 
Desired survivor size 524288 bytes, new threshold 1 (max 15)
[PSYoungGen: 2304K->256K(2560K)] 12244K->10212K(13824K), 0.0010066 secs] [Times: user=0.00 sys=0.00, real=0.00 secs] 
2015-04-14T20:51:33.322-0100: 2984.156: Total time for which application threads were stopped: 0.0011942 seconds, Stopping threads took: 0.0000202 seconds
2015-04-14T20:51:34.341-0100: 2985.175: [GC (Allocation Failure) 
Desired survivor size 524288 bytes, new threshold 1 (max 15)
[PSYoungGen: 2304K->288K(2560K)] 12260K->10276K(13824K), 0.0010975 secs] [Times: user=0.00 sys=0.00, real=0.00 secs] 
2015-04-14T20:51:34.342-0100: 2985.176: Total time for which application threads were stopped: 0.0012853 seconds, Stopping threads took: 0.0000190 seconds
2015-04-14T20:51:35.326-0100: 2986.160: [GC (Allocation Failure) 
Desired survivor size 524288 bytes, new threshold 1 (max 15)
[PSYoungGen: 2336K->288K(2560K)] 12324K->10308K(13824K), 0.0010561 secs] [Times: user=0.01 sys=0.00, real=0.00 secs] 
2015-04-14T20:51:35.327-0100: 2986.161: Total time for which application threads were stopped: 0.0012618 seconds, Stopping threads took: 0.0000291 seconds
2015-04-14T20:51:36.331-0100: 2987.165: [GC (Allocation Failure) 
Desired survivor size 524288 bytes, new threshold 1 (max 15)
[PSYoungGen: 2336K->256K(2560K)] 12356K->10300K(13824K), 0.0010930 secs] [Times: user=0.01 sys=0.00, real=0.00 secs] 
2015-04-14T20:51:36.332-0100: 2987.166: Total time for which application threads were stopped: 0.0013015 seconds, Stopping threads took: 0.0000217 seconds
2015-04-14T20:51:37.369-0100: 2988.203: [GC (Allocation Failure) 
Desired survivor size 524288 bytes, new threshold 1 (max 15)
[PSYoungGen: 2304K->288K(2560K)] 12348K->10356K(13824K), 0.0010034 secs] [Times: user=0.01 sys=0.00, real=0.01 secs] 
2015-04-14T20:51:37.370-0100: 2988.204: Total time for which application threads were stopped: 0.0011818 seconds, Stopping threads took: 0.0000224 seconds
2015-04-14T20:51:38.435-0100: 2989.269: [GC (Allocation Failure) 
Desired survivor size 524288 bytes, new threshold 1 (max 15)
[PSYoungGen: 2336K->256K(2560K)] 12404K->10348K(13824K), 0.0010417 secs] [Times: user=0.00 sys=0.00, real=0.00 secs] 
2015-04-14T20:51:38.436-0100: 2989.270: Total time for which application threads were stopped: 0.0012369 seconds, Stopping threads took: 0.0000234 seconds
2015-04-14T20:51:39.474-0100: 2990.308: [GC (Allocation Failure) 
Desired survivor size 524288 bytes, new threshold 1 (max 15)
[PSYoungGen: 2304K->256K(2560K)] 12396K->10388K(13824K), 0.0010161 secs] [Times: user=0.00 sys=0.00, real=0.00 secs] 
2015-04-14T20:51:39.475-0100: 2990.309: Total time for which application threads were stopped: 0.0012085 seconds, Stopping threads took: 0.0000230 seconds
2015-04-14T20:51:40.427-0100: 2991.261: [GC (Allocation Failure) 
Desired survivor size 524288 bytes, new threshold 1 (max 15)
[PSYoungGen: 2304K->288K(2560K)] 12436K->10444K(13824K), 0.0010726 secs] [Times: user=0.00 sys=0.00, real=0.00 secs] 
2015-04-14T20:51:40.428-0100: 2991.262: Total time for which application threads were stopped: 0.0012700 seconds, Stopping threads took: 0.0000223 seconds
2015-04-14T20:51:41.413-0100: 2992.247: [GC (Allocation Failure) 
Desired survivor size 524288 bytes, new threshold 1 (max 15)
[PSYoungGen: 2336K->256K(2560K)] 12492K->10452K(13824K), 0.0010554 secs] [Times: user=0.01 sys=0.00, real=0.00 secs] 
2015-04-14T20:51:41.414-0100: 2992.248: Total time for which application threads were stopped: 0.0012601 seconds, Stopping threads took: 0.0000220 seconds
2015-04-14T20:51:42.331-0100: 2993.165: [GC (Allocation Failure) 
Desired survivor size 524288 bytes, new threshold 1 (max 15)
[PSYoungGen: 2304K->224K(2560K)] 12500K->10444K(13824K), 0.0007827 secs] [Times: user=0.01 sys=0.00, real=0.00 secs] 
2015-04-14T20:51:42.332-0100: 2993.166: Total time for which application threads were stopped: 0.0009290 seconds, Stopping threads took: 0.0000152 seconds
2015-04-14T20:51:43.235-0100: 2994.069: [GC (Allocation Failure) 
Desired survivor size 524288 bytes, new threshold 1 (max 15)
[PSYoungGen: 2272K->256K(2560K)] 12492K->10508K(13824K), 0.0010568 secs] [Times: user=0.00 sys=0.00, real=0.00 secs] 
2015-04-14T20:51:43.236-0100: 2994.070: Total time for which application threads were stopped: 0.0012436 seconds, Stopping threads took: 0.0000205 seconds
2015-04-14T20:51:44.072-0100: 2994.907: [GC (Allocation Failure) 
Desired survivor size 524288 bytes, new threshold 1 (max 15)
[PSYoungGen: 2304K->256K(2560K)] 12556K->10548K(13824K), 0.0010285 secs] [Times: user=0.00 sys=0.00, real=0.00 secs] 
2015-04-14T20:51:44.074-0100: 2994.908: Total time for which application threads were stopped: 0.0012253 seconds, Stopping threads took: 0.0000238 seconds
2015-04-14T20:51:44.991-0100: 2995.825: [GC (Allocation Failure) 
Desired survivor size 524288 bytes, new threshold 1 (max 15)
[PSYoungGen: 2304K->288K(2560K)] 12596K->10604K(13824K), 0.0010116 secs] [Times: user=0.00 sys=0.00, real=0.00 secs] 
2015-04-14T20:51:44.992-0100: 2995.826: Total time for which application threads were stopped: 0.0012210 seconds, Stopping threads took: 0.0000241 seconds
2015-04-14T20:51:45.860-0100: 2996.694: [GC (Allocation Failure) 
Desired survivor size 524288 bytes, new threshold 1 (max 15)
[PSYoungGen: 2336K->256K(2560K)] 12652K->10604K(13824K), 0.0010191 secs] [Times: user=0.00 sys=0.00, real=0.00 secs] 
2015-04-14T20:51:45.861-0100: 2996.695: Total time for which application threads were stopped: 0.0012189 seconds, Stopping threads took: 0.0000224 seconds
2015-04-14T20:51:46.696-0100: 2997.530: [GC (Allocation Failure) 
Desired survivor size 524288 bytes, new threshold 1 (max 15)
[PSYoungGen: 2304K->288K(2560K)] 12652K->10676K(13824K), 0.0010139 secs] [Times: user=0.00 sys=0.00, real=0.00 secs] 
2015-04-14T20:51:46.697-0100: 2997.531: Total time for which application threads were stopped: 0.0011935 seconds, Stopping threads took: 0.0000200 seconds
2015-04-14T20:51:47.566-0100: 2998.401: [GC (Allocation Failure) 
Desired survivor size 524288 bytes, new threshold 1 (max 15)
[PSYoungGen: 2336K->288K(2560K)] 12724K->10708K(13824K), 0.0011223 secs] [Times: user=0.01 sys=0.00, real=0.00 secs] 
2015-04-14T20:51:47.568-0100: 2998.402: Total time for which application threads were stopped: 0.0013136 seconds, Stopping threads took: 0.0000221 seconds
2015-04-14T20:51:48.485-0100: 2999.319: [GC (Allocation Failure) 
Desired survivor size 524288 bytes, new threshold 1 (max 15)
[PSYoungGen: 2336K->288K(2560K)] 12756K->10732K(13824K), 0.0010645 secs] [Times: user=0.01 sys=0.00, real=0.00 secs] 
2015-04-14T20:51:48.486-0100: 2999.321: Total time for which application threads were stopped: 0.0012434 seconds, Stopping threads took: 0.0000220 seconds
2015-04-14T20:51:49.437-0100: 3000.271: [GC (Allocation Failure) 
Desired survivor size 524288 bytes, new threshold 1 (max 15)
[PSYoungGen: 2336K->288K(2560K)] 12780K->10764K(13824K), 0.0010019 secs] [Times: user=0.00 sys=0.00, real=0.00 secs] 
2015-04-14T20:51:49.438-0100: 3000.272: Total time for which application threads were stopped: 0.0011931 seconds, Stopping threads took: 0.0000214 seconds
2015-04-14T20:51:50.425-0100: 3001.259: [GC (Allocation Failure) 
Desired survivor size 524288 bytes, new threshold 1 (max 15)
[PSYoungGen: 2336K->224K(2560K)] 12812K->10716K(13824K), 0.0007846 secs] [Times: user=0.00 sys=0.00, real=0.00 secs] 
2015-04-14T20:51:50.426-0100: 3001.260: Total time for which application threads were stopped: 0.0009272 seconds, Stopping threads took: 0.0000156 seconds
2015-04-14T20:51:51.442-0100: 3002.276: [GC (Allocation Failure) 
Desired survivor size 524288 bytes, new threshold 1 (max 15)
[PSYoungGen: 2272K->192K(2560K)] 12764K->10708K(13824K), 0.0009985 secs] [Times: user=0.00 sys=0.00, real=0.00 secs] 
2015-04-14T20:51:51.443-0100: 3002.277: Total time for which application threads were stopped: 0.0011831 seconds, Stopping threads took: 0.0000224 seconds
2015-04-14T20:51:52.431-0100: 3003.266: [GC (Allocation Failure) 
Desired survivor size 524288 bytes, new threshold 1 (max 15)
[PSYoungGen: 2240K->256K(2560K)] 12756K->10796K(13824K), 0.0010438 secs] [Times: user=0.00 sys=0.00, real=0.00 secs] 
2015-04-14T20:51:52.432-0100: 3003.267: Total time for which application threads were stopped: 0.0012288 seconds, Stopping threads took: 0.0000212 seconds
2015-04-14T20:51:53.469-0100: 3004.303: [GC (Allocation Failure) 
Desired survivor size 524288 bytes, new threshold 1 (max 15)
[PSYoungGen: 2304K->256K(2560K)] 12844K->10820K(13824K), 0.0010600 secs] [Times: user=0.00 sys=0.00, real=0.01 secs] 
2015-04-14T20:51:53.470-0100: 3004.304: Total time for which application threads were stopped: 0.0012506 seconds, Stopping threads took: 0.0000217 seconds
2015-04-14T20:51:54.486-0100: 3005.320: [GC (Allocation Failure) 
Desired survivor size 524288 bytes, new threshold 1 (max 15)
[PSYoungGen: 2304K->256K(2560K)] 12868K->10852K(13824K), 0.0010310 secs] [Times: user=0.00 sys=0.00, real=0.00 secs] 
2015-04-14T20:51:54.487-0100: 3005.321: Total time for which application threads were stopped: 0.0012316 seconds, Stopping threads took: 0.0000262 seconds
2015-04-14T20:51:55.541-0100: 3006.375: [GC (Allocation Failure) 
Desired survivor size 524288 bytes, new threshold 1 (max 15)
[PSYoungGen: 2304K->256K(2560K)] 12900K->10876K(13824K), 0.0009440 secs] [Times: user=0.00 sys=0.00, real=0.00 secs] 
2015-04-14T20:51:55.542-0100: 3006.376: Total time for which application threads were stopped: 0.0011291 seconds, Stopping threads took: 0.0000202 seconds
2015-04-14T20:51:56.561-0100: 3007.396: [GC (Allocation Failure) 
Desired survivor size 524288 bytes, new threshold 1 (max 15)
[PSYoungGen: 2304K->288K(2560K)] 12924K->10940K(13824K), 0.0010486 secs] [Times: user=0.00 sys=0.00, real=0.00 secs] 
2015-04-14T20:51:56.563-0100: 3007.397: Total time for which application threads were stopped: 0.0012620 seconds, Stopping threads took: 0.0000229 seconds
2015-04-14T20:51:57.549-0100: 3008.383: [GC (Allocation Failure) 
Desired survivor size 524288 bytes, new threshold 1 (max 15)
[PSYoungGen: 2336K->288K(2560K)] 12988K->10972K(13824K), 0.0010439 secs] [Times: user=0.00 sys=0.00, real=0.01 secs] 
2015-04-14T20:51:57.550-0100: 3008.384: Total time for which application threads were stopped: 0.0012373 seconds, Stopping threads took: 0.0000230 seconds
2015-04-14T20:51:58.565-0100: 3009.399: [GC (Allocation Failure) 
Desired survivor size 524288 bytes, new threshold 1 (max 15)
[PSYoungGen: 2336K->256K(2560K)] 13020K->10980K(13824K), 0.0010237 secs] [Times: user=0.01 sys=0.00, real=0.00 secs] 
2015-04-14T20:51:58.566-0100: 3009.400: Total time for which application threads were stopped: 0.0012625 seconds, Stopping threads took: 0.0000395 seconds
2015-04-14T20:51:59.589-0100: 3010.423: [GC (Allocation Failure) 
Desired survivor size 524288 bytes, new threshold 1 (max 15)
[PSYoungGen: 2304K->256K(2560K)] 13028K->11012K(13824K), 0.0010018 secs] [Times: user=0.01 sys=0.00, real=0.01 secs] 
2015-04-14T20:51:59.590-0100: 3010.424: Total time for which application threads were stopped: 0.0011955 seconds, Stopping threads took: 0.0000240 seconds
2015-04-14T20:52:00.422-0100: 3011.256: [GC (Allocation Failure) 
Desired survivor size 524288 bytes, new threshold 1 (max 15)
[PSYoungGen: 2304K->288K(2560K)] 13060K->11068K(13824K), 0.0010708 secs] [Times: user=0.01 sys=0.00, real=0.00 secs] 
2015-04-14T20:52:00.423-0100: 3011.258: Total time for which application threads were stopped: 0.0012667 seconds, Stopping threads took: 0.0000245 seconds
2015-04-14T20:52:01.475-0100: 3012.309: [GC (Allocation Failure) 
Desired survivor size 524288 bytes, new threshold 1 (max 15)
[PSYoungGen: 2336K->288K(2560K)] 13116K->11108K(13824K), 0.0009427 secs] [Times: user=0.00 sys=0.00, real=0.00 secs] 
2015-04-14T20:52:01.476-0100: 3012.310: Total time for which application threads were stopped: 0.0010939 seconds, Stopping threads took: 0.0000178 seconds
2015-04-14T20:52:02.496-0100: 3013.331: [GC (Allocation Failure) 
Desired survivor size 524288 bytes, new threshold 1 (max 15)
[PSYoungGen: 2336K->256K(2560K)] 13156K->11100K(13824K), 0.0008073 secs] [Times: user=0.00 sys=0.00, real=0.00 secs] 
2015-04-14T20:52:02.497-0100: 3013.332: Total time for which application threads were stopped: 0.0009434 seconds, Stopping threads took: 0.0000159 seconds
2015-04-14T20:52:03.497-0100: 3014.331: [GC (Allocation Failure) 
Desired survivor size 524288 bytes, new threshold 1 (max 15)
[PSYoungGen: 2304K->288K(2560K)] 13148K->11164K(13824K), 0.0009999 secs] [Times: user=0.01 sys=0.00, real=0.00 secs] 
2015-04-14T20:52:03.498-0100: 3014.332: Total time for which application threads were stopped: 0.0012003 seconds, Stopping threads took: 0.0000241 seconds
2015-04-14T20:52:04.487-0100: 3015.321: [GC (Allocation Failure) 
Desired survivor size 524288 bytes, new threshold 1 (max 15)
[PSYoungGen: 2336K->288K(2560K)] 13212K->11196K(13824K), 0.0010313 secs] [Times: user=0.00 sys=0.00, real=0.00 secs] 
2015-04-14T20:52:04.488-0100: 3015.322: Total time for which application threads were stopped: 0.0012406 seconds, Stopping threads took: 0.0000229 seconds
2015-04-14T20:52:05.524-0100: 3016.358: [GC (Allocation Failure) 
Desired survivor size 524288 bytes, new threshold 1 (max 15)
[PSYoungGen: 2336K->256K(2560K)] 13244K->11188K(13824K), 0.0010714 secs] [Times: user=0.01 sys=0.00, real=0.00 secs] 
2015-04-14T20:52:05.525-0100: 3016.359: Total time for which application threads were stopped: 0.0012539 seconds, Stopping threads took: 0.0000233 seconds
2015-04-14T20:52:06.593-0100: 3017.428: [GC (Allocation Failure) 
Desired survivor size 524288 bytes, new threshold 1 (max 15)
[PSYoungGen: 2304K->256K(2560K)] 13236K->11212K(13824K), 0.0010431 secs] [Times: user=0.01 sys=0.00, real=0.00 secs] 
2015-04-14T20:52:06.594-0100: 3017.429: Total time for which application threads were stopped: 0.0012437 seconds, Stopping threads took: 0.0000235 seconds
2015-04-14T20:52:07.644-0100: 3018.479: [GC (Allocation Failure) 
Desired survivor size 524288 bytes, new threshold 1 (max 15)
[PSYoungGen: 2304K->256K(2560K)] 13260K->11228K(13824K), 0.0010894 secs] [Times: user=0.00 sys=0.00, real=0.00 secs] 
2015-04-14T20:52:07.645-0100: 3018.480: Total time for which application threads were stopped: 0.0012941 seconds, Stopping threads took: 0.0000270 seconds
2015-04-14T20:52:08.667-0100: 3019.502: [GC (Allocation Failure) 
Desired survivor size 524288 bytes, new threshold 1 (max 15)
[PSYoungGen: 2304K->256K(2560K)] 13276K->11260K(13824K), 0.0010499 secs] [Times: user=0.00 sys=0.00, real=0.00 secs] 
2015-04-14T20:52:08.668-0100: 3019.503: Total time for which application threads were stopped: 0.0012473 seconds, Stopping threads took: 0.0000226 seconds
2015-04-14T20:52:09.670-0100: 3020.504: [GC (Allocation Failure) 
Desired survivor size 524288 bytes, new threshold 1 (max 15)
[PSYoungGen: 2304K->288K(2560K)] 13308K->11316K(13824K), 0.0010530 secs] [Times: user=0.00 sys=0.00, real=0.00 secs] 
2015-04-14T20:52:09.671-0100: 3020.506: Total time for which application threads were stopped: 0.0012516 seconds, Stopping threads took: 0.0000227 seconds
2015-04-14T20:52:10.671-0100: 3021.506: [GC (Allocation Failure) 
Desired survivor size 524288 bytes, new threshold 1 (max 15)
[PSYoungGen: 2336K->256K(2560K)] 13364K->11324K(13824K), 0.0008646 secs] [Times: user=0.01 sys=0.00, real=0.00 secs] 
2015-04-14T20:52:10.672-0100: 3021.507: Total time for which application threads were stopped: 0.0010415 seconds, Stopping threads took: 0.0000214 seconds
2015-04-14T20:52:11.723-0100: 3022.558: [GC (Allocation Failure) 
Desired survivor size 524288 bytes, new threshold 1 (max 15)
[PSYoungGen: 2304K->288K(2560K)] 13372K->11380K(13824K), 0.0009614 secs] [Times: user=0.00 sys=0.00, real=0.00 secs] 
2015-04-14T20:52:11.724-0100: 3022.559: Total time for which application threads were stopped: 0.0011560 seconds, Stopping threads took: 0.0000257 seconds
2015-04-14T20:52:12.729-0100: 3023.563: [GC (Allocation Failure) 
Desired survivor size 524288 bytes, new threshold 1 (max 15)
[PSYoungGen: 2336K->224K(2560K)] 13428K->11340K(13824K), 0.0007954 secs] [Times: user=0.00 sys=0.00, real=0.00 secs] 
2015-04-14T20:52:12.729-0100: 3023.564: Total time for which application threads were stopped: 0.0009358 seconds, Stopping threads took: 0.0000152 seconds
2015-04-14T20:52:13.732-0100: 3024.566: [GC (Allocation Failure) 
Desired survivor size 524288 bytes, new threshold 1 (max 15)
[PSYoungGen: 2272K->256K(2560K)] 13388K->11412K(13824K), 0.0011171 secs] [Times: user=0.00 sys=0.00, real=0.00 secs] 
2015-04-14T20:52:13.733-0100: 3024.567: Total time for which application threads were stopped: 0.0013253 seconds, Stopping threads took: 0.0000235 seconds
2015-04-14T20:52:14.736-0100: 3025.571: [GC (Allocation Failure) 
Desired survivor size 524288 bytes, new threshold 1 (max 15)
[PSYoungGen: 2304K->256K(2560K)] 13460K->11436K(13824K), 0.0010605 secs] [Times: user=0.01 sys=0.00, real=0.00 secs] 
2015-04-14T20:52:14.737-0100: 3025.572: Total time for which application threads were stopped: 0.0012947 seconds, Stopping threads took: 0.0000241 seconds
2015-04-14T20:52:15.751-0100: 3026.585: [GC (Allocation Failure) 
Desired survivor size 524288 bytes, new threshold 1 (max 15)
[PSYoungGen: 2304K->224K(2560K)] 13484K->11436K(13824K), 0.0008772 secs] [Times: user=0.00 sys=0.00, real=0.00 secs] 
2015-04-14T20:52:15.752-0100: 3026.586: Total time for which application threads were stopped: 0.0010602 seconds, Stopping threads took: 0.0000189 seconds
2015-04-14T20:52:16.741-0100: 3027.575: [GC (Allocation Failure) 
Desired survivor size 524288 bytes, new threshold 1 (max 15)
[PSYoungGen: 2272K->256K(2560K)] 13484K->11500K(13824K), 0.0010091 secs] [Times: user=0.01 sys=0.00, real=0.00 secs] 
2015-04-14T20:52:16.742-0100: 3027.576: [Full GC (Ergonomics) [PSYoungGen: 256K->0K(2560K)] [ParOldGen: 11244K->8349K(11264K)] 11500K->8349K(13824K), [Metaspace: 17887K->17887K(1064960K)], 0.0170721 secs] [Times: user=0.05 sys=0.00, real=0.01 secs] 
2015-04-14T20:52:16.759-0100: 3027.593: Total time for which application threads were stopped: 0.0183683 seconds, Stopping threads took: 0.0000227 seconds
2015-04-14T20:52:17.795-0100: 3028.630: [GC (Allocation Failure) 
Desired survivor size 524288 bytes, new threshold 1 (max 15)
[PSYoungGen: 2048K->256K(2560K)] 10397K->8605K(13824K), 0.0010975 secs] [Times: user=0.00 sys=0.00, real=0.00 secs] 
2015-04-14T20:52:17.797-0100: 3028.631: Total time for which application threads were stopped: 0.0012931 seconds, Stopping threads took: 0.0000228 seconds
2015-04-14T20:52:18.798-0100: 3029.633: [GC (Allocation Failure) 
Desired survivor size 524288 bytes, new threshold 1 (max 15)
[PSYoungGen: 2304K->288K(2560K)] 10653K->8677K(13824K), 0.0010753 secs] [Times: user=0.01 sys=0.00, real=0.00 secs] 
2015-04-14T20:52:18.799-0100: 3029.634: Total time for which application threads were stopped: 0.0012674 seconds, Stopping threads took: 0.0000207 seconds
2015-04-14T20:52:19.798-0100: 3030.632: [GC (Allocation Failure) 
Desired survivor size 524288 bytes, new threshold 1 (max 15)
[PSYoungGen: 2336K->288K(2560K)] 10725K->8701K(13824K), 0.0011177 secs] [Times: user=0.01 sys=0.00, real=0.00 secs] 
2015-04-14T20:52:19.799-0100: 3030.633: Total time for which application threads were stopped: 0.0013383 seconds, Stopping threads took: 0.0000232 seconds
2015-04-14T20:52:20.771-0100: 3031.605: [GC (Allocation Failure) 
Desired survivor size 524288 bytes, new threshold 1 (max 15)
[PSYoungGen: 2336K->288K(2560K)] 10749K->8733K(13824K), 0.0009770 secs] [Times: user=0.00 sys=0.00, real=0.00 secs] 
2015-04-14T20:52:20.772-0100: 3031.606: Total time for which application threads were stopped: 0.0011583 seconds, Stopping threads took: 0.0000225 seconds
2015-04-14T20:52:21.808-0100: 3032.643: [GC (Allocation Failure) 
Desired survivor size 524288 bytes, new threshold 1 (max 15)
[PSYoungGen: 2336K->256K(2560K)] 10781K->8741K(13824K), 0.0010105 secs] [Times: user=0.00 sys=0.00, real=0.00 secs] 
2015-04-14T20:52:21.809-0100: 3032.644: Total time for which application threads were stopped: 0.0012108 seconds, Stopping threads took: 0.0000241 seconds
2015-04-14T20:52:22.842-0100: 3033.676: [GC (Allocation Failure) 
Desired survivor size 524288 bytes, new threshold 1 (max 15)
[PSYoungGen: 2304K->224K(2560K)] 10789K->8741K(13824K), 0.0008445 secs] [Times: user=0.01 sys=0.00, real=0.00 secs] 
2015-04-14T20:52:22.843-0100: 3033.677: Total time for which application threads were stopped: 0.0010148 seconds, Stopping threads took: 0.0000165 seconds
2015-04-14T20:52:23.846-0100: 3034.681: [GC (Allocation Failure) 
Desired survivor size 524288 bytes, new threshold 1 (max 15)
[PSYoungGen: 2272K->256K(2560K)] 10789K->8805K(13824K), 0.0007759 secs] [Times: user=0.01 sys=0.00, real=0.00 secs] 
2015-04-14T20:52:23.847-0100: 3034.681: Total time for which application threads were stopped: 0.0009147 seconds, Stopping threads took: 0.0000152 seconds
2015-04-14T20:52:24.851-0100: 3035.685: [GC (Allocation Failure) 
Desired survivor size 524288 bytes, new threshold 1 (max 15)
[PSYoungGen: 2304K->288K(2560K)] 10853K->8861K(13824K), 0.0009077 secs] [Times: user=0.01 sys=0.00, real=0.00 secs] 
2015-04-14T20:52:24.852-0100: 3035.686: Total time for which application threads were stopped: 0.0011230 seconds, Stopping threads took: 0.0000222 seconds
2015-04-14T20:52:25.920-0100: 3036.755: [GC (Allocation Failure) 
Desired survivor size 524288 bytes, new threshold 1 (max 15)
[PSYoungGen: 2336K->256K(2560K)] 10909K->8869K(13824K), 0.0010699 secs] [Times: user=0.01 sys=0.00, real=0.00 secs] 
2015-04-14T20:52:25.921-0100: 3036.756: Total time for which application threads were stopped: 0.0012673 seconds, Stopping threads took: 0.0000236 seconds
2015-04-14T20:52:26.955-0100: 3037.790: [GC (Allocation Failure) 
Desired survivor size 524288 bytes, new threshold 1 (max 15)
[PSYoungGen: 2304K->288K(2560K)] 10917K->8925K(13824K), 0.0010569 secs] [Times: user=0.00 sys=0.00, real=0.00 secs] 
2015-04-14T20:52:26.956-0100: 3037.791: Total time for which application threads were stopped: 0.0013500 seconds, Stopping threads took: 0.0000526 seconds
2015-04-14T20:52:28.010-0100: 3038.845: [GC (Allocation Failure) 
Desired survivor size 524288 bytes, new threshold 1 (max 15)
[PSYoungGen: 2336K->256K(2560K)] 10973K->8925K(13824K), 0.0010303 secs] [Times: user=0.00 sys=0.00, real=0.00 secs] 
2015-04-14T20:52:28.011-0100: 3038.846: Total time for which application threads were stopped: 0.0012455 seconds, Stopping threads took: 0.0000248 seconds
2015-04-14T20:52:29.030-0100: 3039.865: [GC (Allocation Failure) 
Desired survivor size 524288 bytes, new threshold 1 (max 15)
[PSYoungGen: 2304K->288K(2560K)] 10973K->9005K(13824K), 0.0010430 secs] [Times: user=0.00 sys=0.00, real=0.00 secs] 
2015-04-14T20:52:29.031-0100: 3039.866: Total time for which application threads were stopped: 0.0012443 seconds, Stopping threads took: 0.0000235 seconds
2015-04-14T20:52:30.047-0100: 3040.882: [GC (Allocation Failure) 
Desired survivor size 524288 bytes, new threshold 1 (max 15)
[PSYoungGen: 2336K->160K(2560K)] 11053K->8893K(13824K), 0.0010431 secs] [Times: user=0.00 sys=0.00, real=0.00 secs] 
2015-04-14T20:52:30.048-0100: 3040.883: Total time for which application threads were stopped: 0.0012492 seconds, Stopping threads took: 0.0000264 seconds
2015-04-14T20:52:31.038-0100: 3041.873: [GC (Allocation Failure) 
Desired survivor size 524288 bytes, new threshold 1 (max 15)
[PSYoungGen: 2208K->256K(2560K)] 10941K->9029K(13824K), 0.0009960 secs] [Times: user=0.01 sys=0.00, real=0.00 secs] 
2015-04-14T20:52:31.039-0100: 3041.874: Total time for which application threads were stopped: 0.0011859 seconds, Stopping threads took: 0.0000227 seconds
2015-04-14T20:52:32.041-0100: 3042.875: [GC (Allocation Failure) 
Desired survivor size 524288 bytes, new threshold 1 (max 15)
[PSYoungGen: 2304K->256K(2560K)] 11077K->9053K(13824K), 0.0010898 secs] [Times: user=0.00 sys=0.01, real=0.00 secs] 
2015-04-14T20:52:32.042-0100: 3042.877: Total time for which application threads were stopped: 0.0012890 seconds, Stopping threads took: 0.0000229 seconds
2015-04-14T20:52:33.059-0100: 3043.894: [GC (Allocation Failure) 
Desired survivor size 524288 bytes, new threshold 1 (max 15)
[PSYoungGen: 2304K->256K(2560K)] 11101K->9077K(13824K), 0.0008281 secs] [Times: user=0.01 sys=0.00, real=0.01 secs] 
2015-04-14T20:52:33.060-0100: 3043.895: Total time for which application threads were stopped: 0.0009827 seconds, Stopping threads took: 0.0000154 seconds
2015-04-14T20:52:34.094-0100: 3044.929: [GC (Allocation Failure) 
Desired survivor size 524288 bytes, new threshold 1 (max 15)
[PSYoungGen: 2304K->288K(2560K)] 11125K->9133K(13824K), 0.0010687 secs] [Times: user=0.00 sys=0.00, real=0.00 secs] 
2015-04-14T20:52:34.095-0100: 3044.930: Total time for which application threads were stopped: 0.0012834 seconds, Stopping threads took: 0.0000228 seconds
2015-04-14T20:52:35.099-0100: 3045.934: [GC (Allocation Failure) 
Desired survivor size 524288 bytes, new threshold 1 (max 15)
[PSYoungGen: 2336K->256K(2560K)] 11181K->9125K(13824K), 0.0007908 secs] [Times: user=0.00 sys=0.00, real=0.01 secs] 
2015-04-14T20:52:35.100-0100: 3045.935: Total time for which application threads were stopped: 0.0009470 seconds, Stopping threads took: 0.0000167 seconds
2015-04-14T20:52:36.087-0100: 3046.922: [GC (Allocation Failure) 
Desired survivor size 524288 bytes, new threshold 1 (max 15)
[PSYoungGen: 2304K->256K(2560K)] 11173K->9157K(13824K), 0.0010229 secs] [Times: user=0.01 sys=0.00, real=0.00 secs] 
2015-04-14T20:52:36.088-0100: 3046.923: Total time for which application threads were stopped: 0.0012336 seconds, Stopping threads took: 0.0000246 seconds
2015-04-14T20:52:37.173-0100: 3048.008: [GC (Allocation Failure) 
Desired survivor size 524288 bytes, new threshold 1 (max 15)
[PSYoungGen: 2304K->288K(2560K)] 11205K->9221K(13824K), 0.0010955 secs] [Times: user=0.00 sys=0.00, real=0.00 secs] 
2015-04-14T20:52:37.174-0100: 3048.009: Total time for which application threads were stopped: 0.0012872 seconds, Stopping threads took: 0.0000215 seconds
2015-04-14T20:52:38.171-0100: 3049.006: [GC (Allocation Failure) 
Desired survivor size 524288 bytes, new threshold 1 (max 15)
[PSYoungGen: 2336K->224K(2560K)] 11269K->9181K(13824K), 0.0007701 secs] [Times: user=0.00 sys=0.00, real=0.00 secs] 
2015-04-14T20:52:38.172-0100: 3049.007: Total time for which application threads were stopped: 0.0009198 seconds, Stopping threads took: 0.0000183 seconds
2015-04-14T20:52:39.178-0100: 3050.013: [GC (Allocation Failure) 
Desired survivor size 524288 bytes, new threshold 1 (max 15)
[PSYoungGen: 2272K->256K(2560K)] 11229K->9237K(13824K), 0.0009868 secs] [Times: user=0.00 sys=0.00, real=0.00 secs] 
2015-04-14T20:52:39.179-0100: 3050.014: Total time for which application threads were stopped: 0.0011819 seconds, Stopping threads took: 0.0000237 seconds
2015-04-14T20:52:40.200-0100: 3051.035: [GC (Allocation Failure) 
Desired survivor size 524288 bytes, new threshold 1 (max 15)
[PSYoungGen: 2304K->256K(2560K)] 11285K->9269K(13824K), 0.0010836 secs] [Times: user=0.01 sys=0.00, real=0.00 secs] 
2015-04-14T20:52:40.201-0100: 3051.036: Total time for which application threads were stopped: 0.0012714 seconds, Stopping threads took: 0.0000198 seconds
2015-04-14T20:52:41.116-0100: 3051.952: [GC (Allocation Failure) 
Desired survivor size 524288 bytes, new threshold 1 (max 15)
[PSYoungGen: 2304K->256K(2560K)] 11317K->9301K(13824K), 0.0010600 secs] [Times: user=0.01 sys=0.00, real=0.00 secs] 
2015-04-14T20:52:41.118-0100: 3051.953: Total time for which application threads were stopped: 0.0012508 seconds, Stopping threads took: 0.0000204 seconds
2015-04-14T20:52:42.005-0100: 3052.840: [GC (Allocation Failure) 
Desired survivor size 524288 bytes, new threshold 1 (max 15)
[PSYoungGen: 2304K->256K(2560K)] 11349K->9333K(13824K), 0.0011505 secs] [Times: user=0.01 sys=0.00, real=0.00 secs] 
2015-04-14T20:52:42.006-0100: 3052.841: Total time for which application threads were stopped: 0.0013497 seconds, Stopping threads took: 0.0000243 seconds
2015-04-14T20:52:42.957-0100: 3053.792: [GC (Allocation Failure) 
Desired survivor size 524288 bytes, new threshold 1 (max 15)
[PSYoungGen: 2304K->288K(2560K)] 11381K->9389K(13824K), 0.0011014 secs] [Times: user=0.00 sys=0.00, real=0.00 secs] 
2015-04-14T20:52:42.958-0100: 3053.793: Total time for which application threads were stopped: 0.0013121 seconds, Stopping threads took: 0.0000244 seconds
2015-04-14T20:52:43.826-0100: 3054.661: [GC (Allocation Failure) 
Desired survivor size 524288 bytes, new threshold 1 (max 15)
[PSYoungGen: 2336K->256K(2560K)] 11437K->9389K(13824K), 0.0010932 secs] [Times: user=0.00 sys=0.00, real=0.00 secs] 
2015-04-14T20:52:43.827-0100: 3054.662: Total time for which application threads were stopped: 0.0012967 seconds, Stopping threads took: 0.0000223 seconds
2015-04-14T20:52:44.729-0100: 3055.564: [GC (Allocation Failure) 
Desired survivor size 524288 bytes, new threshold 1 (max 15)
[PSYoungGen: 2304K->256K(2560K)] 11437K->9429K(13824K), 0.0009459 secs] [Times: user=0.00 sys=0.00, real=0.01 secs] 
2015-04-14T20:52:44.730-0100: 3055.565: Total time for which application threads were stopped: 0.0011283 seconds, Stopping threads took: 0.0000205 seconds
2015-04-14T20:52:45.599-0100: 3056.435: [GC (Allocation Failure) 
Desired survivor size 524288 bytes, new threshold 1 (max 15)
[PSYoungGen: 2304K->288K(2560K)] 11477K->9493K(13824K), 0.0011223 secs] [Times: user=0.00 sys=0.00, real=0.01 secs] 
2015-04-14T20:52:45.601-0100: 3056.436: Total time for which application threads were stopped: 0.0013189 seconds, Stopping threads took: 0.0000203 seconds
2015-04-14T20:52:46.485-0100: 3057.320: [GC (Allocation Failure) 
Desired survivor size 524288 bytes, new threshold 1 (max 15)
[PSYoungGen: 2336K->256K(2560K)] 11541K->9501K(13824K), 0.0011108 secs] [Times: user=0.00 sys=0.00, real=0.00 secs] 
2015-04-14T20:52:46.486-0100: 3057.321: Total time for which application threads were stopped: 0.0013206 seconds, Stopping threads took: 0.0000234 seconds
2015-04-14T20:52:47.368-0100: 3058.203: [GC (Allocation Failure) 
Desired survivor size 524288 bytes, new threshold 1 (max 15)
[PSYoungGen: 2304K->256K(2560K)] 11549K->9533K(13824K), 0.0009311 secs] [Times: user=0.00 sys=0.00, real=0.00 secs] 
2015-04-14T20:52:47.369-0100: 3058.204: Total time for which application threads were stopped: 0.0010961 seconds, Stopping threads took: 0.0000206 seconds
2015-04-14T20:52:48.272-0100: 3059.107: [GC (Allocation Failure) 
Desired survivor size 524288 bytes, new threshold 1 (max 15)
[PSYoungGen: 2304K->288K(2560K)] 11581K->9605K(13824K), 0.0010845 secs] [Times: user=0.01 sys=0.00, real=0.00 secs] 
2015-04-14T20:52:48.273-0100: 3059.108: Total time for which application threads were stopped: 0.0013095 seconds, Stopping threads took: 0.0000260 seconds
2015-04-14T20:52:49.177-0100: 3060.012: [GC (Allocation Failure) 
Desired survivor size 524288 bytes, new threshold 1 (max 15)
[PSYoungGen: 2336K->192K(2560K)] 11653K->9533K(13824K), 0.0010875 secs] [Times: user=0.01 sys=0.00, real=0.00 secs] 
2015-04-14T20:52:49.178-0100: 3060.013: Total time for which application threads were stopped: 0.0012894 seconds, Stopping threads took: 0.0000241 seconds
2015-04-14T20:52:50.114-0100: 3060.949: [GC (Allocation Failure) 
Desired survivor size 524288 bytes, new threshold 1 (max 15)
[PSYoungGen: 2240K->160K(2560K)] 11581K->9517K(13824K), 0.0011009 secs] [Times: user=0.01 sys=0.00, real=0.00 secs] 
2015-04-14T20:52:50.115-0100: 3060.950: Total time for which application threads were stopped: 0.0012822 seconds, Stopping threads took: 0.0000235 seconds
2015-04-14T20:52:51.129-0100: 3061.964: [GC (Allocation Failure) 
Desired survivor size 524288 bytes, new threshold 1 (max 15)
[PSYoungGen: 2208K->288K(2560K)] 11565K->9669K(13824K), 0.0010716 secs] [Times: user=0.00 sys=0.00, real=0.01 secs] 
2015-04-14T20:52:51.130-0100: 3061.966: Total time for which application threads were stopped: 0.0012961 seconds, Stopping threads took: 0.0000240 seconds
2015-04-14T20:52:52.137-0100: 3062.973: [GC (Allocation Failure) 
Desired survivor size 524288 bytes, new threshold 1 (max 15)
[PSYoungGen: 2336K->288K(2560K)] 11717K->9709K(13824K), 0.0010356 secs] [Times: user=0.00 sys=0.00, real=0.00 secs] 
2015-04-14T20:52:52.138-0100: 3062.974: Total time for which application threads were stopped: 0.0012169 seconds, Stopping threads took: 0.0000228 seconds
2015-04-14T20:52:53.137-0100: 3063.972: [GC (Allocation Failure) 
Desired survivor size 524288 bytes, new threshold 1 (max 15)
[PSYoungGen: 2336K->288K(2560K)] 11757K->9733K(13824K), 0.0010697 secs] [Times: user=0.00 sys=0.00, real=0.00 secs] 
2015-04-14T20:52:53.138-0100: 3063.973: Total time for which application threads were stopped: 0.0012835 seconds, Stopping threads took: 0.0000235 seconds
2015-04-14T20:52:54.127-0100: 3064.962: [GC (Allocation Failure) 
Desired survivor size 524288 bytes, new threshold 1 (max 15)
[PSYoungGen: 2336K->288K(2560K)] 11781K->9757K(13824K), 0.0010494 secs] [Times: user=0.00 sys=0.00, real=0.00 secs] 
2015-04-14T20:52:54.128-0100: 3064.963: Total time for which application threads were stopped: 0.0012248 seconds, Stopping threads took: 0.0000241 seconds
2015-04-14T20:52:55.128-0100: 3065.963: [GC (Allocation Failure) 
Desired survivor size 524288 bytes, new threshold 1 (max 15)
[PSYoungGen: 2336K->256K(2560K)] 11805K->9757K(13824K), 0.0009920 secs] [Times: user=0.00 sys=0.00, real=0.00 secs] 
2015-04-14T20:52:55.129-0100: 3065.964: Total time for which application threads were stopped: 0.0011705 seconds, Stopping threads took: 0.0000222 seconds
2015-04-14T20:52:56.131-0100: 3066.966: [GC (Allocation Failure) 
Desired survivor size 524288 bytes, new threshold 1 (max 15)
[PSYoungGen: 2304K->288K(2560K)] 11805K->9821K(13824K), 0.0008938 secs] [Times: user=0.01 sys=0.00, real=0.00 secs] 
2015-04-14T20:52:56.132-0100: 3066.967: Total time for which application threads were stopped: 0.0010732 seconds, Stopping threads took: 0.0000209 seconds
2015-04-14T20:52:57.169-0100: 3068.004: [GC (Allocation Failure) 
Desired survivor size 524288 bytes, new threshold 1 (max 15)
[PSYoungGen: 2335K->256K(2560K)] 11869K->9813K(13824K), 0.0010704 secs] [Times: user=0.01 sys=0.00, real=0.01 secs] 
2015-04-14T20:52:57.170-0100: 3068.005: Total time for which application threads were stopped: 0.0012673 seconds, Stopping threads took: 0.0000222 seconds
2015-04-14T20:52:58.168-0100: 3069.003: [GC (Allocation Failure) 
Desired survivor size 524288 bytes, new threshold 1 (max 15)
[PSYoungGen: 2304K->256K(2560K)] 11861K->9845K(13824K), 0.0010588 secs] [Times: user=0.01 sys=0.00, real=0.00 secs] 
2015-04-14T20:52:58.169-0100: 3069.004: Total time for which application threads were stopped: 0.0012592 seconds, Stopping threads took: 0.0000255 seconds
2015-04-14T20:52:59.176-0100: 3070.012: [GC (Allocation Failure) 
Desired survivor size 524288 bytes, new threshold 1 (max 15)
[PSYoungGen: 2304K->256K(2560K)] 11893K->9885K(13824K), 0.0010037 secs] [Times: user=0.01 sys=0.00, real=0.00 secs] 
2015-04-14T20:52:59.177-0100: 3070.013: Total time for which application threads were stopped: 0.0011966 seconds, Stopping threads took: 0.0000200 seconds
2015-04-14T20:53:00.079-0100: 3070.915: [GC (Allocation Failure) 
Desired survivor size 524288 bytes, new threshold 1 (max 15)
[PSYoungGen: 2304K->256K(2560K)] 11933K->9917K(13824K), 0.0009972 secs] [Times: user=0.00 sys=0.00, real=0.01 secs] 
2015-04-14T20:53:00.080-0100: 3070.916: Total time for which application threads were stopped: 0.0011852 seconds, Stopping threads took: 0.0000209 seconds
2015-04-14T20:53:01.012-0100: 3071.847: [GC (Allocation Failure) 
Desired survivor size 524288 bytes, new threshold 1 (max 15)
[PSYoungGen: 2304K->256K(2560K)] 11965K->9957K(13824K), 0.0011588 secs] [Times: user=0.00 sys=0.00, real=0.00 secs] 
2015-04-14T20:53:01.013-0100: 3071.848: Total time for which application threads were stopped: 0.0013525 seconds, Stopping threads took: 0.0000208 seconds
2015-04-14T20:53:02.097-0100: 3072.932: [GC (Allocation Failure) 
Desired survivor size 524288 bytes, new threshold 1 (max 15)
[PSYoungGen: 2304K->288K(2560K)] 12005K->10029K(13824K), 0.0009987 secs] [Times: user=0.00 sys=0.00, real=0.00 secs] 
2015-04-14T20:53:02.098-0100: 3072.933: Total time for which application threads were stopped: 0.0011985 seconds, Stopping threads took: 0.0000228 seconds
2015-04-14T20:53:03.071-0100: 3073.906: [GC (Allocation Failure) 
Desired survivor size 524288 bytes, new threshold 1 (max 15)
[PSYoungGen: 2336K->256K(2560K)] 12077K->10021K(13824K), 0.0010382 secs] [Times: user=0.01 sys=0.00, real=0.00 secs] 
2015-04-14T20:53:03.072-0100: 3073.907: Total time for which application threads were stopped: 0.0012343 seconds, Stopping threads took: 0.0000204 seconds
2015-04-14T20:53:04.074-0100: 3074.910: [GC (Allocation Failure) 
Desired survivor size 524288 bytes, new threshold 1 (max 15)
[PSYoungGen: 2304K->256K(2560K)] 12069K->10061K(13824K), 0.0010610 secs] [Times: user=0.00 sys=0.00, real=0.00 secs] 
2015-04-14T20:53:04.076-0100: 3074.911: Total time for which application threads were stopped: 0.0012541 seconds, Stopping threads took: 0.0000229 seconds
2015-04-14T20:53:05.076-0100: 3075.911: [GC (Allocation Failure) 
Desired survivor size 524288 bytes, new threshold 1 (max 15)
[PSYoungGen: 2304K->256K(2560K)] 12109K->10093K(13824K), 0.0010929 secs] [Times: user=0.00 sys=0.00, real=0.00 secs] 
2015-04-14T20:53:05.077-0100: 3075.913: Total time for which application threads were stopped: 0.0013300 seconds, Stopping threads took: 0.0000229 seconds
2015-04-14T20:53:06.097-0100: 3076.933: [GC (Allocation Failure) 
Desired survivor size 524288 bytes, new threshold 1 (max 15)
[PSYoungGen: 2304K->256K(2560K)] 12141K->10133K(13824K), 0.0010667 secs] [Times: user=0.00 sys=0.00, real=0.00 secs] 
2015-04-14T20:53:06.099-0100: 3076.934: Total time for which application threads were stopped: 0.0012623 seconds, Stopping threads took: 0.0000217 seconds
2015-04-14T20:53:07.164-0100: 3078.000: [GC (Allocation Failure) 
Desired survivor size 524288 bytes, new threshold 1 (max 15)
[PSYoungGen: 2304K->288K(2560K)] 12181K->10181K(13824K), 0.0010219 secs] [Times: user=0.00 sys=0.00, real=0.00 secs] 
2015-04-14T20:53:07.165-0100: 3078.001: Total time for which application threads were stopped: 0.0012085 seconds, Stopping threads took: 0.0000224 seconds
2015-04-14T20:53:08.186-0100: 3079.021: [GC (Allocation Failure) 
Desired survivor size 524288 bytes, new threshold 1 (max 15)
[PSYoungGen: 2336K->288K(2560K)] 12229K->10205K(13824K), 0.0010529 secs] [Times: user=0.00 sys=0.00, real=0.00 secs] 
2015-04-14T20:53:08.187-0100: 3079.022: Total time for which application threads were stopped: 0.0012350 seconds, Stopping threads took: 0.0000201 seconds
2015-04-14T20:53:09.190-0100: 3080.026: [GC (Allocation Failure) 
Desired survivor size 524288 bytes, new threshold 1 (max 15)
[PSYoungGen: 2336K->288K(2560K)] 12253K->10229K(13824K), 0.0010648 secs] [Times: user=0.00 sys=0.00, real=0.00 secs] 
2015-04-14T20:53:09.192-0100: 3080.027: Total time for which application threads were stopped: 0.0012689 seconds, Stopping threads took: 0.0000216 seconds
2015-04-14T20:53:10.209-0100: 3081.045: [GC (Allocation Failure) 
Desired survivor size 524288 bytes, new threshold 1 (max 15)
[PSYoungGen: 2336K->256K(2560K)] 12277K->10221K(13824K), 0.0010662 secs] [Times: user=0.00 sys=0.00, real=0.01 secs] 
2015-04-14T20:53:10.211-0100: 3081.046: Total time for which application threads were stopped: 0.0012759 seconds, Stopping threads took: 0.0000236 seconds
2015-04-14T20:53:11.233-0100: 3082.068: [GC (Allocation Failure) 
Desired survivor size 524288 bytes, new threshold 1 (max 15)
[PSYoungGen: 2304K->288K(2560K)] 12269K->10277K(13824K), 0.0009136 secs] [Times: user=0.00 sys=0.00, real=0.00 secs] 
2015-04-14T20:53:11.234-0100: 3082.069: Total time for which application threads were stopped: 0.0010717 seconds, Stopping threads took: 0.0000190 seconds
2015-04-14T20:53:12.300-0100: 3083.135: [GC (Allocation Failure) 
Desired survivor size 524288 bytes, new threshold 1 (max 15)
[PSYoungGen: 2336K->288K(2560K)] 12325K->10301K(13824K), 0.0010993 secs] [Times: user=0.00 sys=0.00, real=0.00 secs] 
2015-04-14T20:53:12.301-0100: 3083.136: Total time for which application threads were stopped: 0.0012857 seconds, Stopping threads took: 0.0000226 seconds
2015-04-14T20:53:13.303-0100: 3084.139: [GC (Allocation Failure) 
Desired survivor size 524288 bytes, new threshold 1 (max 15)
[PSYoungGen: 2336K->288K(2560K)] 12349K->10325K(13824K), 0.0011371 secs] [Times: user=0.00 sys=0.01, real=0.00 secs] 
2015-04-14T20:53:13.304-0100: 3084.140: Total time for which application threads were stopped: 0.0013250 seconds, Stopping threads took: 0.0000222 seconds
2015-04-14T20:53:14.320-0100: 3085.155: [GC (Allocation Failure) 
Desired survivor size 524288 bytes, new threshold 1 (max 15)
[PSYoungGen: 2336K->256K(2560K)] 12373K->10333K(13824K), 0.0008643 secs] [Times: user=0.00 sys=0.00, real=0.00 secs] 
2015-04-14T20:53:14.321-0100: 3085.156: Total time for which application threads were stopped: 0.0010381 seconds, Stopping threads took: 0.0000189 seconds
2015-04-14T20:53:15.310-0100: 3086.146: [GC (Allocation Failure) 
Desired survivor size 524288 bytes, new threshold 1 (max 15)
[PSYoungGen: 2304K->288K(2560K)] 12381K->10397K(13824K), 0.0009841 secs] [Times: user=0.01 sys=0.00, real=0.00 secs] 
2015-04-14T20:53:15.311-0100: 3086.147: Total time for which application threads were stopped: 0.0012101 seconds, Stopping threads took: 0.0000225 seconds
2015-04-14T20:53:16.330-0100: 3087.165: [GC (Allocation Failure) 
Desired survivor size 524288 bytes, new threshold 1 (max 15)
[PSYoungGen: 2336K->288K(2560K)] 12445K->10437K(13824K), 0.0010219 secs] [Times: user=0.01 sys=0.00, real=0.00 secs] 
2015-04-14T20:53:16.331-0100: 3087.166: Total time for which application threads were stopped: 0.0012220 seconds, Stopping threads took: 0.0000229 seconds
2015-04-14T20:53:17.347-0100: 3088.183: [GC (Allocation Failure) 
Desired survivor size 524288 bytes, new threshold 1 (max 15)
[PSYoungGen: 2336K->256K(2560K)] 12485K->10429K(13824K), 0.0010108 secs] [Times: user=0.01 sys=0.00, real=0.00 secs] 
2015-04-14T20:53:17.349-0100: 3088.184: Total time for which application threads were stopped: 0.0011934 seconds, Stopping threads took: 0.0000202 seconds
2015-04-14T20:53:18.367-0100: 3089.203: [GC (Allocation Failure) 
Desired survivor size 524288 bytes, new threshold 1 (max 15)
[PSYoungGen: 2303K->256K(2560K)] 12477K->10453K(13824K), 0.0011078 secs] [Times: user=0.00 sys=0.00, real=0.00 secs] 
2015-04-14T20:53:18.368-0100: 3089.204: Total time for which application threads were stopped: 0.0012984 seconds, Stopping threads took: 0.0000216 seconds
2015-04-14T20:53:19.370-0100: 3090.205: [GC (Allocation Failure) 
Desired survivor size 524288 bytes, new threshold 1 (max 15)
[PSYoungGen: 2304K->288K(2560K)] 12501K->10525K(13824K), 0.0010770 secs] [Times: user=0.01 sys=0.00, real=0.00 secs] 
2015-04-14T20:53:19.371-0100: 3090.206: Total time for which application threads were stopped: 0.0012847 seconds, Stopping threads took: 0.0000254 seconds
2015-04-14T20:53:20.359-0100: 3091.195: [GC (Allocation Failure) 
Desired survivor size 524288 bytes, new threshold 1 (max 15)
[PSYoungGen: 2336K->256K(2560K)] 12573K->10509K(13824K), 0.0009536 secs] [Times: user=0.00 sys=0.00, real=0.01 secs] 
2015-04-14T20:53:20.360-0100: 3091.196: Total time for which application threads were stopped: 0.0011334 seconds, Stopping threads took: 0.0000202 seconds
2015-04-14T20:53:21.396-0100: 3092.231: [GC (Allocation Failure) 
Desired survivor size 524288 bytes, new threshold 1 (max 15)
[PSYoungGen: 2304K->256K(2560K)] 12557K->10541K(13824K), 0.0009980 secs] [Times: user=0.00 sys=0.00, real=0.00 secs] 
2015-04-14T20:53:21.397-0100: 3092.232: Total time for which application threads were stopped: 0.0011898 seconds, Stopping threads took: 0.0000212 seconds
2015-04-14T20:53:22.415-0100: 3093.251: [GC (Allocation Failure) 
Desired survivor size 524288 bytes, new threshold 1 (max 15)
[PSYoungGen: 2304K->288K(2560K)] 12589K->10597K(13824K), 0.0010734 secs] [Times: user=0.00 sys=0.00, real=0.00 secs] 
2015-04-14T20:53:22.417-0100: 3093.252: Total time for which application threads were stopped: 0.0012626 seconds, Stopping threads took: 0.0000232 seconds
2015-04-14T20:53:23.431-0100: 3094.267: [GC (Allocation Failure) 
Desired survivor size 524288 bytes, new threshold 1 (max 15)
[PSYoungGen: 2336K->256K(2560K)] 12645K->10597K(13824K), 0.0010268 secs] [Times: user=0.00 sys=0.00, real=0.00 secs] 
2015-04-14T20:53:23.433-0100: 3094.268: Total time for which application threads were stopped: 0.0012322 seconds, Stopping threads took: 0.0000254 seconds
2015-04-14T20:53:24.403-0100: 3095.238: [GC (Allocation Failure) 
Desired survivor size 524288 bytes, new threshold 1 (max 15)
[PSYoungGen: 2304K->256K(2560K)] 12645K->10613K(13824K), 0.0009644 secs] [Times: user=0.00 sys=0.00, real=0.00 secs] 
2015-04-14T20:53:24.404-0100: 3095.239: Total time for which application threads were stopped: 0.0011352 seconds, Stopping threads took: 0.0000196 seconds
2015-04-14T20:53:25.425-0100: 3096.261: [GC (Allocation Failure) 
Desired survivor size 524288 bytes, new threshold 1 (max 15)
[PSYoungGen: 2304K->256K(2560K)] 12661K->10637K(13824K), 0.0010379 secs] [Times: user=0.01 sys=0.00, real=0.00 secs] 
2015-04-14T20:53:25.426-0100: 3096.262: Total time for which application threads were stopped: 0.0012335 seconds, Stopping threads took: 0.0000231 seconds
2015-04-14T20:53:26.427-0100: 3097.263: [GC (Allocation Failure) 
Desired survivor size 524288 bytes, new threshold 1 (max 15)
[PSYoungGen: 2304K->288K(2560K)] 12685K->10701K(13824K), 0.0010972 secs] [Times: user=0.01 sys=0.00, real=0.00 secs] 
2015-04-14T20:53:26.428-0100: 3097.264: Total time for which application threads were stopped: 0.0012891 seconds, Stopping threads took: 0.0000225 seconds
2015-04-14T20:53:27.429-0100: 3098.265: [GC (Allocation Failure) 
Desired survivor size 524288 bytes, new threshold 1 (max 15)
[PSYoungGen: 2336K->288K(2560K)] 12749K->10733K(13824K), 0.0010841 secs] [Times: user=0.01 sys=0.00, real=0.01 secs] 
2015-04-14T20:53:27.430-0100: 3098.266: Total time for which application threads were stopped: 0.0012838 seconds, Stopping threads took: 0.0000221 seconds
2015-04-14T20:53:28.515-0100: 3099.351: [GC (Allocation Failure) 
Desired survivor size 524288 bytes, new threshold 1 (max 15)
[PSYoungGen: 2336K->256K(2560K)] 12781K->10733K(13824K), 0.0010648 secs] [Times: user=0.01 sys=0.00, real=0.00 secs] 
2015-04-14T20:53:28.516-0100: 3099.352: Total time for which application threads were stopped: 0.0012873 seconds, Stopping threads took: 0.0000233 seconds
2015-04-14T20:53:29.555-0100: 3100.390: [GC (Allocation Failure) 
Desired survivor size 524288 bytes, new threshold 1 (max 15)
[PSYoungGen: 2304K->288K(2560K)] 12781K->10805K(13824K), 0.0009923 secs] [Times: user=0.01 sys=0.01, real=0.00 secs] 
2015-04-14T20:53:29.556-0100: 3100.391: Total time for which application threads were stopped: 0.0011758 seconds, Stopping threads took: 0.0000197 seconds
2015-04-14T20:53:30.590-0100: 3101.425: [GC (Allocation Failure) 
Desired survivor size 524288 bytes, new threshold 1 (max 15)
[PSYoungGen: 2336K->256K(2560K)] 12853K->10797K(13824K), 0.0009878 secs] [Times: user=0.00 sys=0.00, real=0.00 secs] 
2015-04-14T20:53:30.591-0100: 3101.426: Total time for which application threads were stopped: 0.0011821 seconds, Stopping threads took: 0.0000236 seconds
2015-04-14T20:53:31.610-0100: 3102.446: [GC (Allocation Failure) 
Desired survivor size 524288 bytes, new threshold 1 (max 15)
[PSYoungGen: 2304K->256K(2560K)] 12845K->10821K(13824K), 0.0010763 secs] [Times: user=0.00 sys=0.01, real=0.00 secs] 
2015-04-14T20:53:31.611-0100: 3102.447: Total time for which application threads were stopped: 0.0012859 seconds, Stopping threads took: 0.0000243 seconds
2015-04-14T20:53:32.628-0100: 3103.464: [GC (Allocation Failure) 
Desired survivor size 524288 bytes, new threshold 1 (max 15)
[PSYoungGen: 2304K->288K(2560K)] 12869K->10877K(13824K), 0.0009785 secs] [Times: user=0.00 sys=0.01, real=0.00 secs] 
2015-04-14T20:53:32.629-0100: 3103.465: Total time for which application threads were stopped: 0.0011852 seconds, Stopping threads took: 0.0000268 seconds
2015-04-14T20:53:33.651-0100: 3104.487: [GC (Allocation Failure) 
Desired survivor size 524288 bytes, new threshold 1 (max 15)
[PSYoungGen: 2336K->256K(2560K)] 12925K->10877K(13824K), 0.0010231 secs] [Times: user=0.00 sys=0.01, real=0.00 secs] 
2015-04-14T20:53:33.652-0100: 3104.488: Total time for which application threads were stopped: 0.0012143 seconds, Stopping threads took: 0.0000220 seconds
2015-04-14T20:53:34.653-0100: 3105.489: [GC (Allocation Failure) 
Desired survivor size 524288 bytes, new threshold 1 (max 15)
[PSYoungGen: 2304K->288K(2560K)] 12925K->10941K(13824K), 0.0010025 secs] [Times: user=0.00 sys=0.00, real=0.00 secs] 
2015-04-14T20:53:34.655-0100: 3105.490: Total time for which application threads were stopped: 0.0011953 seconds, Stopping threads took: 0.0000222 seconds
2015-04-14T20:53:35.723-0100: 3106.559: [GC (Allocation Failure) 
Desired survivor size 524288 bytes, new threshold 1 (max 15)
[PSYoungGen: 2336K->256K(2560K)] 12989K->10949K(13824K), 0.0010999 secs] [Times: user=0.01 sys=0.00, real=0.00 secs] 
2015-04-14T20:53:35.725-0100: 3106.561: Total time for which application threads were stopped: 0.0012880 seconds, Stopping threads took: 0.0000233 seconds
2015-04-14T20:53:36.741-0100: 3107.577: [GC (Allocation Failure) 
Desired survivor size 524288 bytes, new threshold 1 (max 15)
[PSYoungGen: 2304K->256K(2560K)] 12997K->10973K(13824K), 0.0010664 secs] [Times: user=0.00 sys=0.00, real=0.00 secs] 
2015-04-14T20:53:36.742-0100: 3107.578: Total time for which application threads were stopped: 0.0012767 seconds, Stopping threads took: 0.0000265 seconds
2015-04-14T20:53:37.747-0100: 3108.583: [GC (Allocation Failure) 
Desired survivor size 524288 bytes, new threshold 1 (max 15)
[PSYoungGen: 2304K->256K(2560K)] 13021K->10997K(13824K), 0.0010433 secs] [Times: user=0.00 sys=0.00, real=0.00 secs] 
2015-04-14T20:53:37.748-0100: 3108.584: Total time for which application threads were stopped: 0.0012236 seconds, Stopping threads took: 0.0000219 seconds
2015-04-14T20:53:38.849-0100: 3109.685: [GC (Allocation Failure) 
Desired survivor size 524288 bytes, new threshold 1 (max 15)
[PSYoungGen: 2304K->256K(2560K)] 13045K->11021K(13824K), 0.0011214 secs] [Times: user=0.01 sys=0.00, real=0.01 secs] 
2015-04-14T20:53:38.850-0100: 3109.686: Total time for which application threads were stopped: 0.0013206 seconds, Stopping threads took: 0.0000227 seconds
2015-04-14T20:53:39.883-0100: 3110.719: [GC (Allocation Failure) 
Desired survivor size 524288 bytes, new threshold 1 (max 15)
[PSYoungGen: 2304K->256K(2560K)] 13069K->11053K(13824K), 0.0010559 secs] [Times: user=0.00 sys=0.00, real=0.00 secs] 
2015-04-14T20:53:39.885-0100: 3110.721: Total time for which application threads were stopped: 0.0012706 seconds, Stopping threads took: 0.0000274 seconds
2015-04-14T20:53:40.802-0100: 3111.638: [GC (Allocation Failure) 
Desired survivor size 524288 bytes, new threshold 1 (max 15)
[PSYoungGen: 2304K->256K(2560K)] 13101K->11085K(13824K), 0.0009943 secs] [Times: user=0.00 sys=0.00, real=0.00 secs] 
2015-04-14T20:53:40.803-0100: 3111.639: Total time for which application threads were stopped: 0.0011927 seconds, Stopping threads took: 0.0000281 seconds
2015-04-14T20:53:41.725-0100: 3112.561: [GC (Allocation Failure) 
Desired survivor size 524288 bytes, new threshold 1 (max 15)
[PSYoungGen: 2304K->256K(2560K)] 13133K->11117K(13824K), 0.0010276 secs] [Times: user=0.00 sys=0.00, real=0.00 secs] 
2015-04-14T20:53:41.726-0100: 3112.562: Total time for which application threads were stopped: 0.0012147 seconds, Stopping threads took: 0.0000210 seconds
2015-04-14T20:53:42.626-0100: 3113.462: [GC (Allocation Failure) 
Desired survivor size 524288 bytes, new threshold 1 (max 15)
[PSYoungGen: 2304K->288K(2560K)] 13165K->11181K(13824K), 0.0010771 secs] [Times: user=0.00 sys=0.00, real=0.00 secs] 
2015-04-14T20:53:42.627-0100: 3113.463: Total time for which application threads were stopped: 0.0012713 seconds, Stopping threads took: 0.0000232 seconds
2015-04-14T20:53:43.462-0100: 3114.298: [GC (Allocation Failure) 
Desired survivor size 524288 bytes, new threshold 1 (max 15)
[PSYoungGen: 2336K->288K(2560K)] 13229K->11205K(13824K), 0.0009685 secs] [Times: user=0.00 sys=0.00, real=0.00 secs] 
2015-04-14T20:53:43.463-0100: 3114.299: Total time for which application threads were stopped: 0.0011443 seconds, Stopping threads took: 0.0000205 seconds
2015-04-14T20:53:44.334-0100: 3115.170: [GC (Allocation Failure) 
Desired survivor size 524288 bytes, new threshold 1 (max 15)
[PSYoungGen: 2336K->256K(2560K)] 13253K->11205K(13824K), 0.0010472 secs] [Times: user=0.00 sys=0.00, real=0.00 secs] 
2015-04-14T20:53:44.335-0100: 3115.171: Total time for which application threads were stopped: 0.0012380 seconds, Stopping threads took: 0.0000228 seconds
2015-04-14T20:53:45.186-0100: 3116.022: [GC (Allocation Failure) 
Desired survivor size 524288 bytes, new threshold 1 (max 15)
[PSYoungGen: 2304K->288K(2560K)] 13253K->11261K(13824K), 0.0010206 secs] [Times: user=0.01 sys=0.00, real=0.00 secs] 
2015-04-14T20:53:45.187-0100: 3116.023: Total time for which application threads were stopped: 0.0012266 seconds, Stopping threads took: 0.0000208 seconds
2015-04-14T20:53:46.055-0100: 3116.891: [GC (Allocation Failure) 
Desired survivor size 524288 bytes, new threshold 1 (max 15)
[PSYoungGen: 2336K->256K(2560K)] 13309K->11253K(13824K), 0.0010780 secs] [Times: user=0.01 sys=0.00, real=0.00 secs] 
2015-04-14T20:53:46.056-0100: 3116.892: Total time for which application threads were stopped: 0.0013040 seconds, Stopping threads took: 0.0000214 seconds
2015-04-14T20:53:46.890-0100: 3117.726: [GC (Allocation Failure) 
Desired survivor size 524288 bytes, new threshold 1 (max 15)
[PSYoungGen: 2304K->256K(2560K)] 13301K->11301K(13824K), 0.0010735 secs] [Times: user=0.01 sys=0.00, real=0.00 secs] 
2015-04-14T20:53:46.891-0100: 3117.727: Total time for which application threads were stopped: 0.0012624 seconds, Stopping threads took: 0.0000217 seconds
2015-04-14T20:53:47.742-0100: 3118.578: [GC (Allocation Failure) 
Desired survivor size 524288 bytes, new threshold 1 (max 15)
[PSYoungGen: 2304K->256K(2560K)] 13349K->11333K(13824K), 0.0009847 secs] [Times: user=0.00 sys=0.00, real=0.00 secs] 
2015-04-14T20:53:47.743-0100: 3118.579: Total time for which application threads were stopped: 0.0011779 seconds, Stopping threads took: 0.0000292 seconds
2015-04-14T20:53:48.696-0100: 3119.532: [GC (Allocation Failure) 
Desired survivor size 524288 bytes, new threshold 1 (max 15)
[PSYoungGen: 2304K->288K(2560K)] 13381K->11397K(13824K), 0.0009830 secs] [Times: user=0.01 sys=0.01, real=0.00 secs] 
2015-04-14T20:53:48.697-0100: 3119.533: Total time for which application threads were stopped: 0.0011777 seconds, Stopping threads took: 0.0000212 seconds
2015-04-14T20:53:49.634-0100: 3120.471: [GC (Allocation Failure) 
Desired survivor size 524288 bytes, new threshold 1 (max 15)
[PSYoungGen: 2336K->288K(2560K)] 13445K->11421K(13824K), 0.0010789 secs] [Times: user=0.01 sys=0.00, real=0.00 secs] 
2015-04-14T20:53:49.636-0100: 3120.472: Total time for which application threads were stopped: 0.0012916 seconds, Stopping threads took: 0.0000244 seconds
2015-04-14T20:53:50.584-0100: 3121.420: [GC (Allocation Failure) 
Desired survivor size 524288 bytes, new threshold 1 (max 15)
[PSYoungGen: 2336K->192K(2560K)] 13469K->11341K(13824K), 0.0010240 secs] [Times: user=0.00 sys=0.00, real=0.00 secs] 
2015-04-14T20:53:50.585-0100: 3121.421: Total time for which application threads were stopped: 0.0012238 seconds, Stopping threads took: 0.0000266 seconds
2015-04-14T20:53:51.657-0100: 3122.493: [GC (Allocation Failure) 
Desired survivor size 524288 bytes, new threshold 1 (max 15)
[PSYoungGen: 2240K->256K(2560K)] 13389K->11437K(13824K), 0.0010254 secs] [Times: user=0.00 sys=0.00, real=0.00 secs] 
2015-04-14T20:53:51.658-0100: 3122.494: Total time for which application threads were stopped: 0.0012104 seconds, Stopping threads took: 0.0000197 seconds
2015-04-14T20:53:52.674-0100: 3123.510: [GC (Allocation Failure) 
Desired survivor size 524288 bytes, new threshold 1 (max 15)
[PSYoungGen: 2304K->256K(2560K)] 13485K->11469K(13824K), 0.0010056 secs] [Times: user=0.01 sys=0.00, real=0.00 secs] 
2015-04-14T20:53:52.675-0100: 3123.511: Total time for which application threads were stopped: 0.0012066 seconds, Stopping threads took: 0.0000237 seconds
2015-04-14T20:53:53.663-0100: 3124.499: [GC (Allocation Failure) 
Desired survivor size 524288 bytes, new threshold 1 (max 15)
[PSYoungGen: 2304K->224K(2560K)] 13517K->11469K(13824K), 0.0009370 secs] [Times: user=0.00 sys=0.00, real=0.00 secs] 
2015-04-14T20:53:53.664-0100: 3124.500: [Full GC (Ergonomics) [PSYoungGen: 224K->0K(2560K)] [ParOldGen: 11245K->8351K(11264K)] 11469K->8351K(13824K), [Metaspace: 17887K->17887K(1064960K)], 0.0173522 secs] [Times: user=0.05 sys=0.00, real=0.02 secs] 
2015-04-14T20:53:53.682-0100: 3124.518: Total time for which application threads were stopped: 0.0185637 seconds, Stopping threads took: 0.0000216 seconds
2015-04-14T20:53:54.700-0100: 3125.536: [GC (Allocation Failure) 
Desired survivor size 524288 bytes, new threshold 1 (max 15)
[PSYoungGen: 2048K->256K(2560K)] 10399K->8607K(13824K), 0.0010798 secs] [Times: user=0.00 sys=0.00, real=0.00 secs] 
2015-04-14T20:53:54.701-0100: 3125.537: Total time for which application threads were stopped: 0.0012780 seconds, Stopping threads took: 0.0000218 seconds
2015-04-14T20:53:55.750-0100: 3126.586: [GC (Allocation Failure) 
Desired survivor size 524288 bytes, new threshold 1 (max 15)
[PSYoungGen: 2304K->256K(2560K)] 10655K->8639K(13824K), 0.0010744 secs] [Times: user=0.00 sys=0.00, real=0.00 secs] 
2015-04-14T20:53:55.751-0100: 3126.587: Total time for which application threads were stopped: 0.0012640 seconds, Stopping threads took: 0.0000213 seconds
2015-04-14T20:53:56.755-0100: 3127.591: [GC (Allocation Failure) 
Desired survivor size 524288 bytes, new threshold 1 (max 15)
[PSYoungGen: 2304K->256K(2560K)] 10687K->8671K(13824K), 0.0009747 secs] [Times: user=0.00 sys=0.00, real=0.00 secs] 
2015-04-14T20:53:56.756-0100: 3127.592: Total time for which application threads were stopped: 0.0011463 seconds, Stopping threads took: 0.0000202 seconds
2015-04-14T20:53:57.776-0100: 3128.613: [GC (Allocation Failure) 
Desired survivor size 524288 bytes, new threshold 1 (max 15)
[PSYoungGen: 2304K->288K(2560K)] 10719K->8735K(13824K), 0.0010312 secs] [Times: user=0.00 sys=0.00, real=0.00 secs] 
2015-04-14T20:53:57.777-0100: 3128.614: Total time for which application threads were stopped: 0.0012191 seconds, Stopping threads took: 0.0000211 seconds
2015-04-14T20:53:58.762-0100: 3129.599: [GC (Allocation Failure) 
Desired survivor size 524288 bytes, new threshold 1 (max 15)
[PSYoungGen: 2336K->256K(2560K)] 10783K->8743K(13824K), 0.0010728 secs] [Times: user=0.00 sys=0.00, real=0.00 secs] 
2015-04-14T20:53:58.764-0100: 3129.600: Total time for which application threads were stopped: 0.0012663 seconds, Stopping threads took: 0.0000216 seconds
2015-04-14T20:53:59.780-0100: 3130.616: [GC (Allocation Failure) 
Desired survivor size 524288 bytes, new threshold 1 (max 15)
[PSYoungGen: 2304K->288K(2560K)] 10791K->8799K(13824K), 0.0009674 secs] [Times: user=0.00 sys=0.00, real=0.00 secs] 
2015-04-14T20:53:59.781-0100: 3130.617: Total time for which application threads were stopped: 0.0011446 seconds, Stopping threads took: 0.0000241 seconds
2015-04-14T20:54:00.616-0100: 3131.452: [GC (Allocation Failure) 
Desired survivor size 524288 bytes, new threshold 1 (max 15)
[PSYoungGen: 2336K->288K(2560K)] 10847K->8823K(13824K), 0.0010353 secs] [Times: user=0.00 sys=0.00, real=0.00 secs] 
2015-04-14T20:54:00.617-0100: 3131.454: Total time for which application threads were stopped: 0.0012359 seconds, Stopping threads took: 0.0000228 seconds
2015-04-14T20:54:01.686-0100: 3132.522: [GC (Allocation Failure) 
Desired survivor size 524288 bytes, new threshold 1 (max 15)
[PSYoungGen: 2336K->256K(2560K)] 10871K->8823K(13824K), 0.0010561 secs] [Times: user=0.00 sys=0.01, real=0.00 secs] 
2015-04-14T20:54:01.687-0100: 3132.524: Total time for which application threads were stopped: 0.0012481 seconds, Stopping threads took: 0.0000217 seconds
2015-04-14T20:54:02.690-0100: 3133.527: [GC (Allocation Failure) 
Desired survivor size 524288 bytes, new threshold 1 (max 15)
[PSYoungGen: 2304K->256K(2560K)] 10871K->8863K(13824K), 0.0011318 secs] [Times: user=0.00 sys=0.00, real=0.00 secs] 
2015-04-14T20:54:02.691-0100: 3133.528: Total time for which application threads were stopped: 0.0013310 seconds, Stopping threads took: 0.0000227 seconds
2015-04-14T20:54:03.720-0100: 3134.556: [GC (Allocation Failure) 
Desired survivor size 524288 bytes, new threshold 1 (max 15)
[PSYoungGen: 2304K->256K(2560K)] 10911K->8895K(13824K), 0.0009614 secs] [Times: user=0.00 sys=0.00, real=0.00 secs] 
2015-04-14T20:54:03.721-0100: 3134.557: Total time for which application threads were stopped: 0.0011557 seconds, Stopping threads took: 0.0000214 seconds
2015-04-14T20:54:04.732-0100: 3135.568: [GC (Allocation Failure) 
Desired survivor size 524288 bytes, new threshold 1 (max 15)
[PSYoungGen: 2304K->224K(2560K)] 10943K->8895K(13824K), 0.0010142 secs] [Times: user=0.00 sys=0.00, real=0.00 secs] 
2015-04-14T20:54:04.733-0100: 3135.569: Total time for which application threads were stopped: 0.0012238 seconds, Stopping threads took: 0.0000218 seconds
2015-04-14T20:54:05.751-0100: 3136.588: [GC (Allocation Failure) 
Desired survivor size 524288 bytes, new threshold 1 (max 15)
[PSYoungGen: 2272K->256K(2560K)] 10943K->8951K(13824K), 0.0010209 secs] [Times: user=0.00 sys=0.00, real=0.00 secs] 
2015-04-14T20:54:05.752-0100: 3136.589: Total time for which application threads were stopped: 0.0011988 seconds, Stopping threads took: 0.0000227 seconds
2015-04-14T20:54:06.755-0100: 3137.591: [GC (Allocation Failure) 
Desired survivor size 524288 bytes, new threshold 1 (max 15)
[PSYoungGen: 2304K->288K(2560K)] 10999K->9007K(13824K), 0.0010361 secs] [Times: user=0.00 sys=0.00, real=0.00 secs] 
2015-04-14T20:54:06.756-0100: 3137.592: Total time for which application threads were stopped: 0.0012229 seconds, Stopping threads took: 0.0000199 seconds
2015-04-14T20:54:07.779-0100: 3138.616: [GC (Allocation Failure) 
Desired survivor size 524288 bytes, new threshold 1 (max 15)
[PSYoungGen: 2336K->288K(2560K)] 11055K->9039K(13824K), 0.0009734 secs] [Times: user=0.01 sys=0.00, real=0.01 secs] 
2015-04-14T20:54:07.780-0100: 3138.617: Total time for which application threads were stopped: 0.0012019 seconds, Stopping threads took: 0.0000499 seconds
2015-04-14T20:54:08.811-0100: 3139.648: [GC (Allocation Failure) 
Desired survivor size 524288 bytes, new threshold 1 (max 15)
[PSYoungGen: 2336K->288K(2560K)] 11087K->9063K(13824K), 0.0009971 secs] [Times: user=0.01 sys=0.00, real=0.00 secs] 
2015-04-14T20:54:08.812-0100: 3139.649: Total time for which application threads were stopped: 0.0011737 seconds, Stopping threads took: 0.0000225 seconds
2015-04-14T20:54:09.831-0100: 3140.667: [GC (Allocation Failure) 
Desired survivor size 524288 bytes, new threshold 1 (max 15)
[PSYoungGen: 2336K->288K(2560K)] 11111K->9095K(13824K), 0.0010594 secs] [Times: user=0.00 sys=0.00, real=0.00 secs] 
2015-04-14T20:54:09.832-0100: 3140.669: Total time for which application threads were stopped: 0.0012508 seconds, Stopping threads took: 0.0000231 seconds
2015-04-14T20:54:10.834-0100: 3141.671: [GC (Allocation Failure) 
Desired survivor size 524288 bytes, new threshold 1 (max 15)
[PSYoungGen: 2336K->256K(2560K)] 11143K->9087K(13824K), 0.0010868 secs] [Times: user=0.01 sys=0.00, real=0.00 secs] 
2015-04-14T20:54:10.835-0100: 3141.672: Total time for which application threads were stopped: 0.0012685 seconds, Stopping threads took: 0.0000205 seconds
2015-04-14T20:54:11.901-0100: 3142.738: [GC (Allocation Failure) 
Desired survivor size 524288 bytes, new threshold 1 (max 15)
[PSYoungGen: 2304K->256K(2560K)] 11135K->9111K(13824K), 0.0009790 secs] [Times: user=0.01 sys=0.00, real=0.00 secs] 
2015-04-14T20:54:11.903-0100: 3142.739: Total time for which application threads were stopped: 0.0011936 seconds, Stopping threads took: 0.0000278 seconds
2015-04-14T20:54:12.973-0100: 3143.810: [GC (Allocation Failure) 
Desired survivor size 524288 bytes, new threshold 1 (max 15)
[PSYoungGen: 2304K->256K(2560K)] 11159K->9135K(13824K), 0.0011443 secs] [Times: user=0.01 sys=0.00, real=0.00 secs] 
2015-04-14T20:54:12.974-0100: 3143.811: Total time for which application threads were stopped: 0.0013380 seconds, Stopping threads took: 0.0000254 seconds
2015-04-14T20:54:14.010-0100: 3144.847: [GC (Allocation Failure) 
Desired survivor size 524288 bytes, new threshold 1 (max 15)
[PSYoungGen: 2304K->288K(2560K)] 11183K->9199K(13824K), 0.0010063 secs] [Times: user=0.00 sys=0.00, real=0.00 secs] 
2015-04-14T20:54:14.012-0100: 3144.848: Total time for which application threads were stopped: 0.0012103 seconds, Stopping threads took: 0.0000214 seconds
2015-04-14T20:54:15.112-0100: 3145.948: [GC (Allocation Failure) 
Desired survivor size 524288 bytes, new threshold 1 (max 15)
[PSYoungGen: 2336K->288K(2560K)] 11247K->9223K(13824K), 0.0011302 secs] [Times: user=0.01 sys=0.00, real=0.00 secs] 
2015-04-14T20:54:15.113-0100: 3145.949: Total time for which application threads were stopped: 0.0013426 seconds, Stopping threads took: 0.0000283 seconds
2015-04-14T20:54:16.117-0100: 3146.953: [GC (Allocation Failure) 
Desired survivor size 524288 bytes, new threshold 1 (max 15)
[PSYoungGen: 2336K->256K(2560K)] 11271K->9223K(13824K), 0.0010040 secs] [Times: user=0.00 sys=0.00, real=0.00 secs] 
2015-04-14T20:54:16.118-0100: 3146.954: Total time for which application threads were stopped: 0.0012125 seconds, Stopping threads took: 0.0000224 seconds
2015-04-14T20:54:17.136-0100: 3147.973: [GC (Allocation Failure) 
Desired survivor size 524288 bytes, new threshold 1 (max 15)
[PSYoungGen: 2304K->192K(2560K)] 11271K->9183K(13824K), 0.0010489 secs] [Times: user=0.00 sys=0.00, real=0.00 secs] 
2015-04-14T20:54:17.137-0100: 3147.974: Total time for which application threads were stopped: 0.0012384 seconds, Stopping threads took: 0.0000203 seconds
2015-04-14T20:54:18.203-0100: 3149.040: [GC (Allocation Failure) 
Desired survivor size 524288 bytes, new threshold 1 (max 15)
[PSYoungGen: 2240K->256K(2560K)] 11231K->9279K(13824K), 0.0010838 secs] [Times: user=0.01 sys=0.00, real=0.00 secs] 
2015-04-14T20:54:18.204-0100: 3149.041: Total time for which application threads were stopped: 0.0012960 seconds, Stopping threads took: 0.0000272 seconds
2015-04-14T20:54:19.194-0100: 3150.030: [GC (Allocation Failure) 
Desired survivor size 524288 bytes, new threshold 1 (max 15)
[PSYoungGen: 2304K->256K(2560K)] 11327K->9311K(13824K), 0.0010682 secs] [Times: user=0.01 sys=0.00, real=0.00 secs] 
2015-04-14T20:54:19.195-0100: 3150.032: Total time for which application threads were stopped: 0.0012518 seconds, Stopping threads took: 0.0000234 seconds
2015-04-14T20:54:20.296-0100: 3151.133: [GC (Allocation Failure) 
Desired survivor size 524288 bytes, new threshold 1 (max 15)
[PSYoungGen: 2304K->256K(2560K)] 11359K->9343K(13824K), 0.0010727 secs] [Times: user=0.01 sys=0.00, real=0.00 secs] 
2015-04-14T20:54:20.297-0100: 3151.134: Total time for which application threads were stopped: 0.0012629 seconds, Stopping threads took: 0.0000208 seconds
2015-04-14T20:54:21.316-0100: 3152.153: [GC (Allocation Failure) 
Desired survivor size 524288 bytes, new threshold 1 (max 15)
[PSYoungGen: 2303K->256K(2560K)] 11391K->9383K(13824K), 0.0010182 secs] [Times: user=0.00 sys=0.00, real=0.00 secs] 
2015-04-14T20:54:21.317-0100: 3152.154: Total time for which application threads were stopped: 0.0012138 seconds, Stopping threads took: 0.0000233 seconds
2015-04-14T20:54:22.334-0100: 3153.170: [GC (Allocation Failure) 
Desired survivor size 524288 bytes, new threshold 1 (max 15)
[PSYoungGen: 2304K->288K(2560K)] 11431K->9447K(13824K), 0.0009814 secs] [Times: user=0.00 sys=0.00, real=0.00 secs] 
2015-04-14T20:54:22.335-0100: 3153.171: Total time for which application threads were stopped: 0.0011801 seconds, Stopping threads took: 0.0000239 seconds
2015-04-14T20:54:23.306-0100: 3154.143: [GC (Allocation Failure) 
Desired survivor size 524288 bytes, new threshold 1 (max 15)
[PSYoungGen: 2336K->256K(2560K)] 11495K->9447K(13824K), 0.0010231 secs] [Times: user=0.00 sys=0.00, real=0.00 secs] 
2015-04-14T20:54:23.308-0100: 3154.144: Total time for which application threads were stopped: 0.0012095 seconds, Stopping threads took: 0.0000210 seconds
2015-04-14T20:54:24.325-0100: 3155.162: [GC (Allocation Failure) 
Desired survivor size 524288 bytes, new threshold 1 (max 15)
[PSYoungGen: 2304K->256K(2560K)] 11495K->9471K(13824K), 0.0010718 secs] [Times: user=0.00 sys=0.00, real=0.00 secs] 
2015-04-14T20:54:24.326-0100: 3155.163: Total time for which application threads were stopped: 0.0012650 seconds, Stopping threads took: 0.0000225 seconds
2015-04-14T20:54:25.377-0100: 3156.214: [GC (Allocation Failure) 
Desired survivor size 524288 bytes, new threshold 1 (max 15)
[PSYoungGen: 2303K->256K(2560K)] 11519K->9503K(13824K), 0.0008027 secs] [Times: user=0.00 sys=0.01, real=0.00 secs] 
2015-04-14T20:54:25.378-0100: 3156.215: Total time for which application threads were stopped: 0.0009448 seconds, Stopping threads took: 0.0000139 seconds
2015-04-14T20:54:26.413-0100: 3157.250: [GC (Allocation Failure) 
Desired survivor size 524288 bytes, new threshold 1 (max 15)
[PSYoungGen: 2304K->256K(2560K)] 11551K->9527K(13824K), 0.0010085 secs] [Times: user=0.00 sys=0.00, real=0.00 secs] 
2015-04-14T20:54:26.414-0100: 3157.251: Total time for which application threads were stopped: 0.0012290 seconds, Stopping threads took: 0.0000338 seconds
2015-04-14T20:54:27.418-0100: 3158.255: [GC (Allocation Failure) 
Desired survivor size 524288 bytes, new threshold 1 (max 15)
[PSYoungGen: 2304K->288K(2560K)] 11575K->9591K(13824K), 0.0010458 secs] [Times: user=0.00 sys=0.00, real=0.01 secs] 
2015-04-14T20:54:27.420-0100: 3158.256: Total time for which application threads were stopped: 0.0012551 seconds, Stopping threads took: 0.0000221 seconds
2015-04-14T20:54:28.438-0100: 3159.275: [GC (Allocation Failure) 
Desired survivor size 524288 bytes, new threshold 1 (max 15)
[PSYoungGen: 2336K->288K(2560K)] 11639K->9623K(13824K), 0.0009918 secs] [Times: user=0.00 sys=0.00, real=0.00 secs] 
2015-04-14T20:54:28.439-0100: 3159.276: Total time for which application threads were stopped: 0.0011814 seconds, Stopping threads took: 0.0000208 seconds
2015-04-14T20:54:29.425-0100: 3160.262: [GC (Allocation Failure) 
Desired survivor size 524288 bytes, new threshold 1 (max 15)
[PSYoungGen: 2336K->256K(2560K)] 11671K->9615K(13824K), 0.0010738 secs] [Times: user=0.00 sys=0.00, real=0.00 secs] 
2015-04-14T20:54:29.427-0100: 3160.263: Total time for which application threads were stopped: 0.0012696 seconds, Stopping threads took: 0.0000240 seconds
2015-04-14T20:54:30.425-0100: 3161.262: [GC (Allocation Failure) 
Desired survivor size 524288 bytes, new threshold 1 (max 15)
[PSYoungGen: 2304K->256K(2560K)] 11663K->9639K(13824K), 0.0008554 secs] [Times: user=0.00 sys=0.00, real=0.00 secs] 
2015-04-14T20:54:30.426-0100: 3161.263: Total time for which application threads were stopped: 0.0010213 seconds, Stopping threads took: 0.0000249 seconds
2015-04-14T20:54:31.449-0100: 3162.286: [GC (Allocation Failure) 
Desired survivor size 524288 bytes, new threshold 1 (max 15)
[PSYoungGen: 2304K->160K(2560K)] 11687K->9559K(13824K), 0.0009264 secs] [Times: user=0.01 sys=0.00, real=0.01 secs] 
2015-04-14T20:54:31.450-0100: 3162.287: Total time for which application threads were stopped: 0.0011014 seconds, Stopping threads took: 0.0000221 seconds
2015-04-14T20:54:32.451-0100: 3163.288: [GC (Allocation Failure) 
Desired survivor size 524288 bytes, new threshold 1 (max 15)
[PSYoungGen: 2208K->256K(2560K)] 11607K->9687K(13824K), 0.0009307 secs] [Times: user=0.01 sys=0.00, real=0.00 secs] 
2015-04-14T20:54:32.452-0100: 3163.289: Total time for which application threads were stopped: 0.0011017 seconds, Stopping threads took: 0.0000202 seconds
2015-04-14T20:54:33.454-0100: 3164.291: [GC (Allocation Failure) 
Desired survivor size 524288 bytes, new threshold 1 (max 15)
[PSYoungGen: 2304K->256K(2560K)] 11735K->9711K(13824K), 0.0010501 secs] [Times: user=0.01 sys=0.00, real=0.00 secs] 
2015-04-14T20:54:33.455-0100: 3164.292: Total time for which application threads were stopped: 0.0012362 seconds, Stopping threads took: 0.0000219 seconds
2015-04-14T20:54:34.487-0100: 3165.324: [GC (Allocation Failure) 
Desired survivor size 524288 bytes, new threshold 1 (max 15)
[PSYoungGen: 2304K->256K(2560K)] 11759K->9751K(13824K), 0.0011198 secs] [Times: user=0.00 sys=0.00, real=0.00 secs] 
2015-04-14T20:54:34.488-0100: 3165.325: Total time for which application threads were stopped: 0.0013177 seconds, Stopping threads took: 0.0000201 seconds
2015-04-14T20:54:35.528-0100: 3166.365: [GC (Allocation Failure) 
Desired survivor size 524288 bytes, new threshold 1 (max 15)
[PSYoungGen: 2304K->256K(2560K)] 11799K->9783K(13824K), 0.0009992 secs] [Times: user=0.00 sys=0.00, real=0.00 secs] 
2015-04-14T20:54:35.529-0100: 3166.366: Total time for which application threads were stopped: 0.0011872 seconds, Stopping threads took: 0.0000229 seconds
2015-04-14T20:54:36.631-0100: 3167.468: [GC (Allocation Failure) 
Desired survivor size 524288 bytes, new threshold 1 (max 15)
[PSYoungGen: 2304K->256K(2560K)] 11831K->9815K(13824K), 0.0009636 secs] [Times: user=0.01 sys=0.00, real=0.00 secs] 
2015-04-14T20:54:36.632-0100: 3167.469: Total time for which application threads were stopped: 0.0011413 seconds, Stopping threads took: 0.0000225 seconds
2015-04-14T20:54:37.648-0100: 3168.485: [GC (Allocation Failure) 
Desired survivor size 524288 bytes, new threshold 1 (max 15)
[PSYoungGen: 2304K->288K(2560K)] 11863K->9879K(13824K), 0.0010634 secs] [Times: user=0.00 sys=0.00, real=0.01 secs] 
2015-04-14T20:54:37.650-0100: 3168.487: Total time for which application threads were stopped: 0.0012743 seconds, Stopping threads took: 0.0000284 seconds
2015-04-14T20:54:38.636-0100: 3169.473: [GC (Allocation Failure) 
Desired survivor size 524288 bytes, new threshold 1 (max 15)
[PSYoungGen: 2336K->256K(2560K)] 11927K->9879K(13824K), 0.0010541 secs] [Times: user=0.00 sys=0.00, real=0.00 secs] 
2015-04-14T20:54:38.637-0100: 3169.474: Total time for which application threads were stopped: 0.0012413 seconds, Stopping threads took: 0.0000217 seconds
2015-04-14T20:54:39.706-0100: 3170.543: [GC (Allocation Failure) 
Desired survivor size 524288 bytes, new threshold 1 (max 15)
[PSYoungGen: 2304K->256K(2560K)] 11927K->9911K(13824K), 0.0011319 secs] [Times: user=0.00 sys=0.00, real=0.00 secs] 
2015-04-14T20:54:39.707-0100: 3170.544: Total time for which application threads were stopped: 0.0013290 seconds, Stopping threads took: 0.0000240 seconds
2015-04-14T20:54:40.709-0100: 3171.546: [GC (Allocation Failure) 
Desired survivor size 524288 bytes, new threshold 1 (max 15)
[PSYoungGen: 2304K->288K(2560K)] 11959K->9975K(13824K), 0.0010199 secs] [Times: user=0.01 sys=0.00, real=0.01 secs] 
2015-04-14T20:54:40.710-0100: 3171.547: Total time for which application threads were stopped: 0.0012092 seconds, Stopping threads took: 0.0000216 seconds
2015-04-14T20:54:41.631-0100: 3172.468: [GC (Allocation Failure) 
Desired survivor size 524288 bytes, new threshold 1 (max 15)
[PSYoungGen: 2336K->256K(2560K)] 12023K->9983K(13824K), 0.0010089 secs] [Times: user=0.01 sys=0.00, real=0.00 secs] 
2015-04-14T20:54:41.632-0100: 3172.469: Total time for which application threads were stopped: 0.0012051 seconds, Stopping threads took: 0.0000205 seconds
2015-04-14T20:54:42.617-0100: 3173.454: [GC (Allocation Failure) 
Desired survivor size 524288 bytes, new threshold 1 (max 15)
[PSYoungGen: 2304K->288K(2560K)] 12031K->10047K(13824K), 0.0010504 secs] [Times: user=0.00 sys=0.00, real=0.00 secs] 
2015-04-14T20:54:42.618-0100: 3173.455: Total time for which application threads were stopped: 0.0012405 seconds, Stopping threads took: 0.0000224 seconds
2015-04-14T20:54:43.453-0100: 3174.290: [GC (Allocation Failure) 
Desired survivor size 524288 bytes, new threshold 1 (max 15)
[PSYoungGen: 2336K->288K(2560K)] 12095K->10079K(13824K), 0.0010564 secs] [Times: user=0.00 sys=0.01, real=0.00 secs] 
2015-04-14T20:54:43.454-0100: 3174.291: Total time for which application threads were stopped: 0.0012568 seconds, Stopping threads took: 0.0000240 seconds
2015-04-14T20:54:44.305-0100: 3175.142: [GC (Allocation Failure) 
Desired survivor size 524288 bytes, new threshold 1 (max 15)
[PSYoungGen: 2336K->256K(2560K)] 12127K->10071K(13824K), 0.0010210 secs] [Times: user=0.01 sys=0.00, real=0.00 secs] 
2015-04-14T20:54:44.306-0100: 3175.143: Total time for which application threads were stopped: 0.0012094 seconds, Stopping threads took: 0.0000209 seconds
2015-04-14T20:54:45.207-0100: 3176.044: [GC (Allocation Failure) 
Desired survivor size 524288 bytes, new threshold 1 (max 15)
[PSYoungGen: 2304K->256K(2560K)] 12119K->10103K(13824K), 0.0010898 secs] [Times: user=0.00 sys=0.00, real=0.00 secs] 
2015-04-14T20:54:45.208-0100: 3176.045: Total time for which application threads were stopped: 0.0012894 seconds, Stopping threads took: 0.0000188 seconds
2015-04-14T20:54:46.045-0100: 3176.882: [GC (Allocation Failure) 
Desired survivor size 524288 bytes, new threshold 1 (max 15)
[PSYoungGen: 2304K->256K(2560K)] 12151K->10127K(13824K), 0.0011081 secs] [Times: user=0.01 sys=0.00, real=0.00 secs] 
2015-04-14T20:54:46.047-0100: 3176.884: Total time for which application threads were stopped: 0.0012980 seconds, Stopping threads took: 0.0000242 seconds
2015-04-14T20:54:46.914-0100: 3177.751: [GC (Allocation Failure) 
Desired survivor size 524288 bytes, new threshold 1 (max 15)
[PSYoungGen: 2304K->256K(2560K)] 12175K->10159K(13824K), 0.0010989 secs] [Times: user=0.01 sys=0.00, real=0.00 secs] 
2015-04-14T20:54:46.915-0100: 3177.752: Total time for which application threads were stopped: 0.0012913 seconds, Stopping threads took: 0.0000216 seconds
2015-04-14T20:54:47.831-0100: 3178.668: [GC (Allocation Failure) 
Desired survivor size 524288 bytes, new threshold 1 (max 15)
[PSYoungGen: 2304K->288K(2560K)] 12207K->10215K(13824K), 0.0010267 secs] [Times: user=0.00 sys=0.00, real=0.00 secs] 
2015-04-14T20:54:47.832-0100: 3178.669: Total time for which application threads were stopped: 0.0012700 seconds, Stopping threads took: 0.0000338 seconds
2015-04-14T20:54:48.735-0100: 3179.572: [GC (Allocation Failure) 
Desired survivor size 524288 bytes, new threshold 1 (max 15)
[PSYoungGen: 2336K->288K(2560K)] 12263K->10247K(13824K), 0.0010689 secs] [Times: user=0.00 sys=0.00, real=0.00 secs] 
2015-04-14T20:54:48.736-0100: 3179.573: Total time for which application threads were stopped: 0.0012703 seconds, Stopping threads took: 0.0000224 seconds
2015-04-14T20:54:49.656-0100: 3180.493: [GC (Allocation Failure) 
Desired survivor size 524288 bytes, new threshold 1 (max 15)
[PSYoungGen: 2336K->288K(2560K)] 12295K->10279K(13824K), 0.0010519 secs] [Times: user=0.01 sys=0.00, real=0.00 secs] 
2015-04-14T20:54:49.657-0100: 3180.494: Total time for which application threads were stopped: 0.0012523 seconds, Stopping threads took: 0.0000207 seconds
2015-04-14T20:54:50.605-0100: 3181.442: [GC (Allocation Failure) 
Desired survivor size 524288 bytes, new threshold 1 (max 15)
[PSYoungGen: 2336K->256K(2560K)] 12327K->10271K(13824K), 0.0011009 secs] [Times: user=0.00 sys=0.00, real=0.00 secs] 
2015-04-14T20:54:50.606-0100: 3181.443: Total time for which application threads were stopped: 0.0013043 seconds, Stopping threads took: 0.0000269 seconds
2015-04-14T20:54:51.596-0100: 3182.433: [GC (Allocation Failure) 
Desired survivor size 524288 bytes, new threshold 1 (max 15)
[PSYoungGen: 2304K->288K(2560K)] 12319K->10351K(13824K), 0.0009845 secs] [Times: user=0.00 sys=0.00, real=0.00 secs] 
2015-04-14T20:54:51.597-0100: 3182.434: Total time for which application threads were stopped: 0.0011632 seconds, Stopping threads took: 0.0000216 seconds
2015-04-14T20:54:52.632-0100: 3183.469: [GC (Allocation Failure) 
Desired survivor size 524288 bytes, new threshold 1 (max 15)
[PSYoungGen: 2336K->256K(2560K)] 12399K->10351K(13824K), 0.0010771 secs] [Times: user=0.00 sys=0.00, real=0.00 secs] 
2015-04-14T20:54:52.633-0100: 3183.470: Total time for which application threads were stopped: 0.0012753 seconds, Stopping threads took: 0.0000228 seconds
2015-04-14T20:54:53.632-0100: 3184.470: [GC (Allocation Failure) 
Desired survivor size 524288 bytes, new threshold 1 (max 15)
[PSYoungGen: 2304K->256K(2560K)] 12399K->10383K(13824K), 0.0010064 secs] [Times: user=0.00 sys=0.00, real=0.00 secs] 
2015-04-14T20:54:53.633-0100: 3184.471: Total time for which application threads were stopped: 0.0012634 seconds, Stopping threads took: 0.0000249 seconds
2015-04-14T20:54:54.635-0100: 3185.472: [GC (Allocation Failure) 
Desired survivor size 524288 bytes, new threshold 1 (max 15)
[PSYoungGen: 2304K->288K(2560K)] 12431K->10455K(13824K), 0.0009573 secs] [Times: user=0.00 sys=0.00, real=0.00 secs] 
2015-04-14T20:54:54.636-0100: 3185.473: Total time for which application threads were stopped: 0.0011466 seconds, Stopping threads took: 0.0000222 seconds
2015-04-14T20:54:55.627-0100: 3186.464: [GC (Allocation Failure) 
Desired survivor size 524288 bytes, new threshold 1 (max 15)
[PSYoungGen: 2336K->288K(2560K)] 12503K->10479K(13824K), 0.0009363 secs] [Times: user=0.01 sys=0.00, real=0.00 secs] 
2015-04-14T20:54:55.628-0100: 3186.465: Total time for which application threads were stopped: 0.0011114 seconds, Stopping threads took: 0.0000236 seconds
2015-04-14T20:54:56.645-0100: 3187.482: [GC (Allocation Failure) 
Desired survivor size 524288 bytes, new threshold 1 (max 15)
[PSYoungGen: 2336K->256K(2560K)] 12527K->10479K(13824K), 0.0010423 secs] [Times: user=0.00 sys=0.00, real=0.00 secs] 
2015-04-14T20:54:56.646-0100: 3187.483: Total time for which application threads were stopped: 0.0012450 seconds, Stopping threads took: 0.0000226 seconds
2015-04-14T20:54:57.677-0100: 3188.515: [GC (Allocation Failure) 
Desired survivor size 524288 bytes, new threshold 1 (max 15)
[PSYoungGen: 2304K->288K(2560K)] 12527K->10535K(13824K), 0.0011347 secs] [Times: user=0.01 sys=0.00, real=0.00 secs] 
2015-04-14T20:54:57.679-0100: 3188.516: Total time for which application threads were stopped: 0.0013566 seconds, Stopping threads took: 0.0000309 seconds
2015-04-14T20:54:58.701-0100: 3189.538: [GC (Allocation Failure) 
Desired survivor size 524288 bytes, new threshold 1 (max 15)
[PSYoungGen: 2336K->256K(2560K)] 12583K->10535K(13824K), 0.0010663 secs] [Times: user=0.01 sys=0.00, real=0.00 secs] 
2015-04-14T20:54:58.702-0100: 3189.539: Total time for which application threads were stopped: 0.0012516 seconds, Stopping threads took: 0.0000230 seconds
2015-04-14T20:54:59.735-0100: 3190.572: [GC (Allocation Failure) 
Desired survivor size 524288 bytes, new threshold 1 (max 15)
[PSYoungGen: 2304K->256K(2560K)] 12583K->10559K(13824K), 0.0010388 secs] [Times: user=0.00 sys=0.00, real=0.00 secs] 
2015-04-14T20:54:59.736-0100: 3190.574: Total time for which application threads were stopped: 0.0012243 seconds, Stopping threads took: 0.0000210 seconds
2015-04-14T20:55:00.522-0100: 3191.360: [GC (Allocation Failure) 
Desired survivor size 524288 bytes, new threshold 1 (max 15)
[PSYoungGen: 2304K->256K(2560K)] 12607K->10591K(13824K), 0.0010795 secs] [Times: user=0.00 sys=0.00, real=0.00 secs] 
2015-04-14T20:55:00.523-0100: 3191.361: Total time for which application threads were stopped: 0.0012715 seconds, Stopping threads took: 0.0000223 seconds
2015-04-14T20:55:01.542-0100: 3192.379: [GC (Allocation Failure) 
Desired survivor size 524288 bytes, new threshold 1 (max 15)
[PSYoungGen: 2304K->224K(2560K)] 12639K->10591K(13824K), 0.0010331 secs] [Times: user=0.00 sys=0.00, real=0.00 secs] 
2015-04-14T20:55:01.543-0100: 3192.381: Total time for which application threads were stopped: 0.0012302 seconds, Stopping threads took: 0.0000218 seconds
2015-04-14T20:55:02.610-0100: 3193.448: [GC (Allocation Failure) 
Desired survivor size 524288 bytes, new threshold 1 (max 15)
[PSYoungGen: 2272K->224K(2560K)] 12639K->10615K(13824K), 0.0010962 secs] [Times: user=0.00 sys=0.00, real=0.00 secs] 
2015-04-14T20:55:02.612-0100: 3193.449: Total time for which application threads were stopped: 0.0013018 seconds, Stopping threads took: 0.0000236 seconds
2015-04-14T20:55:03.649-0100: 3194.486: [GC (Allocation Failure) 
Desired survivor size 524288 bytes, new threshold 1 (max 15)
[PSYoungGen: 2272K->288K(2560K)] 12663K->10719K(13824K), 0.0011116 secs] [Times: user=0.00 sys=0.00, real=0.01 secs] 
2015-04-14T20:55:03.650-0100: 3194.488: Total time for which application threads were stopped: 0.0013213 seconds, Stopping threads took: 0.0000225 seconds
2015-04-14T20:55:04.700-0100: 3195.538: [GC (Allocation Failure) 
Desired survivor size 524288 bytes, new threshold 1 (max 15)
[PSYoungGen: 2336K->256K(2560K)] 12767K->10719K(13824K), 0.0009321 secs] [Times: user=0.01 sys=0.00, real=0.00 secs] 
2015-04-14T20:55:04.701-0100: 3195.539: Total time for which application threads were stopped: 0.0011499 seconds, Stopping threads took: 0.0000264 seconds
2015-04-14T20:55:05.704-0100: 3196.542: [GC (Allocation Failure) 
Desired survivor size 524288 bytes, new threshold 1 (max 15)
[PSYoungGen: 2304K->256K(2560K)] 12767K->10751K(13824K), 0.0009804 secs] [Times: user=0.00 sys=0.00, real=0.00 secs] 
2015-04-14T20:55:05.705-0100: 3196.543: Total time for which application threads were stopped: 0.0011586 seconds, Stopping threads took: 0.0000198 seconds
2015-04-14T20:55:06.725-0100: 3197.563: [GC (Allocation Failure) 
Desired survivor size 524288 bytes, new threshold 1 (max 15)
[PSYoungGen: 2304K->288K(2560K)] 12799K->10815K(13824K), 0.0010472 secs] [Times: user=0.00 sys=0.00, real=0.00 secs] 
2015-04-14T20:55:06.726-0100: 3197.564: Total time for which application threads were stopped: 0.0012382 seconds, Stopping threads took: 0.0000223 seconds
2015-04-14T20:55:07.728-0100: 3198.565: [GC (Allocation Failure) 
Desired survivor size 524288 bytes, new threshold 1 (max 15)
[PSYoungGen: 2336K->256K(2560K)] 12863K->10815K(13824K), 0.0011380 secs] [Times: user=0.00 sys=0.00, real=0.00 secs] 
2015-04-14T20:55:07.729-0100: 3198.566: Total time for which application threads were stopped: 0.0013353 seconds, Stopping threads took: 0.0000224 seconds
2015-04-14T20:55:08.813-0100: 3199.650: [GC (Allocation Failure) 
Desired survivor size 524288 bytes, new threshold 1 (max 15)
[PSYoungGen: 2304K->256K(2560K)] 12863K->10847K(13824K), 0.0010832 secs] [Times: user=0.00 sys=0.00, real=0.00 secs] 
2015-04-14T20:55:08.814-0100: 3199.651: Total time for which application threads were stopped: 0.0012847 seconds, Stopping threads took: 0.0000240 seconds
2015-04-14T20:55:09.868-0100: 3200.705: [GC (Allocation Failure) 
Desired survivor size 524288 bytes, new threshold 1 (max 15)
[PSYoungGen: 2304K->256K(2560K)] 12895K->10887K(13824K), 0.0010112 secs] [Times: user=0.00 sys=0.00, real=0.00 secs] 
2015-04-14T20:55:09.869-0100: 3200.706: Total time for which application threads were stopped: 0.0011955 seconds, Stopping threads took: 0.0000224 seconds
2015-04-14T20:55:10.889-0100: 3201.726: [GC (Allocation Failure) 
Desired survivor size 524288 bytes, new threshold 1 (max 15)
[PSYoungGen: 2304K->256K(2560K)] 12935K->10919K(13824K), 0.0010332 secs] [Times: user=0.01 sys=0.00, real=0.01 secs] 
2015-04-14T20:55:10.890-0100: 3201.727: Total time for which application threads were stopped: 0.0012488 seconds, Stopping threads took: 0.0000229 seconds
2015-04-14T20:55:11.892-0100: 3202.730: [GC (Allocation Failure) 
Desired survivor size 524288 bytes, new threshold 1 (max 15)
[PSYoungGen: 2304K->256K(2560K)] 12967K->10951K(13824K), 0.0009960 secs] [Times: user=0.01 sys=0.00, real=0.00 secs] 
2015-04-14T20:55:11.893-0100: 3202.731: Total time for which application threads were stopped: 0.0011853 seconds, Stopping threads took: 0.0000234 seconds
2015-04-14T20:55:12.909-0100: 3203.747: [GC (Allocation Failure) 
Desired survivor size 524288 bytes, new threshold 1 (max 15)
[PSYoungGen: 2304K->256K(2560K)] 12999K->10983K(13824K), 0.0010670 secs] [Times: user=0.01 sys=0.00, real=0.01 secs] 
2015-04-14T20:55:12.911-0100: 3203.748: Total time for which application threads were stopped: 0.0012952 seconds, Stopping threads took: 0.0000256 seconds
2015-04-14T20:55:13.916-0100: 3204.753: [GC (Allocation Failure) 
Desired survivor size 524288 bytes, new threshold 1 (max 15)
[PSYoungGen: 2304K->256K(2560K)] 13031K->11023K(13824K), 0.0010478 secs] [Times: user=0.00 sys=0.00, real=0.00 secs] 
2015-04-14T20:55:13.917-0100: 3204.755: Total time for which application threads were stopped: 0.0012337 seconds, Stopping threads took: 0.0000236 seconds
2015-04-14T20:55:14.952-0100: 3205.789: [GC (Allocation Failure) 
Desired survivor size 524288 bytes, new threshold 1 (max 15)
[PSYoungGen: 2304K->256K(2560K)] 13071K->11047K(13824K), 0.0009193 secs] [Times: user=0.00 sys=0.00, real=0.00 secs] 
2015-04-14T20:55:14.953-0100: 3205.790: Total time for which application threads were stopped: 0.0011594 seconds, Stopping threads took: 0.0000235 seconds
2015-04-14T20:55:15.972-0100: 3206.810: [GC (Allocation Failure) 
Desired survivor size 524288 bytes, new threshold 1 (max 15)
[PSYoungGen: 2304K->288K(2560K)] 13095K->11111K(13824K), 0.0010073 secs] [Times: user=0.01 sys=0.00, real=0.00 secs] 
2015-04-14T20:55:15.973-0100: 3206.811: Total time for which application threads were stopped: 0.0011966 seconds, Stopping threads took: 0.0000220 seconds
2015-04-14T20:55:16.991-0100: 3207.829: [GC (Allocation Failure) 
Desired survivor size 524288 bytes, new threshold 1 (max 15)
[PSYoungGen: 2336K->256K(2560K)] 13159K->11111K(13824K), 0.0011754 secs] [Times: user=0.00 sys=0.00, real=0.00 secs] 
2015-04-14T20:55:16.993-0100: 3207.830: Total time for which application threads were stopped: 0.0013683 seconds, Stopping threads took: 0.0000221 seconds
2015-04-14T20:55:17.991-0100: 3208.829: [GC (Allocation Failure) 
Desired survivor size 524288 bytes, new threshold 1 (max 15)
[PSYoungGen: 2304K->288K(2560K)] 13159K->11175K(13824K), 0.0011417 secs] [Times: user=0.01 sys=0.00, real=0.00 secs] 
2015-04-14T20:55:17.992-0100: 3208.830: Total time for which application threads were stopped: 0.0013501 seconds, Stopping threads took: 0.0000316 seconds
2015-04-14T20:55:18.998-0100: 3209.836: [GC (Allocation Failure) 
Desired survivor size 524288 bytes, new threshold 1 (max 15)
[PSYoungGen: 2336K->288K(2560K)] 13223K->11207K(13824K), 0.0010524 secs] [Times: user=0.01 sys=0.00, real=0.00 secs] 
2015-04-14T20:55:18.999-0100: 3209.837: Total time for which application threads were stopped: 0.0012438 seconds, Stopping threads took: 0.0000241 seconds
2015-04-14T20:55:20.035-0100: 3210.872: [GC (Allocation Failure) 
Desired survivor size 524288 bytes, new threshold 1 (max 15)
[PSYoungGen: 2336K->256K(2560K)] 13255K->11199K(13824K), 0.0009859 secs] [Times: user=0.00 sys=0.00, real=0.00 secs] 
2015-04-14T20:55:20.036-0100: 3210.873: Total time for which application threads were stopped: 0.0011684 seconds, Stopping threads took: 0.0000230 seconds
2015-04-14T20:55:21.121-0100: 3211.959: [GC (Allocation Failure) 
Desired survivor size 524288 bytes, new threshold 1 (max 15)
[PSYoungGen: 2303K->288K(2560K)] 13246K->11263K(13824K), 0.0010145 secs] [Times: user=0.00 sys=0.00, real=0.00 secs] 
2015-04-14T20:55:21.122-0100: 3211.960: Total time for which application threads were stopped: 0.0012093 seconds, Stopping threads took: 0.0000232 seconds
2015-04-14T20:55:22.138-0100: 3212.976: [GC (Allocation Failure) 
Desired survivor size 524288 bytes, new threshold 1 (max 15)
[PSYoungGen: 2336K->256K(2560K)] 13311K->11255K(13824K), 0.0010676 secs] [Times: user=0.00 sys=0.00, real=0.00 secs] 
2015-04-14T20:55:22.140-0100: 3212.977: Total time for which application threads were stopped: 0.0012776 seconds, Stopping threads took: 0.0000270 seconds
2015-04-14T20:55:23.128-0100: 3213.965: [GC (Allocation Failure) 
Desired survivor size 524288 bytes, new threshold 1 (max 15)
[PSYoungGen: 2304K->288K(2560K)] 13303K->11319K(13824K), 0.0011368 secs] [Times: user=0.00 sys=0.00, real=0.00 secs] 
2015-04-14T20:55:23.129-0100: 3213.966: Total time for which application threads were stopped: 0.0013337 seconds, Stopping threads took: 0.0000228 seconds
2015-04-14T20:55:24.181-0100: 3215.019: [GC (Allocation Failure) 
Desired survivor size 524288 bytes, new threshold 1 (max 15)
[PSYoungGen: 2336K->288K(2560K)] 13367K->11351K(13824K), 0.0010924 secs] [Times: user=0.01 sys=0.00, real=0.00 secs] 
2015-04-14T20:55:24.182-0100: 3215.020: Total time for which application threads were stopped: 0.0012878 seconds, Stopping threads took: 0.0000234 seconds
2015-04-14T20:55:25.184-0100: 3216.021: [GC (Allocation Failure) 
Desired survivor size 524288 bytes, new threshold 1 (max 15)
[PSYoungGen: 2336K->256K(2560K)] 13399K->11343K(13824K), 0.0011168 secs] [Times: user=0.01 sys=0.00, real=0.00 secs] 
2015-04-14T20:55:25.185-0100: 3216.023: Total time for which application threads were stopped: 0.0013327 seconds, Stopping threads took: 0.0000221 seconds
2015-04-14T20:55:26.184-0100: 3217.022: [GC (Allocation Failure) 
Desired survivor size 524288 bytes, new threshold 1 (max 15)
[PSYoungGen: 2304K->288K(2560K)] 13391K->11399K(13824K), 0.0010655 secs] [Times: user=0.00 sys=0.00, real=0.00 secs] 
2015-04-14T20:55:26.185-0100: 3217.023: Total time for which application threads were stopped: 0.0012628 seconds, Stopping threads took: 0.0000261 seconds
2015-04-14T20:55:27.190-0100: 3218.028: [GC (Allocation Failure) 
Desired survivor size 524288 bytes, new threshold 1 (max 15)
[PSYoungGen: 2336K->288K(2560K)] 13447K->11439K(13824K), 0.0010108 secs] [Times: user=0.00 sys=0.00, real=0.00 secs] 
2015-04-14T20:55:27.192-0100: 3218.029: Total time for which application threads were stopped: 0.0011769 seconds, Stopping threads took: 0.0000208 seconds
2015-04-14T20:55:28.192-0100: 3219.030: [GC (Allocation Failure) 
Desired survivor size 524288 bytes, new threshold 1 (max 15)
[PSYoungGen: 2336K->256K(2560K)] 13487K->11447K(13824K), 0.0011258 secs] [Times: user=0.00 sys=0.00, real=0.00 secs] 
2015-04-14T20:55:28.194-0100: 3219.031: Total time for which application threads were stopped: 0.0013423 seconds, Stopping threads took: 0.0000233 seconds
2015-04-14T20:55:29.246-0100: 3220.084: [GC (Allocation Failure) 
Desired survivor size 524288 bytes, new threshold 1 (max 15)
[PSYoungGen: 2304K->256K(2560K)] 13495K->11479K(13824K), 0.0010452 secs] [Times: user=0.00 sys=0.00, real=0.00 secs] 
2015-04-14T20:55:29.248-0100: 3220.085: [Full GC (Ergonomics) [PSYoungGen: 256K->0K(2560K)] [ParOldGen: 11223K->8348K(11264K)] 11479K->8348K(13824K), [Metaspace: 17887K->17887K(1064960K)], 0.0195517 secs] [Times: user=0.07 sys=0.00, real=0.02 secs] 
2015-04-14T20:55:29.267-0100: 3220.105: Total time for which application threads were stopped: 0.0209217 seconds, Stopping threads took: 0.0000224 seconds
2015-04-14T20:55:30.312-0100: 3221.150: [GC (Allocation Failure) 
Desired survivor size 524288 bytes, new threshold 1 (max 15)
[PSYoungGen: 2048K->288K(2560K)] 10396K->8636K(13824K), 0.0010800 secs] [Times: user=0.00 sys=0.00, real=0.00 secs] 
2015-04-14T20:55:30.314-0100: 3221.151: Total time for which application threads were stopped: 0.0013055 seconds, Stopping threads took: 0.0000252 seconds
2015-04-14T20:55:31.285-0100: 3222.123: [GC (Allocation Failure) 
Desired survivor size 524288 bytes, new threshold 1 (max 15)
[PSYoungGen: 2336K->288K(2560K)] 10684K->8668K(13824K), 0.0009366 secs] [Times: user=0.00 sys=0.00, real=0.00 secs] 
2015-04-14T20:55:31.286-0100: 3222.124: Total time for which application threads were stopped: 0.0011055 seconds, Stopping threads took: 0.0000225 seconds
2015-04-14T20:55:32.306-0100: 3223.144: [GC (Allocation Failure) 
Desired survivor size 524288 bytes, new threshold 1 (max 15)
[PSYoungGen: 2336K->288K(2560K)] 10716K->8700K(13824K), 0.0010290 secs] [Times: user=0.00 sys=0.00, real=0.00 secs] 
2015-04-14T20:55:32.307-0100: 3223.145: Total time for which application threads were stopped: 0.0012259 seconds, Stopping threads took: 0.0000234 seconds
2015-04-14T20:55:33.325-0100: 3224.163: [GC (Allocation Failure) 
Desired survivor size 524288 bytes, new threshold 1 (max 15)
[PSYoungGen: 2336K->256K(2560K)] 10748K->8700K(13824K), 0.0010244 secs] [Times: user=0.00 sys=0.00, real=0.00 secs] 
2015-04-14T20:55:33.326-0100: 3224.164: Total time for which application threads were stopped: 0.0012218 seconds, Stopping threads took: 0.0000220 seconds
2015-04-14T20:55:34.358-0100: 3225.196: [GC (Allocation Failure) 
Desired survivor size 524288 bytes, new threshold 1 (max 15)
[PSYoungGen: 2304K->224K(2560K)] 10748K->8692K(13824K), 0.0010413 secs] [Times: user=0.00 sys=0.00, real=0.00 secs] 
2015-04-14T20:55:34.359-0100: 3225.197: Total time for which application threads were stopped: 0.0012435 seconds, Stopping threads took: 0.0000294 seconds
2015-04-14T20:55:35.365-0100: 3226.202: [GC (Allocation Failure) 
Desired survivor size 524288 bytes, new threshold 1 (max 15)
[PSYoungGen: 2272K->256K(2560K)] 10740K->8756K(13824K), 0.0009958 secs] [Times: user=0.01 sys=0.00, real=0.00 secs] 
2015-04-14T20:55:35.366-0100: 3226.204: Total time for which application threads were stopped: 0.0011745 seconds, Stopping threads took: 0.0000209 seconds
2015-04-14T20:55:36.417-0100: 3227.255: [GC (Allocation Failure) 
Desired survivor size 524288 bytes, new threshold 1 (max 15)
[PSYoungGen: 2304K->288K(2560K)] 10804K->8812K(13824K), 0.0010684 secs] [Times: user=0.00 sys=0.00, real=0.00 secs] 
2015-04-14T20:55:36.419-0100: 3227.257: Total time for which application threads were stopped: 0.0012831 seconds, Stopping threads took: 0.0000221 seconds
2015-04-14T20:55:37.470-0100: 3228.308: [GC (Allocation Failure) 
Desired survivor size 524288 bytes, new threshold 1 (max 15)
[PSYoungGen: 2336K->256K(2560K)] 10860K->8812K(13824K), 0.0010503 secs] [Times: user=0.00 sys=0.00, real=0.00 secs] 
2015-04-14T20:55:37.471-0100: 3228.309: Total time for which application threads were stopped: 0.0012376 seconds, Stopping threads took: 0.0000222 seconds
2015-04-14T20:55:38.507-0100: 3229.345: [GC (Allocation Failure) 
Desired survivor size 524288 bytes, new threshold 1 (max 15)
[PSYoungGen: 2304K->256K(2560K)] 10860K->8852K(13824K), 0.0010196 secs] [Times: user=0.00 sys=0.00, real=0.00 secs] 
2015-04-14T20:55:38.508-0100: 3229.346: Total time for which application threads were stopped: 0.0012067 seconds, Stopping threads took: 0.0000216 seconds
2015-04-14T20:55:39.526-0100: 3230.364: [GC (Allocation Failure) 
Desired survivor size 524288 bytes, new threshold 1 (max 15)
[PSYoungGen: 2304K->288K(2560K)] 10900K->8916K(13824K), 0.0009220 secs] [Times: user=0.01 sys=0.00, real=0.00 secs] 
2015-04-14T20:55:39.527-0100: 3230.365: Total time for which application threads were stopped: 0.0011265 seconds, Stopping threads took: 0.0000243 seconds
2015-04-14T20:55:40.448-0100: 3231.286: [GC (Allocation Failure) 
Desired survivor size 524288 bytes, new threshold 1 (max 15)
[PSYoungGen: 2336K->256K(2560K)] 10964K->8916K(13824K), 0.0011013 secs] [Times: user=0.00 sys=0.00, real=0.00 secs] 
2015-04-14T20:55:40.449-0100: 3231.287: Total time for which application threads were stopped: 0.0012851 seconds, Stopping threads took: 0.0000225 seconds
2015-04-14T20:55:41.384-0100: 3232.222: [GC (Allocation Failure) 
Desired survivor size 524288 bytes, new threshold 1 (max 15)
[PSYoungGen: 2304K->256K(2560K)] 10964K->8956K(13824K), 0.0010247 secs] [Times: user=0.01 sys=0.00, real=0.00 secs] 
2015-04-14T20:55:41.385-0100: 3232.223: Total time for which application threads were stopped: 0.0012070 seconds, Stopping threads took: 0.0000204 seconds
2015-04-14T20:55:42.387-0100: 3233.225: [GC (Allocation Failure) 
Desired survivor size 524288 bytes, new threshold 1 (max 15)
[PSYoungGen: 2304K->288K(2560K)] 11004K->9020K(13824K), 0.0008930 secs] [Times: user=0.01 sys=0.00, real=0.00 secs] 
2015-04-14T20:55:42.388-0100: 3233.226: Total time for which application threads were stopped: 0.0010633 seconds, Stopping threads took: 0.0000212 seconds
2015-04-14T20:55:43.272-0100: 3234.110: [GC (Allocation Failure) 
Desired survivor size 524288 bytes, new threshold 1 (max 15)
[PSYoungGen: 2335K->224K(2560K)] 11068K->8988K(13824K), 0.0010750 secs] [Times: user=0.00 sys=0.00, real=0.00 secs] 
2015-04-14T20:55:43.273-0100: 3234.111: Total time for which application threads were stopped: 0.0012540 seconds, Stopping threads took: 0.0000218 seconds
2015-04-14T20:55:44.125-0100: 3234.963: [GC (Allocation Failure) 
Desired survivor size 524288 bytes, new threshold 1 (max 15)
[PSYoungGen: 2272K->256K(2560K)] 11036K->9052K(13824K), 0.0010215 secs] [Times: user=0.01 sys=0.00, real=0.00 secs] 
2015-04-14T20:55:44.126-0100: 3234.964: Total time for which application threads were stopped: 0.0012195 seconds, Stopping threads took: 0.0000229 seconds
2015-04-14T20:55:44.962-0100: 3235.800: [GC (Allocation Failure) 
Desired survivor size 524288 bytes, new threshold 1 (max 15)
[PSYoungGen: 2304K->288K(2560K)] 11100K->9116K(13824K), 0.0010623 secs] [Times: user=0.00 sys=0.00, real=0.00 secs] 
2015-04-14T20:55:44.963-0100: 3235.801: Total time for which application threads were stopped: 0.0012561 seconds, Stopping threads took: 0.0000224 seconds
2015-04-14T20:55:45.831-0100: 3236.669: [GC (Allocation Failure) 
Desired survivor size 524288 bytes, new threshold 1 (max 15)
[PSYoungGen: 2336K->256K(2560K)] 11164K->9108K(13824K), 0.0010328 secs] [Times: user=0.00 sys=0.00, real=0.00 secs] 
2015-04-14T20:55:45.832-0100: 3236.670: Total time for which application threads were stopped: 0.0012168 seconds, Stopping threads took: 0.0000213 seconds
2015-04-14T20:55:46.768-0100: 3237.606: [GC (Allocation Failure) 
Desired survivor size 524288 bytes, new threshold 1 (max 15)
[PSYoungGen: 2304K->256K(2560K)] 11156K->9140K(13824K), 0.0010741 secs] [Times: user=0.00 sys=0.01, real=0.00 secs] 
2015-04-14T20:55:46.769-0100: 3237.607: Total time for which application threads were stopped: 0.0012681 seconds, Stopping threads took: 0.0000222 seconds
2015-04-14T20:55:47.684-0100: 3238.522: [GC (Allocation Failure) 
Desired survivor size 524288 bytes, new threshold 1 (max 15)
[PSYoungGen: 2304K->256K(2560K)] 11188K->9172K(13824K), 0.0011150 secs] [Times: user=0.00 sys=0.01, real=0.00 secs] 
2015-04-14T20:55:47.685-0100: 3238.523: Total time for which application threads were stopped: 0.0013177 seconds, Stopping threads took: 0.0000285 seconds
2015-04-14T20:55:48.622-0100: 3239.460: [GC (Allocation Failure) 
Desired survivor size 524288 bytes, new threshold 1 (max 15)
[PSYoungGen: 2304K->256K(2560K)] 11220K->9204K(13824K), 0.0010141 secs] [Times: user=0.00 sys=0.00, real=0.00 secs] 
2015-04-14T20:55:48.623-0100: 3239.461: Total time for which application threads were stopped: 0.0012041 seconds, Stopping threads took: 0.0000210 seconds
2015-04-14T20:55:49.544-0100: 3240.382: [GC (Allocation Failure) 
Desired survivor size 524288 bytes, new threshold 1 (max 15)
[PSYoungGen: 2304K->256K(2560K)] 11252K->9236K(13824K), 0.0010310 secs] [Times: user=0.01 sys=0.00, real=0.00 secs] 
2015-04-14T20:55:49.545-0100: 3240.383: Total time for which application threads were stopped: 0.0012321 seconds, Stopping threads took: 0.0000228 seconds
2015-04-14T20:55:50.514-0100: 3241.352: [GC (Allocation Failure) 
Desired survivor size 524288 bytes, new threshold 1 (max 15)
[PSYoungGen: 2304K->288K(2560K)] 11284K->9300K(13824K), 0.0010430 secs] [Times: user=0.00 sys=0.00, real=0.00 secs] 
2015-04-14T20:55:50.515-0100: 3241.353: Total time for which application threads were stopped: 0.0012343 seconds, Stopping threads took: 0.0000203 seconds
2015-04-14T20:55:51.552-0100: 3242.390: [GC (Allocation Failure) 
Desired survivor size 524288 bytes, new threshold 1 (max 15)
[PSYoungGen: 2336K->288K(2560K)] 11348K->9340K(13824K), 0.0009576 secs] [Times: user=0.00 sys=0.00, real=0.00 secs] 
2015-04-14T20:55:51.553-0100: 3242.391: Total time for which application threads were stopped: 0.0011257 seconds, Stopping threads took: 0.0000227 seconds
2015-04-14T20:55:52.570-0100: 3243.408: [GC (Allocation Failure) 
Desired survivor size 524288 bytes, new threshold 1 (max 15)
[PSYoungGen: 2336K->256K(2560K)] 11388K->9340K(13824K), 0.0010619 secs] [Times: user=0.00 sys=0.01, real=0.00 secs] 
2015-04-14T20:55:52.571-0100: 3243.409: Total time for which application threads were stopped: 0.0012509 seconds, Stopping threads took: 0.0000218 seconds
2015-04-14T20:55:53.605-0100: 3244.443: [GC (Allocation Failure) 
Desired survivor size 524288 bytes, new threshold 1 (max 15)
[PSYoungGen: 2304K->288K(2560K)] 11388K->9404K(13824K), 0.0008952 secs] [Times: user=0.00 sys=0.00, real=0.00 secs] 
2015-04-14T20:55:53.605-0100: 3244.444: Total time for which application threads were stopped: 0.0010583 seconds, Stopping threads took: 0.0000202 seconds
2015-04-14T20:55:54.707-0100: 3245.545: [GC (Allocation Failure) 
Desired survivor size 524288 bytes, new threshold 1 (max 15)
[PSYoungGen: 2336K->256K(2560K)] 11452K->9404K(13824K), 0.0010039 secs] [Times: user=0.01 sys=0.00, real=0.00 secs] 
2015-04-14T20:55:54.708-0100: 3245.546: Total time for which application threads were stopped: 0.0012131 seconds, Stopping threads took: 0.0000260 seconds
2015-04-14T20:55:55.695-0100: 3246.533: [GC (Allocation Failure) 
Desired survivor size 524288 bytes, new threshold 1 (max 15)
[PSYoungGen: 2304K->256K(2560K)] 11452K->9452K(13824K), 0.0010683 secs] [Times: user=0.00 sys=0.00, real=0.00 secs] 
2015-04-14T20:55:55.696-0100: 3246.535: Total time for which application threads were stopped: 0.0012554 seconds, Stopping threads took: 0.0000235 seconds
2015-04-14T20:55:56.715-0100: 3247.553: [GC (Allocation Failure) 
Desired survivor size 524288 bytes, new threshold 1 (max 15)
[PSYoungGen: 2304K->288K(2560K)] 11500K->9524K(13824K), 0.0011145 secs] [Times: user=0.00 sys=0.00, real=0.00 secs] 
2015-04-14T20:55:56.716-0100: 3247.555: Total time for which application threads were stopped: 0.0013102 seconds, Stopping threads took: 0.0000229 seconds
2015-04-14T20:55:57.753-0100: 3248.591: [GC (Allocation Failure) 
Desired survivor size 524288 bytes, new threshold 1 (max 15)
[PSYoungGen: 2336K->256K(2560K)] 11572K->9524K(13824K), 0.0010410 secs] [Times: user=0.00 sys=0.01, real=0.00 secs] 
2015-04-14T20:55:57.754-0100: 3248.592: Total time for which application threads were stopped: 0.0012711 seconds, Stopping threads took: 0.0000225 seconds
2015-04-14T20:55:58.789-0100: 3249.627: [GC (Allocation Failure) 
Desired survivor size 524288 bytes, new threshold 1 (max 15)
[PSYoungGen: 2304K->256K(2560K)] 11572K->9556K(13824K), 0.0009467 secs] [Times: user=0.01 sys=0.00, real=0.01 secs] 
2015-04-14T20:55:58.790-0100: 3249.628: Total time for which application threads were stopped: 0.0011308 seconds, Stopping threads took: 0.0000235 seconds
2015-04-14T20:55:59.840-0100: 3250.678: [GC (Allocation Failure) 
Desired survivor size 524288 bytes, new threshold 1 (max 15)
[PSYoungGen: 2304K->192K(2560K)] 11604K->9516K(13824K), 0.0009787 secs] [Times: user=0.01 sys=0.00, real=0.00 secs] 
2015-04-14T20:55:59.841-0100: 3250.679: Total time for which application threads were stopped: 0.0011888 seconds, Stopping threads took: 0.0000279 seconds
2015-04-14T20:56:00.670-0100: 3251.508: [GC (Allocation Failure) 
Desired survivor size 524288 bytes, new threshold 1 (max 15)
[PSYoungGen: 2240K->288K(2560K)] 11564K->9644K(13824K), 0.0010033 secs] [Times: user=0.00 sys=0.00, real=0.00 secs] 
2015-04-14T20:56:00.671-0100: 3251.510: Total time for which application threads were stopped: 0.0011945 seconds, Stopping threads took: 0.0000253 seconds
2015-04-14T20:56:01.665-0100: 3252.503: [GC (Allocation Failure) 
Desired survivor size 524288 bytes, new threshold 1 (max 15)
[PSYoungGen: 2336K->256K(2560K)] 11692K->9652K(13824K), 0.0010146 secs] [Times: user=0.00 sys=0.00, real=0.00 secs] 
2015-04-14T20:56:01.666-0100: 3252.504: Total time for which application threads were stopped: 0.0012301 seconds, Stopping threads took: 0.0000218 seconds
2015-04-14T20:56:02.666-0100: 3253.504: [GC (Allocation Failure) 
Desired survivor size 524288 bytes, new threshold 1 (max 15)
[PSYoungGen: 2304K->288K(2560K)] 11700K->9700K(13824K), 0.0008337 secs] [Times: user=0.00 sys=0.00, real=0.00 secs] 
2015-04-14T20:56:02.667-0100: 3253.505: Total time for which application threads were stopped: 0.0009777 seconds, Stopping threads took: 0.0000152 seconds
2015-04-14T20:56:03.694-0100: 3254.533: [GC (Allocation Failure) 
Desired survivor size 524288 bytes, new threshold 1 (max 15)
[PSYoungGen: 2336K->256K(2560K)] 11748K->9684K(13824K), 0.0009540 secs] [Times: user=0.01 sys=0.00, real=0.00 secs] 
2015-04-14T20:56:03.695-0100: 3254.534: Total time for which application threads were stopped: 0.0011888 seconds, Stopping threads took: 0.0000320 seconds
2015-04-14T20:56:04.724-0100: 3255.562: [GC (Allocation Failure) 
Desired survivor size 524288 bytes, new threshold 1 (max 15)
[PSYoungGen: 2304K->288K(2560K)] 11732K->9740K(13824K), 0.0007358 secs] [Times: user=0.00 sys=0.00, real=0.00 secs] 
2015-04-14T20:56:04.725-0100: 3255.563: Total time for which application threads were stopped: 0.0008948 seconds, Stopping threads took: 0.0000155 seconds
2015-04-14T20:56:05.827-0100: 3256.666: [GC (Allocation Failure) 
Desired survivor size 524288 bytes, new threshold 1 (max 15)
[PSYoungGen: 2336K->288K(2560K)] 11788K->9756K(13824K), 0.0010005 secs] [Times: user=0.01 sys=0.00, real=0.00 secs] 
2015-04-14T20:56:05.829-0100: 3256.667: Total time for which application threads were stopped: 0.0011857 seconds, Stopping threads took: 0.0000222 seconds
2015-04-14T20:56:06.827-0100: 3257.666: [GC (Allocation Failure) 
Desired survivor size 524288 bytes, new threshold 1 (max 15)
[PSYoungGen: 2336K->256K(2560K)] 11804K->9764K(13824K), 0.0007711 secs] [Times: user=0.00 sys=0.00, real=0.00 secs] 
2015-04-14T20:56:06.828-0100: 3257.666: Total time for which application threads were stopped: 0.0009090 seconds, Stopping threads took: 0.0000145 seconds
2015-04-14T20:56:07.818-0100: 3258.656: [GC (Allocation Failure) 
Desired survivor size 524288 bytes, new threshold 1 (max 15)
[PSYoungGen: 2304K->256K(2560K)] 11812K->9796K(13824K), 0.0010094 secs] [Times: user=0.00 sys=0.00, real=0.00 secs] 
2015-04-14T20:56:07.819-0100: 3258.657: Total time for which application threads were stopped: 0.0012245 seconds, Stopping threads took: 0.0000233 seconds
2015-04-14T20:56:08.802-0100: 3259.641: [GC (Allocation Failure) 
Desired survivor size 524288 bytes, new threshold 1 (max 15)
[PSYoungGen: 2304K->224K(2560K)] 11844K->9780K(13824K), 0.0008427 secs] [Times: user=0.00 sys=0.00, real=0.00 secs] 
2015-04-14T20:56:08.803-0100: 3259.642: Total time for which application threads were stopped: 0.0009946 seconds, Stopping threads took: 0.0000165 seconds
2015-04-14T20:56:09.822-0100: 3260.661: [GC (Allocation Failure) 
Desired survivor size 524288 bytes, new threshold 1 (max 15)
[PSYoungGen: 2272K->288K(2560K)] 11828K->9892K(13824K), 0.0011231 secs] [Times: user=0.00 sys=0.00, real=0.00 secs] 
2015-04-14T20:56:09.823-0100: 3260.662: Total time for which application threads were stopped: 0.0013263 seconds, Stopping threads took: 0.0000206 seconds
2015-04-14T20:56:10.908-0100: 3261.747: [GC (Allocation Failure) 
Desired survivor size 524288 bytes, new threshold 1 (max 15)
[PSYoungGen: 2336K->256K(2560K)] 11940K->9884K(13824K), 0.0010774 secs] [Times: user=0.01 sys=0.00, real=0.00 secs] 
2015-04-14T20:56:10.909-0100: 3261.748: Total time for which application threads were stopped: 0.0012997 seconds, Stopping threads took: 0.0000253 seconds
2015-04-14T20:56:11.947-0100: 3262.786: [GC (Allocation Failure) 
Desired survivor size 524288 bytes, new threshold 1 (max 15)
[PSYoungGen: 2304K->256K(2560K)] 11932K->9916K(13824K), 0.0010794 secs] [Times: user=0.01 sys=0.00, real=0.00 secs] 
2015-04-14T20:56:11.948-0100: 3262.787: Total time for which application threads were stopped: 0.0012712 seconds, Stopping threads took: 0.0000224 seconds
2015-04-14T20:56:12.951-0100: 3263.789: [GC (Allocation Failure) 
Desired survivor size 524288 bytes, new threshold 1 (max 15)
[PSYoungGen: 2304K->256K(2560K)] 11964K->9956K(13824K), 0.0010887 secs] [Times: user=0.00 sys=0.00, real=0.00 secs] 
2015-04-14T20:56:12.952-0100: 3263.790: Total time for which application threads were stopped: 0.0012855 seconds, Stopping threads took: 0.0000237 seconds
2015-04-14T20:56:13.954-0100: 3264.792: [GC (Allocation Failure) 
Desired survivor size 524288 bytes, new threshold 1 (max 15)
[PSYoungGen: 2304K->256K(2560K)] 12004K->10004K(13824K), 0.0010663 secs] [Times: user=0.00 sys=0.01, real=0.00 secs] 
2015-04-14T20:56:13.955-0100: 3264.793: Total time for which application threads were stopped: 0.0012666 seconds, Stopping threads took: 0.0000229 seconds
2015-04-14T20:56:14.971-0100: 3265.810: [GC (Allocation Failure) 
Desired survivor size 524288 bytes, new threshold 1 (max 15)
[PSYoungGen: 2304K->224K(2560K)] 12052K->10004K(13824K), 0.0010969 secs] [Times: user=0.00 sys=0.00, real=0.00 secs] 
2015-04-14T20:56:14.972-0100: 3265.811: Total time for which application threads were stopped: 0.0013156 seconds, Stopping threads took: 0.0000360 seconds
2015-04-14T20:56:15.960-0100: 3266.799: [GC (Allocation Failure) 
Desired survivor size 524288 bytes, new threshold 1 (max 15)
[PSYoungGen: 2272K->256K(2560K)] 12052K->10076K(13824K), 0.0009780 secs] [Times: user=0.00 sys=0.00, real=0.00 secs] 
2015-04-14T20:56:15.961-0100: 3266.800: Total time for which application threads were stopped: 0.0011883 seconds, Stopping threads took: 0.0000231 seconds
2015-04-14T20:56:17.013-0100: 3267.852: [GC (Allocation Failure) 
Desired survivor size 524288 bytes, new threshold 1 (max 15)
[PSYoungGen: 2304K->256K(2560K)] 12124K->10100K(13824K), 0.0010565 secs] [Times: user=0.00 sys=0.00, real=0.00 secs] 
2015-04-14T20:56:17.014-0100: 3267.853: Total time for which application threads were stopped: 0.0012500 seconds, Stopping threads took: 0.0000216 seconds
2015-04-14T20:56:18.014-0100: 3268.853: [GC (Allocation Failure) 
Desired survivor size 524288 bytes, new threshold 1 (max 15)
[PSYoungGen: 2304K->256K(2560K)] 12148K->10132K(13824K), 0.0010083 secs] [Times: user=0.01 sys=0.00, real=0.00 secs] 
2015-04-14T20:56:18.015-0100: 3268.854: Total time for which application threads were stopped: 0.0011783 seconds, Stopping threads took: 0.0000182 seconds
2015-04-14T20:56:19.032-0100: 3269.870: [GC (Allocation Failure) 
Desired survivor size 524288 bytes, new threshold 1 (max 15)
[PSYoungGen: 2304K->256K(2560K)] 12180K->10164K(13824K), 0.0010407 secs] [Times: user=0.01 sys=0.00, real=0.00 secs] 
2015-04-14T20:56:19.033-0100: 3269.872: Total time for which application threads were stopped: 0.0012445 seconds, Stopping threads took: 0.0000242 seconds
2015-04-14T20:56:20.073-0100: 3270.912: [GC (Allocation Failure) 
Desired survivor size 524288 bytes, new threshold 1 (max 15)
[PSYoungGen: 2304K->224K(2560K)] 12212K->10156K(13824K), 0.0011058 secs] [Times: user=0.01 sys=0.00, real=0.00 secs] 
2015-04-14T20:56:20.074-0100: 3270.913: Total time for which application threads were stopped: 0.0012895 seconds, Stopping threads took: 0.0000228 seconds
2015-04-14T20:56:21.126-0100: 3271.965: [GC (Allocation Failure) 
Desired survivor size 524288 bytes, new threshold 1 (max 15)
[PSYoungGen: 2272K->256K(2560K)] 12204K->10212K(13824K), 0.0011112 secs] [Times: user=0.00 sys=0.00, real=0.00 secs] 
2015-04-14T20:56:21.127-0100: 3271.966: Total time for which application threads were stopped: 0.0013091 seconds, Stopping threads took: 0.0000228 seconds
2015-04-14T20:56:22.210-0100: 3273.049: [GC (Allocation Failure) 
Desired survivor size 524288 bytes, new threshold 1 (max 15)
[PSYoungGen: 2304K->256K(2560K)] 12260K->10244K(13824K), 0.0010604 secs] [Times: user=0.00 sys=0.00, real=0.00 secs] 
2015-04-14T20:56:22.211-0100: 3273.050: Total time for which application threads were stopped: 0.0012536 seconds, Stopping threads took: 0.0000230 seconds
2015-04-14T20:56:23.182-0100: 3274.020: [GC (Allocation Failure) 
Desired survivor size 524288 bytes, new threshold 1 (max 15)
[PSYoungGen: 2304K->256K(2560K)] 12292K->10268K(13824K), 0.0008098 secs] [Times: user=0.01 sys=0.00, real=0.00 secs] 
2015-04-14T20:56:23.182-0100: 3274.021: Total time for which application threads were stopped: 0.0009535 seconds, Stopping threads took: 0.0000161 seconds
2015-04-14T20:56:24.234-0100: 3275.073: [GC (Allocation Failure) 
Desired survivor size 524288 bytes, new threshold 1 (max 15)
[PSYoungGen: 2304K->288K(2560K)] 12316K->10324K(13824K), 0.0010799 secs] [Times: user=0.01 sys=0.00, real=0.00 secs] 
2015-04-14T20:56:24.235-0100: 3275.074: Total time for which application threads were stopped: 0.0012706 seconds, Stopping threads took: 0.0000199 seconds
2015-04-14T20:56:25.220-0100: 3276.059: [GC (Allocation Failure) 
Desired survivor size 524288 bytes, new threshold 1 (max 15)
[PSYoungGen: 2336K->256K(2560K)] 12372K->10324K(13824K), 0.0010338 secs] [Times: user=0.00 sys=0.00, real=0.00 secs] 
2015-04-14T20:56:25.221-0100: 3276.060: Total time for which application threads were stopped: 0.0012253 seconds, Stopping threads took: 0.0000232 seconds
2015-04-14T20:56:26.274-0100: 3277.113: [GC (Allocation Failure) 
Desired survivor size 524288 bytes, new threshold 1 (max 15)
[PSYoungGen: 2304K->256K(2560K)] 12372K->10348K(13824K), 0.0010746 secs] [Times: user=0.01 sys=0.00, real=0.00 secs] 
2015-04-14T20:56:26.276-0100: 3277.114: Total time for which application threads were stopped: 0.0012600 seconds, Stopping threads took: 0.0000219 seconds
2015-04-14T20:56:27.329-0100: 3278.168: [GC (Allocation Failure) 
Desired survivor size 524288 bytes, new threshold 1 (max 15)
[PSYoungGen: 2304K->288K(2560K)] 12396K->10404K(13824K), 0.0010176 secs] [Times: user=0.01 sys=0.00, real=0.01 secs] 
2015-04-14T20:56:27.330-0100: 3278.169: Total time for which application threads were stopped: 0.0012076 seconds, Stopping threads took: 0.0000224 seconds
2015-04-14T20:56:28.346-0100: 3279.185: [GC (Allocation Failure) 
Desired survivor size 524288 bytes, new threshold 1 (max 15)
[PSYoungGen: 2336K->288K(2560K)] 12452K->10428K(13824K), 0.0010920 secs] [Times: user=0.01 sys=0.00, real=0.00 secs] 
2015-04-14T20:56:28.347-0100: 3279.186: Total time for which application threads were stopped: 0.0013086 seconds, Stopping threads took: 0.0000276 seconds
2015-04-14T20:56:29.367-0100: 3280.206: [GC (Allocation Failure) 
Desired survivor size 524288 bytes, new threshold 1 (max 15)
[PSYoungGen: 2336K->256K(2560K)] 12476K->10428K(13824K), 0.0010977 secs] [Times: user=0.01 sys=0.00, real=0.00 secs] 
2015-04-14T20:56:29.368-0100: 3280.207: Total time for which application threads were stopped: 0.0012906 seconds, Stopping threads took: 0.0000224 seconds
2015-04-14T20:56:30.404-0100: 3281.243: [GC (Allocation Failure) 
Desired survivor size 524288 bytes, new threshold 1 (max 15)
[PSYoungGen: 2304K->224K(2560K)] 12476K->10428K(13824K), 0.0010933 secs] [Times: user=0.00 sys=0.00, real=0.00 secs] 
2015-04-14T20:56:30.405-0100: 3281.244: Total time for which application threads were stopped: 0.0012866 seconds, Stopping threads took: 0.0000208 seconds
2015-04-14T20:56:31.471-0100: 3282.310: [GC (Allocation Failure) 
Desired survivor size 524288 bytes, new threshold 1 (max 15)
[PSYoungGen: 2272K->256K(2560K)] 12476K->10492K(13824K), 0.0011682 secs] [Times: user=0.00 sys=0.00, real=0.00 secs] 
2015-04-14T20:56:31.473-0100: 3282.311: Total time for which application threads were stopped: 0.0013887 seconds, Stopping threads took: 0.0000238 seconds
2015-04-14T20:56:32.445-0100: 3283.284: [GC (Allocation Failure) 
Desired survivor size 524288 bytes, new threshold 1 (max 15)
[PSYoungGen: 2304K->288K(2560K)] 12540K->10556K(13824K), 0.0009979 secs] [Times: user=0.01 sys=0.00, real=0.00 secs] 
2015-04-14T20:56:32.446-0100: 3283.285: Total time for which application threads were stopped: 0.0011748 seconds, Stopping threads took: 0.0000210 seconds
2015-04-14T20:56:33.465-0100: 3284.304: [GC (Allocation Failure) 
Desired survivor size 524288 bytes, new threshold 1 (max 15)
[PSYoungGen: 2336K->256K(2560K)] 12604K->10548K(13824K), 0.0010435 secs] [Times: user=0.00 sys=0.00, real=0.00 secs] 
2015-04-14T20:56:33.466-0100: 3284.305: Total time for which application threads were stopped: 0.0012186 seconds, Stopping threads took: 0.0000219 seconds
2015-04-14T20:56:34.484-0100: 3285.323: [GC (Allocation Failure) 
Desired survivor size 524288 bytes, new threshold 1 (max 15)
[PSYoungGen: 2304K->256K(2560K)] 12596K->10588K(13824K), 0.0011117 secs] [Times: user=0.00 sys=0.00, real=0.00 secs] 
2015-04-14T20:56:34.485-0100: 3285.324: Total time for which application threads were stopped: 0.0013174 seconds, Stopping threads took: 0.0000216 seconds
2015-04-14T20:56:35.485-0100: 3286.324: [GC (Allocation Failure) 
Desired survivor size 524288 bytes, new threshold 1 (max 15)
[PSYoungGen: 2304K->288K(2560K)] 12636K->10644K(13824K), 0.0010433 secs] [Times: user=0.00 sys=0.00, real=0.00 secs] 
2015-04-14T20:56:35.486-0100: 3286.325: Total time for which application threads were stopped: 0.0012409 seconds, Stopping threads took: 0.0000256 seconds
2015-04-14T20:56:36.506-0100: 3287.345: [GC (Allocation Failure) 
Desired survivor size 524288 bytes, new threshold 1 (max 15)
[PSYoungGen: 2336K->256K(2560K)] 12692K->10644K(13824K), 0.0010726 secs] [Times: user=0.00 sys=0.00, real=0.00 secs] 
2015-04-14T20:56:36.508-0100: 3287.346: Total time for which application threads were stopped: 0.0012852 seconds, Stopping threads took: 0.0000225 seconds
2015-04-14T20:56:37.511-0100: 3288.350: [GC (Allocation Failure) 
Desired survivor size 524288 bytes, new threshold 1 (max 15)
[PSYoungGen: 2304K->288K(2560K)] 12692K->10708K(13824K), 0.0010931 secs] [Times: user=0.00 sys=0.00, real=0.00 secs] 
2015-04-14T20:56:37.512-0100: 3288.351: Total time for which application threads were stopped: 0.0012814 seconds, Stopping threads took: 0.0000220 seconds
2015-04-14T20:56:38.562-0100: 3289.401: [GC (Allocation Failure) 
Desired survivor size 524288 bytes, new threshold 1 (max 15)
[PSYoungGen: 2336K->288K(2560K)] 12756K->10740K(13824K), 0.0010809 secs] [Times: user=0.01 sys=0.00, real=0.00 secs] 
2015-04-14T20:56:38.563-0100: 3289.402: Total time for which application threads were stopped: 0.0012959 seconds, Stopping threads took: 0.0000222 seconds
2015-04-14T20:56:39.591-0100: 3290.430: [GC (Allocation Failure) 
Desired survivor size 524288 bytes, new threshold 1 (max 15)
[PSYoungGen: 2336K->256K(2560K)] 12788K->10740K(13824K), 0.0010927 secs] [Times: user=0.00 sys=0.00, real=0.00 secs] 
2015-04-14T20:56:39.592-0100: 3290.431: Total time for which application threads were stopped: 0.0014079 seconds, Stopping threads took: 0.0000364 seconds
2015-04-14T20:56:40.552-0100: 3291.391: [GC (Allocation Failure) 
Desired survivor size 524288 bytes, new threshold 1 (max 15)
[PSYoungGen: 2304K->256K(2560K)] 12788K->10764K(13824K), 0.0009479 secs] [Times: user=0.01 sys=0.00, real=0.00 secs] 
2015-04-14T20:56:40.553-0100: 3291.392: Total time for which application threads were stopped: 0.0011337 seconds, Stopping threads took: 0.0000316 seconds
2015-04-14T20:56:41.454-0100: 3292.293: [GC (Allocation Failure) 
Desired survivor size 524288 bytes, new threshold 1 (max 15)
[PSYoungGen: 2304K->224K(2560K)] 12812K->10756K(13824K), 0.0008933 secs] [Times: user=0.01 sys=0.00, real=0.00 secs] 
2015-04-14T20:56:41.455-0100: 3292.294: Total time for which application threads were stopped: 0.0010678 seconds, Stopping threads took: 0.0000193 seconds
2015-04-14T20:56:42.374-0100: 3293.213: [GC (Allocation Failure) 
Desired survivor size 524288 bytes, new threshold 1 (max 15)
[PSYoungGen: 2272K->288K(2560K)] 12804K->10844K(13824K), 0.0011089 secs] [Times: user=0.01 sys=0.00, real=0.00 secs] 
2015-04-14T20:56:42.376-0100: 3293.215: Total time for which application threads were stopped: 0.0013101 seconds, Stopping threads took: 0.0000239 seconds
2015-04-14T20:56:43.228-0100: 3294.067: [GC (Allocation Failure) 
Desired survivor size 524288 bytes, new threshold 1 (max 15)
[PSYoungGen: 2336K->256K(2560K)] 12892K->10836K(13824K), 0.0010801 secs] [Times: user=0.00 sys=0.00, real=0.00 secs] 
2015-04-14T20:56:43.229-0100: 3294.068: Total time for which application threads were stopped: 0.0012817 seconds, Stopping threads took: 0.0000228 seconds
2015-04-14T20:56:44.062-0100: 3294.901: [GC (Allocation Failure) 
Desired survivor size 524288 bytes, new threshold 1 (max 15)
[PSYoungGen: 2304K->256K(2560K)] 12884K->10860K(13824K), 0.0010730 secs] [Times: user=0.00 sys=0.00, real=0.00 secs] 
2015-04-14T20:56:44.063-0100: 3294.902: Total time for which application threads were stopped: 0.0012766 seconds, Stopping threads took: 0.0000224 seconds
2015-04-14T20:56:44.893-0100: 3295.732: [GC (Allocation Failure) 
Desired survivor size 524288 bytes, new threshold 1 (max 15)
[PSYoungGen: 2304K->256K(2560K)] 12908K->10892K(13824K), 0.0009479 secs] [Times: user=0.01 sys=0.00, real=0.00 secs] 
2015-04-14T20:56:44.894-0100: 3295.733: Total time for which application threads were stopped: 0.0011284 seconds, Stopping threads took: 0.0000229 seconds
2015-04-14T20:56:45.771-0100: 3296.610: [GC (Allocation Failure) 
Desired survivor size 524288 bytes, new threshold 1 (max 15)
[PSYoungGen: 2304K->256K(2560K)] 12940K->10916K(13824K), 0.0010902 secs] [Times: user=0.00 sys=0.00, real=0.00 secs] 
2015-04-14T20:56:45.772-0100: 3296.611: Total time for which application threads were stopped: 0.0012879 seconds, Stopping threads took: 0.0000227 seconds
2015-04-14T20:56:46.604-0100: 3297.443: [GC (Allocation Failure) 
Desired survivor size 524288 bytes, new threshold 1 (max 15)
[PSYoungGen: 2304K->256K(2560K)] 12964K->10956K(13824K), 0.0010911 secs] [Times: user=0.01 sys=0.00, real=0.00 secs] 
2015-04-14T20:56:46.605-0100: 3297.444: Total time for which application threads were stopped: 0.0012966 seconds, Stopping threads took: 0.0000226 seconds
2015-04-14T20:56:47.492-0100: 3298.331: [GC (Allocation Failure) 
Desired survivor size 524288 bytes, new threshold 1 (max 15)
[PSYoungGen: 2304K->256K(2560K)] 13004K->10988K(13824K), 0.0010047 secs] [Times: user=0.00 sys=0.00, real=0.00 secs] 
2015-04-14T20:56:47.493-0100: 3298.332: Total time for which application threads were stopped: 0.0011951 seconds, Stopping threads took: 0.0000211 seconds
2015-04-14T20:56:48.444-0100: 3299.283: [GC (Allocation Failure) 
Desired survivor size 524288 bytes, new threshold 1 (max 15)
[PSYoungGen: 2304K->224K(2560K)] 13036K->10980K(13824K), 0.0008126 secs] [Times: user=0.00 sys=0.00, real=0.00 secs] 
2015-04-14T20:56:48.445-0100: 3299.284: Total time for which application threads were stopped: 0.0010004 seconds, Stopping threads took: 0.0000194 seconds
2015-04-14T20:56:49.363-0100: 3300.202: [GC (Allocation Failure) 
Desired survivor size 524288 bytes, new threshold 1 (max 15)
[PSYoungGen: 2272K->288K(2560K)] 13028K->11068K(13824K), 0.0010513 secs] [Times: user=0.01 sys=0.00, real=0.00 secs] 
2015-04-14T20:56:49.364-0100: 3300.203: Total time for which application threads were stopped: 0.0012322 seconds, Stopping threads took: 0.0000208 seconds
2015-04-14T20:56:50.333-0100: 3301.172: [GC (Allocation Failure) 
Desired survivor size 524288 bytes, new threshold 1 (max 15)
[PSYoungGen: 2336K->256K(2560K)] 13116K->11068K(13824K), 0.0010395 secs] [Times: user=0.01 sys=0.00, real=0.00 secs] 
2015-04-14T20:56:50.334-0100: 3301.173: Total time for which application threads were stopped: 0.0012267 seconds, Stopping threads took: 0.0000207 seconds
2015-04-14T20:56:51.318-0100: 3302.158: [GC (Allocation Failure) 
Desired survivor size 524288 bytes, new threshold 1 (max 15)
[PSYoungGen: 2304K->288K(2560K)] 13116K->11148K(13824K), 0.0010848 secs] [Times: user=0.00 sys=0.00, real=0.00 secs] 
2015-04-14T20:56:51.320-0100: 3302.159: Total time for which application threads were stopped: 0.0012964 seconds, Stopping threads took: 0.0000283 seconds
2015-04-14T20:56:52.324-0100: 3303.163: [GC (Allocation Failure) 
Desired survivor size 524288 bytes, new threshold 1 (max 15)
[PSYoungGen: 2336K->256K(2560K)] 13196K->11156K(13824K), 0.0010612 secs] [Times: user=0.00 sys=0.00, real=0.00 secs] 
2015-04-14T20:56:52.325-0100: 3303.164: Total time for which application threads were stopped: 0.0012448 seconds, Stopping threads took: 0.0000222 seconds
2015-04-14T20:56:53.341-0100: 3304.180: [GC (Allocation Failure) 
Desired survivor size 524288 bytes, new threshold 1 (max 15)
[PSYoungGen: 2304K->256K(2560K)] 13204K->11180K(13824K), 0.0010006 secs] [Times: user=0.01 sys=0.00, real=0.00 secs] 
2015-04-14T20:56:53.342-0100: 3304.181: Total time for which application threads were stopped: 0.0011969 seconds, Stopping threads took: 0.0000258 seconds
2015-04-14T20:56:54.396-0100: 3305.235: [GC (Allocation Failure) 
Desired survivor size 524288 bytes, new threshold 1 (max 15)
[PSYoungGen: 2304K->256K(2560K)] 13228K->11212K(13824K), 0.0009473 secs] [Times: user=0.01 sys=0.00, real=0.00 secs] 
2015-04-14T20:56:54.397-0100: 3305.236: Total time for which application threads were stopped: 0.0011232 seconds, Stopping threads took: 0.0000207 seconds
2015-04-14T20:56:55.450-0100: 3306.289: [GC (Allocation Failure) 
Desired survivor size 524288 bytes, new threshold 1 (max 15)
[PSYoungGen: 2304K->256K(2560K)] 13260K->11236K(13824K), 0.0009269 secs] [Times: user=0.01 sys=0.00, real=0.00 secs] 
2015-04-14T20:56:55.451-0100: 3306.290: Total time for which application threads were stopped: 0.0010953 seconds, Stopping threads took: 0.0000197 seconds
2015-04-14T20:56:56.451-0100: 3307.290: [GC (Allocation Failure) 
Desired survivor size 524288 bytes, new threshold 1 (max 15)
[PSYoungGen: 2304K->288K(2560K)] 13284K->11300K(13824K), 0.0010321 secs] [Times: user=0.00 sys=0.00, real=0.00 secs] 
2015-04-14T20:56:56.452-0100: 3307.292: Total time for which application threads were stopped: 0.0012371 seconds, Stopping threads took: 0.0000241 seconds
2015-04-14T20:56:57.456-0100: 3308.295: [GC (Allocation Failure) 
Desired survivor size 524288 bytes, new threshold 1 (max 15)
[PSYoungGen: 2336K->224K(2560K)] 13348K->11252K(13824K), 0.0010648 secs] [Times: user=0.00 sys=0.01, real=0.00 secs] 
2015-04-14T20:56:57.457-0100: 3308.296: Total time for which application threads were stopped: 0.0012555 seconds, Stopping threads took: 0.0000224 seconds
2015-04-14T20:56:58.460-0100: 3309.300: [GC (Allocation Failure) 
Desired survivor size 524288 bytes, new threshold 1 (max 15)
[PSYoungGen: 2272K->288K(2560K)] 13300K->11332K(13824K), 0.0010072 secs] [Times: user=0.00 sys=0.00, real=0.00 secs] 
2015-04-14T20:56:58.461-0100: 3309.301: Total time for which application threads were stopped: 0.0012069 seconds, Stopping threads took: 0.0000227 seconds
2015-04-14T20:56:59.530-0100: 3310.370: [GC (Allocation Failure) 
Desired survivor size 524288 bytes, new threshold 1 (max 15)
[PSYoungGen: 2336K->288K(2560K)] 13380K->11372K(13824K), 0.0010325 secs] [Times: user=0.00 sys=0.00, real=0.00 secs] 
2015-04-14T20:56:59.531-0100: 3310.371: Total time for which application threads were stopped: 0.0012311 seconds, Stopping threads took: 0.0000239 seconds
2015-04-14T20:57:00.399-0100: 3311.239: [GC (Allocation Failure) 
Desired survivor size 524288 bytes, new threshold 1 (max 15)
[PSYoungGen: 2336K->288K(2560K)] 13420K->11396K(13824K), 0.0011253 secs] [Times: user=0.00 sys=0.00, real=0.01 secs] 
2015-04-14T20:57:00.400-0100: 3311.240: Total time for which application threads were stopped: 0.0013262 seconds, Stopping threads took: 0.0000236 seconds
2015-04-14T20:57:01.437-0100: 3312.276: [GC (Allocation Failure) 
Desired survivor size 524288 bytes, new threshold 1 (max 15)
[PSYoungGen: 2336K->256K(2560K)] 13444K->11412K(13824K), 0.0010576 secs] [Times: user=0.00 sys=0.00, real=0.00 secs] 
2015-04-14T20:57:01.438-0100: 3312.277: Total time for which application threads were stopped: 0.0012385 seconds, Stopping threads took: 0.0000221 seconds
2015-04-14T20:57:02.456-0100: 3313.295: [GC (Allocation Failure) 
Desired survivor size 524288 bytes, new threshold 1 (max 15)
[PSYoungGen: 2304K->256K(2560K)] 13460K->11444K(13824K), 0.0010687 secs] [Times: user=0.00 sys=0.00, real=0.00 secs] 
2015-04-14T20:57:02.457-0100: 3313.296: Total time for which application threads were stopped: 0.0012652 seconds, Stopping threads took: 0.0000220 seconds
2015-04-14T20:57:03.442-0100: 3314.281: [GC (Allocation Failure) 
Desired survivor size 524288 bytes, new threshold 1 (max 15)
[PSYoungGen: 2304K->256K(2560K)] 13492K->11476K(13824K), 0.0011120 secs] [Times: user=0.00 sys=0.00, real=0.00 secs] 
2015-04-14T20:57:03.443-0100: 3314.282: [Full GC (Ergonomics) [PSYoungGen: 256K->0K(2560K)] [ParOldGen: 11220K->8349K(11264K)] 11476K->8349K(13824K), [Metaspace: 17887K->17887K(1064960K)], 0.0177210 secs] [Times: user=0.05 sys=0.00, real=0.02 secs] 
2015-04-14T20:57:03.461-0100: 3314.300: Total time for which application threads were stopped: 0.0191368 seconds, Stopping threads took: 0.0000180 seconds
2015-04-14T20:57:04.462-0100: 3315.302: [GC (Allocation Failure) 
Desired survivor size 524288 bytes, new threshold 1 (max 15)
[PSYoungGen: 2048K->256K(2560K)] 10397K->8605K(13824K), 0.0010442 secs] [Times: user=0.00 sys=0.00, real=0.00 secs] 
2015-04-14T20:57:04.463-0100: 3315.303: Total time for which application threads were stopped: 0.0012630 seconds, Stopping threads took: 0.0000232 seconds
2015-04-14T20:57:05.463-0100: 3316.302: [GC (Allocation Failure) 
Desired survivor size 524288 bytes, new threshold 1 (max 15)
[PSYoungGen: 2304K->192K(2560K)] 10653K->8565K(13824K), 0.0010162 secs] [Times: user=0.00 sys=0.00, real=0.00 secs] 
2015-04-14T20:57:05.464-0100: 3316.303: Total time for which application threads were stopped: 0.0012160 seconds, Stopping threads took: 0.0000260 seconds
2015-04-14T20:57:06.569-0100: 3317.409: [GC (Allocation Failure) 
Desired survivor size 524288 bytes, new threshold 1 (max 15)
[PSYoungGen: 2240K->256K(2560K)] 10613K->8653K(13824K), 0.0010116 secs] [Times: user=0.00 sys=0.00, real=0.01 secs] 
2015-04-14T20:57:06.570-0100: 3317.410: Total time for which application threads were stopped: 0.0011980 seconds, Stopping threads took: 0.0000226 seconds
2015-04-14T20:57:07.622-0100: 3318.462: [GC (Allocation Failure) 
Desired survivor size 524288 bytes, new threshold 1 (max 15)
[PSYoungGen: 2304K->256K(2560K)] 10701K->8677K(13824K), 0.0011031 secs] [Times: user=0.00 sys=0.00, real=0.00 secs] 
2015-04-14T20:57:07.623-0100: 3318.463: Total time for which application threads were stopped: 0.0012881 seconds, Stopping threads took: 0.0000226 seconds
2015-04-14T20:57:08.621-0100: 3319.460: [GC (Allocation Failure) 
Desired survivor size 524288 bytes, new threshold 1 (max 15)
[PSYoungGen: 2304K->256K(2560K)] 10725K->8709K(13824K), 0.0009858 secs] [Times: user=0.00 sys=0.00, real=0.00 secs] 
2015-04-14T20:57:08.622-0100: 3319.461: Total time for which application threads were stopped: 0.0012250 seconds, Stopping threads took: 0.0000255 seconds
2015-04-14T20:57:09.644-0100: 3320.483: [GC (Allocation Failure) 
Desired survivor size 524288 bytes, new threshold 1 (max 15)
[PSYoungGen: 2304K->256K(2560K)] 10757K->8741K(13824K), 0.0010543 secs] [Times: user=0.01 sys=0.00, real=0.00 secs] 
2015-04-14T20:57:09.645-0100: 3320.484: Total time for which application threads were stopped: 0.0012339 seconds, Stopping threads took: 0.0000232 seconds
2015-04-14T20:57:10.665-0100: 3321.505: [GC (Allocation Failure) 
Desired survivor size 524288 bytes, new threshold 1 (max 15)
[PSYoungGen: 2304K->256K(2560K)] 10789K->8773K(13824K), 0.0010599 secs] [Times: user=0.01 sys=0.00, real=0.00 secs] 
2015-04-14T20:57:10.667-0100: 3321.506: Total time for which application threads were stopped: 0.0012594 seconds, Stopping threads took: 0.0000228 seconds
2015-04-14T20:57:11.668-0100: 3322.508: [GC (Allocation Failure) 
Desired survivor size 524288 bytes, new threshold 1 (max 15)
[PSYoungGen: 2304K->256K(2560K)] 10821K->8789K(13824K), 0.0010257 secs] [Times: user=0.01 sys=0.00, real=0.00 secs] 
2015-04-14T20:57:11.669-0100: 3322.509: Total time for which application threads were stopped: 0.0012100 seconds, Stopping threads took: 0.0000208 seconds
2015-04-14T20:57:12.686-0100: 3323.526: [GC (Allocation Failure) 
Desired survivor size 524288 bytes, new threshold 1 (max 15)
[PSYoungGen: 2304K->256K(2560K)] 10837K->8821K(13824K), 0.0009672 secs] [Times: user=0.01 sys=0.00, real=0.00 secs] 
2015-04-14T20:57:12.687-0100: 3323.527: Total time for which application threads were stopped: 0.0011559 seconds, Stopping threads took: 0.0000225 seconds
2015-04-14T20:57:13.714-0100: 3324.554: [GC (Allocation Failure) 
Desired survivor size 524288 bytes, new threshold 1 (max 15)
[PSYoungGen: 2304K->256K(2560K)] 10869K->8853K(13824K), 0.0010942 secs] [Times: user=0.00 sys=0.00, real=0.00 secs] 
2015-04-14T20:57:13.715-0100: 3324.555: Total time for which application threads were stopped: 0.0013443 seconds, Stopping threads took: 0.0000378 seconds
2015-04-14T20:57:14.728-0100: 3325.568: [GC (Allocation Failure) 
Desired survivor size 524288 bytes, new threshold 1 (max 15)
[PSYoungGen: 2304K->288K(2560K)] 10901K->8933K(13824K), 0.0009296 secs] [Times: user=0.00 sys=0.00, real=0.00 secs] 
2015-04-14T20:57:14.729-0100: 3325.569: Total time for which application threads were stopped: 0.0011072 seconds, Stopping threads took: 0.0000223 seconds
2015-04-14T20:57:15.747-0100: 3326.586: [GC (Allocation Failure) 
Desired survivor size 524288 bytes, new threshold 1 (max 15)
[PSYoungGen: 2336K->256K(2560K)] 10981K->8933K(13824K), 0.0010446 secs] [Times: user=0.01 sys=0.00, real=0.00 secs] 
2015-04-14T20:57:15.748-0100: 3326.587: Total time for which application threads were stopped: 0.0012475 seconds, Stopping threads took: 0.0000235 seconds
2015-04-14T20:57:16.767-0100: 3327.607: [GC (Allocation Failure) 
Desired survivor size 524288 bytes, new threshold 1 (max 15)
[PSYoungGen: 2304K->288K(2560K)] 10981K->8997K(13824K), 0.0011299 secs] [Times: user=0.00 sys=0.00, real=0.00 secs] 
2015-04-14T20:57:16.768-0100: 3327.608: Total time for which application threads were stopped: 0.0013312 seconds, Stopping threads took: 0.0000235 seconds
2015-04-14T20:57:17.818-0100: 3328.658: [GC (Allocation Failure) 
Desired survivor size 524288 bytes, new threshold 1 (max 15)
[PSYoungGen: 2336K->224K(2560K)] 11045K->8957K(13824K), 0.0009118 secs] [Times: user=0.01 sys=0.00, real=0.00 secs] 
2015-04-14T20:57:17.819-0100: 3328.659: Total time for which application threads were stopped: 0.0011178 seconds, Stopping threads took: 0.0000241 seconds
2015-04-14T20:57:18.823-0100: 3329.663: [GC (Allocation Failure) 
Desired survivor size 524288 bytes, new threshold 1 (max 15)
[PSYoungGen: 2272K->256K(2560K)] 11005K->9021K(13824K), 0.0010576 secs] [Times: user=0.01 sys=0.00, real=0.00 secs] 
2015-04-14T20:57:18.824-0100: 3329.664: Total time for which application threads were stopped: 0.0012683 seconds, Stopping threads took: 0.0000233 seconds
2015-04-14T20:57:19.826-0100: 3330.666: [GC (Allocation Failure) 
Desired survivor size 524288 bytes, new threshold 1 (max 15)
[PSYoungGen: 2304K->256K(2560K)] 11069K->9053K(13824K), 0.0010004 secs] [Times: user=0.00 sys=0.00, real=0.00 secs] 
2015-04-14T20:57:19.827-0100: 3330.667: Total time for which application threads were stopped: 0.0011943 seconds, Stopping threads took: 0.0000208 seconds
2015-04-14T20:57:20.831-0100: 3331.670: [GC (Allocation Failure) 
Desired survivor size 524288 bytes, new threshold 1 (max 15)
[PSYoungGen: 2304K->256K(2560K)] 11101K->9077K(13824K), 0.0010963 secs] [Times: user=0.01 sys=0.00, real=0.00 secs] 
2015-04-14T20:57:20.832-0100: 3331.671: Total time for which application threads were stopped: 0.0012860 seconds, Stopping threads took: 0.0000221 seconds
2015-04-14T20:57:21.897-0100: 3332.737: [GC (Allocation Failure) 
Desired survivor size 524288 bytes, new threshold 1 (max 15)
[PSYoungGen: 2304K->256K(2560K)] 11125K->9101K(13824K), 0.0009893 secs] [Times: user=0.00 sys=0.00, real=0.00 secs] 
2015-04-14T20:57:21.898-0100: 3332.738: Total time for which application threads were stopped: 0.0012527 seconds, Stopping threads took: 0.0000278 seconds
2015-04-14T20:57:22.885-0100: 3333.725: [GC (Allocation Failure) 
Desired survivor size 524288 bytes, new threshold 1 (max 15)
[PSYoungGen: 2304K->256K(2560K)] 11149K->9125K(13824K), 0.0008776 secs] [Times: user=0.00 sys=0.00, real=0.00 secs] 
2015-04-14T20:57:22.886-0100: 3333.726: Total time for which application threads were stopped: 0.0010464 seconds, Stopping threads took: 0.0000232 seconds
2015-04-14T20:57:23.906-0100: 3334.746: [GC (Allocation Failure) 
Desired survivor size 524288 bytes, new threshold 1 (max 15)
[PSYoungGen: 2304K->256K(2560K)] 11173K->9165K(13824K), 0.0010935 secs] [Times: user=0.00 sys=0.00, real=0.00 secs] 
2015-04-14T20:57:23.907-0100: 3334.747: Total time for which application threads were stopped: 0.0013011 seconds, Stopping threads took: 0.0000222 seconds
2015-04-14T20:57:24.910-0100: 3335.750: [GC (Allocation Failure) 
Desired survivor size 524288 bytes, new threshold 1 (max 15)
[PSYoungGen: 2304K->256K(2560K)] 11213K->9189K(13824K), 0.0010197 secs] [Times: user=0.00 sys=0.00, real=0.00 secs] 
2015-04-14T20:57:24.911-0100: 3335.751: Total time for which application threads were stopped: 0.0012107 seconds, Stopping threads took: 0.0000220 seconds
2015-04-14T20:57:25.932-0100: 3336.772: [GC (Allocation Failure) 
Desired survivor size 524288 bytes, new threshold 1 (max 15)
[PSYoungGen: 2304K->256K(2560K)] 11237K->9213K(13824K), 0.0008535 secs] [Times: user=0.01 sys=0.00, real=0.00 secs] 
2015-04-14T20:57:25.933-0100: 3336.773: Total time for which application threads were stopped: 0.0010116 seconds, Stopping threads took: 0.0000181 seconds
2015-04-14T20:57:26.950-0100: 3337.790: [GC (Allocation Failure) 
Desired survivor size 524288 bytes, new threshold 1 (max 15)
[PSYoungGen: 2304K->288K(2560K)] 11261K->9269K(13824K), 0.0010213 secs] [Times: user=0.01 sys=0.00, real=0.00 secs] 
2015-04-14T20:57:26.951-0100: 3337.791: Total time for which application threads were stopped: 0.0012011 seconds, Stopping threads took: 0.0000214 seconds
2015-04-14T20:57:27.969-0100: 3338.809: [GC (Allocation Failure) 
Desired survivor size 524288 bytes, new threshold 1 (max 15)
[PSYoungGen: 2336K->256K(2560K)] 11317K->9261K(13824K), 0.0010059 secs] [Times: user=0.00 sys=0.00, real=0.01 secs] 
2015-04-14T20:57:27.970-0100: 3338.810: Total time for which application threads were stopped: 0.0011941 seconds, Stopping threads took: 0.0000211 seconds
2015-04-14T20:57:29.005-0100: 3339.845: [GC (Allocation Failure) 
Desired survivor size 524288 bytes, new threshold 1 (max 15)
[PSYoungGen: 2304K->256K(2560K)] 11309K->9293K(13824K), 0.0011163 secs] [Times: user=0.01 sys=0.00, real=0.00 secs] 
2015-04-14T20:57:29.006-0100: 3339.846: Total time for which application threads were stopped: 0.0013155 seconds, Stopping threads took: 0.0000220 seconds
2015-04-14T20:57:30.007-0100: 3340.846: [GC (Allocation Failure) 
Desired survivor size 524288 bytes, new threshold 1 (max 15)
[PSYoungGen: 2304K->256K(2560K)] 11341K->9325K(13824K), 0.0010602 secs] [Times: user=0.01 sys=0.00, real=0.00 secs] 
2015-04-14T20:57:30.008-0100: 3340.848: Total time for which application threads were stopped: 0.0012713 seconds, Stopping threads took: 0.0000265 seconds
2015-04-14T20:57:31.029-0100: 3341.869: [GC (Allocation Failure) 
Desired survivor size 524288 bytes, new threshold 1 (max 15)
[PSYoungGen: 2304K->288K(2560K)] 11373K->9389K(13824K), 0.0009888 secs] [Times: user=0.00 sys=0.00, real=0.01 secs] 
2015-04-14T20:57:31.030-0100: 3341.870: Total time for which application threads were stopped: 0.0011811 seconds, Stopping threads took: 0.0000208 seconds
2015-04-14T20:57:32.049-0100: 3342.889: [GC (Allocation Failure) 
Desired survivor size 524288 bytes, new threshold 1 (max 15)
[PSYoungGen: 2336K->256K(2560K)] 11437K->9389K(13824K), 0.0010705 secs] [Times: user=0.00 sys=0.00, real=0.01 secs] 
2015-04-14T20:57:32.050-0100: 3342.890: Total time for which application threads were stopped: 0.0012779 seconds, Stopping threads took: 0.0000229 seconds
2015-04-14T20:57:33.152-0100: 3343.992: [GC (Allocation Failure) 
Desired survivor size 524288 bytes, new threshold 1 (max 15)
[PSYoungGen: 2304K->256K(2560K)] 11437K->9421K(13824K), 0.0011021 secs] [Times: user=0.01 sys=0.00, real=0.00 secs] 
2015-04-14T20:57:33.153-0100: 3343.993: Total time for which application threads were stopped: 0.0012955 seconds, Stopping threads took: 0.0000213 seconds
2015-04-14T20:57:34.190-0100: 3345.030: [GC (Allocation Failure) 
Desired survivor size 524288 bytes, new threshold 1 (max 15)
[PSYoungGen: 2304K->256K(2560K)] 11469K->9469K(13824K), 0.0009343 secs] [Times: user=0.00 sys=0.00, real=0.00 secs] 
2015-04-14T20:57:34.191-0100: 3345.031: Total time for which application threads were stopped: 0.0011139 seconds, Stopping threads took: 0.0000222 seconds
2015-04-14T20:57:35.226-0100: 3346.066: [GC (Allocation Failure) 
Desired survivor size 524288 bytes, new threshold 1 (max 15)
[PSYoungGen: 2304K->288K(2560K)] 11517K->9533K(13824K), 0.0010840 secs] [Times: user=0.00 sys=0.00, real=0.00 secs] 
2015-04-14T20:57:35.227-0100: 3346.067: Total time for which application threads were stopped: 0.0012953 seconds, Stopping threads took: 0.0000229 seconds
2015-04-14T20:57:36.245-0100: 3347.085: [GC (Allocation Failure) 
Desired survivor size 524288 bytes, new threshold 1 (max 15)
[PSYoungGen: 2336K->288K(2560K)] 11581K->9565K(13824K), 0.0010313 secs] [Times: user=0.00 sys=0.00, real=0.00 secs] 
2015-04-14T20:57:36.246-0100: 3347.086: Total time for which application threads were stopped: 0.0012265 seconds, Stopping threads took: 0.0000220 seconds
2015-04-14T20:57:37.280-0100: 3348.120: [GC (Allocation Failure) 
Desired survivor size 524288 bytes, new threshold 1 (max 15)
[PSYoungGen: 2336K->288K(2560K)] 11613K->9597K(13824K), 0.0010894 secs] [Times: user=0.00 sys=0.00, real=0.00 secs] 
2015-04-14T20:57:37.281-0100: 3348.121: Total time for which application threads were stopped: 0.0012826 seconds, Stopping threads took: 0.0000210 seconds
2015-04-14T20:57:38.348-0100: 3349.188: [GC (Allocation Failure) 
Desired survivor size 524288 bytes, new threshold 1 (max 15)
[PSYoungGen: 2336K->256K(2560K)] 11645K->9597K(13824K), 0.0008913 secs] [Times: user=0.00 sys=0.00, real=0.00 secs] 
2015-04-14T20:57:38.349-0100: 3349.189: Total time for which application threads were stopped: 0.0010505 seconds, Stopping threads took: 0.0000187 seconds
2015-04-14T20:57:39.388-0100: 3350.228: [GC (Allocation Failure) 
Desired survivor size 524288 bytes, new threshold 1 (max 15)
[PSYoungGen: 2304K->224K(2560K)] 11645K->9589K(13824K), 0.0008099 secs] [Times: user=0.00 sys=0.00, real=0.00 secs] 
2015-04-14T20:57:39.389-0100: 3350.229: Total time for which application threads were stopped: 0.0009512 seconds, Stopping threads took: 0.0000166 seconds
2015-04-14T20:57:40.372-0100: 3351.212: [GC (Allocation Failure) 
Desired survivor size 524288 bytes, new threshold 1 (max 15)
[PSYoungGen: 2272K->288K(2560K)] 11637K->9685K(13824K), 0.0010429 secs] [Times: user=0.00 sys=0.00, real=0.00 secs] 
2015-04-14T20:57:40.374-0100: 3351.214: Total time for which application threads were stopped: 0.0012687 seconds, Stopping threads took: 0.0000224 seconds
2015-04-14T20:57:41.260-0100: 3352.100: [GC (Allocation Failure) 
Desired survivor size 524288 bytes, new threshold 1 (max 15)
[PSYoungGen: 2336K->288K(2560K)] 11733K->9709K(13824K), 0.0010500 secs] [Times: user=0.01 sys=0.00, real=0.00 secs] 
2015-04-14T20:57:41.261-0100: 3352.101: Total time for which application threads were stopped: 0.0012493 seconds, Stopping threads took: 0.0000224 seconds
2015-04-14T20:57:42.163-0100: 3353.003: [GC (Allocation Failure) 
Desired survivor size 524288 bytes, new threshold 1 (max 15)
[PSYoungGen: 2336K->256K(2560K)] 11757K->9701K(13824K), 0.0010168 secs] [Times: user=0.01 sys=0.00, real=0.00 secs] 
2015-04-14T20:57:42.164-0100: 3353.004: Total time for which application threads were stopped: 0.0012170 seconds, Stopping threads took: 0.0000227 seconds
2015-04-14T20:57:43.098-0100: 3353.938: [GC (Allocation Failure) 
Desired survivor size 524288 bytes, new threshold 1 (max 15)
[PSYoungGen: 2304K->256K(2560K)] 11749K->9741K(13824K), 0.0010530 secs] [Times: user=0.00 sys=0.00, real=0.00 secs] 
2015-04-14T20:57:43.099-0100: 3353.939: Total time for which application threads were stopped: 0.0012402 seconds, Stopping threads took: 0.0000223 seconds
2015-04-14T20:57:43.970-0100: 3354.810: [GC (Allocation Failure) 
Desired survivor size 524288 bytes, new threshold 1 (max 15)
[PSYoungGen: 2304K->256K(2560K)] 11789K->9773K(13824K), 0.0010205 secs] [Times: user=0.01 sys=0.00, real=0.00 secs] 
2015-04-14T20:57:43.971-0100: 3354.811: Total time for which application threads were stopped: 0.0012131 seconds, Stopping threads took: 0.0000226 seconds
2015-04-14T20:57:44.838-0100: 3355.678: [GC (Allocation Failure) 
Desired survivor size 524288 bytes, new threshold 1 (max 15)
[PSYoungGen: 2304K->288K(2560K)] 11821K->9837K(13824K), 0.0010256 secs] [Times: user=0.01 sys=0.00, real=0.00 secs] 
2015-04-14T20:57:44.839-0100: 3355.679: Total time for which application threads were stopped: 0.0012159 seconds, Stopping threads took: 0.0000220 seconds
2015-04-14T20:57:45.707-0100: 3356.547: [GC (Allocation Failure) 
Desired survivor size 524288 bytes, new threshold 1 (max 15)
[PSYoungGen: 2336K->288K(2560K)] 11885K->9877K(13824K), 0.0010554 secs] [Times: user=0.00 sys=0.00, real=0.00 secs] 
2015-04-14T20:57:45.708-0100: 3356.548: Total time for which application threads were stopped: 0.0012448 seconds, Stopping threads took: 0.0000224 seconds
2015-04-14T20:57:46.559-0100: 3357.399: [GC (Allocation Failure) 
Desired survivor size 524288 bytes, new threshold 1 (max 15)
[PSYoungGen: 2335K->288K(2560K)] 11925K->9901K(13824K), 0.0010627 secs] [Times: user=0.00 sys=0.00, real=0.01 secs] 
2015-04-14T20:57:46.560-0100: 3357.400: Total time for which application threads were stopped: 0.0012520 seconds, Stopping threads took: 0.0000237 seconds
2015-04-14T20:57:47.381-0100: 3358.221: [GC (Allocation Failure) 
Desired survivor size 524288 bytes, new threshold 1 (max 15)
[PSYoungGen: 2336K->256K(2560K)] 11949K->9901K(13824K), 0.0011116 secs] [Times: user=0.00 sys=0.00, real=0.00 secs] 
2015-04-14T20:57:47.382-0100: 3358.222: Total time for which application threads were stopped: 0.0013181 seconds, Stopping threads took: 0.0000245 seconds
2015-04-14T20:57:48.298-0100: 3359.138: [GC (Allocation Failure) 
Desired survivor size 524288 bytes, new threshold 1 (max 15)
[PSYoungGen: 2304K->288K(2560K)] 11949K->9973K(13824K), 0.0010273 secs] [Times: user=0.00 sys=0.00, real=0.00 secs] 
2015-04-14T20:57:48.299-0100: 3359.139: Total time for which application threads were stopped: 0.0012196 seconds, Stopping threads took: 0.0000233 seconds
2015-04-14T20:57:49.232-0100: 3360.073: [GC (Allocation Failure) 
Desired survivor size 524288 bytes, new threshold 1 (max 15)
[PSYoungGen: 2336K->288K(2560K)] 12021K->10013K(13824K), 0.0010441 secs] [Times: user=0.01 sys=0.01, real=0.00 secs] 
2015-04-14T20:57:49.234-0100: 3360.074: Total time for which application threads were stopped: 0.0012864 seconds, Stopping threads took: 0.0000233 seconds
2015-04-14T20:57:50.121-0100: 3360.961: [GC (Allocation Failure) 
Desired survivor size 524288 bytes, new threshold 1 (max 15)
[PSYoungGen: 2336K->256K(2560K)] 12061K->10013K(13824K), 0.0010801 secs] [Times: user=0.01 sys=0.01, real=0.00 secs] 
2015-04-14T20:57:50.122-0100: 3360.962: Total time for which application threads were stopped: 0.0012755 seconds, Stopping threads took: 0.0000217 seconds
2015-04-14T20:57:51.156-0100: 3361.996: [GC (Allocation Failure) 
Desired survivor size 524288 bytes, new threshold 1 (max 15)
[PSYoungGen: 2304K->256K(2560K)] 12061K->10045K(13824K), 0.0009715 secs] [Times: user=0.01 sys=0.00, real=0.00 secs] 
2015-04-14T20:57:51.157-0100: 3361.997: Total time for which application threads were stopped: 0.0011582 seconds, Stopping threads took: 0.0000238 seconds
2015-04-14T20:57:52.162-0100: 3363.003: [GC (Allocation Failure) 
Desired survivor size 524288 bytes, new threshold 1 (max 15)
[PSYoungGen: 2304K->288K(2560K)] 12093K->10125K(13824K), 0.0010948 secs] [Times: user=0.00 sys=0.00, real=0.00 secs] 
2015-04-14T20:57:52.164-0100: 3363.004: Total time for which application threads were stopped: 0.0012854 seconds, Stopping threads took: 0.0000222 seconds
2015-04-14T20:57:53.162-0100: 3364.002: [GC (Allocation Failure) 
Desired survivor size 524288 bytes, new threshold 1 (max 15)
[PSYoungGen: 2336K->160K(2560K)] 12173K->10013K(13824K), 0.0010794 secs] [Times: user=0.00 sys=0.00, real=0.00 secs] 
2015-04-14T20:57:53.163-0100: 3364.003: Total time for which application threads were stopped: 0.0012851 seconds, Stopping threads took: 0.0000267 seconds
2015-04-14T20:57:54.166-0100: 3365.006: [GC (Allocation Failure) 
Desired survivor size 524288 bytes, new threshold 1 (max 15)
[PSYoungGen: 2208K->256K(2560K)] 12061K->10149K(13824K), 0.0010335 secs] [Times: user=0.01 sys=0.00, real=0.00 secs] 
2015-04-14T20:57:54.167-0100: 3365.007: Total time for which application threads were stopped: 0.0012422 seconds, Stopping threads took: 0.0000264 seconds
2015-04-14T20:57:55.205-0100: 3366.046: [GC (Allocation Failure) 
Desired survivor size 524288 bytes, new threshold 1 (max 15)
[PSYoungGen: 2304K->288K(2560K)] 12197K->10205K(13824K), 0.0009746 secs] [Times: user=0.00 sys=0.00, real=0.00 secs] 
2015-04-14T20:57:55.206-0100: 3366.047: Total time for which application threads were stopped: 0.0011638 seconds, Stopping threads took: 0.0000215 seconds
2015-04-14T20:57:56.223-0100: 3367.064: [GC (Allocation Failure) 
Desired survivor size 524288 bytes, new threshold 1 (max 15)
[PSYoungGen: 2336K->256K(2560K)] 12253K->10197K(13824K), 0.0010422 secs] [Times: user=0.00 sys=0.00, real=0.00 secs] 
2015-04-14T20:57:56.224-0100: 3367.065: Total time for which application threads were stopped: 0.0012315 seconds, Stopping threads took: 0.0000213 seconds
2015-04-14T20:57:57.259-0100: 3368.099: [GC (Allocation Failure) 
Desired survivor size 524288 bytes, new threshold 1 (max 15)
[PSYoungGen: 2304K->256K(2560K)] 12245K->10213K(13824K), 0.0009868 secs] [Times: user=0.01 sys=0.00, real=0.01 secs] 
2015-04-14T20:57:57.260-0100: 3368.100: Total time for which application threads were stopped: 0.0012032 seconds, Stopping threads took: 0.0000290 seconds
2015-04-14T20:57:58.263-0100: 3369.103: [GC (Allocation Failure) 
Desired survivor size 524288 bytes, new threshold 1 (max 15)
[PSYoungGen: 2304K->288K(2560K)] 12261K->10277K(13824K), 0.0010969 secs] [Times: user=0.01 sys=0.00, real=0.00 secs] 
2015-04-14T20:57:58.264-0100: 3369.104: Total time for which application threads were stopped: 0.0012908 seconds, Stopping threads took: 0.0000210 seconds
2015-04-14T20:57:59.268-0100: 3370.108: [GC (Allocation Failure) 
Desired survivor size 524288 bytes, new threshold 1 (max 15)
[PSYoungGen: 2336K->288K(2560K)] 12325K->10309K(13824K), 0.0010296 secs] [Times: user=0.01 sys=0.00, real=0.00 secs] 
2015-04-14T20:57:59.269-0100: 3370.109: Total time for which application threads were stopped: 0.0012330 seconds, Stopping threads took: 0.0000226 seconds
2015-04-14T20:58:00.138-0100: 3370.979: [GC (Allocation Failure) 
Desired survivor size 524288 bytes, new threshold 1 (max 15)
[PSYoungGen: 2336K->256K(2560K)] 12357K->10309K(13824K), 0.0011001 secs] [Times: user=0.00 sys=0.01, real=0.00 secs] 
2015-04-14T20:58:00.139-0100: 3370.980: Total time for which application threads were stopped: 0.0013001 seconds, Stopping threads took: 0.0000220 seconds
2015-04-14T20:58:01.120-0100: 3371.960: [GC (Allocation Failure) 
Desired survivor size 524288 bytes, new threshold 1 (max 15)
[PSYoungGen: 2304K->288K(2560K)] 12357K->10373K(13824K), 0.0011358 secs] [Times: user=0.00 sys=0.00, real=0.00 secs] 
2015-04-14T20:58:01.121-0100: 3371.961: Total time for which application threads were stopped: 0.0013380 seconds, Stopping threads took: 0.0000223 seconds
2015-04-14T20:58:02.241-0100: 3373.081: [GC (Allocation Failure) 
Desired survivor size 524288 bytes, new threshold 1 (max 15)
[PSYoungGen: 2336K->288K(2560K)] 12421K->10413K(13824K), 0.0010019 secs] [Times: user=0.00 sys=0.01, real=0.00 secs] 
2015-04-14T20:58:02.242-0100: 3373.082: Total time for which application threads were stopped: 0.0012084 seconds, Stopping threads took: 0.0000257 seconds
2015-04-14T20:58:03.246-0100: 3374.086: [GC (Allocation Failure) 
Desired survivor size 524288 bytes, new threshold 1 (max 15)
[PSYoungGen: 2336K->256K(2560K)] 12461K->10413K(13824K), 0.0010630 secs] [Times: user=0.00 sys=0.00, real=0.00 secs] 
2015-04-14T20:58:03.247-0100: 3374.087: Total time for which application threads were stopped: 0.0012393 seconds, Stopping threads took: 0.0000221 seconds
2015-04-14T20:58:04.264-0100: 3375.104: [GC (Allocation Failure) 
Desired survivor size 524288 bytes, new threshold 1 (max 15)
[PSYoungGen: 2303K->256K(2560K)] 12461K->10445K(13824K), 0.0009624 secs] [Times: user=0.01 sys=0.00, real=0.00 secs] 
2015-04-14T20:58:04.265-0100: 3375.106: Total time for which application threads were stopped: 0.0011626 seconds, Stopping threads took: 0.0000283 seconds
2015-04-14T20:58:05.285-0100: 3376.126: [GC (Allocation Failure) 
Desired survivor size 524288 bytes, new threshold 1 (max 15)
[PSYoungGen: 2304K->256K(2560K)] 12493K->10485K(13824K), 0.0010038 secs] [Times: user=0.01 sys=0.01, real=0.00 secs] 
2015-04-14T20:58:05.286-0100: 3376.127: Total time for which application threads were stopped: 0.0011825 seconds, Stopping threads took: 0.0000221 seconds
2015-04-14T20:58:06.290-0100: 3377.130: [GC (Allocation Failure) 
Desired survivor size 524288 bytes, new threshold 1 (max 15)
[PSYoungGen: 2304K->288K(2560K)] 12533K->10549K(13824K), 0.0010665 secs] [Times: user=0.00 sys=0.00, real=0.00 secs] 
2015-04-14T20:58:06.291-0100: 3377.132: Total time for which application threads were stopped: 0.0012585 seconds, Stopping threads took: 0.0000225 seconds
2015-04-14T20:58:07.293-0100: 3378.133: [GC (Allocation Failure) 
Desired survivor size 524288 bytes, new threshold 1 (max 15)
[PSYoungGen: 2336K->288K(2560K)] 12597K->10581K(13824K), 0.0010542 secs] [Times: user=0.00 sys=0.00, real=0.00 secs] 
2015-04-14T20:58:07.294-0100: 3378.134: Total time for which application threads were stopped: 0.0012414 seconds, Stopping threads took: 0.0000211 seconds
2015-04-14T20:58:08.310-0100: 3379.150: [GC (Allocation Failure) 
Desired survivor size 524288 bytes, new threshold 1 (max 15)
[PSYoungGen: 2336K->256K(2560K)] 12629K->10573K(13824K), 0.0010864 secs] [Times: user=0.00 sys=0.01, real=0.00 secs] 
2015-04-14T20:58:08.311-0100: 3379.151: Total time for which application threads were stopped: 0.0013022 seconds, Stopping threads took: 0.0000242 seconds
2015-04-14T20:58:09.333-0100: 3380.173: [GC (Allocation Failure) 
Desired survivor size 524288 bytes, new threshold 1 (max 15)
[PSYoungGen: 2304K->288K(2560K)] 12621K->10645K(13824K), 0.0009799 secs] [Times: user=0.00 sys=0.01, real=0.00 secs] 
2015-04-14T20:58:09.334-0100: 3380.175: Total time for which application threads were stopped: 0.0011563 seconds, Stopping threads took: 0.0000203 seconds
2015-04-14T20:58:10.336-0100: 3381.177: [GC (Allocation Failure) 
Desired survivor size 524288 bytes, new threshold 1 (max 15)
[PSYoungGen: 2336K->288K(2560K)] 12693K->10677K(13824K), 0.0011944 secs] [Times: user=0.00 sys=0.00, real=0.00 secs] 
2015-04-14T20:58:10.337-0100: 3381.178: Total time for which application threads were stopped: 0.0013860 seconds, Stopping threads took: 0.0000199 seconds
2015-04-14T20:58:11.390-0100: 3382.230: [GC (Allocation Failure) 
Desired survivor size 524288 bytes, new threshold 1 (max 15)
[PSYoungGen: 2336K->128K(2560K)] 12725K->10525K(13824K), 0.0011554 secs] [Times: user=0.01 sys=0.00, real=0.00 secs] 
2015-04-14T20:58:11.391-0100: 3382.231: Total time for which application threads were stopped: 0.0013405 seconds, Stopping threads took: 0.0000218 seconds
2015-04-14T20:58:12.406-0100: 3383.247: [GC (Allocation Failure) 
Desired survivor size 524288 bytes, new threshold 1 (max 15)
[PSYoungGen: 2176K->256K(2560K)] 12573K->10685K(13824K), 0.0011094 secs] [Times: user=0.00 sys=0.00, real=0.00 secs] 
2015-04-14T20:58:12.408-0100: 3383.248: Total time for which application threads were stopped: 0.0013246 seconds, Stopping threads took: 0.0000238 seconds
2015-04-14T20:58:13.429-0100: 3384.270: [GC (Allocation Failure) 
Desired survivor size 524288 bytes, new threshold 1 (max 15)
[PSYoungGen: 2304K->256K(2560K)] 12733K->10709K(13824K), 0.0010402 secs] [Times: user=0.00 sys=0.00, real=0.01 secs] 
2015-04-14T20:58:13.430-0100: 3384.271: Total time for which application threads were stopped: 0.0012142 seconds, Stopping threads took: 0.0000213 seconds
2015-04-14T20:58:14.449-0100: 3385.290: [GC (Allocation Failure) 
Desired survivor size 524288 bytes, new threshold 1 (max 15)
[PSYoungGen: 2304K->256K(2560K)] 12757K->10733K(13824K), 0.0010718 secs] [Times: user=0.01 sys=0.00, real=0.01 secs] 
2015-04-14T20:58:14.450-0100: 3385.291: Total time for which application threads were stopped: 0.0012629 seconds, Stopping threads took: 0.0000220 seconds
2015-04-14T20:58:15.452-0100: 3386.292: [GC (Allocation Failure) 
Desired survivor size 524288 bytes, new threshold 1 (max 15)
[PSYoungGen: 2304K->256K(2560K)] 12781K->10765K(13824K), 0.0011365 secs] [Times: user=0.01 sys=0.01, real=0.00 secs] 
2015-04-14T20:58:15.453-0100: 3386.294: Total time for which application threads were stopped: 0.0013293 seconds, Stopping threads took: 0.0000216 seconds
2015-04-14T20:58:16.489-0100: 3387.329: Total time for which application threads were stopped: 0.0000981 seconds, Stopping threads took: 0.0000223 seconds
2015-04-14T20:58:16.489-0100: 3387.329: [GC (GCLocker Initiated GC) 
Desired survivor size 524288 bytes, new threshold 1 (max 15)
[PSYoungGen: 2304K->256K(2560K)] 12813K->10797K(13824K), 0.0010635 secs] [Times: user=0.00 sys=0.01, real=0.01 secs] 
2015-04-14T20:58:16.490-0100: 3387.330: Total time for which application threads were stopped: 0.0012020 seconds, Stopping threads took: 0.0000103 seconds
2015-04-14T20:58:17.541-0100: 3388.382: [GC (Allocation Failure) 
Desired survivor size 524288 bytes, new threshold 1 (max 15)
[PSYoungGen: 2304K->256K(2560K)] 12848K->10832K(13824K), 0.0010376 secs] [Times: user=0.00 sys=0.00, real=0.00 secs] 
2015-04-14T20:58:17.542-0100: 3388.383: Total time for which application threads were stopped: 0.0012338 seconds, Stopping threads took: 0.0000219 seconds
2015-04-14T20:58:18.628-0100: 3389.469: [GC (Allocation Failure) 
Desired survivor size 524288 bytes, new threshold 1 (max 15)
[PSYoungGen: 2304K->256K(2560K)] 12880K->10856K(13824K), 0.0009423 secs] [Times: user=0.00 sys=0.00, real=0.00 secs] 
2015-04-14T20:58:18.629-0100: 3389.470: Total time for which application threads were stopped: 0.0011079 seconds, Stopping threads took: 0.0000204 seconds
2015-04-14T20:58:19.646-0100: 3390.486: [GC (Allocation Failure) 
Desired survivor size 524288 bytes, new threshold 1 (max 15)
[PSYoungGen: 2304K->256K(2560K)] 12904K->10888K(13824K), 0.0010843 secs] [Times: user=0.00 sys=0.00, real=0.00 secs] 
2015-04-14T20:58:19.647-0100: 3390.488: Total time for which application threads were stopped: 0.0012955 seconds, Stopping threads took: 0.0000258 seconds
2015-04-14T20:58:20.669-0100: 3391.509: [GC (Allocation Failure) 
Desired survivor size 524288 bytes, new threshold 1 (max 15)
[PSYoungGen: 2304K->256K(2560K)] 12936K->10920K(13824K), 0.0010787 secs] [Times: user=0.01 sys=0.00, real=0.01 secs] 
2015-04-14T20:58:20.670-0100: 3391.510: Total time for which application threads were stopped: 0.0012707 seconds, Stopping threads took: 0.0000218 seconds
2015-04-14T20:58:21.704-0100: 3392.545: [GC (Allocation Failure) 
Desired survivor size 524288 bytes, new threshold 1 (max 15)
[PSYoungGen: 2304K->288K(2560K)] 12968K->10984K(13824K), 0.0010040 secs] [Times: user=0.01 sys=0.01, real=0.00 secs] 
2015-04-14T20:58:21.705-0100: 3392.546: Total time for which application threads were stopped: 0.0012197 seconds, Stopping threads took: 0.0000241 seconds
2015-04-14T20:58:22.708-0100: 3393.549: [GC (Allocation Failure) 
Desired survivor size 524288 bytes, new threshold 1 (max 15)
[PSYoungGen: 2336K->256K(2560K)] 13032K->10992K(13824K), 0.0010725 secs] [Times: user=0.00 sys=0.00, real=0.00 secs] 
2015-04-14T20:58:22.709-0100: 3393.550: Total time for which application threads were stopped: 0.0012623 seconds, Stopping threads took: 0.0000228 seconds
2015-04-14T20:58:23.775-0100: 3394.615: [GC (Allocation Failure) 
Desired survivor size 524288 bytes, new threshold 1 (max 15)
[PSYoungGen: 2304K->288K(2560K)] 13040K->11056K(13824K), 0.0010735 secs] [Times: user=0.00 sys=0.00, real=0.00 secs] 
2015-04-14T20:58:23.776-0100: 3394.617: Total time for which application threads were stopped: 0.0012903 seconds, Stopping threads took: 0.0000241 seconds
2015-04-14T20:58:24.765-0100: 3395.606: [GC (Allocation Failure) 
Desired survivor size 524288 bytes, new threshold 1 (max 15)
[PSYoungGen: 2336K->256K(2560K)] 13104K->11056K(13824K), 0.0009459 secs] [Times: user=0.00 sys=0.00, real=0.00 secs] 
2015-04-14T20:58:24.766-0100: 3395.607: Total time for which application threads were stopped: 0.0011359 seconds, Stopping threads took: 0.0000217 seconds
2015-04-14T20:58:25.785-0100: 3396.625: [GC (Allocation Failure) 
Desired survivor size 524288 bytes, new threshold 1 (max 15)
[PSYoungGen: 2304K->256K(2560K)] 13104K->11096K(13824K), 0.0009713 secs] [Times: user=0.01 sys=0.01, real=0.00 secs] 
2015-04-14T20:58:25.786-0100: 3396.626: Total time for which application threads were stopped: 0.0011712 seconds, Stopping threads took: 0.0000251 seconds
2015-04-14T20:58:26.838-0100: 3397.678: [GC (Allocation Failure) 
Desired survivor size 524288 bytes, new threshold 1 (max 15)
[PSYoungGen: 2304K->256K(2560K)] 13144K->11128K(13824K), 0.0010352 secs] [Times: user=0.00 sys=0.00, real=0.00 secs] 
2015-04-14T20:58:26.839-0100: 3397.679: Total time for which application threads were stopped: 0.0012326 seconds, Stopping threads took: 0.0000229 seconds
2015-04-14T20:58:27.871-0100: 3398.712: [GC (Allocation Failure) 
Desired survivor size 524288 bytes, new threshold 1 (max 15)
[PSYoungGen: 2304K->288K(2560K)] 13176K->11192K(13824K), 0.0010050 secs] [Times: user=0.01 sys=0.00, real=0.00 secs] 
2015-04-14T20:58:27.872-0100: 3398.713: Total time for which application threads were stopped: 0.0012138 seconds, Stopping threads took: 0.0000270 seconds
2015-04-14T20:58:28.859-0100: 3399.700: [GC (Allocation Failure) 
Desired survivor size 524288 bytes, new threshold 1 (max 15)
[PSYoungGen: 2336K->288K(2560K)] 13240K->11216K(13824K), 0.0009941 secs] [Times: user=0.00 sys=0.00, real=0.01 secs] 
2015-04-14T20:58:28.860-0100: 3399.701: Total time for which application threads were stopped: 0.0011821 seconds, Stopping threads took: 0.0000193 seconds
2015-04-14T20:58:29.878-0100: 3400.719: [GC (Allocation Failure) 
Desired survivor size 524288 bytes, new threshold 1 (max 15)
[PSYoungGen: 2336K->288K(2560K)] 13264K->11256K(13824K), 0.0010783 secs] [Times: user=0.00 sys=0.00, real=0.01 secs] 
2015-04-14T20:58:29.880-0100: 3400.720: Total time for which application threads were stopped: 0.0012661 seconds, Stopping threads took: 0.0000228 seconds
2015-04-14T20:58:30.898-0100: 3401.739: [GC (Allocation Failure) 
Desired survivor size 524288 bytes, new threshold 1 (max 15)
[PSYoungGen: 2336K->288K(2560K)] 13304K->11288K(13824K), 0.0010950 secs] [Times: user=0.01 sys=0.00, real=0.00 secs] 
2015-04-14T20:58:30.899-0100: 3401.740: Total time for which application threads were stopped: 0.0013103 seconds, Stopping threads took: 0.0000295 seconds
2015-04-14T20:58:31.921-0100: 3402.761: [GC (Allocation Failure) 
Desired survivor size 524288 bytes, new threshold 1 (max 15)
[PSYoungGen: 2336K->256K(2560K)] 13336K->11296K(13824K), 0.0010100 secs] [Times: user=0.00 sys=0.00, real=0.00 secs] 
2015-04-14T20:58:31.922-0100: 3402.763: Total time for which application threads were stopped: 0.0011814 seconds, Stopping threads took: 0.0000209 seconds
2015-04-14T20:58:32.972-0100: 3403.813: [GC (Allocation Failure) 
Desired survivor size 524288 bytes, new threshold 1 (max 15)
[PSYoungGen: 2304K->288K(2560K)] 13344K->11368K(13824K), 0.0010159 secs] [Times: user=0.00 sys=0.00, real=0.00 secs] 
2015-04-14T20:58:32.973-0100: 3403.814: Total time for which application threads were stopped: 0.0012195 seconds, Stopping threads took: 0.0000234 seconds
2015-04-14T20:58:34.008-0100: 3404.849: [GC (Allocation Failure) 
Desired survivor size 524288 bytes, new threshold 1 (max 15)
[PSYoungGen: 2336K->288K(2560K)] 13416K->11400K(13824K), 0.0010998 secs] [Times: user=0.00 sys=0.00, real=0.00 secs] 
2015-04-14T20:58:34.009-0100: 3404.850: Total time for which application threads were stopped: 0.0013015 seconds, Stopping threads took: 0.0000246 seconds
2015-04-14T20:58:35.012-0100: 3405.853: [GC (Allocation Failure) 
Desired survivor size 524288 bytes, new threshold 1 (max 15)
[PSYoungGen: 2336K->256K(2560K)] 13448K->11400K(13824K), 0.0010028 secs] [Times: user=0.00 sys=0.00, real=0.00 secs] 
2015-04-14T20:58:35.013-0100: 3405.854: Total time for which application threads were stopped: 0.0011969 seconds, Stopping threads took: 0.0000227 seconds
2015-04-14T20:58:36.032-0100: 3406.873: [GC (Allocation Failure) 
Desired survivor size 524288 bytes, new threshold 1 (max 15)
[PSYoungGen: 2304K->256K(2560K)] 13448K->11432K(13824K), 0.0010278 secs] [Times: user=0.01 sys=0.00, real=0.00 secs] 
2015-04-14T20:58:36.033-0100: 3406.874: Total time for which application threads were stopped: 0.0012045 seconds, Stopping threads took: 0.0000217 seconds
2015-04-14T20:58:37.086-0100: 3407.927: [GC (Allocation Failure) 
Desired survivor size 524288 bytes, new threshold 1 (max 15)
[PSYoungGen: 2304K->256K(2560K)] 13480K->11464K(13824K), 0.0009730 secs] [Times: user=0.01 sys=0.00, real=0.00 secs] 
2015-04-14T20:58:37.087-0100: 3407.928: Total time for which application threads were stopped: 0.0011628 seconds, Stopping threads took: 0.0000229 seconds
2015-04-14T20:58:38.171-0100: 3409.012: [GC (Allocation Failure) 
Desired survivor size 524288 bytes, new threshold 1 (max 15)
[PSYoungGen: 2304K->288K(2560K)] 13512K->11536K(13824K), 0.0010616 secs] [Times: user=0.01 sys=0.00, real=0.00 secs] 
2015-04-14T20:58:38.172-0100: 3409.013: [Full GC (Ergonomics) [PSYoungGen: 288K->0K(2560K)] [ParOldGen: 11248K->8345K(11264K)] 11536K->8345K(13824K), [Metaspace: 17887K->17887K(1064960K)], 0.0188162 secs] [Times: user=0.05 sys=0.00, real=0.02 secs] 
2015-04-14T20:58:38.191-0100: 3409.032: Total time for which application threads were stopped: 0.0202564 seconds, Stopping threads took: 0.0000266 seconds
2015-04-14T20:58:39.210-0100: 3410.051: [GC (Allocation Failure) 
Desired survivor size 524288 bytes, new threshold 1 (max 15)
[PSYoungGen: 2048K->288K(2560K)] 10393K->8633K(13824K), 0.0010848 secs] [Times: user=0.00 sys=0.00, real=0.00 secs] 
2015-04-14T20:58:39.212-0100: 3410.052: Total time for which application threads were stopped: 0.0012729 seconds, Stopping threads took: 0.0000216 seconds
2015-04-14T20:58:40.261-0100: 3411.102: [GC (Allocation Failure) 
Desired survivor size 524288 bytes, new threshold 1 (max 15)
[PSYoungGen: 2336K->288K(2560K)] 10681K->8665K(13824K), 0.0011045 secs] [Times: user=0.01 sys=0.00, real=0.00 secs] 
2015-04-14T20:58:40.262-0100: 3411.103: Total time for which application threads were stopped: 0.0012985 seconds, Stopping threads took: 0.0000218 seconds
2015-04-14T20:58:41.214-0100: 3412.055: [GC (Allocation Failure) 
Desired survivor size 524288 bytes, new threshold 1 (max 15)
[PSYoungGen: 2336K->288K(2560K)] 10713K->8697K(13824K), 0.0010675 secs] [Times: user=0.00 sys=0.00, real=0.00 secs] 
2015-04-14T20:58:41.215-0100: 3412.056: Total time for which application threads were stopped: 0.0012469 seconds, Stopping threads took: 0.0000215 seconds
2015-04-14T20:58:42.118-0100: 3412.959: [GC (Allocation Failure) 
Desired survivor size 524288 bytes, new threshold 1 (max 15)
[PSYoungGen: 2336K->256K(2560K)] 10745K->8689K(13824K), 0.0010922 secs] [Times: user=0.00 sys=0.00, real=0.00 secs] 
2015-04-14T20:58:42.120-0100: 3412.961: Total time for which application threads were stopped: 0.0013137 seconds, Stopping threads took: 0.0000215 seconds
2015-04-14T20:58:43.004-0100: 3413.845: [GC (Allocation Failure) 
Desired survivor size 524288 bytes, new threshold 1 (max 15)
[PSYoungGen: 2304K->256K(2560K)] 10737K->8729K(13824K), 0.0010300 secs] [Times: user=0.01 sys=0.00, real=0.00 secs] 
2015-04-14T20:58:43.005-0100: 3413.846: Total time for which application threads were stopped: 0.0012252 seconds, Stopping threads took: 0.0000215 seconds
2015-04-14T20:58:43.941-0100: 3414.782: [GC (Allocation Failure) 
Desired survivor size 524288 bytes, new threshold 1 (max 15)
[PSYoungGen: 2304K->224K(2560K)] 10777K->8721K(13824K), 0.0011207 secs] [Times: user=0.00 sys=0.00, real=0.00 secs] 
2015-04-14T20:58:43.942-0100: 3414.783: Total time for which application threads were stopped: 0.0013222 seconds, Stopping threads took: 0.0000204 seconds
2015-04-14T20:58:44.809-0100: 3415.651: [GC (Allocation Failure) 
Desired survivor size 524288 bytes, new threshold 1 (max 15)
[PSYoungGen: 2272K->256K(2560K)] 10769K->8785K(13824K), 0.0010597 secs] [Times: user=0.00 sys=0.00, real=0.01 secs] 
2015-04-14T20:58:44.811-0100: 3415.652: Total time for which application threads were stopped: 0.0012667 seconds, Stopping threads took: 0.0000226 seconds
2015-04-14T20:58:45.663-0100: 3416.504: [GC (Allocation Failure) 
Desired survivor size 524288 bytes, new threshold 1 (max 15)
[PSYoungGen: 2304K->256K(2560K)] 10833K->8809K(13824K), 0.0010801 secs] [Times: user=0.00 sys=0.01, real=0.00 secs] 
2015-04-14T20:58:45.664-0100: 3416.505: Total time for which application threads were stopped: 0.0012860 seconds, Stopping threads took: 0.0000219 seconds
2015-04-14T20:58:46.600-0100: 3417.441: [GC (Allocation Failure) 
Desired survivor size 524288 bytes, new threshold 1 (max 15)
[PSYoungGen: 2304K->256K(2560K)] 10857K->8841K(13824K), 0.0009532 secs] [Times: user=0.01 sys=0.00, real=0.00 secs] 
2015-04-14T20:58:46.601-0100: 3417.442: Total time for which application threads were stopped: 0.0011441 seconds, Stopping threads took: 0.0000231 seconds
2015-04-14T20:58:47.485-0100: 3418.326: [GC (Allocation Failure) 
Desired survivor size 524288 bytes, new threshold 1 (max 15)
[PSYoungGen: 2304K->256K(2560K)] 10889K->8857K(13824K), 0.0010739 secs] [Times: user=0.01 sys=0.00, real=0.00 secs] 
2015-04-14T20:58:47.486-0100: 3418.327: Total time for which application threads were stopped: 0.0012835 seconds, Stopping threads took: 0.0000218 seconds
2015-04-14T20:58:48.402-0100: 3419.243: [GC (Allocation Failure) 
Desired survivor size 524288 bytes, new threshold 1 (max 15)
[PSYoungGen: 2304K->288K(2560K)] 10905K->8921K(13824K), 0.0010329 secs] [Times: user=0.01 sys=0.00, real=0.00 secs] 
2015-04-14T20:58:48.403-0100: 3419.244: Total time for which application threads were stopped: 0.0012323 seconds, Stopping threads took: 0.0000236 seconds
2015-04-14T20:58:49.339-0100: 3420.180: [GC (Allocation Failure) 
Desired survivor size 524288 bytes, new threshold 1 (max 15)
[PSYoungGen: 2336K->288K(2560K)] 10969K->8945K(13824K), 0.0010969 secs] [Times: user=0.01 sys=0.00, real=0.01 secs] 
2015-04-14T20:58:49.340-0100: 3420.181: Total time for which application threads were stopped: 0.0012961 seconds, Stopping threads took: 0.0000285 seconds
2015-04-14T20:58:50.262-0100: 3421.103: [GC (Allocation Failure) 
Desired survivor size 524288 bytes, new threshold 1 (max 15)
[PSYoungGen: 2336K->288K(2560K)] 10993K->8961K(13824K), 0.0010886 secs] [Times: user=0.01 sys=0.00, real=0.00 secs] 
2015-04-14T20:58:50.263-0100: 3421.104: Total time for which application threads were stopped: 0.0012654 seconds, Stopping threads took: 0.0000209 seconds
2015-04-14T20:58:51.262-0100: 3422.103: [GC (Allocation Failure) 
Desired survivor size 524288 bytes, new threshold 1 (max 15)
[PSYoungGen: 2336K->288K(2560K)] 11009K->8993K(13824K), 0.0007878 secs] [Times: user=0.00 sys=0.00, real=0.00 secs] 
2015-04-14T20:58:51.263-0100: 3422.104: Total time for which application threads were stopped: 0.0009361 seconds, Stopping threads took: 0.0000183 seconds
2015-04-14T20:58:52.281-0100: 3423.123: [GC (Allocation Failure) 
Desired survivor size 524288 bytes, new threshold 1 (max 15)
[PSYoungGen: 2336K->192K(2560K)] 11041K->8921K(13824K), 0.0009288 secs] [Times: user=0.00 sys=0.00, real=0.00 secs] 
2015-04-14T20:58:52.282-0100: 3423.124: Total time for which application threads were stopped: 0.0011260 seconds, Stopping threads took: 0.0000277 seconds
2015-04-14T20:58:53.303-0100: 3424.144: [GC (Allocation Failure) 
Desired survivor size 524288 bytes, new threshold 1 (max 15)
[PSYoungGen: 2240K->256K(2560K)] 10969K->9025K(13824K), 0.0010660 secs] [Times: user=0.01 sys=0.00, real=0.00 secs] 
2015-04-14T20:58:53.304-0100: 3424.145: Total time for which application threads were stopped: 0.0012662 seconds, Stopping threads took: 0.0000225 seconds
2015-04-14T20:58:54.306-0100: 3425.148: [GC (Allocation Failure) 
Desired survivor size 524288 bytes, new threshold 1 (max 15)
[PSYoungGen: 2304K->288K(2560K)] 11073K->9081K(13824K), 0.0008385 secs] [Times: user=0.01 sys=0.00, real=0.00 secs] 
2015-04-14T20:58:54.307-0100: 3425.149: Total time for which application threads were stopped: 0.0009926 seconds, Stopping threads took: 0.0000195 seconds
2015-04-14T20:58:55.327-0100: 3426.168: [GC (Allocation Failure) 
Desired survivor size 524288 bytes, new threshold 1 (max 15)
[PSYoungGen: 2336K->288K(2560K)] 11129K->9097K(13824K), 0.0010507 secs] [Times: user=0.00 sys=0.00, real=0.00 secs] 
2015-04-14T20:58:55.328-0100: 3426.169: Total time for which application threads were stopped: 0.0012726 seconds, Stopping threads took: 0.0000234 seconds
2015-04-14T20:58:56.328-0100: 3427.169: [GC (Allocation Failure) 
Desired survivor size 524288 bytes, new threshold 1 (max 15)
[PSYoungGen: 2336K->256K(2560K)] 11145K->9081K(13824K), 0.0011123 secs] [Times: user=0.00 sys=0.00, real=0.00 secs] 
2015-04-14T20:58:56.329-0100: 3427.170: Total time for which application threads were stopped: 0.0013146 seconds, Stopping threads took: 0.0000248 seconds
2015-04-14T20:58:57.351-0100: 3428.192: [GC (Allocation Failure) 
Desired survivor size 524288 bytes, new threshold 1 (max 15)
[PSYoungGen: 2304K->288K(2560K)] 11129K->9145K(13824K), 0.0010271 secs] [Times: user=0.00 sys=0.00, real=0.00 secs] 
2015-04-14T20:58:57.352-0100: 3428.193: Total time for which application threads were stopped: 0.0012171 seconds, Stopping threads took: 0.0000225 seconds
2015-04-14T20:58:58.352-0100: 3429.193: [GC (Allocation Failure) 
Desired survivor size 524288 bytes, new threshold 1 (max 15)
[PSYoungGen: 2336K->256K(2560K)] 11193K->9145K(13824K), 0.0009645 secs] [Times: user=0.00 sys=0.00, real=0.00 secs] 
2015-04-14T20:58:58.353-0100: 3429.194: Total time for which application threads were stopped: 0.0011394 seconds, Stopping threads took: 0.0000190 seconds
2015-04-14T20:58:59.339-0100: 3430.180: [GC (Allocation Failure) 
Desired survivor size 524288 bytes, new threshold 1 (max 15)
[PSYoungGen: 2304K->256K(2560K)] 11193K->9177K(13824K), 0.0009017 secs] [Times: user=0.00 sys=0.00, real=0.01 secs] 
2015-04-14T20:58:59.340-0100: 3430.181: Total time for which application threads were stopped: 0.0010946 seconds, Stopping threads took: 0.0000187 seconds
2015-04-14T20:59:00.209-0100: 3431.050: [GC (Allocation Failure) 
Desired survivor size 524288 bytes, new threshold 1 (max 15)
[PSYoungGen: 2304K->256K(2560K)] 11225K->9209K(13824K), 0.0010614 secs] [Times: user=0.01 sys=0.00, real=0.01 secs] 
2015-04-14T20:59:00.210-0100: 3431.051: Total time for which application threads were stopped: 0.0012917 seconds, Stopping threads took: 0.0000241 seconds
2015-04-14T20:59:01.229-0100: 3432.070: [GC (Allocation Failure) 
Desired survivor size 524288 bytes, new threshold 1 (max 15)
[PSYoungGen: 2304K->288K(2560K)] 11257K->9281K(13824K), 0.0010947 secs] [Times: user=0.00 sys=0.00, real=0.01 secs] 
2015-04-14T20:59:01.230-0100: 3432.071: Total time for which application threads were stopped: 0.0012866 seconds, Stopping threads took: 0.0000219 seconds
2015-04-14T20:59:02.261-0100: 3433.103: [GC (Allocation Failure) 
Desired survivor size 524288 bytes, new threshold 1 (max 15)
[PSYoungGen: 2336K->288K(2560K)] 11329K->9313K(13824K), 0.0010521 secs] [Times: user=0.00 sys=0.00, real=0.00 secs] 
2015-04-14T20:59:02.262-0100: 3433.104: Total time for which application threads were stopped: 0.0012753 seconds, Stopping threads took: 0.0000368 seconds
2015-04-14T20:59:03.336-0100: 3434.177: [GC (Allocation Failure) 
Desired survivor size 524288 bytes, new threshold 1 (max 15)
[PSYoungGen: 2336K->256K(2560K)] 11361K->9313K(13824K), 0.0009837 secs] [Times: user=0.00 sys=0.00, real=0.00 secs] 
2015-04-14T20:59:03.337-0100: 3434.178: Total time for which application threads were stopped: 0.0011972 seconds, Stopping threads took: 0.0000274 seconds
2015-04-14T20:59:04.354-0100: 3435.195: [GC (Allocation Failure) 
Desired survivor size 524288 bytes, new threshold 1 (max 15)
[PSYoungGen: 2304K->288K(2560K)] 11361K->9369K(13824K), 0.0010441 secs] [Times: user=0.00 sys=0.00, real=0.00 secs] 
2015-04-14T20:59:04.355-0100: 3435.196: Total time for which application threads were stopped: 0.0012425 seconds, Stopping threads took: 0.0000229 seconds
2015-04-14T20:59:05.374-0100: 3436.215: [GC (Allocation Failure) 
Desired survivor size 524288 bytes, new threshold 1 (max 15)
[PSYoungGen: 2336K->256K(2560K)] 11417K->9369K(13824K), 0.0010980 secs] [Times: user=0.00 sys=0.00, real=0.00 secs] 
2015-04-14T20:59:05.375-0100: 3436.216: Total time for which application threads were stopped: 0.0013043 seconds, Stopping threads took: 0.0000226 seconds
2015-04-14T20:59:06.408-0100: 3437.250: [GC (Allocation Failure) 
Desired survivor size 524288 bytes, new threshold 1 (max 15)
[PSYoungGen: 2304K->288K(2560K)] 11417K->9433K(13824K), 0.0010897 secs] [Times: user=0.00 sys=0.00, real=0.00 secs] 
2015-04-14T20:59:06.409-0100: 3437.251: Total time for which application threads were stopped: 0.0013022 seconds, Stopping threads took: 0.0000271 seconds
2015-04-14T20:59:07.430-0100: 3438.272: [GC (Allocation Failure) 
Desired survivor size 524288 bytes, new threshold 1 (max 15)
[PSYoungGen: 2336K->288K(2560K)] 11481K->9473K(13824K), 0.0009181 secs] [Times: user=0.00 sys=0.00, real=0.00 secs] 
2015-04-14T20:59:07.431-0100: 3438.273: Total time for which application threads were stopped: 0.0010840 seconds, Stopping threads took: 0.0000173 seconds
2015-04-14T20:59:08.483-0100: 3439.325: [GC (Allocation Failure) 
Desired survivor size 524288 bytes, new threshold 1 (max 15)
[PSYoungGen: 2335K->256K(2560K)] 11521K->9473K(13824K), 0.0010816 secs] [Times: user=0.00 sys=0.00, real=0.00 secs] 
2015-04-14T20:59:08.485-0100: 3439.326: Total time for which application threads were stopped: 0.0012714 seconds, Stopping threads took: 0.0000202 seconds
2015-04-14T20:59:09.514-0100: 3440.356: [GC (Allocation Failure) 
Desired survivor size 524288 bytes, new threshold 1 (max 15)
[PSYoungGen: 2304K->256K(2560K)] 11521K->9513K(13824K), 0.0011254 secs] [Times: user=0.01 sys=0.00, real=0.00 secs] 
2015-04-14T20:59:09.515-0100: 3440.357: Total time for which application threads were stopped: 0.0013368 seconds, Stopping threads took: 0.0000253 seconds
2015-04-14T20:59:10.507-0100: 3441.349: [GC (Allocation Failure) 
Desired survivor size 524288 bytes, new threshold 1 (max 15)
[PSYoungGen: 2304K->288K(2560K)] 11561K->9569K(13824K), 0.0011413 secs] [Times: user=0.01 sys=0.00, real=0.00 secs] 
2015-04-14T20:59:10.509-0100: 3441.350: Total time for which application threads were stopped: 0.0013620 seconds, Stopping threads took: 0.0000213 seconds
2015-04-14T20:59:11.543-0100: 3442.385: [GC (Allocation Failure) 
Desired survivor size 524288 bytes, new threshold 1 (max 15)
[PSYoungGen: 2336K->256K(2560K)] 11617K->9577K(13824K), 0.0010951 secs] [Times: user=0.00 sys=0.00, real=0.00 secs] 
2015-04-14T20:59:11.545-0100: 3442.386: Total time for which application threads were stopped: 0.0012955 seconds, Stopping threads took: 0.0000236 seconds
2015-04-14T20:59:12.678-0100: 3443.520: [GC (Allocation Failure) 
Desired survivor size 524288 bytes, new threshold 1 (max 15)
[PSYoungGen: 2304K->288K(2560K)] 11625K->9633K(13824K), 0.0009994 secs] [Times: user=0.01 sys=0.00, real=0.00 secs] 
2015-04-14T20:59:12.680-0100: 3443.521: Total time for which application threads were stopped: 0.0011920 seconds, Stopping threads took: 0.0000257 seconds
2015-04-14T20:59:13.701-0100: 3444.543: [GC (Allocation Failure) 
Desired survivor size 524288 bytes, new threshold 1 (max 15)
[PSYoungGen: 2336K->256K(2560K)] 11681K->9633K(13824K), 0.0010867 secs] [Times: user=0.00 sys=0.00, real=0.00 secs] 
2015-04-14T20:59:13.702-0100: 3444.544: Total time for which application threads were stopped: 0.0012838 seconds, Stopping threads took: 0.0000225 seconds
2015-04-14T20:59:14.704-0100: 3445.545: [GC (Allocation Failure) 
Desired survivor size 524288 bytes, new threshold 1 (max 15)
[PSYoungGen: 2304K->256K(2560K)] 11681K->9673K(13824K), 0.0010559 secs] [Times: user=0.00 sys=0.00, real=0.00 secs] 
2015-04-14T20:59:14.705-0100: 3445.546: Total time for which application threads were stopped: 0.0012461 seconds, Stopping threads took: 0.0000221 seconds
2015-04-14T20:59:15.723-0100: 3446.565: [GC (Allocation Failure) 
Desired survivor size 524288 bytes, new threshold 1 (max 15)
[PSYoungGen: 2304K->256K(2560K)] 11721K->9713K(13824K), 0.0011100 secs] [Times: user=0.01 sys=0.00, real=0.00 secs] 
2015-04-14T20:59:15.724-0100: 3446.566: Total time for which application threads were stopped: 0.0013121 seconds, Stopping threads took: 0.0000226 seconds
2015-04-14T20:59:16.725-0100: 3447.567: [GC (Allocation Failure) 
Desired survivor size 524288 bytes, new threshold 1 (max 15)
[PSYoungGen: 2304K->256K(2560K)] 11761K->9745K(13824K), 0.0009672 secs] [Times: user=0.00 sys=0.01, real=0.00 secs] 
2015-04-14T20:59:16.726-0100: 3447.568: Total time for which application threads were stopped: 0.0011685 seconds, Stopping threads took: 0.0000254 seconds
2015-04-14T20:59:17.698-0100: 3448.539: [GC (Allocation Failure) 
Desired survivor size 524288 bytes, new threshold 1 (max 15)
[PSYoungGen: 2304K->288K(2560K)] 11793K->9801K(13824K), 0.0010030 secs] [Times: user=0.00 sys=0.00, real=0.00 secs] 
2015-04-14T20:59:17.699-0100: 3448.540: Total time for which application threads were stopped: 0.0011702 seconds, Stopping threads took: 0.0000217 seconds
2015-04-14T20:59:18.749-0100: 3449.591: [GC (Allocation Failure) 
Desired survivor size 524288 bytes, new threshold 1 (max 15)
[PSYoungGen: 2336K->288K(2560K)] 11849K->9825K(13824K), 0.0010190 secs] [Times: user=0.00 sys=0.00, real=0.01 secs] 
2015-04-14T20:59:18.750-0100: 3449.592: Total time for which application threads were stopped: 0.0012053 seconds, Stopping threads took: 0.0000202 seconds
2015-04-14T20:59:19.816-0100: 3450.658: [GC (Allocation Failure) 
Desired survivor size 524288 bytes, new threshold 1 (max 15)
[PSYoungGen: 2336K->256K(2560K)] 11873K->9817K(13824K), 0.0010747 secs] [Times: user=0.00 sys=0.00, real=0.00 secs] 
2015-04-14T20:59:19.817-0100: 3450.659: Total time for which application threads were stopped: 0.0012983 seconds, Stopping threads took: 0.0000265 seconds
2015-04-14T20:59:20.807-0100: 3451.649: [GC (Allocation Failure) 
Desired survivor size 524288 bytes, new threshold 1 (max 15)
[PSYoungGen: 2304K->256K(2560K)] 11865K->9849K(13824K), 0.0010144 secs] [Times: user=0.00 sys=0.01, real=0.00 secs] 
2015-04-14T20:59:20.809-0100: 3451.650: Total time for which application threads were stopped: 0.0012056 seconds, Stopping threads took: 0.0000223 seconds
2015-04-14T20:59:21.827-0100: 3452.669: [GC (Allocation Failure) 
Desired survivor size 524288 bytes, new threshold 1 (max 15)
[PSYoungGen: 2304K->256K(2560K)] 11897K->9881K(13824K), 0.0011422 secs] [Times: user=0.00 sys=0.00, real=0.00 secs] 
2015-04-14T20:59:21.828-0100: 3452.670: Total time for which application threads were stopped: 0.0013361 seconds, Stopping threads took: 0.0000214 seconds
2015-04-14T20:59:22.863-0100: 3453.705: [GC (Allocation Failure) 
Desired survivor size 524288 bytes, new threshold 1 (max 15)
[PSYoungGen: 2304K->256K(2560K)] 11929K->9897K(13824K), 0.0009203 secs] [Times: user=0.01 sys=0.00, real=0.00 secs] 
2015-04-14T20:59:22.864-0100: 3453.706: Total time for which application threads were stopped: 0.0010949 seconds, Stopping threads took: 0.0000211 seconds
2015-04-14T20:59:23.948-0100: 3454.789: [GC (Allocation Failure) 
Desired survivor size 524288 bytes, new threshold 1 (max 15)
[PSYoungGen: 2304K->256K(2560K)] 11945K->9921K(13824K), 0.0010540 secs] [Times: user=0.00 sys=0.00, real=0.00 secs] 
2015-04-14T20:59:23.949-0100: 3454.791: Total time for which application threads were stopped: 0.0012817 seconds, Stopping threads took: 0.0000445 seconds
2015-04-14T20:59:24.987-0100: 3455.829: [GC (Allocation Failure) 
Desired survivor size 524288 bytes, new threshold 1 (max 15)
[PSYoungGen: 2304K->288K(2560K)] 11969K->9993K(13824K), 0.0010220 secs] [Times: user=0.00 sys=0.00, real=0.00 secs] 
2015-04-14T20:59:24.988-0100: 3455.830: Total time for which application threads were stopped: 0.0012276 seconds, Stopping threads took: 0.0000223 seconds
2015-04-14T20:59:26.007-0100: 3456.849: [GC (Allocation Failure) 
Desired survivor size 524288 bytes, new threshold 1 (max 15)
[PSYoungGen: 2336K->288K(2560K)] 12041K->10025K(13824K), 0.0010721 secs] [Times: user=0.00 sys=0.00, real=0.00 secs] 
2015-04-14T20:59:26.008-0100: 3456.850: Total time for which application threads were stopped: 0.0012694 seconds, Stopping threads took: 0.0000230 seconds
2015-04-14T20:59:27.043-0100: 3457.885: [GC (Allocation Failure) 
Desired survivor size 524288 bytes, new threshold 1 (max 15)
[PSYoungGen: 2336K->256K(2560K)] 12073K->10025K(13824K), 0.0010233 secs] [Times: user=0.00 sys=0.00, real=0.00 secs] 
2015-04-14T20:59:27.044-0100: 3457.886: Total time for which application threads were stopped: 0.0012235 seconds, Stopping threads took: 0.0000225 seconds
2015-04-14T20:59:28.061-0100: 3458.902: [GC (Allocation Failure) 
Desired survivor size 524288 bytes, new threshold 1 (max 15)
[PSYoungGen: 2304K->256K(2560K)] 12073K->10065K(13824K), 0.0009880 secs] [Times: user=0.00 sys=0.00, real=0.00 secs] 
2015-04-14T20:59:28.062-0100: 3458.903: Total time for which application threads were stopped: 0.0011862 seconds, Stopping threads took: 0.0000266 seconds
2015-04-14T20:59:29.133-0100: 3459.975: [GC (Allocation Failure) 
Desired survivor size 524288 bytes, new threshold 1 (max 15)
[PSYoungGen: 2304K->288K(2560K)] 12113K->10129K(13824K), 0.0010641 secs] [Times: user=0.00 sys=0.00, real=0.00 secs] 
2015-04-14T20:59:29.135-0100: 3459.976: Total time for which application threads were stopped: 0.0012736 seconds, Stopping threads took: 0.0000207 seconds
2015-04-14T20:59:30.168-0100: 3461.010: [GC (Allocation Failure) 
Desired survivor size 524288 bytes, new threshold 1 (max 15)
[PSYoungGen: 2336K->256K(2560K)] 12177K->10121K(13824K), 0.0010886 secs] [Times: user=0.00 sys=0.00, real=0.00 secs] 
2015-04-14T20:59:30.169-0100: 3461.011: Total time for which application threads were stopped: 0.0012862 seconds, Stopping threads took: 0.0000228 seconds
2015-04-14T20:59:31.154-0100: 3461.995: [GC (Allocation Failure) 
Desired survivor size 524288 bytes, new threshold 1 (max 15)
[PSYoungGen: 2304K->256K(2560K)] 12169K->10153K(13824K), 0.0009203 secs] [Times: user=0.00 sys=0.00, real=0.00 secs] 
2015-04-14T20:59:31.155-0100: 3461.996: Total time for which application threads were stopped: 0.0011067 seconds, Stopping threads took: 0.0000220 seconds
2015-04-14T20:59:32.142-0100: 3462.983: [GC (Allocation Failure) 
Desired survivor size 524288 bytes, new threshold 1 (max 15)
[PSYoungGen: 2304K->256K(2560K)] 12201K->10169K(13824K), 0.0011434 secs] [Times: user=0.00 sys=0.00, real=0.00 secs] 
2015-04-14T20:59:32.143-0100: 3462.985: Total time for which application threads were stopped: 0.0013342 seconds, Stopping threads took: 0.0000247 seconds
2015-04-14T20:59:33.146-0100: 3463.988: [GC (Allocation Failure) 
Desired survivor size 524288 bytes, new threshold 1 (max 15)
[PSYoungGen: 2304K->256K(2560K)] 12217K->10201K(13824K), 0.0010647 secs] [Times: user=0.00 sys=0.00, real=0.00 secs] 
2015-04-14T20:59:33.147-0100: 3463.989: Total time for which application threads were stopped: 0.0012520 seconds, Stopping threads took: 0.0000210 seconds
2015-04-14T20:59:34.199-0100: 3465.041: [GC (Allocation Failure) 
Desired survivor size 524288 bytes, new threshold 1 (max 15)
[PSYoungGen: 2304K->256K(2560K)] 12249K->10225K(13824K), 0.0010821 secs] [Times: user=0.00 sys=0.00, real=0.01 secs] 
2015-04-14T20:59:34.200-0100: 3465.042: Total time for which application threads were stopped: 0.0012756 seconds, Stopping threads took: 0.0000233 seconds
2015-04-14T20:59:35.233-0100: 3466.075: [GC (Allocation Failure) 
Desired survivor size 524288 bytes, new threshold 1 (max 15)
[PSYoungGen: 2304K->256K(2560K)] 12273K->10249K(13824K), 0.0010784 secs] [Times: user=0.00 sys=0.00, real=0.00 secs] 
2015-04-14T20:59:35.234-0100: 3466.076: Total time for which application threads were stopped: 0.0012912 seconds, Stopping threads took: 0.0000275 seconds
2015-04-14T20:59:36.306-0100: 3467.148: [GC (Allocation Failure) 
Desired survivor size 524288 bytes, new threshold 1 (max 15)
[PSYoungGen: 2304K->256K(2560K)] 12297K->10265K(13824K), 0.0011057 secs] [Times: user=0.00 sys=0.00, real=0.00 secs] 
2015-04-14T20:59:36.307-0100: 3467.149: Total time for which application threads were stopped: 0.0013158 seconds, Stopping threads took: 0.0000236 seconds
2015-04-14T20:59:37.359-0100: 3468.201: [GC (Allocation Failure) 
Desired survivor size 524288 bytes, new threshold 1 (max 15)
[PSYoungGen: 2303K->256K(2560K)] 12313K->10297K(13824K), 0.0010810 secs] [Times: user=0.01 sys=0.00, real=0.01 secs] 
2015-04-14T20:59:37.360-0100: 3468.202: Total time for which application threads were stopped: 0.0012984 seconds, Stopping threads took: 0.0000214 seconds
2015-04-14T20:59:38.358-0100: 3469.199: [GC (Allocation Failure) 
Desired survivor size 524288 bytes, new threshold 1 (max 15)
[PSYoungGen: 2304K->288K(2560K)] 12345K->10353K(13824K), 0.0009488 secs] [Times: user=0.00 sys=0.00, real=0.00 secs] 
2015-04-14T20:59:38.359-0100: 3469.200: Total time for which application threads were stopped: 0.0011306 seconds, Stopping threads took: 0.0000256 seconds
2015-04-14T20:59:39.381-0100: 3470.223: [GC (Allocation Failure) 
Desired survivor size 524288 bytes, new threshold 1 (max 15)
[PSYoungGen: 2336K->288K(2560K)] 12401K->10385K(13824K), 0.0009248 secs] [Times: user=0.00 sys=0.00, real=0.00 secs] 
2015-04-14T20:59:39.382-0100: 3470.224: Total time for which application threads were stopped: 0.0010981 seconds, Stopping threads took: 0.0000208 seconds
2015-04-14T20:59:40.381-0100: 3471.223: [GC (Allocation Failure) 
Desired survivor size 524288 bytes, new threshold 1 (max 15)
[PSYoungGen: 2336K->256K(2560K)] 12433K->10385K(13824K), 0.0008679 secs] [Times: user=0.00 sys=0.00, real=0.00 secs] 
2015-04-14T20:59:40.382-0100: 3471.224: Total time for which application threads were stopped: 0.0010436 seconds, Stopping threads took: 0.0000237 seconds
2015-04-14T20:59:41.287-0100: 3472.129: [GC (Allocation Failure) 
Desired survivor size 524288 bytes, new threshold 1 (max 15)
[PSYoungGen: 2304K->256K(2560K)] 12433K->10417K(13824K), 0.0010993 secs] [Times: user=0.00 sys=0.00, real=0.00 secs] 
2015-04-14T20:59:41.288-0100: 3472.130: Total time for which application threads were stopped: 0.0012994 seconds, Stopping threads took: 0.0000235 seconds
2015-04-14T20:59:42.223-0100: 3473.065: [GC (Allocation Failure) 
Desired survivor size 524288 bytes, new threshold 1 (max 15)
[PSYoungGen: 2304K->256K(2560K)] 12465K->10449K(13824K), 0.0009791 secs] [Times: user=0.00 sys=0.00, real=0.00 secs] 
2015-04-14T20:59:42.224-0100: 3473.066: Total time for which application threads were stopped: 0.0011983 seconds, Stopping threads took: 0.0000224 seconds
2015-04-14T20:59:43.111-0100: 3473.953: [GC (Allocation Failure) 
Desired survivor size 524288 bytes, new threshold 1 (max 15)
[PSYoungGen: 2304K->256K(2560K)] 12497K->10481K(13824K), 0.0010989 secs] [Times: user=0.01 sys=0.00, real=0.00 secs] 
2015-04-14T20:59:43.112-0100: 3473.954: Total time for which application threads were stopped: 0.0012982 seconds, Stopping threads took: 0.0000220 seconds
2015-04-14T20:59:43.946-0100: 3474.788: [GC (Allocation Failure) 
Desired survivor size 524288 bytes, new threshold 1 (max 15)
[PSYoungGen: 2304K->256K(2560K)] 12529K->10513K(13824K), 0.0010232 secs] [Times: user=0.00 sys=0.00, real=0.00 secs] 
2015-04-14T20:59:43.947-0100: 3474.789: Total time for which application threads were stopped: 0.0012189 seconds, Stopping threads took: 0.0000234 seconds
2015-04-14T20:59:44.865-0100: 3475.707: [GC (Allocation Failure) 
Desired survivor size 524288 bytes, new threshold 1 (max 15)
[PSYoungGen: 2304K->256K(2560K)] 12561K->10545K(13824K), 0.0009798 secs] [Times: user=0.00 sys=0.00, real=0.00 secs] 
2015-04-14T20:59:44.866-0100: 3475.708: Total time for which application threads were stopped: 0.0011408 seconds, Stopping threads took: 0.0000198 seconds
2015-04-14T20:59:45.767-0100: 3476.609: [GC (Allocation Failure) 
Desired survivor size 524288 bytes, new threshold 1 (max 15)
[PSYoungGen: 2304K->256K(2560K)] 12593K->10569K(13824K), 0.0010622 secs] [Times: user=0.00 sys=0.00, real=0.00 secs] 
2015-04-14T20:59:45.768-0100: 3476.610: Total time for which application threads were stopped: 0.0012616 seconds, Stopping threads took: 0.0000240 seconds
2015-04-14T20:59:46.589-0100: 3477.431: [GC (Allocation Failure) 
Desired survivor size 524288 bytes, new threshold 1 (max 15)
[PSYoungGen: 2304K->256K(2560K)] 12617K->10601K(13824K), 0.0010227 secs] [Times: user=0.00 sys=0.00, real=0.01 secs] 
2015-04-14T20:59:46.590-0100: 3477.432: Total time for which application threads were stopped: 0.0012202 seconds, Stopping threads took: 0.0000202 seconds
2015-04-14T20:59:47.473-0100: 3478.315: [GC (Allocation Failure) 
Desired survivor size 524288 bytes, new threshold 1 (max 15)
[PSYoungGen: 2304K->288K(2560K)] 12649K->10657K(13824K), 0.0010199 secs] [Times: user=0.01 sys=0.00, real=0.00 secs] 
2015-04-14T20:59:47.474-0100: 3478.316: Total time for which application threads were stopped: 0.0012030 seconds, Stopping threads took: 0.0000226 seconds
2015-04-14T20:59:48.374-0100: 3479.216: [GC (Allocation Failure) 
Desired survivor size 524288 bytes, new threshold 1 (max 15)
[PSYoungGen: 2336K->224K(2560K)] 12705K->10617K(13824K), 0.0009938 secs] [Times: user=0.01 sys=0.00, real=0.00 secs] 
2015-04-14T20:59:48.375-0100: 3479.217: Total time for which application threads were stopped: 0.0012140 seconds, Stopping threads took: 0.0000252 seconds
2015-04-14T20:59:49.279-0100: 3480.121: [GC (Allocation Failure) 
Desired survivor size 524288 bytes, new threshold 1 (max 15)
[PSYoungGen: 2272K->256K(2560K)] 12665K->10673K(13824K), 0.0010707 secs] [Times: user=0.00 sys=0.00, real=0.01 secs] 
2015-04-14T20:59:49.280-0100: 3480.123: Total time for which application threads were stopped: 0.0012724 seconds, Stopping threads took: 0.0000220 seconds
2015-04-14T20:59:50.229-0100: 3481.071: [GC (Allocation Failure) 
Desired survivor size 524288 bytes, new threshold 1 (max 15)
[PSYoungGen: 2304K->256K(2560K)] 12721K->10713K(13824K), 0.0010518 secs] [Times: user=0.00 sys=0.00, real=0.01 secs] 
2015-04-14T20:59:50.230-0100: 3481.072: Total time for which application threads were stopped: 0.0012464 seconds, Stopping threads took: 0.0000233 seconds
2015-04-14T20:59:51.217-0100: 3482.059: [GC (Allocation Failure) 
Desired survivor size 524288 bytes, new threshold 1 (max 15)
[PSYoungGen: 2304K->256K(2560K)] 12761K->10753K(13824K), 0.0010400 secs] [Times: user=0.00 sys=0.00, real=0.00 secs] 
2015-04-14T20:59:51.218-0100: 3482.060: Total time for which application threads were stopped: 0.0012950 seconds, Stopping threads took: 0.0000259 seconds
2015-04-14T20:59:52.237-0100: 3483.079: [GC (Allocation Failure) 
Desired survivor size 524288 bytes, new threshold 1 (max 15)
[PSYoungGen: 2304K->256K(2560K)] 12801K->10777K(13824K), 0.0007721 secs] [Times: user=0.00 sys=0.00, real=0.00 secs] 
2015-04-14T20:59:52.238-0100: 3483.080: Total time for which application threads were stopped: 0.0009298 seconds, Stopping threads took: 0.0000160 seconds
2015-04-14T20:59:53.291-0100: 3484.133: [GC (Allocation Failure) 
Desired survivor size 524288 bytes, new threshold 1 (max 15)
[PSYoungGen: 2304K->192K(2560K)] 12825K->10737K(13824K), 0.0009252 secs] [Times: user=0.00 sys=0.00, real=0.00 secs] 
2015-04-14T20:59:53.292-0100: 3484.134: Total time for which application threads were stopped: 0.0011023 seconds, Stopping threads took: 0.0000209 seconds
2015-04-14T20:59:54.276-0100: 3485.118: [GC (Allocation Failure) 
Desired survivor size 524288 bytes, new threshold 1 (max 15)
[PSYoungGen: 2240K->256K(2560K)] 12785K->10833K(13824K), 0.0011190 secs] [Times: user=0.00 sys=0.00, real=0.00 secs] 
2015-04-14T20:59:54.277-0100: 3485.119: Total time for which application threads were stopped: 0.0013262 seconds, Stopping threads took: 0.0000250 seconds
2015-04-14T20:59:55.299-0100: 3486.141: [GC (Allocation Failure) 
Desired survivor size 524288 bytes, new threshold 1 (max 15)
[PSYoungGen: 2304K->256K(2560K)] 12881K->10865K(13824K), 0.0010539 secs] [Times: user=0.01 sys=0.01, real=0.01 secs] 
2015-04-14T20:59:55.300-0100: 3486.143: Total time for which application threads were stopped: 0.0012490 seconds, Stopping threads took: 0.0000216 seconds
2015-04-14T20:59:56.317-0100: 3487.160: [GC (Allocation Failure) 
Desired survivor size 524288 bytes, new threshold 1 (max 15)
[PSYoungGen: 2304K->288K(2560K)] 12913K->10921K(13824K), 0.0010267 secs] [Times: user=0.00 sys=0.00, real=0.00 secs] 
2015-04-14T20:59:56.318-0100: 3487.161: Total time for which application threads were stopped: 0.0012137 seconds, Stopping threads took: 0.0000219 seconds
2015-04-14T20:59:57.338-0100: 3488.181: [GC (Allocation Failure) 
Desired survivor size 524288 bytes, new threshold 1 (max 15)
[PSYoungGen: 2336K->256K(2560K)] 12969K->10913K(13824K), 0.0010630 secs] [Times: user=0.00 sys=0.00, real=0.00 secs] 
2015-04-14T20:59:57.339-0100: 3488.182: Total time for which application threads were stopped: 0.0012529 seconds, Stopping threads took: 0.0000207 seconds
2015-04-14T20:59:58.354-0100: 3489.197: [GC (Allocation Failure) 
Desired survivor size 524288 bytes, new threshold 1 (max 15)
[PSYoungGen: 2304K->288K(2560K)] 12961K->10985K(13824K), 0.0010747 secs] [Times: user=0.01 sys=0.00, real=0.00 secs] 
2015-04-14T20:59:58.356-0100: 3489.198: Total time for which application threads were stopped: 0.0013086 seconds, Stopping threads took: 0.0000274 seconds
2015-04-14T20:59:59.361-0100: 3490.204: [GC (Allocation Failure) 
Desired survivor size 524288 bytes, new threshold 1 (max 15)
[PSYoungGen: 2336K->256K(2560K)] 13033K->10993K(13824K), 0.0010621 secs] [Times: user=0.00 sys=0.00, real=0.00 secs] 
2015-04-14T20:59:59.363-0100: 3490.205: Total time for which application threads were stopped: 0.0012485 seconds, Stopping threads took: 0.0000209 seconds
2015-04-14T21:00:00.230-0100: 3491.072: [GC (Allocation Failure) 
Desired survivor size 524288 bytes, new threshold 1 (max 15)
[PSYoungGen: 2304K->256K(2560K)] 13041K->11025K(13824K), 0.0010758 secs] [Times: user=0.00 sys=0.00, real=0.00 secs] 
2015-04-14T21:00:00.231-0100: 3491.073: Total time for which application threads were stopped: 0.0012692 seconds, Stopping threads took: 0.0000203 seconds
2015-04-14T21:00:01.217-0100: 3492.060: [GC (Allocation Failure) 
Desired survivor size 524288 bytes, new threshold 1 (max 15)
[PSYoungGen: 2304K->256K(2560K)] 13073K->11057K(13824K), 0.0010212 secs] [Times: user=0.00 sys=0.00, real=0.00 secs] 
2015-04-14T21:00:01.218-0100: 3492.061: Total time for which application threads were stopped: 0.0012136 seconds, Stopping threads took: 0.0000222 seconds
2015-04-14T21:00:02.302-0100: 3493.144: [GC (Allocation Failure) 
Desired survivor size 524288 bytes, new threshold 1 (max 15)
[PSYoungGen: 2304K->256K(2560K)] 13105K->11089K(13824K), 0.0007816 secs] [Times: user=0.00 sys=0.00, real=0.00 secs] 
2015-04-14T21:00:02.302-0100: 3493.145: Total time for which application threads were stopped: 0.0009262 seconds, Stopping threads took: 0.0000148 seconds
2015-04-14T21:00:03.304-0100: 3494.147: [GC (Allocation Failure) 
Desired survivor size 524288 bytes, new threshold 1 (max 15)
[PSYoungGen: 2303K->224K(2560K)] 13137K->11089K(13824K), 0.0010077 secs] [Times: user=0.00 sys=0.00, real=0.00 secs] 
2015-04-14T21:00:03.306-0100: 3494.148: Total time for which application threads were stopped: 0.0012281 seconds, Stopping threads took: 0.0000264 seconds
2015-04-14T21:00:04.358-0100: 3495.201: [GC (Allocation Failure) 
Desired survivor size 524288 bytes, new threshold 1 (max 15)
[PSYoungGen: 2272K->256K(2560K)] 13137K->11145K(13824K), 0.0009305 secs] [Times: user=0.00 sys=0.00, real=0.00 secs] 
2015-04-14T21:00:04.359-0100: 3495.202: Total time for which application threads were stopped: 0.0011002 seconds, Stopping threads took: 0.0000199 seconds
2015-04-14T21:00:05.429-0100: 3496.272: [GC (Allocation Failure) 
Desired survivor size 524288 bytes, new threshold 1 (max 15)
[PSYoungGen: 2304K->288K(2560K)] 13193K->11193K(13824K), 0.0008934 secs] [Times: user=0.00 sys=0.00, real=0.01 secs] 
2015-04-14T21:00:05.430-0100: 3496.273: Total time for which application threads were stopped: 0.0010660 seconds, Stopping threads took: 0.0000187 seconds
2015-04-14T21:00:06.433-0100: 3497.275: [GC (Allocation Failure) 
Desired survivor size 524288 bytes, new threshold 1 (max 15)
[PSYoungGen: 2336K->288K(2560K)] 13241K->11217K(13824K), 0.0011156 secs] [Times: user=0.00 sys=0.00, real=0.00 secs] 
2015-04-14T21:00:06.434-0100: 3497.277: Total time for which application threads were stopped: 0.0013158 seconds, Stopping threads took: 0.0000222 seconds
2015-04-14T21:00:07.501-0100: 3498.344: [GC (Allocation Failure) 
Desired survivor size 524288 bytes, new threshold 1 (max 15)
[PSYoungGen: 2336K->288K(2560K)] 13265K->11257K(13824K), 0.0010732 secs] [Times: user=0.01 sys=0.00, real=0.00 secs] 
2015-04-14T21:00:07.503-0100: 3498.345: Total time for which application threads were stopped: 0.0012678 seconds, Stopping threads took: 0.0000243 seconds
2015-04-14T21:00:08.570-0100: 3499.412: [GC (Allocation Failure) 
Desired survivor size 524288 bytes, new threshold 1 (max 15)
[PSYoungGen: 2336K->256K(2560K)] 13305K->11257K(13824K), 0.0010898 secs] [Times: user=0.01 sys=0.00, real=0.00 secs] 
2015-04-14T21:00:08.571-0100: 3499.413: Total time for which application threads were stopped: 0.0012878 seconds, Stopping threads took: 0.0000224 seconds
2015-04-14T21:00:09.641-0100: 3500.484: [GC (Allocation Failure) 
Desired survivor size 524288 bytes, new threshold 1 (max 15)
[PSYoungGen: 2304K->256K(2560K)] 13305K->11305K(13824K), 0.0010367 secs] [Times: user=0.00 sys=0.00, real=0.00 secs] 
2015-04-14T21:00:09.642-0100: 3500.485: Total time for which application threads were stopped: 0.0012207 seconds, Stopping threads took: 0.0000221 seconds
2015-04-14T21:00:10.730-0100: 3501.572: [GC (Allocation Failure) 
Desired survivor size 524288 bytes, new threshold 1 (max 15)
[PSYoungGen: 2304K->256K(2560K)] 13353K->11329K(13824K), 0.0010395 secs] [Times: user=0.00 sys=0.00, real=0.00 secs] 
2015-04-14T21:00:10.731-0100: 3501.573: Total time for which application threads were stopped: 0.0012347 seconds, Stopping threads took: 0.0000203 seconds
2015-04-14T21:00:11.735-0100: 3502.577: [GC (Allocation Failure) 
Desired survivor size 524288 bytes, new threshold 1 (max 15)
[PSYoungGen: 2304K->224K(2560K)] 13377K->11321K(13824K), 0.0010050 secs] [Times: user=0.01 sys=0.00, real=0.00 secs] 
2015-04-14T21:00:11.736-0100: 3502.578: Total time for which application threads were stopped: 0.0011915 seconds, Stopping threads took: 0.0000211 seconds
2015-04-14T21:00:12.786-0100: 3503.628: [GC (Allocation Failure) 
Desired survivor size 524288 bytes, new threshold 1 (max 15)
[PSYoungGen: 2272K->256K(2560K)] 13369K->11377K(13824K), 0.0010617 secs] [Times: user=0.00 sys=0.00, real=0.00 secs] 
2015-04-14T21:00:12.787-0100: 3503.629: Total time for which application threads were stopped: 0.0012894 seconds, Stopping threads took: 0.0000251 seconds
2015-04-14T21:00:13.807-0100: 3504.649: [GC (Allocation Failure) 
Desired survivor size 524288 bytes, new threshold 1 (max 15)
[PSYoungGen: 2304K->288K(2560K)] 13425K->11433K(13824K), 0.0010579 secs] [Times: user=0.00 sys=0.00, real=0.00 secs] 
2015-04-14T21:00:13.808-0100: 3504.650: Total time for which application threads were stopped: 0.0012498 seconds, Stopping threads took: 0.0000235 seconds
2015-04-14T21:00:14.840-0100: 3505.683: [GC (Allocation Failure) 
Desired survivor size 524288 bytes, new threshold 1 (max 15)
[PSYoungGen: 2336K->256K(2560K)] 13481K->11433K(13824K), 0.0011247 secs] [Times: user=0.00 sys=0.01, real=0.00 secs] 
2015-04-14T21:00:14.842-0100: 3505.684: Total time for which application threads were stopped: 0.0013251 seconds, Stopping threads took: 0.0000236 seconds
2015-04-14T21:00:15.862-0100: 3506.704: [GC (Allocation Failure) 
Desired survivor size 524288 bytes, new threshold 1 (max 15)
[PSYoungGen: 2304K->288K(2560K)] 13481K->11497K(13824K), 0.0010267 secs] [Times: user=0.00 sys=0.00, real=0.00 secs] 
2015-04-14T21:00:15.863-0100: 3506.705: Total time for which application threads were stopped: 0.0012277 seconds, Stopping threads took: 0.0000213 seconds
2015-04-14T21:00:16.914-0100: 3507.756: [GC (Allocation Failure) 
Desired survivor size 524288 bytes, new threshold 1 (max 15)
[PSYoungGen: 2336K->288K(2560K)] 13545K->11521K(13824K), 0.0010042 secs] [Times: user=0.00 sys=0.00, real=0.00 secs] 
2015-04-14T21:00:16.915-0100: 3507.758: [Full GC (Ergonomics) [PSYoungGen: 288K->0K(2560K)] [ParOldGen: 11233K->8349K(11264K)] 11521K->8349K(13824K), [Metaspace: 17887K->17887K(1064960K)], 0.0188181 secs] [Times: user=0.06 sys=0.00, real=0.02 secs] 
2015-04-14T21:00:16.934-0100: 3507.776: Total time for which application threads were stopped: 0.0201158 seconds, Stopping threads took: 0.0000251 seconds
2015-04-14T21:00:17.919-0100: 3508.761: [GC (Allocation Failure) 
Desired survivor size 524288 bytes, new threshold 1 (max 15)
[PSYoungGen: 2048K->256K(2560K)] 10397K->8605K(13824K), 0.0010833 secs] [Times: user=0.01 sys=0.00, real=0.01 secs] 
2015-04-14T21:00:17.920-0100: 3508.762: Total time for which application threads were stopped: 0.0012698 seconds, Stopping threads took: 0.0000220 seconds
2015-04-14T21:00:18.939-0100: 3509.782: [GC (Allocation Failure) 
Desired survivor size 524288 bytes, new threshold 1 (max 15)
[PSYoungGen: 2304K->256K(2560K)] 10653K->8629K(13824K), 0.0010033 secs] [Times: user=0.00 sys=0.00, real=0.01 secs] 
2015-04-14T21:00:18.940-0100: 3509.783: Total time for which application threads were stopped: 0.0012103 seconds, Stopping threads took: 0.0000220 seconds
2015-04-14T21:00:20.023-0100: 3510.866: [GC (Allocation Failure) 
Desired survivor size 524288 bytes, new threshold 1 (max 15)
[PSYoungGen: 2304K->256K(2560K)] 10677K->8661K(13824K), 0.0010668 secs] [Times: user=0.01 sys=0.00, real=0.00 secs] 
2015-04-14T21:00:20.024-0100: 3510.867: Total time for which application threads were stopped: 0.0012650 seconds, Stopping threads took: 0.0000253 seconds
2015-04-14T21:00:21.111-0100: 3511.954: [GC (Allocation Failure) 
Desired survivor size 524288 bytes, new threshold 1 (max 15)
[PSYoungGen: 2304K->288K(2560K)] 10709K->8725K(13824K), 0.0010618 secs] [Times: user=0.00 sys=0.00, real=0.00 secs] 
2015-04-14T21:00:21.112-0100: 3511.955: Total time for which application threads were stopped: 0.0012603 seconds, Stopping threads took: 0.0000232 seconds
2015-04-14T21:00:22.097-0100: 3512.940: [GC (Allocation Failure) 
Desired survivor size 524288 bytes, new threshold 1 (max 15)
[PSYoungGen: 2336K->256K(2560K)] 10773K->8717K(13824K), 0.0009267 secs] [Times: user=0.01 sys=0.00, real=0.00 secs] 
2015-04-14T21:00:22.099-0100: 3512.941: Total time for which application threads were stopped: 0.0018647 seconds, Stopping threads took: 0.0000224 seconds
2015-04-14T21:00:23.117-0100: 3513.960: [GC (Allocation Failure) 
Desired survivor size 524288 bytes, new threshold 1 (max 15)
[PSYoungGen: 2304K->288K(2560K)] 10765K->8773K(13824K), 0.0010926 secs] [Times: user=0.00 sys=0.00, real=0.00 secs] 
2015-04-14T21:00:23.119-0100: 3513.961: Total time for which application threads were stopped: 0.0012983 seconds, Stopping threads took: 0.0000252 seconds
2015-04-14T21:00:24.137-0100: 3514.979: [GC (Allocation Failure) 
Desired survivor size 524288 bytes, new threshold 1 (max 15)
[PSYoungGen: 2336K->224K(2560K)] 10821K->8733K(13824K), 0.0011305 secs] [Times: user=0.00 sys=0.00, real=0.00 secs] 
2015-04-14T21:00:24.138-0100: 3514.981: Total time for which application threads were stopped: 0.0013578 seconds, Stopping threads took: 0.0000268 seconds
2015-04-14T21:00:25.191-0100: 3516.033: [GC (Allocation Failure) 
Desired survivor size 524288 bytes, new threshold 1 (max 15)
[PSYoungGen: 2272K->288K(2560K)] 10781K->8829K(13824K), 0.0009914 secs] [Times: user=0.01 sys=0.00, real=0.00 secs] 
2015-04-14T21:00:25.192-0100: 3516.035: Total time for which application threads were stopped: 0.0011971 seconds, Stopping threads took: 0.0000222 seconds
2015-04-14T21:00:26.227-0100: 3517.070: [GC (Allocation Failure) 
Desired survivor size 524288 bytes, new threshold 1 (max 15)
[PSYoungGen: 2336K->256K(2560K)] 10877K->8837K(13824K), 0.0010843 secs] [Times: user=0.00 sys=0.00, real=0.00 secs] 
2015-04-14T21:00:26.229-0100: 3517.071: Total time for which application threads were stopped: 0.0012814 seconds, Stopping threads took: 0.0000226 seconds
2015-04-14T21:00:27.248-0100: 3518.091: [GC (Allocation Failure) 
Desired survivor size 524288 bytes, new threshold 1 (max 15)
[PSYoungGen: 2304K->256K(2560K)] 10885K->8877K(13824K), 0.0010019 secs] [Times: user=0.00 sys=0.00, real=0.00 secs] 
2015-04-14T21:00:27.249-0100: 3518.092: Total time for which application threads were stopped: 0.0011880 seconds, Stopping threads took: 0.0000213 seconds
2015-04-14T21:00:28.266-0100: 3519.109: [GC (Allocation Failure) 
Desired survivor size 524288 bytes, new threshold 1 (max 15)
[PSYoungGen: 2304K->256K(2560K)] 10925K->8917K(13824K), 0.0011024 secs] [Times: user=0.00 sys=0.00, real=0.00 secs] 
2015-04-14T21:00:28.268-0100: 3519.110: Total time for which application threads were stopped: 0.0013973 seconds, Stopping threads took: 0.0000540 seconds
2015-04-14T21:00:29.288-0100: 3520.131: [GC (Allocation Failure) 
Desired survivor size 524288 bytes, new threshold 1 (max 15)
[PSYoungGen: 2304K->256K(2560K)] 10965K->8957K(13824K), 0.0010779 secs] [Times: user=0.00 sys=0.00, real=0.00 secs] 
2015-04-14T21:00:29.289-0100: 3520.132: Total time for which application threads were stopped: 0.0012828 seconds, Stopping threads took: 0.0000215 seconds
2015-04-14T21:00:30.290-0100: 3521.133: [GC (Allocation Failure) 
Desired survivor size 524288 bytes, new threshold 1 (max 15)
[PSYoungGen: 2304K->192K(2560K)] 11005K->8917K(13824K), 0.0010670 secs] [Times: user=0.00 sys=0.00, real=0.00 secs] 
2015-04-14T21:00:30.291-0100: 3521.134: Total time for which application threads were stopped: 0.0012590 seconds, Stopping threads took: 0.0000215 seconds
2015-04-14T21:00:31.342-0100: 3522.185: [GC (Allocation Failure) 
Desired survivor size 524288 bytes, new threshold 1 (max 15)
[PSYoungGen: 2240K->256K(2560K)] 10965K->9013K(13824K), 0.0009922 secs] [Times: user=0.00 sys=0.00, real=0.00 secs] 
2015-04-14T21:00:31.343-0100: 3522.186: Total time for which application threads were stopped: 0.0011795 seconds, Stopping threads took: 0.0000212 seconds
2015-04-14T21:00:32.379-0100: 3523.222: [GC (Allocation Failure) 
Desired survivor size 524288 bytes, new threshold 1 (max 15)
[PSYoungGen: 2304K->256K(2560K)] 11061K->9053K(13824K), 0.0009614 secs] [Times: user=0.00 sys=0.00, real=0.01 secs] 
2015-04-14T21:00:32.380-0100: 3523.223: Total time for which application threads were stopped: 0.0011808 seconds, Stopping threads took: 0.0000267 seconds
2015-04-14T21:00:33.399-0100: 3524.241: [GC (Allocation Failure) 
Desired survivor size 524288 bytes, new threshold 1 (max 15)
[PSYoungGen: 2304K->288K(2560K)] 11101K->9117K(13824K), 0.0011143 secs] [Times: user=0.01 sys=0.01, real=0.01 secs] 
2015-04-14T21:00:33.400-0100: 3524.243: Total time for which application threads were stopped: 0.0013137 seconds, Stopping threads took: 0.0000230 seconds
2015-04-14T21:00:34.436-0100: 3525.279: [GC (Allocation Failure) 
Desired survivor size 524288 bytes, new threshold 1 (max 15)
[PSYoungGen: 2336K->256K(2560K)] 11165K->9117K(13824K), 0.0010465 secs] [Times: user=0.00 sys=0.00, real=0.00 secs] 
2015-04-14T21:00:34.437-0100: 3525.280: Total time for which application threads were stopped: 0.0012591 seconds, Stopping threads took: 0.0000264 seconds
2015-04-14T21:00:35.489-0100: 3526.332: [GC (Allocation Failure) 
Desired survivor size 524288 bytes, new threshold 1 (max 15)
[PSYoungGen: 2304K->256K(2560K)] 11165K->9141K(13824K), 0.0010753 secs] [Times: user=0.01 sys=0.00, real=0.01 secs] 
2015-04-14T21:00:35.490-0100: 3526.333: Total time for which application threads were stopped: 0.0012662 seconds, Stopping threads took: 0.0000211 seconds
2015-04-14T21:00:36.543-0100: 3527.386: [GC (Allocation Failure) 
Desired survivor size 524288 bytes, new threshold 1 (max 15)
[PSYoungGen: 2304K->256K(2560K)] 11189K->9173K(13824K), 0.0011164 secs] [Times: user=0.00 sys=0.00, real=0.00 secs] 
2015-04-14T21:00:36.544-0100: 3527.387: Total time for which application threads were stopped: 0.0013117 seconds, Stopping threads took: 0.0000236 seconds
2015-04-14T21:00:37.547-0100: 3528.390: [GC (Allocation Failure) 
Desired survivor size 524288 bytes, new threshold 1 (max 15)
[PSYoungGen: 2304K->256K(2560K)] 11221K->9189K(13824K), 0.0010063 secs] [Times: user=0.00 sys=0.00, real=0.00 secs] 
2015-04-14T21:00:37.548-0100: 3528.391: Total time for which application threads were stopped: 0.0011888 seconds, Stopping threads took: 0.0000205 seconds
2015-04-14T21:00:38.586-0100: 3529.429: [GC (Allocation Failure) 
Desired survivor size 524288 bytes, new threshold 1 (max 15)
[PSYoungGen: 2304K->224K(2560K)] 11237K->9181K(13824K), 0.0008296 secs] [Times: user=0.01 sys=0.00, real=0.00 secs] 
2015-04-14T21:00:38.587-0100: 3529.430: Total time for which application threads were stopped: 0.0009837 seconds, Stopping threads took: 0.0000199 seconds
2015-04-14T21:00:39.603-0100: 3530.446: [GC (Allocation Failure) 
Desired survivor size 524288 bytes, new threshold 1 (max 15)
[PSYoungGen: 2272K->288K(2560K)] 11229K->9277K(13824K), 0.0010578 secs] [Times: user=0.01 sys=0.00, real=0.00 secs] 
2015-04-14T21:00:39.605-0100: 3530.447: Total time for which application threads were stopped: 0.0012509 seconds, Stopping threads took: 0.0000220 seconds
2015-04-14T21:00:40.524-0100: 3531.367: [GC (Allocation Failure) 
Desired survivor size 524288 bytes, new threshold 1 (max 15)
[PSYoungGen: 2336K->256K(2560K)] 11325K->9277K(13824K), 0.0009860 secs] [Times: user=0.00 sys=0.00, real=0.00 secs] 
2015-04-14T21:00:40.525-0100: 3531.368: Total time for which application threads were stopped: 0.0011657 seconds, Stopping threads took: 0.0000196 seconds
2015-04-14T21:00:41.477-0100: 3532.320: [GC (Allocation Failure) 
Desired survivor size 524288 bytes, new threshold 1 (max 15)
[PSYoungGen: 2304K->256K(2560K)] 11325K->9317K(13824K), 0.0010721 secs] [Times: user=0.01 sys=0.00, real=0.00 secs] 
2015-04-14T21:00:41.478-0100: 3532.321: Total time for which application threads were stopped: 0.0012698 seconds, Stopping threads took: 0.0000203 seconds
2015-04-14T21:00:42.529-0100: 3533.372: [GC (Allocation Failure) 
Desired survivor size 524288 bytes, new threshold 1 (max 15)
[PSYoungGen: 2304K->192K(2560K)] 11365K->9269K(13824K), 0.0010199 secs] [Times: user=0.00 sys=0.00, real=0.01 secs] 
2015-04-14T21:00:42.530-0100: 3533.373: Total time for which application threads were stopped: 0.0012213 seconds, Stopping threads took: 0.0000234 seconds
2015-04-14T21:00:43.382-0100: 3534.225: [GC (Allocation Failure) 
Desired survivor size 524288 bytes, new threshold 1 (max 15)
[PSYoungGen: 2240K->288K(2560K)] 11317K->9389K(13824K), 0.0011312 secs] [Times: user=0.01 sys=0.00, real=0.00 secs] 
2015-04-14T21:00:43.383-0100: 3534.226: Total time for which application threads were stopped: 0.0013333 seconds, Stopping threads took: 0.0000233 seconds
2015-04-14T21:00:44.267-0100: 3535.110: [GC (Allocation Failure) 
Desired survivor size 524288 bytes, new threshold 1 (max 15)
[PSYoungGen: 2336K->288K(2560K)] 11437K->9429K(13824K), 0.0010557 secs] [Times: user=0.00 sys=0.00, real=0.00 secs] 
2015-04-14T21:00:44.268-0100: 3535.111: Total time for which application threads were stopped: 0.0012459 seconds, Stopping threads took: 0.0000212 seconds
2015-04-14T21:00:45.104-0100: 3535.947: [GC (Allocation Failure) 
Desired survivor size 524288 bytes, new threshold 1 (max 15)
[PSYoungGen: 2336K->288K(2560K)] 11477K->9461K(13824K), 0.0009284 secs] [Times: user=0.00 sys=0.00, real=0.00 secs] 
2015-04-14T21:00:45.105-0100: 3535.948: Total time for which application threads were stopped: 0.0010990 seconds, Stopping threads took: 0.0000198 seconds
2015-04-14T21:00:45.941-0100: 3536.784: [GC (Allocation Failure) 
Desired survivor size 524288 bytes, new threshold 1 (max 15)
[PSYoungGen: 2336K->288K(2560K)] 11509K->9501K(13824K), 0.0010518 secs] [Times: user=0.00 sys=0.00, real=0.00 secs] 
2015-04-14T21:00:45.942-0100: 3536.785: Total time for which application threads were stopped: 0.0012403 seconds, Stopping threads took: 0.0000205 seconds
2015-04-14T21:00:46.843-0100: 3537.686: [GC (Allocation Failure) 
Desired survivor size 524288 bytes, new threshold 1 (max 15)
[PSYoungGen: 2336K->256K(2560K)] 11549K->9501K(13824K), 0.0009159 secs] [Times: user=0.00 sys=0.00, real=0.00 secs] 
2015-04-14T21:00:46.844-0100: 3537.687: Total time for which application threads were stopped: 0.0010768 seconds, Stopping threads took: 0.0000192 seconds
2015-04-14T21:00:47.761-0100: 3538.604: [GC (Allocation Failure) 
Desired survivor size 524288 bytes, new threshold 1 (max 15)
[PSYoungGen: 2304K->256K(2560K)] 11549K->9533K(13824K), 0.0010857 secs] [Times: user=0.00 sys=0.00, real=0.00 secs] 
2015-04-14T21:00:47.762-0100: 3538.605: Total time for which application threads were stopped: 0.0012844 seconds, Stopping threads took: 0.0000221 seconds
2015-04-14T21:00:48.667-0100: 3539.510: [GC (Allocation Failure) 
Desired survivor size 524288 bytes, new threshold 1 (max 15)
[PSYoungGen: 2304K->288K(2560K)] 11581K->9589K(13824K), 0.0011082 secs] [Times: user=0.00 sys=0.00, real=0.00 secs] 
2015-04-14T21:00:48.668-0100: 3539.511: Total time for which application threads were stopped: 0.0012975 seconds, Stopping threads took: 0.0000224 seconds
2015-04-14T21:00:49.586-0100: 3540.429: [GC (Allocation Failure) 
Desired survivor size 524288 bytes, new threshold 1 (max 15)
[PSYoungGen: 2336K->256K(2560K)] 11637K->9589K(13824K), 0.0010391 secs] [Times: user=0.00 sys=0.00, real=0.00 secs] 
2015-04-14T21:00:49.587-0100: 3540.430: Total time for which application threads were stopped: 0.0012339 seconds, Stopping threads took: 0.0000215 seconds
2015-04-14T21:00:50.536-0100: 3541.379: [GC (Allocation Failure) 
Desired survivor size 524288 bytes, new threshold 1 (max 15)
[PSYoungGen: 2304K->288K(2560K)] 11637K->9661K(13824K), 0.0008965 secs] [Times: user=0.01 sys=0.00, real=0.00 secs] 
2015-04-14T21:00:50.537-0100: 3541.380: Total time for which application threads were stopped: 0.0011030 seconds, Stopping threads took: 0.0000279 seconds
2015-04-14T21:00:51.591-0100: 3542.434: [GC (Allocation Failure) 
Desired survivor size 524288 bytes, new threshold 1 (max 15)
[PSYoungGen: 2336K->256K(2560K)] 11709K->9669K(13824K), 0.0009777 secs] [Times: user=0.00 sys=0.00, real=0.00 secs] 
2015-04-14T21:00:51.592-0100: 3542.435: Total time for which application threads were stopped: 0.0011768 seconds, Stopping threads took: 0.0000229 seconds
2015-04-14T21:00:52.609-0100: 3543.452: [GC (Allocation Failure) 
Desired survivor size 524288 bytes, new threshold 1 (max 15)
[PSYoungGen: 2304K->288K(2560K)] 11717K->9741K(13824K), 0.0010900 secs] [Times: user=0.01 sys=0.00, real=0.01 secs] 
2015-04-14T21:00:52.611-0100: 3543.454: Total time for which application threads were stopped: 0.0021420 seconds, Stopping threads took: 0.0000217 seconds
2015-04-14T21:00:53.629-0100: 3544.472: [GC (Allocation Failure) 
Desired survivor size 524288 bytes, new threshold 1 (max 15)
[PSYoungGen: 2336K->224K(2560K)] 11789K->9701K(13824K), 0.0010594 secs] [Times: user=0.00 sys=0.00, real=0.01 secs] 
2015-04-14T21:00:53.630-0100: 3544.473: Total time for which application threads were stopped: 0.0012560 seconds, Stopping threads took: 0.0000210 seconds
2015-04-14T21:00:54.634-0100: 3545.478: [GC (Allocation Failure) 
Desired survivor size 524288 bytes, new threshold 1 (max 15)
[PSYoungGen: 2272K->256K(2560K)] 11749K->9765K(13824K), 0.0009202 secs] [Times: user=0.00 sys=0.00, real=0.00 secs] 
2015-04-14T21:00:54.635-0100: 3545.479: Total time for which application threads were stopped: 0.0011023 seconds, Stopping threads took: 0.0000211 seconds
2015-04-14T21:00:55.687-0100: 3546.530: [GC (Allocation Failure) 
Desired survivor size 524288 bytes, new threshold 1 (max 15)
[PSYoungGen: 2304K->256K(2560K)] 11813K->9805K(13824K), 0.0010694 secs] [Times: user=0.00 sys=0.00, real=0.00 secs] 
2015-04-14T21:00:55.688-0100: 3546.531: Total time for which application threads were stopped: 0.0012778 seconds, Stopping threads took: 0.0000222 seconds
2015-04-14T21:00:56.708-0100: 3547.551: [GC (Allocation Failure) 
Desired survivor size 524288 bytes, new threshold 1 (max 15)
[PSYoungGen: 2304K->256K(2560K)] 11853K->9821K(13824K), 0.0010019 secs] [Times: user=0.01 sys=0.00, real=0.00 secs] 
2015-04-14T21:00:56.709-0100: 3547.552: Total time for which application threads were stopped: 0.0011890 seconds, Stopping threads took: 0.0000192 seconds
2015-04-14T21:00:57.745-0100: 3548.588: [GC (Allocation Failure) 
Desired survivor size 524288 bytes, new threshold 1 (max 15)
[PSYoungGen: 2304K->288K(2560K)] 11869K->9885K(13824K), 0.0010068 secs] [Times: user=0.01 sys=0.00, real=0.00 secs] 
2015-04-14T21:00:57.746-0100: 3548.589: Total time for which application threads were stopped: 0.0012106 seconds, Stopping threads took: 0.0000211 seconds
2015-04-14T21:00:58.796-0100: 3549.640: [GC (Allocation Failure) 
Desired survivor size 524288 bytes, new threshold 1 (max 15)
[PSYoungGen: 2336K->288K(2560K)] 11933K->9909K(13824K), 0.0010879 secs] [Times: user=0.00 sys=0.00, real=0.00 secs] 
2015-04-14T21:00:58.798-0100: 3549.641: Total time for which application threads were stopped: 0.0012804 seconds, Stopping threads took: 0.0000224 seconds
2015-04-14T21:00:59.863-0100: 3550.707: [GC (Allocation Failure) 
Desired survivor size 524288 bytes, new threshold 1 (max 15)
[PSYoungGen: 2336K->256K(2560K)] 11957K->9901K(13824K), 0.0008862 secs] [Times: user=0.00 sys=0.00, real=0.00 secs] 
2015-04-14T21:00:59.864-0100: 3550.708: Total time for which application threads were stopped: 0.0010462 seconds, Stopping threads took: 0.0000181 seconds
2015-04-14T21:01:00.687-0100: 3551.531: [GC (Allocation Failure) 
Desired survivor size 524288 bytes, new threshold 1 (max 15)
[PSYoungGen: 2304K->256K(2560K)] 11949K->9933K(13824K), 0.0010518 secs] [Times: user=0.00 sys=0.00, real=0.00 secs] 
2015-04-14T21:01:00.689-0100: 3551.532: Total time for which application threads were stopped: 0.0012566 seconds, Stopping threads took: 0.0000221 seconds
2015-04-14T21:01:01.707-0100: 3552.550: [GC (Allocation Failure) 
Desired survivor size 524288 bytes, new threshold 1 (max 15)
[PSYoungGen: 2304K->288K(2560K)] 11981K->9997K(13824K), 0.0008023 secs] [Times: user=0.01 sys=0.00, real=0.00 secs] 
2015-04-14T21:01:01.708-0100: 3552.551: Total time for which application threads were stopped: 0.0009433 seconds, Stopping threads took: 0.0000157 seconds
2015-04-14T21:01:02.707-0100: 3553.551: [GC (Allocation Failure) 
Desired survivor size 524288 bytes, new threshold 1 (max 15)
[PSYoungGen: 2336K->256K(2560K)] 12045K->9997K(13824K), 0.0008140 secs] [Times: user=0.01 sys=0.00, real=0.00 secs] 
2015-04-14T21:01:02.708-0100: 3553.552: Total time for which application threads were stopped: 0.0009838 seconds, Stopping threads took: 0.0000185 seconds
2015-04-14T21:01:03.746-0100: 3554.589: [GC (Allocation Failure) 
Desired survivor size 524288 bytes, new threshold 1 (max 15)
[PSYoungGen: 2304K->256K(2560K)] 12045K->10021K(13824K), 0.0007852 secs] [Times: user=0.00 sys=0.00, real=0.00 secs] 
2015-04-14T21:01:03.747-0100: 3554.590: Total time for which application threads were stopped: 0.0009228 seconds, Stopping threads took: 0.0000161 seconds
2015-04-14T21:01:04.782-0100: 3555.625: [GC (Allocation Failure) 
Desired survivor size 524288 bytes, new threshold 1 (max 15)
[PSYoungGen: 2304K->256K(2560K)] 12069K->10061K(13824K), 0.0010707 secs] [Times: user=0.01 sys=0.00, real=0.00 secs] 
2015-04-14T21:01:04.783-0100: 3555.626: Total time for which application threads were stopped: 0.0012636 seconds, Stopping threads took: 0.0000193 seconds
2015-04-14T21:01:05.812-0100: 3556.655: [GC (Allocation Failure) 
Desired survivor size 524288 bytes, new threshold 1 (max 15)
[PSYoungGen: 2304K->256K(2560K)] 12109K->10085K(13824K), 0.0007193 secs] [Times: user=0.00 sys=0.00, real=0.00 secs] 
2015-04-14T21:01:05.813-0100: 3556.656: Total time for which application threads were stopped: 0.0008547 seconds, Stopping threads took: 0.0000156 seconds
2015-04-14T21:01:06.807-0100: 3557.650: [GC (Allocation Failure) 
Desired survivor size 524288 bytes, new threshold 1 (max 15)
[PSYoungGen: 2304K->256K(2560K)] 12133K->10109K(13824K), 0.0010400 secs] [Times: user=0.01 sys=0.00, real=0.00 secs] 
2015-04-14T21:01:06.808-0100: 3557.651: Total time for which application threads were stopped: 0.0012430 seconds, Stopping threads took: 0.0000228 seconds
2015-04-14T21:01:07.810-0100: 3558.653: [GC (Allocation Failure) 
Desired survivor size 524288 bytes, new threshold 1 (max 15)
[PSYoungGen: 2304K->288K(2560K)] 12157K->10173K(13824K), 0.0010222 secs] [Times: user=0.00 sys=0.00, real=0.00 secs] 
2015-04-14T21:01:07.811-0100: 3558.654: Total time for which application threads were stopped: 0.0012213 seconds, Stopping threads took: 0.0000237 seconds
2015-04-14T21:01:08.811-0100: 3559.654: [GC (Allocation Failure) 
Desired survivor size 524288 bytes, new threshold 1 (max 15)
[PSYoungGen: 2336K->256K(2560K)] 12221K->10157K(13824K), 0.0011088 secs] [Times: user=0.01 sys=0.00, real=0.00 secs] 
2015-04-14T21:01:08.812-0100: 3559.655: Total time for which application threads were stopped: 0.0012991 seconds, Stopping threads took: 0.0000198 seconds
2015-04-14T21:01:09.794-0100: 3560.638: [GC (Allocation Failure) 
Desired survivor size 524288 bytes, new threshold 1 (max 15)
[PSYoungGen: 2304K->224K(2560K)] 12205K->10149K(13824K), 0.0009657 secs] [Times: user=0.00 sys=0.00, real=0.00 secs] 
2015-04-14T21:01:09.795-0100: 3560.639: Total time for which application threads were stopped: 0.0011527 seconds, Stopping threads took: 0.0000204 seconds
2015-04-14T21:01:10.802-0100: 3561.645: [GC (Allocation Failure) 
Desired survivor size 524288 bytes, new threshold 1 (max 15)
[PSYoungGen: 2272K->288K(2560K)] 12197K->10245K(13824K), 0.0010035 secs] [Times: user=0.00 sys=0.00, real=0.00 secs] 
2015-04-14T21:01:10.803-0100: 3561.646: Total time for which application threads were stopped: 0.0011734 seconds, Stopping threads took: 0.0000196 seconds
2015-04-14T21:01:11.823-0100: 3562.666: [GC (Allocation Failure) 
Desired survivor size 524288 bytes, new threshold 1 (max 15)
[PSYoungGen: 2336K->256K(2560K)] 12293K->10253K(13824K), 0.0010567 secs] [Times: user=0.00 sys=0.00, real=0.00 secs] 
2015-04-14T21:01:11.824-0100: 3562.667: Total time for which application threads were stopped: 0.0012617 seconds, Stopping threads took: 0.0000224 seconds
2015-04-14T21:01:12.825-0100: 3563.669: [GC (Allocation Failure) 
Desired survivor size 524288 bytes, new threshold 1 (max 15)
[PSYoungGen: 2304K->224K(2560K)] 12301K->10245K(13824K), 0.0009736 secs] [Times: user=0.00 sys=0.00, real=0.00 secs] 
2015-04-14T21:01:12.826-0100: 3563.670: Total time for which application threads were stopped: 0.0011647 seconds, Stopping threads took: 0.0000235 seconds
2015-04-14T21:01:13.849-0100: 3564.693: [GC (Allocation Failure) 
Desired survivor size 524288 bytes, new threshold 1 (max 15)
[PSYoungGen: 2272K->256K(2560K)] 12293K->10293K(13824K), 0.0007509 secs] [Times: user=0.00 sys=0.00, real=0.01 secs] 
2015-04-14T21:01:13.850-0100: 3564.694: Total time for which application threads were stopped: 0.0008882 seconds, Stopping threads took: 0.0000161 seconds
2015-04-14T21:01:14.849-0100: 3565.692: [GC (Allocation Failure) 
Desired survivor size 524288 bytes, new threshold 1 (max 15)
[PSYoungGen: 2304K->256K(2560K)] 12341K->10317K(13824K), 0.0010694 secs] [Times: user=0.01 sys=0.01, real=0.01 secs] 
2015-04-14T21:01:14.850-0100: 3565.694: Total time for which application threads were stopped: 0.0012572 seconds, Stopping threads took: 0.0000220 seconds
2015-04-14T21:01:15.868-0100: 3566.712: [GC (Allocation Failure) 
Desired survivor size 524288 bytes, new threshold 1 (max 15)
[PSYoungGen: 2304K->288K(2560K)] 12365K->10373K(13824K), 0.0011005 secs] [Times: user=0.00 sys=0.00, real=0.00 secs] 
2015-04-14T21:01:15.869-0100: 3566.713: Total time for which application threads were stopped: 0.0012890 seconds, Stopping threads took: 0.0000213 seconds
2015-04-14T21:01:16.888-0100: 3567.732: [GC (Allocation Failure) 
Desired survivor size 524288 bytes, new threshold 1 (max 15)
[PSYoungGen: 2336K->256K(2560K)] 12421K->10373K(13824K), 0.0010827 secs] [Times: user=0.01 sys=0.00, real=0.00 secs] 
2015-04-14T21:01:16.889-0100: 3567.733: Total time for which application threads were stopped: 0.0012711 seconds, Stopping threads took: 0.0000208 seconds
2015-04-14T21:01:17.887-0100: 3568.730: [GC (Allocation Failure) 
Desired survivor size 524288 bytes, new threshold 1 (max 15)
[PSYoungGen: 2304K->256K(2560K)] 12421K->10397K(13824K), 0.0009936 secs] [Times: user=0.01 sys=0.00, real=0.00 secs] 
2015-04-14T21:01:17.888-0100: 3568.731: Total time for which application threads were stopped: 0.0012143 seconds, Stopping threads took: 0.0000229 seconds
2015-04-14T21:01:18.878-0100: 3569.722: [GC (Allocation Failure) 
Desired survivor size 524288 bytes, new threshold 1 (max 15)
[PSYoungGen: 2304K->256K(2560K)] 12445K->10437K(13824K), 0.0011392 secs] [Times: user=0.00 sys=0.00, real=0.00 secs] 
2015-04-14T21:01:18.879-0100: 3569.723: Total time for which application threads were stopped: 0.0013480 seconds, Stopping threads took: 0.0000242 seconds
2015-04-14T21:01:19.931-0100: 3570.775: [GC (Allocation Failure) 
Desired survivor size 524288 bytes, new threshold 1 (max 15)
[PSYoungGen: 2304K->288K(2560K)] 12485K->10509K(13824K), 0.0009890 secs] [Times: user=0.00 sys=0.00, real=0.00 secs] 
2015-04-14T21:01:19.932-0100: 3570.776: Total time for which application threads were stopped: 0.0011831 seconds, Stopping threads took: 0.0000237 seconds
2015-04-14T21:01:20.982-0100: 3571.825: [GC (Allocation Failure) 
Desired survivor size 524288 bytes, new threshold 1 (max 15)
[PSYoungGen: 2336K->256K(2560K)] 12557K->10509K(13824K), 0.0009626 secs] [Times: user=0.00 sys=0.00, real=0.00 secs] 
2015-04-14T21:01:20.983-0100: 3571.826: Total time for which application threads were stopped: 0.0011640 seconds, Stopping threads took: 0.0000273 seconds
2015-04-14T21:01:21.969-0100: 3572.813: [GC (Allocation Failure) 
Desired survivor size 524288 bytes, new threshold 1 (max 15)
[PSYoungGen: 2304K->256K(2560K)] 12557K->10541K(13824K), 0.0010673 secs] [Times: user=0.01 sys=0.01, real=0.01 secs] 
2015-04-14T21:01:21.970-0100: 3572.814: Total time for which application threads were stopped: 0.0012564 seconds, Stopping threads took: 0.0000204 seconds
2015-04-14T21:01:22.990-0100: 3573.833: [GC (Allocation Failure) 
Desired survivor size 524288 bytes, new threshold 1 (max 15)
[PSYoungGen: 2304K->288K(2560K)] 12589K->10605K(13824K), 0.0009567 secs] [Times: user=0.01 sys=0.00, real=0.00 secs] 
2015-04-14T21:01:22.991-0100: 3573.834: Total time for which application threads were stopped: 0.0011240 seconds, Stopping threads took: 0.0000195 seconds
2015-04-14T21:01:24.010-0100: 3574.853: [GC (Allocation Failure) 
Desired survivor size 524288 bytes, new threshold 1 (max 15)
[PSYoungGen: 2336K->256K(2560K)] 12653K->10597K(13824K), 0.0008178 secs] [Times: user=0.00 sys=0.00, real=0.00 secs] 
2015-04-14T21:01:24.010-0100: 3574.854: Total time for which application threads were stopped: 0.0009563 seconds, Stopping threads took: 0.0000157 seconds
2015-04-14T21:01:25.043-0100: 3575.886: [GC (Allocation Failure) 
Desired survivor size 524288 bytes, new threshold 1 (max 15)
[PSYoungGen: 2304K->256K(2560K)] 12645K->10629K(13824K), 0.0010584 secs] [Times: user=0.00 sys=0.00, real=0.00 secs] 
2015-04-14T21:01:25.044-0100: 3575.887: Total time for which application threads were stopped: 0.0012730 seconds, Stopping threads took: 0.0000244 seconds
2015-04-14T21:01:26.050-0100: 3576.893: [GC (Allocation Failure) 
Desired survivor size 524288 bytes, new threshold 1 (max 15)
[PSYoungGen: 2304K->256K(2560K)] 12677K->10661K(13824K), 0.0010727 secs] [Times: user=0.00 sys=0.00, real=0.00 secs] 
2015-04-14T21:01:26.051-0100: 3576.895: Total time for which application threads were stopped: 0.0012673 seconds, Stopping threads took: 0.0000220 seconds
2015-04-14T21:01:27.102-0100: 3577.945: [GC (Allocation Failure) 
Desired survivor size 524288 bytes, new threshold 1 (max 15)
[PSYoungGen: 2304K->256K(2560K)] 12709K->10685K(13824K), 0.0009915 secs] [Times: user=0.00 sys=0.00, real=0.00 secs] 
2015-04-14T21:01:27.103-0100: 3577.946: Total time for which application threads were stopped: 0.0011756 seconds, Stopping threads took: 0.0000206 seconds
2015-04-14T21:01:28.107-0100: 3578.951: [GC (Allocation Failure) 
Desired survivor size 524288 bytes, new threshold 1 (max 15)
[PSYoungGen: 2304K->288K(2560K)] 12733K->10749K(13824K), 0.0011015 secs] [Times: user=0.00 sys=0.00, real=0.00 secs] 
2015-04-14T21:01:28.108-0100: 3578.952: Total time for which application threads were stopped: 0.0013007 seconds, Stopping threads took: 0.0000237 seconds
2015-04-14T21:01:29.107-0100: 3579.950: [GC (Allocation Failure) 
Desired survivor size 524288 bytes, new threshold 1 (max 15)
[PSYoungGen: 2336K->256K(2560K)] 12797K->10741K(13824K), 0.0010077 secs] [Times: user=0.00 sys=0.00, real=0.00 secs] 
2015-04-14T21:01:29.108-0100: 3579.951: Total time for which application threads were stopped: 0.0012158 seconds, Stopping threads took: 0.0000247 seconds
2015-04-14T21:01:30.078-0100: 3580.922: [GC (Allocation Failure) 
Desired survivor size 524288 bytes, new threshold 1 (max 15)
[PSYoungGen: 2304K->256K(2560K)] 12789K->10773K(13824K), 0.0009108 secs] [Times: user=0.01 sys=0.00, real=0.00 secs] 
2015-04-14T21:01:30.079-0100: 3580.923: Total time for which application threads were stopped: 0.0010924 seconds, Stopping threads took: 0.0000195 seconds
2015-04-14T21:01:31.099-0100: 3581.943: [GC (Allocation Failure) 
Desired survivor size 524288 bytes, new threshold 1 (max 15)
[PSYoungGen: 2304K->256K(2560K)] 12821K->10797K(13824K), 0.0010594 secs] [Times: user=0.00 sys=0.00, real=0.01 secs] 
2015-04-14T21:01:31.100-0100: 3581.944: Total time for which application threads were stopped: 0.0012717 seconds, Stopping threads took: 0.0000216 seconds
2015-04-14T21:01:32.119-0100: 3582.963: [GC (Allocation Failure) 
Desired survivor size 524288 bytes, new threshold 1 (max 15)
[PSYoungGen: 2304K->288K(2560K)] 12845K->10861K(13824K), 0.0010574 secs] [Times: user=0.00 sys=0.00, real=0.01 secs] 
2015-04-14T21:01:32.120-0100: 3582.964: Total time for which application threads were stopped: 0.0012592 seconds, Stopping threads took: 0.0000207 seconds
2015-04-14T21:01:33.153-0100: 3583.997: [GC (Allocation Failure) 
Desired survivor size 524288 bytes, new threshold 1 (max 15)
[PSYoungGen: 2336K->256K(2560K)] 12909K->10853K(13824K), 0.0011055 secs] [Times: user=0.01 sys=0.01, real=0.00 secs] 
2015-04-14T21:01:33.154-0100: 3583.998: Total time for which application threads were stopped: 0.0013197 seconds, Stopping threads took: 0.0000273 seconds
2015-04-14T21:01:34.143-0100: 3584.987: [GC (Allocation Failure) 
Desired survivor size 524288 bytes, new threshold 1 (max 15)
[PSYoungGen: 2304K->288K(2560K)] 12901K->10917K(13824K), 0.0010981 secs] [Times: user=0.00 sys=0.00, real=0.00 secs] 
2015-04-14T21:01:34.144-0100: 3584.988: Total time for which application threads were stopped: 0.0013102 seconds, Stopping threads took: 0.0000214 seconds
2015-04-14T21:01:35.179-0100: 3586.023: [GC (Allocation Failure) 
Desired survivor size 524288 bytes, new threshold 1 (max 15)
[PSYoungGen: 2336K->256K(2560K)] 12965K->10917K(13824K), 0.0009843 secs] [Times: user=0.00 sys=0.00, real=0.01 secs] 
2015-04-14T21:01:35.180-0100: 3586.024: Total time for which application threads were stopped: 0.0011823 seconds, Stopping threads took: 0.0000224 seconds
2015-04-14T21:01:36.246-0100: 3587.090: [GC (Allocation Failure) 
Desired survivor size 524288 bytes, new threshold 1 (max 15)
[PSYoungGen: 2304K->288K(2560K)] 12965K->10981K(13824K), 0.0009976 secs] [Times: user=0.01 sys=0.00, real=0.00 secs] 
2015-04-14T21:01:36.248-0100: 3587.091: Total time for which application threads were stopped: 0.0012551 seconds, Stopping threads took: 0.0000566 seconds
2015-04-14T21:01:37.252-0100: 3588.096: [GC (Allocation Failure) 
Desired survivor size 524288 bytes, new threshold 1 (max 15)
[PSYoungGen: 2336K->256K(2560K)] 13029K->10981K(13824K), 0.0010213 secs] [Times: user=0.01 sys=0.00, real=0.00 secs] 
2015-04-14T21:01:37.253-0100: 3588.097: Total time for which application threads were stopped: 0.0012112 seconds, Stopping threads took: 0.0000211 seconds
2015-04-14T21:01:38.304-0100: 3589.148: [GC (Allocation Failure) 
Desired survivor size 524288 bytes, new threshold 1 (max 15)
[PSYoungGen: 2304K->256K(2560K)] 13029K->11013K(13824K), 0.0011415 secs] [Times: user=0.01 sys=0.00, real=0.00 secs] 
2015-04-14T21:01:38.305-0100: 3589.149: Total time for which application threads were stopped: 0.0013395 seconds, Stopping threads took: 0.0000223 seconds
2015-04-14T21:01:39.323-0100: 3590.167: [GC (Allocation Failure) 
Desired survivor size 524288 bytes, new threshold 1 (max 15)
[PSYoungGen: 2304K->288K(2560K)] 13061K->11069K(13824K), 0.0010717 secs] [Times: user=0.00 sys=0.00, real=0.00 secs] 
2015-04-14T21:01:39.324-0100: 3590.168: Total time for which application threads were stopped: 0.0012869 seconds, Stopping threads took: 0.0000245 seconds
2015-04-14T21:01:40.259-0100: 3591.103: [GC (Allocation Failure) 
Desired survivor size 524288 bytes, new threshold 1 (max 15)
[PSYoungGen: 2336K->256K(2560K)] 13117K->11069K(13824K), 0.0010705 secs] [Times: user=0.01 sys=0.00, real=0.01 secs] 
2015-04-14T21:01:40.260-0100: 3591.104: Total time for which application threads were stopped: 0.0012828 seconds, Stopping threads took: 0.0000283 seconds
2015-04-14T21:01:41.197-0100: 3592.041: [GC (Allocation Failure) 
Desired survivor size 524288 bytes, new threshold 1 (max 15)
[PSYoungGen: 2304K->256K(2560K)] 13117K->11101K(13824K), 0.0009238 secs] [Times: user=0.01 sys=0.00, real=0.00 secs] 
2015-04-14T21:01:41.198-0100: 3592.042: Total time for which application threads were stopped: 0.0011030 seconds, Stopping threads took: 0.0000223 seconds
2015-04-14T21:01:42.151-0100: 3592.995: [GC (Allocation Failure) 
Desired survivor size 524288 bytes, new threshold 1 (max 15)
[PSYoungGen: 2304K->288K(2560K)] 13149K->11165K(13824K), 0.0010564 secs] [Times: user=0.01 sys=0.00, real=0.00 secs] 
2015-04-14T21:01:42.153-0100: 3592.997: Total time for which application threads were stopped: 0.0012533 seconds, Stopping threads took: 0.0000230 seconds
2015-04-14T21:01:43.035-0100: 3593.879: [GC (Allocation Failure) 
Desired survivor size 524288 bytes, new threshold 1 (max 15)
[PSYoungGen: 2336K->288K(2560K)] 13213K->11189K(13824K), 0.0010834 secs] [Times: user=0.00 sys=0.00, real=0.00 secs] 
2015-04-14T21:01:43.036-0100: 3593.880: Total time for which application threads were stopped: 0.0012770 seconds, Stopping threads took: 0.0000233 seconds
2015-04-14T21:01:43.855-0100: 3594.699: [GC (Allocation Failure) 
Desired survivor size 524288 bytes, new threshold 1 (max 15)
[PSYoungGen: 2336K->256K(2560K)] 13237K->11173K(13824K), 0.0009970 secs] [Times: user=0.01 sys=0.00, real=0.00 secs] 
2015-04-14T21:01:43.856-0100: 3594.700: Total time for which application threads were stopped: 0.0012148 seconds, Stopping threads took: 0.0000221 seconds
2015-04-14T21:01:44.741-0100: 3595.585: [GC (Allocation Failure) 
Desired survivor size 524288 bytes, new threshold 1 (max 15)
[PSYoungGen: 2304K->256K(2560K)] 13221K->11205K(13824K), 0.0011133 secs] [Times: user=0.00 sys=0.00, real=0.00 secs] 
2015-04-14T21:01:44.742-0100: 3595.587: Total time for which application threads were stopped: 0.0013113 seconds, Stopping threads took: 0.0000231 seconds
2015-04-14T21:01:45.594-0100: 3596.438: [GC (Allocation Failure) 
Desired survivor size 524288 bytes, new threshold 1 (max 15)
[PSYoungGen: 2304K->256K(2560K)] 13253K->11237K(13824K), 0.0009341 secs] [Times: user=0.01 sys=0.00, real=0.00 secs] 
2015-04-14T21:01:45.595-0100: 3596.439: Total time for which application threads were stopped: 0.0011300 seconds, Stopping threads took: 0.0000228 seconds
2015-04-14T21:01:46.461-0100: 3597.305: [GC (Allocation Failure) 
Desired survivor size 524288 bytes, new threshold 1 (max 15)
[PSYoungGen: 2304K->256K(2560K)] 13285K->11269K(13824K), 0.0010163 secs] [Times: user=0.00 sys=0.00, real=0.00 secs] 
2015-04-14T21:01:46.462-0100: 3597.306: Total time for which application threads were stopped: 0.0012113 seconds, Stopping threads took: 0.0000232 seconds
2015-04-14T21:01:47.283-0100: 3598.127: [GC (Allocation Failure) 
Desired survivor size 524288 bytes, new threshold 1 (max 15)
[PSYoungGen: 2304K->256K(2560K)] 13317K->11301K(13824K), 0.0010998 secs] [Times: user=0.00 sys=0.00, real=0.00 secs] 
2015-04-14T21:01:47.284-0100: 3598.128: Total time for which application threads were stopped: 0.0012985 seconds, Stopping threads took: 0.0000213 seconds
2015-04-14T21:01:48.252-0100: 3599.096: [GC (Allocation Failure) 
Desired survivor size 524288 bytes, new threshold 1 (max 15)
[PSYoungGen: 2304K->256K(2560K)] 13349K->11325K(13824K), 0.0008812 secs] [Times: user=0.00 sys=0.00, real=0.00 secs] 
2015-04-14T21:01:48.253-0100: 3599.097: Total time for which application threads were stopped: 0.0010625 seconds, Stopping threads took: 0.0000208 seconds
2015-04-14T21:01:49.204-0100: 3600.049: [GC (Allocation Failure) 
Desired survivor size 524288 bytes, new threshold 1 (max 15)
[PSYoungGen: 2304K->288K(2560K)] 13373K->11389K(13824K), 0.0010922 secs] [Times: user=0.00 sys=0.00, real=0.00 secs] 
2015-04-14T21:01:49.206-0100: 3600.050: Total time for which application threads were stopped: 0.0012848 seconds, Stopping threads took: 0.0000224 seconds
2015-04-14T21:01:50.156-0100: 3601.000: [GC (Allocation Failure) 
Desired survivor size 524288 bytes, new threshold 1 (max 15)
[PSYoungGen: 2336K->256K(2560K)] 13437K->11381K(13824K), 0.0010563 secs] [Times: user=0.01 sys=0.00, real=0.00 secs] 
2015-04-14T21:01:50.157-0100: 3601.001: Total time for which application threads were stopped: 0.0012435 seconds, Stopping threads took: 0.0000238 seconds
2015-04-14T21:01:51.178-0100: 3602.023: [GC (Allocation Failure) 
Desired survivor size 524288 bytes, new threshold 1 (max 15)
[PSYoungGen: 2304K->256K(2560K)] 13429K->11405K(13824K), 0.0011099 secs] [Times: user=0.01 sys=0.00, real=0.01 secs] 
2015-04-14T21:01:51.180-0100: 3602.024: Total time for which application threads were stopped: 0.0013036 seconds, Stopping threads took: 0.0000201 seconds
2015-04-14T21:01:52.197-0100: 3603.042: [GC (Allocation Failure) 
Desired survivor size 524288 bytes, new threshold 1 (max 15)
[PSYoungGen: 2304K->256K(2560K)] 13453K->11429K(13824K), 0.0010794 secs] [Times: user=0.00 sys=0.00, real=0.00 secs] 
2015-04-14T21:01:52.199-0100: 3603.043: Total time for which application threads were stopped: 0.0012759 seconds, Stopping threads took: 0.0000242 seconds
2015-04-14T21:01:53.199-0100: 3604.043: [GC (Allocation Failure) 
Desired survivor size 524288 bytes, new threshold 1 (max 15)
[PSYoungGen: 2304K->288K(2560K)] 13477K->11493K(13824K), 0.0007403 secs] [Times: user=0.00 sys=0.00, real=0.00 secs] 
2015-04-14T21:01:53.199-0100: 3604.044: Total time for which application threads were stopped: 0.0009006 seconds, Stopping threads took: 0.0000216 seconds
2015-04-14T21:01:54.239-0100: 3605.083: [GC (Allocation Failure) 
Desired survivor size 524288 bytes, new threshold 1 (max 15)
[PSYoungGen: 2336K->256K(2560K)] 13541K->11501K(13824K), 0.0011303 secs] [Times: user=0.00 sys=0.00, real=0.01 secs] 
2015-04-14T21:01:54.240-0100: 3605.084: [Full GC (Ergonomics) [PSYoungGen: 256K->0K(2560K)] [ParOldGen: 11245K->8350K(11264K)] 11501K->8350K(13824K), [Metaspace: 17890K->17890K(1064960K)], 0.0198946 secs] [Times: user=0.07 sys=0.00, real=0.02 secs] 
2015-04-14T21:01:54.260-0100: 3605.104: Total time for which application threads were stopped: 0.0213300 seconds, Stopping threads took: 0.0000214 seconds
2015-04-14T21:01:55.291-0100: 3606.135: [GC (Allocation Failure) 
Desired survivor size 524288 bytes, new threshold 1 (max 15)
[PSYoungGen: 2048K->256K(2560K)] 10398K->8606K(13824K), 0.0010295 secs] [Times: user=0.00 sys=0.00, real=0.00 secs] 
2015-04-14T21:01:55.292-0100: 3606.136: Total time for which application threads were stopped: 0.0012332 seconds, Stopping threads took: 0.0000211 seconds
2015-04-14T21:01:56.293-0100: 3607.137: [GC (Allocation Failure) 
Desired survivor size 524288 bytes, new threshold 1 (max 15)
[PSYoungGen: 2304K->256K(2560K)] 10654K->8638K(13824K), 0.0010705 secs] [Times: user=0.00 sys=0.00, real=0.00 secs] 
2015-04-14T21:01:56.294-0100: 3607.138: Total time for which application threads were stopped: 0.0012598 seconds, Stopping threads took: 0.0000216 seconds
2015-04-14T21:01:57.348-0100: 3608.192: [GC (Allocation Failure) 
Desired survivor size 524288 bytes, new threshold 1 (max 15)
[PSYoungGen: 2304K->256K(2560K)] 10686K->8654K(13824K), 0.0010137 secs] [Times: user=0.00 sys=0.00, real=0.00 secs] 
2015-04-14T21:01:57.349-0100: 3608.193: Total time for which application threads were stopped: 0.0012090 seconds, Stopping threads took: 0.0000235 seconds
2015-04-14T21:01:58.398-0100: 3609.242: [GC (Allocation Failure) 
Desired survivor size 524288 bytes, new threshold 1 (max 15)
[PSYoungGen: 2304K->288K(2560K)] 10702K->8702K(13824K), 0.0008657 secs] [Times: user=0.00 sys=0.00, real=0.00 secs] 
2015-04-14T21:01:58.399-0100: 3609.243: Total time for which application threads were stopped: 0.0010534 seconds, Stopping threads took: 0.0000237 seconds
2015-04-14T21:01:59.421-0100: 3610.265: [GC (Allocation Failure) 
Desired survivor size 524288 bytes, new threshold 1 (max 15)
[PSYoungGen: 2336K->288K(2560K)] 10750K->8734K(13824K), 0.0010145 secs] [Times: user=0.00 sys=0.00, real=0.00 secs] 
2015-04-14T21:01:59.422-0100: 3610.266: Total time for which application threads were stopped: 0.0012097 seconds, Stopping threads took: 0.0000227 seconds
2015-04-14T21:02:00.339-0100: 3611.183: [GC (Allocation Failure) 
Desired survivor size 524288 bytes, new threshold 1 (max 15)
[PSYoungGen: 2336K->256K(2560K)] 10782K->8734K(13824K), 0.0010559 secs] [Times: user=0.00 sys=0.00, real=0.01 secs] 
2015-04-14T21:02:00.340-0100: 3611.184: Total time for which application threads were stopped: 0.0012300 seconds, Stopping threads took: 0.0000195 seconds
2015-04-14T21:02:01.359-0100: 3612.203: [GC (Allocation Failure) 
Desired survivor size 524288 bytes, new threshold 1 (max 15)
[PSYoungGen: 2304K->288K(2560K)] 10782K->8798K(13824K), 0.0010435 secs] [Times: user=0.00 sys=0.00, real=0.01 secs] 
2015-04-14T21:02:01.360-0100: 3612.204: Total time for which application threads were stopped: 0.0012380 seconds, Stopping threads took: 0.0000257 seconds
2015-04-14T21:02:02.364-0100: 3613.209: [GC (Allocation Failure) 
Desired survivor size 524288 bytes, new threshold 1 (max 15)
[PSYoungGen: 2336K->288K(2560K)] 10846K->8814K(13824K), 0.0010098 secs] [Times: user=0.00 sys=0.00, real=0.00 secs] 
2015-04-14T21:02:02.365-0100: 3613.210: Total time for which application threads were stopped: 0.0012047 seconds, Stopping threads took: 0.0000298 seconds
2015-04-14T21:02:03.365-0100: 3614.209: [GC (Allocation Failure) 
Desired survivor size 524288 bytes, new threshold 1 (max 15)
[PSYoungGen: 2336K->256K(2560K)] 10862K->8806K(13824K), 0.0011081 secs] [Times: user=0.00 sys=0.00, real=0.00 secs] 
2015-04-14T21:02:03.366-0100: 3614.211: Total time for which application threads were stopped: 0.0013937 seconds, Stopping threads took: 0.0000498 seconds
2015-04-14T21:02:04.388-0100: 3615.232: [GC (Allocation Failure) 
Desired survivor size 524288 bytes, new threshold 1 (max 15)
[PSYoungGen: 2304K->256K(2560K)] 10854K->8838K(13824K), 0.0009847 secs] [Times: user=0.00 sys=0.00, real=0.00 secs] 
2015-04-14T21:02:04.389-0100: 3615.233: Total time for which application threads were stopped: 0.0011685 seconds, Stopping threads took: 0.0000215 seconds
2015-04-14T21:02:05.438-0100: 3616.283: [GC (Allocation Failure) 
Desired survivor size 524288 bytes, new threshold 1 (max 15)
[PSYoungGen: 2304K->224K(2560K)] 10886K->8830K(13824K), 0.0008796 secs] [Times: user=0.01 sys=0.00, real=0.00 secs] 
2015-04-14T21:02:05.439-0100: 3616.284: Total time for which application threads were stopped: 0.0010542 seconds, Stopping threads took: 0.0000185 seconds
2015-04-14T21:02:06.527-0100: 3617.371: [GC (Allocation Failure) 
Desired survivor size 524288 bytes, new threshold 1 (max 15)
[PSYoungGen: 2271K->256K(2560K)] 10878K->8894K(13824K), 0.0010832 secs] [Times: user=0.01 sys=0.00, real=0.00 secs] 
2015-04-14T21:02:06.528-0100: 3617.373: Total time for which application threads were stopped: 0.0012748 seconds, Stopping threads took: 0.0000209 seconds
2015-04-14T21:02:07.547-0100: 3618.391: [GC (Allocation Failure) 
Desired survivor size 524288 bytes, new threshold 1 (max 15)
[PSYoungGen: 2304K->256K(2560K)] 10942K->8918K(13824K), 0.0010631 secs] [Times: user=0.00 sys=0.00, real=0.00 secs] 
2015-04-14T21:02:07.548-0100: 3618.392: Total time for which application threads were stopped: 0.0012568 seconds, Stopping threads took: 0.0000216 seconds
2015-04-14T21:02:08.533-0100: 3619.377: [GC (Allocation Failure) 
Desired survivor size 524288 bytes, new threshold 1 (max 15)
[PSYoungGen: 2304K->288K(2560K)] 10966K->8990K(13824K), 0.0010633 secs] [Times: user=0.01 sys=0.00, real=0.00 secs] 
2015-04-14T21:02:08.534-0100: 3619.378: Total time for which application threads were stopped: 0.0012639 seconds, Stopping threads took: 0.0000232 seconds
2015-04-14T21:02:09.601-0100: 3620.445: [GC (Allocation Failure) 
Desired survivor size 524288 bytes, new threshold 1 (max 15)
[PSYoungGen: 2336K->288K(2560K)] 11038K->9014K(13824K), 0.0010353 secs] [Times: user=0.00 sys=0.00, real=0.00 secs] 
2015-04-14T21:02:09.602-0100: 3620.446: Total time for which application threads were stopped: 0.0012365 seconds, Stopping threads took: 0.0000238 seconds
2015-04-14T21:02:10.639-0100: 3621.483: [GC (Allocation Failure) 
Desired survivor size 524288 bytes, new threshold 1 (max 15)
[PSYoungGen: 2336K->256K(2560K)] 11062K->9022K(13824K), 0.0010092 secs] [Times: user=0.00 sys=0.00, real=0.01 secs] 
2015-04-14T21:02:10.640-0100: 3621.484: Total time for which application threads were stopped: 0.0012030 seconds, Stopping threads took: 0.0000209 seconds
2015-04-14T21:02:11.674-0100: 3622.519: [GC (Allocation Failure) 
Desired survivor size 524288 bytes, new threshold 1 (max 15)
[PSYoungGen: 2304K->256K(2560K)] 11070K->9046K(13824K), 0.0010407 secs] [Times: user=0.00 sys=0.00, real=0.00 secs] 
2015-04-14T21:02:11.676-0100: 3622.520: Total time for which application threads were stopped: 0.0012301 seconds, Stopping threads took: 0.0000206 seconds
2015-04-14T21:02:12.711-0100: 3623.555: [GC (Allocation Failure) 
Desired survivor size 524288 bytes, new threshold 1 (max 15)
[PSYoungGen: 2304K->256K(2560K)] 11094K->9078K(13824K), 0.0010183 secs] [Times: user=0.01 sys=0.00, real=0.00 secs] 
2015-04-14T21:02:12.712-0100: 3623.556: Total time for which application threads were stopped: 0.0012359 seconds, Stopping threads took: 0.0000245 seconds
2015-04-14T21:02:13.699-0100: 3624.543: [GC (Allocation Failure) 
Desired survivor size 524288 bytes, new threshold 1 (max 15)
[PSYoungGen: 2304K->256K(2560K)] 11126K->9102K(13824K), 0.0010158 secs] [Times: user=0.01 sys=0.00, real=0.01 secs] 
2015-04-14T21:02:13.700-0100: 3624.544: Total time for which application threads were stopped: 0.0012096 seconds, Stopping threads took: 0.0000211 seconds
2015-04-14T21:02:14.703-0100: 3625.547: [GC (Allocation Failure) 
Desired survivor size 524288 bytes, new threshold 1 (max 15)
[PSYoungGen: 2304K->256K(2560K)] 11150K->9134K(13824K), 0.0011042 secs] [Times: user=0.00 sys=0.00, real=0.00 secs] 
2015-04-14T21:02:14.704-0100: 3625.549: Total time for which application threads were stopped: 0.0013018 seconds, Stopping threads took: 0.0000240 seconds
2015-04-14T21:02:15.703-0100: 3626.548: [GC (Allocation Failure) 
Desired survivor size 524288 bytes, new threshold 1 (max 15)
[PSYoungGen: 2304K->288K(2560K)] 11182K->9182K(13824K), 0.0010672 secs] [Times: user=0.00 sys=0.00, real=0.00 secs] 
2015-04-14T21:02:15.705-0100: 3626.549: Total time for which application threads were stopped: 0.0012743 seconds, Stopping threads took: 0.0000243 seconds
2015-04-14T21:02:16.725-0100: 3627.570: [GC (Allocation Failure) 
Desired survivor size 524288 bytes, new threshold 1 (max 15)
[PSYoungGen: 2336K->256K(2560K)] 11230K->9174K(13824K), 0.0011009 secs] [Times: user=0.01 sys=0.00, real=0.00 secs] 
2015-04-14T21:02:16.727-0100: 3627.571: Total time for which application threads were stopped: 0.0012972 seconds, Stopping threads took: 0.0000220 seconds
2015-04-14T21:02:17.760-0100: 3628.605: [GC (Allocation Failure) 
Desired survivor size 524288 bytes, new threshold 1 (max 15)
[PSYoungGen: 2304K->256K(2560K)] 11222K->9206K(13824K), 0.0009446 secs] [Times: user=0.00 sys=0.00, real=0.00 secs] 
2015-04-14T21:02:17.761-0100: 3628.606: Total time for which application threads were stopped: 0.0011094 seconds, Stopping threads took: 0.0000208 seconds
2015-04-14T21:02:18.763-0100: 3629.608: [GC (Allocation Failure) 
Desired survivor size 524288 bytes, new threshold 1 (max 15)
[PSYoungGen: 2304K->288K(2560K)] 11254K->9270K(13824K), 0.0010321 secs] [Times: user=0.00 sys=0.00, real=0.00 secs] 
2015-04-14T21:02:18.764-0100: 3629.609: Total time for which application threads were stopped: 0.0012562 seconds, Stopping threads took: 0.0000245 seconds
2015-04-14T21:02:19.734-0100: 3630.579: [GC (Allocation Failure) 
Desired survivor size 524288 bytes, new threshold 1 (max 15)
[PSYoungGen: 2336K->256K(2560K)] 11318K->9270K(13824K), 0.0007869 secs] [Times: user=0.00 sys=0.00, real=0.00 secs] 
2015-04-14T21:02:19.735-0100: 3630.579: Total time for which application threads were stopped: 0.0009452 seconds, Stopping threads took: 0.0000173 seconds
2015-04-14T21:02:20.738-0100: 3631.582: [GC (Allocation Failure) 
Desired survivor size 524288 bytes, new threshold 1 (max 15)
[PSYoungGen: 2304K->256K(2560K)] 11318K->9302K(13824K), 0.0009988 secs] [Times: user=0.00 sys=0.00, real=0.00 secs] 
2015-04-14T21:02:20.739-0100: 3631.583: Total time for which application threads were stopped: 0.0011899 seconds, Stopping threads took: 0.0000188 seconds
2015-04-14T21:02:21.758-0100: 3632.603: [GC (Allocation Failure) 
Desired survivor size 524288 bytes, new threshold 1 (max 15)
[PSYoungGen: 2304K->256K(2560K)] 11350K->9334K(13824K), 0.0009940 secs] [Times: user=0.00 sys=0.00, real=0.01 secs] 
2015-04-14T21:02:21.760-0100: 3632.604: Total time for which application threads were stopped: 0.0012052 seconds, Stopping threads took: 0.0000229 seconds
2015-04-14T21:02:22.843-0100: 3633.687: [GC (Allocation Failure) 
Desired survivor size 524288 bytes, new threshold 1 (max 15)
[PSYoungGen: 2304K->288K(2560K)] 11382K->9406K(13824K), 0.0011746 secs] [Times: user=0.00 sys=0.00, real=0.00 secs] 
2015-04-14T21:02:22.844-0100: 3633.689: Total time for which application threads were stopped: 0.0013914 seconds, Stopping threads took: 0.0000252 seconds
2015-04-14T21:02:23.815-0100: 3634.660: [GC (Allocation Failure) 
Desired survivor size 524288 bytes, new threshold 1 (max 15)
[PSYoungGen: 2336K->256K(2560K)] 11454K->9406K(13824K), 0.0010911 secs] [Times: user=0.00 sys=0.00, real=0.00 secs] 
2015-04-14T21:02:23.816-0100: 3634.661: Total time for which application threads were stopped: 0.0012744 seconds, Stopping threads took: 0.0000221 seconds
2015-04-14T21:02:24.835-0100: 3635.680: [GC (Allocation Failure) 
Desired survivor size 524288 bytes, new threshold 1 (max 15)
[PSYoungGen: 2304K->288K(2560K)] 11454K->9462K(13824K), 0.0010820 secs] [Times: user=0.00 sys=0.00, real=0.00 secs] 
2015-04-14T21:02:24.836-0100: 3635.681: Total time for which application threads were stopped: 0.0012791 seconds, Stopping threads took: 0.0000224 seconds
2015-04-14T21:02:25.854-0100: 3636.699: [GC (Allocation Failure) 
Desired survivor size 524288 bytes, new threshold 1 (max 15)
[PSYoungGen: 2336K->256K(2560K)] 11510K->9462K(13824K), 0.0010541 secs] [Times: user=0.00 sys=0.00, real=0.00 secs] 
2015-04-14T21:02:25.855-0100: 3636.700: Total time for which application threads were stopped: 0.0012455 seconds, Stopping threads took: 0.0000212 seconds
2015-04-14T21:02:26.889-0100: 3637.733: [GC (Allocation Failure) 
Desired survivor size 524288 bytes, new threshold 1 (max 15)
[PSYoungGen: 2304K->256K(2560K)] 11510K->9486K(13824K), 0.0010830 secs] [Times: user=0.00 sys=0.00, real=0.01 secs] 
2015-04-14T21:02:26.890-0100: 3637.734: Total time for which application threads were stopped: 0.0013019 seconds, Stopping threads took: 0.0000266 seconds
2015-04-14T21:02:27.894-0100: 3638.739: [GC (Allocation Failure) 
Desired survivor size 524288 bytes, new threshold 1 (max 15)
[PSYoungGen: 2304K->288K(2560K)] 11534K->9542K(13824K), 0.0010171 secs] [Times: user=0.00 sys=0.00, real=0.00 secs] 
2015-04-14T21:02:27.896-0100: 3638.740: Total time for which application threads were stopped: 0.0011940 seconds, Stopping threads took: 0.0000208 seconds
2015-04-14T21:02:28.965-0100: 3639.809: [GC (Allocation Failure) 
Desired survivor size 524288 bytes, new threshold 1 (max 15)
[PSYoungGen: 2336K->256K(2560K)] 11590K->9542K(13824K), 0.0010524 secs] [Times: user=0.00 sys=0.00, real=0.00 secs] 
2015-04-14T21:02:28.966-0100: 3639.811: Total time for which application threads were stopped: 0.0012313 seconds, Stopping threads took: 0.0000203 seconds
2015-04-14T21:02:29.981-0100: 3640.825: [GC (Allocation Failure) 
Desired survivor size 524288 bytes, new threshold 1 (max 15)
[PSYoungGen: 2304K->256K(2560K)] 11590K->9574K(13824K), 0.0009564 secs] [Times: user=0.00 sys=0.00, real=0.00 secs] 
2015-04-14T21:02:29.982-0100: 3640.826: Total time for which application threads were stopped: 0.0011476 seconds, Stopping threads took: 0.0000237 seconds
2015-04-14T21:02:30.988-0100: 3641.833: [GC (Allocation Failure) 
Desired survivor size 524288 bytes, new threshold 1 (max 15)
[PSYoungGen: 2304K->256K(2560K)] 11622K->9614K(13824K), 0.0010775 secs] [Times: user=0.00 sys=0.00, real=0.00 secs] 
2015-04-14T21:02:30.989-0100: 3641.834: Total time for which application threads were stopped: 0.0012780 seconds, Stopping threads took: 0.0000211 seconds
2015-04-14T21:02:31.974-0100: 3642.819: [GC (Allocation Failure) 
Desired survivor size 524288 bytes, new threshold 1 (max 15)
[PSYoungGen: 2304K->256K(2560K)] 11662K->9646K(13824K), 0.0010688 secs] [Times: user=0.01 sys=0.00, real=0.00 secs] 
2015-04-14T21:02:31.975-0100: 3642.820: Total time for which application threads were stopped: 0.0012756 seconds, Stopping threads took: 0.0000210 seconds
2015-04-14T21:02:33.009-0100: 3643.854: [GC (Allocation Failure) 
Desired survivor size 524288 bytes, new threshold 1 (max 15)
[PSYoungGen: 2304K->256K(2560K)] 11694K->9678K(13824K), 0.0010219 secs] [Times: user=0.01 sys=0.00, real=0.01 secs] 
2015-04-14T21:02:33.010-0100: 3643.855: Total time for which application threads were stopped: 0.0012121 seconds, Stopping threads took: 0.0000191 seconds
2015-04-14T21:02:34.061-0100: 3644.906: [GC (Allocation Failure) 
Desired survivor size 524288 bytes, new threshold 1 (max 15)
[PSYoungGen: 2304K->288K(2560K)] 11726K->9742K(13824K), 0.0010786 secs] [Times: user=0.00 sys=0.00, real=0.00 secs] 
2015-04-14T21:02:34.062-0100: 3644.907: Total time for which application threads were stopped: 0.0012713 seconds, Stopping threads took: 0.0000249 seconds
2015-04-14T21:02:35.101-0100: 3645.946: [GC (Allocation Failure) 
Desired survivor size 524288 bytes, new threshold 1 (max 15)
[PSYoungGen: 2336K->256K(2560K)] 11790K->9750K(13824K), 0.0010415 secs] [Times: user=0.00 sys=0.00, real=0.00 secs] 
2015-04-14T21:02:35.102-0100: 3645.947: Total time for which application threads were stopped: 0.0012771 seconds, Stopping threads took: 0.0000233 seconds
2015-04-14T21:02:36.137-0100: 3646.982: [GC (Allocation Failure) 
Desired survivor size 524288 bytes, new threshold 1 (max 15)
[PSYoungGen: 2304K->256K(2560K)] 11798K->9790K(13824K), 0.0011226 secs] [Times: user=0.01 sys=0.01, real=0.00 secs] 
2015-04-14T21:02:36.138-0100: 3646.983: Total time for which application threads were stopped: 0.0013242 seconds, Stopping threads took: 0.0000226 seconds
2015-04-14T21:02:37.205-0100: 3648.049: [GC (Allocation Failure) 
Desired survivor size 524288 bytes, new threshold 1 (max 15)
[PSYoungGen: 2304K->288K(2560K)] 11838K->9846K(13824K), 0.0011273 secs] [Times: user=0.01 sys=0.00, real=0.00 secs] 
2015-04-14T21:02:37.206-0100: 3648.051: Total time for which application threads were stopped: 0.0013527 seconds, Stopping threads took: 0.0000251 seconds
2015-04-14T21:02:38.176-0100: 3649.021: [GC (Allocation Failure) 
Desired survivor size 524288 bytes, new threshold 1 (max 15)
[PSYoungGen: 2336K->256K(2560K)] 11894K->9846K(13824K), 0.0010605 secs] [Times: user=0.00 sys=0.00, real=0.00 secs] 
2015-04-14T21:02:38.177-0100: 3649.022: Total time for which application threads were stopped: 0.0012696 seconds, Stopping threads took: 0.0000243 seconds
2015-04-14T21:02:39.247-0100: 3650.092: [GC (Allocation Failure) 
Desired survivor size 524288 bytes, new threshold 1 (max 15)
[PSYoungGen: 2304K->256K(2560K)] 11894K->9878K(13824K), 0.0011750 secs] [Times: user=0.00 sys=0.00, real=0.00 secs] 
2015-04-14T21:02:39.248-0100: 3650.093: Total time for which application threads were stopped: 0.0013719 seconds, Stopping threads took: 0.0000253 seconds
2015-04-14T21:02:40.233-0100: 3651.077: [GC (Allocation Failure) 
Desired survivor size 524288 bytes, new threshold 1 (max 15)
[PSYoungGen: 2304K->256K(2560K)] 11926K->9910K(13824K), 0.0010788 secs] [Times: user=0.01 sys=0.00, real=0.00 secs] 
2015-04-14T21:02:40.234-0100: 3651.079: Total time for which application threads were stopped: 0.0012824 seconds, Stopping threads took: 0.0000231 seconds
2015-04-14T21:02:41.170-0100: 3652.015: [GC (Allocation Failure) 
Desired survivor size 524288 bytes, new threshold 1 (max 15)
[PSYoungGen: 2304K->256K(2560K)] 11958K->9950K(13824K), 0.0010801 secs] [Times: user=0.00 sys=0.00, real=0.00 secs] 
2015-04-14T21:02:41.171-0100: 3652.016: Total time for which application threads were stopped: 0.0012796 seconds, Stopping threads took: 0.0000217 seconds
2015-04-14T21:02:42.088-0100: 3652.933: [GC (Allocation Failure) 
Desired survivor size 524288 bytes, new threshold 1 (max 15)
[PSYoungGen: 2304K->256K(2560K)] 11998K->9974K(13824K), 0.0010898 secs] [Times: user=0.01 sys=0.00, real=0.00 secs] 
2015-04-14T21:02:42.089-0100: 3652.934: Total time for which application threads were stopped: 0.0012810 seconds, Stopping threads took: 0.0000214 seconds
2015-04-14T21:02:42.976-0100: 3653.821: [GC (Allocation Failure) 
Desired survivor size 524288 bytes, new threshold 1 (max 15)
[PSYoungGen: 2304K->288K(2560K)] 12022K->10038K(13824K), 0.0010637 secs] [Times: user=0.01 sys=0.00, real=0.00 secs] 
2015-04-14T21:02:42.977-0100: 3653.822: Total time for which application threads were stopped: 0.0012708 seconds, Stopping threads took: 0.0000233 seconds
2015-04-14T21:02:43.827-0100: 3654.672: [GC (Allocation Failure) 
Desired survivor size 524288 bytes, new threshold 1 (max 15)
[PSYoungGen: 2336K->256K(2560K)] 12086K->10038K(13824K), 0.0010281 secs] [Times: user=0.01 sys=0.00, real=0.00 secs] 
2015-04-14T21:02:43.829-0100: 3654.674: Total time for which application threads were stopped: 0.0012222 seconds, Stopping threads took: 0.0000228 seconds
2015-04-14T21:02:44.728-0100: 3655.573: [GC (Allocation Failure) 
Desired survivor size 524288 bytes, new threshold 1 (max 15)
[PSYoungGen: 2304K->288K(2560K)] 12086K->10094K(13824K), 0.0010294 secs] [Times: user=0.01 sys=0.00, real=0.00 secs] 
2015-04-14T21:02:44.729-0100: 3655.574: Total time for which application threads were stopped: 0.0012568 seconds, Stopping threads took: 0.0000194 seconds
2015-04-14T21:02:45.584-0100: 3656.430: [GC (Allocation Failure) 
Desired survivor size 524288 bytes, new threshold 1 (max 15)
[PSYoungGen: 2336K->256K(2560K)] 12142K->10086K(13824K), 0.0010686 secs] [Times: user=0.00 sys=0.00, real=0.00 secs] 
2015-04-14T21:02:45.586-0100: 3656.431: Total time for which application threads were stopped: 0.0012731 seconds, Stopping threads took: 0.0000240 seconds
2015-04-14T21:02:46.420-0100: 3657.265: [GC (Allocation Failure) 
Desired survivor size 524288 bytes, new threshold 1 (max 15)
[PSYoungGen: 2304K->288K(2560K)] 12134K->10150K(13824K), 0.0010708 secs] [Times: user=0.00 sys=0.00, real=0.00 secs] 
2015-04-14T21:02:46.421-0100: 3657.266: Total time for which application threads were stopped: 0.0012632 seconds, Stopping threads took: 0.0000239 seconds
2015-04-14T21:02:47.253-0100: 3658.098: [GC (Allocation Failure) 
Desired survivor size 524288 bytes, new threshold 1 (max 15)
[PSYoungGen: 2336K->256K(2560K)] 12198K->10150K(13824K), 0.0009571 secs] [Times: user=0.00 sys=0.00, real=0.00 secs] 
2015-04-14T21:02:47.254-0100: 3658.099: Total time for which application threads were stopped: 0.0011404 seconds, Stopping threads took: 0.0000194 seconds
2015-04-14T21:02:48.206-0100: 3659.051: [GC (Allocation Failure) 
Desired survivor size 524288 bytes, new threshold 1 (max 15)
[PSYoungGen: 2304K->256K(2560K)] 12198K->10190K(13824K), 0.0010256 secs] [Times: user=0.00 sys=0.00, real=0.00 secs] 
2015-04-14T21:02:48.207-0100: 3659.052: Total time for which application threads were stopped: 0.0012200 seconds, Stopping threads took: 0.0000232 seconds
2015-04-14T21:02:49.126-0100: 3659.971: [GC (Allocation Failure) 
Desired survivor size 524288 bytes, new threshold 1 (max 15)
[PSYoungGen: 2304K->288K(2560K)] 12238K->10254K(13824K), 0.0011124 secs] [Times: user=0.00 sys=0.00, real=0.00 secs] 
2015-04-14T21:02:49.128-0100: 3659.973: Total time for which application threads were stopped: 0.0013038 seconds, Stopping threads took: 0.0000209 seconds
2015-04-14T21:02:50.112-0100: 3660.957: [GC (Allocation Failure) 
Desired survivor size 524288 bytes, new threshold 1 (max 15)
[PSYoungGen: 2336K->288K(2560K)] 12302K->10302K(13824K), 0.0010641 secs] [Times: user=0.00 sys=0.00, real=0.00 secs] 
2015-04-14T21:02:50.113-0100: 3660.958: Total time for which application threads were stopped: 0.0012757 seconds, Stopping threads took: 0.0000274 seconds
2015-04-14T21:02:51.165-0100: 3662.011: [GC (Allocation Failure) 
Desired survivor size 524288 bytes, new threshold 1 (max 15)
[PSYoungGen: 2336K->288K(2560K)] 12350K->10310K(13824K), 0.0010957 secs] [Times: user=0.01 sys=0.00, real=0.00 secs] 
2015-04-14T21:02:51.167-0100: 3662.012: Total time for which application threads were stopped: 0.0012864 seconds, Stopping threads took: 0.0000219 seconds
2015-04-14T21:02:52.151-0100: 3662.996: [GC (Allocation Failure) 
Desired survivor size 524288 bytes, new threshold 1 (max 15)
[PSYoungGen: 2336K->256K(2560K)] 12358K->10318K(13824K), 0.0011011 secs] [Times: user=0.00 sys=0.00, real=0.00 secs] 
2015-04-14T21:02:52.153-0100: 3662.998: Total time for which application threads were stopped: 0.0013251 seconds, Stopping threads took: 0.0000268 seconds
2015-04-14T21:02:53.155-0100: 3664.000: [GC (Allocation Failure) 
Desired survivor size 524288 bytes, new threshold 1 (max 15)
[PSYoungGen: 2304K->192K(2560K)] 12366K->10278K(13824K), 0.0010277 secs] [Times: user=0.01 sys=0.00, real=0.00 secs] 
2015-04-14T21:02:53.156-0100: 3664.001: Total time for which application threads were stopped: 0.0012515 seconds, Stopping threads took: 0.0000270 seconds
2015-04-14T21:02:54.160-0100: 3665.005: [GC (Allocation Failure) 
Desired survivor size 524288 bytes, new threshold 1 (max 15)
[PSYoungGen: 2240K->256K(2560K)] 12326K->10374K(13824K), 0.0010919 secs] [Times: user=0.01 sys=0.00, real=0.00 secs] 
2015-04-14T21:02:54.161-0100: 3665.006: Total time for which application threads were stopped: 0.0012779 seconds, Stopping threads took: 0.0000245 seconds
2015-04-14T21:02:55.261-0100: 3666.106: [GC (Allocation Failure) 
Desired survivor size 524288 bytes, new threshold 1 (max 15)
[PSYoungGen: 2304K->256K(2560K)] 12422K->10406K(13824K), 0.0010960 secs] [Times: user=0.01 sys=0.00, real=0.00 secs] 
2015-04-14T21:02:55.262-0100: 3666.107: Total time for which application threads were stopped: 0.0013073 seconds, Stopping threads took: 0.0000256 seconds
2015-04-14T21:02:56.283-0100: 3667.128: [GC (Allocation Failure) 
Desired survivor size 524288 bytes, new threshold 1 (max 15)
[PSYoungGen: 2304K->224K(2560K)] 12454K->10398K(13824K), 0.0010648 secs] [Times: user=0.00 sys=0.00, real=0.00 secs] 
2015-04-14T21:02:56.284-0100: 3667.129: Total time for which application threads were stopped: 0.0012526 seconds, Stopping threads took: 0.0000174 seconds
2015-04-14T21:02:57.287-0100: 3668.133: [GC (Allocation Failure) 
Desired survivor size 524288 bytes, new threshold 1 (max 15)
[PSYoungGen: 2272K->256K(2560K)] 12446K->10462K(13824K), 0.0009954 secs] [Times: user=0.00 sys=0.00, real=0.00 secs] 
2015-04-14T21:02:57.288-0100: 3668.134: Total time for which application threads were stopped: 0.0011829 seconds, Stopping threads took: 0.0000203 seconds
2015-04-14T21:02:58.307-0100: 3669.152: [GC (Allocation Failure) 
Desired survivor size 524288 bytes, new threshold 1 (max 15)
[PSYoungGen: 2304K->256K(2560K)] 12510K->10502K(13824K), 0.0010394 secs] [Times: user=0.01 sys=0.00, real=0.00 secs] 
2015-04-14T21:02:58.308-0100: 3669.153: Total time for which application threads were stopped: 0.0012439 seconds, Stopping threads took: 0.0000213 seconds
2015-04-14T21:02:59.307-0100: 3670.152: [GC (Allocation Failure) 
Desired survivor size 524288 bytes, new threshold 1 (max 15)
[PSYoungGen: 2304K->256K(2560K)] 12550K->10534K(13824K), 0.0010795 secs] [Times: user=0.01 sys=0.00, real=0.00 secs] 
2015-04-14T21:02:59.308-0100: 3670.153: Total time for which application threads were stopped: 0.0012843 seconds, Stopping threads took: 0.0000249 seconds
2015-04-14T21:03:00.177-0100: 3671.022: [GC (Allocation Failure) 
Desired survivor size 524288 bytes, new threshold 1 (max 15)
[PSYoungGen: 2304K->288K(2560K)] 12582K->10614K(13824K), 0.0011312 secs] [Times: user=0.01 sys=0.00, real=0.00 secs] 
2015-04-14T21:03:00.178-0100: 3671.023: Total time for which application threads were stopped: 0.0013463 seconds, Stopping threads took: 0.0000215 seconds
2015-04-14T21:03:01.196-0100: 3672.041: [GC (Allocation Failure) 
Desired survivor size 524288 bytes, new threshold 1 (max 15)
[PSYoungGen: 2336K->288K(2560K)] 12662K->10646K(13824K), 0.0010066 secs] [Times: user=0.01 sys=0.00, real=0.00 secs] 
2015-04-14T21:03:01.197-0100: 3672.042: Total time for which application threads were stopped: 0.0011979 seconds, Stopping threads took: 0.0000206 seconds
2015-04-14T21:03:02.301-0100: 3673.146: [GC (Allocation Failure) 
Desired survivor size 524288 bytes, new threshold 1 (max 15)
[PSYoungGen: 2336K->256K(2560K)] 12694K->10630K(13824K), 0.0010713 secs] [Times: user=0.01 sys=0.00, real=0.00 secs] 
2015-04-14T21:03:02.302-0100: 3673.147: Total time for which application threads were stopped: 0.0012588 seconds, Stopping threads took: 0.0000217 seconds
2015-04-14T21:03:03.320-0100: 3674.166: [GC (Allocation Failure) 
Desired survivor size 524288 bytes, new threshold 1 (max 15)
[PSYoungGen: 2304K->256K(2560K)] 12678K->10646K(13824K), 0.0010546 secs] [Times: user=0.00 sys=0.00, real=0.00 secs] 
2015-04-14T21:03:03.322-0100: 3674.167: Total time for which application threads were stopped: 0.0012405 seconds, Stopping threads took: 0.0000195 seconds
2015-04-14T21:03:04.344-0100: 3675.190: [GC (Allocation Failure) 
Desired survivor size 524288 bytes, new threshold 1 (max 15)
[PSYoungGen: 2304K->288K(2560K)] 12694K->10702K(13824K), 0.0009360 secs] [Times: user=0.00 sys=0.00, real=0.00 secs] 
2015-04-14T21:03:04.345-0100: 3675.191: Total time for which application threads were stopped: 0.0011001 seconds, Stopping threads took: 0.0000201 seconds
2015-04-14T21:03:05.377-0100: 3676.223: [GC (Allocation Failure) 
Desired survivor size 524288 bytes, new threshold 1 (max 15)
[PSYoungGen: 2336K->288K(2560K)] 12750K->10734K(13824K), 0.0011025 secs] [Times: user=0.00 sys=0.00, real=0.00 secs] 
2015-04-14T21:03:05.379-0100: 3676.224: Total time for which application threads were stopped: 0.0012987 seconds, Stopping threads took: 0.0000191 seconds
2015-04-14T21:03:06.397-0100: 3677.243: [GC (Allocation Failure) 
Desired survivor size 524288 bytes, new threshold 1 (max 15)
[PSYoungGen: 2336K->288K(2560K)] 12782K->10766K(13824K), 0.0010388 secs] [Times: user=0.00 sys=0.00, real=0.00 secs] 
2015-04-14T21:03:06.399-0100: 3677.244: Total time for which application threads were stopped: 0.0012280 seconds, Stopping threads took: 0.0000221 seconds
2015-04-14T21:03:07.432-0100: 3678.278: [GC (Allocation Failure) 
Desired survivor size 524288 bytes, new threshold 1 (max 15)
[PSYoungGen: 2336K->256K(2560K)] 12814K->10766K(13824K), 0.0009130 secs] [Times: user=0.01 sys=0.00, real=0.00 secs] 
2015-04-14T21:03:07.433-0100: 3678.279: Total time for which application threads were stopped: 0.0010780 seconds, Stopping threads took: 0.0000180 seconds
2015-04-14T21:03:08.421-0100: 3679.266: [GC (Allocation Failure) 
Desired survivor size 524288 bytes, new threshold 1 (max 15)
[PSYoungGen: 2304K->288K(2560K)] 12814K->10830K(13824K), 0.0010334 secs] [Times: user=0.00 sys=0.00, real=0.00 secs] 
2015-04-14T21:03:08.422-0100: 3679.267: Total time for which application threads were stopped: 0.0012279 seconds, Stopping threads took: 0.0000235 seconds
2015-04-14T21:03:09.425-0100: 3680.271: [GC (Allocation Failure) 
Desired survivor size 524288 bytes, new threshold 1 (max 15)
[PSYoungGen: 2336K->256K(2560K)] 12878K->10822K(13824K), 0.0010808 secs] [Times: user=0.00 sys=0.00, real=0.00 secs] 
2015-04-14T21:03:09.426-0100: 3680.272: Total time for which application threads were stopped: 0.0012680 seconds, Stopping threads took: 0.0000242 seconds
2015-04-14T21:03:10.444-0100: 3681.290: [GC (Allocation Failure) 
Desired survivor size 524288 bytes, new threshold 1 (max 15)
[PSYoungGen: 2304K->256K(2560K)] 12870K->10846K(13824K), 0.0010914 secs] [Times: user=0.00 sys=0.00, real=0.00 secs] 
2015-04-14T21:03:10.446-0100: 3681.291: Total time for which application threads were stopped: 0.0012760 seconds, Stopping threads took: 0.0000209 seconds
2015-04-14T21:03:11.464-0100: 3682.310: [GC (Allocation Failure) 
Desired survivor size 524288 bytes, new threshold 1 (max 15)
[PSYoungGen: 2304K->256K(2560K)] 12894K->10878K(13824K), 0.0011365 secs] [Times: user=0.01 sys=0.00, real=0.00 secs] 
2015-04-14T21:03:11.465-0100: 3682.311: Total time for which application threads were stopped: 0.0013331 seconds, Stopping threads took: 0.0000227 seconds
2015-04-14T21:03:12.500-0100: 3683.346: [GC (Allocation Failure) 
Desired survivor size 524288 bytes, new threshold 1 (max 15)
[PSYoungGen: 2304K->288K(2560K)] 12926K->10942K(13824K), 0.0010463 secs] [Times: user=0.01 sys=0.00, real=0.00 secs] 
2015-04-14T21:03:12.502-0100: 3683.347: Total time for which application threads were stopped: 0.0012407 seconds, Stopping threads took: 0.0000224 seconds
2015-04-14T21:03:13.521-0100: 3684.366: [GC (Allocation Failure) 
Desired survivor size 524288 bytes, new threshold 1 (max 15)
[PSYoungGen: 2336K->288K(2560K)] 12990K->10974K(13824K), 0.0010132 secs] [Times: user=0.00 sys=0.00, real=0.00 secs] 
2015-04-14T21:03:13.522-0100: 3684.367: Total time for which application threads were stopped: 0.0012061 seconds, Stopping threads took: 0.0000212 seconds
2015-04-14T21:03:14.539-0100: 3685.384: [GC (Allocation Failure) 
Desired survivor size 524288 bytes, new threshold 1 (max 15)
[PSYoungGen: 2336K->256K(2560K)] 13022K->10982K(13824K), 0.0010595 secs] [Times: user=0.00 sys=0.00, real=0.01 secs] 
2015-04-14T21:03:14.540-0100: 3685.385: Total time for which application threads were stopped: 0.0012632 seconds, Stopping threads took: 0.0000235 seconds
2015-04-14T21:03:15.543-0100: 3686.389: [GC (Allocation Failure) 
Desired survivor size 524288 bytes, new threshold 1 (max 15)
[PSYoungGen: 2304K->288K(2560K)] 13030K->11030K(13824K), 0.0011701 secs] [Times: user=0.01 sys=0.00, real=0.00 secs] 
2015-04-14T21:03:15.545-0100: 3686.390: Total time for which application threads were stopped: 0.0013913 seconds, Stopping threads took: 0.0000214 seconds
2015-04-14T21:03:16.677-0100: 3687.523: [GC (Allocation Failure) 
Desired survivor size 524288 bytes, new threshold 1 (max 15)
[PSYoungGen: 2336K->256K(2560K)] 13078K->11030K(13824K), 0.0010223 secs] [Times: user=0.00 sys=0.00, real=0.00 secs] 
2015-04-14T21:03:16.679-0100: 3687.524: Total time for which application threads were stopped: 0.0012321 seconds, Stopping threads took: 0.0000340 seconds
2015-04-14T21:03:17.685-0100: 3688.531: [GC (Allocation Failure) 
Desired survivor size 524288 bytes, new threshold 1 (max 15)
[PSYoungGen: 2304K->288K(2560K)] 13078K->11094K(13824K), 0.0010259 secs] [Times: user=0.00 sys=0.00, real=0.00 secs] 
2015-04-14T21:03:17.686-0100: 3688.532: Total time for which application threads were stopped: 0.0012198 seconds, Stopping threads took: 0.0000215 seconds
2015-04-14T21:03:18.702-0100: 3689.547: [GC (Allocation Failure) 
Desired survivor size 524288 bytes, new threshold 1 (max 15)
[PSYoungGen: 2336K->288K(2560K)] 13142K->11118K(13824K), 0.0011143 secs] [Times: user=0.00 sys=0.00, real=0.00 secs] 
2015-04-14T21:03:18.703-0100: 3689.548: Total time for which application threads were stopped: 0.0013375 seconds, Stopping threads took: 0.0000255 seconds
2015-04-14T21:03:19.725-0100: 3690.570: [GC (Allocation Failure) 
Desired survivor size 524288 bytes, new threshold 1 (max 15)
[PSYoungGen: 2336K->256K(2560K)] 13166K->11118K(13824K), 0.0010443 secs] [Times: user=0.00 sys=0.00, real=0.00 secs] 
2015-04-14T21:03:19.726-0100: 3690.571: Total time for which application threads were stopped: 0.0012314 seconds, Stopping threads took: 0.0000235 seconds
2015-04-14T21:03:20.760-0100: 3691.605: [GC (Allocation Failure) 
Desired survivor size 524288 bytes, new threshold 1 (max 15)
[PSYoungGen: 2304K->256K(2560K)] 13166K->11150K(13824K), 0.0009071 secs] [Times: user=0.01 sys=0.00, real=0.00 secs] 
2015-04-14T21:03:20.761-0100: 3691.606: Total time for which application threads were stopped: 0.0010767 seconds, Stopping threads took: 0.0000199 seconds
2015-04-14T21:03:21.779-0100: 3692.625: [GC (Allocation Failure) 
Desired survivor size 524288 bytes, new threshold 1 (max 15)
[PSYoungGen: 2304K->256K(2560K)] 13198K->11174K(13824K), 0.0010796 secs] [Times: user=0.01 sys=0.00, real=0.01 secs] 
2015-04-14T21:03:21.780-0100: 3692.626: Total time for which application threads were stopped: 0.0012844 seconds, Stopping threads took: 0.0000227 seconds
2015-04-14T21:03:22.805-0100: 3693.650: [GC (Allocation Failure) 
Desired survivor size 524288 bytes, new threshold 1 (max 15)
[PSYoungGen: 2304K->256K(2560K)] 13222K->11206K(13824K), 0.0010448 secs] [Times: user=0.00 sys=0.00, real=0.00 secs] 
2015-04-14T21:03:22.806-0100: 3693.651: Total time for which application threads were stopped: 0.0012584 seconds, Stopping threads took: 0.0000245 seconds
2015-04-14T21:03:23.819-0100: 3694.664: [GC (Allocation Failure) 
Desired survivor size 524288 bytes, new threshold 1 (max 15)
[PSYoungGen: 2304K->256K(2560K)] 13254K->11238K(13824K), 0.0008962 secs] [Times: user=0.01 sys=0.00, real=0.01 secs] 
2015-04-14T21:03:23.820-0100: 3694.665: Total time for which application threads were stopped: 0.0010706 seconds, Stopping threads took: 0.0000206 seconds
2015-04-14T21:03:24.821-0100: 3695.667: [GC (Allocation Failure) 
Desired survivor size 524288 bytes, new threshold 1 (max 15)
[PSYoungGen: 2304K->224K(2560K)] 13286K->11222K(13824K), 0.0009306 secs] [Times: user=0.00 sys=0.00, real=0.00 secs] 
2015-04-14T21:03:24.822-0100: 3695.668: Total time for which application threads were stopped: 0.0010986 seconds, Stopping threads took: 0.0000200 seconds
2015-04-14T21:03:25.874-0100: 3696.719: [GC (Allocation Failure) 
Desired survivor size 524288 bytes, new threshold 1 (max 15)
[PSYoungGen: 2272K->256K(2560K)] 13270K->11270K(13824K), 0.0008800 secs] [Times: user=0.00 sys=0.00, real=0.00 secs] 
2015-04-14T21:03:25.875-0100: 3696.720: Total time for which application threads were stopped: 0.0010689 seconds, Stopping threads took: 0.0000209 seconds
2015-04-14T21:03:26.947-0100: 3697.793: [GC (Allocation Failure) 
Desired survivor size 524288 bytes, new threshold 1 (max 15)
[PSYoungGen: 2304K->256K(2560K)] 13318K->11302K(13824K), 0.0010558 secs] [Times: user=0.01 sys=0.00, real=0.00 secs] 
2015-04-14T21:03:26.948-0100: 3697.794: Total time for which application threads were stopped: 0.0012448 seconds, Stopping threads took: 0.0000202 seconds
2015-04-14T21:03:27.949-0100: 3698.795: [GC (Allocation Failure) 
Desired survivor size 524288 bytes, new threshold 1 (max 15)
[PSYoungGen: 2304K->288K(2560K)] 13350K->11358K(13824K), 0.0010884 secs] [Times: user=0.01 sys=0.00, real=0.01 secs] 
2015-04-14T21:03:27.950-0100: 3698.796: Total time for which application threads were stopped: 0.0012827 seconds, Stopping threads took: 0.0000221 seconds
2015-04-14T21:03:29.017-0100: 3699.863: [GC (Allocation Failure) 
Desired survivor size 524288 bytes, new threshold 1 (max 15)
[PSYoungGen: 2336K->256K(2560K)] 13406K->11358K(13824K), 0.0009906 secs] [Times: user=0.00 sys=0.01, real=0.00 secs] 
2015-04-14T21:03:29.018-0100: 3699.864: Total time for which application threads were stopped: 0.0011799 seconds, Stopping threads took: 0.0000241 seconds
2015-04-14T21:03:30.057-0100: 3700.902: [GC (Allocation Failure) 
Desired survivor size 524288 bytes, new threshold 1 (max 15)
[PSYoungGen: 2304K->256K(2560K)] 13406K->11390K(13824K), 0.0010611 secs] [Times: user=0.01 sys=0.00, real=0.00 secs] 
2015-04-14T21:03:30.058-0100: 3700.903: Total time for which application threads were stopped: 0.0012535 seconds, Stopping threads took: 0.0000234 seconds
2015-04-14T21:03:31.076-0100: 3701.922: [GC (Allocation Failure) 
Desired survivor size 524288 bytes, new threshold 1 (max 15)
[PSYoungGen: 2304K->256K(2560K)] 13438K->11422K(13824K), 0.0010651 secs] [Times: user=0.01 sys=0.01, real=0.00 secs] 
2015-04-14T21:03:31.077-0100: 3701.923: Total time for which application threads were stopped: 0.0012764 seconds, Stopping threads took: 0.0000228 seconds
2015-04-14T21:03:32.079-0100: 3702.925: [GC (Allocation Failure) 
Desired survivor size 524288 bytes, new threshold 1 (max 15)
[PSYoungGen: 2304K->288K(2560K)] 13470K->11486K(13824K), 0.0011657 secs] [Times: user=0.00 sys=0.01, real=0.01 secs] 
2015-04-14T21:03:32.080-0100: 3702.926: Total time for which application threads were stopped: 0.0013760 seconds, Stopping threads took: 0.0000227 seconds
2015-04-14T21:03:33.104-0100: 3703.950: [GC (Allocation Failure) 
Desired survivor size 524288 bytes, new threshold 1 (max 15)
[PSYoungGen: 2336K->256K(2560K)] 13534K->11502K(13824K), 0.0010652 secs] [Times: user=0.00 sys=0.01, real=0.00 secs] 
2015-04-14T21:03:33.105-0100: 3703.951: [Full GC (Ergonomics) [PSYoungGen: 256K->0K(2560K)] [ParOldGen: 11246K->8346K(11264K)] 11502K->8346K(13824K), [Metaspace: 17890K->17890K(1064960K)], 0.0177309 secs] [Times: user=0.06 sys=0.00, real=0.02 secs] 
2015-04-14T21:03:33.123-0100: 3703.969: Total time for which application threads were stopped: 0.0190884 seconds, Stopping threads took: 0.0000245 seconds
2015-04-14T21:03:34.203-0100: 3705.049: [GC (Allocation Failure) 
Desired survivor size 524288 bytes, new threshold 1 (max 15)
[PSYoungGen: 2048K->256K(2560K)] 10394K->8602K(13824K), 0.0010556 secs] [Times: user=0.01 sys=0.00, real=0.00 secs] 
2015-04-14T21:03:34.204-0100: 3705.050: Total time for which application threads were stopped: 0.0012602 seconds, Stopping threads took: 0.0000226 seconds
2015-04-14T21:03:35.239-0100: 3706.084: [GC (Allocation Failure) 
Desired survivor size 524288 bytes, new threshold 1 (max 15)
[PSYoungGen: 2304K->224K(2560K)] 10650K->8610K(13824K), 0.0010175 secs] [Times: user=0.00 sys=0.00, real=0.01 secs] 
2015-04-14T21:03:35.240-0100: 3706.086: Total time for which application threads were stopped: 0.0011942 seconds, Stopping threads took: 0.0000180 seconds
2015-04-14T21:03:36.241-0100: 3707.087: [GC (Allocation Failure) 
Desired survivor size 524288 bytes, new threshold 1 (max 15)
[PSYoungGen: 2272K->256K(2560K)] 10658K->8682K(13824K), 0.0011087 secs] [Times: user=0.00 sys=0.00, real=0.00 secs] 
2015-04-14T21:03:36.242-0100: 3707.088: Total time for which application threads were stopped: 0.0012978 seconds, Stopping threads took: 0.0000224 seconds
2015-04-14T21:03:37.245-0100: 3708.091: [GC (Allocation Failure) 
Desired survivor size 524288 bytes, new threshold 1 (max 15)
[PSYoungGen: 2304K->288K(2560K)] 10730K->8746K(13824K), 0.0009931 secs] [Times: user=0.00 sys=0.00, real=0.00 secs] 
2015-04-14T21:03:37.246-0100: 3708.092: Total time for which application threads were stopped: 0.0011776 seconds, Stopping threads took: 0.0000175 seconds
2015-04-14T21:03:38.246-0100: 3709.092: [GC (Allocation Failure) 
Desired survivor size 524288 bytes, new threshold 1 (max 15)
[PSYoungGen: 2336K->288K(2560K)] 10794K->8770K(13824K), 0.0011274 secs] [Times: user=0.00 sys=0.00, real=0.00 secs] 
2015-04-14T21:03:38.248-0100: 3709.094: Total time for which application threads were stopped: 0.0013133 seconds, Stopping threads took: 0.0000211 seconds
2015-04-14T21:03:39.233-0100: 3710.079: [GC (Allocation Failure) 
Desired survivor size 524288 bytes, new threshold 1 (max 15)
[PSYoungGen: 2336K->256K(2560K)] 10818K->8762K(13824K), 0.0010453 secs] [Times: user=0.00 sys=0.00, real=0.00 secs] 
2015-04-14T21:03:39.234-0100: 3710.080: Total time for which application threads were stopped: 0.0013676 seconds, Stopping threads took: 0.0000367 seconds
2015-04-14T21:03:40.220-0100: 3711.066: [GC (Allocation Failure) 
Desired survivor size 524288 bytes, new threshold 1 (max 15)
[PSYoungGen: 2304K->256K(2560K)] 10810K->8794K(13824K), 0.0010421 secs] [Times: user=0.00 sys=0.00, real=0.00 secs] 
2015-04-14T21:03:40.222-0100: 3711.068: Total time for which application threads were stopped: 0.0012418 seconds, Stopping threads took: 0.0000226 seconds
2015-04-14T21:03:41.156-0100: 3712.002: [GC (Allocation Failure) 
Desired survivor size 524288 bytes, new threshold 1 (max 15)
[PSYoungGen: 2304K->288K(2560K)] 10842K->8858K(13824K), 0.0009979 secs] [Times: user=0.00 sys=0.00, real=0.00 secs] 
2015-04-14T21:03:41.157-0100: 3712.003: Total time for which application threads were stopped: 0.0011850 seconds, Stopping threads took: 0.0000220 seconds
2015-04-14T21:03:42.059-0100: 3712.905: [GC (Allocation Failure) 
Desired survivor size 524288 bytes, new threshold 1 (max 15)
[PSYoungGen: 2336K->288K(2560K)] 10906K->8890K(13824K), 0.0009895 secs] [Times: user=0.01 sys=0.00, real=0.01 secs] 
2015-04-14T21:03:42.060-0100: 3712.906: Total time for which application threads were stopped: 0.0011778 seconds, Stopping threads took: 0.0000219 seconds
2015-04-14T21:03:42.962-0100: 3713.808: [GC (Allocation Failure) 
Desired survivor size 524288 bytes, new threshold 1 (max 15)
[PSYoungGen: 2336K->224K(2560K)] 10938K->8858K(13824K), 0.0009285 secs] [Times: user=0.00 sys=0.00, real=0.00 secs] 
2015-04-14T21:03:42.963-0100: 3713.809: Total time for which application threads were stopped: 0.0011018 seconds, Stopping threads took: 0.0000194 seconds
2015-04-14T21:03:43.834-0100: 3714.680: [GC (Allocation Failure) 
Desired survivor size 524288 bytes, new threshold 1 (max 15)
[PSYoungGen: 2272K->256K(2560K)] 10906K->8930K(13824K), 0.0009087 secs] [Times: user=0.00 sys=0.00, real=0.00 secs] 
2015-04-14T21:03:43.835-0100: 3714.681: Total time for which application threads were stopped: 0.0010919 seconds, Stopping threads took: 0.0000252 seconds
2015-04-14T21:03:44.769-0100: 3715.615: [GC (Allocation Failure) 
Desired survivor size 524288 bytes, new threshold 1 (max 15)
[PSYoungGen: 2304K->288K(2560K)] 10978K->9002K(13824K), 0.0011108 secs] [Times: user=0.00 sys=0.00, real=0.01 secs] 
2015-04-14T21:03:44.770-0100: 3715.616: Total time for which application threads were stopped: 0.0012996 seconds, Stopping threads took: 0.0000218 seconds
2015-04-14T21:03:45.619-0100: 3716.465: [GC (Allocation Failure) 
Desired survivor size 524288 bytes, new threshold 1 (max 15)
[PSYoungGen: 2336K->256K(2560K)] 11050K->9002K(13824K), 0.0010141 secs] [Times: user=0.01 sys=0.00, real=0.01 secs] 
2015-04-14T21:03:45.620-0100: 3716.466: Total time for which application threads were stopped: 0.0012339 seconds, Stopping threads took: 0.0000211 seconds
2015-04-14T21:03:46.473-0100: 3717.319: [GC (Allocation Failure) 
Desired survivor size 524288 bytes, new threshold 1 (max 15)
[PSYoungGen: 2304K->256K(2560K)] 11050K->9034K(13824K), 0.0009789 secs] [Times: user=0.01 sys=0.00, real=0.00 secs] 
2015-04-14T21:03:46.474-0100: 3717.320: Total time for which application threads were stopped: 0.0011708 seconds, Stopping threads took: 0.0000222 seconds
2015-04-14T21:03:47.295-0100: 3718.141: [GC (Allocation Failure) 
Desired survivor size 524288 bytes, new threshold 1 (max 15)
[PSYoungGen: 2304K->256K(2560K)] 11082K->9058K(13824K), 0.0010943 secs] [Times: user=0.00 sys=0.00, real=0.00 secs] 
2015-04-14T21:03:47.296-0100: 3718.142: Total time for which application threads were stopped: 0.0012944 seconds, Stopping threads took: 0.0000230 seconds
2015-04-14T21:03:48.197-0100: 3719.043: [GC (Allocation Failure) 
Desired survivor size 524288 bytes, new threshold 1 (max 15)
[PSYoungGen: 2304K->288K(2560K)] 11106K->9122K(13824K), 0.0010952 secs] [Times: user=0.01 sys=0.00, real=0.00 secs] 
2015-04-14T21:03:48.198-0100: 3719.044: Total time for which application threads were stopped: 0.0012831 seconds, Stopping threads took: 0.0000220 seconds
2015-04-14T21:03:49.182-0100: 3720.028: [GC (Allocation Failure) 
Desired survivor size 524288 bytes, new threshold 1 (max 15)
[PSYoungGen: 2336K->256K(2560K)] 11170K->9114K(13824K), 0.0010423 secs] [Times: user=0.00 sys=0.00, real=0.00 secs] 
2015-04-14T21:03:49.183-0100: 3720.030: Total time for which application threads were stopped: 0.0012299 seconds, Stopping threads took: 0.0000224 seconds
2015-04-14T21:03:50.100-0100: 3720.946: [GC (Allocation Failure) 
Desired survivor size 524288 bytes, new threshold 1 (max 15)
[PSYoungGen: 2304K->256K(2560K)] 11162K->9154K(13824K), 0.0010504 secs] [Times: user=0.00 sys=0.00, real=0.00 secs] 
2015-04-14T21:03:50.101-0100: 3720.947: Total time for which application threads were stopped: 0.0012580 seconds, Stopping threads took: 0.0000242 seconds
2015-04-14T21:03:51.106-0100: 3721.952: [GC (Allocation Failure) 
Desired survivor size 524288 bytes, new threshold 1 (max 15)
[PSYoungGen: 2304K->288K(2560K)] 11202K->9210K(13824K), 0.0010519 secs] [Times: user=0.01 sys=0.00, real=0.00 secs] 
2015-04-14T21:03:51.107-0100: 3721.953: Total time for which application threads were stopped: 0.0012384 seconds, Stopping threads took: 0.0000204 seconds
2015-04-14T21:03:52.175-0100: 3723.021: [GC (Allocation Failure) 
Desired survivor size 524288 bytes, new threshold 1 (max 15)
[PSYoungGen: 2336K->256K(2560K)] 11258K->9202K(13824K), 0.0010247 secs] [Times: user=0.00 sys=0.00, real=0.00 secs] 
2015-04-14T21:03:52.176-0100: 3723.022: Total time for which application threads were stopped: 0.0012160 seconds, Stopping threads took: 0.0000210 seconds
2015-04-14T21:03:53.193-0100: 3724.039: [GC (Allocation Failure) 
Desired survivor size 524288 bytes, new threshold 1 (max 15)
[PSYoungGen: 2304K->256K(2560K)] 11250K->9234K(13824K), 0.0010990 secs] [Times: user=0.00 sys=0.00, real=0.00 secs] 
2015-04-14T21:03:53.194-0100: 3724.041: Total time for which application threads were stopped: 0.0013219 seconds, Stopping threads took: 0.0000283 seconds
2015-04-14T21:03:54.182-0100: 3725.029: [GC (Allocation Failure) 
Desired survivor size 524288 bytes, new threshold 1 (max 15)
[PSYoungGen: 2304K->288K(2560K)] 11282K->9298K(13824K), 0.0010742 secs] [Times: user=0.01 sys=0.00, real=0.00 secs] 
2015-04-14T21:03:54.184-0100: 3725.030: Total time for which application threads were stopped: 0.0012827 seconds, Stopping threads took: 0.0000219 seconds
2015-04-14T21:03:55.186-0100: 3726.032: [GC (Allocation Failure) 
Desired survivor size 524288 bytes, new threshold 1 (max 15)
[PSYoungGen: 2336K->256K(2560K)] 11346K->9298K(13824K), 0.0010372 secs] [Times: user=0.00 sys=0.00, real=0.00 secs] 
2015-04-14T21:03:55.187-0100: 3726.033: Total time for which application threads were stopped: 0.0012499 seconds, Stopping threads took: 0.0000206 seconds
2015-04-14T21:03:56.224-0100: 3727.070: [GC (Allocation Failure) 
Desired survivor size 524288 bytes, new threshold 1 (max 15)
[PSYoungGen: 2304K->256K(2560K)] 11346K->9314K(13824K), 0.0010136 secs] [Times: user=0.00 sys=0.00, real=0.00 secs] 
2015-04-14T21:03:56.225-0100: 3727.071: Total time for which application threads were stopped: 0.0012056 seconds, Stopping threads took: 0.0000231 seconds
2015-04-14T21:03:57.256-0100: 3728.102: [GC (Allocation Failure) 
Desired survivor size 524288 bytes, new threshold 1 (max 15)
[PSYoungGen: 2304K->224K(2560K)] 11362K->9306K(13824K), 0.0007760 secs] [Times: user=0.00 sys=0.01, real=0.00 secs] 
2015-04-14T21:03:57.256-0100: 3728.103: Total time for which application threads were stopped: 0.0009215 seconds, Stopping threads took: 0.0000157 seconds
2015-04-14T21:03:58.278-0100: 3729.125: [GC (Allocation Failure) 
Desired survivor size 524288 bytes, new threshold 1 (max 15)
[PSYoungGen: 2272K->256K(2560K)] 11354K->9378K(13824K), 0.0010199 secs] [Times: user=0.00 sys=0.00, real=0.00 secs] 
2015-04-14T21:03:58.279-0100: 3729.126: Total time for which application threads were stopped: 0.0012201 seconds, Stopping threads took: 0.0000236 seconds
2015-04-14T21:03:59.311-0100: 3730.157: [GC (Allocation Failure) 
Desired survivor size 524288 bytes, new threshold 1 (max 15)
[PSYoungGen: 2304K->288K(2560K)] 11426K->9442K(13824K), 0.0010855 secs] [Times: user=0.00 sys=0.00, real=0.00 secs] 
2015-04-14T21:03:59.312-0100: 3730.158: Total time for which application threads were stopped: 0.0012997 seconds, Stopping threads took: 0.0000276 seconds
2015-04-14T21:04:00.184-0100: 3731.030: [GC (Allocation Failure) 
Desired survivor size 524288 bytes, new threshold 1 (max 15)
[PSYoungGen: 2336K->288K(2560K)] 11490K->9482K(13824K), 0.0010886 secs] [Times: user=0.00 sys=0.00, real=0.00 secs] 
2015-04-14T21:04:00.185-0100: 3731.031: Total time for which application threads were stopped: 0.0012965 seconds, Stopping threads took: 0.0000234 seconds
2015-04-14T21:04:01.218-0100: 3732.065: [GC (Allocation Failure) 
Desired survivor size 524288 bytes, new threshold 1 (max 15)
[PSYoungGen: 2336K->256K(2560K)] 11530K->9490K(13824K), 0.0009544 secs] [Times: user=0.00 sys=0.00, real=0.00 secs] 
2015-04-14T21:04:01.219-0100: 3732.066: Total time for which application threads were stopped: 0.0011421 seconds, Stopping threads took: 0.0000224 seconds
2015-04-14T21:04:02.239-0100: 3733.085: [GC (Allocation Failure) 
Desired survivor size 524288 bytes, new threshold 1 (max 15)
[PSYoungGen: 2304K->256K(2560K)] 11538K->9514K(13824K), 0.0010563 secs] [Times: user=0.00 sys=0.00, real=0.01 secs] 
2015-04-14T21:04:02.240-0100: 3733.087: Total time for which application threads were stopped: 0.0012555 seconds, Stopping threads took: 0.0000232 seconds
2015-04-14T21:04:03.267-0100: 3734.114: [GC (Allocation Failure) 
Desired survivor size 524288 bytes, new threshold 1 (max 15)
[PSYoungGen: 2304K->288K(2560K)] 11562K->9578K(13824K), 0.0012034 secs] [Times: user=0.01 sys=0.00, real=0.00 secs] 
2015-04-14T21:04:03.269-0100: 3734.115: Total time for which application threads were stopped: 0.0015109 seconds, Stopping threads took: 0.0000359 seconds
2015-04-14T21:04:04.264-0100: 3735.111: [GC (Allocation Failure) 
Desired survivor size 524288 bytes, new threshold 1 (max 15)
[PSYoungGen: 2336K->256K(2560K)] 11626K->9578K(13824K), 0.0010918 secs] [Times: user=0.00 sys=0.00, real=0.00 secs] 
2015-04-14T21:04:04.265-0100: 3735.112: Total time for which application threads were stopped: 0.0012802 seconds, Stopping threads took: 0.0000208 seconds
2015-04-14T21:04:05.267-0100: 3736.113: [GC (Allocation Failure) 
Desired survivor size 524288 bytes, new threshold 1 (max 15)
[PSYoungGen: 2304K->288K(2560K)] 11626K->9634K(13824K), 0.0010431 secs] [Times: user=0.00 sys=0.00, real=0.00 secs] 
2015-04-14T21:04:05.268-0100: 3736.115: Total time for which application threads were stopped: 0.0012354 seconds, Stopping threads took: 0.0000224 seconds
2015-04-14T21:04:06.253-0100: 3737.100: [GC (Allocation Failure) 
Desired survivor size 524288 bytes, new threshold 1 (max 15)
[PSYoungGen: 2336K->224K(2560K)] 11682K->9602K(13824K), 0.0010326 secs] [Times: user=0.01 sys=0.00, real=0.00 secs] 
2015-04-14T21:04:06.254-0100: 3737.101: Total time for which application threads were stopped: 0.0012293 seconds, Stopping threads took: 0.0000218 seconds
2015-04-14T21:04:07.286-0100: 3738.132: [GC (Allocation Failure) 
Desired survivor size 524288 bytes, new threshold 1 (max 15)
[PSYoungGen: 2272K->288K(2560K)] 11650K->9690K(13824K), 0.0010078 secs] [Times: user=0.00 sys=0.00, real=0.00 secs] 
2015-04-14T21:04:07.287-0100: 3738.133: Total time for which application threads were stopped: 0.0012345 seconds, Stopping threads took: 0.0000267 seconds
2015-04-14T21:04:08.326-0100: 3739.173: [GC (Allocation Failure) 
Desired survivor size 524288 bytes, new threshold 1 (max 15)
[PSYoungGen: 2336K->256K(2560K)] 11738K->9690K(13824K), 0.0011160 secs] [Times: user=0.01 sys=0.00, real=0.00 secs] 
2015-04-14T21:04:08.328-0100: 3739.174: Total time for which application threads were stopped: 0.0013216 seconds, Stopping threads took: 0.0000215 seconds
2015-04-14T21:04:09.311-0100: 3740.158: [GC (Allocation Failure) 
Desired survivor size 524288 bytes, new threshold 1 (max 15)
[PSYoungGen: 2303K->288K(2560K)] 11738K->9754K(13824K), 0.0010735 secs] [Times: user=0.00 sys=0.00, real=0.00 secs] 
2015-04-14T21:04:09.313-0100: 3740.159: Total time for which application threads were stopped: 0.0012627 seconds, Stopping threads took: 0.0000225 seconds
2015-04-14T21:04:10.346-0100: 3741.192: [GC (Allocation Failure) 
Desired survivor size 524288 bytes, new threshold 1 (max 15)
[PSYoungGen: 2336K->288K(2560K)] 11802K->9786K(13824K), 0.0009853 secs] [Times: user=0.00 sys=0.00, real=0.00 secs] 
2015-04-14T21:04:10.347-0100: 3741.193: Total time for which application threads were stopped: 0.0011773 seconds, Stopping threads took: 0.0000250 seconds
2015-04-14T21:04:11.386-0100: 3742.233: [GC (Allocation Failure) 
Desired survivor size 524288 bytes, new threshold 1 (max 15)
[PSYoungGen: 2336K->256K(2560K)] 11834K->9786K(13824K), 0.0010969 secs] [Times: user=0.00 sys=0.00, real=0.00 secs] 
2015-04-14T21:04:11.387-0100: 3742.234: Total time for which application threads were stopped: 0.0012900 seconds, Stopping threads took: 0.0000228 seconds
2015-04-14T21:04:12.389-0100: 3743.236: [GC (Allocation Failure) 
Desired survivor size 524288 bytes, new threshold 1 (max 15)
[PSYoungGen: 2304K->256K(2560K)] 11834K->9810K(13824K), 0.0010935 secs] [Times: user=0.00 sys=0.00, real=0.01 secs] 
2015-04-14T21:04:12.391-0100: 3743.237: Total time for which application threads were stopped: 0.0012923 seconds, Stopping threads took: 0.0000238 seconds
2015-04-14T21:04:13.429-0100: 3744.275: [GC (Allocation Failure) 
Desired survivor size 524288 bytes, new threshold 1 (max 15)
[PSYoungGen: 2304K->256K(2560K)] 11858K->9834K(13824K), 0.0010623 secs] [Times: user=0.00 sys=0.00, real=0.01 secs] 
2015-04-14T21:04:13.430-0100: 3744.276: Total time for which application threads were stopped: 0.0012587 seconds, Stopping threads took: 0.0000191 seconds
2015-04-14T21:04:14.446-0100: 3745.292: [GC (Allocation Failure) 
Desired survivor size 524288 bytes, new threshold 1 (max 15)
[PSYoungGen: 2304K->256K(2560K)] 11882K->9866K(13824K), 0.0010656 secs] [Times: user=0.01 sys=0.00, real=0.00 secs] 
2015-04-14T21:04:14.447-0100: 3745.293: Total time for which application threads were stopped: 0.0012653 seconds, Stopping threads took: 0.0000212 seconds
2015-04-14T21:04:15.448-0100: 3746.295: [GC (Allocation Failure) 
Desired survivor size 524288 bytes, new threshold 1 (max 15)
[PSYoungGen: 2304K->256K(2560K)] 11914K->9906K(13824K), 0.0010459 secs] [Times: user=0.01 sys=0.00, real=0.00 secs] 
2015-04-14T21:04:15.449-0100: 3746.296: Total time for which application threads were stopped: 0.0012443 seconds, Stopping threads took: 0.0000216 seconds
2015-04-14T21:04:16.433-0100: 3747.279: [GC (Allocation Failure) 
Desired survivor size 524288 bytes, new threshold 1 (max 15)
[PSYoungGen: 2304K->288K(2560K)] 11954K->9970K(13824K), 0.0010628 secs] [Times: user=0.00 sys=0.00, real=0.00 secs] 
2015-04-14T21:04:16.434-0100: 3747.280: Total time for which application threads were stopped: 0.0012672 seconds, Stopping threads took: 0.0000248 seconds
2015-04-14T21:04:17.472-0100: 3748.319: [GC (Allocation Failure) 
Desired survivor size 524288 bytes, new threshold 1 (max 15)
[PSYoungGen: 2336K->256K(2560K)] 12018K->9970K(13824K), 0.0010907 secs] [Times: user=0.00 sys=0.00, real=0.00 secs] 
2015-04-14T21:04:17.473-0100: 3748.320: Total time for which application threads were stopped: 0.0012797 seconds, Stopping threads took: 0.0000222 seconds
2015-04-14T21:04:18.508-0100: 3749.355: [GC (Allocation Failure) 
Desired survivor size 524288 bytes, new threshold 1 (max 15)
[PSYoungGen: 2304K->256K(2560K)] 12018K->10002K(13824K), 0.0010793 secs] [Times: user=0.01 sys=0.00, real=0.00 secs] 
2015-04-14T21:04:18.509-0100: 3749.356: Total time for which application threads were stopped: 0.0012770 seconds, Stopping threads took: 0.0000226 seconds
2015-04-14T21:04:19.609-0100: 3750.456: [GC (Allocation Failure) 
Desired survivor size 524288 bytes, new threshold 1 (max 15)
[PSYoungGen: 2304K->288K(2560K)] 12050K->10074K(13824K), 0.0010091 secs] [Times: user=0.01 sys=0.00, real=0.01 secs] 
2015-04-14T21:04:19.610-0100: 3750.457: Total time for which application threads were stopped: 0.0012298 seconds, Stopping threads took: 0.0000261 seconds
2015-04-14T21:04:20.616-0100: 3751.462: [GC (Allocation Failure) 
Desired survivor size 524288 bytes, new threshold 1 (max 15)
[PSYoungGen: 2336K->224K(2560K)] 12122K->10034K(13824K), 0.0010467 secs] [Times: user=0.00 sys=0.00, real=0.00 secs] 
2015-04-14T21:04:20.617-0100: 3751.463: Total time for which application threads were stopped: 0.0012385 seconds, Stopping threads took: 0.0000226 seconds
2015-04-14T21:04:21.668-0100: 3752.515: [GC (Allocation Failure) 
Desired survivor size 524288 bytes, new threshold 1 (max 15)
[PSYoungGen: 2272K->256K(2560K)] 12082K->10098K(13824K), 0.0010172 secs] [Times: user=0.00 sys=0.00, real=0.00 secs] 
2015-04-14T21:04:21.669-0100: 3752.516: Total time for which application threads were stopped: 0.0011917 seconds, Stopping threads took: 0.0000212 seconds
2015-04-14T21:04:22.655-0100: 3753.501: [GC (Allocation Failure) 
Desired survivor size 524288 bytes, new threshold 1 (max 15)
[PSYoungGen: 2304K->288K(2560K)] 12146K->10154K(13824K), 0.0010572 secs] [Times: user=0.01 sys=0.00, real=0.00 secs] 
2015-04-14T21:04:22.656-0100: 3753.502: Total time for which application threads were stopped: 0.0012569 seconds, Stopping threads took: 0.0000223 seconds
2015-04-14T21:04:23.684-0100: 3754.530: [GC (Allocation Failure) 
Desired survivor size 524288 bytes, new threshold 1 (max 15)
[PSYoungGen: 2336K->256K(2560K)] 12202K->10146K(13824K), 0.0011343 secs] [Times: user=0.00 sys=0.00, real=0.00 secs] 
2015-04-14T21:04:23.685-0100: 3754.531: Total time for which application threads were stopped: 0.0014413 seconds, Stopping threads took: 0.0000392 seconds
2015-04-14T21:04:24.676-0100: 3755.523: [GC (Allocation Failure) 
Desired survivor size 524288 bytes, new threshold 1 (max 15)
[PSYoungGen: 2304K->288K(2560K)] 12194K->10218K(13824K), 0.0008576 secs] [Times: user=0.00 sys=0.00, real=0.00 secs] 
2015-04-14T21:04:24.677-0100: 3755.523: Total time for which application threads were stopped: 0.0010265 seconds, Stopping threads took: 0.0000194 seconds
2015-04-14T21:04:25.681-0100: 3756.528: [GC (Allocation Failure) 
Desired survivor size 524288 bytes, new threshold 1 (max 15)
[PSYoungGen: 2336K->256K(2560K)] 12266K->10218K(13824K), 0.0010026 secs] [Times: user=0.01 sys=0.00, real=0.00 secs] 
2015-04-14T21:04:25.682-0100: 3756.529: Total time for which application threads were stopped: 0.0011847 seconds, Stopping threads took: 0.0000217 seconds
2015-04-14T21:04:26.699-0100: 3757.546: [GC (Allocation Failure) 
Desired survivor size 524288 bytes, new threshold 1 (max 15)
[PSYoungGen: 2304K->256K(2560K)] 12266K->10250K(13824K), 0.0009158 secs] [Times: user=0.00 sys=0.01, real=0.01 secs] 
2015-04-14T21:04:26.700-0100: 3757.547: Total time for which application threads were stopped: 0.0011193 seconds, Stopping threads took: 0.0000203 seconds
2015-04-14T21:04:27.700-0100: 3758.547: [GC (Allocation Failure) 
Desired survivor size 524288 bytes, new threshold 1 (max 15)
[PSYoungGen: 2304K->256K(2560K)] 12298K->10274K(13824K), 0.0011056 secs] [Times: user=0.01 sys=0.00, real=0.00 secs] 
2015-04-14T21:04:27.702-0100: 3758.548: Total time for which application threads were stopped: 0.0013362 seconds, Stopping threads took: 0.0000256 seconds
2015-04-14T21:04:28.739-0100: 3759.586: [GC (Allocation Failure) 
Desired survivor size 524288 bytes, new threshold 1 (max 15)
[PSYoungGen: 2304K->256K(2560K)] 12322K->10298K(13824K), 0.0011289 secs] [Times: user=0.00 sys=0.00, real=0.01 secs] 
2015-04-14T21:04:28.741-0100: 3759.587: Total time for which application threads were stopped: 0.0013253 seconds, Stopping threads took: 0.0000223 seconds
2015-04-14T21:04:29.744-0100: 3760.591: [GC (Allocation Failure) 
Desired survivor size 524288 bytes, new threshold 1 (max 15)
[PSYoungGen: 2304K->192K(2560K)] 12346K->10258K(13824K), 0.0010596 secs] [Times: user=0.00 sys=0.00, real=0.00 secs] 
2015-04-14T21:04:29.745-0100: 3760.592: Total time for which application threads were stopped: 0.0012459 seconds, Stopping threads took: 0.0000216 seconds
2015-04-14T21:04:30.776-0100: 3761.622: [GC (Allocation Failure) 
Desired survivor size 524288 bytes, new threshold 1 (max 15)
[PSYoungGen: 2240K->256K(2560K)] 12306K->10354K(13824K), 0.0010832 secs] [Times: user=0.01 sys=0.00, real=0.00 secs] 
2015-04-14T21:04:30.777-0100: 3761.624: Total time for which application threads were stopped: 0.0012934 seconds, Stopping threads took: 0.0000248 seconds
2015-04-14T21:04:31.784-0100: 3762.631: [GC (Allocation Failure) 
Desired survivor size 524288 bytes, new threshold 1 (max 15)
[PSYoungGen: 2304K->256K(2560K)] 12402K->10378K(13824K), 0.0009809 secs] [Times: user=0.00 sys=0.00, real=0.00 secs] 
2015-04-14T21:04:31.785-0100: 3762.632: Total time for which application threads were stopped: 0.0011471 seconds, Stopping threads took: 0.0000192 seconds
2015-04-14T21:04:32.787-0100: 3763.634: [GC (Allocation Failure) 
Desired survivor size 524288 bytes, new threshold 1 (max 15)
[PSYoungGen: 2304K->256K(2560K)] 12426K->10410K(13824K), 0.0010556 secs] [Times: user=0.00 sys=0.00, real=0.00 secs] 
2015-04-14T21:04:32.788-0100: 3763.635: Total time for which application threads were stopped: 0.0012288 seconds, Stopping threads took: 0.0000218 seconds
2015-04-14T21:04:33.806-0100: 3764.653: [GC (Allocation Failure) 
Desired survivor size 524288 bytes, new threshold 1 (max 15)
[PSYoungGen: 2304K->288K(2560K)] 12458K->10482K(13824K), 0.0010007 secs] [Times: user=0.00 sys=0.00, real=0.00 secs] 
2015-04-14T21:04:33.807-0100: 3764.654: Total time for which application threads were stopped: 0.0011895 seconds, Stopping threads took: 0.0000224 seconds
2015-04-14T21:04:34.806-0100: 3765.653: [GC (Allocation Failure) 
Desired survivor size 524288 bytes, new threshold 1 (max 15)
[PSYoungGen: 2336K->288K(2560K)] 12530K->10514K(13824K), 0.0010969 secs] [Times: user=0.00 sys=0.00, real=0.00 secs] 
2015-04-14T21:04:34.807-0100: 3765.654: Total time for which application threads were stopped: 0.0013098 seconds, Stopping threads took: 0.0000240 seconds
2015-04-14T21:04:35.863-0100: 3766.710: [GC (Allocation Failure) 
Desired survivor size 524288 bytes, new threshold 1 (max 15)
[PSYoungGen: 2336K->288K(2560K)] 12562K->10546K(13824K), 0.0010708 secs] [Times: user=0.00 sys=0.00, real=0.00 secs] 
2015-04-14T21:04:35.864-0100: 3766.711: Total time for which application threads were stopped: 0.0012722 seconds, Stopping threads took: 0.0000235 seconds
2015-04-14T21:04:36.866-0100: 3767.713: [GC (Allocation Failure) 
Desired survivor size 524288 bytes, new threshold 1 (max 15)
[PSYoungGen: 2336K->224K(2560K)] 12594K->10506K(13824K), 0.0009301 secs] [Times: user=0.01 sys=0.00, real=0.00 secs] 
2015-04-14T21:04:36.867-0100: 3767.714: Total time for which application threads were stopped: 0.0011064 seconds, Stopping threads took: 0.0000190 seconds
2015-04-14T21:04:37.886-0100: 3768.733: [GC (Allocation Failure) 
Desired survivor size 524288 bytes, new threshold 1 (max 15)
[PSYoungGen: 2272K->256K(2560K)] 12554K->10562K(13824K), 0.0010700 secs] [Times: user=0.01 sys=0.00, real=0.00 secs] 
2015-04-14T21:04:37.887-0100: 3768.734: Total time for which application threads were stopped: 0.0012648 seconds, Stopping threads took: 0.0000207 seconds
2015-04-14T21:04:38.903-0100: 3769.750: [GC (Allocation Failure) 
Desired survivor size 524288 bytes, new threshold 1 (max 15)
[PSYoungGen: 2304K->288K(2560K)] 12610K->10626K(13824K), 0.0010940 secs] [Times: user=0.00 sys=0.00, real=0.00 secs] 
2015-04-14T21:04:38.904-0100: 3769.751: Total time for which application threads were stopped: 0.0013017 seconds, Stopping threads took: 0.0000243 seconds
2015-04-14T21:04:39.924-0100: 3770.771: [GC (Allocation Failure) 
Desired survivor size 524288 bytes, new threshold 1 (max 15)
[PSYoungGen: 2336K->256K(2560K)] 12674K->10634K(13824K), 0.0010842 secs] [Times: user=0.01 sys=0.00, real=0.00 secs] 
2015-04-14T21:04:39.925-0100: 3770.772: Total time for which application threads were stopped: 0.0012785 seconds, Stopping threads took: 0.0000211 seconds
2015-04-14T21:04:40.845-0100: 3771.692: [GC (Allocation Failure) 
Desired survivor size 524288 bytes, new threshold 1 (max 15)
[PSYoungGen: 2304K->256K(2560K)] 12682K->10666K(13824K), 0.0010096 secs] [Times: user=0.01 sys=0.00, real=0.00 secs] 
2015-04-14T21:04:40.846-0100: 3771.693: Total time for which application threads were stopped: 0.0011943 seconds, Stopping threads took: 0.0000213 seconds
2015-04-14T21:04:41.766-0100: 3772.613: [GC (Allocation Failure) 
Desired survivor size 524288 bytes, new threshold 1 (max 15)
[PSYoungGen: 2304K->256K(2560K)] 12714K->10690K(13824K), 0.0010487 secs] [Times: user=0.01 sys=0.00, real=0.00 secs] 
2015-04-14T21:04:41.767-0100: 3772.614: Total time for which application threads were stopped: 0.0012323 seconds, Stopping threads took: 0.0000209 seconds
2015-04-14T21:04:42.685-0100: 3773.532: [GC (Allocation Failure) 
Desired survivor size 524288 bytes, new threshold 1 (max 15)
[PSYoungGen: 2304K->256K(2560K)] 12738K->10722K(13824K), 0.0010144 secs] [Times: user=0.00 sys=0.00, real=0.00 secs] 
2015-04-14T21:04:42.686-0100: 3773.533: Total time for which application threads were stopped: 0.0012087 seconds, Stopping threads took: 0.0000223 seconds
2015-04-14T21:04:43.518-0100: 3774.365: [GC (Allocation Failure) 
Desired survivor size 524288 bytes, new threshold 1 (max 15)
[PSYoungGen: 2304K->256K(2560K)] 12770K->10746K(13824K), 0.0009445 secs] [Times: user=0.00 sys=0.00, real=0.00 secs] 
2015-04-14T21:04:43.519-0100: 3774.366: Total time for which application threads were stopped: 0.0011171 seconds, Stopping threads took: 0.0000204 seconds
2015-04-14T21:04:44.354-0100: 3775.201: [GC (Allocation Failure) 
Desired survivor size 524288 bytes, new threshold 1 (max 15)
[PSYoungGen: 2304K->288K(2560K)] 12794K->10810K(13824K), 0.0010509 secs] [Times: user=0.00 sys=0.00, real=0.00 secs] 
2015-04-14T21:04:44.355-0100: 3775.202: Total time for which application threads were stopped: 0.0012429 seconds, Stopping threads took: 0.0000232 seconds
2015-04-14T21:04:45.209-0100: 3776.056: [GC (Allocation Failure) 
Desired survivor size 524288 bytes, new threshold 1 (max 15)
[PSYoungGen: 2336K->288K(2560K)] 12858K->10842K(13824K), 0.0010003 secs] [Times: user=0.00 sys=0.00, real=0.01 secs] 
2015-04-14T21:04:45.210-0100: 3776.057: Total time for which application threads were stopped: 0.0011984 seconds, Stopping threads took: 0.0000216 seconds
2015-04-14T21:04:46.078-0100: 3776.925: [GC (Allocation Failure) 
Desired survivor size 524288 bytes, new threshold 1 (max 15)
[PSYoungGen: 2336K->256K(2560K)] 12890K->10842K(13824K), 0.0009101 secs] [Times: user=0.00 sys=0.00, real=0.00 secs] 
2015-04-14T21:04:46.079-0100: 3776.926: Total time for which application threads were stopped: 0.0010807 seconds, Stopping threads took: 0.0000209 seconds
2015-04-14T21:04:46.962-0100: 3777.809: [GC (Allocation Failure) 
Desired survivor size 524288 bytes, new threshold 1 (max 15)
[PSYoungGen: 2304K->288K(2560K)] 12890K->10914K(13824K), 0.0010214 secs] [Times: user=0.01 sys=0.00, real=0.00 secs] 
2015-04-14T21:04:46.963-0100: 3777.810: Total time for which application threads were stopped: 0.0012121 seconds, Stopping threads took: 0.0000247 seconds
2015-04-14T21:04:47.831-0100: 3778.678: [GC (Allocation Failure) 
Desired survivor size 524288 bytes, new threshold 1 (max 15)
[PSYoungGen: 2336K->288K(2560K)] 12962K->10946K(13824K), 0.0009999 secs] [Times: user=0.01 sys=0.00, real=0.00 secs] 
2015-04-14T21:04:47.832-0100: 3778.679: Total time for which application threads were stopped: 0.0011952 seconds, Stopping threads took: 0.0000231 seconds
2015-04-14T21:04:48.753-0100: 3779.600: [GC (Allocation Failure) 
Desired survivor size 524288 bytes, new threshold 1 (max 15)
[PSYoungGen: 2336K->192K(2560K)] 12994K->10866K(13824K), 0.0010899 secs] [Times: user=0.00 sys=0.00, real=0.00 secs] 
2015-04-14T21:04:48.754-0100: 3779.601: Total time for which application threads were stopped: 0.0013062 seconds, Stopping threads took: 0.0000235 seconds
2015-04-14T21:04:49.655-0100: 3780.502: [GC (Allocation Failure) 
Desired survivor size 524288 bytes, new threshold 1 (max 15)
[PSYoungGen: 2240K->288K(2560K)] 12914K->11002K(13824K), 0.0011018 secs] [Times: user=0.01 sys=0.00, real=0.00 secs] 
2015-04-14T21:04:49.656-0100: 3780.503: Total time for which application threads were stopped: 0.0013050 seconds, Stopping threads took: 0.0000232 seconds
2015-04-14T21:04:50.642-0100: 3781.489: [GC (Allocation Failure) 
Desired survivor size 524288 bytes, new threshold 1 (max 15)
[PSYoungGen: 2336K->256K(2560K)] 13050K->11002K(13824K), 0.0010961 secs] [Times: user=0.00 sys=0.00, real=0.00 secs] 
2015-04-14T21:04:50.643-0100: 3781.490: Total time for which application threads were stopped: 0.0012986 seconds, Stopping threads took: 0.0000245 seconds
2015-04-14T21:04:51.660-0100: 3782.507: [GC (Allocation Failure) 
Desired survivor size 524288 bytes, new threshold 1 (max 15)
[PSYoungGen: 2304K->256K(2560K)] 13050K->11034K(13824K), 0.0011457 secs] [Times: user=0.00 sys=0.00, real=0.00 secs] 
2015-04-14T21:04:51.661-0100: 3782.508: Total time for which application threads were stopped: 0.0013618 seconds, Stopping threads took: 0.0000239 seconds
2015-04-14T21:04:52.683-0100: 3783.530: [GC (Allocation Failure) 
Desired survivor size 524288 bytes, new threshold 1 (max 15)
[PSYoungGen: 2304K->256K(2560K)] 13082K->11058K(13824K), 0.0009208 secs] [Times: user=0.00 sys=0.00, real=0.00 secs] 
2015-04-14T21:04:52.684-0100: 3783.531: Total time for which application threads were stopped: 0.0010878 seconds, Stopping threads took: 0.0000198 seconds
2015-04-14T21:04:53.700-0100: 3784.547: [GC (Allocation Failure) 
Desired survivor size 524288 bytes, new threshold 1 (max 15)
[PSYoungGen: 2304K->256K(2560K)] 13106K->11082K(13824K), 0.0010041 secs] [Times: user=0.00 sys=0.00, real=0.00 secs] 
2015-04-14T21:04:53.701-0100: 3784.548: Total time for which application threads were stopped: 0.0012123 seconds, Stopping threads took: 0.0000237 seconds
2015-04-14T21:04:54.672-0100: 3785.520: [GC (Allocation Failure) 
Desired survivor size 524288 bytes, new threshold 1 (max 15)
[PSYoungGen: 2304K->288K(2560K)] 13130K->11146K(13824K), 0.0010020 secs] [Times: user=0.01 sys=0.00, real=0.00 secs] 
2015-04-14T21:04:54.674-0100: 3785.521: Total time for which application threads were stopped: 0.0011867 seconds, Stopping threads took: 0.0000202 seconds
2015-04-14T21:04:55.707-0100: 3786.554: [GC (Allocation Failure) 
Desired survivor size 524288 bytes, new threshold 1 (max 15)
[PSYoungGen: 2336K->288K(2560K)] 13194K->11170K(13824K), 0.0009159 secs] [Times: user=0.00 sys=0.00, real=0.00 secs] 
2015-04-14T21:04:55.708-0100: 3786.555: Total time for which application threads were stopped: 0.0010785 seconds, Stopping threads took: 0.0000194 seconds
2015-04-14T21:04:56.760-0100: 3787.607: [GC (Allocation Failure) 
Desired survivor size 524288 bytes, new threshold 1 (max 15)
[PSYoungGen: 2336K->224K(2560K)] 13218K->11122K(13824K), 0.0010291 secs] [Times: user=0.01 sys=0.00, real=0.00 secs] 
2015-04-14T21:04:56.761-0100: 3787.608: Total time for which application threads were stopped: 0.0012176 seconds, Stopping threads took: 0.0000206 seconds
2015-04-14T21:04:57.812-0100: 3788.659: [GC (Allocation Failure) 
Desired survivor size 524288 bytes, new threshold 1 (max 15)
[PSYoungGen: 2272K->256K(2560K)] 13170K->11178K(13824K), 0.0010380 secs] [Times: user=0.01 sys=0.00, real=0.00 secs] 
2015-04-14T21:04:57.813-0100: 3788.660: Total time for which application threads were stopped: 0.0012376 seconds, Stopping threads took: 0.0000290 seconds
2015-04-14T21:04:58.885-0100: 3789.733: [GC (Allocation Failure) 
Desired survivor size 524288 bytes, new threshold 1 (max 15)
[PSYoungGen: 2304K->256K(2560K)] 13226K->11202K(13824K), 0.0010068 secs] [Times: user=0.00 sys=0.00, real=0.00 secs] 
2015-04-14T21:04:58.886-0100: 3789.734: Total time for which application threads were stopped: 0.0012123 seconds, Stopping threads took: 0.0000232 seconds
2015-04-14T21:04:59.871-0100: 3790.718: [GC (Allocation Failure) 
Desired survivor size 524288 bytes, new threshold 1 (max 15)
[PSYoungGen: 2304K->288K(2560K)] 13250K->11274K(13824K), 0.0009043 secs] [Times: user=0.00 sys=0.00, real=0.00 secs] 
2015-04-14T21:04:59.872-0100: 3790.719: Total time for which application threads were stopped: 0.0010711 seconds, Stopping threads took: 0.0000195 seconds
2015-04-14T21:05:00.756-0100: 3791.603: [GC (Allocation Failure) 
Desired survivor size 524288 bytes, new threshold 1 (max 15)
[PSYoungGen: 2336K->256K(2560K)] 13322K->11258K(13824K), 0.0009369 secs] [Times: user=0.00 sys=0.00, real=0.00 secs] 
2015-04-14T21:05:00.757-0100: 3791.604: Total time for which application threads were stopped: 0.0011308 seconds, Stopping threads took: 0.0000207 seconds
2015-04-14T21:05:01.792-0100: 3792.639: [GC (Allocation Failure) 
Desired survivor size 524288 bytes, new threshold 1 (max 15)
[PSYoungGen: 2304K->288K(2560K)] 13306K->11330K(13824K), 0.0011069 secs] [Times: user=0.00 sys=0.00, real=0.00 secs] 
2015-04-14T21:05:01.793-0100: 3792.640: Total time for which application threads were stopped: 0.0013176 seconds, Stopping threads took: 0.0000283 seconds
2015-04-14T21:05:02.797-0100: 3793.645: [GC (Allocation Failure) 
Desired survivor size 524288 bytes, new threshold 1 (max 15)
[PSYoungGen: 2336K->256K(2560K)] 13378K->11322K(13824K), 0.0010528 secs] [Times: user=0.00 sys=0.00, real=0.00 secs] 
2015-04-14T21:05:02.798-0100: 3793.646: Total time for which application threads were stopped: 0.0012386 seconds, Stopping threads took: 0.0000231 seconds
2015-04-14T21:05:03.799-0100: 3794.646: [GC (Allocation Failure) 
Desired survivor size 524288 bytes, new threshold 1 (max 15)
[PSYoungGen: 2304K->288K(2560K)] 13370K->11386K(13824K), 0.0010801 secs] [Times: user=0.01 sys=0.00, real=0.01 secs] 
2015-04-14T21:05:03.800-0100: 3794.648: Total time for which application threads were stopped: 0.0012783 seconds, Stopping threads took: 0.0000214 seconds
2015-04-14T21:05:04.818-0100: 3795.665: [GC (Allocation Failure) 
Desired survivor size 524288 bytes, new threshold 1 (max 15)
[PSYoungGen: 2336K->256K(2560K)] 13434K->11394K(13824K), 0.0010888 secs] [Times: user=0.00 sys=0.00, real=0.00 secs] 
2015-04-14T21:05:04.819-0100: 3795.666: Total time for which application threads were stopped: 0.0012936 seconds, Stopping threads took: 0.0000257 seconds
2015-04-14T21:05:05.824-0100: 3796.672: [GC (Allocation Failure) 
Desired survivor size 524288 bytes, new threshold 1 (max 15)
[PSYoungGen: 2304K->256K(2560K)] 13442K->11418K(13824K), 0.0011121 secs] [Times: user=0.00 sys=0.00, real=0.00 secs] 
2015-04-14T21:05:05.825-0100: 3796.673: Total time for which application threads were stopped: 0.0013011 seconds, Stopping threads took: 0.0000228 seconds
2015-04-14T21:05:06.842-0100: 3797.689: [GC (Allocation Failure) 
Desired survivor size 524288 bytes, new threshold 1 (max 15)
[PSYoungGen: 2304K->256K(2560K)] 13466K->11458K(13824K), 0.0010733 secs] [Times: user=0.01 sys=0.00, real=0.00 secs] 
2015-04-14T21:05:06.843-0100: 3797.691: Total time for which application threads were stopped: 0.0012930 seconds, Stopping threads took: 0.0000231 seconds
2015-04-14T21:05:07.864-0100: 3798.711: [GC (Allocation Failure) 
Desired survivor size 524288 bytes, new threshold 1 (max 15)
[PSYoungGen: 2304K->288K(2560K)] 13506K->11522K(13824K), 0.0010317 secs] [Times: user=0.01 sys=0.00, real=0.00 secs] 
2015-04-14T21:05:07.865-0100: 3798.712: [Full GC (Ergonomics) [PSYoungGen: 288K->0K(2560K)] [ParOldGen: 11234K->8349K(11264K)] 11522K->8349K(13824K), [Metaspace: 17890K->17890K(1064960K)], 0.0185473 secs] [Times: user=0.05 sys=0.00, real=0.02 secs] 
2015-04-14T21:05:07.883-0100: 3798.731: Total time for which application threads were stopped: 0.0198793 seconds, Stopping threads took: 0.0000228 seconds
2015-04-14T21:05:08.881-0100: 3799.728: [GC (Allocation Failure) 
Desired survivor size 524288 bytes, new threshold 1 (max 15)
[PSYoungGen: 2048K->256K(2560K)] 10397K->8605K(13824K), 0.0010690 secs] [Times: user=0.00 sys=0.00, real=0.00 secs] 
2015-04-14T21:05:08.882-0100: 3799.729: Total time for which application threads were stopped: 0.0012829 seconds, Stopping threads took: 0.0000255 seconds
2015-04-14T21:05:09.904-0100: 3800.751: [GC (Allocation Failure) 
Desired survivor size 524288 bytes, new threshold 1 (max 15)
[PSYoungGen: 2304K->256K(2560K)] 10653K->8645K(13824K), 0.0010509 secs] [Times: user=0.00 sys=0.00, real=0.00 secs] 
2015-04-14T21:05:09.905-0100: 3800.752: Total time for which application threads were stopped: 0.0012333 seconds, Stopping threads took: 0.0000200 seconds
2015-04-14T21:05:10.940-0100: 3801.787: [GC (Allocation Failure) 
Desired survivor size 524288 bytes, new threshold 1 (max 15)
[PSYoungGen: 2304K->288K(2560K)] 10693K->8717K(13824K), 0.0011556 secs] [Times: user=0.00 sys=0.00, real=0.00 secs] 
2015-04-14T21:05:10.941-0100: 3801.789: Total time for which application threads were stopped: 0.0013519 seconds, Stopping threads took: 0.0000235 seconds
2015-04-14T21:05:11.958-0100: 3802.806: [GC (Allocation Failure) 
Desired survivor size 524288 bytes, new threshold 1 (max 15)
[PSYoungGen: 2336K->256K(2560K)] 10765K->8709K(13824K), 0.0011276 secs] [Times: user=0.00 sys=0.00, real=0.01 secs] 
2015-04-14T21:05:11.960-0100: 3802.807: Total time for which application threads were stopped: 0.0013307 seconds, Stopping threads took: 0.0000233 seconds
2015-04-14T21:05:12.986-0100: 3803.833: [GC (Allocation Failure) 
Desired survivor size 524288 bytes, new threshold 1 (max 15)
[PSYoungGen: 2304K->256K(2560K)] 10757K->8741K(13824K), 0.0008744 secs] [Times: user=0.01 sys=0.00, real=0.00 secs] 
2015-04-14T21:05:12.987-0100: 3803.834: Total time for which application threads were stopped: 0.0010869 seconds, Stopping threads took: 0.0000223 seconds
2015-04-14T21:05:14.015-0100: 3804.863: [GC (Allocation Failure) 
Desired survivor size 524288 bytes, new threshold 1 (max 15)
[PSYoungGen: 2304K->256K(2560K)] 10789K->8773K(13824K), 0.0010304 secs] [Times: user=0.00 sys=0.00, real=0.00 secs] 
2015-04-14T21:05:14.016-0100: 3804.864: Total time for which application threads were stopped: 0.0012175 seconds, Stopping threads took: 0.0000221 seconds
2015-04-14T21:05:15.084-0100: 3805.932: [GC (Allocation Failure) 
Desired survivor size 524288 bytes, new threshold 1 (max 15)
[PSYoungGen: 2304K->288K(2560K)] 10821K->8837K(13824K), 0.0009922 secs] [Times: user=0.00 sys=0.00, real=0.00 secs] 
2015-04-14T21:05:15.085-0100: 3805.933: Total time for which application threads were stopped: 0.0011752 seconds, Stopping threads took: 0.0000233 seconds
2015-04-14T21:05:16.070-0100: 3806.918: [GC (Allocation Failure) 
Desired survivor size 524288 bytes, new threshold 1 (max 15)
[PSYoungGen: 2336K->256K(2560K)] 10885K->8837K(13824K), 0.0015367 secs] [Times: user=0.00 sys=0.00, real=0.00 secs] 
2015-04-14T21:05:16.072-0100: 3806.919: Total time for which application threads were stopped: 0.0018523 seconds, Stopping threads took: 0.0000305 seconds
2015-04-14T21:05:17.059-0100: 3807.907: [GC (Allocation Failure) 
Desired survivor size 524288 bytes, new threshold 1 (max 15)
[PSYoungGen: 2304K->256K(2560K)] 10885K->8877K(13824K), 0.0010067 secs] [Times: user=0.01 sys=0.00, real=0.01 secs] 
2015-04-14T21:05:17.061-0100: 3807.908: Total time for which application threads were stopped: 0.0011820 seconds, Stopping threads took: 0.0000218 seconds
2015-04-14T21:05:18.129-0100: 3808.977: [GC (Allocation Failure) 
Desired survivor size 524288 bytes, new threshold 1 (max 15)
[PSYoungGen: 2304K->256K(2560K)] 10925K->8917K(13824K), 0.0010054 secs] [Times: user=0.00 sys=0.00, real=0.01 secs] 
2015-04-14T21:05:18.130-0100: 3808.978: Total time for which application threads were stopped: 0.0012004 seconds, Stopping threads took: 0.0000220 seconds
2015-04-14T21:05:19.163-0100: 3810.010: [GC (Allocation Failure) 
Desired survivor size 524288 bytes, new threshold 1 (max 15)
[PSYoungGen: 2304K->256K(2560K)] 10965K->8949K(13824K), 0.0010900 secs] [Times: user=0.00 sys=0.00, real=0.00 secs] 
2015-04-14T21:05:19.164-0100: 3810.011: Total time for which application threads were stopped: 0.0012876 seconds, Stopping threads took: 0.0000237 seconds
2015-04-14T21:05:20.204-0100: 3811.052: [GC (Allocation Failure) 
Desired survivor size 524288 bytes, new threshold 1 (max 15)
[PSYoungGen: 2304K->288K(2560K)] 10997K->9005K(13824K), 0.0009380 secs] [Times: user=0.00 sys=0.00, real=0.00 secs] 
2015-04-14T21:05:20.205-0100: 3811.053: Total time for which application threads were stopped: 0.0011139 seconds, Stopping threads took: 0.0000213 seconds
2015-04-14T21:05:21.255-0100: 3812.103: [GC (Allocation Failure) 
Desired survivor size 524288 bytes, new threshold 1 (max 15)
[PSYoungGen: 2336K->256K(2560K)] 11053K->9005K(13824K), 0.0010135 secs] [Times: user=0.00 sys=0.00, real=0.00 secs] 
2015-04-14T21:05:21.256-0100: 3812.104: Total time for which application threads were stopped: 0.0012172 seconds, Stopping threads took: 0.0000229 seconds
2015-04-14T21:05:22.257-0100: 3813.105: [GC (Allocation Failure) 
Desired survivor size 524288 bytes, new threshold 1 (max 15)
[PSYoungGen: 2304K->256K(2560K)] 11053K->9029K(13824K), 0.0010288 secs] [Times: user=0.00 sys=0.00, real=0.00 secs] 
2015-04-14T21:05:22.258-0100: 3813.106: Total time for which application threads were stopped: 0.0012310 seconds, Stopping threads took: 0.0000236 seconds
2015-04-14T21:05:23.262-0100: 3814.110: [GC (Allocation Failure) 
Desired survivor size 524288 bytes, new threshold 1 (max 15)
[PSYoungGen: 2304K->256K(2560K)] 11077K->9061K(13824K), 0.0011360 secs] [Times: user=0.00 sys=0.00, real=0.00 secs] 
2015-04-14T21:05:23.263-0100: 3814.111: Total time for which application threads were stopped: 0.0013308 seconds, Stopping threads took: 0.0000215 seconds
2015-04-14T21:05:24.296-0100: 3815.144: [GC (Allocation Failure) 
Desired survivor size 524288 bytes, new threshold 1 (max 15)
[PSYoungGen: 2304K->288K(2560K)] 11109K->9125K(13824K), 0.0010827 secs] [Times: user=0.01 sys=0.00, real=0.00 secs] 
2015-04-14T21:05:24.297-0100: 3815.145: Total time for which application threads were stopped: 0.0012863 seconds, Stopping threads took: 0.0000265 seconds
2015-04-14T21:05:25.335-0100: 3816.182: [GC (Allocation Failure) 
Desired survivor size 524288 bytes, new threshold 1 (max 15)
[PSYoungGen: 2336K->256K(2560K)] 11173K->9117K(13824K), 0.0010716 secs] [Times: user=0.01 sys=0.00, real=0.00 secs] 
2015-04-14T21:05:25.336-0100: 3816.184: Total time for which application threads were stopped: 0.0012785 seconds, Stopping threads took: 0.0000228 seconds
2015-04-14T21:05:26.420-0100: 3817.268: [GC (Allocation Failure) 
Desired survivor size 524288 bytes, new threshold 1 (max 15)
[PSYoungGen: 2304K->288K(2560K)] 11165K->9173K(13824K), 0.0011121 secs] [Times: user=0.01 sys=0.00, real=0.00 secs] 
2015-04-14T21:05:26.421-0100: 3817.269: Total time for which application threads were stopped: 0.0013097 seconds, Stopping threads took: 0.0000236 seconds
2015-04-14T21:05:27.444-0100: 3818.292: [GC (Allocation Failure) 
Desired survivor size 524288 bytes, new threshold 1 (max 15)
[PSYoungGen: 2336K->288K(2560K)] 11221K->9205K(13824K), 0.0009415 secs] [Times: user=0.00 sys=0.00, real=0.00 secs] 
2015-04-14T21:05:27.445-0100: 3818.293: Total time for which application threads were stopped: 0.0011365 seconds, Stopping threads took: 0.0000225 seconds
2015-04-14T21:05:28.444-0100: 3819.292: [GC (Allocation Failure) 
Desired survivor size 524288 bytes, new threshold 1 (max 15)
[PSYoungGen: 2336K->256K(2560K)] 11253K->9197K(13824K), 0.0011001 secs] [Times: user=0.01 sys=0.00, real=0.00 secs] 
2015-04-14T21:05:28.445-0100: 3819.293: Total time for which application threads were stopped: 0.0012965 seconds, Stopping threads took: 0.0000204 seconds
2015-04-14T21:05:29.515-0100: 3820.363: [GC (Allocation Failure) 
Desired survivor size 524288 bytes, new threshold 1 (max 15)
[PSYoungGen: 2304K->256K(2560K)] 11245K->9229K(13824K), 0.0009953 secs] [Times: user=0.00 sys=0.00, real=0.00 secs] 
2015-04-14T21:05:29.516-0100: 3820.364: Total time for which application threads were stopped: 0.0012054 seconds, Stopping threads took: 0.0000226 seconds
2015-04-14T21:05:30.546-0100: 3821.394: [GC (Allocation Failure) 
Desired survivor size 524288 bytes, new threshold 1 (max 15)
[PSYoungGen: 2304K->256K(2560K)] 11277K->9269K(13824K), 0.0010961 secs] [Times: user=0.00 sys=0.00, real=0.00 secs] 
2015-04-14T21:05:30.548-0100: 3821.395: Total time for which application threads were stopped: 0.0013132 seconds, Stopping threads took: 0.0000238 seconds
2015-04-14T21:05:31.605-0100: 3822.453: [GC (Allocation Failure) 
Desired survivor size 524288 bytes, new threshold 1 (max 15)
[PSYoungGen: 2304K->288K(2560K)] 11317K->9341K(13824K), 0.0010748 secs] [Times: user=0.00 sys=0.00, real=0.00 secs] 
2015-04-14T21:05:31.606-0100: 3822.454: Total time for which application threads were stopped: 0.0012726 seconds, Stopping threads took: 0.0000225 seconds
2015-04-14T21:05:32.641-0100: 3823.489: [GC (Allocation Failure) 
Desired survivor size 524288 bytes, new threshold 1 (max 15)
[PSYoungGen: 2336K->288K(2560K)] 11389K->9365K(13824K), 0.0010901 secs] [Times: user=0.01 sys=0.01, real=0.00 secs] 
2015-04-14T21:05:32.643-0100: 3823.490: Total time for which application threads were stopped: 0.0012807 seconds, Stopping threads took: 0.0000209 seconds
2015-04-14T21:05:33.659-0100: 3824.506: [GC (Allocation Failure) 
Desired survivor size 524288 bytes, new threshold 1 (max 15)
[PSYoungGen: 2336K->160K(2560K)] 11413K->9253K(13824K), 0.0010068 secs] [Times: user=0.00 sys=0.00, real=0.01 secs] 
2015-04-14T21:05:33.660-0100: 3824.508: Total time for which application threads were stopped: 0.0012186 seconds, Stopping threads took: 0.0000266 seconds
2015-04-14T21:05:34.647-0100: 3825.495: [GC (Allocation Failure) 
Desired survivor size 524288 bytes, new threshold 1 (max 15)
[PSYoungGen: 2208K->288K(2560K)] 11301K->9421K(13824K), 0.0010638 secs] [Times: user=0.00 sys=0.00, real=0.00 secs] 
2015-04-14T21:05:34.649-0100: 3825.496: Total time for which application threads were stopped: 0.0012561 seconds, Stopping threads took: 0.0000224 seconds
2015-04-14T21:05:35.634-0100: 3826.482: [GC (Allocation Failure) 
Desired survivor size 524288 bytes, new threshold 1 (max 15)
[PSYoungGen: 2336K->256K(2560K)] 11469K->9413K(13824K), 0.0010921 secs] [Times: user=0.00 sys=0.00, real=0.00 secs] 
2015-04-14T21:05:35.635-0100: 3826.483: Total time for which application threads were stopped: 0.0012910 seconds, Stopping threads took: 0.0000220 seconds
2015-04-14T21:05:36.653-0100: 3827.501: [GC (Allocation Failure) 
Desired survivor size 524288 bytes, new threshold 1 (max 15)
[PSYoungGen: 2304K->288K(2560K)] 11461K->9485K(13824K), 0.0010937 secs] [Times: user=0.00 sys=0.00, real=0.00 secs] 
2015-04-14T21:05:36.654-0100: 3827.502: Total time for which application threads were stopped: 0.0013022 seconds, Stopping threads took: 0.0000219 seconds
2015-04-14T21:05:37.657-0100: 3828.505: [GC (Allocation Failure) 
Desired survivor size 524288 bytes, new threshold 1 (max 15)
[PSYoungGen: 2336K->256K(2560K)] 11533K->9477K(13824K), 0.0010768 secs] [Times: user=0.00 sys=0.00, real=0.00 secs] 
2015-04-14T21:05:37.658-0100: 3828.506: Total time for which application threads were stopped: 0.0013052 seconds, Stopping threads took: 0.0000239 seconds
2015-04-14T21:05:38.672-0100: 3829.520: [GC (Allocation Failure) 
Desired survivor size 524288 bytes, new threshold 1 (max 15)
[PSYoungGen: 2304K->256K(2560K)] 11525K->9509K(13824K), 0.0009832 secs] [Times: user=0.00 sys=0.00, real=0.00 secs] 
2015-04-14T21:05:38.673-0100: 3829.521: Total time for which application threads were stopped: 0.0011833 seconds, Stopping threads took: 0.0000272 seconds
2015-04-14T21:05:39.680-0100: 3830.528: [GC (Allocation Failure) 
Desired survivor size 524288 bytes, new threshold 1 (max 15)
[PSYoungGen: 2304K->256K(2560K)] 11557K->9541K(13824K), 0.0010945 secs] [Times: user=0.00 sys=0.00, real=0.00 secs] 
2015-04-14T21:05:39.682-0100: 3830.530: Total time for which application threads were stopped: 0.0012888 seconds, Stopping threads took: 0.0000245 seconds
2015-04-14T21:05:40.598-0100: 3831.446: [GC (Allocation Failure) 
Desired survivor size 524288 bytes, new threshold 1 (max 15)
[PSYoungGen: 2304K->256K(2560K)] 11589K->9573K(13824K), 0.0010354 secs] [Times: user=0.00 sys=0.00, real=0.00 secs] 
2015-04-14T21:05:40.599-0100: 3831.447: Total time for which application threads were stopped: 0.0012283 seconds, Stopping threads took: 0.0000199 seconds
2015-04-14T21:05:41.533-0100: 3832.381: [GC (Allocation Failure) 
Desired survivor size 524288 bytes, new threshold 1 (max 15)
[PSYoungGen: 2304K->288K(2560K)] 11621K->9637K(13824K), 0.0010745 secs] [Times: user=0.00 sys=0.00, real=0.00 secs] 
2015-04-14T21:05:41.534-0100: 3832.382: Total time for which application threads were stopped: 0.0012689 seconds, Stopping threads took: 0.0000223 seconds
2015-04-14T21:05:42.436-0100: 3833.284: [GC (Allocation Failure) 
Desired survivor size 524288 bytes, new threshold 1 (max 15)
[PSYoungGen: 2336K->256K(2560K)] 11685K->9621K(13824K), 0.0010059 secs] [Times: user=0.00 sys=0.00, real=0.00 secs] 
2015-04-14T21:05:42.437-0100: 3833.285: Total time for which application threads were stopped: 0.0011937 seconds, Stopping threads took: 0.0000217 seconds
2015-04-14T21:05:43.392-0100: 3834.240: [GC (Allocation Failure) 
Desired survivor size 524288 bytes, new threshold 1 (max 15)
[PSYoungGen: 2304K->256K(2560K)] 11669K->9645K(13824K), 0.0010816 secs] [Times: user=0.01 sys=0.00, real=0.00 secs] 
2015-04-14T21:05:43.393-0100: 3834.241: Total time for which application threads were stopped: 0.0012780 seconds, Stopping threads took: 0.0000234 seconds
2015-04-14T21:05:44.276-0100: 3835.124: [GC (Allocation Failure) 
Desired survivor size 524288 bytes, new threshold 1 (max 15)
[PSYoungGen: 2304K->288K(2560K)] 11693K->9701K(13824K), 0.0009399 secs] [Times: user=0.00 sys=0.00, real=0.00 secs] 
2015-04-14T21:05:44.277-0100: 3835.125: Total time for which application threads were stopped: 0.0011097 seconds, Stopping threads took: 0.0000196 seconds
2015-04-14T21:05:45.145-0100: 3835.993: [GC (Allocation Failure) 
Desired survivor size 524288 bytes, new threshold 1 (max 15)
[PSYoungGen: 2336K->256K(2560K)] 11749K->9709K(13824K), 0.0010919 secs] [Times: user=0.00 sys=0.00, real=0.00 secs] 
2015-04-14T21:05:45.146-0100: 3835.994: Total time for which application threads were stopped: 0.0012935 seconds, Stopping threads took: 0.0000241 seconds
2015-04-14T21:05:45.984-0100: 3836.832: [GC (Allocation Failure) 
Desired survivor size 524288 bytes, new threshold 1 (max 15)
[PSYoungGen: 2304K->256K(2560K)] 11757K->9741K(13824K), 0.0010034 secs] [Times: user=0.00 sys=0.00, real=0.00 secs] 
2015-04-14T21:05:45.985-0100: 3836.833: Total time for which application threads were stopped: 0.0011912 seconds, Stopping threads took: 0.0000222 seconds
2015-04-14T21:05:46.851-0100: 3837.699: [GC (Allocation Failure) 
Desired survivor size 524288 bytes, new threshold 1 (max 15)
[PSYoungGen: 2304K->288K(2560K)] 11789K->9805K(13824K), 0.0010603 secs] [Times: user=0.00 sys=0.00, real=0.00 secs] 
2015-04-14T21:05:46.852-0100: 3837.700: Total time for which application threads were stopped: 0.0012464 seconds, Stopping threads took: 0.0000222 seconds
2015-04-14T21:05:47.734-0100: 3838.582: [GC (Allocation Failure) 
Desired survivor size 524288 bytes, new threshold 1 (max 15)
[PSYoungGen: 2336K->256K(2560K)] 11853K->9805K(13824K), 0.0010436 secs] [Times: user=0.00 sys=0.00, real=0.00 secs] 
2015-04-14T21:05:47.735-0100: 3838.583: Total time for which application threads were stopped: 0.0012495 seconds, Stopping threads took: 0.0000265 seconds
2015-04-14T21:05:48.639-0100: 3839.487: [GC (Allocation Failure) 
Desired survivor size 524288 bytes, new threshold 1 (max 15)
[PSYoungGen: 2304K->288K(2560K)] 11853K->9877K(13824K), 0.0011656 secs] [Times: user=0.00 sys=0.00, real=0.01 secs] 
2015-04-14T21:05:48.640-0100: 3839.489: Total time for which application threads were stopped: 0.0013472 seconds, Stopping threads took: 0.0000217 seconds
2015-04-14T21:05:49.577-0100: 3840.425: [GC (Allocation Failure) 
Desired survivor size 524288 bytes, new threshold 1 (max 15)
[PSYoungGen: 2336K->224K(2560K)] 11925K->9837K(13824K), 0.0007721 secs] [Times: user=0.01 sys=0.00, real=0.00 secs] 
2015-04-14T21:05:49.578-0100: 3840.426: Total time for which application threads were stopped: 0.0009140 seconds, Stopping threads took: 0.0000158 seconds
2015-04-14T21:05:50.514-0100: 3841.363: [GC (Allocation Failure) 
Desired survivor size 524288 bytes, new threshold 1 (max 15)
[PSYoungGen: 2272K->256K(2560K)] 11885K->9909K(13824K), 0.0010156 secs] [Times: user=0.01 sys=0.00, real=0.00 secs] 
2015-04-14T21:05:50.516-0100: 3841.364: Total time for which application threads were stopped: 0.0011948 seconds, Stopping threads took: 0.0000213 seconds
2015-04-14T21:05:51.548-0100: 3842.396: [GC (Allocation Failure) 
Desired survivor size 524288 bytes, new threshold 1 (max 15)
[PSYoungGen: 2304K->288K(2560K)] 11957K->9981K(13824K), 0.0011110 secs] [Times: user=0.00 sys=0.00, real=0.00 secs] 
2015-04-14T21:05:51.549-0100: 3842.397: Total time for which application threads were stopped: 0.0013375 seconds, Stopping threads took: 0.0000268 seconds
2015-04-14T21:05:52.604-0100: 3843.452: [GC (Allocation Failure) 
Desired survivor size 524288 bytes, new threshold 1 (max 15)
[PSYoungGen: 2336K->288K(2560K)] 12029K->10013K(13824K), 0.0010689 secs] [Times: user=0.01 sys=0.00, real=0.00 secs] 
2015-04-14T21:05:52.605-0100: 3843.454: Total time for which application threads were stopped: 0.0012522 seconds, Stopping threads took: 0.0000203 seconds
2015-04-14T21:05:53.640-0100: 3844.489: [GC (Allocation Failure) 
Desired survivor size 524288 bytes, new threshold 1 (max 15)
[PSYoungGen: 2336K->256K(2560K)] 12061K->10005K(13824K), 0.0010156 secs] [Times: user=0.01 sys=0.00, real=0.00 secs] 
2015-04-14T21:05:53.641-0100: 3844.490: Total time for which application threads were stopped: 0.0012006 seconds, Stopping threads took: 0.0000224 seconds
2015-04-14T21:05:54.641-0100: 3845.489: [GC (Allocation Failure) 
Desired survivor size 524288 bytes, new threshold 1 (max 15)
[PSYoungGen: 2304K->160K(2560K)] 12053K->9925K(13824K), 0.0010183 secs] [Times: user=0.00 sys=0.00, real=0.00 secs] 
2015-04-14T21:05:54.642-0100: 3845.490: Total time for which application threads were stopped: 0.0012256 seconds, Stopping threads took: 0.0000260 seconds
2015-04-14T21:05:55.681-0100: 3846.529: [GC (Allocation Failure) 
Desired survivor size 524288 bytes, new threshold 1 (max 15)
[PSYoungGen: 2208K->256K(2560K)] 11973K->10053K(13824K), 0.0009922 secs] [Times: user=0.00 sys=0.00, real=0.00 secs] 
2015-04-14T21:05:55.682-0100: 3846.530: Total time for which application threads were stopped: 0.0011705 seconds, Stopping threads took: 0.0000216 seconds
2015-04-14T21:05:56.715-0100: 3847.563: [GC (Allocation Failure) 
Desired survivor size 524288 bytes, new threshold 1 (max 15)
[PSYoungGen: 2304K->288K(2560K)] 12101K->10109K(13824K), 0.0010299 secs] [Times: user=0.01 sys=0.00, real=0.00 secs] 
2015-04-14T21:05:56.716-0100: 3847.565: Total time for which application threads were stopped: 0.0012229 seconds, Stopping threads took: 0.0000216 seconds
2015-04-14T21:05:57.720-0100: 3848.568: [GC (Allocation Failure) 
Desired survivor size 524288 bytes, new threshold 1 (max 15)
[PSYoungGen: 2336K->256K(2560K)] 12157K->10101K(13824K), 0.0011341 secs] [Times: user=0.01 sys=0.00, real=0.00 secs] 
2015-04-14T21:05:57.721-0100: 3848.569: Total time for which application threads were stopped: 0.0013239 seconds, Stopping threads took: 0.0000227 seconds
2015-04-14T21:05:58.770-0100: 3849.618: [GC (Allocation Failure) 
Desired survivor size 524288 bytes, new threshold 1 (max 15)
[PSYoungGen: 2304K->288K(2560K)] 12149K->10149K(13824K), 0.0010288 secs] [Times: user=0.01 sys=0.00, real=0.00 secs] 
2015-04-14T21:05:58.771-0100: 3849.619: Total time for which application threads were stopped: 0.0012453 seconds, Stopping threads took: 0.0000302 seconds
2015-04-14T21:05:59.775-0100: 3850.623: [GC (Allocation Failure) 
Desired survivor size 524288 bytes, new threshold 1 (max 15)
[PSYoungGen: 2336K->256K(2560K)] 12197K->10141K(13824K), 0.0007701 secs] [Times: user=0.00 sys=0.00, real=0.00 secs] 
2015-04-14T21:05:59.775-0100: 3850.624: Total time for which application threads were stopped: 0.0009135 seconds, Stopping threads took: 0.0000158 seconds
2015-04-14T21:06:00.662-0100: 3851.510: [GC (Allocation Failure) 
Desired survivor size 524288 bytes, new threshold 1 (max 15)
[PSYoungGen: 2304K->288K(2560K)] 12189K->10213K(13824K), 0.0010142 secs] [Times: user=0.01 sys=0.00, real=0.00 secs] 
2015-04-14T21:06:00.663-0100: 3851.511: Total time for which application threads were stopped: 0.0012182 seconds, Stopping threads took: 0.0000217 seconds
2015-04-14T21:06:01.663-0100: 3852.511: [GC (Allocation Failure) 
Desired survivor size 524288 bytes, new threshold 1 (max 15)
[PSYoungGen: 2336K->256K(2560K)] 12261K->10213K(13824K), 0.0007494 secs] [Times: user=0.00 sys=0.00, real=0.00 secs] 
2015-04-14T21:06:01.664-0100: 3852.512: Total time for which application threads were stopped: 0.0009046 seconds, Stopping threads took: 0.0000179 seconds
2015-04-14T21:06:02.666-0100: 3853.515: [GC (Allocation Failure) 
Desired survivor size 524288 bytes, new threshold 1 (max 15)
[PSYoungGen: 2304K->288K(2560K)] 12261K->10269K(13824K), 0.0007473 secs] [Times: user=0.00 sys=0.00, real=0.00 secs] 
2015-04-14T21:06:02.667-0100: 3853.515: Total time for which application threads were stopped: 0.0008936 seconds, Stopping threads took: 0.0000161 seconds
2015-04-14T21:06:03.701-0100: 3854.550: [GC (Allocation Failure) 
Desired survivor size 524288 bytes, new threshold 1 (max 15)
[PSYoungGen: 2336K->256K(2560K)] 12317K->10269K(13824K), 0.0010422 secs] [Times: user=0.00 sys=0.00, real=0.00 secs] 
2015-04-14T21:06:03.703-0100: 3854.551: Total time for which application threads were stopped: 0.0013446 seconds, Stopping threads took: 0.0000522 seconds
2015-04-14T21:06:04.725-0100: 3855.574: [GC (Allocation Failure) 
Desired survivor size 524288 bytes, new threshold 1 (max 15)
[PSYoungGen: 2304K->288K(2560K)] 12317K->10325K(13824K), 0.0010343 secs] [Times: user=0.00 sys=0.00, real=0.00 secs] 
2015-04-14T21:06:04.726-0100: 3855.575: Total time for which application threads were stopped: 0.0012321 seconds, Stopping threads took: 0.0000225 seconds
2015-04-14T21:06:05.776-0100: 3856.624: [GC (Allocation Failure) 
Desired survivor size 524288 bytes, new threshold 1 (max 15)
[PSYoungGen: 2336K->288K(2560K)] 12373K->10357K(13824K), 0.0009737 secs] [Times: user=0.00 sys=0.00, real=0.00 secs] 
2015-04-14T21:06:05.777-0100: 3856.625: Total time for which application threads were stopped: 0.0011746 seconds, Stopping threads took: 0.0000253 seconds
2015-04-14T21:06:06.765-0100: 3857.613: [GC (Allocation Failure) 
Desired survivor size 524288 bytes, new threshold 1 (max 15)
[PSYoungGen: 2336K->288K(2560K)] 12405K->10381K(13824K), 0.0009720 secs] [Times: user=0.00 sys=0.00, real=0.00 secs] 
2015-04-14T21:06:06.766-0100: 3857.614: Total time for which application threads were stopped: 0.0011504 seconds, Stopping threads took: 0.0000174 seconds
2015-04-14T21:06:07.783-0100: 3858.631: [GC (Allocation Failure) 
Desired survivor size 524288 bytes, new threshold 1 (max 15)
[PSYoungGen: 2336K->192K(2560K)] 12429K->10301K(13824K), 0.0008948 secs] [Times: user=0.00 sys=0.00, real=0.00 secs] 
2015-04-14T21:06:07.784-0100: 3858.632: Total time for which application threads were stopped: 0.0010822 seconds, Stopping threads took: 0.0000176 seconds
2015-04-14T21:06:08.787-0100: 3859.635: [GC (Allocation Failure) 
Desired survivor size 524288 bytes, new threshold 1 (max 15)
[PSYoungGen: 2240K->256K(2560K)] 12349K->10389K(13824K), 0.0009175 secs] [Times: user=0.01 sys=0.00, real=0.00 secs] 
2015-04-14T21:06:08.788-0100: 3859.636: Total time for which application threads were stopped: 0.0011023 seconds, Stopping threads took: 0.0000213 seconds
2015-04-14T21:06:09.822-0100: 3860.671: [GC (Allocation Failure) 
Desired survivor size 524288 bytes, new threshold 1 (max 15)
[PSYoungGen: 2304K->256K(2560K)] 12437K->10413K(13824K), 0.0010515 secs] [Times: user=0.00 sys=0.00, real=0.00 secs] 
2015-04-14T21:06:09.823-0100: 3860.672: Total time for which application threads were stopped: 0.0012642 seconds, Stopping threads took: 0.0000218 seconds
2015-04-14T21:06:10.845-0100: 3861.693: [GC (Allocation Failure) 
Desired survivor size 524288 bytes, new threshold 1 (max 15)
[PSYoungGen: 2304K->256K(2560K)] 12461K->10445K(13824K), 0.0011148 secs] [Times: user=0.01 sys=0.01, real=0.00 secs] 
2015-04-14T21:06:10.846-0100: 3861.694: Total time for which application threads were stopped: 0.0013045 seconds, Stopping threads took: 0.0000220 seconds
2015-04-14T21:06:11.831-0100: 3862.680: [GC (Allocation Failure) 
Desired survivor size 524288 bytes, new threshold 1 (max 15)
[PSYoungGen: 2304K->224K(2560K)] 12493K->10445K(13824K), 0.0010785 secs] [Times: user=0.00 sys=0.01, real=0.00 secs] 
2015-04-14T21:06:11.832-0100: 3862.681: Total time for which application threads were stopped: 0.0012833 seconds, Stopping threads took: 0.0000233 seconds
2015-04-14T21:06:12.850-0100: 3863.698: [GC (Allocation Failure) 
Desired survivor size 524288 bytes, new threshold 1 (max 15)
[PSYoungGen: 2272K->224K(2560K)] 12493K->10469K(13824K), 0.0007742 secs] [Times: user=0.01 sys=0.00, real=0.00 secs] 
2015-04-14T21:06:12.850-0100: 3863.699: Total time for which application threads were stopped: 0.0009156 seconds, Stopping threads took: 0.0000180 seconds
2015-04-14T21:06:13.901-0100: 3864.750: [GC (Allocation Failure) 
Desired survivor size 524288 bytes, new threshold 1 (max 15)
[PSYoungGen: 2272K->128K(2560K)] 12517K->10381K(13824K), 0.0011162 secs] [Times: user=0.01 sys=0.00, real=0.00 secs] 
2015-04-14T21:06:13.903-0100: 3864.751: Total time for which application threads were stopped: 0.0013238 seconds, Stopping threads took: 0.0000248 seconds
2015-04-14T21:06:14.907-0100: 3865.755: [GC (Allocation Failure) 
Desired survivor size 524288 bytes, new threshold 1 (max 15)
[PSYoungGen: 2176K->256K(2560K)] 12429K->10557K(13824K), 0.0008487 secs] [Times: user=0.00 sys=0.00, real=0.00 secs] 
2015-04-14T21:06:14.908-0100: 3865.756: Total time for which application threads were stopped: 0.0010053 seconds, Stopping threads took: 0.0000174 seconds
2015-04-14T21:06:15.944-0100: 3866.793: [GC (Allocation Failure) 
Desired survivor size 524288 bytes, new threshold 1 (max 15)
[PSYoungGen: 2304K->224K(2560K)] 12605K->10549K(13824K), 0.0010701 secs] [Times: user=0.00 sys=0.00, real=0.00 secs] 
2015-04-14T21:06:15.945-0100: 3866.794: Total time for which application threads were stopped: 0.0012602 seconds, Stopping threads took: 0.0000231 seconds
2015-04-14T21:06:16.929-0100: 3867.777: [GC (Allocation Failure) 
Desired survivor size 524288 bytes, new threshold 1 (max 15)
[PSYoungGen: 2272K->256K(2560K)] 12597K->10597K(13824K), 0.0010795 secs] [Times: user=0.00 sys=0.00, real=0.01 secs] 
2015-04-14T21:06:16.930-0100: 3867.778: Total time for which application threads were stopped: 0.0012714 seconds, Stopping threads took: 0.0000214 seconds
2015-04-14T21:06:17.931-0100: 3868.779: [GC (Allocation Failure) 
Desired survivor size 524288 bytes, new threshold 1 (max 15)
[PSYoungGen: 2304K->192K(2560K)] 12645K->10549K(13824K), 0.0010607 secs] [Times: user=0.00 sys=0.00, real=0.00 secs] 
2015-04-14T21:06:17.932-0100: 3868.781: Total time for which application threads were stopped: 0.0012944 seconds, Stopping threads took: 0.0000274 seconds
2015-04-14T21:06:18.985-0100: 3869.834: [GC (Allocation Failure) 
Desired survivor size 524288 bytes, new threshold 1 (max 15)
[PSYoungGen: 2240K->256K(2560K)] 12597K->10645K(13824K), 0.0010225 secs] [Times: user=0.01 sys=0.00, real=0.00 secs] 
2015-04-14T21:06:18.986-0100: 3869.835: Total time for which application threads were stopped: 0.0012389 seconds, Stopping threads took: 0.0000226 seconds
2015-04-14T21:06:20.023-0100: 3870.872: [GC (Allocation Failure) 
Desired survivor size 524288 bytes, new threshold 1 (max 15)
[PSYoungGen: 2304K->256K(2560K)] 12693K->10669K(13824K), 0.0011057 secs] [Times: user=0.00 sys=0.00, real=0.00 secs] 
2015-04-14T21:06:20.025-0100: 3870.873: Total time for which application threads were stopped: 0.0013094 seconds, Stopping threads took: 0.0000202 seconds
2015-04-14T21:06:21.068-0100: 3871.916: [GC (Allocation Failure) 
Desired survivor size 524288 bytes, new threshold 1 (max 15)
[PSYoungGen: 2304K->288K(2560K)] 12717K->10725K(13824K), 0.0011686 secs] [Times: user=0.00 sys=0.00, real=0.00 secs] 
2015-04-14T21:06:21.069-0100: 3871.917: Total time for which application threads were stopped: 0.0013841 seconds, Stopping threads took: 0.0000235 seconds
2015-04-14T21:06:22.079-0100: 3872.928: [GC (Allocation Failure) 
Desired survivor size 524288 bytes, new threshold 1 (max 15)
[PSYoungGen: 2336K->256K(2560K)] 12773K->10733K(13824K), 0.0009538 secs] [Times: user=0.00 sys=0.00, real=0.01 secs] 
2015-04-14T21:06:22.080-0100: 3872.929: Total time for which application threads were stopped: 0.0011519 seconds, Stopping threads took: 0.0000266 seconds
2015-04-14T21:06:23.083-0100: 3873.932: [GC (Allocation Failure) 
Desired survivor size 524288 bytes, new threshold 1 (max 15)
[PSYoungGen: 2304K->256K(2560K)] 12781K->10765K(13824K), 0.0010024 secs] [Times: user=0.01 sys=0.00, real=0.00 secs] 
2015-04-14T21:06:23.084-0100: 3873.933: Total time for which application threads were stopped: 0.0011900 seconds, Stopping threads took: 0.0000208 seconds
2015-04-14T21:06:24.086-0100: 3874.935: [GC (Allocation Failure) 
Desired survivor size 524288 bytes, new threshold 1 (max 15)
[PSYoungGen: 2304K->288K(2560K)] 12813K->10829K(13824K), 0.0010227 secs] [Times: user=0.01 sys=0.00, real=0.00 secs] 
2015-04-14T21:06:24.087-0100: 3874.936: Total time for which application threads were stopped: 0.0012222 seconds, Stopping threads took: 0.0000199 seconds
2015-04-14T21:06:25.089-0100: 3875.938: [GC (Allocation Failure) 
Desired survivor size 524288 bytes, new threshold 1 (max 15)
[PSYoungGen: 2336K->256K(2560K)] 12877K->10829K(13824K), 0.0010236 secs] [Times: user=0.00 sys=0.00, real=0.01 secs] 
2015-04-14T21:06:25.090-0100: 3875.939: Total time for which application threads were stopped: 0.0012237 seconds, Stopping threads took: 0.0000238 seconds
2015-04-14T21:06:26.092-0100: 3876.941: [GC (Allocation Failure) 
Desired survivor size 524288 bytes, new threshold 1 (max 15)
[PSYoungGen: 2304K->256K(2560K)] 12877K->10845K(13824K), 0.0010211 secs] [Times: user=0.00 sys=0.00, real=0.00 secs] 
2015-04-14T21:06:26.093-0100: 3876.942: Total time for which application threads were stopped: 0.0012066 seconds, Stopping threads took: 0.0000220 seconds
2015-04-14T21:06:27.126-0100: 3877.975: [GC (Allocation Failure) 
Desired survivor size 524288 bytes, new threshold 1 (max 15)
[PSYoungGen: 2304K->256K(2560K)] 12893K->10869K(13824K), 0.0011068 secs] [Times: user=0.01 sys=0.00, real=0.00 secs] 
2015-04-14T21:06:27.127-0100: 3877.976: Total time for which application threads were stopped: 0.0013134 seconds, Stopping threads took: 0.0000243 seconds
2015-04-14T21:06:28.199-0100: 3879.048: [GC (Allocation Failure) 
Desired survivor size 524288 bytes, new threshold 1 (max 15)
[PSYoungGen: 2304K->160K(2560K)] 12917K->10789K(13824K), 0.0010861 secs] [Times: user=0.00 sys=0.00, real=0.01 secs] 
2015-04-14T21:06:28.200-0100: 3879.049: Total time for which application threads were stopped: 0.0012823 seconds, Stopping threads took: 0.0000226 seconds
2015-04-14T21:06:29.236-0100: 3880.085: [GC (Allocation Failure) 
Desired survivor size 524288 bytes, new threshold 1 (max 15)
[PSYoungGen: 2208K->256K(2560K)] 12837K->10925K(13824K), 0.0010510 secs] [Times: user=0.00 sys=0.00, real=0.00 secs] 
2015-04-14T21:06:29.237-0100: 3880.086: Total time for which application threads were stopped: 0.0012416 seconds, Stopping threads took: 0.0000217 seconds
2015-04-14T21:06:30.302-0100: 3881.151: [GC (Allocation Failure) 
Desired survivor size 524288 bytes, new threshold 1 (max 15)
[PSYoungGen: 2304K->256K(2560K)] 12973K->10949K(13824K), 0.0009954 secs] [Times: user=0.00 sys=0.00, real=0.00 secs] 
2015-04-14T21:06:30.303-0100: 3881.152: Total time for which application threads were stopped: 0.0011863 seconds, Stopping threads took: 0.0000283 seconds
2015-04-14T21:06:31.293-0100: 3882.142: [GC (Allocation Failure) 
Desired survivor size 524288 bytes, new threshold 1 (max 15)
[PSYoungGen: 2304K->256K(2560K)] 12997K->10989K(13824K), 0.0010032 secs] [Times: user=0.00 sys=0.00, real=0.00 secs] 
2015-04-14T21:06:31.294-0100: 3882.143: Total time for which application threads were stopped: 0.0012136 seconds, Stopping threads took: 0.0000224 seconds
2015-04-14T21:06:32.346-0100: 3883.195: [GC (Allocation Failure) 
Desired survivor size 524288 bytes, new threshold 1 (max 15)
[PSYoungGen: 2304K->256K(2560K)] 13037K->11013K(13824K), 0.0011370 secs] [Times: user=0.01 sys=0.00, real=0.00 secs] 
2015-04-14T21:06:32.347-0100: 3883.196: Total time for which application threads were stopped: 0.0013256 seconds, Stopping threads took: 0.0000202 seconds
2015-04-14T21:06:33.382-0100: 3884.231: [GC (Allocation Failure) 
Desired survivor size 524288 bytes, new threshold 1 (max 15)
[PSYoungGen: 2304K->256K(2560K)] 13061K->11037K(13824K), 0.0010789 secs] [Times: user=0.01 sys=0.00, real=0.00 secs] 
2015-04-14T21:06:33.383-0100: 3884.232: Total time for which application threads were stopped: 0.0012826 seconds, Stopping threads took: 0.0000220 seconds
2015-04-14T21:06:34.399-0100: 3885.248: [GC (Allocation Failure) 
Desired survivor size 524288 bytes, new threshold 1 (max 15)
[PSYoungGen: 2304K->288K(2560K)] 13085K->11101K(13824K), 0.0008445 secs] [Times: user=0.00 sys=0.00, real=0.01 secs] 
2015-04-14T21:06:34.400-0100: 3885.249: Total time for which application threads were stopped: 0.0010149 seconds, Stopping threads took: 0.0000184 seconds
2015-04-14T21:06:35.421-0100: 3886.270: [GC (Allocation Failure) 
Desired survivor size 524288 bytes, new threshold 1 (max 15)
[PSYoungGen: 2336K->288K(2560K)] 13149K->11141K(13824K), 0.0010947 secs] [Times: user=0.00 sys=0.00, real=0.00 secs] 
2015-04-14T21:06:35.422-0100: 3886.271: Total time for which application threads were stopped: 0.0012900 seconds, Stopping threads took: 0.0000230 seconds
2015-04-14T21:06:36.447-0100: 3887.296: [GC (Allocation Failure) 
Desired survivor size 524288 bytes, new threshold 1 (max 15)
[PSYoungGen: 2336K->256K(2560K)] 13189K->11133K(13824K), 0.0012109 secs] [Times: user=0.00 sys=0.00, real=0.00 secs] 
2015-04-14T21:06:36.448-0100: 3887.297: Total time for which application threads were stopped: 0.0014884 seconds, Stopping threads took: 0.0000346 seconds
2015-04-14T21:06:37.528-0100: 3888.377: [GC (Allocation Failure) 
Desired survivor size 524288 bytes, new threshold 1 (max 15)
[PSYoungGen: 2304K->256K(2560K)] 13181K->11157K(13824K), 0.0010642 secs] [Times: user=0.00 sys=0.00, real=0.00 secs] 
2015-04-14T21:06:37.529-0100: 3888.378: Total time for which application threads were stopped: 0.0012633 seconds, Stopping threads took: 0.0000252 seconds
2015-04-14T21:06:38.532-0100: 3889.381: [GC (Allocation Failure) 
Desired survivor size 524288 bytes, new threshold 1 (max 15)
[PSYoungGen: 2304K->256K(2560K)] 13205K->11189K(13824K), 0.0010764 secs] [Times: user=0.01 sys=0.00, real=0.00 secs] 
2015-04-14T21:06:38.533-0100: 3889.382: Total time for which application threads were stopped: 0.0012786 seconds, Stopping threads took: 0.0000237 seconds
2015-04-14T21:06:39.531-0100: 3890.380: [GC (Allocation Failure) 
Desired survivor size 524288 bytes, new threshold 1 (max 15)
[PSYoungGen: 2304K->256K(2560K)] 13237K->11221K(13824K), 0.0010373 secs] [Times: user=0.00 sys=0.00, real=0.00 secs] 
2015-04-14T21:06:39.532-0100: 3890.381: Total time for which application threads were stopped: 0.0012187 seconds, Stopping threads took: 0.0000250 seconds
2015-04-14T21:06:40.502-0100: 3891.351: [GC (Allocation Failure) 
Desired survivor size 524288 bytes, new threshold 1 (max 15)
[PSYoungGen: 2304K->224K(2560K)] 13269K->11213K(13824K), 0.0007732 secs] [Times: user=0.01 sys=0.00, real=0.00 secs] 
2015-04-14T21:06:40.503-0100: 3891.352: Total time for which application threads were stopped: 0.0009111 seconds, Stopping threads took: 0.0000149 seconds
2015-04-14T21:06:41.391-0100: 3892.240: [GC (Allocation Failure) 
Desired survivor size 524288 bytes, new threshold 1 (max 15)
[PSYoungGen: 2272K->288K(2560K)] 13261K->11309K(13824K), 0.0010652 secs] [Times: user=0.00 sys=0.00, real=0.00 secs] 
2015-04-14T21:06:41.392-0100: 3892.241: Total time for which application threads were stopped: 0.0012636 seconds, Stopping threads took: 0.0000245 seconds
2015-04-14T21:06:42.359-0100: 3893.208: [GC (Allocation Failure) 
Desired survivor size 524288 bytes, new threshold 1 (max 15)
[PSYoungGen: 2336K->288K(2560K)] 13357K->11333K(13824K), 0.0010523 secs] [Times: user=0.00 sys=0.00, real=0.01 secs] 
2015-04-14T21:06:42.360-0100: 3893.209: Total time for which application threads were stopped: 0.0012390 seconds, Stopping threads took: 0.0000219 seconds
2015-04-14T21:06:43.194-0100: 3894.043: [GC (Allocation Failure) 
Desired survivor size 524288 bytes, new threshold 1 (max 15)
[PSYoungGen: 2336K->288K(2560K)] 13381K->11365K(13824K), 0.0010890 secs] [Times: user=0.00 sys=0.00, real=0.00 secs] 
2015-04-14T21:06:43.195-0100: 3894.044: Total time for which application threads were stopped: 0.0012857 seconds, Stopping threads took: 0.0000221 seconds
2015-04-14T21:06:44.029-0100: 3894.878: [GC (Allocation Failure) 
Desired survivor size 524288 bytes, new threshold 1 (max 15)
[PSYoungGen: 2336K->224K(2560K)] 13413K->11325K(13824K), 0.0008798 secs] [Times: user=0.00 sys=0.00, real=0.01 secs] 
2015-04-14T21:06:44.030-0100: 3894.879: Total time for which application threads were stopped: 0.0010485 seconds, Stopping threads took: 0.0000167 seconds
2015-04-14T21:06:44.882-0100: 3895.731: [GC (Allocation Failure) 
Desired survivor size 524288 bytes, new threshold 1 (max 15)
[PSYoungGen: 2272K->288K(2560K)] 13373K->11429K(13824K), 0.0010544 secs] [Times: user=0.00 sys=0.00, real=0.00 secs] 
2015-04-14T21:06:44.883-0100: 3895.732: Total time for which application threads were stopped: 0.0012467 seconds, Stopping threads took: 0.0000237 seconds
2015-04-14T21:06:45.704-0100: 3896.553: [GC (Allocation Failure) 
Desired survivor size 524288 bytes, new threshold 1 (max 15)
[PSYoungGen: 2336K->256K(2560K)] 13477K->11437K(13824K), 0.0011033 secs] [Times: user=0.00 sys=0.00, real=0.00 secs] 
2015-04-14T21:06:45.706-0100: 3896.555: Total time for which application threads were stopped: 0.0013121 seconds, Stopping threads took: 0.0000228 seconds
2015-04-14T21:06:46.540-0100: 3897.389: [GC (Allocation Failure) 
Desired survivor size 524288 bytes, new threshold 1 (max 15)
[PSYoungGen: 2304K->256K(2560K)] 13485K->11469K(13824K), 0.0011043 secs] [Times: user=0.00 sys=0.00, real=0.00 secs] 
2015-04-14T21:06:46.541-0100: 3897.390: Total time for which application threads were stopped: 0.0013027 seconds, Stopping threads took: 0.0000237 seconds
2015-04-14T21:06:47.425-0100: 3898.274: [GC (Allocation Failure) 
Desired survivor size 524288 bytes, new threshold 1 (max 15)
[PSYoungGen: 2304K->288K(2560K)] 13517K->11533K(13824K), 0.0010580 secs] [Times: user=0.01 sys=0.00, real=0.00 secs] 
2015-04-14T21:06:47.426-0100: 3898.275: [Full GC (Ergonomics) [PSYoungGen: 288K->0K(2560K)] [ParOldGen: 11245K->8350K(11264K)] 11533K->8350K(13824K), [Metaspace: 17890K->17890K(1064960K)], 0.0185982 secs] [Times: user=0.05 sys=0.00, real=0.02 secs] 
2015-04-14T21:06:47.445-0100: 3898.294: Total time for which application threads were stopped: 0.0199645 seconds, Stopping threads took: 0.0000231 seconds
2015-04-14T21:06:48.394-0100: 3899.243: [GC (Allocation Failure) 
Desired survivor size 524288 bytes, new threshold 1 (max 15)
[PSYoungGen: 2048K->256K(2560K)] 10398K->8606K(13824K), 0.0010976 secs] [Times: user=0.00 sys=0.00, real=0.00 secs] 
2015-04-14T21:06:48.396-0100: 3899.245: Total time for which application threads were stopped: 0.0012945 seconds, Stopping threads took: 0.0000224 seconds
2015-04-14T21:06:49.381-0100: 3900.230: [GC (Allocation Failure) 
Desired survivor size 524288 bytes, new threshold 1 (max 15)
[PSYoungGen: 2304K->256K(2560K)] 10654K->8638K(13824K), 0.0010881 secs] [Times: user=0.00 sys=0.00, real=0.00 secs] 
2015-04-14T21:06:49.382-0100: 3900.231: Total time for which application threads were stopped: 0.0012823 seconds, Stopping threads took: 0.0000220 seconds
2015-04-14T21:06:50.299-0100: 3901.148: [GC (Allocation Failure) 
Desired survivor size 524288 bytes, new threshold 1 (max 15)
[PSYoungGen: 2304K->192K(2560K)] 10686K->8590K(13824K), 0.0010976 secs] [Times: user=0.00 sys=0.00, real=0.01 secs] 
2015-04-14T21:06:50.300-0100: 3901.150: Total time for which application threads were stopped: 0.0013753 seconds, Stopping threads took: 0.0000241 seconds
2015-04-14T21:06:51.304-0100: 3902.153: [GC (Allocation Failure) 
Desired survivor size 524288 bytes, new threshold 1 (max 15)
[PSYoungGen: 2240K->256K(2560K)] 10638K->8694K(13824K), 0.0010263 secs] [Times: user=0.01 sys=0.00, real=0.00 secs] 
2015-04-14T21:06:51.305-0100: 3902.154: Total time for which application threads were stopped: 0.0012217 seconds, Stopping threads took: 0.0000235 seconds
2015-04-14T21:06:52.344-0100: 3903.194: [GC (Allocation Failure) 
Desired survivor size 524288 bytes, new threshold 1 (max 15)
[PSYoungGen: 2304K->288K(2560K)] 10742K->8766K(13824K), 0.0010242 secs] [Times: user=0.00 sys=0.00, real=0.00 secs] 
2015-04-14T21:06:52.346-0100: 3903.195: Total time for which application threads were stopped: 0.0011990 seconds, Stopping threads took: 0.0000203 seconds
2015-04-14T21:06:53.361-0100: 3904.210: [GC (Allocation Failure) 
Desired survivor size 524288 bytes, new threshold 1 (max 15)
[PSYoungGen: 2336K->256K(2560K)] 10814K->8774K(13824K), 0.0009659 secs] [Times: user=0.01 sys=0.00, real=0.00 secs] 
2015-04-14T21:06:53.362-0100: 3904.211: Total time for which application threads were stopped: 0.0011470 seconds, Stopping threads took: 0.0000230 seconds
2015-04-14T21:06:54.365-0100: 3905.214: [GC (Allocation Failure) 
Desired survivor size 524288 bytes, new threshold 1 (max 15)
[PSYoungGen: 2304K->288K(2560K)] 10822K->8830K(13824K), 0.0010671 secs] [Times: user=0.00 sys=0.00, real=0.00 secs] 
2015-04-14T21:06:54.366-0100: 3905.215: Total time for which application threads were stopped: 0.0012537 seconds, Stopping threads took: 0.0000206 seconds
2015-04-14T21:06:55.401-0100: 3906.250: [GC (Allocation Failure) 
Desired survivor size 524288 bytes, new threshold 1 (max 15)
[PSYoungGen: 2336K->256K(2560K)] 10878K->8838K(13824K), 0.0010129 secs] [Times: user=0.00 sys=0.00, real=0.00 secs] 
2015-04-14T21:06:55.402-0100: 3906.251: Total time for which application threads were stopped: 0.0012128 seconds, Stopping threads took: 0.0000234 seconds
2015-04-14T21:06:56.419-0100: 3907.268: [GC (Allocation Failure) 
Desired survivor size 524288 bytes, new threshold 1 (max 15)
[PSYoungGen: 2304K->256K(2560K)] 10886K->8862K(13824K), 0.0010871 secs] [Times: user=0.00 sys=0.00, real=0.01 secs] 
2015-04-14T21:06:56.420-0100: 3907.269: Total time for which application threads were stopped: 0.0013185 seconds, Stopping threads took: 0.0000412 seconds
2015-04-14T21:06:57.407-0100: 3908.256: [GC (Allocation Failure) 
Desired survivor size 524288 bytes, new threshold 1 (max 15)
[PSYoungGen: 2304K->288K(2560K)] 10910K->8942K(13824K), 0.0009821 secs] [Times: user=0.00 sys=0.00, real=0.00 secs] 
2015-04-14T21:06:57.408-0100: 3908.257: Total time for which application threads were stopped: 0.0011831 seconds, Stopping threads took: 0.0000235 seconds
2015-04-14T21:06:58.426-0100: 3909.275: [GC (Allocation Failure) 
Desired survivor size 524288 bytes, new threshold 1 (max 15)
[PSYoungGen: 2336K->256K(2560K)] 10990K->8942K(13824K), 0.0010497 secs] [Times: user=0.00 sys=0.00, real=0.00 secs] 
2015-04-14T21:06:58.427-0100: 3909.277: Total time for which application threads were stopped: 0.0012403 seconds, Stopping threads took: 0.0000220 seconds
2015-04-14T21:06:59.480-0100: 3910.329: [GC (Allocation Failure) 
Desired survivor size 524288 bytes, new threshold 1 (max 15)
[PSYoungGen: 2304K->288K(2560K)] 10990K->9006K(13824K), 0.0010819 secs] [Times: user=0.00 sys=0.01, real=0.00 secs] 
2015-04-14T21:06:59.481-0100: 3910.331: Total time for which application threads were stopped: 0.0012831 seconds, Stopping threads took: 0.0000232 seconds
2015-04-14T21:07:00.331-0100: 3911.181: [GC (Allocation Failure) 
Desired survivor size 524288 bytes, new threshold 1 (max 15)
[PSYoungGen: 2336K->288K(2560K)] 11054K->9038K(13824K), 0.0009684 secs] [Times: user=0.00 sys=0.00, real=0.00 secs] 
2015-04-14T21:07:00.332-0100: 3911.182: Total time for which application threads were stopped: 0.0011396 seconds, Stopping threads took: 0.0000212 seconds
2015-04-14T21:07:01.384-0100: 3912.233: [GC (Allocation Failure) 
Desired survivor size 524288 bytes, new threshold 1 (max 15)
[PSYoungGen: 2336K->256K(2560K)] 11086K->9054K(13824K), 0.0010646 secs] [Times: user=0.01 sys=0.00, real=0.00 secs] 
2015-04-14T21:07:01.385-0100: 3912.234: Total time for which application threads were stopped: 0.0012744 seconds, Stopping threads took: 0.0000246 seconds
2015-04-14T21:07:02.374-0100: 3913.223: [GC (Allocation Failure) 
Desired survivor size 524288 bytes, new threshold 1 (max 15)
[PSYoungGen: 2304K->256K(2560K)] 11102K->9094K(13824K), 0.0010839 secs] [Times: user=0.01 sys=0.00, real=0.00 secs] 
2015-04-14T21:07:02.375-0100: 3913.224: Total time for which application threads were stopped: 0.0012813 seconds, Stopping threads took: 0.0000243 seconds
2015-04-14T21:07:03.460-0100: 3914.309: [GC (Allocation Failure) 
Desired survivor size 524288 bytes, new threshold 1 (max 15)
[PSYoungGen: 2304K->256K(2560K)] 11142K->9118K(13824K), 0.0010120 secs] [Times: user=0.00 sys=0.00, real=0.00 secs] 
2015-04-14T21:07:03.461-0100: 3914.310: Total time for which application threads were stopped: 0.0012033 seconds, Stopping threads took: 0.0000237 seconds
2015-04-14T21:07:04.493-0100: 3915.343: [GC (Allocation Failure) 
Desired survivor size 524288 bytes, new threshold 1 (max 15)
[PSYoungGen: 2303K->256K(2560K)] 11166K->9142K(13824K), 0.0010069 secs] [Times: user=0.01 sys=0.00, real=0.00 secs] 
2015-04-14T21:07:04.494-0100: 3915.344: Total time for which application threads were stopped: 0.0012183 seconds, Stopping threads took: 0.0000327 seconds
2015-04-14T21:07:05.533-0100: 3916.382: [GC (Allocation Failure) 
Desired survivor size 524288 bytes, new threshold 1 (max 15)
[PSYoungGen: 2304K->256K(2560K)] 11190K->9182K(13824K), 0.0010946 secs] [Times: user=0.00 sys=0.00, real=0.00 secs] 
2015-04-14T21:07:05.534-0100: 3916.383: Total time for which application threads were stopped: 0.0012921 seconds, Stopping threads took: 0.0000239 seconds
2015-04-14T21:07:06.603-0100: 3917.452: [GC (Allocation Failure) 
Desired survivor size 524288 bytes, new threshold 1 (max 15)
[PSYoungGen: 2304K->288K(2560K)] 11230K->9238K(13824K), 0.0010582 secs] [Times: user=0.01 sys=0.00, real=0.00 secs] 
2015-04-14T21:07:06.604-0100: 3917.454: Total time for which application threads were stopped: 0.0012467 seconds, Stopping threads took: 0.0000206 seconds
2015-04-14T21:07:07.603-0100: 3918.452: [GC (Allocation Failure) 
Desired survivor size 524288 bytes, new threshold 1 (max 15)
[PSYoungGen: 2336K->288K(2560K)] 11286K->9270K(13824K), 0.0008932 secs] [Times: user=0.01 sys=0.00, real=0.00 secs] 
2015-04-14T21:07:07.604-0100: 3918.453: Total time for which application threads were stopped: 0.0010513 seconds, Stopping threads took: 0.0000164 seconds
2015-04-14T21:07:08.626-0100: 3919.475: [GC (Allocation Failure) 
Desired survivor size 524288 bytes, new threshold 1 (max 15)
[PSYoungGen: 2336K->256K(2560K)] 11318K->9270K(13824K), 0.0010304 secs] [Times: user=0.01 sys=0.00, real=0.00 secs] 
2015-04-14T21:07:08.627-0100: 3919.476: Total time for which application threads were stopped: 0.0012283 seconds, Stopping threads took: 0.0000199 seconds
2015-04-14T21:07:09.679-0100: 3920.528: [GC (Allocation Failure) 
Desired survivor size 524288 bytes, new threshold 1 (max 15)
[PSYoungGen: 2304K->288K(2560K)] 11318K->9334K(13824K), 0.0010891 secs] [Times: user=0.01 sys=0.00, real=0.01 secs] 
2015-04-14T21:07:09.680-0100: 3920.529: Total time for which application threads were stopped: 0.0012845 seconds, Stopping threads took: 0.0000231 seconds
2015-04-14T21:07:10.729-0100: 3921.578: [GC (Allocation Failure) 
Desired survivor size 524288 bytes, new threshold 1 (max 15)
[PSYoungGen: 2336K->256K(2560K)] 11382K->9342K(13824K), 0.0009576 secs] [Times: user=0.01 sys=0.00, real=0.01 secs] 
2015-04-14T21:07:10.730-0100: 3921.580: Total time for which application threads were stopped: 0.0011585 seconds, Stopping threads took: 0.0000296 seconds
2015-04-14T21:07:11.768-0100: 3922.617: [GC (Allocation Failure) 
Desired survivor size 524288 bytes, new threshold 1 (max 15)
[PSYoungGen: 2304K->256K(2560K)] 11390K->9374K(13824K), 0.0010988 secs] [Times: user=0.01 sys=0.00, real=0.00 secs] 
2015-04-14T21:07:11.769-0100: 3922.618: Total time for which application threads were stopped: 0.0012993 seconds, Stopping threads took: 0.0000226 seconds
2015-04-14T21:07:12.806-0100: 3923.655: [GC (Allocation Failure) 
Desired survivor size 524288 bytes, new threshold 1 (max 15)
[PSYoungGen: 2304K->256K(2560K)] 11422K->9414K(13824K), 0.0009375 secs] [Times: user=0.01 sys=0.00, real=0.00 secs] 
2015-04-14T21:07:12.807-0100: 3923.656: Total time for which application threads were stopped: 0.0011154 seconds, Stopping threads took: 0.0000193 seconds
2015-04-14T21:07:13.790-0100: 3924.639: [GC (Allocation Failure) 
Desired survivor size 524288 bytes, new threshold 1 (max 15)
[PSYoungGen: 2304K->288K(2560K)] 11462K->9486K(13824K), 0.0010837 secs] [Times: user=0.00 sys=0.00, real=0.00 secs] 
2015-04-14T21:07:13.791-0100: 3924.640: Total time for which application threads were stopped: 0.0012928 seconds, Stopping threads took: 0.0000273 seconds
2015-04-14T21:07:14.796-0100: 3925.645: [GC (Allocation Failure) 
Desired survivor size 524288 bytes, new threshold 1 (max 15)
[PSYoungGen: 2336K->288K(2560K)] 11534K->9518K(13824K), 0.0010081 secs] [Times: user=0.01 sys=0.00, real=0.00 secs] 
2015-04-14T21:07:14.797-0100: 3925.646: Total time for which application threads were stopped: 0.0011991 seconds, Stopping threads took: 0.0000220 seconds
2015-04-14T21:07:15.849-0100: 3926.698: [GC (Allocation Failure) 
Desired survivor size 524288 bytes, new threshold 1 (max 15)
[PSYoungGen: 2336K->256K(2560K)] 11566K->9510K(13824K), 0.0011173 secs] [Times: user=0.00 sys=0.00, real=0.01 secs] 
2015-04-14T21:07:15.850-0100: 3926.699: Total time for which application threads were stopped: 0.0013152 seconds, Stopping threads took: 0.0000220 seconds
2015-04-14T21:07:16.931-0100: 3927.781: [GC (Allocation Failure) 
Desired survivor size 524288 bytes, new threshold 1 (max 15)
[PSYoungGen: 2304K->256K(2560K)] 11558K->9550K(13824K), 0.0009605 secs] [Times: user=0.01 sys=0.00, real=0.00 secs] 
2015-04-14T21:07:16.932-0100: 3927.782: Total time for which application threads were stopped: 0.0011426 seconds, Stopping threads took: 0.0000217 seconds
2015-04-14T21:07:17.972-0100: 3928.821: [GC (Allocation Failure) 
Desired survivor size 524288 bytes, new threshold 1 (max 15)
[PSYoungGen: 2304K->288K(2560K)] 11598K->9614K(13824K), 0.0008844 secs] [Times: user=0.01 sys=0.00, real=0.00 secs] 
2015-04-14T21:07:17.973-0100: 3928.822: Total time for which application threads were stopped: 0.0010493 seconds, Stopping threads took: 0.0000192 seconds
2015-04-14T21:07:18.973-0100: 3929.822: [GC (Allocation Failure) 
Desired survivor size 524288 bytes, new threshold 1 (max 15)
[PSYoungGen: 2336K->256K(2560K)] 11662K->9606K(13824K), 0.0009270 secs] [Times: user=0.01 sys=0.00, real=0.00 secs] 
2015-04-14T21:07:18.974-0100: 3929.823: Total time for which application threads were stopped: 0.0011449 seconds, Stopping threads took: 0.0000192 seconds
2015-04-14T21:07:19.993-0100: 3930.842: [GC (Allocation Failure) 
Desired survivor size 524288 bytes, new threshold 1 (max 15)
[PSYoungGen: 2304K->288K(2560K)] 11654K->9670K(13824K), 0.0009868 secs] [Times: user=0.01 sys=0.00, real=0.00 secs] 
2015-04-14T21:07:19.994-0100: 3930.843: Total time for which application threads were stopped: 0.0012049 seconds, Stopping threads took: 0.0000257 seconds
2015-04-14T21:07:21.063-0100: 3931.913: [GC (Allocation Failure) 
Desired survivor size 524288 bytes, new threshold 1 (max 15)
[PSYoungGen: 2336K->288K(2560K)] 11718K->9702K(13824K), 0.0011023 secs] [Times: user=0.01 sys=0.00, real=0.00 secs] 
2015-04-14T21:07:21.065-0100: 3931.914: Total time for which application threads were stopped: 0.0013020 seconds, Stopping threads took: 0.0000217 seconds
2015-04-14T21:07:22.118-0100: 3932.968: [GC (Allocation Failure) 
Desired survivor size 524288 bytes, new threshold 1 (max 15)
[PSYoungGen: 2336K->288K(2560K)] 11750K->9726K(13824K), 0.0010446 secs] [Times: user=0.00 sys=0.01, real=0.00 secs] 
2015-04-14T21:07:22.119-0100: 3932.969: Total time for which application threads were stopped: 0.0012215 seconds, Stopping threads took: 0.0000222 seconds
2015-04-14T21:07:23.134-0100: 3933.984: [GC (Allocation Failure) 
Desired survivor size 524288 bytes, new threshold 1 (max 15)
[PSYoungGen: 2336K->224K(2560K)] 11774K->9694K(13824K), 0.0010044 secs] [Times: user=0.00 sys=0.00, real=0.00 secs] 
2015-04-14T21:07:23.135-0100: 3933.985: Total time for which application threads were stopped: 0.0012508 seconds, Stopping threads took: 0.0000193 seconds
2015-04-14T21:07:24.142-0100: 3934.991: [GC (Allocation Failure) 
Desired survivor size 524288 bytes, new threshold 1 (max 15)
[PSYoungGen: 2272K->256K(2560K)] 11742K->9766K(13824K), 0.0010864 secs] [Times: user=0.01 sys=0.00, real=0.00 secs] 
2015-04-14T21:07:24.143-0100: 3934.993: Total time for which application threads were stopped: 0.0012820 seconds, Stopping threads took: 0.0000237 seconds
2015-04-14T21:07:25.178-0100: 3936.028: [GC (Allocation Failure) 
Desired survivor size 524288 bytes, new threshold 1 (max 15)
[PSYoungGen: 2304K->256K(2560K)] 11814K->9798K(13824K), 0.0010399 secs] [Times: user=0.00 sys=0.00, real=0.00 secs] 
2015-04-14T21:07:25.179-0100: 3936.029: Total time for which application threads were stopped: 0.0012226 seconds, Stopping threads took: 0.0000234 seconds
2015-04-14T21:07:26.203-0100: 3937.053: [GC (Allocation Failure) 
Desired survivor size 524288 bytes, new threshold 1 (max 15)
[PSYoungGen: 2304K->288K(2560K)] 11846K->9846K(13824K), 0.0010520 secs] [Times: user=0.00 sys=0.00, real=0.00 secs] 
2015-04-14T21:07:26.205-0100: 3937.054: Total time for which application threads were stopped: 0.0012575 seconds, Stopping threads took: 0.0000242 seconds
2015-04-14T21:07:27.201-0100: 3938.051: [GC (Allocation Failure) 
Desired survivor size 524288 bytes, new threshold 1 (max 15)
[PSYoungGen: 2336K->256K(2560K)] 11894K->9846K(13824K), 0.0011338 secs] [Times: user=0.00 sys=0.00, real=0.00 secs] 
2015-04-14T21:07:27.202-0100: 3938.052: Total time for which application threads were stopped: 0.0013432 seconds, Stopping threads took: 0.0000226 seconds
2015-04-14T21:07:28.253-0100: 3939.103: [GC (Allocation Failure) 
Desired survivor size 524288 bytes, new threshold 1 (max 15)
[PSYoungGen: 2304K->256K(2560K)] 11894K->9870K(13824K), 0.0010757 secs] [Times: user=0.00 sys=0.00, real=0.00 secs] 
2015-04-14T21:07:28.254-0100: 3939.104: Total time for which application threads were stopped: 0.0012798 seconds, Stopping threads took: 0.0000204 seconds
2015-04-14T21:07:29.355-0100: 3940.205: [GC (Allocation Failure) 
Desired survivor size 524288 bytes, new threshold 1 (max 15)
[PSYoungGen: 2304K->288K(2560K)] 11918K->9926K(13824K), 0.0010256 secs] [Times: user=0.00 sys=0.01, real=0.00 secs] 
2015-04-14T21:07:29.356-0100: 3940.206: Total time for which application threads were stopped: 0.0012284 seconds, Stopping threads took: 0.0000260 seconds
2015-04-14T21:07:30.361-0100: 3941.210: [GC (Allocation Failure) 
Desired survivor size 524288 bytes, new threshold 1 (max 15)
[PSYoungGen: 2336K->256K(2560K)] 11974K->9918K(13824K), 0.0010309 secs] [Times: user=0.00 sys=0.00, real=0.00 secs] 
2015-04-14T21:07:30.362-0100: 3941.211: Total time for which application threads were stopped: 0.0012203 seconds, Stopping threads took: 0.0000227 seconds
2015-04-14T21:07:31.381-0100: 3942.231: [GC (Allocation Failure) 
Desired survivor size 524288 bytes, new threshold 1 (max 15)
[PSYoungGen: 2304K->192K(2560K)] 11966K->9878K(13824K), 0.0010384 secs] [Times: user=0.01 sys=0.00, real=0.00 secs] 
2015-04-14T21:07:31.382-0100: 3942.232: Total time for which application threads were stopped: 0.0012412 seconds, Stopping threads took: 0.0000209 seconds
2015-04-14T21:07:32.383-0100: 3943.233: [GC (Allocation Failure) 
Desired survivor size 524288 bytes, new threshold 1 (max 15)
[PSYoungGen: 2239K->256K(2560K)] 11925K->9982K(13824K), 0.0010651 secs] [Times: user=0.00 sys=0.00, real=0.00 secs] 
2015-04-14T21:07:32.384-0100: 3943.234: Total time for which application threads were stopped: 0.0012778 seconds, Stopping threads took: 0.0000240 seconds
2015-04-14T21:07:33.401-0100: 3944.250: [GC (Allocation Failure) 
Desired survivor size 524288 bytes, new threshold 1 (max 15)
[PSYoungGen: 2304K->224K(2560K)] 12030K->9974K(13824K), 0.0010537 secs] [Times: user=0.00 sys=0.00, real=0.00 secs] 
2015-04-14T21:07:33.402-0100: 3944.252: Total time for which application threads were stopped: 0.0012506 seconds, Stopping threads took: 0.0000241 seconds
2015-04-14T21:07:34.455-0100: 3945.305: [GC (Allocation Failure) 
Desired survivor size 524288 bytes, new threshold 1 (max 15)
[PSYoungGen: 2272K->256K(2560K)] 12022K->10038K(13824K), 0.0010587 secs] [Times: user=0.00 sys=0.00, real=0.00 secs] 
2015-04-14T21:07:34.457-0100: 3945.306: Total time for which application threads were stopped: 0.0012479 seconds, Stopping threads took: 0.0000210 seconds
2015-04-14T21:07:35.475-0100: 3946.325: [GC (Allocation Failure) 
Desired survivor size 524288 bytes, new threshold 1 (max 15)
[PSYoungGen: 2304K->256K(2560K)] 12086K->10070K(13824K), 0.0009051 secs] [Times: user=0.00 sys=0.00, real=0.00 secs] 
2015-04-14T21:07:35.476-0100: 3946.326: Total time for which application threads were stopped: 0.0010722 seconds, Stopping threads took: 0.0000204 seconds
2015-04-14T21:07:36.480-0100: 3947.330: [GC (Allocation Failure) 
Desired survivor size 524288 bytes, new threshold 1 (max 15)
[PSYoungGen: 2304K->288K(2560K)] 12118K->10126K(13824K), 0.0011039 secs] [Times: user=0.01 sys=0.00, real=0.00 secs] 
2015-04-14T21:07:36.481-0100: 3947.331: Total time for which application threads were stopped: 0.0013110 seconds, Stopping threads took: 0.0000228 seconds
2015-04-14T21:07:37.581-0100: 3948.431: [GC (Allocation Failure) 
Desired survivor size 524288 bytes, new threshold 1 (max 15)
[PSYoungGen: 2336K->256K(2560K)] 12174K->10118K(13824K), 0.0010199 secs] [Times: user=0.00 sys=0.01, real=0.00 secs] 
2015-04-14T21:07:37.582-0100: 3948.432: Total time for which application threads were stopped: 0.0012259 seconds, Stopping threads took: 0.0000242 seconds
2015-04-14T21:07:38.570-0100: 3949.420: [GC (Allocation Failure) 
Desired survivor size 524288 bytes, new threshold 1 (max 15)
[PSYoungGen: 2304K->288K(2560K)] 12166K->10174K(13824K), 0.0010600 secs] [Times: user=0.00 sys=0.00, real=0.00 secs] 
2015-04-14T21:07:38.571-0100: 3949.421: Total time for which application threads were stopped: 0.0012444 seconds, Stopping threads took: 0.0000224 seconds
2015-04-14T21:07:39.690-0100: 3950.540: [GC (Allocation Failure) 
Desired survivor size 524288 bytes, new threshold 1 (max 15)
[PSYoungGen: 2336K->256K(2560K)] 12222K->10166K(13824K), 0.0010128 secs] [Times: user=0.00 sys=0.00, real=0.00 secs] 
2015-04-14T21:07:39.691-0100: 3950.541: Total time for which application threads were stopped: 0.0012100 seconds, Stopping threads took: 0.0000217 seconds
2015-04-14T21:07:40.642-0100: 3951.492: [GC (Allocation Failure) 
Desired survivor size 524288 bytes, new threshold 1 (max 15)
[PSYoungGen: 2304K->288K(2560K)] 12214K->10230K(13824K), 0.0011118 secs] [Times: user=0.00 sys=0.00, real=0.00 secs] 
2015-04-14T21:07:40.644-0100: 3951.494: Total time for which application threads were stopped: 0.0013194 seconds, Stopping threads took: 0.0000220 seconds
2015-04-14T21:07:41.560-0100: 3952.410: [GC (Allocation Failure) 
Desired survivor size 524288 bytes, new threshold 1 (max 15)
[PSYoungGen: 2336K->256K(2560K)] 12278K->10230K(13824K), 0.0010960 secs] [Times: user=0.00 sys=0.00, real=0.00 secs] 
2015-04-14T21:07:41.561-0100: 3952.411: Total time for which application threads were stopped: 0.0013154 seconds, Stopping threads took: 0.0000238 seconds
2015-04-14T21:07:42.499-0100: 3953.349: [GC (Allocation Failure) 
Desired survivor size 524288 bytes, new threshold 1 (max 15)
[PSYoungGen: 2304K->288K(2560K)] 12278K->10294K(13824K), 0.0012044 secs] [Times: user=0.01 sys=0.00, real=0.01 secs] 
2015-04-14T21:07:42.500-0100: 3953.350: Total time for which application threads were stopped: 0.0014020 seconds, Stopping threads took: 0.0000230 seconds
2015-04-14T21:07:43.350-0100: 3954.200: [GC (Allocation Failure) 
Desired survivor size 524288 bytes, new threshold 1 (max 15)
[PSYoungGen: 2336K->288K(2560K)] 12342K->10326K(13824K), 0.0009228 secs] [Times: user=0.00 sys=0.00, real=0.00 secs] 
2015-04-14T21:07:43.351-0100: 3954.201: Total time for which application threads were stopped: 0.0010947 seconds, Stopping threads took: 0.0000195 seconds
2015-04-14T21:07:44.172-0100: 3955.022: [GC (Allocation Failure) 
Desired survivor size 524288 bytes, new threshold 1 (max 15)
[PSYoungGen: 2336K->288K(2560K)] 12374K->10358K(13824K), 0.0010804 secs] [Times: user=0.00 sys=0.00, real=0.00 secs] 
2015-04-14T21:07:44.173-0100: 3955.023: Total time for which application threads were stopped: 0.0012873 seconds, Stopping threads took: 0.0000226 seconds
2015-04-14T21:07:45.023-0100: 3955.873: [GC (Allocation Failure) 
Desired survivor size 524288 bytes, new threshold 1 (max 15)
[PSYoungGen: 2336K->256K(2560K)] 12406K->10358K(13824K), 0.0010677 secs] [Times: user=0.00 sys=0.00, real=0.00 secs] 
2015-04-14T21:07:45.024-0100: 3955.874: Total time for which application threads were stopped: 0.0012409 seconds, Stopping threads took: 0.0000214 seconds
2015-04-14T21:07:45.942-0100: 3956.792: [GC (Allocation Failure) 
Desired survivor size 524288 bytes, new threshold 1 (max 15)
[PSYoungGen: 2304K->288K(2560K)] 12406K->10422K(13824K), 0.0010879 secs] [Times: user=0.00 sys=0.00, real=0.00 secs] 
2015-04-14T21:07:45.943-0100: 3956.793: Total time for which application threads were stopped: 0.0012809 seconds, Stopping threads took: 0.0000214 seconds
2015-04-14T21:07:46.778-0100: 3957.628: [GC (Allocation Failure) 
Desired survivor size 524288 bytes, new threshold 1 (max 15)
[PSYoungGen: 2336K->288K(2560K)] 12470K->10462K(13824K), 0.0010848 secs] [Times: user=0.00 sys=0.00, real=0.00 secs] 
2015-04-14T21:07:46.779-0100: 3957.629: Total time for which application threads were stopped: 0.0012790 seconds, Stopping threads took: 0.0000226 seconds
2015-04-14T21:07:47.631-0100: 3958.481: [GC (Allocation Failure) 
Desired survivor size 524288 bytes, new threshold 1 (max 15)
[PSYoungGen: 2336K->256K(2560K)] 12510K->10462K(13824K), 0.0009855 secs] [Times: user=0.01 sys=0.00, real=0.00 secs] 
2015-04-14T21:07:47.632-0100: 3958.482: Total time for which application threads were stopped: 0.0011840 seconds, Stopping threads took: 0.0000240 seconds
2015-04-14T21:07:48.549-0100: 3959.399: [GC (Allocation Failure) 
Desired survivor size 524288 bytes, new threshold 1 (max 15)
[PSYoungGen: 2304K->288K(2560K)] 12510K->10534K(13824K), 0.0010412 secs] [Times: user=0.00 sys=0.00, real=0.01 secs] 
2015-04-14T21:07:48.550-0100: 3959.400: Total time for which application threads were stopped: 0.0012264 seconds, Stopping threads took: 0.0000212 seconds
2015-04-14T21:07:49.453-0100: 3960.303: [GC (Allocation Failure) 
Desired survivor size 524288 bytes, new threshold 1 (max 15)
[PSYoungGen: 2336K->288K(2560K)] 12582K->10566K(13824K), 0.0010440 secs] [Times: user=0.00 sys=0.00, real=0.00 secs] 
2015-04-14T21:07:49.454-0100: 3960.304: Total time for which application threads were stopped: 0.0012307 seconds, Stopping threads took: 0.0000202 seconds
2015-04-14T21:07:50.439-0100: 3961.289: [GC (Allocation Failure) 
Desired survivor size 524288 bytes, new threshold 1 (max 15)
[PSYoungGen: 2336K->256K(2560K)] 12614K->10566K(13824K), 0.0007752 secs] [Times: user=0.00 sys=0.00, real=0.01 secs] 
2015-04-14T21:07:50.440-0100: 3961.290: Total time for which application threads were stopped: 0.0009304 seconds, Stopping threads took: 0.0000179 seconds
2015-04-14T21:07:51.524-0100: 3962.374: [GC (Allocation Failure) 
Desired survivor size 524288 bytes, new threshold 1 (max 15)
[PSYoungGen: 2304K->288K(2560K)] 12614K->10630K(13824K), 0.0010819 secs] [Times: user=0.00 sys=0.00, real=0.00 secs] 
2015-04-14T21:07:51.526-0100: 3962.376: Total time for which application threads were stopped: 0.0013105 seconds, Stopping threads took: 0.0000241 seconds
2015-04-14T21:07:52.531-0100: 3963.381: [GC (Allocation Failure) 
Desired survivor size 524288 bytes, new threshold 1 (max 15)
[PSYoungGen: 2336K->256K(2560K)] 12678K->10614K(13824K), 0.0010169 secs] [Times: user=0.00 sys=0.01, real=0.00 secs] 
2015-04-14T21:07:52.532-0100: 3963.382: Total time for which application threads were stopped: 0.0011978 seconds, Stopping threads took: 0.0000232 seconds
2015-04-14T21:07:53.531-0100: 3964.381: [GC (Allocation Failure) 
Desired survivor size 524288 bytes, new threshold 1 (max 15)
[PSYoungGen: 2304K->288K(2560K)] 12662K->10678K(13824K), 0.0009692 secs] [Times: user=0.00 sys=0.00, real=0.00 secs] 
2015-04-14T21:07:53.532-0100: 3964.382: Total time for which application threads were stopped: 0.0011519 seconds, Stopping threads took: 0.0000219 seconds
2015-04-14T21:07:54.570-0100: 3965.420: [GC (Allocation Failure) 
Desired survivor size 524288 bytes, new threshold 1 (max 15)
[PSYoungGen: 2336K->288K(2560K)] 12726K->10710K(13824K), 0.0010231 secs] [Times: user=0.00 sys=0.00, real=0.00 secs] 
2015-04-14T21:07:54.571-0100: 3965.422: Total time for which application threads were stopped: 0.0012138 seconds, Stopping threads took: 0.0000221 seconds
2015-04-14T21:07:55.572-0100: 3966.423: [GC (Allocation Failure) 
Desired survivor size 524288 bytes, new threshold 1 (max 15)
[PSYoungGen: 2336K->256K(2560K)] 12758K->10718K(13824K), 0.0011030 secs] [Times: user=0.01 sys=0.00, real=0.00 secs] 
2015-04-14T21:07:55.574-0100: 3966.424: Total time for which application threads were stopped: 0.0013002 seconds, Stopping threads took: 0.0000217 seconds
2015-04-14T21:07:56.672-0100: 3967.523: [GC (Allocation Failure) 
Desired survivor size 524288 bytes, new threshold 1 (max 15)
[PSYoungGen: 2304K->288K(2560K)] 12766K->10782K(13824K), 0.0010617 secs] [Times: user=0.00 sys=0.00, real=0.00 secs] 
2015-04-14T21:07:56.674-0100: 3967.524: Total time for which application threads were stopped: 0.0012652 seconds, Stopping threads took: 0.0000274 seconds
2015-04-14T21:07:57.663-0100: 3968.513: [GC (Allocation Failure) 
Desired survivor size 524288 bytes, new threshold 1 (max 15)
[PSYoungGen: 2336K->256K(2560K)] 12830K->10782K(13824K), 0.0010341 secs] [Times: user=0.00 sys=0.00, real=0.00 secs] 
2015-04-14T21:07:57.664-0100: 3968.514: Total time for which application threads were stopped: 0.0012241 seconds, Stopping threads took: 0.0000187 seconds
2015-04-14T21:07:58.700-0100: 3969.550: [GC (Allocation Failure) 
Desired survivor size 524288 bytes, new threshold 1 (max 15)
[PSYoungGen: 2304K->288K(2560K)] 12830K->10838K(13824K), 0.0010442 secs] [Times: user=0.00 sys=0.00, real=0.00 secs] 
2015-04-14T21:07:58.701-0100: 3969.551: Total time for which application threads were stopped: 0.0012387 seconds, Stopping threads took: 0.0000221 seconds
2015-04-14T21:07:59.720-0100: 3970.570: [GC (Allocation Failure) 
Desired survivor size 524288 bytes, new threshold 1 (max 15)
[PSYoungGen: 2336K->288K(2560K)] 12886K->10870K(13824K), 0.0010203 secs] [Times: user=0.01 sys=0.00, real=0.00 secs] 
2015-04-14T21:07:59.721-0100: 3970.571: Total time for which application threads were stopped: 0.0012515 seconds, Stopping threads took: 0.0000235 seconds
2015-04-14T21:08:00.639-0100: 3971.489: [GC (Allocation Failure) 
Desired survivor size 524288 bytes, new threshold 1 (max 15)
[PSYoungGen: 2336K->256K(2560K)] 12918K->10870K(13824K), 0.0010225 secs] [Times: user=0.01 sys=0.00, real=0.01 secs] 
2015-04-14T21:08:00.640-0100: 3971.490: Total time for which application threads were stopped: 0.0012164 seconds, Stopping threads took: 0.0000211 seconds
2015-04-14T21:08:01.722-0100: 3972.572: [GC (Allocation Failure) 
Desired survivor size 524288 bytes, new threshold 1 (max 15)
[PSYoungGen: 2304K->256K(2560K)] 12918K->10918K(13824K), 0.0010429 secs] [Times: user=0.01 sys=0.00, real=0.00 secs] 
2015-04-14T21:08:01.723-0100: 3972.573: Total time for which application threads were stopped: 0.0012519 seconds, Stopping threads took: 0.0000249 seconds
2015-04-14T21:08:02.713-0100: 3973.563: [GC (Allocation Failure) 
Desired survivor size 524288 bytes, new threshold 1 (max 15)
[PSYoungGen: 2304K->288K(2560K)] 12966K->10982K(13824K), 0.0010468 secs] [Times: user=0.00 sys=0.00, real=0.00 secs] 
2015-04-14T21:08:02.714-0100: 3973.564: Total time for which application threads were stopped: 0.0012445 seconds, Stopping threads took: 0.0000215 seconds
2015-04-14T21:08:03.715-0100: 3974.565: [GC (Allocation Failure) 
Desired survivor size 524288 bytes, new threshold 1 (max 15)
[PSYoungGen: 2336K->256K(2560K)] 13030K->10982K(13824K), 0.0008955 secs] [Times: user=0.00 sys=0.00, real=0.00 secs] 
2015-04-14T21:08:03.716-0100: 3974.566: Total time for which application threads were stopped: 0.0010749 seconds, Stopping threads took: 0.0000194 seconds
2015-04-14T21:08:04.735-0100: 3975.585: [GC (Allocation Failure) 
Desired survivor size 524288 bytes, new threshold 1 (max 15)
[PSYoungGen: 2304K->288K(2560K)] 13030K->11046K(13824K), 0.0010342 secs] [Times: user=0.00 sys=0.00, real=0.00 secs] 
2015-04-14T21:08:04.736-0100: 3975.586: Total time for which application threads were stopped: 0.0012213 seconds, Stopping threads took: 0.0000218 seconds
2015-04-14T21:08:05.754-0100: 3976.605: [GC (Allocation Failure) 
Desired survivor size 524288 bytes, new threshold 1 (max 15)
[PSYoungGen: 2336K->256K(2560K)] 13094K->11054K(13824K), 0.0010179 secs] [Times: user=0.01 sys=0.00, real=0.00 secs] 
2015-04-14T21:08:05.755-0100: 3976.606: Total time for which application threads were stopped: 0.0012055 seconds, Stopping threads took: 0.0000209 seconds
2015-04-14T21:08:06.778-0100: 3977.629: [GC (Allocation Failure) 
Desired survivor size 524288 bytes, new threshold 1 (max 15)
[PSYoungGen: 2304K->256K(2560K)] 13102K->11086K(13824K), 0.0009198 secs] [Times: user=0.00 sys=0.00, real=0.00 secs] 
2015-04-14T21:08:06.779-0100: 3977.630: Total time for which application threads were stopped: 0.0010746 seconds, Stopping threads took: 0.0000186 seconds
2015-04-14T21:08:07.812-0100: 3978.662: [GC (Allocation Failure) 
Desired survivor size 524288 bytes, new threshold 1 (max 15)
[PSYoungGen: 2304K->256K(2560K)] 13134K->11110K(13824K), 0.0009610 secs] [Times: user=0.00 sys=0.00, real=0.00 secs] 
2015-04-14T21:08:07.813-0100: 3978.663: Total time for which application threads were stopped: 0.0011360 seconds, Stopping threads took: 0.0000201 seconds
2015-04-14T21:08:08.882-0100: 3979.732: [GC (Allocation Failure) 
Desired survivor size 524288 bytes, new threshold 1 (max 15)
[PSYoungGen: 2304K->256K(2560K)] 13158K->11126K(13824K), 0.0010392 secs] [Times: user=0.00 sys=0.00, real=0.00 secs] 
2015-04-14T21:08:08.883-0100: 3979.734: Total time for which application threads were stopped: 0.0012259 seconds, Stopping threads took: 0.0000197 seconds
2015-04-14T21:08:09.899-0100: 3980.750: [GC (Allocation Failure) 
Desired survivor size 524288 bytes, new threshold 1 (max 15)
[PSYoungGen: 2304K->256K(2560K)] 13174K->11158K(13824K), 0.0010739 secs] [Times: user=0.00 sys=0.00, real=0.01 secs] 
2015-04-14T21:08:09.900-0100: 3980.751: Total time for which application threads were stopped: 0.0012907 seconds, Stopping threads took: 0.0000234 seconds
2015-04-14T21:08:10.872-0100: 3981.723: [GC (Allocation Failure) 
Desired survivor size 524288 bytes, new threshold 1 (max 15)
[PSYoungGen: 2304K->288K(2560K)] 13206K->11214K(13824K), 0.0010636 secs] [Times: user=0.00 sys=0.00, real=0.00 secs] 
2015-04-14T21:08:10.873-0100: 3981.724: Total time for which application threads were stopped: 0.0012380 seconds, Stopping threads took: 0.0000231 seconds
2015-04-14T21:08:11.941-0100: 3982.792: [GC (Allocation Failure) 
Desired survivor size 524288 bytes, new threshold 1 (max 15)
[PSYoungGen: 2336K->288K(2560K)] 13262K->11246K(13824K), 0.0010205 secs] [Times: user=0.00 sys=0.00, real=0.00 secs] 
2015-04-14T21:08:11.942-0100: 3982.793: Total time for which application threads were stopped: 0.0012165 seconds, Stopping threads took: 0.0000221 seconds
2015-04-14T21:08:13.061-0100: 3983.912: [GC (Allocation Failure) 
Desired survivor size 524288 bytes, new threshold 1 (max 15)
[PSYoungGen: 2335K->288K(2560K)] 13293K->11278K(13824K), 0.0010064 secs] [Times: user=0.00 sys=0.00, real=0.00 secs] 
2015-04-14T21:08:13.063-0100: 3983.913: Total time for which application threads were stopped: 0.0012067 seconds, Stopping threads took: 0.0000239 seconds
2015-04-14T21:08:14.062-0100: 3984.913: [GC (Allocation Failure) 
Desired survivor size 524288 bytes, new threshold 1 (max 15)
[PSYoungGen: 2336K->256K(2560K)] 13326K->11278K(13824K), 0.0011092 secs] [Times: user=0.00 sys=0.00, real=0.00 secs] 
2015-04-14T21:08:14.063-0100: 3984.914: Total time for which application threads were stopped: 0.0013200 seconds, Stopping threads took: 0.0000230 seconds
2015-04-14T21:08:15.052-0100: 3985.902: [GC (Allocation Failure) 
Desired survivor size 524288 bytes, new threshold 1 (max 15)
[PSYoungGen: 2304K->288K(2560K)] 13326K->11342K(13824K), 0.0010302 secs] [Times: user=0.00 sys=0.00, real=0.00 secs] 
2015-04-14T21:08:15.053-0100: 3985.903: Total time for which application threads were stopped: 0.0012211 seconds, Stopping threads took: 0.0000214 seconds
2015-04-14T21:08:16.071-0100: 3986.922: [GC (Allocation Failure) 
Desired survivor size 524288 bytes, new threshold 1 (max 15)
[PSYoungGen: 2336K->256K(2560K)] 13390K->11342K(13824K), 0.0010795 secs] [Times: user=0.01 sys=0.00, real=0.00 secs] 
2015-04-14T21:08:16.073-0100: 3986.923: Total time for which application threads were stopped: 0.0012864 seconds, Stopping threads took: 0.0000230 seconds
2015-04-14T21:08:17.073-0100: 3987.923: [GC (Allocation Failure) 
Desired survivor size 524288 bytes, new threshold 1 (max 15)
[PSYoungGen: 2304K->256K(2560K)] 13390K->11366K(13824K), 0.0008946 secs] [Times: user=0.01 sys=0.00, real=0.00 secs] 
2015-04-14T21:08:17.074-0100: 3987.924: Total time for which application threads were stopped: 0.0010642 seconds, Stopping threads took: 0.0000196 seconds
2015-04-14T21:08:18.075-0100: 3988.926: [GC (Allocation Failure) 
Desired survivor size 524288 bytes, new threshold 1 (max 15)
[PSYoungGen: 2304K->256K(2560K)] 13414K->11390K(13824K), 0.0009551 secs] [Times: user=0.00 sys=0.00, real=0.00 secs] 
2015-04-14T21:08:18.076-0100: 3988.927: Total time for which application threads were stopped: 0.0011358 seconds, Stopping threads took: 0.0000195 seconds
2015-04-14T21:08:19.107-0100: 3989.958: [GC (Allocation Failure) 
Desired survivor size 524288 bytes, new threshold 1 (max 15)
[PSYoungGen: 2304K->288K(2560K)] 13438K->11446K(13824K), 0.0011653 secs] [Times: user=0.00 sys=0.00, real=0.00 secs] 
2015-04-14T21:08:19.108-0100: 3989.959: Total time for which application threads were stopped: 0.0014207 seconds, Stopping threads took: 0.0000399 seconds
2015-04-14T21:08:20.117-0100: 3990.967: [GC (Allocation Failure) 
Desired survivor size 524288 bytes, new threshold 1 (max 15)
[PSYoungGen: 2336K->256K(2560K)] 13494K->11438K(13824K), 0.0009925 secs] [Times: user=0.00 sys=0.00, real=0.00 secs] 
2015-04-14T21:08:20.118-0100: 3990.969: Total time for which application threads were stopped: 0.0011663 seconds, Stopping threads took: 0.0000185 seconds
2015-04-14T21:08:21.119-0100: 3991.970: [GC (Allocation Failure) 
Desired survivor size 524288 bytes, new threshold 1 (max 15)
[PSYoungGen: 2304K->256K(2560K)] 13486K->11470K(13824K), 0.0011318 secs] [Times: user=0.00 sys=0.00, real=0.01 secs] 
2015-04-14T21:08:21.121-0100: 3991.971: Total time for which application threads were stopped: 0.0013213 seconds, Stopping threads took: 0.0000219 seconds
2015-04-14T21:08:22.157-0100: 3993.007: [GC (Allocation Failure) 
Desired survivor size 524288 bytes, new threshold 1 (max 15)
[PSYoungGen: 2304K->288K(2560K)] 13518K->11534K(13824K), 0.0010917 secs] [Times: user=0.01 sys=0.00, real=0.00 secs] 
2015-04-14T21:08:22.158-0100: 3993.008: [Full GC (Ergonomics) [PSYoungGen: 288K->0K(2560K)] [ParOldGen: 11246K->8348K(11264K)] 11534K->8348K(13824K), [Metaspace: 17890K->17890K(1064960K)], 0.0186464 secs] [Times: user=0.05 sys=0.00, real=0.02 secs] 
2015-04-14T21:08:22.177-0100: 3993.027: Total time for which application threads were stopped: 0.0200318 seconds, Stopping threads took: 0.0000226 seconds
2015-04-14T21:08:23.222-0100: 3994.073: [GC (Allocation Failure) 
Desired survivor size 524288 bytes, new threshold 1 (max 15)
[PSYoungGen: 2048K->288K(2560K)] 10396K->8636K(13824K), 0.0011485 secs] [Times: user=0.00 sys=0.00, real=0.00 secs] 
2015-04-14T21:08:23.223-0100: 3994.074: Total time for which application threads were stopped: 0.0013525 seconds, Stopping threads took: 0.0000245 seconds
2015-04-14T21:08:24.314-0100: 3995.164: [GC (Allocation Failure) 
Desired survivor size 524288 bytes, new threshold 1 (max 15)
[PSYoungGen: 2336K->256K(2560K)] 10684K->8636K(13824K), 0.0010245 secs] [Times: user=0.01 sys=0.00, real=0.00 secs] 
2015-04-14T21:08:24.315-0100: 3995.166: Total time for which application threads were stopped: 0.0012182 seconds, Stopping threads took: 0.0000218 seconds
2015-04-14T21:08:25.350-0100: 3996.201: [GC (Allocation Failure) 
Desired survivor size 524288 bytes, new threshold 1 (max 15)
[PSYoungGen: 2304K->288K(2560K)] 10684K->8700K(13824K), 0.0010987 secs] [Times: user=0.01 sys=0.00, real=0.00 secs] 
2015-04-14T21:08:25.351-0100: 3996.202: Total time for which application threads were stopped: 0.0013025 seconds, Stopping threads took: 0.0000229 seconds
2015-04-14T21:08:26.350-0100: 3997.201: [GC (Allocation Failure) 
Desired survivor size 524288 bytes, new threshold 1 (max 15)
[PSYoungGen: 2336K->288K(2560K)] 10748K->8732K(13824K), 0.0009621 secs] [Times: user=0.00 sys=0.00, real=0.00 secs] 
2015-04-14T21:08:26.351-0100: 3997.202: Total time for which application threads were stopped: 0.0011910 seconds, Stopping threads took: 0.0000384 seconds
2015-04-14T21:08:27.372-0100: 3998.223: [GC (Allocation Failure) 
Desired survivor size 524288 bytes, new threshold 1 (max 15)
[PSYoungGen: 2336K->288K(2560K)] 10780K->8756K(13824K), 0.0011349 secs] [Times: user=0.00 sys=0.00, real=0.00 secs] 
2015-04-14T21:08:27.373-0100: 3998.224: Total time for which application threads were stopped: 0.0013263 seconds, Stopping threads took: 0.0000228 seconds
2015-04-14T21:08:28.393-0100: 3999.243: [GC (Allocation Failure) 
Desired survivor size 524288 bytes, new threshold 1 (max 15)
[PSYoungGen: 2336K->288K(2560K)] 10804K->8788K(13824K), 0.0010556 secs] [Times: user=0.00 sys=0.00, real=0.00 secs] 
2015-04-14T21:08:28.394-0100: 3999.244: Total time for which application threads were stopped: 0.0012520 seconds, Stopping threads took: 0.0000215 seconds
2015-04-14T21:08:29.478-0100: 4000.329: [GC (Allocation Failure) 
Desired survivor size 524288 bytes, new threshold 1 (max 15)
[PSYoungGen: 2336K->288K(2560K)] 10836K->8820K(13824K), 0.0009326 secs] [Times: user=0.00 sys=0.00, real=0.00 secs] 
2015-04-14T21:08:29.479-0100: 4000.330: Total time for which application threads were stopped: 0.0011004 seconds, Stopping threads took: 0.0000201 seconds
2015-04-14T21:08:30.530-0100: 4001.381: [GC (Allocation Failure) 
Desired survivor size 524288 bytes, new threshold 1 (max 15)
[PSYoungGen: 2336K->256K(2560K)] 10868K->8820K(13824K), 0.0009898 secs] [Times: user=0.01 sys=0.00, real=0.00 secs] 
2015-04-14T21:08:30.531-0100: 4001.382: Total time for which application threads were stopped: 0.0012211 seconds, Stopping threads took: 0.0000253 seconds
2015-04-14T21:08:31.552-0100: 4002.403: [GC (Allocation Failure) 
Desired survivor size 524288 bytes, new threshold 1 (max 15)
[PSYoungGen: 2304K->256K(2560K)] 10868K->8860K(13824K), 0.0010872 secs] [Times: user=0.01 sys=0.00, real=0.00 secs] 
2015-04-14T21:08:31.554-0100: 4002.404: Total time for which application threads were stopped: 0.0012793 seconds, Stopping threads took: 0.0000224 seconds
2015-04-14T21:08:32.590-0100: 4003.440: [GC (Allocation Failure) 
Desired survivor size 524288 bytes, new threshold 1 (max 15)
[PSYoungGen: 2304K->256K(2560K)] 10908K->8900K(13824K), 0.0010327 secs] [Times: user=0.00 sys=0.00, real=0.00 secs] 
2015-04-14T21:08:32.591-0100: 4003.442: Total time for which application threads were stopped: 0.0012232 seconds, Stopping threads took: 0.0000212 seconds
2015-04-14T21:08:33.642-0100: 4004.492: [GC (Allocation Failure) 
Desired survivor size 524288 bytes, new threshold 1 (max 15)
[PSYoungGen: 2304K->288K(2560K)] 10948K->8964K(13824K), 0.0010453 secs] [Times: user=0.00 sys=0.00, real=0.00 secs] 
2015-04-14T21:08:33.643-0100: 4004.493: Total time for which application threads were stopped: 0.0012446 seconds, Stopping threads took: 0.0000221 seconds
2015-04-14T21:08:34.680-0100: 4005.531: [GC (Allocation Failure) 
Desired survivor size 524288 bytes, new threshold 1 (max 15)
[PSYoungGen: 2336K->288K(2560K)] 11012K->8996K(13824K), 0.0010472 secs] [Times: user=0.00 sys=0.00, real=0.00 secs] 
2015-04-14T21:08:34.682-0100: 4005.532: Total time for which application threads were stopped: 0.0012413 seconds, Stopping threads took: 0.0000248 seconds
2015-04-14T21:08:35.732-0100: 4006.582: [GC (Allocation Failure) 
Desired survivor size 524288 bytes, new threshold 1 (max 15)
[PSYoungGen: 2336K->256K(2560K)] 11044K->8996K(13824K), 0.0010796 secs] [Times: user=0.00 sys=0.00, real=0.00 secs] 
2015-04-14T21:08:35.733-0100: 4006.584: Total time for which application threads were stopped: 0.0012851 seconds, Stopping threads took: 0.0000226 seconds
2015-04-14T21:08:36.768-0100: 4007.619: [GC (Allocation Failure) 
Desired survivor size 524288 bytes, new threshold 1 (max 15)
[PSYoungGen: 2304K->288K(2560K)] 11044K->9052K(13824K), 0.0007851 secs] [Times: user=0.01 sys=0.00, real=0.00 secs] 
2015-04-14T21:08:36.769-0100: 4007.620: Total time for which application threads were stopped: 0.0009361 seconds, Stopping threads took: 0.0000184 seconds
2015-04-14T21:08:37.769-0100: 4008.620: [GC (Allocation Failure) 
Desired survivor size 524288 bytes, new threshold 1 (max 15)
[PSYoungGen: 2336K->160K(2560K)] 11100K->8940K(13824K), 0.0010445 secs] [Times: user=0.00 sys=0.00, real=0.01 secs] 
2015-04-14T21:08:37.770-0100: 4008.621: Total time for which application threads were stopped: 0.0012542 seconds, Stopping threads took: 0.0000267 seconds
2015-04-14T21:08:38.809-0100: 4009.660: [GC (Allocation Failure) 
Desired survivor size 524288 bytes, new threshold 1 (max 15)
[PSYoungGen: 2208K->288K(2560K)] 10988K->9092K(13824K), 0.0010494 secs] [Times: user=0.00 sys=0.00, real=0.01 secs] 
2015-04-14T21:08:38.811-0100: 4009.662: Total time for which application threads were stopped: 0.0012804 seconds, Stopping threads took: 0.0000233 seconds
2015-04-14T21:08:39.860-0100: 4010.711: [GC (Allocation Failure) 
Desired survivor size 524288 bytes, new threshold 1 (max 15)
[PSYoungGen: 2336K->256K(2560K)] 11140K->9084K(13824K), 0.0010529 secs] [Times: user=0.00 sys=0.00, real=0.00 secs] 
2015-04-14T21:08:39.861-0100: 4010.712: Total time for which application threads were stopped: 0.0012394 seconds, Stopping threads took: 0.0000223 seconds
2015-04-14T21:08:40.832-0100: 4011.683: [GC (Allocation Failure) 
Desired survivor size 524288 bytes, new threshold 1 (max 15)
[PSYoungGen: 2304K->288K(2560K)] 11132K->9140K(13824K), 0.0011052 secs] [Times: user=0.00 sys=0.00, real=0.00 secs] 
2015-04-14T21:08:40.833-0100: 4011.684: Total time for which application threads were stopped: 0.0012945 seconds, Stopping threads took: 0.0000214 seconds
2015-04-14T21:08:41.800-0100: 4012.651: [GC (Allocation Failure) 
Desired survivor size 524288 bytes, new threshold 1 (max 15)
[PSYoungGen: 2336K->256K(2560K)] 11188K->9140K(13824K), 0.0010839 secs] [Times: user=0.01 sys=0.00, real=0.00 secs] 
2015-04-14T21:08:41.801-0100: 4012.652: Total time for which application threads were stopped: 0.0012869 seconds, Stopping threads took: 0.0000205 seconds
2015-04-14T21:08:42.672-0100: 4013.523: [GC (Allocation Failure) 
Desired survivor size 524288 bytes, new threshold 1 (max 15)
[PSYoungGen: 2304K->288K(2560K)] 11188K->9204K(13824K), 0.0010584 secs] [Times: user=0.01 sys=0.00, real=0.00 secs] 
2015-04-14T21:08:42.673-0100: 4013.524: Total time for which application threads were stopped: 0.0012424 seconds, Stopping threads took: 0.0000220 seconds
2015-04-14T21:08:43.540-0100: 4014.391: [GC (Allocation Failure) 
Desired survivor size 524288 bytes, new threshold 1 (max 15)
[PSYoungGen: 2336K->256K(2560K)] 11252K->9204K(13824K), 0.0010711 secs] [Times: user=0.00 sys=0.00, real=0.00 secs] 
2015-04-14T21:08:43.541-0100: 4014.392: Total time for which application threads were stopped: 0.0012611 seconds, Stopping threads took: 0.0000204 seconds
2015-04-14T21:08:44.390-0100: 4015.241: [GC (Allocation Failure) 
Desired survivor size 524288 bytes, new threshold 1 (max 15)
[PSYoungGen: 2304K->288K(2560K)] 11252K->9260K(13824K), 0.0008496 secs] [Times: user=0.00 sys=0.00, real=0.00 secs] 
2015-04-14T21:08:44.391-0100: 4015.242: Total time for which application threads were stopped: 0.0010010 seconds, Stopping threads took: 0.0000186 seconds
2015-04-14T21:08:45.260-0100: 4016.111: [GC (Allocation Failure) 
Desired survivor size 524288 bytes, new threshold 1 (max 15)
[PSYoungGen: 2336K->288K(2560K)] 11308K->9292K(13824K), 0.0010787 secs] [Times: user=0.00 sys=0.00, real=0.00 secs] 
2015-04-14T21:08:45.261-0100: 4016.112: Total time for which application threads were stopped: 0.0012761 seconds, Stopping threads took: 0.0000220 seconds
2015-04-14T21:08:46.133-0100: 4016.984: [GC (Allocation Failure) 
Desired survivor size 524288 bytes, new threshold 1 (max 15)
[PSYoungGen: 2336K->256K(2560K)] 11340K->9292K(13824K), 0.0010028 secs] [Times: user=0.00 sys=0.00, real=0.00 secs] 
2015-04-14T21:08:46.134-0100: 4016.985: Total time for which application threads were stopped: 0.0012136 seconds, Stopping threads took: 0.0000234 seconds
2015-04-14T21:08:46.999-0100: 4017.850: [GC (Allocation Failure) 
Desired survivor size 524288 bytes, new threshold 1 (max 15)
[PSYoungGen: 2304K->256K(2560K)] 11340K->9316K(13824K), 0.0009978 secs] [Times: user=0.01 sys=0.00, real=0.01 secs] 
2015-04-14T21:08:47.000-0100: 4017.851: Total time for which application threads were stopped: 0.0012160 seconds, Stopping threads took: 0.0000232 seconds
2015-04-14T21:08:47.870-0100: 4018.721: [GC (Allocation Failure) 
Desired survivor size 524288 bytes, new threshold 1 (max 15)
[PSYoungGen: 2304K->288K(2560K)] 11364K->9380K(13824K), 0.0010037 secs] [Times: user=0.00 sys=0.00, real=0.00 secs] 
2015-04-14T21:08:47.871-0100: 4018.722: Total time for which application threads were stopped: 0.0012005 seconds, Stopping threads took: 0.0000223 seconds
2015-04-14T21:08:48.838-0100: 4019.689: [GC (Allocation Failure) 
Desired survivor size 524288 bytes, new threshold 1 (max 15)
[PSYoungGen: 2336K->256K(2560K)] 11428K->9380K(13824K), 0.0010892 secs] [Times: user=0.00 sys=0.00, real=0.00 secs] 
2015-04-14T21:08:48.839-0100: 4019.690: Total time for which application threads were stopped: 0.0013157 seconds, Stopping threads took: 0.0000238 seconds
2015-04-14T21:08:49.793-0100: 4020.644: [GC (Allocation Failure) 
Desired survivor size 524288 bytes, new threshold 1 (max 15)
[PSYoungGen: 2304K->288K(2560K)] 11428K->9452K(13824K), 0.0011108 secs] [Times: user=0.00 sys=0.00, real=0.00 secs] 
2015-04-14T21:08:49.794-0100: 4020.645: Total time for which application threads were stopped: 0.0012973 seconds, Stopping threads took: 0.0000219 seconds
2015-04-14T21:08:50.843-0100: 4021.694: [GC (Allocation Failure) 
Desired survivor size 524288 bytes, new threshold 1 (max 15)
[PSYoungGen: 2336K->256K(2560K)] 11500K->9444K(13824K), 0.0010139 secs] [Times: user=0.00 sys=0.00, real=0.00 secs] 
2015-04-14T21:08:50.844-0100: 4021.695: Total time for which application threads were stopped: 0.0012037 seconds, Stopping threads took: 0.0000222 seconds
2015-04-14T21:08:51.867-0100: 4022.718: [GC (Allocation Failure) 
Desired survivor size 524288 bytes, new threshold 1 (max 15)
[PSYoungGen: 2304K->288K(2560K)] 11492K->9500K(13824K), 0.0010321 secs] [Times: user=0.01 sys=0.00, real=0.00 secs] 
2015-04-14T21:08:51.868-0100: 4022.720: Total time for which application threads were stopped: 0.0012370 seconds, Stopping threads took: 0.0000217 seconds
2015-04-14T21:08:52.870-0100: 4023.721: [GC (Allocation Failure) 
Desired survivor size 524288 bytes, new threshold 1 (max 15)
[PSYoungGen: 2336K->256K(2560K)] 11548K->9500K(13824K), 0.0010527 secs] [Times: user=0.00 sys=0.00, real=0.00 secs] 
2015-04-14T21:08:52.871-0100: 4023.722: Total time for which application threads were stopped: 0.0012458 seconds, Stopping threads took: 0.0000233 seconds
2015-04-14T21:08:53.869-0100: 4024.720: [GC (Allocation Failure) 
Desired survivor size 524288 bytes, new threshold 1 (max 15)
[PSYoungGen: 2304K->256K(2560K)] 11548K->9524K(13824K), 0.0010505 secs] [Times: user=0.00 sys=0.00, real=0.01 secs] 
2015-04-14T21:08:53.870-0100: 4024.721: Total time for which application threads were stopped: 0.0012520 seconds, Stopping threads took: 0.0000270 seconds
2015-04-14T21:08:54.892-0100: 4025.743: [GC (Allocation Failure) 
Desired survivor size 524288 bytes, new threshold 1 (max 15)
[PSYoungGen: 2304K->288K(2560K)] 11572K->9588K(13824K), 0.0009572 secs] [Times: user=0.00 sys=0.00, real=0.00 secs] 
2015-04-14T21:08:54.893-0100: 4025.744: Total time for which application threads were stopped: 0.0011500 seconds, Stopping threads took: 0.0000230 seconds
2015-04-14T21:08:55.895-0100: 4026.746: [GC (Allocation Failure) 
Desired survivor size 524288 bytes, new threshold 1 (max 15)
[PSYoungGen: 2336K->288K(2560K)] 11636K->9620K(13824K), 0.0010190 secs] [Times: user=0.00 sys=0.00, real=0.00 secs] 
2015-04-14T21:08:55.896-0100: 4026.747: Total time for which application threads were stopped: 0.0012165 seconds, Stopping threads took: 0.0000226 seconds
2015-04-14T21:08:56.966-0100: 4027.817: [GC (Allocation Failure) 
Desired survivor size 524288 bytes, new threshold 1 (max 15)
[PSYoungGen: 2336K->288K(2560K)] 11668K->9652K(13824K), 0.0011037 secs] [Times: user=0.00 sys=0.00, real=0.00 secs] 
2015-04-14T21:08:56.967-0100: 4027.819: Total time for which application threads were stopped: 0.0013035 seconds, Stopping threads took: 0.0000240 seconds
2015-04-14T21:08:57.999-0100: 4028.850: [GC (Allocation Failure) 
Desired survivor size 524288 bytes, new threshold 1 (max 15)
[PSYoungGen: 2336K->256K(2560K)] 11700K->9652K(13824K), 0.0010271 secs] [Times: user=0.01 sys=0.00, real=0.01 secs] 
2015-04-14T21:08:58.000-0100: 4028.851: Total time for which application threads were stopped: 0.0012410 seconds, Stopping threads took: 0.0000275 seconds
2015-04-14T21:08:58.973-0100: 4029.824: [GC (Allocation Failure) 
Desired survivor size 524288 bytes, new threshold 1 (max 15)
[PSYoungGen: 2304K->256K(2560K)] 11700K->9668K(13824K), 0.0010797 secs] [Times: user=0.00 sys=0.00, real=0.00 secs] 
2015-04-14T21:08:58.974-0100: 4029.825: Total time for which application threads were stopped: 0.0012771 seconds, Stopping threads took: 0.0000226 seconds
2015-04-14T21:08:59.972-0100: 4030.823: [GC (Allocation Failure) 
Desired survivor size 524288 bytes, new threshold 1 (max 15)
[PSYoungGen: 2304K->288K(2560K)] 11716K->9724K(13824K), 0.0010149 secs] [Times: user=0.01 sys=0.00, real=0.00 secs] 
2015-04-14T21:08:59.973-0100: 4030.824: Total time for which application threads were stopped: 0.0012246 seconds, Stopping threads took: 0.0000226 seconds
2015-04-14T21:09:00.944-0100: 4031.795: [GC (Allocation Failure) 
Desired survivor size 524288 bytes, new threshold 1 (max 15)
[PSYoungGen: 2336K->256K(2560K)] 11772K->9732K(13824K), 0.0010727 secs] [Times: user=0.01 sys=0.00, real=0.00 secs] 
2015-04-14T21:09:00.945-0100: 4031.797: Total time for which application threads were stopped: 0.0012960 seconds, Stopping threads took: 0.0000224 seconds
2015-04-14T21:09:02.032-0100: 4032.883: [GC (Allocation Failure) 
Desired survivor size 524288 bytes, new threshold 1 (max 15)
[PSYoungGen: 2304K->288K(2560K)] 11780K->9796K(13824K), 0.0010483 secs] [Times: user=0.01 sys=0.00, real=0.00 secs] 
2015-04-14T21:09:02.033-0100: 4032.884: Total time for which application threads were stopped: 0.0012458 seconds, Stopping threads took: 0.0000238 seconds
2015-04-14T21:09:03.102-0100: 4033.953: [GC (Allocation Failure) 
Desired survivor size 524288 bytes, new threshold 1 (max 15)
[PSYoungGen: 2336K->256K(2560K)] 11844K->9788K(13824K), 0.0010684 secs] [Times: user=0.01 sys=0.00, real=0.00 secs] 
2015-04-14T21:09:03.103-0100: 4033.954: Total time for which application threads were stopped: 0.0012682 seconds, Stopping threads took: 0.0000224 seconds
2015-04-14T21:09:04.134-0100: 4034.986: [GC (Allocation Failure) 
Desired survivor size 524288 bytes, new threshold 1 (max 15)
[PSYoungGen: 2304K->288K(2560K)] 11836K->9852K(13824K), 0.0010911 secs] [Times: user=0.00 sys=0.00, real=0.00 secs] 
2015-04-14T21:09:04.136-0100: 4034.987: Total time for which application threads were stopped: 0.0012658 seconds, Stopping threads took: 0.0000214 seconds
2015-04-14T21:09:05.142-0100: 4035.993: [GC (Allocation Failure) 
Desired survivor size 524288 bytes, new threshold 1 (max 15)
[PSYoungGen: 2336K->256K(2560K)] 11900K->9852K(13824K), 0.0010027 secs] [Times: user=0.01 sys=0.00, real=0.00 secs] 
2015-04-14T21:09:05.143-0100: 4035.994: Total time for which application threads were stopped: 0.0011984 seconds, Stopping threads took: 0.0000234 seconds
2015-04-14T21:09:06.162-0100: 4037.013: [GC (Allocation Failure) 
Desired survivor size 524288 bytes, new threshold 1 (max 15)
[PSYoungGen: 2304K->256K(2560K)] 11900K->9884K(13824K), 0.0010516 secs] [Times: user=0.01 sys=0.00, real=0.00 secs] 
2015-04-14T21:09:06.163-0100: 4037.014: Total time for which application threads were stopped: 0.0012493 seconds, Stopping threads took: 0.0000215 seconds
2015-04-14T21:09:07.215-0100: 4038.066: [GC (Allocation Failure) 
Desired survivor size 524288 bytes, new threshold 1 (max 15)
[PSYoungGen: 2304K->288K(2560K)] 11932K->9940K(13824K), 0.0010653 secs] [Times: user=0.01 sys=0.00, real=0.00 secs] 
2015-04-14T21:09:07.216-0100: 4038.067: Total time for which application threads were stopped: 0.0012691 seconds, Stopping threads took: 0.0000232 seconds
2015-04-14T21:09:08.264-0100: 4039.115: [GC (Allocation Failure) 
Desired survivor size 524288 bytes, new threshold 1 (max 15)
[PSYoungGen: 2336K->256K(2560K)] 11988K->9948K(13824K), 0.0009830 secs] [Times: user=0.00 sys=0.00, real=0.00 secs] 
2015-04-14T21:09:08.265-0100: 4039.116: Total time for which application threads were stopped: 0.0012006 seconds, Stopping threads took: 0.0000277 seconds
2015-04-14T21:09:09.322-0100: 4040.173: [GC (Allocation Failure) 
Desired survivor size 524288 bytes, new threshold 1 (max 15)
[PSYoungGen: 2304K->288K(2560K)] 11996K->10012K(13824K), 0.0009947 secs] [Times: user=0.00 sys=0.00, real=0.00 secs] 
2015-04-14T21:09:09.323-0100: 4040.174: Total time for which application threads were stopped: 0.0011929 seconds, Stopping threads took: 0.0000242 seconds
2015-04-14T21:09:10.308-0100: 4041.159: [GC (Allocation Failure) 
Desired survivor size 524288 bytes, new threshold 1 (max 15)
[PSYoungGen: 2336K->256K(2560K)] 12060K->10012K(13824K), 0.0010866 secs] [Times: user=0.00 sys=0.00, real=0.00 secs] 
2015-04-14T21:09:10.309-0100: 4041.161: Total time for which application threads were stopped: 0.0012753 seconds, Stopping threads took: 0.0000209 seconds
2015-04-14T21:09:11.342-0100: 4042.193: [GC (Allocation Failure) 
Desired survivor size 524288 bytes, new threshold 1 (max 15)
[PSYoungGen: 2304K->256K(2560K)] 12060K->10044K(13824K), 0.0010618 secs] [Times: user=0.00 sys=0.00, real=0.00 secs] 
2015-04-14T21:09:11.343-0100: 4042.194: Total time for which application threads were stopped: 0.0013614 seconds, Stopping threads took: 0.0000402 seconds
2015-04-14T21:09:12.332-0100: 4043.183: [GC (Allocation Failure) 
Desired survivor size 524288 bytes, new threshold 1 (max 15)
[PSYoungGen: 2304K->256K(2560K)] 12092K->10068K(13824K), 0.0009993 secs] [Times: user=0.01 sys=0.00, real=0.00 secs] 
2015-04-14T21:09:12.333-0100: 4043.184: Total time for which application threads were stopped: 0.0011985 seconds, Stopping threads took: 0.0000244 seconds
2015-04-14T21:09:13.400-0100: 4044.252: [GC (Allocation Failure) 
Desired survivor size 524288 bytes, new threshold 1 (max 15)
[PSYoungGen: 2304K->256K(2560K)] 12116K->10092K(13824K), 0.0010933 secs] [Times: user=0.01 sys=0.00, real=0.00 secs] 
2015-04-14T21:09:13.401-0100: 4044.253: Total time for which application threads were stopped: 0.0012956 seconds, Stopping threads took: 0.0000223 seconds
2015-04-14T21:09:14.402-0100: 4045.253: [GC (Allocation Failure) 
Desired survivor size 524288 bytes, new threshold 1 (max 15)
[PSYoungGen: 2304K->256K(2560K)] 12140K->10116K(13824K), 0.0011591 secs] [Times: user=0.00 sys=0.00, real=0.00 secs] 
2015-04-14T21:09:14.403-0100: 4045.254: Total time for which application threads were stopped: 0.0013743 seconds, Stopping threads took: 0.0000232 seconds
2015-04-14T21:09:15.374-0100: 4046.225: [GC (Allocation Failure) 
Desired survivor size 524288 bytes, new threshold 1 (max 15)
[PSYoungGen: 2304K->256K(2560K)] 12164K->10148K(13824K), 0.0011061 secs] [Times: user=0.00 sys=0.00, real=0.00 secs] 
2015-04-14T21:09:15.375-0100: 4046.226: Total time for which application threads were stopped: 0.0013044 seconds, Stopping threads took: 0.0000219 seconds
2015-04-14T21:09:16.394-0100: 4047.245: [GC (Allocation Failure) 
Desired survivor size 524288 bytes, new threshold 1 (max 15)
[PSYoungGen: 2304K->288K(2560K)] 12196K->10212K(13824K), 0.0010065 secs] [Times: user=0.00 sys=0.00, real=0.00 secs] 
2015-04-14T21:09:16.395-0100: 4047.246: Total time for which application threads were stopped: 0.0012097 seconds, Stopping threads took: 0.0000235 seconds
2015-04-14T21:09:17.411-0100: 4048.263: [GC (Allocation Failure) 
Desired survivor size 524288 bytes, new threshold 1 (max 15)
[PSYoungGen: 2336K->288K(2560K)] 12260K->10244K(13824K), 0.0009697 secs] [Times: user=0.01 sys=0.00, real=0.00 secs] 
2015-04-14T21:09:17.412-0100: 4048.264: Total time for which application threads were stopped: 0.0011414 seconds, Stopping threads took: 0.0000202 seconds
2015-04-14T21:09:18.512-0100: 4049.364: [GC (Allocation Failure) 
Desired survivor size 524288 bytes, new threshold 1 (max 15)
[PSYoungGen: 2336K->288K(2560K)] 12292K->10276K(13824K), 0.0010636 secs] [Times: user=0.00 sys=0.00, real=0.00 secs] 
2015-04-14T21:09:18.514-0100: 4049.365: Total time for which application threads were stopped: 0.0012603 seconds, Stopping threads took: 0.0000226 seconds
2015-04-14T21:09:19.554-0100: 4050.405: [GC (Allocation Failure) 
Desired survivor size 524288 bytes, new threshold 1 (max 15)
[PSYoungGen: 2336K->256K(2560K)] 12324K->10276K(13824K), 0.0010209 secs] [Times: user=0.00 sys=0.00, real=0.00 secs] 
2015-04-14T21:09:19.555-0100: 4050.406: Total time for which application threads were stopped: 0.0012355 seconds, Stopping threads took: 0.0000221 seconds
2015-04-14T21:09:20.574-0100: 4051.425: [GC (Allocation Failure) 
Desired survivor size 524288 bytes, new threshold 1 (max 15)
[PSYoungGen: 2304K->288K(2560K)] 12324K->10332K(13824K), 0.0009878 secs] [Times: user=0.01 sys=0.00, real=0.00 secs] 
2015-04-14T21:09:20.575-0100: 4051.426: Total time for which application threads were stopped: 0.0011821 seconds, Stopping threads took: 0.0000217 seconds
2015-04-14T21:09:21.605-0100: 4052.456: [GC (Allocation Failure) 
Desired survivor size 524288 bytes, new threshold 1 (max 15)
[PSYoungGen: 2336K->288K(2560K)] 12380K->10356K(13824K), 0.0011774 secs] [Times: user=0.01 sys=0.00, real=0.00 secs] 
2015-04-14T21:09:21.606-0100: 4052.458: Total time for which application threads were stopped: 0.0014621 seconds, Stopping threads took: 0.0000352 seconds
2015-04-14T21:09:22.664-0100: 4053.515: [GC (Allocation Failure) 
Desired survivor size 524288 bytes, new threshold 1 (max 15)
[PSYoungGen: 2336K->256K(2560K)] 12404K->10356K(13824K), 0.0010496 secs] [Times: user=0.00 sys=0.00, real=0.00 secs] 
2015-04-14T21:09:22.665-0100: 4053.516: Total time for which application threads were stopped: 0.0012508 seconds, Stopping threads took: 0.0000216 seconds
2015-04-14T21:09:23.700-0100: 4054.552: [GC (Allocation Failure) 
Desired survivor size 524288 bytes, new threshold 1 (max 15)
[PSYoungGen: 2304K->256K(2560K)] 12404K->10388K(13824K), 0.0010341 secs] [Times: user=0.01 sys=0.00, real=0.00 secs] 
2015-04-14T21:09:23.701-0100: 4054.553: Total time for which application threads were stopped: 0.0012211 seconds, Stopping threads took: 0.0000228 seconds
2015-04-14T21:09:24.738-0100: 4055.590: [GC (Allocation Failure) 
Desired survivor size 524288 bytes, new threshold 1 (max 15)
[PSYoungGen: 2304K->256K(2560K)] 12436K->10412K(13824K), 0.0010420 secs] [Times: user=0.00 sys=0.00, real=0.00 secs] 
2015-04-14T21:09:24.739-0100: 4055.591: Total time for which application threads were stopped: 0.0012474 seconds, Stopping threads took: 0.0000221 seconds
2015-04-14T21:09:25.790-0100: 4056.642: [GC (Allocation Failure) 
Desired survivor size 524288 bytes, new threshold 1 (max 15)
[PSYoungGen: 2304K->256K(2560K)] 12460K->10452K(13824K), 0.0011102 secs] [Times: user=0.00 sys=0.00, real=0.00 secs] 
2015-04-14T21:09:25.791-0100: 4056.643: Total time for which application threads were stopped: 0.0013095 seconds, Stopping threads took: 0.0000223 seconds
2015-04-14T21:09:26.810-0100: 4057.662: [GC (Allocation Failure) 
Desired survivor size 524288 bytes, new threshold 1 (max 15)
[PSYoungGen: 2304K->256K(2560K)] 12500K->10468K(13824K), 0.0010211 secs] [Times: user=0.01 sys=0.00, real=0.00 secs] 
2015-04-14T21:09:26.811-0100: 4057.663: Total time for which application threads were stopped: 0.0012209 seconds, Stopping threads took: 0.0000240 seconds
2015-04-14T21:09:27.813-0100: 4058.665: [GC (Allocation Failure) 
Desired survivor size 524288 bytes, new threshold 1 (max 15)
[PSYoungGen: 2304K->288K(2560K)] 12516K->10532K(13824K), 0.0010513 secs] [Times: user=0.01 sys=0.00, real=0.00 secs] 
2015-04-14T21:09:27.814-0100: 4058.666: Total time for which application threads were stopped: 0.0012493 seconds, Stopping threads took: 0.0000222 seconds
2015-04-14T21:09:28.801-0100: 4059.653: [GC (Allocation Failure) 
Desired survivor size 524288 bytes, new threshold 1 (max 15)
[PSYoungGen: 2336K->288K(2560K)] 12580K->10556K(13824K), 0.0009805 secs] [Times: user=0.00 sys=0.00, real=0.00 secs] 
2015-04-14T21:09:28.802-0100: 4059.654: Total time for which application threads were stopped: 0.0011553 seconds, Stopping threads took: 0.0000216 seconds
2015-04-14T21:09:29.835-0100: 4060.686: [GC (Allocation Failure) 
Desired survivor size 524288 bytes, new threshold 1 (max 15)
[PSYoungGen: 2336K->256K(2560K)] 12604K->10556K(13824K), 0.0010424 secs] [Times: user=0.00 sys=0.00, real=0.00 secs] 
2015-04-14T21:09:29.836-0100: 4060.687: Total time for which application threads were stopped: 0.0012376 seconds, Stopping threads took: 0.0000232 seconds
2015-04-14T21:09:30.873-0100: 4061.725: [GC (Allocation Failure) 
Desired survivor size 524288 bytes, new threshold 1 (max 15)
[PSYoungGen: 2304K->256K(2560K)] 12604K->10580K(13824K), 0.0010202 secs] [Times: user=0.00 sys=0.00, real=0.00 secs] 
2015-04-14T21:09:30.874-0100: 4061.726: Total time for which application threads were stopped: 0.0012142 seconds, Stopping threads took: 0.0000225 seconds
2015-04-14T21:09:31.890-0100: 4062.742: [GC (Allocation Failure) 
Desired survivor size 524288 bytes, new threshold 1 (max 15)
[PSYoungGen: 2304K->256K(2560K)] 12628K->10612K(13824K), 0.0010664 secs] [Times: user=0.00 sys=0.00, real=0.00 secs] 
2015-04-14T21:09:31.892-0100: 4062.743: Total time for which application threads were stopped: 0.0012589 seconds, Stopping threads took: 0.0000221 seconds
2015-04-14T21:09:32.909-0100: 4063.760: [GC (Allocation Failure) 
Desired survivor size 524288 bytes, new threshold 1 (max 15)
[PSYoungGen: 2304K->256K(2560K)] 12660K->10636K(13824K), 0.0011095 secs] [Times: user=0.00 sys=0.00, real=0.01 secs] 
2015-04-14T21:09:32.910-0100: 4063.762: Total time for which application threads were stopped: 0.0013288 seconds, Stopping threads took: 0.0000282 seconds
2015-04-14T21:09:33.931-0100: 4064.783: [GC (Allocation Failure) 
Desired survivor size 524288 bytes, new threshold 1 (max 15)
[PSYoungGen: 2304K->256K(2560K)] 12684K->10668K(13824K), 0.0011407 secs] [Times: user=0.00 sys=0.00, real=0.00 secs] 
2015-04-14T21:09:33.932-0100: 4064.784: Total time for which application threads were stopped: 0.0013497 seconds, Stopping threads took: 0.0000219 seconds
2015-04-14T21:09:34.951-0100: 4065.803: [GC (Allocation Failure) 
Desired survivor size 524288 bytes, new threshold 1 (max 15)
[PSYoungGen: 2304K->256K(2560K)] 12716K->10700K(13824K), 0.0010888 secs] [Times: user=0.00 sys=0.00, real=0.00 secs] 
2015-04-14T21:09:34.952-0100: 4065.804: Total time for which application threads were stopped: 0.0012789 seconds, Stopping threads took: 0.0000215 seconds
2015-04-14T21:09:35.972-0100: 4066.823: [GC (Allocation Failure) 
Desired survivor size 524288 bytes, new threshold 1 (max 15)
[PSYoungGen: 2304K->256K(2560K)] 12748K->10732K(13824K), 0.0009227 secs] [Times: user=0.00 sys=0.00, real=0.00 secs] 
2015-04-14T21:09:35.973-0100: 4066.824: Total time for which application threads were stopped: 0.0010857 seconds, Stopping threads took: 0.0000194 seconds
2015-04-14T21:09:36.988-0100: 4067.840: [GC (Allocation Failure) 
Desired survivor size 524288 bytes, new threshold 1 (max 15)
[PSYoungGen: 2304K->256K(2560K)] 12780K->10756K(13824K), 0.0010249 secs] [Times: user=0.01 sys=0.00, real=0.00 secs] 
2015-04-14T21:09:36.989-0100: 4067.841: Total time for which application threads were stopped: 0.0012308 seconds, Stopping threads took: 0.0000286 seconds
2015-04-14T21:09:37.993-0100: 4068.845: [GC (Allocation Failure) 
Desired survivor size 524288 bytes, new threshold 1 (max 15)
[PSYoungGen: 2304K->256K(2560K)] 12804K->10788K(13824K), 0.0009354 secs] [Times: user=0.00 sys=0.00, real=0.00 secs] 
2015-04-14T21:09:37.994-0100: 4068.846: Total time for which application threads were stopped: 0.0010922 seconds, Stopping threads took: 0.0000204 seconds
2015-04-14T21:09:39.014-0100: 4069.866: [GC (Allocation Failure) 
Desired survivor size 524288 bytes, new threshold 1 (max 15)
[PSYoungGen: 2304K->256K(2560K)] 12836K->10804K(13824K), 0.0010218 secs] [Times: user=0.00 sys=0.00, real=0.00 secs] 
2015-04-14T21:09:39.015-0100: 4069.867: Total time for which application threads were stopped: 0.0012202 seconds, Stopping threads took: 0.0000231 seconds
2015-04-14T21:09:40.001-0100: 4070.853: [GC (Allocation Failure) 
Desired survivor size 524288 bytes, new threshold 1 (max 15)
[PSYoungGen: 2304K->256K(2560K)] 12852K->10828K(13824K), 0.0010532 secs] [Times: user=0.00 sys=0.00, real=0.00 secs] 
2015-04-14T21:09:40.002-0100: 4070.854: Total time for which application threads were stopped: 0.0012354 seconds, Stopping threads took: 0.0000208 seconds
2015-04-14T21:09:40.952-0100: 4071.804: [GC (Allocation Failure) 
Desired survivor size 524288 bytes, new threshold 1 (max 15)
[PSYoungGen: 2304K->288K(2560K)] 12876K->10892K(13824K), 0.0010117 secs] [Times: user=0.00 sys=0.00, real=0.00 secs] 
2015-04-14T21:09:40.953-0100: 4071.805: Total time for which application threads were stopped: 0.0012199 seconds, Stopping threads took: 0.0000226 seconds
2015-04-14T21:09:41.906-0100: 4072.758: [GC (Allocation Failure) 
Desired survivor size 524288 bytes, new threshold 1 (max 15)
[PSYoungGen: 2336K->256K(2560K)] 12940K->10892K(13824K), 0.0010615 secs] [Times: user=0.00 sys=0.00, real=0.00 secs] 
2015-04-14T21:09:41.907-0100: 4072.759: Total time for which application threads were stopped: 0.0012691 seconds, Stopping threads took: 0.0000230 seconds
2015-04-14T21:09:42.793-0100: 4073.645: [GC (Allocation Failure) 
Desired survivor size 524288 bytes, new threshold 1 (max 15)
[PSYoungGen: 2304K->256K(2560K)] 12940K->10924K(13824K), 0.0009910 secs] [Times: user=0.01 sys=0.00, real=0.00 secs] 
2015-04-14T21:09:42.794-0100: 4073.646: Total time for which application threads were stopped: 0.0012015 seconds, Stopping threads took: 0.0000197 seconds
2015-04-14T21:09:43.629-0100: 4074.481: [GC (Allocation Failure) 
Desired survivor size 524288 bytes, new threshold 1 (max 15)
[PSYoungGen: 2304K->256K(2560K)] 12972K->10964K(13824K), 0.0011368 secs] [Times: user=0.00 sys=0.00, real=0.01 secs] 
2015-04-14T21:09:43.630-0100: 4074.482: Total time for which application threads were stopped: 0.0013336 seconds, Stopping threads took: 0.0000234 seconds
2015-04-14T21:09:44.497-0100: 4075.349: [GC (Allocation Failure) 
Desired survivor size 524288 bytes, new threshold 1 (max 15)
[PSYoungGen: 2304K->224K(2560K)] 13012K->10964K(13824K), 0.0010723 secs] [Times: user=0.01 sys=0.00, real=0.00 secs] 
2015-04-14T21:09:44.498-0100: 4075.350: Total time for which application threads were stopped: 0.0012719 seconds, Stopping threads took: 0.0000228 seconds
2015-04-14T21:09:45.333-0100: 4076.185: [GC (Allocation Failure) 
Desired survivor size 524288 bytes, new threshold 1 (max 15)
[PSYoungGen: 2272K->256K(2560K)] 13012K->11028K(13824K), 0.0011122 secs] [Times: user=0.00 sys=0.00, real=0.00 secs] 
2015-04-14T21:09:45.335-0100: 4076.187: Total time for which application threads were stopped: 0.0013096 seconds, Stopping threads took: 0.0000233 seconds
2015-04-14T21:09:46.254-0100: 4077.106: [GC (Allocation Failure) 
Desired survivor size 524288 bytes, new threshold 1 (max 15)
[PSYoungGen: 2304K->288K(2560K)] 13076K->11092K(13824K), 0.0010407 secs] [Times: user=0.00 sys=0.00, real=0.00 secs] 
2015-04-14T21:09:46.255-0100: 4077.107: Total time for which application threads were stopped: 0.0012387 seconds, Stopping threads took: 0.0000228 seconds
2015-04-14T21:09:47.171-0100: 4078.023: [GC (Allocation Failure) 
Desired survivor size 524288 bytes, new threshold 1 (max 15)
[PSYoungGen: 2336K->256K(2560K)] 13140K->11100K(13824K), 0.0011219 secs] [Times: user=0.01 sys=0.00, real=0.00 secs] 
2015-04-14T21:09:47.173-0100: 4078.025: Total time for which application threads were stopped: 0.0013137 seconds, Stopping threads took: 0.0000215 seconds
2015-04-14T21:09:48.076-0100: 4078.928: [GC (Allocation Failure) 
Desired survivor size 524288 bytes, new threshold 1 (max 15)
[PSYoungGen: 2304K->256K(2560K)] 13148K->11132K(13824K), 0.0009456 secs] [Times: user=0.00 sys=0.00, real=0.00 secs] 
2015-04-14T21:09:48.077-0100: 4078.929: Total time for which application threads were stopped: 0.0011246 seconds, Stopping threads took: 0.0000206 seconds
2015-04-14T21:09:49.012-0100: 4079.864: [GC (Allocation Failure) 
Desired survivor size 524288 bytes, new threshold 1 (max 15)
[PSYoungGen: 2304K->256K(2560K)] 13180K->11156K(13824K), 0.0010932 secs] [Times: user=0.00 sys=0.01, real=0.00 secs] 
2015-04-14T21:09:49.013-0100: 4079.865: Total time for which application threads were stopped: 0.0012846 seconds, Stopping threads took: 0.0000223 seconds
2015-04-14T21:09:49.911-0100: 4080.763: [GC (Allocation Failure) 
Desired survivor size 524288 bytes, new threshold 1 (max 15)
[PSYoungGen: 2304K->288K(2560K)] 13204K->11228K(13824K), 0.0010557 secs] [Times: user=0.00 sys=0.00, real=0.00 secs] 
2015-04-14T21:09:49.912-0100: 4080.764: Total time for which application threads were stopped: 0.0012628 seconds, Stopping threads took: 0.0000259 seconds
2015-04-14T21:09:50.869-0100: 4081.721: [GC (Allocation Failure) 
Desired survivor size 524288 bytes, new threshold 1 (max 15)
[PSYoungGen: 2336K->256K(2560K)] 13276K->11220K(13824K), 0.0010302 secs] [Times: user=0.00 sys=0.00, real=0.01 secs] 
2015-04-14T21:09:50.870-0100: 4081.722: Total time for which application threads were stopped: 0.0012506 seconds, Stopping threads took: 0.0000252 seconds
2015-04-14T21:09:51.871-0100: 4082.723: [GC (Allocation Failure) 
Desired survivor size 524288 bytes, new threshold 1 (max 15)
[PSYoungGen: 2304K->256K(2560K)] 13268K->11260K(13824K), 0.0010584 secs] [Times: user=0.01 sys=0.00, real=0.00 secs] 
2015-04-14T21:09:51.872-0100: 4082.724: Total time for which application threads were stopped: 0.0012728 seconds, Stopping threads took: 0.0000227 seconds
2015-04-14T21:09:52.870-0100: 4083.722: [GC (Allocation Failure) 
Desired survivor size 524288 bytes, new threshold 1 (max 15)
[PSYoungGen: 2304K->256K(2560K)] 13308K->11292K(13824K), 0.0008898 secs] [Times: user=0.00 sys=0.00, real=0.00 secs] 
2015-04-14T21:09:52.871-0100: 4083.723: Total time for which application threads were stopped: 0.0010573 seconds, Stopping threads took: 0.0000238 seconds
2015-04-14T21:09:53.862-0100: 4084.714: [GC (Allocation Failure) 
Desired survivor size 524288 bytes, new threshold 1 (max 15)
[PSYoungGen: 2304K->256K(2560K)] 13340K->11316K(13824K), 0.0010373 secs] [Times: user=0.00 sys=0.01, real=0.00 secs] 
2015-04-14T21:09:53.863-0100: 4084.715: Total time for which application threads were stopped: 0.0012278 seconds, Stopping threads took: 0.0000216 seconds
2015-04-14T21:09:54.848-0100: 4085.700: [GC (Allocation Failure) 
Desired survivor size 524288 bytes, new threshold 1 (max 15)
[PSYoungGen: 2304K->256K(2560K)] 13364K->11348K(13824K), 0.0010979 secs] [Times: user=0.00 sys=0.00, real=0.00 secs] 
2015-04-14T21:09:54.849-0100: 4085.701: Total time for which application threads were stopped: 0.0012963 seconds, Stopping threads took: 0.0000234 seconds
2015-04-14T21:09:55.884-0100: 4086.736: [GC (Allocation Failure) 
Desired survivor size 524288 bytes, new threshold 1 (max 15)
[PSYoungGen: 2304K->256K(2560K)] 13396K->11372K(13824K), 0.0011098 secs] [Times: user=0.01 sys=0.00, real=0.00 secs] 
2015-04-14T21:09:55.886-0100: 4086.738: Total time for which application threads were stopped: 0.0013099 seconds, Stopping threads took: 0.0000230 seconds
2015-04-14T21:09:56.901-0100: 4087.753: [GC (Allocation Failure) 
Desired survivor size 524288 bytes, new threshold 1 (max 15)
[PSYoungGen: 2304K->288K(2560K)] 13420K->11436K(13824K), 0.0010093 secs] [Times: user=0.00 sys=0.00, real=0.00 secs] 
2015-04-14T21:09:56.902-0100: 4087.754: Total time for which application threads were stopped: 0.0011942 seconds, Stopping threads took: 0.0000232 seconds
2015-04-14T21:09:57.957-0100: 4088.809: [GC (Allocation Failure) 
Desired survivor size 524288 bytes, new threshold 1 (max 15)
[PSYoungGen: 2336K->288K(2560K)] 13484K->11468K(13824K), 0.0010113 secs] [Times: user=0.01 sys=0.00, real=0.00 secs] 
2015-04-14T21:09:57.958-0100: 4088.810: Total time for which application threads were stopped: 0.0012181 seconds, Stopping threads took: 0.0000204 seconds
2015-04-14T21:09:59.028-0100: 4089.880: [GC (Allocation Failure) 
Desired survivor size 524288 bytes, new threshold 1 (max 15)
[PSYoungGen: 2336K->288K(2560K)] 13516K->11500K(13824K), 0.0009879 secs] [Times: user=0.00 sys=0.00, real=0.00 secs] 
2015-04-14T21:09:59.029-0100: 4089.881: Total time for which application threads were stopped: 0.0011713 seconds, Stopping threads took: 0.0000222 seconds
2015-04-14T21:10:00.013-0100: 4090.865: [GC (Allocation Failure) 
Desired survivor size 524288 bytes, new threshold 1 (max 15)
[PSYoungGen: 2336K->256K(2560K)] 13548K->11508K(13824K), 0.0009383 secs] [Times: user=0.00 sys=0.00, real=0.00 secs] 
2015-04-14T21:10:00.014-0100: 4090.866: [Full GC (Ergonomics) [PSYoungGen: 256K->0K(2560K)] [ParOldGen: 11252K->8350K(11264K)] 11508K->8350K(13824K), [Metaspace: 17890K->17890K(1064960K)], 0.0180674 secs] [Times: user=0.05 sys=0.00, real=0.02 secs] 
2015-04-14T21:10:00.032-0100: 4090.885: Total time for which application threads were stopped: 0.0193028 seconds, Stopping threads took: 0.0000215 seconds
2015-04-14T21:10:01.000-0100: 4091.852: [GC (Allocation Failure) 
Desired survivor size 524288 bytes, new threshold 1 (max 15)
[PSYoungGen: 2048K->288K(2560K)] 10398K->8638K(13824K), 0.0010710 secs] [Times: user=0.00 sys=0.00, real=0.00 secs] 
2015-04-14T21:10:01.001-0100: 4091.853: Total time for which application threads were stopped: 0.0012589 seconds, Stopping threads took: 0.0000206 seconds
2015-04-14T21:10:02.037-0100: 4092.889: [GC (Allocation Failure) 
Desired survivor size 524288 bytes, new threshold 1 (max 15)
[PSYoungGen: 2336K->224K(2560K)] 10686K->8598K(13824K), 0.0010599 secs] [Times: user=0.01 sys=0.00, real=0.00 secs] 
2015-04-14T21:10:02.038-0100: 4092.890: Total time for which application threads were stopped: 0.0012480 seconds, Stopping threads took: 0.0000210 seconds
2015-04-14T21:10:03.054-0100: 4093.907: [GC (Allocation Failure) 
Desired survivor size 524288 bytes, new threshold 1 (max 15)
[PSYoungGen: 2272K->224K(2560K)] 10646K->8622K(13824K), 0.0010988 secs] [Times: user=0.00 sys=0.00, real=0.00 secs] 
2015-04-14T21:10:03.056-0100: 4093.908: Total time for which application threads were stopped: 0.0013223 seconds, Stopping threads took: 0.0000252 seconds
2015-04-14T21:10:04.161-0100: 4095.013: [GC (Allocation Failure) 
Desired survivor size 524288 bytes, new threshold 1 (max 15)
[PSYoungGen: 2272K->288K(2560K)] 10670K->8718K(13824K), 0.0009056 secs] [Times: user=0.00 sys=0.00, real=0.00 secs] 
2015-04-14T21:10:04.162-0100: 4095.014: Total time for which application threads were stopped: 0.0010835 seconds, Stopping threads took: 0.0000222 seconds
2015-04-14T21:10:05.180-0100: 4096.033: [GC (Allocation Failure) 
Desired survivor size 524288 bytes, new threshold 1 (max 15)
[PSYoungGen: 2336K->256K(2560K)] 10766K->8726K(13824K), 0.0011313 secs] [Times: user=0.00 sys=0.00, real=0.00 secs] 
2015-04-14T21:10:05.182-0100: 4096.034: Total time for which application threads were stopped: 0.0013268 seconds, Stopping threads took: 0.0000231 seconds
2015-04-14T21:10:06.198-0100: 4097.050: [GC (Allocation Failure) 
Desired survivor size 524288 bytes, new threshold 1 (max 15)
[PSYoungGen: 2304K->288K(2560K)] 10774K->8790K(13824K), 0.0010534 secs] [Times: user=0.00 sys=0.00, real=0.00 secs] 
2015-04-14T21:10:06.199-0100: 4097.051: Total time for which application threads were stopped: 0.0012571 seconds, Stopping threads took: 0.0000222 seconds
2015-04-14T21:10:07.203-0100: 4098.055: [GC (Allocation Failure) 
Desired survivor size 524288 bytes, new threshold 1 (max 15)
[PSYoungGen: 2336K->288K(2560K)] 10838K->8822K(13824K), 0.0010383 secs] [Times: user=0.01 sys=0.00, real=0.00 secs] 
2015-04-14T21:10:07.204-0100: 4098.056: Total time for which application threads were stopped: 0.0012290 seconds, Stopping threads took: 0.0000222 seconds
2015-04-14T21:10:08.271-0100: 4099.123: [GC (Allocation Failure) 
Desired survivor size 524288 bytes, new threshold 1 (max 15)
[PSYoungGen: 2336K->256K(2560K)] 10870K->8822K(13824K), 0.0009105 secs] [Times: user=0.00 sys=0.00, real=0.00 secs] 
2015-04-14T21:10:08.272-0100: 4099.124: Total time for which application threads were stopped: 0.0010911 seconds, Stopping threads took: 0.0000172 seconds
2015-04-14T21:10:09.356-0100: 4100.208: [GC (Allocation Failure) 
Desired survivor size 524288 bytes, new threshold 1 (max 15)
[PSYoungGen: 2304K->256K(2560K)] 10870K->8846K(13824K), 0.0010662 secs] [Times: user=0.01 sys=0.00, real=0.00 secs] 
2015-04-14T21:10:09.357-0100: 4100.209: Total time for which application threads were stopped: 0.0012758 seconds, Stopping threads took: 0.0000239 seconds
2015-04-14T21:10:10.397-0100: 4101.249: [GC (Allocation Failure) 
Desired survivor size 524288 bytes, new threshold 1 (max 15)
[PSYoungGen: 2304K->256K(2560K)] 10894K->8886K(13824K), 0.0010150 secs] [Times: user=0.00 sys=0.00, real=0.00 secs] 
2015-04-14T21:10:10.398-0100: 4101.250: Total time for which application threads were stopped: 0.0012043 seconds, Stopping threads took: 0.0000204 seconds
2015-04-14T21:10:11.417-0100: 4102.269: [GC (Allocation Failure) 
Desired survivor size 524288 bytes, new threshold 1 (max 15)
[PSYoungGen: 2304K->256K(2560K)] 10934K->8918K(13824K), 0.0009946 secs] [Times: user=0.01 sys=0.00, real=0.00 secs] 
2015-04-14T21:10:11.418-0100: 4102.270: Total time for which application threads were stopped: 0.0011890 seconds, Stopping threads took: 0.0000228 seconds
2015-04-14T21:10:12.453-0100: 4103.305: [GC (Allocation Failure) 
Desired survivor size 524288 bytes, new threshold 1 (max 15)
[PSYoungGen: 2304K->256K(2560K)] 10966K->8958K(13824K), 0.0010345 secs] [Times: user=0.01 sys=0.00, real=0.00 secs] 
2015-04-14T21:10:12.454-0100: 4103.306: Total time for which application threads were stopped: 0.0012416 seconds, Stopping threads took: 0.0000193 seconds
2015-04-14T21:10:13.476-0100: 4104.329: [GC (Allocation Failure) 
Desired survivor size 524288 bytes, new threshold 1 (max 15)
[PSYoungGen: 2304K->288K(2560K)] 11006K->9030K(13824K), 0.0009789 secs] [Times: user=0.00 sys=0.00, real=0.00 secs] 
2015-04-14T21:10:13.477-0100: 4104.330: Total time for which application threads were stopped: 0.0011446 seconds, Stopping threads took: 0.0000189 seconds
2015-04-14T21:10:14.476-0100: 4105.328: [GC (Allocation Failure) 
Desired survivor size 524288 bytes, new threshold 1 (max 15)
[PSYoungGen: 2336K->256K(2560K)] 11078K->9022K(13824K), 0.0009031 secs] [Times: user=0.00 sys=0.00, real=0.00 secs] 
2015-04-14T21:10:14.477-0100: 4105.329: Total time for which application threads were stopped: 0.0010856 seconds, Stopping threads took: 0.0000210 seconds
2015-04-14T21:10:15.513-0100: 4106.365: [GC (Allocation Failure) 
Desired survivor size 524288 bytes, new threshold 1 (max 15)
[PSYoungGen: 2304K->256K(2560K)] 11070K->9054K(13824K), 0.0010101 secs] [Times: user=0.00 sys=0.00, real=0.00 secs] 
2015-04-14T21:10:15.514-0100: 4106.366: Total time for which application threads were stopped: 0.0012186 seconds, Stopping threads took: 0.0000226 seconds
2015-04-14T21:10:16.540-0100: 4107.393: [GC (Allocation Failure) 
Desired survivor size 524288 bytes, new threshold 1 (max 15)
[PSYoungGen: 2304K->288K(2560K)] 11102K->9110K(13824K), 0.0011179 secs] [Times: user=0.01 sys=0.00, real=0.00 secs] 
2015-04-14T21:10:16.542-0100: 4107.394: Total time for which application threads were stopped: 0.0013808 seconds, Stopping threads took: 0.0000372 seconds
2015-04-14T21:10:17.570-0100: 4108.422: [GC (Allocation Failure) 
Desired survivor size 524288 bytes, new threshold 1 (max 15)
[PSYoungGen: 2336K->256K(2560K)] 11158K->9102K(13824K), 0.0010760 secs] [Times: user=0.00 sys=0.00, real=0.00 secs] 
2015-04-14T21:10:17.571-0100: 4108.423: Total time for which application threads were stopped: 0.0012796 seconds, Stopping threads took: 0.0000220 seconds
2015-04-14T21:10:18.623-0100: 4109.475: [GC (Allocation Failure) 
Desired survivor size 524288 bytes, new threshold 1 (max 15)
[PSYoungGen: 2304K->256K(2560K)] 11150K->9118K(13824K), 0.0010284 secs] [Times: user=0.01 sys=0.00, real=0.00 secs] 
2015-04-14T21:10:18.624-0100: 4109.476: Total time for which application threads were stopped: 0.0012368 seconds, Stopping threads took: 0.0000223 seconds
2015-04-14T21:10:19.657-0100: 4110.510: [GC (Allocation Failure) 
Desired survivor size 524288 bytes, new threshold 1 (max 15)
[PSYoungGen: 2304K->192K(2560K)] 11166K->9078K(13824K), 0.0009240 secs] [Times: user=0.00 sys=0.00, real=0.00 secs] 
2015-04-14T21:10:19.658-0100: 4110.511: Total time for which application threads were stopped: 0.0011298 seconds, Stopping threads took: 0.0000630 seconds
2015-04-14T21:10:20.679-0100: 4111.532: [GC (Allocation Failure) 
Desired survivor size 524288 bytes, new threshold 1 (max 15)
[PSYoungGen: 2240K->288K(2560K)] 11126K->9206K(13824K), 0.0010544 secs] [Times: user=0.00 sys=0.00, real=0.01 secs] 
2015-04-14T21:10:20.680-0100: 4111.533: Total time for which application threads were stopped: 0.0012439 seconds, Stopping threads took: 0.0000209 seconds
2015-04-14T21:10:21.699-0100: 4112.552: [GC (Allocation Failure) 
Desired survivor size 524288 bytes, new threshold 1 (max 15)
[PSYoungGen: 2336K->256K(2560K)] 11254K->9198K(13824K), 0.0011017 secs] [Times: user=0.00 sys=0.00, real=0.01 secs] 
2015-04-14T21:10:21.700-0100: 4112.553: Total time for which application threads were stopped: 0.0012916 seconds, Stopping threads took: 0.0000226 seconds
2015-04-14T21:10:22.685-0100: 4113.537: [GC (Allocation Failure) 
Desired survivor size 524288 bytes, new threshold 1 (max 15)
[PSYoungGen: 2304K->256K(2560K)] 11246K->9230K(13824K), 0.0010224 secs] [Times: user=0.00 sys=0.00, real=0.00 secs] 
2015-04-14T21:10:22.686-0100: 4113.538: Total time for which application threads were stopped: 0.0011982 seconds, Stopping threads took: 0.0000202 seconds
2015-04-14T21:10:23.734-0100: 4114.587: [GC (Allocation Failure) 
Desired survivor size 524288 bytes, new threshold 1 (max 15)
[PSYoungGen: 2304K->224K(2560K)] 11278K->9222K(13824K), 0.0010700 secs] [Times: user=0.00 sys=0.00, real=0.00 secs] 
2015-04-14T21:10:23.736-0100: 4114.588: Total time for which application threads were stopped: 0.0014003 seconds, Stopping threads took: 0.0000491 seconds
2015-04-14T21:10:24.774-0100: 4115.627: [GC (Allocation Failure) 
Desired survivor size 524288 bytes, new threshold 1 (max 15)
[PSYoungGen: 2272K->288K(2560K)] 11270K->9310K(13824K), 0.0010161 secs] [Times: user=0.01 sys=0.00, real=0.00 secs] 
2015-04-14T21:10:24.775-0100: 4115.628: Total time for which application threads were stopped: 0.0012090 seconds, Stopping threads took: 0.0000219 seconds
2015-04-14T21:10:25.877-0100: 4116.730: [GC (Allocation Failure) 
Desired survivor size 524288 bytes, new threshold 1 (max 15)
[PSYoungGen: 2335K->288K(2560K)] 11357K->9350K(13824K), 0.0010295 secs] [Times: user=0.00 sys=0.00, real=0.00 secs] 
2015-04-14T21:10:25.878-0100: 4116.731: Total time for which application threads were stopped: 0.0012180 seconds, Stopping threads took: 0.0000198 seconds
2015-04-14T21:10:26.913-0100: 4117.765: [GC (Allocation Failure) 
Desired survivor size 524288 bytes, new threshold 1 (max 15)
[PSYoungGen: 2336K->256K(2560K)] 11398K->9358K(13824K), 0.0009967 secs] [Times: user=0.01 sys=0.00, real=0.00 secs] 
2015-04-14T21:10:26.914-0100: 4117.766: Total time for which application threads were stopped: 0.0012210 seconds, Stopping threads took: 0.0000265 seconds
2015-04-14T21:10:27.919-0100: 4118.772: [GC (Allocation Failure) 
Desired survivor size 524288 bytes, new threshold 1 (max 15)
[PSYoungGen: 2304K->256K(2560K)] 11406K->9398K(13824K), 0.0009825 secs] [Times: user=0.01 sys=0.00, real=0.01 secs] 
2015-04-14T21:10:27.920-0100: 4118.773: Total time for which application threads were stopped: 0.0011607 seconds, Stopping threads took: 0.0000234 seconds
2015-04-14T21:10:28.920-0100: 4119.773: [GC (Allocation Failure) 
Desired survivor size 524288 bytes, new threshold 1 (max 15)
[PSYoungGen: 2304K->256K(2560K)] 11446K->9438K(13824K), 0.0009886 secs] [Times: user=0.01 sys=0.00, real=0.00 secs] 
2015-04-14T21:10:28.921-0100: 4119.774: Total time for which application threads were stopped: 0.0011847 seconds, Stopping threads took: 0.0000206 seconds
2015-04-14T21:10:29.940-0100: 4120.793: [GC (Allocation Failure) 
Desired survivor size 524288 bytes, new threshold 1 (max 15)
[PSYoungGen: 2304K->256K(2560K)] 11486K->9478K(13824K), 0.0010202 secs] [Times: user=0.00 sys=0.00, real=0.00 secs] 
2015-04-14T21:10:29.941-0100: 4120.794: Total time for which application threads were stopped: 0.0012174 seconds, Stopping threads took: 0.0000222 seconds
2015-04-14T21:10:30.925-0100: 4121.778: [GC (Allocation Failure) 
Desired survivor size 524288 bytes, new threshold 1 (max 15)
[PSYoungGen: 2304K->256K(2560K)] 11526K->9510K(13824K), 0.0009788 secs] [Times: user=0.01 sys=0.00, real=0.00 secs] 
2015-04-14T21:10:30.926-0100: 4121.779: Total time for which application threads were stopped: 0.0011985 seconds, Stopping threads took: 0.0000275 seconds
2015-04-14T21:10:31.929-0100: 4122.782: [GC (Allocation Failure) 
Desired survivor size 524288 bytes, new threshold 1 (max 15)
[PSYoungGen: 2304K->224K(2560K)] 11558K->9510K(13824K), 0.0009309 secs] [Times: user=0.00 sys=0.00, real=0.01 secs] 
2015-04-14T21:10:31.930-0100: 4122.783: Total time for which application threads were stopped: 0.0010952 seconds, Stopping threads took: 0.0000199 seconds
2015-04-14T21:10:32.950-0100: 4123.803: [GC (Allocation Failure) 
Desired survivor size 524288 bytes, new threshold 1 (max 15)
[PSYoungGen: 2272K->256K(2560K)] 11558K->9566K(13824K), 0.0010447 secs] [Times: user=0.00 sys=0.00, real=0.00 secs] 
2015-04-14T21:10:32.951-0100: 4123.804: Total time for which application threads were stopped: 0.0012412 seconds, Stopping threads took: 0.0000233 seconds
2015-04-14T21:10:33.952-0100: 4124.805: [GC (Allocation Failure) 
Desired survivor size 524288 bytes, new threshold 1 (max 15)
[PSYoungGen: 2304K->256K(2560K)] 11614K->9590K(13824K), 0.0010556 secs] [Times: user=0.00 sys=0.00, real=0.00 secs] 
2015-04-14T21:10:33.953-0100: 4124.806: Total time for which application threads were stopped: 0.0012354 seconds, Stopping threads took: 0.0000233 seconds
2015-04-14T21:10:35.005-0100: 4125.858: [GC (Allocation Failure) 
Desired survivor size 524288 bytes, new threshold 1 (max 15)
[PSYoungGen: 2304K->256K(2560K)] 11638K->9614K(13824K), 0.0009693 secs] [Times: user=0.00 sys=0.00, real=0.00 secs] 
2015-04-14T21:10:35.006-0100: 4125.859: Total time for which application threads were stopped: 0.0011795 seconds, Stopping threads took: 0.0000291 seconds
2015-04-14T21:10:35.992-0100: 4126.845: [GC (Allocation Failure) 
Desired survivor size 524288 bytes, new threshold 1 (max 15)
[PSYoungGen: 2304K->256K(2560K)] 11662K->9638K(13824K), 0.0010589 secs] [Times: user=0.00 sys=0.00, real=0.00 secs] 
2015-04-14T21:10:35.993-0100: 4126.846: Total time for which application threads were stopped: 0.0012482 seconds, Stopping threads took: 0.0000222 seconds
2015-04-14T21:10:37.062-0100: 4127.915: [GC (Allocation Failure) 
Desired survivor size 524288 bytes, new threshold 1 (max 15)
[PSYoungGen: 2304K->288K(2560K)] 11686K->9694K(13824K), 0.0010966 secs] [Times: user=0.00 sys=0.00, real=0.00 secs] 
2015-04-14T21:10:37.063-0100: 4127.916: Total time for which application threads were stopped: 0.0012953 seconds, Stopping threads took: 0.0000219 seconds
2015-04-14T21:10:38.100-0100: 4128.953: [GC (Allocation Failure) 
Desired survivor size 524288 bytes, new threshold 1 (max 15)
[PSYoungGen: 2336K->256K(2560K)] 11742K->9686K(13824K), 0.0010432 secs] [Times: user=0.00 sys=0.00, real=0.00 secs] 
2015-04-14T21:10:38.101-0100: 4128.954: Total time for which application threads were stopped: 0.0012407 seconds, Stopping threads took: 0.0000218 seconds
2015-04-14T21:10:39.118-0100: 4129.971: [GC (Allocation Failure) 
Desired survivor size 524288 bytes, new threshold 1 (max 15)
[PSYoungGen: 2304K->288K(2560K)] 11734K->9742K(13824K), 0.0010473 secs] [Times: user=0.01 sys=0.00, real=0.00 secs] 
2015-04-14T21:10:39.119-0100: 4129.972: Total time for which application threads were stopped: 0.0012384 seconds, Stopping threads took: 0.0000227 seconds
2015-04-14T21:10:40.154-0100: 4131.006: [GC (Allocation Failure) 
Desired survivor size 524288 bytes, new threshold 1 (max 15)
[PSYoungGen: 2336K->256K(2560K)] 11790K->9742K(13824K), 0.0010508 secs] [Times: user=0.00 sys=0.00, real=0.00 secs] 
2015-04-14T21:10:40.155-0100: 4131.008: Total time for which application threads were stopped: 0.0012410 seconds, Stopping threads took: 0.0000235 seconds
2015-04-14T21:10:41.091-0100: 4131.944: [GC (Allocation Failure) 
Desired survivor size 524288 bytes, new threshold 1 (max 15)
[PSYoungGen: 2304K->288K(2560K)] 11790K->9806K(13824K), 0.0010512 secs] [Times: user=0.01 sys=0.00, real=0.00 secs] 
2015-04-14T21:10:41.092-0100: 4131.945: Total time for which application threads were stopped: 0.0012517 seconds, Stopping threads took: 0.0000223 seconds
2015-04-14T21:10:42.012-0100: 4132.865: [GC (Allocation Failure) 
Desired survivor size 524288 bytes, new threshold 1 (max 15)
[PSYoungGen: 2336K->288K(2560K)] 11854K->9838K(13824K), 0.0010605 secs] [Times: user=0.00 sys=0.00, real=0.00 secs] 
2015-04-14T21:10:42.014-0100: 4132.867: Total time for which application threads were stopped: 0.0012600 seconds, Stopping threads took: 0.0000225 seconds
2015-04-14T21:10:42.982-0100: 4133.835: [GC (Allocation Failure) 
Desired survivor size 524288 bytes, new threshold 1 (max 15)
[PSYoungGen: 2336K->288K(2560K)] 11886K->9878K(13824K), 0.0010275 secs] [Times: user=0.00 sys=0.00, real=0.00 secs] 
2015-04-14T21:10:42.983-0100: 4133.836: Total time for which application threads were stopped: 0.0012234 seconds, Stopping threads took: 0.0000239 seconds
2015-04-14T21:10:43.849-0100: 4134.702: [GC (Allocation Failure) 
Desired survivor size 524288 bytes, new threshold 1 (max 15)
[PSYoungGen: 2336K->256K(2560K)] 11926K->9870K(13824K), 0.0009004 secs] [Times: user=0.00 sys=0.00, real=0.01 secs] 
2015-04-14T21:10:43.850-0100: 4134.703: Total time for which application threads were stopped: 0.0011356 seconds, Stopping threads took: 0.0000228 seconds
2015-04-14T21:10:44.701-0100: 4135.554: [GC (Allocation Failure) 
Desired survivor size 524288 bytes, new threshold 1 (max 15)
[PSYoungGen: 2304K->288K(2560K)] 11918K->9942K(13824K), 0.0011631 secs] [Times: user=0.00 sys=0.00, real=0.00 secs] 
2015-04-14T21:10:44.703-0100: 4135.556: Total time for which application threads were stopped: 0.0013551 seconds, Stopping threads took: 0.0000224 seconds
2015-04-14T21:10:45.508-0100: 4136.361: [GC (Allocation Failure) 
Desired survivor size 524288 bytes, new threshold 1 (max 15)
[PSYoungGen: 2336K->256K(2560K)] 11990K->9934K(13824K), 0.0010616 secs] [Times: user=0.00 sys=0.00, real=0.00 secs] 
2015-04-14T21:10:45.509-0100: 4136.362: Total time for which application threads were stopped: 0.0012671 seconds, Stopping threads took: 0.0000231 seconds
2015-04-14T21:10:46.376-0100: 4137.229: [GC (Allocation Failure) 
Desired survivor size 524288 bytes, new threshold 1 (max 15)
[PSYoungGen: 2304K->288K(2560K)] 11982K->10006K(13824K), 0.0010567 secs] [Times: user=0.01 sys=0.01, real=0.00 secs] 
2015-04-14T21:10:46.378-0100: 4137.231: Total time for which application threads were stopped: 0.0012449 seconds, Stopping threads took: 0.0000190 seconds
2015-04-14T21:10:47.261-0100: 4138.114: [GC (Allocation Failure) 
Desired survivor size 524288 bytes, new threshold 1 (max 15)
[PSYoungGen: 2336K->288K(2560K)] 12054K->10030K(13824K), 0.0010260 secs] [Times: user=0.00 sys=0.00, real=0.00 secs] 
2015-04-14T21:10:47.262-0100: 4138.115: Total time for which application threads were stopped: 0.0012102 seconds, Stopping threads took: 0.0000229 seconds
2015-04-14T21:10:48.146-0100: 4138.999: [GC (Allocation Failure) 
Desired survivor size 524288 bytes, new threshold 1 (max 15)
[PSYoungGen: 2336K->288K(2560K)] 12078K->10062K(13824K), 0.0010757 secs] [Times: user=0.01 sys=0.01, real=0.00 secs] 
2015-04-14T21:10:48.147-0100: 4139.000: Total time for which application threads were stopped: 0.0012779 seconds, Stopping threads took: 0.0000218 seconds
2015-04-14T21:10:49.049-0100: 4139.902: [GC (Allocation Failure) 
Desired survivor size 524288 bytes, new threshold 1 (max 15)
[PSYoungGen: 2336K->288K(2560K)] 12110K->10094K(13824K), 0.0010518 secs] [Times: user=0.00 sys=0.00, real=0.01 secs] 
2015-04-14T21:10:49.050-0100: 4139.903: Total time for which application threads were stopped: 0.0012520 seconds, Stopping threads took: 0.0000274 seconds
2015-04-14T21:10:49.969-0100: 4140.822: [GC (Allocation Failure) 
Desired survivor size 524288 bytes, new threshold 1 (max 15)
[PSYoungGen: 2336K->256K(2560K)] 12142K->10102K(13824K), 0.0010098 secs] [Times: user=0.00 sys=0.01, real=0.01 secs] 
2015-04-14T21:10:49.970-0100: 4140.823: Total time for which application threads were stopped: 0.0012011 seconds, Stopping threads took: 0.0000225 seconds
2015-04-14T21:10:50.957-0100: 4141.810: [GC (Allocation Failure) 
Desired survivor size 524288 bytes, new threshold 1 (max 15)
[PSYoungGen: 2304K->256K(2560K)] 12150K->10126K(13824K), 0.0010599 secs] [Times: user=0.01 sys=0.00, real=0.00 secs] 
2015-04-14T21:10:50.958-0100: 4141.811: Total time for which application threads were stopped: 0.0012572 seconds, Stopping threads took: 0.0000234 seconds
2015-04-14T21:10:51.996-0100: 4142.850: [GC (Allocation Failure) 
Desired survivor size 524288 bytes, new threshold 1 (max 15)
[PSYoungGen: 2304K->256K(2560K)] 12174K->10150K(13824K), 0.0010661 secs] [Times: user=0.00 sys=0.00, real=0.00 secs] 
2015-04-14T21:10:51.998-0100: 4142.851: Total time for which application threads were stopped: 0.0012685 seconds, Stopping threads took: 0.0000255 seconds
2015-04-14T21:10:53.030-0100: 4143.883: [GC (Allocation Failure) 
Desired survivor size 524288 bytes, new threshold 1 (max 15)
[PSYoungGen: 2304K->288K(2560K)] 12198K->10214K(13824K), 0.0010678 secs] [Times: user=0.00 sys=0.00, real=0.00 secs] 
2015-04-14T21:10:53.031-0100: 4143.884: Total time for which application threads were stopped: 0.0012995 seconds, Stopping threads took: 0.0000218 seconds
2015-04-14T21:10:54.098-0100: 4144.951: [GC (Allocation Failure) 
Desired survivor size 524288 bytes, new threshold 1 (max 15)
[PSYoungGen: 2336K->256K(2560K)] 12262K->10206K(13824K), 0.0011121 secs] [Times: user=0.01 sys=0.00, real=0.00 secs] 
2015-04-14T21:10:54.099-0100: 4144.952: Total time for which application threads were stopped: 0.0013233 seconds, Stopping threads took: 0.0000252 seconds
2015-04-14T21:10:55.103-0100: 4145.956: [GC (Allocation Failure) 
Desired survivor size 524288 bytes, new threshold 1 (max 15)
[PSYoungGen: 2304K->256K(2560K)] 12254K->10238K(13824K), 0.0009874 secs] [Times: user=0.00 sys=0.00, real=0.00 secs] 
2015-04-14T21:10:55.104-0100: 4145.957: Total time for which application threads were stopped: 0.0011746 seconds, Stopping threads took: 0.0000225 seconds
2015-04-14T21:10:56.122-0100: 4146.975: [GC (Allocation Failure) 
Desired survivor size 524288 bytes, new threshold 1 (max 15)
[PSYoungGen: 2304K->256K(2560K)] 12286K->10278K(13824K), 0.0010504 secs] [Times: user=0.01 sys=0.01, real=0.00 secs] 
2015-04-14T21:10:56.123-0100: 4146.976: Total time for which application threads were stopped: 0.0012415 seconds, Stopping threads took: 0.0000236 seconds
2015-04-14T21:10:57.160-0100: 4148.013: [GC (Allocation Failure) 
Desired survivor size 524288 bytes, new threshold 1 (max 15)
[PSYoungGen: 2304K->288K(2560K)] 12326K->10342K(13824K), 0.0010493 secs] [Times: user=0.01 sys=0.00, real=0.00 secs] 
2015-04-14T21:10:57.161-0100: 4148.015: Total time for which application threads were stopped: 0.0012329 seconds, Stopping threads took: 0.0000191 seconds
2015-04-14T21:10:58.144-0100: 4148.997: [GC (Allocation Failure) 
Desired survivor size 524288 bytes, new threshold 1 (max 15)
[PSYoungGen: 2336K->256K(2560K)] 12390K->10334K(13824K), 0.0009672 secs] [Times: user=0.00 sys=0.00, real=0.00 secs] 
2015-04-14T21:10:58.145-0100: 4148.998: Total time for which application threads were stopped: 0.0011857 seconds, Stopping threads took: 0.0000264 seconds
2015-04-14T21:10:59.200-0100: 4150.053: [GC (Allocation Failure) 
Desired survivor size 524288 bytes, new threshold 1 (max 15)
[PSYoungGen: 2304K->224K(2560K)] 12382K->10334K(13824K), 0.0010448 secs] [Times: user=0.00 sys=0.00, real=0.00 secs] 
2015-04-14T21:10:59.201-0100: 4150.054: Total time for which application threads were stopped: 0.0012329 seconds, Stopping threads took: 0.0000204 seconds
2015-04-14T21:11:00.184-0100: 4151.037: [GC (Allocation Failure) 
Desired survivor size 524288 bytes, new threshold 1 (max 15)
[PSYoungGen: 2272K->256K(2560K)] 12382K->10398K(13824K), 0.0010425 secs] [Times: user=0.01 sys=0.00, real=0.00 secs] 
2015-04-14T21:11:00.185-0100: 4151.038: Total time for which application threads were stopped: 0.0012127 seconds, Stopping threads took: 0.0000145 seconds
2015-04-14T21:11:01.190-0100: 4152.043: [GC (Allocation Failure) 
Desired survivor size 524288 bytes, new threshold 1 (max 15)
[PSYoungGen: 2304K->288K(2560K)] 12446K->10470K(13824K), 0.0010728 secs] [Times: user=0.01 sys=0.00, real=0.00 secs] 
2015-04-14T21:11:01.191-0100: 4152.044: Total time for which application threads were stopped: 0.0012725 seconds, Stopping threads took: 0.0000211 seconds
2015-04-14T21:11:02.190-0100: 4153.043: [GC (Allocation Failure) 
Desired survivor size 524288 bytes, new threshold 1 (max 15)
[PSYoungGen: 2336K->256K(2560K)] 12518K->10470K(13824K), 0.0007409 secs] [Times: user=0.01 sys=0.00, real=0.00 secs] 
2015-04-14T21:11:02.191-0100: 4153.044: Total time for which application threads were stopped: 0.0008878 seconds, Stopping threads took: 0.0000155 seconds
2015-04-14T21:11:03.196-0100: 4154.049: [GC (Allocation Failure) 
Desired survivor size 524288 bytes, new threshold 1 (max 15)
[PSYoungGen: 2304K->256K(2560K)] 12518K->10494K(13824K), 0.0011467 secs] [Times: user=0.00 sys=0.00, real=0.00 secs] 
2015-04-14T21:11:03.197-0100: 4154.051: Total time for which application threads were stopped: 0.0013404 seconds, Stopping threads took: 0.0000222 seconds
2015-04-14T21:11:04.216-0100: 4155.070: [GC (Allocation Failure) 
Desired survivor size 524288 bytes, new threshold 1 (max 15)
[PSYoungGen: 2304K->256K(2560K)] 12542K->10526K(13824K), 0.0008098 secs] [Times: user=0.00 sys=0.00, real=0.00 secs] 
2015-04-14T21:11:04.217-0100: 4155.071: Total time for which application threads were stopped: 0.0009485 seconds, Stopping threads took: 0.0000156 seconds
2015-04-14T21:11:05.267-0100: 4156.120: [GC (Allocation Failure) 
Desired survivor size 524288 bytes, new threshold 1 (max 15)
[PSYoungGen: 2304K->256K(2560K)] 12574K->10558K(13824K), 0.0009266 secs] [Times: user=0.00 sys=0.00, real=0.00 secs] 
2015-04-14T21:11:05.268-0100: 4156.121: Total time for which application threads were stopped: 0.0011057 seconds, Stopping threads took: 0.0000191 seconds
2015-04-14T21:11:06.272-0100: 4157.125: [GC (Allocation Failure) 
Desired survivor size 524288 bytes, new threshold 1 (max 15)
[PSYoungGen: 2304K->256K(2560K)] 12606K->10590K(13824K), 0.0009991 secs] [Times: user=0.01 sys=0.00, real=0.00 secs] 
2015-04-14T21:11:06.273-0100: 4157.126: Total time for which application threads were stopped: 0.0011871 seconds, Stopping threads took: 0.0000235 seconds
2015-04-14T21:11:07.271-0100: 4158.124: [GC (Allocation Failure) 
Desired survivor size 524288 bytes, new threshold 1 (max 15)
[PSYoungGen: 2304K->288K(2560K)] 12638K->10654K(13824K), 0.0010032 secs] [Times: user=0.01 sys=0.01, real=0.00 secs] 
2015-04-14T21:11:07.272-0100: 4158.125: Total time for which application threads were stopped: 0.0011885 seconds, Stopping threads took: 0.0000239 seconds
2015-04-14T21:11:08.294-0100: 4159.147: [GC (Allocation Failure) 
Desired survivor size 524288 bytes, new threshold 1 (max 15)
[PSYoungGen: 2336K->256K(2560K)] 12702K->10654K(13824K), 0.0010702 secs] [Times: user=0.00 sys=0.00, real=0.00 secs] 
2015-04-14T21:11:08.295-0100: 4159.148: Total time for which application threads were stopped: 0.0012686 seconds, Stopping threads took: 0.0000227 seconds
2015-04-14T21:11:09.330-0100: 4160.183: [GC (Allocation Failure) 
Desired survivor size 524288 bytes, new threshold 1 (max 15)
[PSYoungGen: 2304K->256K(2560K)] 12702K->10686K(13824K), 0.0010034 secs] [Times: user=0.00 sys=0.00, real=0.00 secs] 
2015-04-14T21:11:09.331-0100: 4160.184: Total time for which application threads were stopped: 0.0011987 seconds, Stopping threads took: 0.0000228 seconds
2015-04-14T21:11:10.399-0100: 4161.252: [GC (Allocation Failure) 
Desired survivor size 524288 bytes, new threshold 1 (max 15)
[PSYoungGen: 2304K->288K(2560K)] 12734K->10750K(13824K), 0.0012290 secs] [Times: user=0.01 sys=0.00, real=0.01 secs] 
2015-04-14T21:11:10.400-0100: 4161.254: Total time for which application threads were stopped: 0.0014349 seconds, Stopping threads took: 0.0000258 seconds
2015-04-14T21:11:11.372-0100: 4162.225: [GC (Allocation Failure) 
Desired survivor size 524288 bytes, new threshold 1 (max 15)
[PSYoungGen: 2336K->288K(2560K)] 12798K->10782K(13824K), 0.0009527 secs] [Times: user=0.01 sys=0.00, real=0.00 secs] 
2015-04-14T21:11:11.373-0100: 4162.226: Total time for which application threads were stopped: 0.0011287 seconds, Stopping threads took: 0.0000208 seconds
2015-04-14T21:11:12.406-0100: 4163.259: [GC (Allocation Failure) 
Desired survivor size 524288 bytes, new threshold 1 (max 15)
[PSYoungGen: 2336K->192K(2560K)] 12830K->10710K(13824K), 0.0011273 secs] [Times: user=0.00 sys=0.00, real=0.00 secs] 
2015-04-14T21:11:12.407-0100: 4163.261: Total time for which application threads were stopped: 0.0013599 seconds, Stopping threads took: 0.0000251 seconds
2015-04-14T21:11:13.412-0100: 4164.265: [GC (Allocation Failure) 
Desired survivor size 524288 bytes, new threshold 1 (max 15)
[PSYoungGen: 2240K->256K(2560K)] 12758K->10806K(13824K), 0.0011069 secs] [Times: user=0.00 sys=0.00, real=0.00 secs] 
2015-04-14T21:11:13.413-0100: 4164.266: Total time for which application threads were stopped: 0.0012999 seconds, Stopping threads took: 0.0000201 seconds
2015-04-14T21:11:14.410-0100: 4165.264: [GC (Allocation Failure) 
Desired survivor size 524288 bytes, new threshold 1 (max 15)
[PSYoungGen: 2304K->256K(2560K)] 12854K->10830K(13824K), 0.0010454 secs] [Times: user=0.01 sys=0.00, real=0.00 secs] 
2015-04-14T21:11:14.411-0100: 4165.265: Total time for which application threads were stopped: 0.0012699 seconds, Stopping threads took: 0.0000261 seconds
2015-04-14T21:11:15.400-0100: 4166.253: [GC (Allocation Failure) 
Desired survivor size 524288 bytes, new threshold 1 (max 15)
[PSYoungGen: 2304K->256K(2560K)] 12878K->10854K(13824K), 0.0010521 secs] [Times: user=0.01 sys=0.00, real=0.00 secs] 
2015-04-14T21:11:15.401-0100: 4166.254: Total time for which application threads were stopped: 0.0012564 seconds, Stopping threads took: 0.0000227 seconds
2015-04-14T21:11:16.469-0100: 4167.322: [GC (Allocation Failure) 
Desired survivor size 524288 bytes, new threshold 1 (max 15)
[PSYoungGen: 2304K->256K(2560K)] 12902K->10878K(13824K), 0.0010172 secs] [Times: user=0.00 sys=0.00, real=0.01 secs] 
2015-04-14T21:11:16.470-0100: 4167.324: Total time for which application threads were stopped: 0.0012188 seconds, Stopping threads took: 0.0000204 seconds
2015-04-14T21:11:17.471-0100: 4168.324: [GC (Allocation Failure) 
Desired survivor size 524288 bytes, new threshold 1 (max 15)
[PSYoungGen: 2304K->224K(2560K)] 12926K->10870K(13824K), 0.0007999 secs] [Times: user=0.00 sys=0.00, real=0.00 secs] 
2015-04-14T21:11:17.472-0100: 4168.325: Total time for which application threads were stopped: 0.0009442 seconds, Stopping threads took: 0.0000174 seconds
2015-04-14T21:11:18.489-0100: 4169.343: [GC (Allocation Failure) 
Desired survivor size 524288 bytes, new threshold 1 (max 15)
[PSYoungGen: 2272K->288K(2560K)] 12918K->10958K(13824K), 0.0010495 secs] [Times: user=0.00 sys=0.00, real=0.01 secs] 
2015-04-14T21:11:18.490-0100: 4169.344: Total time for which application threads were stopped: 0.0012466 seconds, Stopping threads took: 0.0000251 seconds
2015-04-14T21:11:19.478-0100: 4170.332: [GC (Allocation Failure) 
Desired survivor size 524288 bytes, new threshold 1 (max 15)
[PSYoungGen: 2336K->256K(2560K)] 13006K->10958K(13824K), 0.0008055 secs] [Times: user=0.00 sys=0.00, real=0.00 secs] 
2015-04-14T21:11:19.479-0100: 4170.332: Total time for which application threads were stopped: 0.0009537 seconds, Stopping threads took: 0.0000182 seconds
2015-04-14T21:11:20.517-0100: 4171.371: [GC (Allocation Failure) 
Desired survivor size 524288 bytes, new threshold 1 (max 15)
[PSYoungGen: 2304K->256K(2560K)] 13006K->10998K(13824K), 0.0011068 secs] [Times: user=0.00 sys=0.00, real=0.00 secs] 
2015-04-14T21:11:20.518-0100: 4171.372: Total time for which application threads were stopped: 0.0012995 seconds, Stopping threads took: 0.0000221 seconds
2015-04-14T21:11:21.535-0100: 4172.388: [GC (Allocation Failure) 
Desired survivor size 524288 bytes, new threshold 1 (max 15)
[PSYoungGen: 2304K->288K(2560K)] 13046K->11062K(13824K), 0.0010964 secs] [Times: user=0.00 sys=0.00, real=0.00 secs] 
2015-04-14T21:11:21.536-0100: 4172.390: Total time for which application threads were stopped: 0.0012842 seconds, Stopping threads took: 0.0000229 seconds
2015-04-14T21:11:22.586-0100: 4173.440: [GC (Allocation Failure) 
Desired survivor size 524288 bytes, new threshold 1 (max 15)
[PSYoungGen: 2336K->256K(2560K)] 13110K->11062K(13824K), 0.0010218 secs] [Times: user=0.00 sys=0.00, real=0.00 secs] 
2015-04-14T21:11:22.588-0100: 4173.441: Total time for which application threads were stopped: 0.0012374 seconds, Stopping threads took: 0.0000246 seconds
2015-04-14T21:11:23.591-0100: 4174.445: [GC (Allocation Failure) 
Desired survivor size 524288 bytes, new threshold 1 (max 15)
[PSYoungGen: 2304K->256K(2560K)] 13110K->11086K(13824K), 0.0009762 secs] [Times: user=0.00 sys=0.00, real=0.00 secs] 
2015-04-14T21:11:23.592-0100: 4174.446: Total time for which application threads were stopped: 0.0011432 seconds, Stopping threads took: 0.0000189 seconds
2015-04-14T21:11:24.613-0100: 4175.467: [GC (Allocation Failure) 
Desired survivor size 524288 bytes, new threshold 1 (max 15)
[PSYoungGen: 2304K->256K(2560K)] 13134K->11110K(13824K), 0.0010360 secs] [Times: user=0.00 sys=0.00, real=0.00 secs] 
2015-04-14T21:11:24.614-0100: 4175.468: Total time for which application threads were stopped: 0.0012697 seconds, Stopping threads took: 0.0000227 seconds
2015-04-14T21:11:25.700-0100: 4176.554: [GC (Allocation Failure) 
Desired survivor size 524288 bytes, new threshold 1 (max 15)
[PSYoungGen: 2303K->256K(2560K)] 13158K->11134K(13824K), 0.0011535 secs] [Times: user=0.01 sys=0.00, real=0.00 secs] 
2015-04-14T21:11:25.701-0100: 4176.555: Total time for which application threads were stopped: 0.0013430 seconds, Stopping threads took: 0.0000193 seconds
2015-04-14T21:11:26.734-0100: 4177.588: [GC (Allocation Failure) 
Desired survivor size 524288 bytes, new threshold 1 (max 15)
[PSYoungGen: 2304K->224K(2560K)] 13182K->11126K(13824K), 0.0011930 secs] [Times: user=0.00 sys=0.00, real=0.00 secs] 
2015-04-14T21:11:26.735-0100: 4177.589: Total time for which application threads were stopped: 0.0014276 seconds, Stopping threads took: 0.0000437 seconds
2015-04-14T21:11:27.772-0100: 4178.625: [GC (Allocation Failure) 
Desired survivor size 524288 bytes, new threshold 1 (max 15)
[PSYoungGen: 2272K->288K(2560K)] 13174K->11206K(13824K), 0.0010435 secs] [Times: user=0.00 sys=0.00, real=0.00 secs] 
2015-04-14T21:11:27.773-0100: 4178.627: Total time for which application threads were stopped: 0.0012404 seconds, Stopping threads took: 0.0000231 seconds
2015-04-14T21:11:28.776-0100: 4179.630: [GC (Allocation Failure) 
Desired survivor size 524288 bytes, new threshold 1 (max 15)
[PSYoungGen: 2336K->160K(2560K)] 13254K->11094K(13824K), 0.0010534 secs] [Times: user=0.00 sys=0.00, real=0.00 secs] 
2015-04-14T21:11:28.777-0100: 4179.631: Total time for which application threads were stopped: 0.0012374 seconds, Stopping threads took: 0.0000223 seconds
2015-04-14T21:11:29.809-0100: 4180.662: [GC (Allocation Failure) 
Desired survivor size 524288 bytes, new threshold 1 (max 15)
[PSYoungGen: 2208K->288K(2560K)] 13142K->11238K(13824K), 0.0009121 secs] [Times: user=0.00 sys=0.00, real=0.00 secs] 
2015-04-14T21:11:29.810-0100: 4180.663: Total time for which application threads were stopped: 0.0011068 seconds, Stopping threads took: 0.0000240 seconds
2015-04-14T21:11:30.816-0100: 4181.670: [GC (Allocation Failure) 
Desired survivor size 524288 bytes, new threshold 1 (max 15)
[PSYoungGen: 2336K->256K(2560K)] 13286K->11238K(13824K), 0.0010219 secs] [Times: user=0.00 sys=0.00, real=0.00 secs] 
2015-04-14T21:11:30.817-0100: 4181.671: Total time for which application threads were stopped: 0.0012072 seconds, Stopping threads took: 0.0000214 seconds
2015-04-14T21:11:31.869-0100: 4182.722: [GC (Allocation Failure) 
Desired survivor size 524288 bytes, new threshold 1 (max 15)
[PSYoungGen: 2304K->256K(2560K)] 13286K->11278K(13824K), 0.0010664 secs] [Times: user=0.00 sys=0.00, real=0.01 secs] 
2015-04-14T21:11:31.870-0100: 4182.724: Total time for which application threads were stopped: 0.0012594 seconds, Stopping threads took: 0.0000219 seconds
2015-04-14T21:11:32.953-0100: 4183.807: [GC (Allocation Failure) 
Desired survivor size 524288 bytes, new threshold 1 (max 15)
[PSYoungGen: 2304K->256K(2560K)] 13326K->11294K(13824K), 0.0010753 secs] [Times: user=0.01 sys=0.01, real=0.00 secs] 
2015-04-14T21:11:32.954-0100: 4183.808: Total time for which application threads were stopped: 0.0013095 seconds, Stopping threads took: 0.0000257 seconds
2015-04-14T21:11:33.942-0100: 4184.796: [GC (Allocation Failure) 
Desired survivor size 524288 bytes, new threshold 1 (max 15)
[PSYoungGen: 2304K->256K(2560K)] 13342K->11326K(13824K), 0.0009989 secs] [Times: user=0.01 sys=0.00, real=0.00 secs] 
2015-04-14T21:11:33.943-0100: 4184.797: Total time for which application threads were stopped: 0.0011952 seconds, Stopping threads took: 0.0000231 seconds
2015-04-14T21:11:34.928-0100: 4185.782: [GC (Allocation Failure) 
Desired survivor size 524288 bytes, new threshold 1 (max 15)
[PSYoungGen: 2304K->256K(2560K)] 13374K->11350K(13824K), 0.0009022 secs] [Times: user=0.01 sys=0.00, real=0.00 secs] 
2015-04-14T21:11:34.929-0100: 4185.783: Total time for which application threads were stopped: 0.0011038 seconds, Stopping threads took: 0.0000211 seconds
2015-04-14T21:11:35.931-0100: 4186.785: [GC (Allocation Failure) 
Desired survivor size 524288 bytes, new threshold 1 (max 15)
[PSYoungGen: 2304K->288K(2560K)] 13398K->11414K(13824K), 0.0010638 secs] [Times: user=0.00 sys=0.00, real=0.00 secs] 
2015-04-14T21:11:35.932-0100: 4186.786: Total time for which application threads were stopped: 0.0012535 seconds, Stopping threads took: 0.0000219 seconds
2015-04-14T21:11:36.964-0100: 4187.818: [GC (Allocation Failure) 
Desired survivor size 524288 bytes, new threshold 1 (max 15)
[PSYoungGen: 2336K->288K(2560K)] 13462K->11438K(13824K), 0.0010770 secs] [Times: user=0.01 sys=0.00, real=0.00 secs] 
2015-04-14T21:11:36.965-0100: 4187.819: Total time for which application threads were stopped: 0.0013666 seconds, Stopping threads took: 0.0000515 seconds
2015-04-14T21:11:37.987-0100: 4188.840: [GC (Allocation Failure) 
Desired survivor size 524288 bytes, new threshold 1 (max 15)
[PSYoungGen: 2336K->288K(2560K)] 13486K->11462K(13824K), 0.0009848 secs] [Times: user=0.00 sys=0.00, real=0.00 secs] 
2015-04-14T21:11:37.988-0100: 4188.841: Total time for which application threads were stopped: 0.0011753 seconds, Stopping threads took: 0.0000215 seconds
2015-04-14T21:11:39.008-0100: 4189.862: [GC (Allocation Failure) 
Desired survivor size 524288 bytes, new threshold 1 (max 15)
[PSYoungGen: 2336K->288K(2560K)] 13510K->11494K(13824K), 0.0010032 secs] [Times: user=0.00 sys=0.00, real=0.00 secs] 
2015-04-14T21:11:39.009-0100: 4189.863: Total time for which application threads were stopped: 0.0012014 seconds, Stopping threads took: 0.0000226 seconds
2015-04-14T21:11:39.994-0100: 4190.848: [GC (Allocation Failure) 
Desired survivor size 524288 bytes, new threshold 1 (max 15)
[PSYoungGen: 2336K->256K(2560K)] 13542K->11494K(13824K), 0.0010765 secs] [Times: user=0.00 sys=0.00, real=0.00 secs] 
2015-04-14T21:11:39.995-0100: 4190.849: [Full GC (Ergonomics) [PSYoungGen: 256K->0K(2560K)] [ParOldGen: 11238K->8349K(11264K)] 11494K->8349K(13824K), [Metaspace: 17890K->17890K(1064960K)], 0.0186073 secs] [Times: user=0.06 sys=0.00, real=0.02 secs] 
2015-04-14T21:11:40.014-0100: 4190.868: Total time for which application threads were stopped: 0.0199910 seconds, Stopping threads took: 0.0000231 seconds
2015-04-14T21:11:40.999-0100: 4191.852: [GC (Allocation Failure) 
Desired survivor size 524288 bytes, new threshold 1 (max 15)
[PSYoungGen: 2048K->256K(2560K)] 10397K->8605K(13824K), 0.0011122 secs] [Times: user=0.00 sys=0.00, real=0.01 secs] 
2015-04-14T21:11:41.000-0100: 4191.854: Total time for which application threads were stopped: 0.0013018 seconds, Stopping threads took: 0.0000212 seconds
2015-04-14T21:11:41.917-0100: 4192.771: [GC (Allocation Failure) 
Desired survivor size 524288 bytes, new threshold 1 (max 15)
[PSYoungGen: 2304K->256K(2560K)] 10653K->8645K(13824K), 0.0011001 secs] [Times: user=0.00 sys=0.00, real=0.00 secs] 
2015-04-14T21:11:41.918-0100: 4192.772: Total time for which application threads were stopped: 0.0012877 seconds, Stopping threads took: 0.0000204 seconds
2015-04-14T21:11:42.836-0100: 4193.690: [GC (Allocation Failure) 
Desired survivor size 524288 bytes, new threshold 1 (max 15)
[PSYoungGen: 2304K->288K(2560K)] 10693K->8701K(13824K), 0.0010099 secs] [Times: user=0.00 sys=0.00, real=0.00 secs] 
2015-04-14T21:11:42.837-0100: 4193.691: Total time for which application threads were stopped: 0.0012142 seconds, Stopping threads took: 0.0000248 seconds
2015-04-14T21:11:43.670-0100: 4194.524: [GC (Allocation Failure) 
Desired survivor size 524288 bytes, new threshold 1 (max 15)
[PSYoungGen: 2336K->256K(2560K)] 10749K->8709K(13824K), 0.0010866 secs] [Times: user=0.00 sys=0.00, real=0.00 secs] 
2015-04-14T21:11:43.671-0100: 4194.525: Total time for which application threads were stopped: 0.0012844 seconds, Stopping threads took: 0.0000235 seconds
2015-04-14T21:11:44.526-0100: 4195.380: [GC (Allocation Failure) 
Desired survivor size 524288 bytes, new threshold 1 (max 15)
[PSYoungGen: 2304K->256K(2560K)] 10757K->8741K(13824K), 0.0009917 secs] [Times: user=0.00 sys=0.00, real=0.00 secs] 
2015-04-14T21:11:44.528-0100: 4195.382: Total time for which application threads were stopped: 0.0011879 seconds, Stopping threads took: 0.0000240 seconds
2015-04-14T21:11:45.379-0100: 4196.233: [GC (Allocation Failure) 
Desired survivor size 524288 bytes, new threshold 1 (max 15)
[PSYoungGen: 2304K->192K(2560K)] 10789K->8701K(13824K), 0.0012165 secs] [Times: user=0.00 sys=0.00, real=0.01 secs] 
2015-04-14T21:11:45.380-0100: 4196.234: Total time for which application threads were stopped: 0.0015626 seconds, Stopping threads took: 0.0001301 seconds
2015-04-14T21:11:46.213-0100: 4197.067: [GC (Allocation Failure) 
Desired survivor size 524288 bytes, new threshold 1 (max 15)
[PSYoungGen: 2240K->256K(2560K)] 10749K->8797K(13824K), 0.0010560 secs] [Times: user=0.00 sys=0.00, real=0.00 secs] 
2015-04-14T21:11:46.214-0100: 4197.068: Total time for which application threads were stopped: 0.0012481 seconds, Stopping threads took: 0.0000230 seconds
2015-04-14T21:11:47.047-0100: 4197.901: [GC (Allocation Failure) 
Desired survivor size 524288 bytes, new threshold 1 (max 15)
[PSYoungGen: 2304K->256K(2560K)] 10845K->8821K(13824K), 0.0009162 secs] [Times: user=0.00 sys=0.00, real=0.00 secs] 
2015-04-14T21:11:47.048-0100: 4197.902: Total time for which application threads were stopped: 0.0010842 seconds, Stopping threads took: 0.0000190 seconds
2015-04-14T21:11:47.950-0100: 4198.804: [GC (Allocation Failure) 
Desired survivor size 524288 bytes, new threshold 1 (max 15)
[PSYoungGen: 2304K->288K(2560K)] 10869K->8885K(13824K), 0.0010115 secs] [Times: user=0.01 sys=0.00, real=0.00 secs] 
2015-04-14T21:11:47.951-0100: 4198.805: Total time for which application threads were stopped: 0.0012011 seconds, Stopping threads took: 0.0000209 seconds
2015-04-14T21:11:48.868-0100: 4199.722: [GC (Allocation Failure) 
Desired survivor size 524288 bytes, new threshold 1 (max 15)
[PSYoungGen: 2336K->288K(2560K)] 10933K->8909K(13824K), 0.0009943 secs] [Times: user=0.01 sys=0.00, real=0.00 secs] 
2015-04-14T21:11:48.869-0100: 4199.723: Total time for which application threads were stopped: 0.0011768 seconds, Stopping threads took: 0.0000278 seconds
2015-04-14T21:11:49.806-0100: 4200.660: [GC (Allocation Failure) 
Desired survivor size 524288 bytes, new threshold 1 (max 15)
[PSYoungGen: 2336K->256K(2560K)] 10957K->8909K(13824K), 0.0010811 secs] [Times: user=0.00 sys=0.00, real=0.00 secs] 
2015-04-14T21:11:49.807-0100: 4200.662: Total time for which application threads were stopped: 0.0012767 seconds, Stopping threads took: 0.0000217 seconds
2015-04-14T21:11:50.778-0100: 4201.632: [GC (Allocation Failure) 
Desired survivor size 524288 bytes, new threshold 1 (max 15)
[PSYoungGen: 2304K->288K(2560K)] 10957K->8981K(13824K), 0.0011140 secs] [Times: user=0.00 sys=0.00, real=0.00 secs] 
2015-04-14T21:11:50.779-0100: 4201.633: Total time for which application threads were stopped: 0.0013147 seconds, Stopping threads took: 0.0000238 seconds
2015-04-14T21:11:51.764-0100: 4202.618: [GC (Allocation Failure) 
Desired survivor size 524288 bytes, new threshold 1 (max 15)
[PSYoungGen: 2336K->192K(2560K)] 11029K->8917K(13824K), 0.0008296 secs] [Times: user=0.00 sys=0.00, real=0.00 secs] 
2015-04-14T21:11:51.765-0100: 4202.619: Total time for which application threads were stopped: 0.0009830 seconds, Stopping threads took: 0.0000158 seconds
2015-04-14T21:11:52.832-0100: 4203.686: [GC (Allocation Failure) 
Desired survivor size 524288 bytes, new threshold 1 (max 15)
[PSYoungGen: 2240K->256K(2560K)] 10965K->9013K(13824K), 0.0011871 secs] [Times: user=0.00 sys=0.00, real=0.00 secs] 
2015-04-14T21:11:52.834-0100: 4203.688: Total time for which application threads were stopped: 0.0013974 seconds, Stopping threads took: 0.0000245 seconds
2015-04-14T21:11:53.855-0100: 4204.709: [GC (Allocation Failure) 
Desired survivor size 524288 bytes, new threshold 1 (max 15)
[PSYoungGen: 2304K->256K(2560K)] 11061K->9029K(13824K), 0.0010188 secs] [Times: user=0.00 sys=0.00, real=0.00 secs] 
2015-04-14T21:11:53.856-0100: 4204.711: Total time for which application threads were stopped: 0.0012502 seconds, Stopping threads took: 0.0000217 seconds
2015-04-14T21:11:54.908-0100: 4205.762: [GC (Allocation Failure) 
Desired survivor size 524288 bytes, new threshold 1 (max 15)
[PSYoungGen: 2304K->288K(2560K)] 11077K->9085K(13824K), 0.0010059 secs] [Times: user=0.00 sys=0.00, real=0.00 secs] 
2015-04-14T21:11:54.909-0100: 4205.763: Total time for which application threads were stopped: 0.0011948 seconds, Stopping threads took: 0.0000241 seconds
2015-04-14T21:11:55.911-0100: 4206.766: [GC (Allocation Failure) 
Desired survivor size 524288 bytes, new threshold 1 (max 15)
[PSYoungGen: 2336K->288K(2560K)] 11133K->9117K(13824K), 0.0011011 secs] [Times: user=0.00 sys=0.00, real=0.00 secs] 
2015-04-14T21:11:55.913-0100: 4206.767: Total time for which application threads were stopped: 0.0012946 seconds, Stopping threads took: 0.0000224 seconds
2015-04-14T21:11:56.912-0100: 4207.766: [GC (Allocation Failure) 
Desired survivor size 524288 bytes, new threshold 1 (max 15)
[PSYoungGen: 2336K->256K(2560K)] 11165K->9125K(13824K), 0.0010699 secs] [Times: user=0.01 sys=0.00, real=0.00 secs] 
2015-04-14T21:11:56.913-0100: 4207.767: Total time for which application threads were stopped: 0.0012978 seconds, Stopping threads took: 0.0000254 seconds
2015-04-14T21:11:57.931-0100: 4208.785: [GC (Allocation Failure) 
Desired survivor size 524288 bytes, new threshold 1 (max 15)
[PSYoungGen: 2304K->256K(2560K)] 11173K->9157K(13824K), 0.0010264 secs] [Times: user=0.00 sys=0.00, real=0.00 secs] 
2015-04-14T21:11:57.932-0100: 4208.786: Total time for which application threads were stopped: 0.0012172 seconds, Stopping threads took: 0.0000276 seconds
2015-04-14T21:11:58.955-0100: 4209.809: [GC (Allocation Failure) 
Desired survivor size 524288 bytes, new threshold 1 (max 15)
[PSYoungGen: 2304K->256K(2560K)] 11205K->9173K(13824K), 0.0010893 secs] [Times: user=0.00 sys=0.00, real=0.00 secs] 
2015-04-14T21:11:58.956-0100: 4209.810: Total time for which application threads were stopped: 0.0012784 seconds, Stopping threads took: 0.0000234 seconds
2015-04-14T21:11:59.981-0100: 4210.835: [GC (Allocation Failure) 
Desired survivor size 524288 bytes, new threshold 1 (max 15)
[PSYoungGen: 2304K->288K(2560K)] 11221K->9245K(13824K), 0.0011252 secs] [Times: user=0.00 sys=0.00, real=0.00 secs] 
2015-04-14T21:11:59.982-0100: 4210.837: Total time for which application threads were stopped: 0.0014243 seconds, Stopping threads took: 0.0000341 seconds
2015-04-14T21:12:00.961-0100: 4211.815: [GC (Allocation Failure) 
Desired survivor size 524288 bytes, new threshold 1 (max 15)
[PSYoungGen: 2336K->256K(2560K)] 11293K->9253K(13824K), 0.0010527 secs] [Times: user=0.00 sys=0.00, real=0.00 secs] 
2015-04-14T21:12:00.962-0100: 4211.816: Total time for which application threads were stopped: 0.0012623 seconds, Stopping threads took: 0.0000225 seconds
2015-04-14T21:12:01.976-0100: 4212.830: [GC (Allocation Failure) 
Desired survivor size 524288 bytes, new threshold 1 (max 15)
[PSYoungGen: 2304K->256K(2560K)] 11301K->9285K(13824K), 0.0010534 secs] [Times: user=0.00 sys=0.00, real=0.00 secs] 
2015-04-14T21:12:01.977-0100: 4212.831: Total time for which application threads were stopped: 0.0012494 seconds, Stopping threads took: 0.0000220 seconds
2015-04-14T21:12:02.964-0100: 4213.819: [GC (Allocation Failure) 
Desired survivor size 524288 bytes, new threshold 1 (max 15)
[PSYoungGen: 2304K->288K(2560K)] 11333K->9341K(13824K), 0.0009381 secs] [Times: user=0.00 sys=0.00, real=0.00 secs] 
2015-04-14T21:12:02.965-0100: 4213.820: Total time for which application threads were stopped: 0.0011474 seconds, Stopping threads took: 0.0000278 seconds
2015-04-14T21:12:03.969-0100: 4214.823: [GC (Allocation Failure) 
Desired survivor size 524288 bytes, new threshold 1 (max 15)
[PSYoungGen: 2336K->288K(2560K)] 11389K->9373K(13824K), 0.0010239 secs] [Times: user=0.00 sys=0.00, real=0.01 secs] 
2015-04-14T21:12:03.970-0100: 4214.824: Total time for which application threads were stopped: 0.0012369 seconds, Stopping threads took: 0.0000227 seconds
2015-04-14T21:12:05.054-0100: 4215.908: [GC (Allocation Failure) 
Desired survivor size 524288 bytes, new threshold 1 (max 15)
[PSYoungGen: 2336K->256K(2560K)] 11421K->9373K(13824K), 0.0010028 secs] [Times: user=0.00 sys=0.00, real=0.00 secs] 
2015-04-14T21:12:05.055-0100: 4215.909: Total time for which application threads were stopped: 0.0012139 seconds, Stopping threads took: 0.0000239 seconds
2015-04-14T21:12:06.024-0100: 4216.879: [GC (Allocation Failure) 
Desired survivor size 524288 bytes, new threshold 1 (max 15)
[PSYoungGen: 2304K->256K(2560K)] 11421K->9405K(13824K), 0.0009591 secs] [Times: user=0.00 sys=0.00, real=0.00 secs] 
2015-04-14T21:12:06.025-0100: 4216.880: Total time for which application threads were stopped: 0.0011291 seconds, Stopping threads took: 0.0000198 seconds
2015-04-14T21:12:07.080-0100: 4217.934: [GC (Allocation Failure) 
Desired survivor size 524288 bytes, new threshold 1 (max 15)
[PSYoungGen: 2304K->256K(2560K)] 11453K->9445K(13824K), 0.0009226 secs] [Times: user=0.00 sys=0.00, real=0.00 secs] 
2015-04-14T21:12:07.081-0100: 4217.935: Total time for which application threads were stopped: 0.0011111 seconds, Stopping threads took: 0.0000223 seconds
2015-04-14T21:12:08.096-0100: 4218.950: [GC (Allocation Failure) 
Desired survivor size 524288 bytes, new threshold 1 (max 15)
[PSYoungGen: 2304K->256K(2560K)] 11493K->9485K(13824K), 0.0010074 secs] [Times: user=0.00 sys=0.00, real=0.00 secs] 
2015-04-14T21:12:08.097-0100: 4218.951: Total time for which application threads were stopped: 0.0012100 seconds, Stopping threads took: 0.0000260 seconds
2015-04-14T21:12:09.152-0100: 4220.006: [GC (Allocation Failure) 
Desired survivor size 524288 bytes, new threshold 1 (max 15)
[PSYoungGen: 2304K->256K(2560K)] 11533K->9525K(13824K), 0.0010636 secs] [Times: user=0.01 sys=0.00, real=0.00 secs] 
2015-04-14T21:12:09.153-0100: 4220.007: Total time for which application threads were stopped: 0.0012560 seconds, Stopping threads took: 0.0000225 seconds
2015-04-14T21:12:10.173-0100: 4221.027: [GC (Allocation Failure) 
Desired survivor size 524288 bytes, new threshold 1 (max 15)
[PSYoungGen: 2304K->256K(2560K)] 11573K->9557K(13824K), 0.0011112 secs] [Times: user=0.01 sys=0.00, real=0.00 secs] 
2015-04-14T21:12:10.174-0100: 4221.028: Total time for which application threads were stopped: 0.0013304 seconds, Stopping threads took: 0.0000224 seconds
2015-04-14T21:12:11.189-0100: 4222.044: [GC (Allocation Failure) 
Desired survivor size 524288 bytes, new threshold 1 (max 15)
[PSYoungGen: 2304K->256K(2560K)] 11605K->9597K(13824K), 0.0010333 secs] [Times: user=0.00 sys=0.00, real=0.01 secs] 
2015-04-14T21:12:11.191-0100: 4222.045: Total time for which application threads were stopped: 0.0012235 seconds, Stopping threads took: 0.0000264 seconds
2015-04-14T21:12:12.196-0100: 4223.051: [GC (Allocation Failure) 
Desired survivor size 524288 bytes, new threshold 1 (max 15)
[PSYoungGen: 2304K->256K(2560K)] 11645K->9613K(13824K), 0.0010542 secs] [Times: user=0.01 sys=0.00, real=0.00 secs] 
2015-04-14T21:12:12.197-0100: 4223.052: Total time for which application threads were stopped: 0.0012382 seconds, Stopping threads took: 0.0000201 seconds
2015-04-14T21:12:13.199-0100: 4224.054: [GC (Allocation Failure) 
Desired survivor size 524288 bytes, new threshold 1 (max 15)
[PSYoungGen: 2304K->288K(2560K)] 11661K->9685K(13824K), 0.0011126 secs] [Times: user=0.00 sys=0.00, real=0.01 secs] 
2015-04-14T21:12:13.200-0100: 4224.055: Total time for which application threads were stopped: 0.0012999 seconds, Stopping threads took: 0.0000211 seconds
2015-04-14T21:12:14.201-0100: 4225.055: [GC (Allocation Failure) 
Desired survivor size 524288 bytes, new threshold 1 (max 15)
[PSYoungGen: 2336K->256K(2560K)] 11733K->9669K(13824K), 0.0010639 secs] [Times: user=0.00 sys=0.00, real=0.00 secs] 
2015-04-14T21:12:14.202-0100: 4225.056: Total time for which application threads were stopped: 0.0012766 seconds, Stopping threads took: 0.0000225 seconds
2015-04-14T21:12:15.218-0100: 4226.073: [GC (Allocation Failure) 
Desired survivor size 524288 bytes, new threshold 1 (max 15)
[PSYoungGen: 2304K->256K(2560K)] 11717K->9701K(13824K), 0.0010948 secs] [Times: user=0.00 sys=0.00, real=0.00 secs] 
2015-04-14T21:12:15.219-0100: 4226.074: Total time for which application threads were stopped: 0.0012783 seconds, Stopping threads took: 0.0000235 seconds
2015-04-14T21:12:16.225-0100: 4227.080: [GC (Allocation Failure) 
Desired survivor size 524288 bytes, new threshold 1 (max 15)
[PSYoungGen: 2304K->288K(2560K)] 11749K->9765K(13824K), 0.0011076 secs] [Times: user=0.01 sys=0.00, real=0.00 secs] 
2015-04-14T21:12:16.227-0100: 4227.081: Total time for which application threads were stopped: 0.0013098 seconds, Stopping threads took: 0.0000238 seconds
2015-04-14T21:12:17.277-0100: 4228.131: [GC (Allocation Failure) 
Desired survivor size 524288 bytes, new threshold 1 (max 15)
[PSYoungGen: 2336K->224K(2560K)] 11813K->9725K(13824K), 0.0010501 secs] [Times: user=0.00 sys=0.00, real=0.00 secs] 
2015-04-14T21:12:17.278-0100: 4228.132: Total time for which application threads were stopped: 0.0012457 seconds, Stopping threads took: 0.0000229 seconds
2015-04-14T21:12:18.298-0100: 4229.153: [GC (Allocation Failure) 
Desired survivor size 524288 bytes, new threshold 1 (max 15)
[PSYoungGen: 2272K->256K(2560K)] 11773K->9789K(13824K), 0.0010973 secs] [Times: user=0.01 sys=0.00, real=0.00 secs] 
2015-04-14T21:12:18.299-0100: 4229.154: Total time for which application threads were stopped: 0.0012841 seconds, Stopping threads took: 0.0000211 seconds
2015-04-14T21:12:19.316-0100: 4230.170: [GC (Allocation Failure) 
Desired survivor size 524288 bytes, new threshold 1 (max 15)
[PSYoungGen: 2304K->256K(2560K)] 11837K->9829K(13824K), 0.0009939 secs] [Times: user=0.00 sys=0.00, real=0.00 secs] 
2015-04-14T21:12:19.317-0100: 4230.171: Total time for which application threads were stopped: 0.0011941 seconds, Stopping threads took: 0.0000242 seconds
2015-04-14T21:12:20.287-0100: 4231.142: [GC (Allocation Failure) 
Desired survivor size 524288 bytes, new threshold 1 (max 15)
[PSYoungGen: 2304K->288K(2560K)] 11877K->9901K(13824K), 0.0010547 secs] [Times: user=0.00 sys=0.00, real=0.00 secs] 
2015-04-14T21:12:20.288-0100: 4231.143: Total time for which application threads were stopped: 0.0012244 seconds, Stopping threads took: 0.0000229 seconds
2015-04-14T21:12:21.308-0100: 4232.163: [GC (Allocation Failure) 
Desired survivor size 524288 bytes, new threshold 1 (max 15)
[PSYoungGen: 2336K->288K(2560K)] 11949K->9933K(13824K), 0.0011435 secs] [Times: user=0.00 sys=0.00, real=0.00 secs] 
2015-04-14T21:12:21.310-0100: 4232.164: Total time for which application threads were stopped: 0.0013446 seconds, Stopping threads took: 0.0000209 seconds
2015-04-14T21:12:22.393-0100: 4233.248: [GC (Allocation Failure) 
Desired survivor size 524288 bytes, new threshold 1 (max 15)
[PSYoungGen: 2336K->256K(2560K)] 11981K->9941K(13824K), 0.0010565 secs] [Times: user=0.00 sys=0.00, real=0.00 secs] 
2015-04-14T21:12:22.394-0100: 4233.249: Total time for which application threads were stopped: 0.0012535 seconds, Stopping threads took: 0.0000224 seconds
2015-04-14T21:12:23.412-0100: 4234.266: [GC (Allocation Failure) 
Desired survivor size 524288 bytes, new threshold 1 (max 15)
[PSYoungGen: 2304K->256K(2560K)] 11989K->9981K(13824K), 0.0010797 secs] [Times: user=0.00 sys=0.00, real=0.00 secs] 
2015-04-14T21:12:23.413-0100: 4234.267: Total time for which application threads were stopped: 0.0012903 seconds, Stopping threads took: 0.0000257 seconds
2015-04-14T21:12:24.418-0100: 4235.272: [GC (Allocation Failure) 
Desired survivor size 524288 bytes, new threshold 1 (max 15)
[PSYoungGen: 2304K->288K(2560K)] 12029K->10045K(13824K), 0.0010326 secs] [Times: user=0.01 sys=0.00, real=0.00 secs] 
2015-04-14T21:12:24.419-0100: 4235.274: Total time for which application threads were stopped: 0.0012106 seconds, Stopping threads took: 0.0000215 seconds
2015-04-14T21:12:25.438-0100: 4236.292: [GC (Allocation Failure) 
Desired survivor size 524288 bytes, new threshold 1 (max 15)
[PSYoungGen: 2336K->256K(2560K)] 12093K->10053K(13824K), 0.0010156 secs] [Times: user=0.01 sys=0.00, real=0.00 secs] 
2015-04-14T21:12:25.439-0100: 4236.293: Total time for which application threads were stopped: 0.0012138 seconds, Stopping threads took: 0.0000229 seconds
2015-04-14T21:12:26.505-0100: 4237.359: [GC (Allocation Failure) 
Desired survivor size 524288 bytes, new threshold 1 (max 15)
[PSYoungGen: 2304K->192K(2560K)] 12101K->10005K(13824K), 0.0008901 secs] [Times: user=0.00 sys=0.00, real=0.00 secs] 
2015-04-14T21:12:26.506-0100: 4237.360: Total time for which application threads were stopped: 0.0010705 seconds, Stopping threads took: 0.0000257 seconds
2015-04-14T21:12:27.593-0100: 4238.448: [GC (Allocation Failure) 
Desired survivor size 524288 bytes, new threshold 1 (max 15)
[PSYoungGen: 2240K->256K(2560K)] 12053K->10093K(13824K), 0.0010992 secs] [Times: user=0.00 sys=0.00, real=0.00 secs] 
2015-04-14T21:12:27.594-0100: 4238.449: Total time for which application threads were stopped: 0.0012953 seconds, Stopping threads took: 0.0000233 seconds
2015-04-14T21:12:28.647-0100: 4239.502: [GC (Allocation Failure) 
Desired survivor size 524288 bytes, new threshold 1 (max 15)
[PSYoungGen: 2304K->256K(2560K)] 12141K->10117K(13824K), 0.0010709 secs] [Times: user=0.00 sys=0.00, real=0.00 secs] 
2015-04-14T21:12:28.649-0100: 4239.503: Total time for which application threads were stopped: 0.0012545 seconds, Stopping threads took: 0.0000235 seconds
2015-04-14T21:12:29.681-0100: 4240.536: [GC (Allocation Failure) 
Desired survivor size 524288 bytes, new threshold 1 (max 15)
[PSYoungGen: 2304K->256K(2560K)] 12165K->10141K(13824K), 0.0010401 secs] [Times: user=0.01 sys=0.00, real=0.00 secs] 
2015-04-14T21:12:29.682-0100: 4240.537: Total time for which application threads were stopped: 0.0012570 seconds, Stopping threads took: 0.0000258 seconds
2015-04-14T21:12:30.704-0100: 4241.559: [GC (Allocation Failure) 
Desired survivor size 524288 bytes, new threshold 1 (max 15)
[PSYoungGen: 2304K->256K(2560K)] 12189K->10173K(13824K), 0.0009830 secs] [Times: user=0.01 sys=0.00, real=0.00 secs] 
2015-04-14T21:12:30.705-0100: 4241.560: Total time for which application threads were stopped: 0.0011828 seconds, Stopping threads took: 0.0000214 seconds
2015-04-14T21:12:31.724-0100: 4242.579: [GC (Allocation Failure) 
Desired survivor size 524288 bytes, new threshold 1 (max 15)
[PSYoungGen: 2304K->256K(2560K)] 12221K->10213K(13824K), 0.0010876 secs] [Times: user=0.00 sys=0.00, real=0.00 secs] 
2015-04-14T21:12:31.725-0100: 4242.580: Total time for which application threads were stopped: 0.0012838 seconds, Stopping threads took: 0.0000229 seconds
2015-04-14T21:12:32.790-0100: 4243.645: [GC (Allocation Failure) 
Desired survivor size 524288 bytes, new threshold 1 (max 15)
[PSYoungGen: 2304K->128K(2560K)] 12261K->10093K(13824K), 0.0010800 secs] [Times: user=0.00 sys=0.00, real=0.00 secs] 
2015-04-14T21:12:32.791-0100: 4243.646: Total time for which application threads were stopped: 0.0012763 seconds, Stopping threads took: 0.0000264 seconds
2015-04-14T21:12:33.880-0100: 4244.735: [GC (Allocation Failure) 
Desired survivor size 524288 bytes, new threshold 1 (max 15)
[PSYoungGen: 2176K->256K(2560K)] 12141K->10253K(13824K), 0.0010853 secs] [Times: user=0.01 sys=0.00, real=0.00 secs] 
2015-04-14T21:12:33.882-0100: 4244.736: Total time for which application threads were stopped: 0.0012704 seconds, Stopping threads took: 0.0000228 seconds
2015-04-14T21:12:34.900-0100: 4245.755: [GC (Allocation Failure) 
Desired survivor size 524288 bytes, new threshold 1 (max 15)
[PSYoungGen: 2304K->256K(2560K)] 12301K->10285K(13824K), 0.0011070 secs] [Times: user=0.01 sys=0.00, real=0.00 secs] 
2015-04-14T21:12:34.902-0100: 4245.756: Total time for which application threads were stopped: 0.0013065 seconds, Stopping threads took: 0.0000226 seconds
2015-04-14T21:12:35.884-0100: 4246.739: [GC (Allocation Failure) 
Desired survivor size 524288 bytes, new threshold 1 (max 15)
[PSYoungGen: 2304K->256K(2560K)] 12333K->10301K(13824K), 0.0010635 secs] [Times: user=0.00 sys=0.00, real=0.00 secs] 
2015-04-14T21:12:35.885-0100: 4246.740: Total time for which application threads were stopped: 0.0013109 seconds, Stopping threads took: 0.0000262 seconds
2015-04-14T21:12:36.940-0100: 4247.795: [GC (Allocation Failure) 
Desired survivor size 524288 bytes, new threshold 1 (max 15)
[PSYoungGen: 2304K->256K(2560K)] 12349K->10333K(13824K), 0.0009695 secs] [Times: user=0.00 sys=0.00, real=0.00 secs] 
2015-04-14T21:12:36.941-0100: 4247.796: Total time for which application threads were stopped: 0.0011450 seconds, Stopping threads took: 0.0000221 seconds
2015-04-14T21:12:37.959-0100: 4248.814: [GC (Allocation Failure) 
Desired survivor size 524288 bytes, new threshold 1 (max 15)
[PSYoungGen: 2304K->256K(2560K)] 12381K->10357K(13824K), 0.0008162 secs] [Times: user=0.00 sys=0.00, real=0.01 secs] 
2015-04-14T21:12:37.960-0100: 4248.815: Total time for which application threads were stopped: 0.0009790 seconds, Stopping threads took: 0.0000152 seconds
2015-04-14T21:12:39.011-0100: 4249.866: [GC (Allocation Failure) 
Desired survivor size 524288 bytes, new threshold 1 (max 15)
[PSYoungGen: 2304K->160K(2560K)] 12405K->10285K(13824K), 0.0009116 secs] [Times: user=0.00 sys=0.00, real=0.00 secs] 
2015-04-14T21:12:39.012-0100: 4249.867: Total time for which application threads were stopped: 0.0011074 seconds, Stopping threads took: 0.0000228 seconds
2015-04-14T21:12:40.000-0100: 4250.854: [GC (Allocation Failure) 
Desired survivor size 524288 bytes, new threshold 1 (max 15)
[PSYoungGen: 2208K->256K(2560K)] 12333K->10413K(13824K), 0.0011467 secs] [Times: user=0.00 sys=0.00, real=0.00 secs] 
2015-04-14T21:12:40.001-0100: 4250.856: Total time for which application threads were stopped: 0.0013423 seconds, Stopping threads took: 0.0000237 seconds
2015-04-14T21:12:40.949-0100: 4251.804: [GC (Allocation Failure) 
Desired survivor size 524288 bytes, new threshold 1 (max 15)
[PSYoungGen: 2304K->256K(2560K)] 12461K->10445K(13824K), 0.0011002 secs] [Times: user=0.01 sys=0.01, real=0.01 secs] 
2015-04-14T21:12:40.950-0100: 4251.805: Total time for which application threads were stopped: 0.0013043 seconds, Stopping threads took: 0.0000241 seconds
2015-04-14T21:12:41.888-0100: 4252.743: [GC (Allocation Failure) 
Desired survivor size 524288 bytes, new threshold 1 (max 15)
[PSYoungGen: 2304K->288K(2560K)] 12493K->10517K(13824K), 0.0010329 secs] [Times: user=0.00 sys=0.00, real=0.00 secs] 
2015-04-14T21:12:41.889-0100: 4252.744: Total time for which application threads were stopped: 0.0012191 seconds, Stopping threads took: 0.0000204 seconds
2015-04-14T21:12:42.776-0100: 4253.630: [GC (Allocation Failure) 
Desired survivor size 524288 bytes, new threshold 1 (max 15)
[PSYoungGen: 2336K->256K(2560K)] 12565K->10525K(13824K), 0.0010685 secs] [Times: user=0.00 sys=0.00, real=0.00 secs] 
2015-04-14T21:12:42.777-0100: 4253.632: Total time for which application threads were stopped: 0.0012495 seconds, Stopping threads took: 0.0000216 seconds
2015-04-14T21:12:43.660-0100: 4254.515: [GC (Allocation Failure) 
Desired survivor size 524288 bytes, new threshold 1 (max 15)
[PSYoungGen: 2304K->288K(2560K)] 12573K->10589K(13824K), 0.0010062 secs] [Times: user=0.00 sys=0.00, real=0.00 secs] 
2015-04-14T21:12:43.661-0100: 4254.516: Total time for which application threads were stopped: 0.0012037 seconds, Stopping threads took: 0.0000226 seconds
2015-04-14T21:12:44.495-0100: 4255.350: [GC (Allocation Failure) 
Desired survivor size 524288 bytes, new threshold 1 (max 15)
[PSYoungGen: 2336K->288K(2560K)] 12637K->10621K(13824K), 0.0010899 secs] [Times: user=0.01 sys=0.00, real=0.00 secs] 
2015-04-14T21:12:44.496-0100: 4255.351: Total time for which application threads were stopped: 0.0012880 seconds, Stopping threads took: 0.0000231 seconds
2015-04-14T21:12:45.331-0100: 4256.186: [GC (Allocation Failure) 
Desired survivor size 524288 bytes, new threshold 1 (max 15)
[PSYoungGen: 2336K->288K(2560K)] 12669K->10661K(13824K), 0.0010820 secs] [Times: user=0.00 sys=0.00, real=0.00 secs] 
2015-04-14T21:12:45.332-0100: 4256.187: Total time for which application threads were stopped: 0.0013054 seconds, Stopping threads took: 0.0000243 seconds
2015-04-14T21:12:46.186-0100: 4257.041: [GC (Allocation Failure) 
Desired survivor size 524288 bytes, new threshold 1 (max 15)
[PSYoungGen: 2336K->256K(2560K)] 12709K->10653K(13824K), 0.0010395 secs] [Times: user=0.01 sys=0.00, real=0.00 secs] 
2015-04-14T21:12:46.187-0100: 4257.042: Total time for which application threads were stopped: 0.0012317 seconds, Stopping threads took: 0.0000223 seconds
2015-04-14T21:12:47.088-0100: 4257.943: [GC (Allocation Failure) 
Desired survivor size 524288 bytes, new threshold 1 (max 15)
[PSYoungGen: 2304K->288K(2560K)] 12701K->10717K(13824K), 0.0009931 secs] [Times: user=0.00 sys=0.00, real=0.00 secs] 
2015-04-14T21:12:47.089-0100: 4257.944: Total time for which application threads were stopped: 0.0011778 seconds, Stopping threads took: 0.0000216 seconds
2015-04-14T21:12:47.989-0100: 4258.844: [GC (Allocation Failure) 
Desired survivor size 524288 bytes, new threshold 1 (max 15)
[PSYoungGen: 2336K->256K(2560K)] 12765K->10709K(13824K), 0.0010562 secs] [Times: user=0.01 sys=0.00, real=0.01 secs] 
2015-04-14T21:12:47.991-0100: 4258.846: Total time for which application threads were stopped: 0.0012516 seconds, Stopping threads took: 0.0000204 seconds
2015-04-14T21:12:48.976-0100: 4259.831: [GC (Allocation Failure) 
Desired survivor size 524288 bytes, new threshold 1 (max 15)
[PSYoungGen: 2304K->288K(2560K)] 12757K->10773K(13824K), 0.0011191 secs] [Times: user=0.01 sys=0.00, real=0.00 secs] 
2015-04-14T21:12:48.977-0100: 4259.832: Total time for which application threads were stopped: 0.0013122 seconds, Stopping threads took: 0.0000231 seconds
2015-04-14T21:12:49.897-0100: 4260.752: [GC (Allocation Failure) 
Desired survivor size 524288 bytes, new threshold 1 (max 15)
[PSYoungGen: 2336K->288K(2560K)] 12821K->10805K(13824K), 0.0010248 secs] [Times: user=0.00 sys=0.00, real=0.00 secs] 
2015-04-14T21:12:49.898-0100: 4260.753: Total time for which application threads were stopped: 0.0012147 seconds, Stopping threads took: 0.0000208 seconds
2015-04-14T21:12:50.933-0100: 4261.788: [GC (Allocation Failure) 
Desired survivor size 524288 bytes, new threshold 1 (max 15)
[PSYoungGen: 2336K->288K(2560K)] 12853K->10845K(13824K), 0.0011091 secs] [Times: user=0.01 sys=0.00, real=0.00 secs] 
2015-04-14T21:12:50.935-0100: 4261.790: Total time for which application threads were stopped: 0.0013022 seconds, Stopping threads took: 0.0000218 seconds
2015-04-14T21:12:51.951-0100: 4262.807: [GC (Allocation Failure) 
Desired survivor size 524288 bytes, new threshold 1 (max 15)
[PSYoungGen: 2336K->256K(2560K)] 12893K->10845K(13824K), 0.0010507 secs] [Times: user=0.00 sys=0.00, real=0.00 secs] 
2015-04-14T21:12:51.953-0100: 4262.808: Total time for which application threads were stopped: 0.0012622 seconds, Stopping threads took: 0.0000247 seconds
2015-04-14T21:12:52.924-0100: 4263.779: [GC (Allocation Failure) 
Desired survivor size 524288 bytes, new threshold 1 (max 15)
[PSYoungGen: 2304K->256K(2560K)] 12893K->10885K(13824K), 0.0010547 secs] [Times: user=0.00 sys=0.00, real=0.00 secs] 
2015-04-14T21:12:52.925-0100: 4263.780: Total time for which application threads were stopped: 0.0012475 seconds, Stopping threads took: 0.0000232 seconds
2015-04-14T21:12:53.974-0100: 4264.829: [GC (Allocation Failure) 
Desired survivor size 524288 bytes, new threshold 1 (max 15)
[PSYoungGen: 2304K->256K(2560K)] 12933K->10925K(13824K), 0.0010792 secs] [Times: user=0.00 sys=0.00, real=0.00 secs] 
2015-04-14T21:12:53.975-0100: 4264.831: Total time for which application threads were stopped: 0.0012955 seconds, Stopping threads took: 0.0000403 seconds
2015-04-14T21:12:55.014-0100: 4265.869: [GC (Allocation Failure) 
Desired survivor size 524288 bytes, new threshold 1 (max 15)
[PSYoungGen: 2304K->256K(2560K)] 12973K->10957K(13824K), 0.0011176 secs] [Times: user=0.00 sys=0.00, real=0.00 secs] 
2015-04-14T21:12:55.015-0100: 4265.870: Total time for which application threads were stopped: 0.0013041 seconds, Stopping threads took: 0.0000217 seconds
2015-04-14T21:12:56.083-0100: 4266.939: [GC (Allocation Failure) 
Desired survivor size 524288 bytes, new threshold 1 (max 15)
[PSYoungGen: 2304K->288K(2560K)] 13005K->11021K(13824K), 0.0010312 secs] [Times: user=0.00 sys=0.00, real=0.00 secs] 
2015-04-14T21:12:56.085-0100: 4266.940: Total time for which application threads were stopped: 0.0012226 seconds, Stopping threads took: 0.0000222 seconds
2015-04-14T21:12:57.084-0100: 4267.939: [GC (Allocation Failure) 
Desired survivor size 524288 bytes, new threshold 1 (max 15)
[PSYoungGen: 2336K->256K(2560K)] 13069K->11013K(13824K), 0.0009108 secs] [Times: user=0.00 sys=0.00, real=0.00 secs] 
2015-04-14T21:12:57.085-0100: 4267.940: Total time for which application threads were stopped: 0.0010943 seconds, Stopping threads took: 0.0000324 seconds
2015-04-14T21:12:58.072-0100: 4268.927: [GC (Allocation Failure) 
Desired survivor size 524288 bytes, new threshold 1 (max 15)
[PSYoungGen: 2304K->192K(2560K)] 13061K->10965K(13824K), 0.0009008 secs] [Times: user=0.01 sys=0.00, real=0.00 secs] 
2015-04-14T21:12:58.073-0100: 4268.928: Total time for which application threads were stopped: 0.0010963 seconds, Stopping threads took: 0.0000175 seconds
2015-04-14T21:12:59.093-0100: 4269.948: [GC (Allocation Failure) 
Desired survivor size 524288 bytes, new threshold 1 (max 15)
[PSYoungGen: 2240K->288K(2560K)] 13013K->11101K(13824K), 0.0010149 secs] [Times: user=0.00 sys=0.00, real=0.00 secs] 
2015-04-14T21:12:59.094-0100: 4269.949: Total time for which application threads were stopped: 0.0012050 seconds, Stopping threads took: 0.0000230 seconds
2015-04-14T21:13:00.096-0100: 4270.951: [GC (Allocation Failure) 
Desired survivor size 524288 bytes, new threshold 1 (max 15)
[PSYoungGen: 2336K->288K(2560K)] 13149K->11133K(13824K), 0.0009442 secs] [Times: user=0.00 sys=0.00, real=0.00 secs] 
2015-04-14T21:13:00.097-0100: 4270.952: Total time for which application threads were stopped: 0.0011112 seconds, Stopping threads took: 0.0000187 seconds
2015-04-14T21:13:01.133-0100: 4271.988: [GC (Allocation Failure) 
Desired survivor size 524288 bytes, new threshold 1 (max 15)
[PSYoungGen: 2336K->256K(2560K)] 13181K->11141K(13824K), 0.0011627 secs] [Times: user=0.00 sys=0.00, real=0.00 secs] 
2015-04-14T21:13:01.134-0100: 4271.989: Total time for which application threads were stopped: 0.0013573 seconds, Stopping threads took: 0.0000236 seconds
2015-04-14T21:13:02.136-0100: 4272.991: [GC (Allocation Failure) 
Desired survivor size 524288 bytes, new threshold 1 (max 15)
[PSYoungGen: 2304K->288K(2560K)] 13189K->11197K(13824K), 0.0010288 secs] [Times: user=0.01 sys=0.00, real=0.00 secs] 
2015-04-14T21:13:02.137-0100: 4272.992: Total time for which application threads were stopped: 0.0012190 seconds, Stopping threads took: 0.0000201 seconds
2015-04-14T21:13:03.156-0100: 4274.011: [GC (Allocation Failure) 
Desired survivor size 524288 bytes, new threshold 1 (max 15)
[PSYoungGen: 2336K->288K(2560K)] 13245K->11229K(13824K), 0.0010938 secs] [Times: user=0.00 sys=0.00, real=0.00 secs] 
2015-04-14T21:13:03.157-0100: 4274.012: Total time for which application threads were stopped: 0.0012872 seconds, Stopping threads took: 0.0000234 seconds
2015-04-14T21:13:04.173-0100: 4275.028: [GC (Allocation Failure) 
Desired survivor size 524288 bytes, new threshold 1 (max 15)
[PSYoungGen: 2336K->256K(2560K)] 13277K->11221K(13824K), 0.0010248 secs] [Times: user=0.01 sys=0.00, real=0.00 secs] 
2015-04-14T21:13:04.174-0100: 4275.030: Total time for which application threads were stopped: 0.0012238 seconds, Stopping threads took: 0.0000234 seconds
2015-04-14T21:13:05.228-0100: 4276.083: [GC (Allocation Failure) 
Desired survivor size 524288 bytes, new threshold 1 (max 15)
[PSYoungGen: 2304K->288K(2560K)] 13269K->11285K(13824K), 0.0010393 secs] [Times: user=0.01 sys=0.00, real=0.00 secs] 
2015-04-14T21:13:05.229-0100: 4276.084: Total time for which application threads were stopped: 0.0012326 seconds, Stopping threads took: 0.0000228 seconds
2015-04-14T21:13:06.249-0100: 4277.104: [GC (Allocation Failure) 
Desired survivor size 524288 bytes, new threshold 1 (max 15)
[PSYoungGen: 2336K->256K(2560K)] 13333K->11285K(13824K), 0.0010385 secs] [Times: user=0.00 sys=0.00, real=0.01 secs] 
2015-04-14T21:13:06.250-0100: 4277.105: Total time for which application threads were stopped: 0.0012508 seconds, Stopping threads took: 0.0000234 seconds
2015-04-14T21:13:07.298-0100: 4278.153: [GC (Allocation Failure) 
Desired survivor size 524288 bytes, new threshold 1 (max 15)
[PSYoungGen: 2304K->288K(2560K)] 13333K->11349K(13824K), 0.0010108 secs] [Times: user=0.00 sys=0.00, real=0.00 secs] 
2015-04-14T21:13:07.299-0100: 4278.155: Total time for which application threads were stopped: 0.0011909 seconds, Stopping threads took: 0.0000213 seconds
2015-04-14T21:13:08.288-0100: 4279.143: [GC (Allocation Failure) 
Desired survivor size 524288 bytes, new threshold 1 (max 15)
[PSYoungGen: 2336K->288K(2560K)] 13397K->11381K(13824K), 0.0009826 secs] [Times: user=0.00 sys=0.00, real=0.00 secs] 
2015-04-14T21:13:08.289-0100: 4279.144: Total time for which application threads were stopped: 0.0011645 seconds, Stopping threads took: 0.0000226 seconds
2015-04-14T21:13:09.324-0100: 4280.179: [GC (Allocation Failure) 
Desired survivor size 524288 bytes, new threshold 1 (max 15)
[PSYoungGen: 2336K->288K(2560K)] 13429K->11405K(13824K), 0.0010445 secs] [Times: user=0.00 sys=0.00, real=0.00 secs] 
2015-04-14T21:13:09.325-0100: 4280.180: Total time for which application threads were stopped: 0.0012618 seconds, Stopping threads took: 0.0000238 seconds
2015-04-14T21:13:10.345-0100: 4281.200: [GC (Allocation Failure) 
Desired survivor size 524288 bytes, new threshold 1 (max 15)
[PSYoungGen: 2336K->288K(2560K)] 13453K->11445K(13824K), 0.0010903 secs] [Times: user=0.01 sys=0.00, real=0.00 secs] 
2015-04-14T21:13:10.346-0100: 4281.202: Total time for which application threads were stopped: 0.0012875 seconds, Stopping threads took: 0.0000210 seconds
2015-04-14T21:13:11.361-0100: 4282.216: [GC (Allocation Failure) 
Desired survivor size 524288 bytes, new threshold 1 (max 15)
[PSYoungGen: 2336K->288K(2560K)] 13493K->11469K(13824K), 0.0009219 secs] [Times: user=0.00 sys=0.00, real=0.00 secs] 
2015-04-14T21:13:11.362-0100: 4282.217: Total time for which application threads were stopped: 0.0011339 seconds, Stopping threads took: 0.0000228 seconds
2015-04-14T21:13:12.368-0100: 4283.223: [GC (Allocation Failure) 
Desired survivor size 524288 bytes, new threshold 1 (max 15)
[PSYoungGen: 2336K->256K(2560K)] 13517K->11469K(13824K), 0.0010498 secs] [Times: user=0.00 sys=0.00, real=0.00 secs] 
2015-04-14T21:13:12.369-0100: 4283.224: Total time for which application threads were stopped: 0.0012158 seconds, Stopping threads took: 0.0000198 seconds
2015-04-14T21:13:13.455-0100: 4284.311: [GC (Allocation Failure) 
Desired survivor size 524288 bytes, new threshold 1 (max 15)
[PSYoungGen: 2304K->256K(2560K)] 13517K->11501K(13824K), 0.0010753 secs] [Times: user=0.00 sys=0.00, real=0.00 secs] 
2015-04-14T21:13:13.456-0100: 4284.312: [Full GC (Ergonomics) [PSYoungGen: 256K->0K(2560K)] [ParOldGen: 11245K->8350K(11264K)] 11501K->8350K(13824K), [Metaspace: 17890K->17890K(1064960K)], 0.0183772 secs] [Times: user=0.06 sys=0.00, real=0.02 secs] 
2015-04-14T21:13:13.475-0100: 4284.330: Total time for which application threads were stopped: 0.0197420 seconds, Stopping threads took: 0.0000217 seconds
2015-04-14T21:13:14.487-0100: 4285.342: [GC (Allocation Failure) 
Desired survivor size 524288 bytes, new threshold 1 (max 15)
[PSYoungGen: 2048K->288K(2560K)] 10398K->8638K(13824K), 0.0010596 secs] [Times: user=0.00 sys=0.00, real=0.00 secs] 
2015-04-14T21:13:14.488-0100: 4285.344: Total time for which application threads were stopped: 0.0012615 seconds, Stopping threads took: 0.0000274 seconds
2015-04-14T21:13:15.477-0100: 4286.333: [GC (Allocation Failure) 
Desired survivor size 524288 bytes, new threshold 1 (max 15)
[PSYoungGen: 2336K->160K(2560K)] 10686K->8526K(13824K), 0.0010195 secs] [Times: user=0.00 sys=0.00, real=0.00 secs] 
2015-04-14T21:13:15.478-0100: 4286.334: Total time for which application threads were stopped: 0.0012095 seconds, Stopping threads took: 0.0000213 seconds
2015-04-14T21:13:16.480-0100: 4287.335: [GC (Allocation Failure) 
Desired survivor size 524288 bytes, new threshold 1 (max 15)
[PSYoungGen: 2208K->224K(2560K)] 10574K->8614K(13824K), 0.0011107 secs] [Times: user=0.00 sys=0.00, real=0.00 secs] 
2015-04-14T21:13:16.481-0100: 4287.337: Total time for which application threads were stopped: 0.0013250 seconds, Stopping threads took: 0.0000242 seconds
2015-04-14T21:13:17.518-0100: 4288.373: [GC (Allocation Failure) 
Desired survivor size 524288 bytes, new threshold 1 (max 15)
[PSYoungGen: 2272K->288K(2560K)] 10662K->8702K(13824K), 0.0010830 secs] [Times: user=0.01 sys=0.01, real=0.00 secs] 
2015-04-14T21:13:17.519-0100: 4288.374: Total time for which application threads were stopped: 0.0012789 seconds, Stopping threads took: 0.0000216 seconds
2015-04-14T21:13:18.534-0100: 4289.390: [GC (Allocation Failure) 
Desired survivor size 524288 bytes, new threshold 1 (max 15)
[PSYoungGen: 2336K->224K(2560K)] 10750K->8670K(13824K), 0.0011175 secs] [Times: user=0.00 sys=0.01, real=0.00 secs] 
2015-04-14T21:13:18.536-0100: 4289.391: Total time for which application threads were stopped: 0.0013392 seconds, Stopping threads took: 0.0000242 seconds
2015-04-14T21:13:19.524-0100: 4290.380: [GC (Allocation Failure) 
Desired survivor size 524288 bytes, new threshold 1 (max 15)
[PSYoungGen: 2272K->288K(2560K)] 10718K->8758K(13824K), 0.0010104 secs] [Times: user=0.00 sys=0.00, real=0.00 secs] 
2015-04-14T21:13:19.525-0100: 4290.381: Total time for which application threads were stopped: 0.0012106 seconds, Stopping threads took: 0.0000220 seconds
2015-04-14T21:13:20.527-0100: 4291.383: [GC (Allocation Failure) 
Desired survivor size 524288 bytes, new threshold 1 (max 15)
[PSYoungGen: 2336K->256K(2560K)] 10806K->8758K(13824K), 0.0010134 secs] [Times: user=0.00 sys=0.00, real=0.00 secs] 
2015-04-14T21:13:20.528-0100: 4291.384: Total time for which application threads were stopped: 0.0012098 seconds, Stopping threads took: 0.0000231 seconds
2015-04-14T21:13:21.646-0100: 4292.501: [GC (Allocation Failure) 
Desired survivor size 524288 bytes, new threshold 1 (max 15)
[PSYoungGen: 2304K->288K(2560K)] 10806K->8830K(13824K), 0.0010897 secs] [Times: user=0.00 sys=0.00, real=0.00 secs] 
2015-04-14T21:13:21.647-0100: 4292.502: Total time for which application threads were stopped: 0.0013052 seconds, Stopping threads took: 0.0000233 seconds
2015-04-14T21:13:22.681-0100: 4293.537: [GC (Allocation Failure) 
Desired survivor size 524288 bytes, new threshold 1 (max 15)
[PSYoungGen: 2336K->288K(2560K)] 10878K->8862K(13824K), 0.0010683 secs] [Times: user=0.00 sys=0.00, real=0.00 secs] 
2015-04-14T21:13:22.682-0100: 4293.538: Total time for which application threads were stopped: 0.0012845 seconds, Stopping threads took: 0.0000268 seconds
2015-04-14T21:13:23.769-0100: 4294.625: [GC (Allocation Failure) 
Desired survivor size 524288 bytes, new threshold 1 (max 15)
[PSYoungGen: 2336K->288K(2560K)] 10910K->8902K(13824K), 0.0009964 secs] [Times: user=0.00 sys=0.00, real=0.01 secs] 
2015-04-14T21:13:23.770-0100: 4294.626: Total time for which application threads were stopped: 0.0011891 seconds, Stopping threads took: 0.0000220 seconds
2015-04-14T21:13:24.774-0100: 4295.629: [GC (Allocation Failure) 
Desired survivor size 524288 bytes, new threshold 1 (max 15)
[PSYoungGen: 2336K->256K(2560K)] 10950K->8910K(13824K), 0.0010187 secs] [Times: user=0.01 sys=0.00, real=0.00 secs] 
2015-04-14T21:13:24.775-0100: 4295.630: Total time for which application threads were stopped: 0.0012099 seconds, Stopping threads took: 0.0000229 seconds
2015-04-14T21:13:25.791-0100: 4296.646: [GC (Allocation Failure) 
Desired survivor size 524288 bytes, new threshold 1 (max 15)
[PSYoungGen: 2304K->224K(2560K)] 10958K->8910K(13824K), 0.0008935 secs] [Times: user=0.00 sys=0.00, real=0.00 secs] 
2015-04-14T21:13:25.792-0100: 4296.647: Total time for which application threads were stopped: 0.0010656 seconds, Stopping threads took: 0.0000235 seconds
2015-04-14T21:13:26.764-0100: 4297.619: [GC (Allocation Failure) 
Desired survivor size 524288 bytes, new threshold 1 (max 15)
[PSYoungGen: 2272K->288K(2560K)] 10958K->9006K(13824K), 0.0010199 secs] [Times: user=0.01 sys=0.00, real=0.00 secs] 
2015-04-14T21:13:26.765-0100: 4297.621: Total time for which application threads were stopped: 0.0011995 seconds, Stopping threads took: 0.0000209 seconds
2015-04-14T21:13:27.800-0100: 4298.655: [GC (Allocation Failure) 
Desired survivor size 524288 bytes, new threshold 1 (max 15)
[PSYoungGen: 2336K->288K(2560K)] 11054K->9038K(13824K), 0.0010920 secs] [Times: user=0.00 sys=0.00, real=0.00 secs] 
2015-04-14T21:13:27.801-0100: 4298.656: Total time for which application threads were stopped: 0.0012852 seconds, Stopping threads took: 0.0000219 seconds
2015-04-14T21:13:28.819-0100: 4299.675: [GC (Allocation Failure) 
Desired survivor size 524288 bytes, new threshold 1 (max 15)
[PSYoungGen: 2336K->256K(2560K)] 11086K->9038K(13824K), 0.0010212 secs] [Times: user=0.00 sys=0.00, real=0.01 secs] 
2015-04-14T21:13:28.820-0100: 4299.676: Total time for which application threads were stopped: 0.0012121 seconds, Stopping threads took: 0.0000207 seconds
2015-04-14T21:13:29.854-0100: 4300.709: [GC (Allocation Failure) 
Desired survivor size 524288 bytes, new threshold 1 (max 15)
[PSYoungGen: 2304K->256K(2560K)] 11086K->9070K(13824K), 0.0011363 secs] [Times: user=0.00 sys=0.00, real=0.00 secs] 
2015-04-14T21:13:29.855-0100: 4300.711: Total time for which application threads were stopped: 0.0013540 seconds, Stopping threads took: 0.0000238 seconds
2015-04-14T21:13:30.860-0100: 4301.715: [GC (Allocation Failure) 
Desired survivor size 524288 bytes, new threshold 1 (max 15)
[PSYoungGen: 2304K->256K(2560K)] 11118K->9102K(13824K), 0.0010415 secs] [Times: user=0.00 sys=0.00, real=0.00 secs] 
2015-04-14T21:13:30.861-0100: 4301.716: Total time for which application threads were stopped: 0.0012381 seconds, Stopping threads took: 0.0000228 seconds
2015-04-14T21:13:31.846-0100: 4302.702: [GC (Allocation Failure) 
Desired survivor size 524288 bytes, new threshold 1 (max 15)
[PSYoungGen: 2304K->288K(2560K)] 11150K->9158K(13824K), 0.0010186 secs] [Times: user=0.01 sys=0.00, real=0.00 secs] 
2015-04-14T21:13:31.847-0100: 4302.703: Total time for which application threads were stopped: 0.0012056 seconds, Stopping threads took: 0.0000232 seconds
2015-04-14T21:13:32.866-0100: 4303.722: [GC (Allocation Failure) 
Desired survivor size 524288 bytes, new threshold 1 (max 15)
[PSYoungGen: 2336K->288K(2560K)] 11206K->9190K(13824K), 0.0010875 secs] [Times: user=0.01 sys=0.00, real=0.00 secs] 
2015-04-14T21:13:32.867-0100: 4303.723: Total time for which application threads were stopped: 0.0012793 seconds, Stopping threads took: 0.0000217 seconds
2015-04-14T21:13:33.949-0100: 4304.805: [GC (Allocation Failure) 
Desired survivor size 524288 bytes, new threshold 1 (max 15)
[PSYoungGen: 2336K->288K(2560K)] 11238K->9206K(13824K), 0.0010153 secs] [Times: user=0.01 sys=0.00, real=0.01 secs] 
2015-04-14T21:13:33.950-0100: 4304.806: Total time for which application threads were stopped: 0.0012132 seconds, Stopping threads took: 0.0000273 seconds
2015-04-14T21:13:35.006-0100: 4305.862: [GC (Allocation Failure) 
Desired survivor size 524288 bytes, new threshold 1 (max 15)
[PSYoungGen: 2336K->256K(2560K)] 11254K->9190K(13824K), 0.0011450 secs] [Times: user=0.01 sys=0.00, real=0.00 secs] 
2015-04-14T21:13:35.007-0100: 4305.863: Total time for which application threads were stopped: 0.0013643 seconds, Stopping threads took: 0.0000246 seconds
2015-04-14T21:13:36.009-0100: 4306.865: [GC (Allocation Failure) 
Desired survivor size 524288 bytes, new threshold 1 (max 15)
[PSYoungGen: 2304K->288K(2560K)] 11238K->9246K(13824K), 0.0010587 secs] [Times: user=0.00 sys=0.00, real=0.01 secs] 
2015-04-14T21:13:36.010-0100: 4306.866: Total time for which application threads were stopped: 0.0012617 seconds, Stopping threads took: 0.0000220 seconds
2015-04-14T21:13:37.010-0100: 4307.865: [GC (Allocation Failure) 
Desired survivor size 524288 bytes, new threshold 1 (max 15)
[PSYoungGen: 2336K->288K(2560K)] 11294K->9278K(13824K), 0.0010010 secs] [Times: user=0.01 sys=0.00, real=0.00 secs] 
2015-04-14T21:13:37.011-0100: 4307.866: Total time for which application threads were stopped: 0.0012325 seconds, Stopping threads took: 0.0000318 seconds
2015-04-14T21:13:37.998-0100: 4308.853: [GC (Allocation Failure) 
Desired survivor size 524288 bytes, new threshold 1 (max 15)
[PSYoungGen: 2336K->256K(2560K)] 11326K->9286K(13824K), 0.0011709 secs] [Times: user=0.01 sys=0.00, real=0.00 secs] 
2015-04-14T21:13:37.999-0100: 4308.855: Total time for which application threads were stopped: 0.0013642 seconds, Stopping threads took: 0.0000219 seconds
2015-04-14T21:13:39.052-0100: 4309.908: [GC (Allocation Failure) 
Desired survivor size 524288 bytes, new threshold 1 (max 15)
[PSYoungGen: 2304K->288K(2560K)] 11334K->9350K(13824K), 0.0010325 secs] [Times: user=0.01 sys=0.00, real=0.00 secs] 
2015-04-14T21:13:39.053-0100: 4309.909: Total time for which application threads were stopped: 0.0012191 seconds, Stopping threads took: 0.0000212 seconds
2015-04-14T21:13:40.054-0100: 4310.909: [GC (Allocation Failure) 
Desired survivor size 524288 bytes, new threshold 1 (max 15)
[PSYoungGen: 2336K->256K(2560K)] 11398K->9342K(13824K), 0.0010751 secs] [Times: user=0.01 sys=0.00, real=0.00 secs] 
2015-04-14T21:13:40.055-0100: 4310.911: Total time for which application threads were stopped: 0.0012767 seconds, Stopping threads took: 0.0000227 seconds
2015-04-14T21:13:40.975-0100: 4311.831: [GC (Allocation Failure) 
Desired survivor size 524288 bytes, new threshold 1 (max 15)
[PSYoungGen: 2304K->288K(2560K)] 11390K->9414K(13824K), 0.0010690 secs] [Times: user=0.01 sys=0.00, real=0.00 secs] 
2015-04-14T21:13:40.976-0100: 4311.832: Total time for which application threads were stopped: 0.0012765 seconds, Stopping threads took: 0.0000229 seconds
2015-04-14T21:13:41.908-0100: 4312.764: [GC (Allocation Failure) 
Desired survivor size 524288 bytes, new threshold 1 (max 15)
[PSYoungGen: 2336K->288K(2560K)] 11462K->9454K(13824K), 0.0009765 secs] [Times: user=0.00 sys=0.01, real=0.00 secs] 
2015-04-14T21:13:41.909-0100: 4312.765: Total time for which application threads were stopped: 0.0011610 seconds, Stopping threads took: 0.0000239 seconds
2015-04-14T21:13:42.796-0100: 4313.652: [GC (Allocation Failure) 
Desired survivor size 524288 bytes, new threshold 1 (max 15)
[PSYoungGen: 2336K->256K(2560K)] 11502K->9454K(13824K), 0.0010607 secs] [Times: user=0.00 sys=0.00, real=0.00 secs] 
2015-04-14T21:13:42.798-0100: 4313.653: Total time for which application threads were stopped: 0.0012466 seconds, Stopping threads took: 0.0000197 seconds
2015-04-14T21:13:43.665-0100: 4314.521: [GC (Allocation Failure) 
Desired survivor size 524288 bytes, new threshold 1 (max 15)
[PSYoungGen: 2304K->288K(2560K)] 11502K->9518K(13824K), 0.0010622 secs] [Times: user=0.01 sys=0.00, real=0.00 secs] 
2015-04-14T21:13:43.666-0100: 4314.522: Total time for which application threads were stopped: 0.0012628 seconds, Stopping threads took: 0.0000239 seconds
2015-04-14T21:13:44.520-0100: 4315.376: [GC (Allocation Failure) 
Desired survivor size 524288 bytes, new threshold 1 (max 15)
[PSYoungGen: 2336K->256K(2560K)] 11566K->9518K(13824K), 0.0011105 secs] [Times: user=0.00 sys=0.00, real=0.00 secs] 
2015-04-14T21:13:44.521-0100: 4315.377: Total time for which application threads were stopped: 0.0013213 seconds, Stopping threads took: 0.0000239 seconds
2015-04-14T21:13:45.388-0100: 4316.244: [GC (Allocation Failure) 
Desired survivor size 524288 bytes, new threshold 1 (max 15)
[PSYoungGen: 2304K->288K(2560K)] 11566K->9590K(13824K), 0.0011205 secs] [Times: user=0.00 sys=0.00, real=0.00 secs] 
2015-04-14T21:13:45.389-0100: 4316.245: Total time for which application threads were stopped: 0.0013230 seconds, Stopping threads took: 0.0000245 seconds
2015-04-14T21:13:46.291-0100: 4317.147: [GC (Allocation Failure) 
Desired survivor size 524288 bytes, new threshold 1 (max 15)
[PSYoungGen: 2336K->256K(2560K)] 11638K->9590K(13824K), 0.0010685 secs] [Times: user=0.01 sys=0.00, real=0.00 secs] 
2015-04-14T21:13:46.292-0100: 4317.148: Total time for which application threads were stopped: 0.0012851 seconds, Stopping threads took: 0.0000225 seconds
2015-04-14T21:13:47.141-0100: 4317.997: [GC (Allocation Failure) 
Desired survivor size 524288 bytes, new threshold 1 (max 15)
[PSYoungGen: 2304K->256K(2560K)] 11638K->9606K(13824K), 0.0010482 secs] [Times: user=0.00 sys=0.01, real=0.00 secs] 
2015-04-14T21:13:47.142-0100: 4317.998: Total time for which application threads were stopped: 0.0012463 seconds, Stopping threads took: 0.0000230 seconds
2015-04-14T21:13:48.028-0100: 4318.884: [GC (Allocation Failure) 
Desired survivor size 524288 bytes, new threshold 1 (max 15)
[PSYoungGen: 2304K->288K(2560K)] 11654K->9662K(13824K), 0.0010595 secs] [Times: user=0.00 sys=0.00, real=0.00 secs] 
2015-04-14T21:13:48.029-0100: 4318.885: Total time for which application threads were stopped: 0.0012562 seconds, Stopping threads took: 0.0000227 seconds
2015-04-14T21:13:48.933-0100: 4319.789: [GC (Allocation Failure) 
Desired survivor size 524288 bytes, new threshold 1 (max 15)
[PSYoungGen: 2336K->224K(2560K)] 11710K->9630K(13824K), 0.0009922 secs] [Times: user=0.00 sys=0.00, real=0.00 secs] 
2015-04-14T21:13:48.935-0100: 4319.791: Total time for which application threads were stopped: 0.0012167 seconds, Stopping threads took: 0.0000219 seconds
2015-04-14T21:13:49.918-0100: 4320.774: [GC (Allocation Failure) 
Desired survivor size 524288 bytes, new threshold 1 (max 15)
[PSYoungGen: 2272K->256K(2560K)] 11678K->9694K(13824K), 0.0010370 secs] [Times: user=0.00 sys=0.00, real=0.00 secs] 
2015-04-14T21:13:49.919-0100: 4320.775: Total time for which application threads were stopped: 0.0012228 seconds, Stopping threads took: 0.0000220 seconds
2015-04-14T21:13:50.886-0100: 4321.742: [GC (Allocation Failure) 
Desired survivor size 524288 bytes, new threshold 1 (max 15)
[PSYoungGen: 2304K->256K(2560K)] 11742K->9734K(13824K), 0.0010556 secs] [Times: user=0.00 sys=0.00, real=0.00 secs] 
2015-04-14T21:13:50.887-0100: 4321.743: Total time for which application threads were stopped: 0.0012368 seconds, Stopping threads took: 0.0000212 seconds
2015-04-14T21:13:51.956-0100: 4322.812: [GC (Allocation Failure) 
Desired survivor size 524288 bytes, new threshold 1 (max 15)
[PSYoungGen: 2304K->288K(2560K)] 11782K->9806K(13824K), 0.0010889 secs] [Times: user=0.00 sys=0.00, real=0.00 secs] 
2015-04-14T21:13:51.957-0100: 4322.814: Total time for which application threads were stopped: 0.0012965 seconds, Stopping threads took: 0.0000243 seconds
2015-04-14T21:13:52.945-0100: 4323.801: [GC (Allocation Failure) 
Desired survivor size 524288 bytes, new threshold 1 (max 15)
[PSYoungGen: 2336K->256K(2560K)] 11854K->9806K(13824K), 0.0010590 secs] [Times: user=0.01 sys=0.00, real=0.00 secs] 
2015-04-14T21:13:52.946-0100: 4323.802: Total time for which application threads were stopped: 0.0012459 seconds, Stopping threads took: 0.0000240 seconds
2015-04-14T21:13:53.999-0100: 4324.855: [GC (Allocation Failure) 
Desired survivor size 524288 bytes, new threshold 1 (max 15)
[PSYoungGen: 2304K->256K(2560K)] 11854K->9838K(13824K), 0.0010325 secs] [Times: user=0.00 sys=0.00, real=0.01 secs] 
2015-04-14T21:13:54.000-0100: 4324.856: Total time for which application threads were stopped: 0.0012200 seconds, Stopping threads took: 0.0000200 seconds
2015-04-14T21:13:55.016-0100: 4325.872: [GC (Allocation Failure) 
Desired survivor size 524288 bytes, new threshold 1 (max 15)
[PSYoungGen: 2304K->256K(2560K)] 11886K->9870K(13824K), 0.0010482 secs] [Times: user=0.00 sys=0.00, real=0.00 secs] 
2015-04-14T21:13:55.017-0100: 4325.873: Total time for which application threads were stopped: 0.0012352 seconds, Stopping threads took: 0.0000222 seconds
2015-04-14T21:13:56.053-0100: 4326.909: [GC (Allocation Failure) 
Desired survivor size 524288 bytes, new threshold 1 (max 15)
[PSYoungGen: 2304K->256K(2560K)] 11918K->9910K(13824K), 0.0009975 secs] [Times: user=0.00 sys=0.00, real=0.00 secs] 
2015-04-14T21:13:56.054-0100: 4326.910: Total time for which application threads were stopped: 0.0013086 seconds, Stopping threads took: 0.0001255 seconds
2015-04-14T21:13:57.091-0100: 4327.947: [GC (Allocation Failure) 
Desired survivor size 524288 bytes, new threshold 1 (max 15)
[PSYoungGen: 2304K->256K(2560K)] 11958K->9950K(13824K), 0.0011763 secs] [Times: user=0.01 sys=0.00, real=0.00 secs] 
2015-04-14T21:13:57.092-0100: 4327.948: Total time for which application threads were stopped: 0.0013560 seconds, Stopping threads took: 0.0000228 seconds
2015-04-14T21:13:58.112-0100: 4328.968: [GC (Allocation Failure) 
Desired survivor size 524288 bytes, new threshold 1 (max 15)
[PSYoungGen: 2304K->288K(2560K)] 11998K->10022K(13824K), 0.0010887 secs] [Times: user=0.01 sys=0.00, real=0.00 secs] 
2015-04-14T21:13:58.113-0100: 4328.969: Total time for which application threads were stopped: 0.0012877 seconds, Stopping threads took: 0.0000210 seconds
2015-04-14T21:13:59.129-0100: 4329.985: [GC (Allocation Failure) 
Desired survivor size 524288 bytes, new threshold 1 (max 15)
[PSYoungGen: 2336K->256K(2560K)] 12070K->10022K(13824K), 0.0010573 secs] [Times: user=0.00 sys=0.00, real=0.01 secs] 
2015-04-14T21:13:59.130-0100: 4329.986: Total time for which application threads were stopped: 0.0012637 seconds, Stopping threads took: 0.0000260 seconds
2015-04-14T21:14:00.097-0100: 4330.953: [GC (Allocation Failure) 
Desired survivor size 524288 bytes, new threshold 1 (max 15)
[PSYoungGen: 2304K->256K(2560K)] 12070K->10054K(13824K), 0.0009667 secs] [Times: user=0.00 sys=0.00, real=0.00 secs] 
2015-04-14T21:14:00.098-0100: 4330.954: Total time for which application threads were stopped: 0.0011701 seconds, Stopping threads took: 0.0000265 seconds
2015-04-14T21:14:01.137-0100: 4331.993: [GC (Allocation Failure) 
Desired survivor size 524288 bytes, new threshold 1 (max 15)
[PSYoungGen: 2304K->256K(2560K)] 12102K->10094K(13824K), 0.0011319 secs] [Times: user=0.00 sys=0.00, real=0.00 secs] 
2015-04-14T21:14:01.138-0100: 4331.994: Total time for which application threads were stopped: 0.0013228 seconds, Stopping threads took: 0.0000215 seconds
2015-04-14T21:14:02.191-0100: 4333.047: [GC (Allocation Failure) 
Desired survivor size 524288 bytes, new threshold 1 (max 15)
[PSYoungGen: 2304K->256K(2560K)] 12142K->10134K(13824K), 0.0011332 secs] [Times: user=0.00 sys=0.00, real=0.00 secs] 
2015-04-14T21:14:02.192-0100: 4333.049: Total time for which application threads were stopped: 0.0013295 seconds, Stopping threads took: 0.0000220 seconds
2015-04-14T21:14:03.206-0100: 4334.063: [GC (Allocation Failure) 
Desired survivor size 524288 bytes, new threshold 1 (max 15)
[PSYoungGen: 2304K->256K(2560K)] 12182K->10174K(13824K), 0.0010147 secs] [Times: user=0.01 sys=0.00, real=0.00 secs] 
2015-04-14T21:14:03.208-0100: 4334.064: Total time for which application threads were stopped: 0.0012275 seconds, Stopping threads took: 0.0000265 seconds
2015-04-14T21:14:04.231-0100: 4335.087: [GC (Allocation Failure) 
Desired survivor size 524288 bytes, new threshold 1 (max 15)
[PSYoungGen: 2304K->288K(2560K)] 12222K->10230K(13824K), 0.0010955 secs] [Times: user=0.00 sys=0.00, real=0.00 secs] 
2015-04-14T21:14:04.232-0100: 4335.089: Total time for which application threads were stopped: 0.0012983 seconds, Stopping threads took: 0.0000254 seconds
2015-04-14T21:51:47.669-0100: 4339.925: [GC (Allocation Failure) 
Desired survivor size 524288 bytes, new threshold 1 (max 15)
[PSYoungGen: 2336K->256K(2560K)] 12278K->10222K(13824K), 0.0008876 secs] [Times: user=0.00 sys=0.00, real=0.01 secs] 
2015-04-14T21:51:47.670-0100: 4339.926: Total time for which application threads were stopped: 0.0010524 seconds, Stopping threads took: 0.0000205 seconds
2015-04-14T21:51:50.214-0100: 4342.469: [GC (Allocation Failure) 
Desired survivor size 524288 bytes, new threshold 1 (max 15)
[PSYoungGen: 2304K->192K(2560K)] 12270K->10166K(13824K), 0.0009967 secs] [Times: user=0.00 sys=0.00, real=0.00 secs] 
2015-04-14T21:51:50.215-0100: 4342.470: Total time for which application threads were stopped: 0.0012203 seconds, Stopping threads took: 0.0000159 seconds
2015-04-14T21:51:51.215-0100: 4343.471: Total time for which application threads were stopped: 0.0001924 seconds, Stopping threads took: 0.0000213 seconds
2015-04-14T21:51:51.637-0100: 4343.893: [GC (Allocation Failure) 
Desired survivor size 524288 bytes, new threshold 1 (max 15)
[PSYoungGen: 2240K->224K(2560K)] 12214K->10238K(13824K), 0.0020026 secs] [Times: user=0.01 sys=0.00, real=0.00 secs] 
2015-04-14T21:51:51.639-0100: 4343.895: Total time for which application threads were stopped: 0.0021693 seconds, Stopping threads took: 0.0000155 seconds
2015-04-14T21:51:52.642-0100: 4344.898: Total time for which application threads were stopped: 0.0000908 seconds, Stopping threads took: 0.0000191 seconds
2015-04-14T21:51:53.065-0100: 4345.321: [GC (Allocation Failure) 
Desired survivor size 524288 bytes, new threshold 1 (max 15)
[PSYoungGen: 2272K->192K(2560K)] 12286K->10238K(13824K), 0.0008522 secs] [Times: user=0.00 sys=0.00, real=0.00 secs] 
2015-04-14T21:51:53.066-0100: 4345.322: Total time for which application threads were stopped: 0.0010405 seconds, Stopping threads took: 0.0000201 seconds
2015-04-14T21:51:54.066-0100: 4346.322: Total time for which application threads were stopped: 0.0000832 seconds, Stopping threads took: 0.0000180 seconds
2015-04-14T21:51:54.141-0100: 4346.397: [GC (Allocation Failure) 
Desired survivor size 524288 bytes, new threshold 1 (max 15)
[PSYoungGen: 2240K->224K(2560K)] 12286K->10294K(13824K), 0.0008180 secs] [Times: user=0.00 sys=0.00, real=0.00 secs] 
2015-04-14T21:51:54.142-0100: 4346.398: Total time for which application threads were stopped: 0.0009635 seconds, Stopping threads took: 0.0000154 seconds
2015-04-14T21:51:55.095-0100: 4347.351: [GC (Allocation Failure) 
Desired survivor size 524288 bytes, new threshold 1 (max 15)
[PSYoungGen: 2272K->288K(2560K)] 12342K->10390K(13824K), 0.0010695 secs] [Times: user=0.00 sys=0.00, real=0.00 secs] 
2015-04-14T21:51:55.096-0100: 4347.352: Total time for which application threads were stopped: 0.0012832 seconds, Stopping threads took: 0.0000213 seconds
2015-04-14T21:51:56.064-0100: 4348.320: [GC (Allocation Failure) 
Desired survivor size 524288 bytes, new threshold 1 (max 15)
[PSYoungGen: 2336K->256K(2560K)] 12438K->10390K(13824K), 0.0010125 secs] [Times: user=0.00 sys=0.00, real=0.00 secs] 
2015-04-14T21:51:56.065-0100: 4348.321: Total time for which application threads were stopped: 0.0012211 seconds, Stopping threads took: 0.0000216 seconds
2015-04-14T21:51:57.048-0100: 4349.304: [GC (Allocation Failure) 
Desired survivor size 524288 bytes, new threshold 1 (max 15)
[PSYoungGen: 2304K->224K(2560K)] 12438K->10374K(13824K), 0.0007410 secs] [Times: user=0.00 sys=0.00, real=0.00 secs] 
2015-04-14T21:51:57.049-0100: 4349.305: Total time for which application threads were stopped: 0.0008845 seconds, Stopping threads took: 0.0000167 seconds
2015-04-14T21:51:57.987-0100: 4350.243: [GC (Allocation Failure) 
Desired survivor size 524288 bytes, new threshold 1 (max 15)
[PSYoungGen: 2272K->224K(2560K)] 12422K->10414K(13824K), 0.0010134 secs] [Times: user=0.00 sys=0.00, real=0.00 secs] 
2015-04-14T21:51:57.988-0100: 4350.244: Total time for which application threads were stopped: 0.0012269 seconds, Stopping threads took: 0.0000214 seconds
2015-04-14T21:51:58.907-0100: 4351.163: [GC (Allocation Failure) 
Desired survivor size 524288 bytes, new threshold 1 (max 15)
[PSYoungGen: 2272K->256K(2560K)] 12462K->10478K(13824K), 0.0009864 secs] [Times: user=0.01 sys=0.00, real=0.00 secs] 
2015-04-14T21:51:58.908-0100: 4351.164: Total time for which application threads were stopped: 0.0011703 seconds, Stopping threads took: 0.0000216 seconds
2015-04-14T21:51:59.842-0100: 4352.098: [GC (Allocation Failure) 
Desired survivor size 524288 bytes, new threshold 1 (max 15)
[PSYoungGen: 2304K->288K(2560K)] 12526K->10534K(13824K), 0.0010040 secs] [Times: user=0.00 sys=0.00, real=0.00 secs] 
2015-04-14T21:51:59.843-0100: 4352.099: Total time for which application threads were stopped: 0.0011940 seconds, Stopping threads took: 0.0000201 seconds
2015-04-14T21:52:00.813-0100: 4353.069: [GC (Allocation Failure) 
Desired survivor size 524288 bytes, new threshold 1 (max 15)
[PSYoungGen: 2336K->256K(2560K)] 12582K->10534K(13824K), 0.0020869 secs] [Times: user=0.00 sys=0.00, real=0.00 secs] 
2015-04-14T21:52:00.815-0100: 4353.071: Total time for which application threads were stopped: 0.0022869 seconds, Stopping threads took: 0.0000255 seconds
2015-04-14T21:52:01.749-0100: 4354.005: [GC (Allocation Failure) 
Desired survivor size 524288 bytes, new threshold 1 (max 15)
[PSYoungGen: 2304K->256K(2560K)] 12582K->10566K(13824K), 0.0009538 secs] [Times: user=0.00 sys=0.00, real=0.01 secs] 
2015-04-14T21:52:01.750-0100: 4354.006: Total time for which application threads were stopped: 0.0011286 seconds, Stopping threads took: 0.0000205 seconds
2015-04-14T21:52:02.684-0100: 4354.940: [GC (Allocation Failure) 
Desired survivor size 524288 bytes, new threshold 1 (max 15)
[PSYoungGen: 2304K->288K(2560K)] 12614K->10630K(13824K), 0.0007981 secs] [Times: user=0.00 sys=0.00, real=0.00 secs] 
2015-04-14T21:52:02.685-0100: 4354.941: Total time for which application threads were stopped: 0.0009552 seconds, Stopping threads took: 0.0000178 seconds
2015-04-14T21:52:03.602-0100: 4355.858: [GC (Allocation Failure) 
Desired survivor size 524288 bytes, new threshold 1 (max 15)
[PSYoungGen: 2336K->256K(2560K)] 12678K->10630K(13824K), 0.0008050 secs] [Times: user=0.00 sys=0.00, real=0.00 secs] 
2015-04-14T21:52:03.603-0100: 4355.859: Total time for which application threads were stopped: 0.0009906 seconds, Stopping threads took: 0.0000296 seconds
2015-04-14T21:52:04.540-0100: 4356.796: [GC (Allocation Failure) 
Desired survivor size 524288 bytes, new threshold 1 (max 15)
[PSYoungGen: 2304K->224K(2560K)] 12678K->10622K(13824K), 0.0010057 secs] [Times: user=0.01 sys=0.00, real=0.00 secs] 
2015-04-14T21:52:04.541-0100: 4356.797: Total time for which application threads were stopped: 0.0012280 seconds, Stopping threads took: 0.0000210 seconds
2015-04-14T21:52:05.460-0100: 4357.716: [GC (Allocation Failure) 
Desired survivor size 524288 bytes, new threshold 1 (max 15)
[PSYoungGen: 2272K->288K(2560K)] 12670K->10718K(13824K), 0.0007870 secs] [Times: user=0.00 sys=0.00, real=0.00 secs] 
2015-04-14T21:52:05.461-0100: 4357.717: Total time for which application threads were stopped: 0.0009403 seconds, Stopping threads took: 0.0000173 seconds
Heap
 PSYoungGen      total 2560K, used 1295K [0x0000000112d00000, 0x0000000113080000, 0x0000000113200000)
  eden space 2048K, 49% used [0x0000000112d00000,0x0000000112dfbd18,0x0000000112f00000)
  from space 512K, 56% used [0x0000000113000000,0x0000000113048000,0x0000000113080000)
  to   space 512K, 0% used [0x0000000112f80000,0x0000000112f80000,0x0000000113000000)
 ParOldGen       total 11264K, used 10430K [0x0000000112200000, 0x0000000112d00000, 0x0000000112d00000)
  object space 11264K, 92% used [0x0000000112200000,0x0000000112c2f9b0,0x0000000112d00000)
 Metaspace       used 17931K, capacity 18844K, committed 19200K, reserved 1067008K
  class space    used 2231K, capacity 2428K, committed 2560K, reserved 1048576K
